Rebuild started...
Restoring NuGet packages...
To prevent NuGet from restoring packages during build, open the Visual Studio Options dialog, click on the NuGet Package Manager node and uncheck 'Allow NuGet to download missing packages during build.'
Running restore with 12 concurrent jobs.
Reading project file C:\Users\hansnguyen\source\repos\GridWithMenuApp1_VS2022\GridWithMenuApp1_VS2022.csproj.
Restoring packages for C:\Users\hansnguyen\source\repos\GridWithMenuApp1_VS2022\GridWithMenuApp1_VS2022.csproj...
Restoring packages for .NETCoreApp,Version=v3.0...
  GET https://api.nuget.org/v3-flatcontainer/c1.xaml.wpf.flexgridfilter/index.json
  GET https://api.nuget.org/v3-flatcontainer/c1.xaml.wpf.flexgrid.grouppanel/index.json
  GET https://api.nuget.org/v3-flatcontainer/c1.xaml.wpf/index.json
  GET https://api.nuget.org/v3-flatcontainer/c1.xaml.wpf.datetimeeditors/index.json
  GET https://api.nuget.org/v3-flatcontainer/c1.xaml.wpf.flexgrid/index.json
  GET https://api.nuget.org/v3-flatcontainer/c1.xaml.wpf.toolbar/index.json
  OK https://api.nuget.org/v3-flatcontainer/c1.xaml.wpf.flexgridfilter/index.json 875ms
  OK https://api.nuget.org/v3-flatcontainer/c1.xaml.wpf.flexgrid.grouppanel/index.json 941ms
  OK https://api.nuget.org/v3-flatcontainer/c1.xaml.wpf/index.json 1179ms
  OK https://api.nuget.org/v3-flatcontainer/c1.xaml.wpf.datetimeeditors/index.json 1751ms
  OK https://api.nuget.org/v3-flatcontainer/c1.xaml.wpf.flexgrid/index.json 1962ms
  OK https://api.nuget.org/v3-flatcontainer/c1.xaml.wpf.toolbar/index.json 2386ms
Resolving conflicts for .NETCoreApp,Version=v3.0...
Checking compatibility of packages on .NETCoreApp,Version=v3.0.
Checking compatibility for GridWithMenuApp1_VS2022 1.0.0 with .NETCoreApp,Version=v3.0.
Checking compatibility for C1.Xaml.WPF.DateTimeEditors 4.5.20213.749 with .NETCoreApp,Version=v3.0.
Checking compatibility for C1.Xaml.WPF 4.5.20213.749 with .NETCoreApp,Version=v3.0.
Checking compatibility for C1.Xaml.WPF.FlexGrid.GroupPanel 4.5.20213.749 with .NETCoreApp,Version=v3.0.
Checking compatibility for C1.Xaml.WPF.FlexGrid 4.5.20213.749 with .NETCoreApp,Version=v3.0.
Checking compatibility for C1.Xaml.WPF.Toolbar 4.5.20213.749 with .NETCoreApp,Version=v3.0.
Checking compatibility for C1.Xaml.WPF.FlexGridFilter 4.5.20213.749 with .NETCoreApp,Version=v3.0.
All packages and projects are compatible with .NETCoreApp,Version=v3.0.
Committing restore...
Writing cache file to disk. Path: C:\Users\hansnguyen\source\repos\GridWithMenuApp1_VS2022\obj\project.nuget.cache
Assets file has not changed. Skipping assets file writing. Path: C:\Users\hansnguyen\source\repos\GridWithMenuApp1_VS2022\obj\project.assets.json
Persisting dg to C:\Users\hansnguyen\source\repos\GridWithMenuApp1_VS2022\obj\GridWithMenuApp1_VS2022.csproj.nuget.dgspec.json
Restored C:\Users\hansnguyen\source\repos\GridWithMenuApp1_VS2022\GridWithMenuApp1_VS2022.csproj (in 2.89 sec).

NuGet Config files used:
    C:\Users\hansnguyen\AppData\Roaming\NuGet\NuGet.Config
    C:\Program Files (x86)\NuGet\Config\ComponentOne.config
    C:\Program Files (x86)\NuGet\Config\Microsoft.VisualStudio.FallbackLocation.config
    C:\Program Files (x86)\NuGet\Config\Microsoft.VisualStudio.Offline.config
    C:\Program Files (x86)\NuGet\Config\Xamarin.Offline.config

Feeds used:
    https://api.nuget.org/v3/index.json
    C:\Program Files (x86)\Microsoft SDKs\NuGetPackages\
    D:\Temp\Build
    C:\Program Files (x86)\ComponentOne\Packages
NuGet package restore finished.
1>------ Rebuild All started: Project: GridWithMenuApp1_VS2022, Configuration: Debug Any CPU ------
1>Resolving SDK 'Microsoft.NET.Sdk.WindowsDesktop'...
1>Resolving SDK 'Microsoft.NET.Sdk'...
1>Search paths being used for $(MSBuildExtensionsPath) are C:\Program Files\Microsoft Visual Studio\2022\Preview\MSBuild;$(MSBuildProgramFiles32)\MSBuild
1>Trying to import C:\Program Files\Microsoft Visual Studio\2022\Preview\MSBuild\$(MSBuildToolsVersion)\Microsoft.Common.props using extensions path C:\Program Files\Microsoft Visual Studio\2022\Preview\MSBuild
1>Property reassignment: $(MSBuildProjectExtensionsPath)="C:\Users\hansnguyen\source\repos\GridWithMenuApp1_VS2022\obj\" (previous value: "obj\") at C:\Program Files\Microsoft Visual Studio\2022\Preview\MSBuild\Current\Microsoft.Common.props (57,5)
1>Search paths being used for $(MSBuildExtensionsPath) are C:\Program Files\Microsoft Visual Studio\2022\Preview\MSBuild;$(MSBuildProgramFiles32)\MSBuild
1>Trying to import C:\Program Files\Microsoft Visual Studio\2022\Preview\MSBuild\$(MSBuildToolsVersion)\Imports\Microsoft.Common.props\ImportBefore\* using extensions path C:\Program Files\Microsoft Visual Studio\2022\Preview\MSBuild
1>Search paths being used for $(MSBuildExtensionsPath) are C:\Program Files\Microsoft Visual Studio\2022\Preview\MSBuild;$(MSBuildProgramFiles32)\MSBuild
1>The "Configuration" property is a global property, and cannot be modified.
1>The "Platform" property is a global property, and cannot be modified.
1>Search paths being used for $(MSBuildExtensionsPath) are C:\Program Files\Microsoft Visual Studio\2022\Preview\MSBuild;$(MSBuildProgramFiles32)\MSBuild
1>Search paths being used for $(MSBuildExtensionsPath) are C:\Program Files\Microsoft Visual Studio\2022\Preview\MSBuild;$(MSBuildProgramFiles32)\MSBuild
1>The "Configuration" property is a global property, and cannot be modified.
1>The "Platform" property is a global property, and cannot be modified.
1>Resolving SDK 'Microsoft.NET.SDK.WorkloadAutoImportPropsLocator'...
1>Resolving SDK 'Microsoft.NET.ILLink.Tasks'...
1>Property reassignment: $(TargetsForTfmSpecificContentInPackage)=";PackTool;_PackProjectToolValidation" (previous value: ";PackTool") at C:\Program Files\dotnet\sdk\6.0.100-preview.7.21379.14\Sdks\Microsoft.NET.Sdk\targets\Microsoft.NET.PackProjectTool.props (15,5)
1>Property reassignment: $(OutputType)="WinExe" (previous value: "Library") at C:\Users\hansnguyen\source\repos\GridWithMenuApp1_VS2022\GridWithMenuApp1_VS2022.csproj (4,5)
1>Property reassignment: $(AssemblyName)="" (previous value: "GridWithMenuApp1_VS2022") at C:\Users\hansnguyen\source\repos\GridWithMenuApp1_VS2022\GridWithMenuApp1_VS2022.csproj (8,5)
1>The "Configuration" property is a global property, and cannot be modified.
1>The "Platform" property is a global property, and cannot be modified.
1>Property reassignment: $(PublishProfileImported)="false" (previous value: "true") at C:\Program Files\dotnet\sdk\6.0.100-preview.7.21379.14\Sdks\Microsoft.NET.Sdk\targets\Microsoft.NET.Sdk.ImportPublishProfile.targets (28,5)
1>Property reassignment: $(TargetPlatformVersion)="" (previous value: "0.0") at C:\Program Files\dotnet\sdk\6.0.100-preview.7.21379.14\Sdks\Microsoft.NET.Sdk\targets\Microsoft.NET.TargetFrameworkInference.targets (65,5)
1>Property reassignment: $(DefaultItemExcludes)=";bin\Debug\/**;obj\Debug\/**" (previous value: ";bin\Debug\/**") at C:\Program Files\dotnet\sdk\6.0.100-preview.7.21379.14\Sdks\Microsoft.NET.Sdk\targets\Microsoft.NET.TargetFrameworkInference.targets (223,5)
1>Property reassignment: $(IntermediateOutputPath)="obj\Debug\netcoreapp3.0\" (previous value: "obj\Debug\") at C:\Program Files\dotnet\sdk\6.0.100-preview.7.21379.14\Sdks\Microsoft.NET.Sdk\targets\Microsoft.NET.TargetFrameworkInference.targets (241,5)
1>Property reassignment: $(OutputPath)="bin\Debug\netcoreapp3.0\" (previous value: "bin\Debug\") at C:\Program Files\dotnet\sdk\6.0.100-preview.7.21379.14\Sdks\Microsoft.NET.Sdk\targets\Microsoft.NET.TargetFrameworkInference.targets (242,5)
1>Resolving SDK 'Microsoft.NET.SDK.WorkloadManifestTargetsLocator'...
1>Property reassignment: $(_FrameworkVersionForImplicitDefine)="3_0" (previous value: "3.0") at C:\Program Files\dotnet\sdk\6.0.100-preview.7.21379.14\Sdks\Microsoft.NET.Sdk\targets\Microsoft.NET.Sdk.BeforeCommon.targets (189,5)
1>Search paths being used for $(MSBuildExtensionsPath) are C:\Program Files\Microsoft Visual Studio\2022\Preview\MSBuild;$(MSBuildProgramFiles32)\MSBuild
1>The "UseHostCompilerIfAvailable" property is a global property, and cannot be modified.
1>Property reassignment: $(DefineCommonItemSchemas)="false" (previous value: "true") at C:\Program Files\Microsoft Visual Studio\2022\Preview\MSBuild\Microsoft\VisualStudio\Managed\Microsoft.Managed.DesignTime.targets (12,5)
1>Property reassignment: $(DefineCommonCapabilities)="false" (previous value: "true") at C:\Program Files\Microsoft Visual Studio\2022\Preview\MSBuild\Microsoft\VisualStudio\Managed\Microsoft.Managed.DesignTime.targets (13,5)
1>Property reassignment: $(DefineCommonReferenceSchemas)="false" (previous value: "true") at C:\Program Files\Microsoft Visual Studio\2022\Preview\MSBuild\Microsoft\VisualStudio\Managed\Microsoft.Managed.DesignTime.targets (14,5)
1>Property reassignment: $(ManagedXamlResourcesDirectory)="C:\Program Files\Microsoft Visual Studio\2022\Preview\MSBuild\Microsoft\VisualStudio\Managed\en" (previous value: "C:\Program Files\Microsoft Visual Studio\2022\Preview\MSBuild\Microsoft\VisualStudio\Managed\en-US") at C:\Program Files\Microsoft Visual Studio\2022\Preview\MSBuild\Microsoft\VisualStudio\Managed\Microsoft.Managed.DesignTime.targets (65,5)
1>Property reassignment: $(ManagedXamlResourcesDirectory)="C:\Program Files\Microsoft Visual Studio\2022\Preview\MSBuild\Microsoft\VisualStudio\Managed\" (previous value: "C:\Program Files\Microsoft Visual Studio\2022\Preview\MSBuild\Microsoft\VisualStudio\Managed\en") at C:\Program Files\Microsoft Visual Studio\2022\Preview\MSBuild\Microsoft\VisualStudio\Managed\Microsoft.Managed.DesignTime.targets (68,5)
1>Search paths being used for $(MSBuildExtensionsPath) are C:\Program Files\Microsoft Visual Studio\2022\Preview\MSBuild;$(MSBuildProgramFiles32)\MSBuild
1>Search paths being used for $(MSBuildExtensionsPath) are C:\Program Files\Microsoft Visual Studio\2022\Preview\MSBuild;$(MSBuildProgramFiles32)\MSBuild
1>Trying to import C:\Program Files\Microsoft Visual Studio\2022\Preview\MSBuild\$(MSBuildToolsVersion)\Microsoft.Common.targets\ImportBefore\* using extensions path C:\Program Files\Microsoft Visual Studio\2022\Preview\MSBuild
1>Property reassignment: $(TargetPlatformIdentifier)="Windows" (previous value: "") at C:\Program Files\Microsoft Visual Studio\2022\Preview\MSBuild\Current\Bin\amd64\Microsoft.Common.CurrentVersion.targets (90,5)
1>Property reassignment: $(TargetPlatformVersion)="7.0" (previous value: "") at C:\Program Files\Microsoft Visual Studio\2022\Preview\MSBuild\Current\Bin\amd64\Microsoft.Common.CurrentVersion.targets (91,5)
1>The "Platform" property is a global property, and cannot be modified.
1>The "Configuration" property is a global property, and cannot be modified.
1>Property reassignment: $(_DebugSymbolsProduced)="true" (previous value: "false") at C:\Program Files\Microsoft Visual Studio\2022\Preview\MSBuild\Current\Bin\amd64\Microsoft.Common.CurrentVersion.targets (176,5)
1>Property reassignment: $(_DocumentationFileProduced)="false" (previous value: "true") at C:\Program Files\Microsoft Visual Studio\2022\Preview\MSBuild\Current\Bin\amd64\Microsoft.Common.CurrentVersion.targets (186,5)
1>Property reassignment: $(AssemblyName)="GridWithMenuApp1_VS2022" (previous value: "") at C:\Program Files\Microsoft Visual Studio\2022\Preview\MSBuild\Current\Bin\amd64\Microsoft.Common.CurrentVersion.targets (238,5)
1>The "DevEnvDir" property is a global property, and cannot be modified.
1>The "SolutionName" property is a global property, and cannot be modified.
1>The "SolutionFileName" property is a global property, and cannot be modified.
1>The "SolutionPath" property is a global property, and cannot be modified.
1>The "SolutionDir" property is a global property, and cannot be modified.
1>The "SolutionExt" property is a global property, and cannot be modified.
1>Property reassignment: $(ProcessorArchitecture)="msil" (previous value: "") at C:\Program Files\Microsoft Visual Studio\2022\Preview\MSBuild\Current\Bin\amd64\Microsoft.Common.CurrentVersion.targets (519,5)
1>Property reassignment: $(DelaySign)="" (previous value: "false") at C:\Program Files\Microsoft Visual Studio\2022\Preview\MSBuild\Current\Bin\amd64\Microsoft.Common.CurrentVersion.targets (558,5)
1>Property reassignment: $(_SGenGenerateSerializationAssembliesConfig)="Auto" (previous value: "") at C:\Program Files\Microsoft Visual Studio\2022\Preview\MSBuild\Current\Bin\amd64\Microsoft.Common.CurrentVersion.targets (3712,5)
1>Property reassignment: $(_SGenGenerateSerializationAssembliesConfig)="Off" (previous value: "Auto") at C:\Program Files\Microsoft Visual Studio\2022\Preview\MSBuild\Current\Bin\amd64\Microsoft.Common.CurrentVersion.targets (3713,5)
1>Property reassignment: $(_TargetsThatPrepareProjectReferences)="
1>      AssignProjectConfiguration;
1>      _SplitProjectReferencesByFileExistence
1>    " (previous value: "_SplitProjectReferencesByFileExistence") at C:\Program Files\Microsoft Visual Studio\2022\Preview\MSBuild\Current\Bin\amd64\Microsoft.Common.CurrentVersion.targets (4848,5)
1>Property reassignment: $(_CodeAnalysisTreatWarningsAsErrors)="false" (previous value: "") at C:\Program Files\Microsoft Visual Studio\2022\Preview\MSBuild\Microsoft\VisualStudio\v17.0\CodeAnalysis\Microsoft.CodeAnalysis.targets (125,5)
1>Property reassignment: $(PrepareForRunDependsOn)="
1>      CopyFilesToOutputDirectory
1>    ;RunCodeAnalysis" (previous value: "
1>      CopyFilesToOutputDirectory
1>    ") at C:\Program Files\Microsoft Visual Studio\2022\Preview\MSBuild\Microsoft\VisualStudio\v17.0\CodeAnalysis\Microsoft.CodeAnalysis.targets (167,9)
1>Property reassignment: $(PrepareResourcesDependsOn)="
1>      XamlMarkupCompilePass1;
1>      XamlMarkupCompilePass2;
1>      
1>      ;
1>      PrepareResourceNames;
1>      ResGen;
1>      CompileLicxFiles
1>     
1>    " (previous value: "
1>      ;
1>      PrepareResourceNames;
1>      ResGen;
1>      CompileLicxFiles
1>    ") at C:\Windows\Microsoft.NET\Framework\v4.0.30319\Microsoft.Xaml.targets (35,5)
1>Property reassignment: $(CoreCompileDependsOn)="
1>        DesignTimeXamlMarkupCompilation;
1>        ;_ComputeNonExistentFileProperty;ResolveCodeAnalysisRuleSet
1>    " (previous value: ";_ComputeNonExistentFileProperty;ResolveCodeAnalysisRuleSet") at C:\Windows\Microsoft.NET\Framework\v4.0.30319\Microsoft.Xaml.targets (76,5)
1>Property reassignment: $(PrepareResourcesDependsOn)="
1>      ValidationExtension;
1>      ExpressionBuildExtension;
1>      
1>      XamlMarkupCompilePass1;
1>      XamlMarkupCompilePass2;
1>      
1>      ;
1>      PrepareResourceNames;
1>      ResGen;
1>      CompileLicxFiles
1>     
1>    
1>    " (previous value: "
1>      XamlMarkupCompilePass1;
1>      XamlMarkupCompilePass2;
1>      
1>      ;
1>      PrepareResourceNames;
1>      ResGen;
1>      CompileLicxFiles
1>     
1>    ") at C:\Windows\Microsoft.NET\Framework\v4.0.30319\Microsoft.WorkflowBuildExtensions.targets (16,5)
1>Property reassignment: $(CoreCompileDependsOn)="
1>        GenerateCompiledExpressionsTempFile;
1>        
1>        DesignTimeXamlMarkupCompilation;
1>        ;_ComputeNonExistentFileProperty;ResolveCodeAnalysisRuleSet
1>    
1>    " (previous value: "
1>        DesignTimeXamlMarkupCompilation;
1>        ;_ComputeNonExistentFileProperty;ResolveCodeAnalysisRuleSet
1>    ") at C:\Windows\Microsoft.NET\Framework\v4.0.30319\Microsoft.WorkflowBuildExtensions.targets (24,5)
1>Property reassignment: $(ResolveReferencesDependsOn)="
1>      
1>      BeforeResolveReferences;
1>      AssignProjectConfiguration;
1>      ResolveProjectReferences;
1>      FindInvalidProjectReferences;
1>      ResolveNativeReferences;
1>      ResolveAssemblyReferences;
1>      GenerateBindingRedirects;
1>      ResolveComReferences;
1>      AfterResolveReferences
1>    ;
1>      ResolveTestReferences
1>    " (previous value: "
1>      BeforeResolveReferences;
1>      AssignProjectConfiguration;
1>      ResolveProjectReferences;
1>      FindInvalidProjectReferences;
1>      ResolveNativeReferences;
1>      ResolveAssemblyReferences;
1>      GenerateBindingRedirects;
1>      ResolveComReferences;
1>      AfterResolveReferences
1>    ") at C:\Program Files\Microsoft Visual Studio\2022\Preview\MSBuild\Microsoft\VisualStudio\v17.0\TeamTest\Microsoft.TeamTest.targets (4,5)
1>Search paths being used for $(MSBuildExtensionsPath) are C:\Program Files\Microsoft Visual Studio\2022\Preview\MSBuild;$(MSBuildProgramFiles32)\MSBuild
1>Trying to import C:\Program Files\Microsoft Visual Studio\2022\Preview\MSBuild\$(MSBuildToolsVersion)\Microsoft.Common.targets\ImportAfter\* using extensions path C:\Program Files\Microsoft Visual Studio\2022\Preview\MSBuild
1>Search paths being used for $(MSBuildExtensionsPath) are C:\Program Files\Microsoft Visual Studio\2022\Preview\MSBuild;$(MSBuildProgramFiles32)\MSBuild
1>Trying to import C:\Program Files\Microsoft Visual Studio\2022\Preview\MSBuild\Sdks\Microsoft.Docker.Sdk\build\Microsoft.Docker.targets using extensions path C:\Program Files\Microsoft Visual Studio\2022\Preview\MSBuild
1>Property reassignment: $(ResolveAssemblyReferencesDependsOn)="
1>      
1>      ResolveProjectReferences;
1>      FindInvalidProjectReferences;
1>      GetFrameworkPaths;
1>      GetReferenceAssemblyPaths;
1>      PrepareForBuild;
1>      ResolveSDKReferences;
1>      ExpandSDKReferences;
1>    ;
1>      FakesGenerateBeforeBuild;
1>    " (previous value: "
1>      ResolveProjectReferences;
1>      FindInvalidProjectReferences;
1>      GetFrameworkPaths;
1>      GetReferenceAssemblyPaths;
1>      PrepareForBuild;
1>      ResolveSDKReferences;
1>      ExpandSDKReferences;
1>    ") at C:\Program Files\Microsoft Visual Studio\2022\Preview\MSBuild\Microsoft\VisualStudio\v17.0\Fakes\Microsoft.QualityTools.Testing.Fakes.targets (72,5)
1>Search paths being used for $(MSBuildExtensionsPath) are C:\Program Files\Microsoft Visual Studio\2022\Preview\MSBuild;$(MSBuildProgramFiles32)\MSBuild
1>Search paths being used for $(MSBuildExtensionsPath) are C:\Program Files\Microsoft Visual Studio\2022\Preview\MSBuild;$(MSBuildProgramFiles32)\MSBuild
1>Property reassignment: $(ProjectAssetsCacheFile)="C:\Users\hansnguyen\source\repos\GridWithMenuApp1_VS2022\obj\Debug\netcoreapp3.0\GridWithMenuApp1_VS2022.assets.cache" (previous value: "obj\Debug\netcoreapp3.0\GridWithMenuApp1_VS2022.assets.cache") at C:\Program Files\dotnet\sdk\6.0.100-preview.7.21379.14\Sdks\Microsoft.NET.Sdk\targets\Microsoft.PackageDependencyResolution.targets (29,5)
1>Property reassignment: $(ResolveAssemblyReferencesDependsOn)="
1>      
1>      
1>      ResolveProjectReferences;
1>      FindInvalidProjectReferences;
1>      GetFrameworkPaths;
1>      GetReferenceAssemblyPaths;
1>      PrepareForBuild;
1>      ResolveSDKReferences;
1>      ExpandSDKReferences;
1>    ;
1>      FakesGenerateBeforeBuild;
1>    ;
1>      ResolvePackageDependenciesForBuild;
1>      _HandlePackageFileConflicts;
1>    " (previous value: "
1>      
1>      ResolveProjectReferences;
1>      FindInvalidProjectReferences;
1>      GetFrameworkPaths;
1>      GetReferenceAssemblyPaths;
1>      PrepareForBuild;
1>      ResolveSDKReferences;
1>      ExpandSDKReferences;
1>    ;
1>      FakesGenerateBeforeBuild;
1>    ") at C:\Program Files\dotnet\sdk\6.0.100-preview.7.21379.14\Sdks\Microsoft.NET.Sdk\targets\Microsoft.PackageDependencyResolution.targets (76,5)
1>Property reassignment: $(PrepareResourcesDependsOn)="
1>      ResolvePackageDependenciesForBuild;
1>      _HandlePackageFileConflicts;
1>      
1>      ValidationExtension;
1>      ExpressionBuildExtension;
1>      
1>      XamlMarkupCompilePass1;
1>      XamlMarkupCompilePass2;
1>      
1>      ;
1>      PrepareResourceNames;
1>      ResGen;
1>      CompileLicxFiles
1>     
1>    
1>    
1>    " (previous value: "
1>      ValidationExtension;
1>      ExpressionBuildExtension;
1>      
1>      XamlMarkupCompilePass1;
1>      XamlMarkupCompilePass2;
1>      
1>      ;
1>      PrepareResourceNames;
1>      ResGen;
1>      CompileLicxFiles
1>     
1>    
1>    ") at C:\Program Files\dotnet\sdk\6.0.100-preview.7.21379.14\Sdks\Microsoft.NET.Sdk\targets\Microsoft.PackageDependencyResolution.targets (82,5)
1>Property reassignment: $(DefaultItemExcludes)=";bin\Debug\/**;obj\Debug\/**;bin\/**" (previous value: ";bin\Debug\/**;obj\Debug\/**") at C:\Program Files\dotnet\sdk\6.0.100-preview.7.21379.14\Sdks\Microsoft.NET.Sdk\targets\Microsoft.NET.Sdk.DefaultItems.targets (27,5)
1>Property reassignment: $(DefaultItemExcludes)=";bin\Debug\/**;obj\Debug\/**;bin\/**;obj\/**" (previous value: ";bin\Debug\/**;obj\Debug\/**;bin\/**") at C:\Program Files\dotnet\sdk\6.0.100-preview.7.21379.14\Sdks\Microsoft.NET.Sdk\targets\Microsoft.NET.Sdk.DefaultItems.targets (29,5)
1>Property reassignment: $(DefaultItemExcludes)=";bin\Debug\/**;obj\Debug\/**;bin\/**;obj\/**;**/*.user" (previous value: ";bin\Debug\/**;obj\Debug\/**;bin\/**;obj\/**") at C:\Program Files\dotnet\sdk\6.0.100-preview.7.21379.14\Sdks\Microsoft.NET.Sdk\targets\Microsoft.NET.Sdk.DefaultItems.targets (32,5)
1>Property reassignment: $(DefaultItemExcludes)=";bin\Debug\/**;obj\Debug\/**;bin\/**;obj\/**;**/*.user;**/*.*proj" (previous value: ";bin\Debug\/**;obj\Debug\/**;bin\/**;obj\/**;**/*.user") at C:\Program Files\dotnet\sdk\6.0.100-preview.7.21379.14\Sdks\Microsoft.NET.Sdk\targets\Microsoft.NET.Sdk.DefaultItems.targets (33,5)
1>Property reassignment: $(DefaultItemExcludes)=";bin\Debug\/**;obj\Debug\/**;bin\/**;obj\/**;**/*.user;**/*.*proj;**/*.sln" (previous value: ";bin\Debug\/**;obj\Debug\/**;bin\/**;obj\/**;**/*.user;**/*.*proj") at C:\Program Files\dotnet\sdk\6.0.100-preview.7.21379.14\Sdks\Microsoft.NET.Sdk\targets\Microsoft.NET.Sdk.DefaultItems.targets (34,5)
1>Property reassignment: $(DefaultItemExcludes)=";bin\Debug\/**;obj\Debug\/**;bin\/**;obj\/**;**/*.user;**/*.*proj;**/*.sln;**/*.vssscc" (previous value: ";bin\Debug\/**;obj\Debug\/**;bin\/**;obj\/**;**/*.user;**/*.*proj;**/*.sln") at C:\Program Files\dotnet\sdk\6.0.100-preview.7.21379.14\Sdks\Microsoft.NET.Sdk\targets\Microsoft.NET.Sdk.DefaultItems.targets (35,5)
1>Property reassignment: $(ResolveAssemblyReferencesDependsOn)="
1>      
1>      
1>      
1>      ResolveProjectReferences;
1>      FindInvalidProjectReferences;
1>      GetFrameworkPaths;
1>      GetReferenceAssemblyPaths;
1>      PrepareForBuild;
1>      ResolveSDKReferences;
1>      ExpandSDKReferences;
1>    ;
1>      FakesGenerateBeforeBuild;
1>    ;
1>      ResolvePackageDependenciesForBuild;
1>      _HandlePackageFileConflicts;
1>    ;
1>      ResolveTargetingPackAssets;
1>    " (previous value: "
1>      
1>      
1>      ResolveProjectReferences;
1>      FindInvalidProjectReferences;
1>      GetFrameworkPaths;
1>      GetReferenceAssemblyPaths;
1>      PrepareForBuild;
1>      ResolveSDKReferences;
1>      ExpandSDKReferences;
1>    ;
1>      FakesGenerateBeforeBuild;
1>    ;
1>      ResolvePackageDependenciesForBuild;
1>      _HandlePackageFileConflicts;
1>    ") at C:\Program Files\dotnet\sdk\6.0.100-preview.7.21379.14\Sdks\Microsoft.NET.Sdk\targets\Microsoft.NET.Sdk.FrameworkReferenceResolution.targets (14,5)
1>Property reassignment: $(_GenerateRuntimeConfigurationPropertyInputsCache)="C:\Users\hansnguyen\source\repos\GridWithMenuApp1_VS2022\obj\Debug\netcoreapp3.0\GridWithMenuApp1_VS2022.genruntimeconfig.cache" (previous value: "obj\Debug\netcoreapp3.0\GridWithMenuApp1_VS2022.genruntimeconfig.cache") at C:\Program Files\dotnet\sdk\6.0.100-preview.7.21379.14\Sdks\Microsoft.NET.Sdk\targets\Microsoft.NET.Sdk.targets (41,5)
1>Property reassignment: $(_DefaultUserProfileRuntimeStorePath)="C:\Users\hansnguyen" (previous value: "") at C:\Program Files\dotnet\sdk\6.0.100-preview.7.21379.14\Sdks\Microsoft.NET.Sdk\targets\Microsoft.NET.Sdk.targets (71,5)
1>Property reassignment: $(_DefaultUserProfileRuntimeStorePath)="C:\Users\hansnguyen\.dotnet\store" (previous value: "C:\Users\hansnguyen") at C:\Program Files\dotnet\sdk\6.0.100-preview.7.21379.14\Sdks\Microsoft.NET.Sdk\targets\Microsoft.NET.Sdk.targets (72,5)
1>Property reassignment: $(AvailablePlatforms)="Any CPU,x86,x64,ARM32" (previous value: "Any CPU,x86,x64") at C:\Program Files\dotnet\sdk\6.0.100-preview.7.21379.14\Sdks\Microsoft.NET.Sdk\targets\Microsoft.NET.Sdk.targets (97,5)
1>Property reassignment: $(CoreBuildDependsOn)="
1>      _CheckForBuildWithNoBuild;
1>      
1>      BuildOnlySettings;
1>      PrepareForBuild;
1>      PreBuildEvent;
1>      ResolveReferences;
1>      PrepareResources;
1>      ResolveKeySource;
1>      Compile;
1>      ExportWindowsMDFile;
1>      UnmanagedUnregistration;
1>      GenerateSerializationAssemblies;
1>      CreateSatelliteAssemblies;
1>      GenerateManifests;
1>      GetTargetPath;
1>      PrepareForRun;
1>      UnmanagedRegistration;
1>      IncrementalClean;
1>      PostBuildEvent
1>    ;
1>      GenerateBuildDependencyFile;
1>      GenerateBuildRuntimeConfigurationFiles
1>    " (previous value: "
1>      BuildOnlySettings;
1>      PrepareForBuild;
1>      PreBuildEvent;
1>      ResolveReferences;
1>      PrepareResources;
1>      ResolveKeySource;
1>      Compile;
1>      ExportWindowsMDFile;
1>      UnmanagedUnregistration;
1>      GenerateSerializationAssemblies;
1>      CreateSatelliteAssemblies;
1>      GenerateManifests;
1>      GetTargetPath;
1>      PrepareForRun;
1>      UnmanagedRegistration;
1>      IncrementalClean;
1>      PostBuildEvent
1>    ") at C:\Program Files\dotnet\sdk\6.0.100-preview.7.21379.14\Sdks\Microsoft.NET.Sdk\targets\Microsoft.NET.Sdk.targets (110,5)
1>Property reassignment: $(CoreCleanDependsOn)="
1>      _SdkBeforeClean;
1>      
1>    " (previous value: "") at C:\Program Files\dotnet\sdk\6.0.100-preview.7.21379.14\Sdks\Microsoft.NET.Sdk\targets\Microsoft.NET.Sdk.targets (119,5)
1>Property reassignment: $(RebuildDependsOn)="
1>      _SdkBeforeRebuild;
1>      
1>      BeforeRebuild;
1>      Clean;
1>      Build;
1>      AfterRebuild;
1>    
1>    " (previous value: "
1>      BeforeRebuild;
1>      Clean;
1>      Build;
1>      AfterRebuild;
1>    ") at C:\Program Files\dotnet\sdk\6.0.100-preview.7.21379.14\Sdks\Microsoft.NET.Sdk\targets\Microsoft.NET.Sdk.targets (126,5)
1>Property reassignment: $(CompileDependsOn)="
1>      
1>      ResolveReferences;
1>      ResolveKeySource;
1>      SetWin32ManifestProperties;
1>      FindReferenceAssembliesForReferences;
1>      _GenerateCompileInputs;
1>      BeforeCompile;
1>      _TimeStampBeforeCompile;
1>      _GenerateCompileDependencyCache;
1>      CoreCompile;
1>      _TimeStampAfterCompile;
1>      AfterCompile;
1>    ;
1>      _CreateAppHost;
1>      _CreateComHost;
1>      _GetIjwHostPaths;
1>    " (previous value: "
1>      ResolveReferences;
1>      ResolveKeySource;
1>      SetWin32ManifestProperties;
1>      FindReferenceAssembliesForReferences;
1>      _GenerateCompileInputs;
1>      BeforeCompile;
1>      _TimeStampBeforeCompile;
1>      _GenerateCompileDependencyCache;
1>      CoreCompile;
1>      _TimeStampAfterCompile;
1>      AfterCompile;
1>    ") at C:\Program Files\dotnet\sdk\6.0.100-preview.7.21379.14\Sdks\Microsoft.NET.Sdk\targets\Microsoft.NET.Sdk.targets (506,5)
1>Property reassignment: $(CreateSatelliteAssembliesDependsOn)="
1>      
1>      _GenerateSatelliteAssemblyInputs;
1>      ComputeIntermediateSatelliteAssemblies;
1>      GenerateSatelliteAssemblies
1>    ;
1>      CoreGenerateSatelliteAssemblies
1>    " (previous value: "
1>      _GenerateSatelliteAssemblyInputs;
1>      ComputeIntermediateSatelliteAssemblies;
1>      GenerateSatelliteAssemblies
1>    ") at C:\Program Files\dotnet\sdk\6.0.100-preview.7.21379.14\Sdks\Microsoft.NET.Sdk\targets\Microsoft.NET.Sdk.targets (892,5)
1>Property reassignment: $(DesignerRuntimeImplementationProjectOutputGroupDependsOn)="
1>      
1>      ;
1>      
1>      ;
1>      BuildOnlySettings;
1>      PrepareForBuild;
1>      AssignTargetPaths;
1>      ResolveReferences
1>    
1>    ;
1>      _GenerateDesignerDepsFile;
1>      _GenerateDesignerRuntimeConfigFile;
1>      _GatherDesignerShadowCopyFiles;
1>    " (previous value: "
1>      ;
1>      
1>      ;
1>      BuildOnlySettings;
1>      PrepareForBuild;
1>      AssignTargetPaths;
1>      ResolveReferences
1>    
1>    ") at C:\Program Files\dotnet\sdk\6.0.100-preview.7.21379.14\Sdks\Microsoft.NET.Sdk\targets\Microsoft.NET.DesignerSupport.targets (21,5)
1>Property reassignment: $(PublishReadyToRunComposite)="false" (previous value: "true") at C:\Program Files\dotnet\sdk\6.0.100-preview.7.21379.14\Sdks\Microsoft.NET.Sdk\targets\Microsoft.NET.CrossGen.targets (23,5)
1>Property reassignment: $(_ShimInputCacheFile)="C:\Users\hansnguyen\source\repos\GridWithMenuApp1_VS2022\obj\Debug\netcoreapp3.0\GridWithMenuApp1_VS2022.shiminput.cache" (previous value: "obj\Debug\netcoreapp3.0\GridWithMenuApp1_VS2022.shiminput.cache") at C:\Program Files\dotnet\sdk\6.0.100-preview.7.21379.14\Sdks\Microsoft.NET.Sdk\targets\Microsoft.NET.PackTool.targets (109,5)
1>Property reassignment: $(_ShimCreatedSentinelFile)="C:\Users\hansnguyen\source\repos\GridWithMenuApp1_VS2022\obj\Debug\netcoreapp3.0\GridWithMenuApp1_VS2022.shimcreated.sentinel" (previous value: "obj\Debug\netcoreapp3.0\GridWithMenuApp1_VS2022.shimcreated.sentinel") at C:\Program Files\dotnet\sdk\6.0.100-preview.7.21379.14\Sdks\Microsoft.NET.Sdk\targets\Microsoft.NET.PackTool.targets (111,5)
1>Property reassignment: $(DefineConstants)="TRACE;DEBUG" (previous value: "TRACE") at C:\Program Files\dotnet\sdk\6.0.100-preview.7.21379.14\Sdks\Microsoft.NET.Sdk\targets\Microsoft.NET.Sdk.CSharp.targets (31,5)
1>Property reassignment: $(DefineConstants)="TRACE;DEBUG;NETCOREAPP;NETCOREAPP3_0;" (previous value: "TRACE;DEBUG") at C:\Program Files\dotnet\sdk\6.0.100-preview.7.21379.14\Sdks\Microsoft.NET.Sdk\targets\Microsoft.NET.Sdk.CSharp.targets (34,5)
1>Property reassignment: $(SupportedOSPlatformVersion)="7.0" (previous value: "") at C:\Program Files\dotnet\sdk\6.0.100-preview.7.21379.14\Sdks\Microsoft.NET.Sdk\targets\Microsoft.NET.Windows.targets (44,5)
1>Property reassignment: $(TargetPlatformMinVersion)="7.0" (previous value: "") at C:\Program Files\dotnet\sdk\6.0.100-preview.7.21379.14\Sdks\Microsoft.NET.Sdk\targets\Microsoft.NET.Windows.targets (45,5)
1>Property reassignment: $(_TargetFrameworkVersionValue)="3.0" (previous value: "0.0") at C:\Program Files\dotnet\sdk\6.0.100-preview.7.21379.14\Sdks\Microsoft.NET.Sdk.WindowsDesktop\targets\Microsoft.NET.Sdk.WindowsDesktop.targets (51,5)
1>Property reassignment: $(DisableImplicitNamespaceImports)="true" (previous value: "") at C:\Program Files\dotnet\sdk\6.0.100-preview.7.21379.14\Sdks\Microsoft.NET.Sdk.WindowsDesktop\targets\Microsoft.WinFX.targets (23,5)
1>Property reassignment: $(PrepareResourceNamesDependsOn)="
1>                    AssignWinFXEmbeddedResource;
1>                    
1>      AssignTargetPaths;
1>      SplitResourcesByCulture;
1>      CreateManifestResourceNames;
1>      CreateCustomManifestResourceNames
1>    
1>      " (previous value: "
1>      AssignTargetPaths;
1>      SplitResourcesByCulture;
1>      CreateManifestResourceNames;
1>      CreateCustomManifestResourceNames
1>    ") at C:\Program Files\dotnet\sdk\6.0.100-preview.7.21379.14\Sdks\Microsoft.NET.Sdk.WindowsDesktop\targets\Microsoft.WinFX.targets (65,7)
1>Property reassignment: $(PrepareResourcesDependsOn)="
1>                MarkupCompilePass1;
1>                AfterMarkupCompilePass1;
1>                MarkupCompilePass2ForMainAssembly;
1>                FileClassification;
1>                MainResourcesGeneration;
1>                
1>      ResolvePackageDependenciesForBuild;
1>      _HandlePackageFileConflicts;
1>      
1>      ValidationExtension;
1>      ExpressionBuildExtension;
1>      
1>      XamlMarkupCompilePass1;
1>      XamlMarkupCompilePass2;
1>      
1>      ;
1>      PrepareResourceNames;
1>      ResGen;
1>      CompileLicxFiles
1>     
1>    
1>    
1>    
1>      " (previous value: "
1>      ResolvePackageDependenciesForBuild;
1>      _HandlePackageFileConflicts;
1>      
1>      ValidationExtension;
1>      ExpressionBuildExtension;
1>      
1>      XamlMarkupCompilePass1;
1>      XamlMarkupCompilePass2;
1>      
1>      ;
1>      PrepareResourceNames;
1>      ResGen;
1>      CompileLicxFiles
1>     
1>    
1>    
1>    ") at C:\Program Files\dotnet\sdk\6.0.100-preview.7.21379.14\Sdks\Microsoft.NET.Sdk.WindowsDesktop\targets\Microsoft.WinFX.targets (74,7)
1>Property reassignment: $(CoreCompileDependsOn)="
1>          DesignTimeMarkupCompilation;
1>          
1>        GenerateCompiledExpressionsTempFile;
1>        
1>        DesignTimeXamlMarkupCompilation;
1>        ;_ComputeNonExistentFileProperty;ResolveCodeAnalysisRuleSet
1>    
1>    
1>      " (previous value: "
1>        GenerateCompiledExpressionsTempFile;
1>        
1>        DesignTimeXamlMarkupCompilation;
1>        ;_ComputeNonExistentFileProperty;ResolveCodeAnalysisRuleSet
1>    
1>    ") at C:\Program Files\dotnet\sdk\6.0.100-preview.7.21379.14\Sdks\Microsoft.NET.Sdk.WindowsDesktop\targets\Microsoft.WinFX.targets (88,7)
1>Property reassignment: $(CompileDependsOn)="
1>        
1>      
1>      ResolveReferences;
1>      ResolveKeySource;
1>      SetWin32ManifestProperties;
1>      FindReferenceAssembliesForReferences;
1>      _GenerateCompileInputs;
1>      BeforeCompile;
1>      _TimeStampBeforeCompile;
1>      _GenerateCompileDependencyCache;
1>      CoreCompile;
1>      _TimeStampAfterCompile;
1>      AfterCompile;
1>    ;
1>      _CreateAppHost;
1>      _CreateComHost;
1>      _GetIjwHostPaths;
1>    ;
1>        _AfterCompileWinFXInternal
1>    " (previous value: "
1>      
1>      ResolveReferences;
1>      ResolveKeySource;
1>      SetWin32ManifestProperties;
1>      FindReferenceAssembliesForReferences;
1>      _GenerateCompileInputs;
1>      BeforeCompile;
1>      _TimeStampBeforeCompile;
1>      _GenerateCompileDependencyCache;
1>      CoreCompile;
1>      _TimeStampAfterCompile;
1>      AfterCompile;
1>    ;
1>      _CreateAppHost;
1>      _CreateComHost;
1>      _GetIjwHostPaths;
1>    ") at C:\Program Files\dotnet\sdk\6.0.100-preview.7.21379.14\Sdks\Microsoft.NET.Sdk.WindowsDesktop\targets\Microsoft.WinFX.targets (142,5)
1>Property reassignment: $(PublishBuildDependsOn)="
1>            BuildOnlySettings;
1>            PrepareForBuild;
1>            ResolveReferences;
1>            PrepareResources;
1>            ResolveKeySource;
1>            PrepareResourcesForSatelliteAssemblies;
1>            GenerateSerializationAssemblies;
1>            CreateSatelliteAssemblies;
1>        " (previous value: "
1>      BuildOnlySettings;
1>      PrepareForBuild;
1>      ResolveReferences;
1>      PrepareResources;
1>      ResolveKeySource;
1>      GenerateSerializationAssemblies;
1>      CreateSatelliteAssemblies;
1>    ") at C:\Program Files\dotnet\sdk\6.0.100-preview.7.21379.14\Sdks\Microsoft.NET.Sdk.WindowsDesktop\targets\Microsoft.WinFX.targets (836,9)
1>Property reassignment: $(PackageDescription)="Package Description" (previous value: "") at C:\Program Files\dotnet\sdk\6.0.100-preview.7.21379.14\Sdks\NuGet.Build.Tasks.Pack\build\NuGet.Build.Tasks.Pack.targets (35,5)
1>Property reassignment: $(GenerateNuspecDependsOn)="Build;_LoadPackInputItems; _GetTargetFrameworksOutput; _WalkEachTargetPerFramework; _GetPackageFiles; " (previous value: "_LoadPackInputItems; _GetTargetFrameworksOutput; _WalkEachTargetPerFramework; _GetPackageFiles; ") at C:\Program Files\dotnet\sdk\6.0.100-preview.7.21379.14\Sdks\NuGet.Build.Tasks.Pack\build\NuGet.Build.Tasks.Pack.targets (60,5)
1>Overriding target "ResolveFrameworkReferences" in project "C:\Program Files\Microsoft Visual Studio\2022\Preview\MSBuild\Microsoft\VisualStudio\Managed\Microsoft.Managed.DesignTime.targets" with target "ResolveFrameworkReferences" from project "C:\Program Files\Microsoft Visual Studio\2022\Preview\MSBuild\Current\Bin\amd64\Microsoft.Common.CurrentVersion.targets".
1>Overriding target "GenerateCompiledExpressionsTempFile" in project "C:\Windows\Microsoft.NET\Framework\v4.0.30319\Microsoft.WorkflowBuildExtensions.targets" with target "GenerateCompiledExpressionsTempFile" from project "C:\Program Files\Microsoft Visual Studio\2022\Preview\MSBuild\Current\Bin\amd64\Microsoft.WorkflowBuildExtensions.targets".
1>Overriding target "CollectPackageReferences" in project "C:\Program Files\Microsoft Visual Studio\2022\Preview\MSBuild\Microsoft\VisualStudio\Managed\Microsoft.Managed.DesignTime.targets" with target "CollectPackageReferences" from project "C:\Program Files\Microsoft Visual Studio\2022\Preview\Common7\IDE\CommonExtensions\Microsoft\NuGet\NuGet.targets".
1>Overriding target "ApplyLicensec02c28b7-1c24-4109-8eb3-f99c3905f3f1" in project "C:\Users\hansnguyen\.nuget\packages\c1.xaml.wpf\4.5.20213.749\buildTransitive\netcoreapp3.0\C1.Xaml.WPF.targets" with target "ApplyLicensec02c28b7-1c24-4109-8eb3-f99c3905f3f1" from project "C:\Users\hansnguyen\.nuget\packages\c1.xaml.wpf.toolbar\4.5.20213.749\buildTransitive\netcoreapp3.0\C1.Xaml.WPF.Toolbar.targets".
1>Overriding target "ApplyLicensec02c28b7-1c24-4109-8eb3-f99c3905f3f1" in project "C:\Users\hansnguyen\.nuget\packages\c1.xaml.wpf.toolbar\4.5.20213.749\buildTransitive\netcoreapp3.0\C1.Xaml.WPF.Toolbar.targets" with target "ApplyLicensec02c28b7-1c24-4109-8eb3-f99c3905f3f1" from project "C:\Users\hansnguyen\.nuget\packages\c1.xaml.wpf.flexgrid\4.5.20213.749\buildTransitive\netcoreapp3.0\C1.Xaml.WPF.FlexGrid.targets".
1>Overriding target "ApplyLicensec02c28b7-1c24-4109-8eb3-f99c3905f3f1" in project "C:\Users\hansnguyen\.nuget\packages\c1.xaml.wpf.flexgrid\4.5.20213.749\buildTransitive\netcoreapp3.0\C1.Xaml.WPF.FlexGrid.targets" with target "ApplyLicensec02c28b7-1c24-4109-8eb3-f99c3905f3f1" from project "C:\Users\hansnguyen\.nuget\packages\c1.xaml.wpf.datetimeeditors\4.5.20213.749\buildTransitive\netcoreapp3.0\C1.Xaml.WPF.DateTimeEditors.targets".
1>Overriding target "ApplyLicensec02c28b7-1c24-4109-8eb3-f99c3905f3f1" in project "C:\Users\hansnguyen\.nuget\packages\c1.xaml.wpf.datetimeeditors\4.5.20213.749\buildTransitive\netcoreapp3.0\C1.Xaml.WPF.DateTimeEditors.targets" with target "ApplyLicensec02c28b7-1c24-4109-8eb3-f99c3905f3f1" from project "C:\Users\hansnguyen\.nuget\packages\c1.xaml.wpf.flexgridfilter\4.5.20213.749\buildTransitive\netcoreapp3.0\C1.Xaml.WPF.FlexGridFilter.targets".
1>Overriding target "ApplyLicensec02c28b7-1c24-4109-8eb3-f99c3905f3f1" in project "C:\Users\hansnguyen\.nuget\packages\c1.xaml.wpf.flexgridfilter\4.5.20213.749\buildTransitive\netcoreapp3.0\C1.Xaml.WPF.FlexGridFilter.targets" with target "ApplyLicensec02c28b7-1c24-4109-8eb3-f99c3905f3f1" from project "C:\Users\hansnguyen\.nuget\packages\c1.xaml.wpf.flexgrid.grouppanel\4.5.20213.749\buildTransitive\netcoreapp3.0\C1.Xaml.WPF.FlexGrid.GroupPanel.targets".
1>Overriding target "ResolvePackageDependenciesDesignTime" in project "C:\Program Files\Microsoft Visual Studio\2022\Preview\MSBuild\Microsoft\VisualStudio\Managed\Microsoft.Managed.DesignTime.targets" with target "ResolvePackageDependenciesDesignTime" from project "C:\Program Files\dotnet\sdk\6.0.100-preview.7.21379.14\Sdks\Microsoft.NET.Sdk\targets\Microsoft.PackageDependencyResolution.targets".
1>Overriding target "CollectSDKReferencesDesignTime" in project "C:\Program Files\Microsoft Visual Studio\2022\Preview\MSBuild\Microsoft\VisualStudio\Managed\Microsoft.Managed.DesignTime.targets" with target "CollectSDKReferencesDesignTime" from project "C:\Program Files\dotnet\sdk\6.0.100-preview.7.21379.14\Sdks\Microsoft.NET.Sdk\targets\Microsoft.PackageDependencyResolution.targets".
1>Overriding target "CollectResolvedSDKReferencesDesignTime" in project "C:\Program Files\Microsoft Visual Studio\2022\Preview\MSBuild\Microsoft\VisualStudio\Managed\Microsoft.Managed.DesignTime.targets" with target "CollectResolvedSDKReferencesDesignTime" from project "C:\Program Files\dotnet\sdk\6.0.100-preview.7.21379.14\Sdks\Microsoft.NET.Sdk\targets\Microsoft.PackageDependencyResolution.targets".
1>Overriding target "ResolveFrameworkReferences" in project "C:\Program Files\Microsoft Visual Studio\2022\Preview\MSBuild\Current\Bin\amd64\Microsoft.Common.CurrentVersion.targets" with target "ResolveFrameworkReferences" from project "C:\Program Files\dotnet\sdk\6.0.100-preview.7.21379.14\Sdks\Microsoft.NET.Sdk\targets\Microsoft.NET.Sdk.FrameworkReferenceResolution.targets".
1>Overriding target "Run" in project "C:\Program Files\Microsoft Visual Studio\2022\Preview\MSBuild\Current\Bin\amd64\Microsoft.Common.CurrentVersion.targets" with target "Run" from project "C:\Program Files\dotnet\sdk\6.0.100-preview.7.21379.14\Sdks\Microsoft.NET.Sdk\targets\Microsoft.NET.Sdk.targets".
1>Overriding target "GenerateSupportedTargetFrameworkAlias" in project "C:\Program Files\Microsoft Visual Studio\2022\Preview\MSBuild\Current\Bin\amd64\Microsoft.Common.CurrentVersion.targets" with target "GenerateSupportedTargetFrameworkAlias" from project "C:\Program Files\dotnet\sdk\6.0.100-preview.7.21379.14\Sdks\Microsoft.NET.Sdk\targets\Microsoft.NET.Sdk.targets".
1>Overriding target "GetReferenceAssemblyPaths" in project "C:\Program Files\Microsoft Visual Studio\2022\Preview\MSBuild\Current\Bin\amd64\Microsoft.Common.CurrentVersion.targets" with target "GetReferenceAssemblyPaths" from project "C:\Program Files\dotnet\sdk\6.0.100-preview.7.21379.14\Sdks\Microsoft.NET.Sdk\targets\Microsoft.NET.DisableStandardFrameworkResolution.targets".
1>Overriding target "GetFrameworkPaths" in project "C:\Program Files\Microsoft Visual Studio\2022\Preview\MSBuild\Current\Bin\amd64\Microsoft.Common.CurrentVersion.targets" with target "GetFrameworkPaths" from project "C:\Program Files\dotnet\sdk\6.0.100-preview.7.21379.14\Sdks\Microsoft.NET.Sdk\targets\Microsoft.NET.DisableStandardFrameworkResolution.targets".
1>Overriding target "DesignerRuntimeImplementationProjectOutputGroup" in project "C:\Program Files\Microsoft Visual Studio\2022\Preview\MSBuild\Current\Bin\amd64\Microsoft.Common.CurrentVersion.targets" with target "DesignerRuntimeImplementationProjectOutputGroup" from project "C:\Program Files\dotnet\sdk\6.0.100-preview.7.21379.14\Sdks\Microsoft.NET.Sdk\targets\Microsoft.NET.DesignerSupport.targets".
1>Overriding target "Publish" in project "C:\Program Files\Microsoft Visual Studio\2022\Preview\MSBuild\Current\Bin\amd64\Microsoft.Common.CurrentVersion.targets" with target "Publish" from project "C:\Program Files\dotnet\sdk\6.0.100-preview.7.21379.14\Sdks\Microsoft.NET.Sdk\targets\Microsoft.NET.Publish.targets".
1>Overriding target "ResolveReadyToRunCompilers" in project "C:\Program Files\dotnet\sdk\6.0.100-preview.7.21379.14\Sdks\Microsoft.NET.Sdk\targets\Microsoft.NET.CrossGen.targets" with target "ResolveReadyToRunCompilers" from project "C:\Program Files\dotnet\sdk\6.0.100-preview.7.21379.14\Sdks\Microsoft.NET.Sdk\targets\Microsoft.NET.Publish.targets".
1>Overriding target "GetCopyToPublishDirectoryItems" in project "C:\Program Files\Microsoft Visual Studio\2022\Preview\MSBuild\Current\Bin\amd64\Microsoft.Common.CurrentVersion.targets" with target "GetCopyToPublishDirectoryItems" from project "C:\Program Files\dotnet\sdk\6.0.100-preview.7.21379.14\Sdks\Microsoft.NET.Sdk\targets\Microsoft.NET.Publish.targets".
1>Overriding target "SatelliteDllsProjectOutputGroup" in project "C:\Program Files\Microsoft Visual Studio\2022\Preview\MSBuild\Current\Bin\amd64\Microsoft.Common.CurrentVersion.targets" with target "SatelliteDllsProjectOutputGroup" from project "C:\Program Files\dotnet\sdk\6.0.100-preview.7.21379.14\Sdks\Microsoft.NET.Sdk.WindowsDesktop\targets\Microsoft.WinFX.targets".
1>The target "ClCompile" listed in an AfterTargets attribute at "C:\Program Files\Microsoft Visual Studio\2022\Preview\MSBuild\Microsoft\VisualStudio\v17.0\CodeAnalysis\Microsoft.CodeAnalysis.targets (446,11)" does not exist in the project, and will be ignored.
1>Build started 8/31/2021 9:46:21 PM.
1>Environment at start of build:
1>ALLUSERSPROFILE                = C:\ProgramData
1>APPDATA                        = C:\Users\hansnguyen\AppData\Roaming
1>CommonProgramFiles             = C:\Program Files\Common Files
1>CommonProgramFiles(x86)        = C:\Program Files (x86)\Common Files
1>CommonProgramW6432             = C:\Program Files\Common Files
1>COMPLUS_GCHeapCount            = 6
1>COMPLUS_GCNoAffinitize         = 1
1>COMPUTERNAME                   = VN-C1-HANS
1>ComSpec                        = C:\Windows\system32\cmd.exe
1>DEVPATH                        = C:\ProgramData\Red Gate\.NET Reflector\DevPath
1>DriverData                     = C:\Windows\System32\Drivers\DriverData
1>ForceIdentityAuthenticationType = Embedded
1>FPS_BROWSER_APP_PROFILE_STRING = Internet Explorer
1>FPS_BROWSER_USER_PROFILE_STRING = Default
1>GCExpConfigUsedInSession       = 2
1>GIT_LFS_PATH                   = C:\Program Files\Git LFS
1>HOMEDRIVE                      = C:
1>HOMEPATH                       = \Users\hansnguyen
1>JAVA_HOME                      = C:\Program Files\Microsoft\jdk-11.0.10.9-hotspot
1>LOCALAPPDATA                   = C:\Users\hansnguyen\AppData\Local
1>LOGONSERVER                    = \\VNDC01
1>MONO_ANDROID_PATH              = C:\Program Files\Microsoft Visual Studio\2022\Preview\MSBuild\Xamarin\Android
1>MSBuildLoadMicrosoftTargetsReadOnly = true
1>NugetExe                       = C:\bin\nuget.exe
1>NugetSignParams                =  sign -CertificateFingerprint 2F40FF5FB6C4D38019C6323988F3FD9C5F148DA8 -Timestamper http://timestamp.digicert.com 
1>NUMBER_OF_PROCESSORS           = 12
1>OneDrive                       = C:\Users\hansnguyen\OneDrive - GrapeCity Group
1>OneDriveCommercial             = C:\Users\hansnguyen\OneDrive - GrapeCity Group
1>OS                             = Windows_NT
1>Path                           = C:\Program Files\Microsoft\jdk-11.0.10.9-hotspot\bin;C:\Windows\system32;C:\Windows;C:\Windows\System32\Wbem;C:\Windows\System32\WindowsPowerShell\v1.0\;C:\Windows\System32\OpenSSH\;C:\Program Files\dotnet\;C:\Program Files\Microsoft SQL Server\130\Tools\Binn\;C:\Program Files\Microsoft SQL Server\Client SDK\ODBC\170\Tools\Binn\;C:\Program Files\Git LFS;C:\Program Files (x86)\dotnet\;C:\Program Files (x86)\Microsoft SQL Server\150\Tools\Binn\;C:\Program Files\Microsoft SQL Server\150\Tools\Binn\;C:\Program Files\Microsoft SQL Server\150\DTS\Binn\;C:\Program Files\Git\cmd;C:\Program Files (x86)\Microsoft SQL Server\150\DTS\Binn\;C:\Program Files\Azure Data Studio\bin;C:\Program Files\Microsoft SQL Server\140\Tools\Binn\;C:\Users\hansnguyen\AppData\Local\Microsoft\WindowsApps;C:\Users\hansnguyen\.dotnet\tools;C:\Program Files\Azure Data Studio\bin;C:\Program Files\Microsoft Visual Studio\2022\Preview\MSBuild\Current\Bin;
1>PATHEXT                        = .COM;.EXE;.BAT;.CMD;.VBS;.VBE;.JS;.JSE;.WSF;.WSH;.MSC
1>PKGAPI                         = 068D1D7C-572C-4BD0-A4B2-A3B2E6EF967C
1>PkgDefApplicationConfigFile    = C:\Users\hansnguyen\AppData\Local\Microsoft\VisualStudio\17.0_a10c1319\devenv.exe.config
1>PKGFEED                        = https://pkg.grapecitydev.com/nuget/nuget-dev/
1>PROCESSOR_ARCHITECTURE         = AMD64
1>PROCESSOR_IDENTIFIER           = Intel64 Family 6 Model 165 Stepping 2, GenuineIntel
1>PROCESSOR_LEVEL                = 6
1>PROCESSOR_REVISION             = a502
1>ProgramData                    = C:\ProgramData
1>ProgramFiles                   = C:\Program Files
1>ProgramFiles(x86)              = C:\Program Files (x86)
1>ProgramW6432                   = C:\Program Files
1>PSModulePath                   = C:\Program Files\WindowsPowerShell\Modules;C:\Windows\system32\WindowsPowerShell\v1.0\Modules;C:\Program Files (x86)\Microsoft SQL Server\150\Tools\PowerShell\Modules\
1>PUBLIC                         = C:\Users\Public
1>SDK40ToolsPath                 = C:\Program Files (x86)\Microsoft SDKs\Windows\v10.0A\bin\NETFX 4.8 Tools\
1>ServiceHubLogSessionKey        = E9293FB2
1>SESSIONNAME                    = Console
1>SignInWithHomeTenantOnly       = False
1>SystemDrive                    = C:
1>SystemRoot                     = C:\Windows
1>TEMP                           = C:\Users\HANSNG~1\AppData\Local\Temp
1>ThreadedWaitDialogDpiContext   = -4
1>TMP                            = C:\Users\HANSNG~1\AppData\Local\Temp
1>USERDNSDOMAIN                  = GRAPECITY.NET
1>USERDOMAIN                     = GRAPECITY
1>USERDOMAIN_ROAMINGPROFILE      = GRAPECITY
1>USERNAME                       = HansNguyen
1>USERPROFILE                    = C:\Users\hansnguyen
1>VBOX_MSI_INSTALL_PATH          = C:\Program Files\Oracle\VirtualBox\
1>VisualStudioDir                = C:\Users\hansnguyen\Documents\Visual Studio 2022
1>VisualStudioEdition            = Microsoft Visual Studio Enterprise 2022
1>VisualStudioVersion            = 17.0
1>VSAPPIDDIR                     = C:\Program Files\Microsoft Visual Studio\2022\Preview\Common7\IDE\
1>VSAPPIDNAME                    = devenv.exe
1>VSLANG                         = 1033
1>VSSKUEDITION                   = Enterprise
1>windir                         = C:\Windows
1>XAMARIN_ANDROID_REGKEY         = SOFTWARE\Xamarin\VisualStudio\17.0_a10c1319\Android
1>Initial Properties:
1>__DisableWorkloadResolverSentinelPath = C:\Program Files\Microsoft Visual Studio\2022\Preview\MSBuild\Current\Bin\amd64\SdkResolvers\Microsoft.DotNet.MSBuildSdkResolver\DisableWorkloadResolver.sentinel
1>_AfterCompileWinFXInternalDependsOn = 
1>        PrepareResourcesForSatelliteAssemblies;
1>        MergeLocalizationDirectives;
1>        AfterCompileWinFX
1>    
1>_BeforePublishNoBuildTargets   = 
1>      BuildOnlySettings;
1>      _PreventProjectReferencesFromBuilding;
1>      ResolveReferences;
1>      PrepareResourceNames;
1>      ComputeIntermediateSatelliteAssemblies;
1>      ComputeEmbeddedApphostPaths;
1>    
1>_CodeAnalysisTreatWarningsAsErrors = false
1>_ComHostLibraryExtension       = .dll
1>_CompileTargetNameForLocalType = _CompileTemporaryAssembly
1>_CompileTemporaryAssemblyDependsOn = BuildOnlySettings;ResolveKeySource;ResolveProjectReferences;CoreCompile
1>_CorePublishTargets            = 
1>      PrepareForPublish;
1>      ComputeAndCopyFilesToPublishDirectory;
1>      ;
1>      PublishItemsOutputGroup;
1>    
1>_DebugSymbolsProduced          = true
1>_DefaultUserProfileRuntimeStorePath = C:\Users\hansnguyen\.dotnet\store
1>_DeploymentApplicationManifestIdentity = GridWithMenuApp1_VS2022.exe
1>_DeploymentBuiltUpdateInterval = 0
1>_DeploymentBuiltUpdateIntervalUnits = Days
1>_DeploymentDeployManifestIdentity = GridWithMenuApp1_VS2022.application
1>_DeploymentFileMappingExtension = 
1>_DeploymentLauncherBased       = true
1>_DeploymentPublishableProjectDefault = true
1>_DeploymentTargetApplicationManifestFileName = GridWithMenuApp1_VS2022.dll.manifest
1>_DeploymentUrl                 = 
1>_DesignerDepsFileName          = GridWithMenuApp1_VS2022.designer.deps.json
1>_DesignerDepsFilePath          = obj\Debug\netcoreapp3.0\GridWithMenuApp1_VS2022.designer.deps.json
1>_DesignerRuntimeConfigFileName = GridWithMenuApp1_VS2022.designer.runtimeconfig.json
1>_DesignerRuntimeConfigFilePath = obj\Debug\netcoreapp3.0\GridWithMenuApp1_VS2022.designer.runtimeconfig.json
1>_DirectoryBuildPropsBasePath   = 
1>_DirectoryBuildPropsFile       = Directory.Build.props
1>_DirectoryBuildTargetsBasePath = 
1>_DirectoryBuildTargetsFile     = Directory.Build.targets
1>_DirectoryPackagesPropsBasePath = 
1>_DirectoryPackagesPropsFile    = Directory.Packages.props
1>_DocumentationFileProduced     = false
1>_DotNetAppHostExecutableName   = apphost.exe
1>_DotNetAppHostExecutableNameWithoutExtension = apphost
1>_DotNetComHostLibraryName      = comhost.dll
1>_DotNetComHostLibraryNameWithoutExtension = comhost
1>_DotNetHostExecutableName      = dotnet.exe
1>_DotNetHostFxrLibraryName      = libhostfxr.so
1>_DotNetHostPolicyLibraryName   = libhostpolicy.so
1>_DotNetIjwHostLibraryName      = Ijwhost.dll
1>_DotNetIjwHostLibraryNameWithoutExtension = Ijwhost
1>_DotNetSingleFileHostExecutableNameWithoutExtension = singlefilehost
1>_EnableWindowsDesktopGlobbing  = true
1>_EnableWindowsDesktopNetCoreFrameworkReferences = true
1>_FrameworkIdentifierForImplicitDefine = NETCOREAPP
1>_FrameworkVersionForImplicitDefine = 3_0
1>_GenerateAppxManifestDependsOn = ;_FixVCLibs120References
1>_GenerateBindingRedirectsIntermediateAppConfig = obj\Debug\netcoreapp3.0\GridWithMenuApp1_VS2022.dll.config
1>_GenerateRestoreGraphProjectEntryInputProperties = ExcludeRestorePackageImports=true
1>_GenerateRuntimeConfigurationPropertyInputsCache = C:\Users\hansnguyen\source\repos\GridWithMenuApp1_VS2022\obj\Debug\netcoreapp3.0\GridWithMenuApp1_VS2022.genruntimeconfig.cache
1>_GenerateSupportedRuntimeIntermediateAppConfig = obj\Debug\netcoreapp3.0\GridWithMenuApp1_VS2022.dll.withSupportedRuntime.config
1>_GetChildProjectCopyToOutputDirectoryItems = true
1>_GetChildProjectCopyToPublishDirectoryItems = true
1>_IjwHostLibraryExtension       = .dll
1>_InitialBaseIntermediateOutputPath = obj\
1>_InitialMSBuildProjectExtensionsPath = C:\Users\hansnguyen\source\repos\GridWithMenuApp1_VS2022\obj\
1>_IsExecutable                  = true
1>_IsNETCoreOrNETStandard        = true
1>_LinkSemaphore                 = obj\Debug\netcoreapp3.0\linked\Link.semaphore
1>_MaxSupportedLangVersion       = 8.0
1>_MicrosoftNETSdkWindowsDesktop = true
1>_MicrosoftWindowsDesktopSdkImported = true
1>_NativeExecutableExtension     = .exe
1>_NativeLibraryExtension        = .so
1>_NativeLibraryPrefix           = lib
1>_NETAnalyzersSDKAssemblyVersion = 6.0.0
1>_NETCoreSdkIsPreview           = true
1>_NugetFallbackFolder           = C:\Program Files\dotnet\sdk\6.0.100-preview.7.21379.14\Sdks\Microsoft.NET.Sdk\targets\..\..\..\..\NuGetFallbackFolder
1>_NugetTargetMonikerAndRID      = .NETCoreApp,Version=v3.0
1>_OriginalConfiguration         = Debug
1>_OriginalPlatform              = AnyCPU
1>_PackToolPublishDependency     = _PublishBuildAlternative
1>_PlatformWithoutConfigurationInference = AnyCPU
1>_PresentationBuildTasksAssembly = C:\Program Files\dotnet\sdk\6.0.100-preview.7.21379.14\Sdks\Microsoft.NET.Sdk.WindowsDesktop\tools\net472\PresentationBuildTasks.dll
1>_PresentationBuildTasksTfm     = net472
1>_ProjectDefaultTargets         = Build
1>_PublishNoBuildAlternativeDependsOn = 
1>      BuildOnlySettings;
1>      _PreventProjectReferencesFromBuilding;
1>      ResolveReferences;
1>      PrepareResourceNames;
1>      ComputeIntermediateSatelliteAssemblies;
1>      ComputeEmbeddedApphostPaths;
1>    ;
1>      PrepareForPublish;
1>      ComputeAndCopyFilesToPublishDirectory;
1>      ;
1>      PublishItemsOutputGroup;
1>    
1>_PublishProfileDesignerFolder  = Properties
1>_PublishProfileRootFolder      = C:\Users\hansnguyen\source\repos\GridWithMenuApp1_VS2022\Properties\PublishProfiles\
1>_RecursiveTargetForContentCopying = GetCopyToOutputDirectoryItems
1>_RemoveUnsupportedTargetFrameworksForWindowsDesktop = true
1>_RequireMCPass2ForMainAssembly = false
1>_RequireMCPass2ForSatelliteAssemblyOnly = false
1>_ResolveProjectReferencesTargetName = ResolveProjectReferences
1>_ResolveReferenceDependencies  = false
1>_ResourceNameInMainAssembly    = GridWithMenuApp1_VS2022.g.resources
1>_RuntimeIdentifierUsesAppHost  = true
1>_SGenDllCreated                = false
1>_SGenDllName                   = GridWithMenuApp1_VS2022.XmlSerializers.dll
1>_SGenGenerateSerializationAssembliesConfig = Off
1>_ShimCreatedSentinelFile       = C:\Users\hansnguyen\source\repos\GridWithMenuApp1_VS2022\obj\Debug\netcoreapp3.0\GridWithMenuApp1_VS2022.shimcreated.sentinel
1>_ShimInputCacheFile            = C:\Users\hansnguyen\source\repos\GridWithMenuApp1_VS2022\obj\Debug\netcoreapp3.0\GridWithMenuApp1_VS2022.shiminput.cache
1>_ShouldAddAspNetCoreAppFrameworkReference = False
1>_ShouldRemoveAspNetCoreAll     = False
1>_ShouldRemoveAspNetCoreApp     = False
1>_TargetFrameworkDirectories    = 
1>_TargetFrameworkVersionValue   = 3.0
1>_TargetFrameworkVersionWithoutV = 3.0
1>_TargetLatestRuntimePatchIsDefault = true
1>_TargetsThatPrepareProjectReferences = 
1>      AssignProjectConfiguration;
1>      _SplitProjectReferencesByFileExistence
1>    
1>_ToolsSettingsFilePath         = obj\DotnetToolSettings.xml
1>_UndefinedTargetFrameworkVersion = 0.0
1>_UsingDefaultForHasRuntimeOutput = true
1>_UsingDefaultPlatformTarget    = true
1>_WindowsDesktopSdkTargetFrameworkVersionFloor = 3.0
1>_WorkloadLibraryPacksFolder    = C:\Program Files\dotnet\library-packs
1>AddAdditionalExplicitAssemblyReferences = false
1>AddAppConfigToBuildOutputs     = true
1>AddItemTemplatesGuid           = {FAE04EC0-301F-11d3-BF4B-00C04F79EFBC}
1>AfterMicrosoftNETSdkTargets    = ;C:\Program Files\dotnet\sdk\6.0.100-preview.7.21379.14\Sdks\Microsoft.NET.Sdk\targets\../../Microsoft.NET.Sdk.WindowsDesktop/targets/Microsoft.NET.Sdk.WindowsDesktop.targets
1>AllowedOutputExtensionsInPackageBuildOutputFolder = .dll; .exe; .winmd; .json; .pri; .xml ;
1>AllowedOutputExtensionsInSymbolsPackageBuildOutputFolder = .pdb; .mdb; .dll; .exe; .winmd; .json; .pri; .xml ;; 
1>AllowedReferenceAssemblyFileExtensions = 
1>      .winmd;
1>      .dll;
1>      .exe
1>    
1>AllowedReferenceRelatedFileExtensions = 
1>      .pdb;
1>      .xml;
1>      .pri;
1>      .dll.config;
1>      .exe.config
1>    
1>AllowUnsafeBlocks              = false
1>ALLUSERSPROFILE                = C:\ProgramData
1>AlwaysCompileMarkupFilesInSeparateDomain = true
1>AlwaysIncludeCoreFrameworkInRuntimeConfig = false
1>AlwaysUseNumericalSuffixInItemNames = true
1>AndroidTargetsPath             = C:\Program Files\Microsoft Visual Studio\2022\Preview\MSBuild\Microsoft\MDD\Android\V150\
1>APPDATA                        = C:\Users\hansnguyen\AppData\Roaming
1>AppDesignerFolder              = Properties
1>AppDesignerFolderContentsVisibleOnlyInShowAllFiles = false
1>AppendRuntimeIdentifierToOutputPath = true
1>AppendTargetFrameworkToOutputPath = true
1>AssemblyFoldersConfigFile      = C:\Program Files\Microsoft Visual Studio\2022\Preview\MSBuild\Current\Bin\AssemblyFolders.config
1>AssemblyFoldersConfigFileSearchPath = {AssemblyFoldersFromConfig:C:\Program Files\Microsoft Visual Studio\2022\Preview\MSBuild\Current\Bin\AssemblyFolders.config,v3.0};
1>AssemblyFoldersSuffix          = AssemblyFoldersEx
1>AssemblyName                   = GridWithMenuApp1_VS2022
1>AssemblyReferenceTabs          = 0
1>AssemblySearchPaths            = {CandidateAssemblyFiles};{HintPathFromItem};{TargetFrameworkDirectory};{RawFileName}
1>AssemblyTitle                  = 
1>AssetTargetFallback            = ;net461;net462;net47;net471;net472;net48
1>AssignTargetPathsDependsOn     = 
1>Authors                        = 
1>AutomaticallyUseReferenceAssemblyPackages = true
1>AutoUnifyAssemblyReferences    = true
1>AvailablePlatforms             = Any CPU,x86,x64,ARM32
1>BaseIntermediateOutputPath     = obj\
1>BaseOutputPath                 = bin\
1>BaseOutputPathWasSpecified     = true
1>BuildCompileAction             = Build
1>BuildDependsOn                 = 
1>      BeforeBuild;
1>      CoreBuild;
1>      AfterBuild
1>    
1>BuildGenerateSourcesAction     = Build
1>BuildingInsideVisualStudio     = true
1>BuildingProject                = false
1>BuildInParallel                = true
1>BuildLinkAction                = Build
1>BuildOutputTargetFolder        = lib
1>BuildProjectReferences         = true
1>BuiltProjectOutputGroupDependenciesDependsOn = 
1>      ;
1>      
1>      ;
1>      BuildOnlySettings;
1>      PrepareForBuild;
1>      AssignTargetPaths;
1>      ResolveReferences
1>    
1>    
1>BuiltProjectOutputGroupDependsOn = PrepareForBuild
1>BundledNETCoreAppPackageVersion = 6.0.0-preview.7.21377.19
1>BundledNETCoreAppTargetFrameworkVersion = 6.0
1>BundledNETCorePlatformsPackageVersion = 6.0.0-preview.7.21377.19
1>BundledNETStandardPackageVersion = 2.1.0
1>BundledNETStandardTargetFrameworkVersion = 2.1
1>BundledRuntimeIdentifierGraphFile = C:\Program Files\dotnet\sdk\6.0.100-preview.7.21379.14\RuntimeIdentifierGraph.json
1>CheckEolTargetFramework        = true
1>CheckForOverflowUnderflow      = false
1>CleanDependsOn                 = 
1>      BeforeClean;
1>      UnmanagedUnregistration;
1>      CoreClean;
1>      CleanReferencedProjects;
1>      CleanPublishFolder;
1>      AfterClean
1>    
1>CleanFile                      = GridWithMenuApp1_VS2022.csproj.FileListAbsolute.txt
1>CmdUIContextGuid               = {FAE04EC1-301F-11d3-BF4B-00C04F79EFBC}
1>CodeAnalysisApplyLogFileXsl    = false
1>CodeAnalysisFailOnMissingRules = false
1>CodeAnalysisForceOutput        = true
1>CodeAnalysisGenerateSuccessFile = true
1>CodeAnalysisIgnoreGeneratedCode = true
1>CodeAnalysisIgnoreInvalidTargets = true
1>CodeAnalysisIgnoreMissingIndirectReferences = false
1>CodeAnalysisInputAssembly      = bin\Debug\netcoreapp3.0\GridWithMenuApp1_VS2022.dll
1>CodeAnalysisLogFile            = bin\Debug\netcoreapp3.0\GridWithMenuApp1_VS2022.dll.CodeAnalysisLog.xml
1>CodeAnalysisModuleSuppressionsFile = GlobalSuppressions.cs
1>CodeAnalysisOutputToConsole    = false
1>CodeAnalysisOverrideRuleVisibilities = false
1>CodeAnalysisPath               = C:\Program Files\Microsoft Visual Studio\2022\Preview\Team Tools\Static Analysis Tools\FxCop\
1>CodeAnalysisQuiet              = false
1>CodeAnalysisRuleDirectories    = ;C:\Program Files\Microsoft Visual Studio\2022\Preview\Team Tools\Static Analysis Tools\FxCop\\Rules
1>CodeAnalysisRuleIds            = CA1000;CA1001;CA1002;CA1003;CA1005;CA1008;CA1010;CA1012;CA1014;CA1016;CA1017;CA1018;CA1019;CA1021;CA1024;CA1027;CA1028;CA1030;CA1031;CA1032;CA1033;CA1034;CA1036;CA1040;CA1041;CA1043;CA1044;CA1045;CA1046;CA1047;CA1050;CA1051;CA1052;CA1054;CA1055;CA1056;CA1058;CA1060;CA1061;CA1062;CA1063;CA1064;CA1065;CA1066;CA1067;CA1068;CA1069;CA1070;CA1200;CA1303;CA1304;CA1305;CA1307;CA1308;CA1309;CA1310;CA1401;CA1416;CA1417;CA1418;CA1419;CA1501;CA1502;CA1505;CA1506;CA1507;CA1508;CA1509;CA1700;CA1707;CA1708;CA1710;CA1711;CA1712;CA1713;CA1715;CA1716;CA1720;CA1721;CA1724;CA1725;CA1727;CA1802;CA1805;CA1806;CA1810;CA1812;CA1813;CA1814;CA1815;CA1816;CA1819;CA1820;CA1821;CA1822;CA1823;CA1824;CA1825;CA1826;CA1827;CA1828;CA1829;CA1830;CA1831;CA1832;CA1833;CA1834;CA1835;CA1836;CA1837;CA1838;CA1839;CA1840;CA1841;CA1842;CA1843;CA1844;CA1845;CA1846;CA1847;CA1848;CA2000;CA2002;CA2007;CA2008;CA2009;CA2011;CA2012;CA2013;CA2014;CA2015;CA2016;CA2017;CA2100;CA2101;CA2109;CA2119;CA2153;CA2200;CA2201;CA2207;CA2208;CA2211;CA2213;CA2214;CA2215;CA2216;CA2217;CA2218;CA2219;CA2224;CA2225;CA2226;CA2227;CA2229;CA2231;CA2234;CA2235;CA2237;CA2241;CA2242;CA2243;CA2244;CA2245;CA2246;CA2247;CA2248;CA2249;CA2250;CA2251;CA2252;CA2253;CA2254;CA2300;CA2301;CA2302;CA2305;CA2310;CA2311;CA2312;CA2315;CA2321;CA2322;CA2326;CA2327;CA2328;CA2329;CA2330;CA2350;CA2351;CA2352;CA2353;CA2354;CA2355;CA2356;CA2361;CA2362;CA3001;CA3002;CA3003;CA3004;CA3005;CA3006;CA3007;CA3008;CA3009;CA3010;CA3011;CA3012;CA3061;CA3075;CA3076;CA3077;CA3147;CA5350;CA5351;CA5358;CA5359;CA5360;CA5361;CA5362;CA5363;CA5364;CA5365;CA5366;CA5367;CA5368;CA5369;CA5370;CA5371;CA5372;CA5373;CA5374;CA5375;CA5376;CA5377;CA5378;CA5379;CA5380;CA5381;CA5382;CA5383;CA5384;CA5385;CA5386;CA5387;CA5388;CA5389;CA5390;CA5391;CA5392;CA5393;CA5394;CA5395;CA5396;CA5397;CA5398;CA5399;CA5400;CA5401;CA5402;CA5403
1>CodeAnalysisRuleSetDirectories = ;C:\Program Files\Microsoft Visual Studio\2022\Preview\Team Tools\Static Analysis Tools\\Rule Sets
1>CodeAnalysisSaveMessagesToReport = Active
1>CodeAnalysisSearchGlobalAssemblyCache = true
1>CodeAnalysisStaticAnalysisDirectory = C:\Program Files\Microsoft Visual Studio\2022\Preview\Team Tools\Static Analysis Tools\
1>CodeAnalysisSucceededFile      = bin\Debug\netcoreapp3.0\GridWithMenuApp1_VS2022.dll.lastcodeanalysissucceeded
1>CodeAnalysisSummary            = false
1>CodeAnalysisTargets            = C:\Program Files\Microsoft Visual Studio\2022\Preview\MSBuild\Microsoft\VisualStudio\v17.0\CodeAnalysis\Microsoft.CodeAnalysis.targets
1>CodeAnalysisTimeout            = 120
1>CodeAnalysisUpdateProject      = false
1>CodeAnalysisUseTypeNameInSuppression = true
1>CodeAnalysisVerbose            = false
1>CommonOutputGroupsDependsOn    = 
1>      ;
1>      BuildOnlySettings;
1>      PrepareForBuild;
1>      AssignTargetPaths;
1>      ResolveReferences
1>    
1>CommonProgramFiles             = C:\Program Files\Common Files
1>CommonProgramW6432             = C:\Program Files\Common Files
1>CommonTargetsPath              = C:\Program Files\Microsoft Visual Studio\2022\Preview\MSBuild\Current\Bin\amd64\Microsoft.Common.CurrentVersion.targets
1>CommonXamlResourcesDirectory   = C:\Program Files\Microsoft Visual Studio\2022\Preview\MSBuild\Current\Bin\amd64\en-US\
1>Company                        = 
1>CompileDependsOn               = 
1>        
1>      
1>      ResolveReferences;
1>      ResolveKeySource;
1>      SetWin32ManifestProperties;
1>      FindReferenceAssembliesForReferences;
1>      _GenerateCompileInputs;
1>      BeforeCompile;
1>      _TimeStampBeforeCompile;
1>      _GenerateCompileDependencyCache;
1>      CoreCompile;
1>      _TimeStampAfterCompile;
1>      AfterCompile;
1>    ;
1>      _CreateAppHost;
1>      _CreateComHost;
1>      _GetIjwHostPaths;
1>    ;
1>        _AfterCompileWinFXInternal
1>    
1>CompileLicxFilesDependsOn      = 
1>CompilerGeneratedFilesOutputPath = 
1>CompileTargetNameForTemporaryAssembly = CompileTemporaryAssembly
1>COMPLUS_GCHeapCount            = 6
1>COMPLUS_GCNoAffinitize         = 1
1>ComputeIntermediateSatelliteAssembliesDependsOn = 
1>      CreateManifestResourceNames
1>    
1>ComputeNETCoreBuildOutputFiles = true
1>COMPUTERNAME                   = VN-C1-HANS
1>ComReferenceExecuteAsTool      = false
1>ComReferenceNoClassMembers     = false
1>ComSpec                        = C:\Windows\system32\cmd.exe
1>Configuration                  = Debug
1>ConfigurationName              = Debug
1>Configurations                 = Debug;Release
1>ConsiderPlatformAsProcessorArchitecture = true
1>ContentFilesProjectOutputGroupDependsOn = PrepareForBuild;AssignTargetPaths
1>ContentPreprocessorOutputDirectory = obj\Debug\netcoreapp3.0\NuGet\
1>ContentTargetFolders           = content;contentFiles
1>ContinueOnError                = false
1>CopyBuildOutputToPublishDirectory = true
1>CopyConflictingTransitiveContent = false
1>CopyLocalLockFileAssemblies    = true
1>CopyOutputSymbolsToPublishDirectory = true
1>CoreBuildDependsOn             = 
1>      _CheckForBuildWithNoBuild;
1>      
1>      BuildOnlySettings;
1>      PrepareForBuild;
1>      PreBuildEvent;
1>      ResolveReferences;
1>      PrepareResources;
1>      ResolveKeySource;
1>      Compile;
1>      ExportWindowsMDFile;
1>      UnmanagedUnregistration;
1>      GenerateSerializationAssemblies;
1>      CreateSatelliteAssemblies;
1>      GenerateManifests;
1>      GetTargetPath;
1>      PrepareForRun;
1>      UnmanagedRegistration;
1>      IncrementalClean;
1>      PostBuildEvent
1>    ;
1>      GenerateBuildDependencyFile;
1>      GenerateBuildRuntimeConfigurationFiles
1>    
1>CoreCleanDependsOn             = 
1>      _SdkBeforeClean;
1>      
1>    
1>CoreCompileDependsOn           = 
1>          DesignTimeMarkupCompilation;
1>          
1>        GenerateCompiledExpressionsTempFile;
1>        
1>        DesignTimeXamlMarkupCompilation;
1>        ;_ComputeNonExistentFileProperty;ResolveCodeAnalysisRuleSet
1>    
1>    
1>      
1>CoreResGenDependsOn            = FindReferenceAssembliesForReferences
1>CreateCustomManifestResourceNamesDependsOn = 
1>CreateHardLinksForCopyAdditionalFilesIfPossible = false
1>CreateManifestResourceNamesDependsOn = 
1>CreateSatelliteAssembliesDependsOn = 
1>      
1>      _GenerateSatelliteAssemblyInputs;
1>      ComputeIntermediateSatelliteAssemblies;
1>      GenerateSatelliteAssemblies
1>    ;
1>      CoreGenerateSatelliteAssemblies
1>    
1>CreateSymbolicLinksForCopyAdditionalFilesIfPossible = false
1>CSharpCoreTargetsPath          = C:\Program Files\Microsoft Visual Studio\2022\Preview\MSBuild\Current\Bin\Roslyn\Microsoft.CSharp.Core.targets
1>CSharpDesignTimeTargetsPath    = C:\Program Files\Microsoft Visual Studio\2022\Preview\MSBuild\Microsoft\VisualStudio\Managed\Microsoft.CSharp.DesignTime.targets
1>CSharpTargetsPath              = C:\Program Files\Microsoft Visual Studio\2022\Preview\MSBuild\Current\Bin\amd64\Microsoft.CSharp.CurrentVersion.targets
1>CurrentSolutionConfigurationContents = <SolutionConfiguration>
1><ProjectConfiguration Project="{4693df72-4233-4932-899a-9f364d66c4d9}" AbsolutePath="C:\Users\hansnguyen\source\repos\GridWithMenuApp1_VS2022\GridWithMenuApp1_VS2022.csproj">Debug|AnyCPU</ProjectConfiguration>
1></SolutionConfiguration>
1>CustomAfterMicrosoftCommonProps = C:\Program Files\Microsoft Visual Studio\2022\Preview\MSBuild\vCurrent\Custom.After.Microsoft.Common.props
1>CustomAfterMicrosoftCommonTargets = C:\Program Files\Microsoft Visual Studio\2022\Preview\MSBuild\vCurrent\Custom.After.Microsoft.Common.targets
1>CustomAfterMicrosoftCSharpTargets = C:\Program Files\Microsoft Visual Studio\2022\Preview\MSBuild\vCurrent\Custom.After.Microsoft.CSharp.targets
1>CustomBeforeMicrosoftCommonProps = C:\Program Files\Microsoft Visual Studio\2022\Preview\MSBuild\vCurrent\Custom.Before.Microsoft.Common.props
1>CustomBeforeMicrosoftCommonTargets = C:\Program Files\Microsoft Visual Studio\2022\Preview\MSBuild\vCurrent\Custom.Before.Microsoft.Common.targets
1>CustomBeforeMicrosoftCSharpTargets = C:\Program Files\Microsoft Visual Studio\2022\Preview\MSBuild\vCurrent\Custom.Before.Microsoft.CSharp.targets
1>DebuggerFlavor                 = ProjectDebugger
1>DebugSymbols                   = true
1>DebugSymbolsProjectOutputGroupDependenciesDependsOn = 
1>      ;
1>      
1>      ;
1>      BuildOnlySettings;
1>      PrepareForBuild;
1>      AssignTargetPaths;
1>      ResolveReferences
1>    
1>    
1>DebugSymbolsProjectOutputGroupDependsOn = 
1>DebugType                      = portable
1>DefaultAllowedOutputExtensionsInPackageBuildOutputFolder = .dll; .exe; .winmd; .json; .pri; .xml
1>DefaultAppHostRuntimeIdentifier = win-x64
1>DefaultCopyToPublishDirectoryMetadata = true
1>DefaultExcludesInProjectFolder = ;**/.*/**
1>DefaultImplicitPackages        = Microsoft.NETCore.App;NETStandard.Library
1>DefaultItemExcludes            = ;bin\Debug\/**;obj\Debug\/**;bin\/**;obj\/**;**/*.user;**/*.*proj;**/*.sln;**/*.vssscc
1>DefaultLanguageSourceExtension = .cs
1>DefaultProjectTypeGuid         = {FAE04EC0-301F-11D3-BF4B-00C04F79EFBC}
1>DefaultXamlRuntime             = Wpf
1>DeferredValidationErrorsFileName = obj\Debug\netcoreapp3.0\\AC2C1ABA-CCF6-44D4-8127-588FD4D0A860-DeferredValidationErrors.xml
1>DefineCommonCapabilities       = false
1>DefineCommonItemSchemas        = false
1>DefineCommonManagedCapabilities = true
1>DefineCommonManagedItemSchemas = true
1>DefineCommonManagedReferenceSchemas = true
1>DefineCommonReferenceSchemas   = false
1>DefineConstants                = TRACE;DEBUG;NETCOREAPP;NETCOREAPP3_0;
1>DefineCSharpItemSchemas        = false
1>DefineExplicitDefaults         = true
1>DelaySign                      = 
1>DeploymentComputeClickOnceManifestInfoDependsOn = 
1>      CleanPublishFolder;
1>      _DeploymentGenerateTrustInfo
1>      
1>    
1>DeploymentType                 = Installed
1>DesignerFunctionVisibility     = Private
1>DesignerHiddenCodeGeneration   = Declarations
1>DesignerRuntimeImplementationProjectOutputGroupDependsOn = 
1>      
1>      ;
1>      
1>      ;
1>      BuildOnlySettings;
1>      PrepareForBuild;
1>      AssignTargetPaths;
1>      ResolveReferences
1>    
1>    ;
1>      _GenerateDesignerDepsFile;
1>      _GenerateDesignerRuntimeConfigFile;
1>      _GatherDesignerShadowCopyFiles;
1>    
1>DesignerVariableNaming         = Camel
1>DesignTimeAssemblySearchPaths  = {CandidateAssemblyFiles};{HintPathFromItem};{TargetFrameworkDirectory};{RawFileName}
1>DesignTimeAutoUnify            = true
1>DesignTimeIntermediateOutputPath = obj\Debug\netcoreapp3.0\InProcessTempFiles\
1>DesignTimeResolveAssemblyReferencesDependsOn = 
1>      GetFrameworkPaths;
1>      GetReferenceAssemblyPaths;
1>      ResolveReferences
1>    
1>DesktopBridgeComFilesOutputGroupDependsOn = 
1>      
1>      ;
1>      BuildOnlySettings;
1>      PrepareForBuild;
1>      AssignTargetPaths;
1>      ResolveReferences
1>    
1>      ;
1>    
1>DesktopBridgeCommonTargets     = C:\Program Files\Microsoft Visual Studio\2022\Preview\MSBuild\Microsoft\DesktopBridge\Microsoft.DesktopBridge.Common.targets
1>DesktopBridgeCopyLocalOutputGroupDependsOn = 
1>      
1>      ;
1>      BuildOnlySettings;
1>      PrepareForBuild;
1>      AssignTargetPaths;
1>      ResolveReferences
1>    ;
1>      ;
1>    
1>DesktopBridgeFrameworkSDKRegistrationOutputGroupDependsOn = 
1>      
1>      ;
1>      BuildOnlySettings;
1>      PrepareForBuild;
1>      AssignTargetPaths;
1>      ResolveReferences
1>    ;
1>      
1>    
1>DesktopBridgeOutputGroupsDependsOn = 
1>      ;
1>      BuildOnlySettings;
1>      PrepareForBuild;
1>      AssignTargetPaths;
1>      ResolveReferences
1>    
1>DesktopBridgePublishItemsOutputGroupDependsOn = 
1>      
1>      ;
1>      BuildOnlySettings;
1>      PrepareForBuild;
1>      AssignTargetPaths;
1>      ResolveReferences
1>    ;
1>      ;
1>      PublishItemsOutputGroup
1>    
1>Deterministic                  = true
1>DevEnvDir                      = C:\Program Files\Microsoft Visual Studio\2022\Preview\Common7\IDE\
1>DEVPATH                        = C:\ProgramData\Red Gate\.NET Reflector\DevPath
1>DisableHandlePackageFileConflicts = true
1>DisableImplicitNamespaceImports = true
1>DisableImplicitNamespaceImports_DotNet = false
1>DisableLogTaskParameter_ConvertToAbsolutePath_Path = true
1>DisableLogTaskParameter_FindUnderPath_OutOfPath = true
1>DisableLogTaskParameter_RemoveDuplicates_Inputs = true
1>DisableLogTaskParameterItemMetadata_ConvertToAbsolutePath_AbsolutePaths = true
1>DisableLogTaskParameterItemMetadata_Copy_CopiedFiles = true
1>DisableLogTaskParameterItemMetadata_Copy_DestinationFiles = true
1>DisableLogTaskParameterItemMetadata_Copy_SourceFiles = true
1>DisableLogTaskParameterItemMetadata_FindUnderPath_Files = true
1>DisableLogTaskParameterItemMetadata_FindUnderPath_InPath = true
1>DisableLogTaskParameterItemMetadata_GenerateResource_FilesWritten = true
1>DisableLogTaskParameterItemMetadata_Hash_ItemsToHash = true
1>DisableLogTaskParameterItemMetadata_RemoveDuplicates_Filtered = true
1>DisableLogTaskParameterItemMetadata_WriteLinesToFile_Lines = true
1>DisableStandardFrameworkResolution = true
1>DisableWinExeOutputInference   = true
1>DockerBuildTasksAssembly       = C:\Program Files\Microsoft Visual Studio\2022\Preview\MSBuild\Sdks\Microsoft.Docker.Sdk\build\..\tools\Microsoft.Docker.BuildTasks.dll
1>DockerIntermediateOutputPath   = obj\Docker
1>DockerPublishDirectory         = obj\Docker\publish
1>DocumentationFile              = 
1>DocumentationProjectOutputGroupDependenciesDependsOn = 
1>      ;
1>      
1>      ;
1>      BuildOnlySettings;
1>      PrepareForBuild;
1>      AssignTargetPaths;
1>      ResolveReferences
1>    
1>    
1>DocumentationProjectOutputGroupDependsOn = 
1>DotnetCliToolTargetFramework   = netcoreapp2.2
1>DotNetNativeLibraryVersion     = 
1>DriverData                     = C:\Windows\System32\Drivers\DriverData
1>EmbeddedResourceUseDependentUponConvention = true
1>EmbeddedWin32Manifest          = 
1>EmitAssetsLogMessages          = true
1>EmitCompilerGeneratedFiles     = false
1>EmitLegacyAssetsFileItems      = false
1>EnableDefaultApplicationDefinition = true
1>EnableDefaultCompileItems      = true
1>EnableDefaultEmbeddedResourceItems = true
1>EnableDefaultItems             = true
1>EnableDefaultNoneItems         = true
1>EnableDefaultPageItems         = true
1>EnableFrameworkPathOverride    = false
1>EnableNETAnalyzers             = false
1>EnableWebSdkImplicitPackageVersions = false
1>EnforceCodeStyleInBuild        = false
1>ErrorEndLocation               = true
1>ErrorReport                    = prompt
1>ExpandSDKAllowedReferenceExtensions = 
1>      .winmd;
1>      .dll
1>    
1>ExpandSDKReferencesDependsOn   = 
1>      ResolveSDKReferences
1>    
1>FakesBinPath                   = C:\Program Files\Microsoft Visual Studio\2022\Preview\MSBuild\Microsoft\VisualStudio\v17.0\Fakes
1>FakesCommandLineArguments      =  /msbuildpath:"C:\Program Files\Microsoft Visual Studio\2022\Preview\MSBuild\Current\Bin\amd64\msbuild.exe"
1>FakesConfigurationDirectory    = C:\Users\hansnguyen\source\repos\GridWithMenuApp1_VS2022\Fakes
1>FakesContinueOnError           = false
1>FakesGenerateBeforeBuildDependsOn = 
1>      ;
1>      ResolveFakesReferences;
1>      BuildFakesAssemblies;
1>    
1>FakesImported                  = true
1>FakesIntermediatePath          = C:\Users\hansnguyen\source\repos\GridWithMenuApp1_VS2022\obj\Debug\netcoreapp3.0\Fakes
1>FakesMSBuildPath               = C:\Program Files\Microsoft Visual Studio\2022\Preview\MSBuild\Current\Bin\amd64\msbuild.exe
1>FakesOutputPath                = C:\Users\hansnguyen\source\repos\GridWithMenuApp1_VS2022\FakesAssemblies
1>FakesRelativeOutputDir         = FakesAssemblies
1>FakesTargets                   = C:\Program Files\Microsoft Visual Studio\2022\Preview\MSBuild\Microsoft\VisualStudio\v17.0\Fakes\Microsoft.QualityTools.Testing.Fakes.targets
1>FakesTasks                     = C:\Program Files\Microsoft Visual Studio\2022\Preview\MSBuild\Microsoft\VisualStudio\v17.0\Fakes\Microsoft.QualityTools.Testing.Fakes.Tasks.dll
1>FakesToolsPath                 = C:\Program Files\Microsoft Visual Studio\2022\Preview\MSBuild\Microsoft\VisualStudio\v17.0\Fakes
1>FakesUseV2Generation           = true
1>FakesVerbosity                 = Critical
1>FileAlignment                  = 512
1>FindInvalidProjectReferencesDependsOn = 
1>      GetReferenceTargetPlatformMonikers
1>    
1>FPS_BROWSER_APP_PROFILE_STRING = Internet Explorer
1>FPS_BROWSER_USER_PROFILE_STRING = Default
1>Framework20Dir                 = @(_TargetFramework20DirectoryItem)
1>Framework30Dir                 = @(_TargetFramework30DirectoryItem)
1>Framework35Dir                 = @(_TargetFramework35DirectoryItem)
1>Framework40Dir                 = @(_TargetFramework40DirectoryItem)
1>FrameworkDir                   = @(_TargetFramework40DirectoryItem)
1>FrameworkPathOverride          = 
1>FrameworkRegistryBase          = Software\Microsoft\.NETCoreApp
1>FrameworkSDKDir                = @(_TargetFrameworkSDKDirectoryItem)
1>FrameworkSDKRoot               = 
1>FullReferenceAssemblyNames     = Full
1>GCExpConfigUsedInSession       = 2
1>Generateassemblyinfo           = False
1>GenerateBindingRedirectsOutputType = true
1>GenerateClickOnceManifests     = 
1>GenerateCompiledExpressionsTempFilePathForEditing = obj\Debug\netcoreapp3.0\\TemporaryGeneratedFile_E7A71F73-0F8D-4B9B-B56E-8E70B10BC5D3.cs
1>GenerateCompiledExpressionsTempFilePathForTypeInfer = obj\Debug\netcoreapp3.0\\TemporaryGeneratedFile_5937a670-0e60-4077-877b-f7221da3dda1.cs
1>GenerateCompiledExpressionsTempFilePathForValidation = obj\Debug\netcoreapp3.0\\TemporaryGeneratedFile_036C0B5B-1481-4323-8D20-8F5ADCB23D92.cs
1>GeneratedAssemblyInfoFile      = obj\Debug\netcoreapp3.0\GridWithMenuApp1_VS2022.AssemblyInfo.cs
1>GenerateDependencyFile         = true
1>GeneratedFileExtension         = .g.cs
1>GeneratedImplicitNamespaceImportFile = obj\Debug\netcoreapp3.0\GridWithMenuApp1_VS2022.ImplicitNamespaceImports.cs
1>GenerateDocumentationFile      = false
1>GenerateFakesDependsOn         = 
1>      ;
1>      BeforeGenerateFakesAssemblies;
1>      GenerateFakesAssemblies;
1>      CopyFakesAssembliesToOutputDir;
1>    
1>GenerateFullPaths              = true
1>GenerateManifestsDependsOn     = 
1>      SetWin32ManifestProperties;
1>      GenerateApplicationManifest;
1>      GenerateDeploymentManifest
1>    
1>GenerateNuspecDependsOn        = Build;_LoadPackInputItems; _GetTargetFrameworksOutput; _WalkEachTargetPerFramework; _GetPackageFiles; 
1>GeneratePackageOnBuild         = false
1>GenerateResourceMSBuildArchitecture = CurrentArchitecture
1>GenerateResourceMSBuildRuntime = CurrentRuntime
1>GenerateResourceUsePreserializedResources = true
1>GenerateRuntimeConfigDevFile   = true
1>GenerateRuntimeConfigurationFiles = true
1>GenerateTargetFrameworkAttribute = true
1>GeneratorsTypeGuid             = {FAE04EC1-301F-11d3-BF4B-00C04F79EFBC}
1>GetCopyToOutputDirectoryItemsDependsOn = 
1>      AssignTargetPaths;
1>      
1>      AssignProjectConfiguration;
1>      _SplitProjectReferencesByFileExistence
1>    ;
1>      _GetProjectReferenceTargetFrameworkProperties;
1>      _PopulateCommonStateForGetCopyToOutputDirectoryItems
1>    
1>GetFrameworkPathsDependsOn     = 
1>GetReferenceNearestTargetFrameworkTaskSupportsTargetPlatformParameter = true
1>GetTargetPathDependsOn         = 
1>GetTargetPathWithTargetPlatformMonikerDependsOn = 
1>GIT_LFS_PATH                   = C:\Program Files\Git LFS
1>HasRuntimeOutput               = true
1>HideWarningsAndErrors          = false
1>HighEntropyVA                  = true
1>HOMEDRIVE                      = C:
1>HOMEPATH                       = \Users\hansnguyen
1>HostInBrowser                  = false
1>ILLinkTasksAssembly            = C:\Program Files\dotnet\sdk\6.0.100-preview.7.21379.14\Sdks\Microsoft.NET.ILLink.Tasks\build\..\tools\net472\ILLink.Tasks.dll
1>ImplicitConfigurationDefine    = DEBUG
1>ImplicitFrameworkDefine        = NETCOREAPP3_0
1>ImplicitPackageReferenceInformationLink = https://aka.ms/sdkimplicitrefs
1>ImportByWildcardAfterMicrosoftCommonProps = true
1>ImportByWildcardAfterMicrosoftCommonTargets = true
1>ImportByWildcardAfterMicrosoftCSharpTargets = true
1>ImportByWildcardBeforeMicrosoftCommonProps = true
1>ImportByWildcardBeforeMicrosoftCommonTargets = true
1>ImportByWildcardBeforeMicrosoftCSharpTargets = true
1>ImportDirectoryBuildProps      = true
1>ImportDirectoryBuildTargets    = true
1>ImportDirectoryPackagesProps   = true
1>ImportFrameworkWinFXTargets    = false
1>ImportNuGetBuildTasksPackTargetsFromSdk = true
1>ImportProjectExtensionProps    = true
1>ImportProjectExtensionTargets  = true
1>ImportUserLocationsByWildcardAfterMicrosoftCommonProps = true
1>ImportUserLocationsByWildcardAfterMicrosoftCommonTargets = true
1>ImportUserLocationsByWildcardAfterMicrosoftCSharpTargets = true
1>ImportUserLocationsByWildcardBeforeMicrosoftCommonProps = true
1>ImportUserLocationsByWildcardBeforeMicrosoftCommonTargets = true
1>ImportUserLocationsByWildcardBeforeMicrosoftCSharpTargets = true
1>ImportWindowsDesktopTargets    = true
1>ImportXamlTargets              = true
1>IncludeBuildOutput             = true
1>IncludeContentInPack           = true
1>IncludeFileVersionsInDependencyFile = true
1>IncludeMainProjectInDepsFile   = true
1>IncludePackageReferencesDuringMarkupCompilation = true
1>IncludeSymbolsInSingleFile     = false
1>InnerBuildProperty             = TargetFramework
1>InnerBuildPropertyValues       = TargetFrameworks
1>IntermediateLinkDir            = obj\Debug\netcoreapp3.0\linked\
1>IntermediateOutputPath         = obj\Debug\netcoreapp3.0\
1>iOSTargetsPath                 = C:\Program Files\Microsoft Visual Studio\2022\Preview\MSBuild\Microsoft\MDD\iOS\V150\
1>IsApplication                  = true
1>IsCSharpOrVbProject            = true
1>IsLegacyCodeAnalysis           = true
1>IsPackable                     = true
1>IsPublishable                  = true
1>IsRestoreTargetsFileLoaded     = true
1>JAVA_HOME                      = C:\Program Files\Microsoft\jdk-11.0.10.9-hotspot
1>LangID                         = 1033
1>LangName                       = en-US
1>Language                       = C#
1>LanguageServiceId              = {694DD9B6-B865-4C5B-AD85-86356E9C88DC}
1>LanguageServiceName            = C#
1>LanguageTargets                = C:\Program Files\Microsoft Visual Studio\2022\Preview\MSBuild\Current\Bin\amd64\Microsoft.CSharp.targets
1>LangVersion                    = 8.0
1>LiveUnitTestingPortableRuntimePath = C:\Program Files\Microsoft Visual Studio\2022\Preview\MSBuild\Microsoft\LiveUnitTesting\Portable\Microsoft.CodeAnalysis.LiveUnitTesting.Runtime.dll
1>LiveUnitTestingRuntimePath     = C:\Program Files\Microsoft Visual Studio\2022\Preview\MSBuild\Microsoft\LiveUnitTesting\Microsoft.CodeAnalysis.LiveUnitTesting.Runtime.dll
1>LoadTimeSensitiveProperties    = 
1>      ;
1>    
1>LoadTimeSensitiveTargets       = 
1>      ;
1>      XamlMarkupCompilePass1;
1>    
1>LOCALAPPDATA                   = C:\Users\hansnguyen\AppData\Local
1>LocalizationDirectivesToLocFile = None
1>LOGONSERVER                    = \\VNDC01
1>ManagedXamlNeutralResourcesDirectory = C:\Program Files\Microsoft Visual Studio\2022\Preview\MSBuild\Microsoft\VisualStudio\Managed\
1>ManagedXamlResourcesDirectory  = C:\Program Files\Microsoft Visual Studio\2022\Preview\MSBuild\Microsoft\VisualStudio\Managed\
1>MarkPackageReferencesAsExternallyResolved = true
1>MarkupCompilePass2ForMainAssemblyDependsOn = 
1>                     GenerateTemporaryTargetAssembly;
1>                     MarkupCompilePass2;
1>                     AfterMarkupCompilePass2;
1>                     CleanupTemporaryTargetAssembly
1>       
1>MaxSupportedLangVersion        = 8.0
1>MaxTargetPath                  = 100
1>MicrosoftCommonPropsHasBeenImported = true
1>MicrosoftNETBuildExtensionsTargets = C:\Program Files\Microsoft Visual Studio\2022\Preview\MSBuild\Microsoft\Microsoft.NET.Build.Extensions\Microsoft.NET.Build.Extensions.targets
1>MicrosoftNETBuildExtensionsTasksAssembly = C:\Program Files\Microsoft Visual Studio\2022\Preview\MSBuild\Microsoft\Microsoft.NET.Build.Extensions\\tools\net472\Microsoft.NET.Build.Extensions.Tasks.dll
1>MicrosoftNETBuildTasksAssembly = C:\Program Files\dotnet\sdk\6.0.100-preview.7.21379.14\Sdks\Microsoft.NET.Sdk\targets\..\tools\net472\Microsoft.NET.Build.Tasks.dll
1>MicrosoftNETBuildTasksDirectory = C:\Program Files\dotnet\sdk\6.0.100-preview.7.21379.14\Sdks\Microsoft.NET.Sdk\targets\..\tools\net472\
1>MicrosoftNETBuildTasksDirectoryRoot = C:\Program Files\dotnet\sdk\6.0.100-preview.7.21379.14\Sdks\Microsoft.NET.Sdk\targets\..\tools\
1>MicrosoftNETBuildTasksTFM      = net472
1>MicrosoftNETCrossgenBuildTasksAssembly = C:\Program Files\dotnet\sdk\6.0.100-preview.7.21379.14\Sdks\Microsoft.NET.Sdk\targets\..\tasks\net472\Microsoft.NET.Sdk.Crossgen.dll
1>MicrosoftNETFrameworkReferenceAssembliesLatestPackageVersion = 1.0.2
1>MicrosoftNETWindowsWorkloadInstalled = true
1>MsAppxPackageTargets           = C:\Program Files\Microsoft Visual Studio\2022\Preview\MSBuild\Microsoft\VisualStudio\v17.0\AppxPackage\Microsoft.AppXPackage.Targets
1>MSBuildAllProjects             = C:\Users\hansnguyen\source\repos\GridWithMenuApp1_VS2022\obj\GridWithMenuApp1_VS2022.csproj.nuget.g.targets;;C:\Users\hansnguyen\source\repos\GridWithMenuApp1_VS2022\obj\GridWithMenuApp1_VS2022.csproj.nuget.g.props;C:\Program Files\Microsoft Visual Studio\2022\Preview\MSBuild\Current\Bin\amd64\Microsoft.Xaml.targets;C:\Program Files\Microsoft Visual Studio\2022\Preview\Common7\IDE\CommonExtensions\Microsoft\NuGet\NuGet.targets;C:\Users\hansnguyen\source\repos\GridWithMenuApp1_VS2022\obj\GridWithMenuApp1_VS2022.csproj.nuget.g.targets;C:\Program Files\dotnet\sdk\6.0.100-preview.7.21379.14\Sdks\NuGet.Build.Tasks.Pack\build\NuGet.Build.Tasks.Pack.targets
1>MSBuildAssemblyVersion         = 17.0
1>MSBuildBinPath                 = C:\Program Files\Microsoft Visual Studio\2022\Preview\MSBuild\Current\Bin\amd64
1>MSBuildCopyContentTransitively = true
1>MSBuildDisableFeaturesFromVersion = 999.999
1>MSBuildEnableWorkloadResolver  = true
1>MSBuildExtensionsPath          = C:\Program Files\Microsoft Visual Studio\2022\Preview\MSBuild
1>MSBuildExtensionsPath32        = C:\Program Files\Microsoft Visual Studio\2022\Preview\MSBuild
1>MSBuildExtensionsPath64        = C:\Program Files\MSBuild
1>MSBuildFileVersion             = 17.0.0.38001
1>MSBuildFrameworkToolsPath      = C:\Windows\Microsoft.NET\Framework\v4.0.30319\
1>MSBuildFrameworkToolsPath32    = C:\Windows\Microsoft.NET\Framework\v4.0.30319\
1>MSBuildFrameworkToolsPath64    = C:\Windows\Microsoft.NET\Framework64\v4.0.30319\
1>MSBuildFrameworkToolsRoot      = C:\Windows\Microsoft.NET\Framework\
1>MSBuildLastTaskResult          = true
1>MSBuildLoadMicrosoftTargetsReadOnly = true
1>MSBuildNodeCount               = 12
1>MSBuildProgramFiles32          = C:\Program Files (x86)
1>MSBuildProjectDefaultTargets   = Build
1>MSBuildProjectDirectory        = C:\Users\hansnguyen\source\repos\GridWithMenuApp1_VS2022
1>MSBuildProjectDirectoryNoRoot  = Users\hansnguyen\source\repos\GridWithMenuApp1_VS2022
1>MSBuildProjectExtension        = .csproj
1>MSBuildProjectExtensionsPath   = C:\Users\hansnguyen\source\repos\GridWithMenuApp1_VS2022\obj\
1>MSBuildProjectFile             = GridWithMenuApp1_VS2022.csproj
1>MSBuildProjectFullPath         = C:\Users\hansnguyen\source\repos\GridWithMenuApp1_VS2022\GridWithMenuApp1_VS2022.csproj
1>MSBuildProjectName             = GridWithMenuApp1_VS2022
1>MSBuildRuntimeType             = Full
1>MSBuildRuntimeVersion          = 4.0.30319
1>MSBuildSDKsPath                = C:\Program Files\Microsoft Visual Studio\2022\Preview\MSBuild\Sdks
1>MSBuildSemanticVersion         = 17.0.0-preview-21380-01+b6e7d6051
1>MSBuildStartupDirectory        = C:\Windows\system32
1>MSBuildToolsPath               = C:\Program Files\Microsoft Visual Studio\2022\Preview\MSBuild\Current\Bin\amd64
1>MSBuildToolsPath32             = C:\Program Files\Microsoft Visual Studio\2022\Preview\MSBuild\Current\Bin
1>MSBuildToolsPath64             = C:\Program Files\Microsoft Visual Studio\2022\Preview\MSBuild\Current\Bin\amd64
1>MSBuildToolsRoot               = C:\Program Files\Microsoft Visual Studio\2022\Preview\MSBuild
1>MSBuildToolsVersion            = Current
1>MSBuildUserExtensionsPath      = C:\Users\hansnguyen\AppData\Local\Microsoft\MSBuild
1>MSBuildUseVisualStudioDirectoryLayout = True
1>MSBuildVersion                 = 17.0.0
1>MSBuildWarningsAsErrors        = ;NU1605
1>MSBuildWarningsAsMessages      = 1701;1702
1>MsTestToolsTargets             = C:\Program Files\Microsoft Visual Studio\2022\Preview\MSBuild\Microsoft\VisualStudio\v17.0\TeamTest\Microsoft.TeamTest.targets
1>NETCoreAppMaximumVersion       = 6.0
1>NetCoreRoot                    = C:\Program Files\dotnet\
1>NETCoreSdkBundledCliToolsProps = C:\Program Files\dotnet\sdk\6.0.100-preview.7.21379.14\Sdks\Microsoft.NET.Sdk\targets\..\..\..\Microsoft.NETCoreSdk.BundledCliTools.props
1>NETCoreSdkBundledVersionsProps = C:\Program Files\dotnet\sdk\6.0.100-preview.7.21379.14\Sdks\Microsoft.NET.Sdk\targets\..\..\..\Microsoft.NETCoreSdk.BundledVersions.props
1>NETCoreSdkPortableRuntimeIdentifier = win-x64
1>NETCoreSdkRuntimeIdentifier    = win-x64
1>NETCoreSdkVersion              = 6.0.100-preview.7.21379.14
1>NetCoreTargetingPackRoot       = C:\Program Files\dotnet\packs
1>NetfxCoreRuntimeSettingsTargets = C:\Program Files (x86)\MSBuild\15.0\.Net\CoreRuntime\Microsoft.Net.CoreRuntime.Settings.targets
1>NetfxCoreRuntimeTargets        = C:\Program Files (x86)\MSBuild\15.0\.Net\CoreRuntime\Microsoft.Net.CoreRuntime.targets
1>NoCompilerStandardLib          = true
1>NoStdLib                       = true
1>NoWarn                         = 1701;1702
1>NuGetBuildTasksPackTargets     = C:\Program Files\dotnet\sdk\6.0.100-preview.7.21379.14\Sdks\Microsoft.NET.Sdk\Sdk\..\..\NuGet.Build.Tasks.Pack\build\NuGet.Build.Tasks.Pack.targets
1>NugetExe                       = C:\bin\nuget.exe
1>NuGetInteractive               = 
1>NuGetPackageFolders            = C:\Users\hansnguyen\.nuget\packages\;C:\Program Files (x86)\Microsoft Visual Studio\Shared\NuGetPackages;C:\Program Files (x86)\Microsoft\Xamarin\NuGet\;C:\Program Files\dotnet\sdk\NuGetFallbackFolder
1>NuGetPackageRoot               = C:\Users\hansnguyen\.nuget\packages\
1>NuGetPackTaskAssemblyFile      = ..\Desktop\NuGet.Build.Tasks.Pack.dll
1>NuGetProjectStyle              = PackageReference
1>NuGetProps                     = C:\Program Files\Microsoft Visual Studio\2022\Preview\MSBuild\Microsoft\NuGet\17.0\Microsoft.NuGet.props
1>NuGetPropsFile                 = C:\Program Files\Microsoft Visual Studio\2022\Preview\MSBuild\Current\Bin\..\..\..\Common7\IDE\CommonExtensions\Microsoft\NuGet\NuGet.props
1>NuGetRestoreTargets            = C:\Program Files\Microsoft Visual Studio\2022\Preview\MSBuild\Current\Bin\..\..\..\Common7\IDE\CommonExtensions\Microsoft\NuGet\NuGet.targets
1>NugetSignParams                =  sign -CertificateFingerprint 2F40FF5FB6C4D38019C6323988F3FD9C5F148DA8 -Timestamper http://timestamp.digicert.com 
1>NuGetTargetMoniker             = .NETCoreApp,Version=v3.0
1>NuGetTargets                   = C:\Program Files\Microsoft Visual Studio\2022\Preview\MSBuild\Microsoft\NuGet\17.0\Microsoft.NuGet.targets
1>NuGetToolVersion               = 6.0.0
1>NUMBER_OF_PROCESSORS           = 12
1>NuspecOutputPath               = obj\Debug\
1>OneDrive                       = C:\Users\hansnguyen\OneDrive - GrapeCity Group
1>OneDriveCommercial             = C:\Users\hansnguyen\OneDrive - GrapeCity Group
1>Optimize                       = false
1>OS                             = Windows_NT
1>OSVersion                      = 5.1.2600.0
1>OutDir                         = bin\Debug\netcoreapp3.0\
1>OutputPath                     = bin\Debug\netcoreapp3.0\
1>OutputType                     = WinExe
1>OverwriteReadOnlyFiles         = false
1>PackageAction                  = Pack
1>PackageDescription             = Package Description
1>PackageDownloadSupported       = true
1>PackagedShimOutputRootDirectory = bin\Debug\netcoreapp3.0\
1>PackageId                      = GridWithMenuApp1_VS2022
1>PackageOutputPath              = bin\Debug\
1>PackageRequireLicenseAcceptance = false
1>PackageVersion                 = 1.0.0
1>PackDependsOn                  = ; _IntermediatePack; GenerateNuspec; 
1>Path                           = C:\Program Files\Microsoft\jdk-11.0.10.9-hotspot\bin;C:\Windows\system32;C:\Windows;C:\Windows\System32\Wbem;C:\Windows\System32\WindowsPowerShell\v1.0\;C:\Windows\System32\OpenSSH\;C:\Program Files\dotnet\;C:\Program Files\Microsoft SQL Server\130\Tools\Binn\;C:\Program Files\Microsoft SQL Server\Client SDK\ODBC\170\Tools\Binn\;C:\Program Files\Git LFS;C:\Program Files (x86)\dotnet\;C:\Program Files (x86)\Microsoft SQL Server\150\Tools\Binn\;C:\Program Files\Microsoft SQL Server\150\Tools\Binn\;C:\Program Files\Microsoft SQL Server\150\DTS\Binn\;C:\Program Files\Git\cmd;C:\Program Files (x86)\Microsoft SQL Server\150\DTS\Binn\;C:\Program Files\Azure Data Studio\bin;C:\Program Files\Microsoft SQL Server\140\Tools\Binn\;C:\Users\hansnguyen\AppData\Local\Microsoft\WindowsApps;C:\Users\hansnguyen\.dotnet\tools;C:\Program Files\Azure Data Studio\bin;C:\Program Files\Microsoft Visual Studio\2022\Preview\MSBuild\Current\Bin;
1>PATHEXT                        = .COM;.EXE;.BAT;.CMD;.VBS;.VBE;.JS;.JSE;.WSF;.WSH;.MSC
1>PKGAPI                         = 068D1D7C-572C-4BD0-A4B2-A3B2E6EF967C
1>PkgC1_Xaml_WPF                 = C:\Users\hansnguyen\.nuget\packages\c1.xaml.wpf\4.5.20213.749
1>PkgC1_Xaml_WPF_DateTimeEditors = C:\Users\hansnguyen\.nuget\packages\c1.xaml.wpf.datetimeeditors\4.5.20213.749
1>PkgC1_Xaml_WPF_FlexGrid        = C:\Users\hansnguyen\.nuget\packages\c1.xaml.wpf.flexgrid\4.5.20213.749
1>PkgC1_Xaml_WPF_FlexGrid_GroupPanel = C:\Users\hansnguyen\.nuget\packages\c1.xaml.wpf.flexgrid.grouppanel\4.5.20213.749
1>PkgC1_Xaml_WPF_Toolbar         = C:\Users\hansnguyen\.nuget\packages\c1.xaml.wpf.toolbar\4.5.20213.749
1>PkgDefApplicationConfigFile    = C:\Users\hansnguyen\AppData\Local\Microsoft\VisualStudio\17.0_a10c1319\devenv.exe.config
1>PKGFEED                        = https://pkg.grapecitydev.com/nuget/nuget-dev/
1>Platform                       = AnyCPU
1>PlatformName                   = AnyCPU
1>Platforms                      = AnyCPU
1>PlatformTargetAsMSBuildArchitecture = CurrentArchitecture
1>PlatformTargetAsMSBuildArchitectureExplicitlySet = false
1>PostBuildEventDependsOn        = 
1>PreBuildEventDependsOn         = 
1>Prefer32Bit                    = false
1>PreferredUILang                = en-US
1>PrepareForBuildDependsOn       = ;GetFrameworkPaths;GetReferenceAssemblyPaths;AssignLinkMetadata
1>PrepareForRunDependsOn         = 
1>      CopyFilesToOutputDirectory
1>    ;RunCodeAnalysis
1>PrepareProjectReferencesDependsOn = 
1>      AssignProjectConfiguration;
1>      _SplitProjectReferencesByFileExistence;
1>      _GetProjectReferenceTargetFrameworkProperties;
1>      _GetProjectReferencePlatformProperties
1>    
1>PrepareResourceNamesDependsOn  = 
1>                    AssignWinFXEmbeddedResource;
1>                    
1>      AssignTargetPaths;
1>      SplitResourcesByCulture;
1>      CreateManifestResourceNames;
1>      CreateCustomManifestResourceNames
1>    
1>      
1>PrepareResourcesDependsOn      = 
1>                MarkupCompilePass1;
1>                AfterMarkupCompilePass1;
1>                MarkupCompilePass2ForMainAssembly;
1>                FileClassification;
1>                MainResourcesGeneration;
1>                
1>      ResolvePackageDependenciesForBuild;
1>      _HandlePackageFileConflicts;
1>      
1>      ValidationExtension;
1>      ExpressionBuildExtension;
1>      
1>      XamlMarkupCompilePass1;
1>      XamlMarkupCompilePass2;
1>      
1>      ;
1>      PrepareResourceNames;
1>      ResGen;
1>      CompileLicxFiles
1>     
1>    
1>    
1>    
1>      
1>PreserveCompilationReferences  = 
1>PROCESSOR_ARCHITECTURE         = AMD64
1>PROCESSOR_IDENTIFIER           = Intel64 Family 6 Model 165 Stepping 2, GenuineIntel
1>PROCESSOR_LEVEL                = 6
1>PROCESSOR_REVISION             = a502
1>ProcessorArchitecture          = msil
1>ProcessorArchitectureAsPlatform = AnyCPU
1>ProduceReferenceAssembly       = false
1>Product                        = 
1>ProgramData                    = C:\ProgramData
1>ProgramFiles                   = C:\Program Files
1>ProgramW6432                   = C:\Program Files
1>ProjectAssetsCacheFile         = C:\Users\hansnguyen\source\repos\GridWithMenuApp1_VS2022\obj\Debug\netcoreapp3.0\GridWithMenuApp1_VS2022.assets.cache
1>ProjectAssetsFile              = C:\Users\hansnguyen\source\repos\GridWithMenuApp1_VS2022\obj\project.assets.json
1>ProjectDepsFileName            = GridWithMenuApp1_VS2022.deps.json
1>ProjectDepsFilePath            = C:\Users\hansnguyen\source\repos\GridWithMenuApp1_VS2022\bin\Debug\netcoreapp3.0\GridWithMenuApp1_VS2022.deps.json
1>ProjectDesignTimeAssemblyResolutionSearchPaths = 
1>      {CandidateAssemblyFiles};
1>      ;
1>      {HintPathFromItem};
1>      {TargetFrameworkDirectory};
1>      {Registry:Software\Microsoft\.NETCoreApp,v3.0,AssemblyFoldersEx};
1>      {RawFileName};
1>      C:\Users\hansnguyen\source\repos\GridWithMenuApp1_VS2022\bin\Debug\netcoreapp3.0\
1>    
1>ProjectDir                     = C:\Users\hansnguyen\source\repos\GridWithMenuApp1_VS2022\
1>ProjectExt                     = .csproj
1>ProjectFileName                = GridWithMenuApp1_VS2022.csproj
1>ProjectFlavor                  = Client
1>ProjectName                    = GridWithMenuApp1_VS2022
1>ProjectNSettingsTargets        = C:\Program Files (x86)\MSBuild\15.0\.Net\.NetNative\15.0.24211\Microsoft.NetNative.Settings.targets
1>ProjectNTargets                = C:\Program Files (x86)\MSBuild\15.0\.Net\.NetNative\15.0.24211\Microsoft.NetNative.targets
1>ProjectPath                    = C:\Users\hansnguyen\source\repos\GridWithMenuApp1_VS2022\GridWithMenuApp1_VS2022.csproj
1>ProjectRuntimeConfigDevFilePath = C:\Users\hansnguyen\source\repos\GridWithMenuApp1_VS2022\bin\Debug\netcoreapp3.0\GridWithMenuApp1_VS2022.runtimeconfig.dev.json
1>ProjectRuntimeConfigFileName   = GridWithMenuApp1_VS2022.runtimeconfig.json
1>ProjectRuntimeConfigFilePath   = C:\Users\hansnguyen\source\repos\GridWithMenuApp1_VS2022\bin\Debug\netcoreapp3.0\GridWithMenuApp1_VS2022.runtimeconfig.json
1>PSModulePath                   = C:\Program Files\WindowsPowerShell\Modules;C:\Windows\system32\WindowsPowerShell\v1.0\Modules;C:\Program Files (x86)\Microsoft SQL Server\150\Tools\PowerShell\Modules\
1>PUBLIC                         = C:\Users\Public
1>PublishableProject             = true
1>PublishBuildDependsOn          = 
1>            BuildOnlySettings;
1>            PrepareForBuild;
1>            ResolveReferences;
1>            PrepareResources;
1>            ResolveKeySource;
1>            PrepareResourcesForSatelliteAssemblies;
1>            GenerateSerializationAssemblies;
1>            CreateSatelliteAssemblies;
1>        
1>PublishDependsOn               = 
1>      SetGenerateManifests;
1>      Build;
1>      PublishOnly
1>    
1>PublishDir                     = bin\Debug\netcoreapp3.0\publish\
1>PublishDirName                 = publish
1>PublishDocumentationFile       = true
1>PublishDocumentationFiles      = true
1>PublishItemsOutputGroupDependsOn = 
1>      ;
1>      ResolveReferences;
1>      ComputeResolvedFilesToPublishList;
1>      _ComputeFilesToBundle;
1>    
1>PublishOnlyDependsOn           = 
1>      SetGenerateManifests;
1>      PublishBuild;
1>      BeforePublish;
1>      GenerateManifests;
1>      CopyFilesToOutputDirectory;
1>      _CopyFilesToPublishFolder;
1>      _DeploymentGenerateBootstrapper;
1>      ResolveKeySource;
1>      _DeploymentSignClickOnceDeployment;
1>      AfterPublish
1>    
1>PublishProfileImported         = false
1>PublishReadyToRunComposite     = false
1>PublishReadyToRunUseRuntimePackOptimizationData = true
1>PublishReferencesDocumentationFiles = true
1>RebuildDependsOn               = 
1>      _SdkBeforeRebuild;
1>      
1>      BeforeRebuild;
1>      Clean;
1>      Build;
1>      AfterRebuild;
1>    
1>    
1>RefAssembliesFolderName        = refs
1>ReferenceCopyLocalPathsOutputGroupDependsOn = 
1>      ;
1>      
1>      ;
1>      BuildOnlySettings;
1>      PrepareForBuild;
1>      AssignTargetPaths;
1>      ResolveReferences
1>    
1>    
1>ReportingServicesTargets       = C:\Program Files\Microsoft Visual Studio\2022\Preview\MSBuild\Microsoft\VisualStudio\v17.0\ReportingServices\Microsoft.ReportingServices.targets
1>ResGenDependsOn                = ResolveAssemblyReferences;SplitResourcesByCulture;BeforeResGen;CoreResGen;AfterResGen
1>ResGenExecuteAsTool            = false
1>ResolveAssemblyReferenceOutputUnresolvedAssemblyConflicts = true
1>ResolveAssemblyReferencesDependsOn = 
1>      
1>      
1>      
1>      ResolveProjectReferences;
1>      FindInvalidProjectReferences;
1>      GetFrameworkPaths;
1>      GetReferenceAssemblyPaths;
1>      PrepareForBuild;
1>      ResolveSDKReferences;
1>      ExpandSDKReferences;
1>    ;
1>      FakesGenerateBeforeBuild;
1>    ;
1>      ResolvePackageDependenciesForBuild;
1>      _HandlePackageFileConflicts;
1>    ;
1>      ResolveTargetingPackAssets;
1>    
1>ResolveNuGetPackages           = false
1>ResolvePackageDependenciesForBuildDependsOn = 
1>      ResolveLockFileReferences;
1>      ResolveLockFileAnalyzers;
1>      ResolveLockFileCopyLocalFiles;
1>      ResolveRuntimePackAssets;
1>      RunProduceContentAssets;
1>      IncludeTransitiveProjectReferences
1>    
1>ResolveReferencesDependsOn     = 
1>      
1>      BeforeResolveReferences;
1>      AssignProjectConfiguration;
1>      ResolveProjectReferences;
1>      FindInvalidProjectReferences;
1>      ResolveNativeReferences;
1>      ResolveAssemblyReferences;
1>      GenerateBindingRedirects;
1>      ResolveComReferences;
1>      AfterResolveReferences
1>    ;
1>      ResolveTestReferences
1>    
1>ResolveSDKReferencesDependsOn  = 
1>      GetInstalledSDKLocations
1>    
1>RestoreAdditionalProjectFallbackFolders = ;C:\Program Files\dotnet\sdk\6.0.100-preview.7.21379.14\Sdks\Microsoft.NET.Sdk\targets\..\..\..\..\NuGetFallbackFolder
1>RestoreBuildInParallel         = true
1>RestoreContinueOnError         = WarnAndContinue
1>RestoreOutputPath              = C:\Users\hansnguyen\source\repos\GridWithMenuApp1_VS2022\obj\
1>RestoreProjectStyle            = PackageReference
1>RestoreRecursive               = true
1>RestoreSuccess                 = True
1>RestoreTaskAssemblyFile        = NuGet.Build.Tasks.dll
1>RestoreTool                    = NuGet
1>RestoreUseSkipNonexistentTargets = true
1>RootNamespace                  = GridWithMenuApp1_VS2022
1>RoslynTargetsPath              = C:\Program Files\Microsoft Visual Studio\2022\Preview\MSBuild\Current\Bin\Roslyn
1>RunAfterInstall                = true
1>RunAnalyzersDuringBuild        = true
1>RunAnalyzersDuringLiveAnalysis = true
1>RunArguments                   = 
1>RunCodeAnalysisDependsOn       = ;Compile
1>RunCodeAnalysisInputs          = bin\Debug\netcoreapp3.0\GridWithMenuApp1_VS2022.dll
1>RunCommand                     = C:\Users\hansnguyen\source\repos\GridWithMenuApp1_VS2022\bin\Debug\netcoreapp3.0\GridWithMenuApp1_VS2022.exe
1>RunCppAnalysis                 = false
1>RunDependsOn                   = 
1>RunMsvcAnalysis                = false
1>RuntimeIdentifierGraphPath     = C:\Program Files\dotnet\sdk\6.0.100-preview.7.21379.14\RuntimeIdentifierGraph.json
1>RuntimePackInWorkloadVersion   = 6.0.0-preview.7.21377.19
1>RunWorkingDirectory            = 
1>SatelliteDllsProjectOutputGroupDependenciesDependsOn = 
1>      ;
1>      
1>      ;
1>      BuildOnlySettings;
1>      PrepareForBuild;
1>      AssignTargetPaths;
1>      ResolveReferences
1>    
1>    
1>SatelliteDllsProjectOutputGroupDependsOn = PrepareForBuild;PrepareResourceNames
1>SDK35ToolsPath                 = 
1>SDK40ToolsPath                 = C:\Program Files (x86)\Microsoft SDKs\Windows\v10.0A\bin\NETFX 4.8 Tools\
1>SDKRedistOutputGroupDependsOn  = ResolveSDKReferences;ExpandSDKReferences
1>SDKReferenceDirectoryRoot      = C:\Users\hansnguyen\AppData\Local\Microsoft SDKs;C:\Program Files (x86)\Microsoft SDKs
1>SDKReferenceRegistryRoot       = Software\Microsoft\Microsoft SDKs
1>SelfContained                  = false
1>ServiceHubLogSessionKey        = E9293FB2
1>SESSIONNAME                    = Console
1>SGenFilesOutputGroupDependenciesDependsOn = 
1>      ;
1>      
1>      ;
1>      BuildOnlySettings;
1>      PrepareForBuild;
1>      AssignTargetPaths;
1>      ResolveReferences
1>    
1>    
1>SGenFilesOutputGroupDependsOn  = 
1>SGenShouldGenerateSerializer   = true
1>SGenUseKeep                    = false
1>SGenUseProxyTypes              = true
1>ShouldMarkCertainSDKReferencesAsRuntimeOnly = true
1>SignAssembly                   = false
1>SkipCopyUnchangedFiles         = true
1>SkipImportNuGetBuildTargets    = true
1>SkipImportNuGetProps           = true
1>SolutionDir                    = C:\Users\hansnguyen\source\repos\GridWithMenuApp1_VS2022\
1>SolutionExt                    = .sln
1>SolutionFileName               = GridWithMenuApp1_VS2022.sln
1>SolutionName                   = GridWithMenuApp1_VS2022
1>SolutionPath                   = C:\Users\hansnguyen\source\repos\GridWithMenuApp1_VS2022\GridWithMenuApp1_VS2022.sln
1>SourceControlInformationFeatureSupported = true
1>SourceFilesProjectOutputGroupDependsOn = PrepareForBuild;AssignTargetPaths
1>SourceRootMappedPathsFeatureSupported = true
1>SupportedOSPlatformVersion     = 7.0
1>SupportedOutputTypes           = Exe;WinExe;Library
1>SuppressDependenciesWhenPacking = false
1>SuppressLegacyCodeAnalysisDeprecatedWarning = false
1>SuppressOutOfDateMessageOnBuild = true
1>SymbolPackageFormat            = symbols.nupkg
1>SystemDrive                    = C:
1>SystemRoot                     = C:\Windows
1>TargetCulture                  = *
1>TargetDeployManifestFileName   = GridWithMenuApp1_VS2022.application
1>TargetDir                      = C:\Users\hansnguyen\source\repos\GridWithMenuApp1_VS2022\bin\Debug\netcoreapp3.0\
1>TargetedFrameworkDir           = @(_TargetedFrameworkDirectoryItem)
1>TargetedSDKArchitecture        = msil
1>TargetedSDKConfiguration       = Debug
1>TargetExt                      = .dll
1>TargetFileName                 = GridWithMenuApp1_VS2022.dll
1>TargetFramework                = netcoreapp3.0
1>TargetFrameworkAsMSBuildRuntime = CLR2
1>TargetFrameworkDirectory       = 
1>TargetFrameworkIdentifier      = .NETCoreApp
1>TargetFrameworkMoniker         = .NETCoreApp,Version=v3.0
1>TargetFrameworkMonikerAssemblyAttributesPath = obj\Debug\netcoreapp3.0\.NETCoreApp,Version=v3.0.AssemblyAttributes.cs
1>TargetFrameworkSDKToolsDirectory = C:\Program Files (x86)\Microsoft SDKs\Windows\v10.0A\bin\NETFX 4.8 Tools\
1>TargetFrameworkVersion         = v3.0
1>TargetLatestRuntimePatch       = false
1>TargetName                     = GridWithMenuApp1_VS2022
1>TargetPath                     = C:\Users\hansnguyen\source\repos\GridWithMenuApp1_VS2022\bin\Debug\netcoreapp3.0\GridWithMenuApp1_VS2022.dll
1>TargetPlatformDisplayName      = Windows 7.0
1>TargetPlatformIdentifier       = Windows
1>TargetPlatformMinVersion       = 7.0
1>TargetPlatformMoniker          = Windows,Version=7.0
1>TargetPlatformRegistryBase     = Software\Microsoft\Microsoft SDKs\Windows
1>TargetPlatformSdkPath          = 
1>TargetPlatformVersion          = 7.0
1>TargetRuntime                  = Managed
1>TargetsForTfmSpecificContentInPackage = ;PackTool;_PackProjectToolValidation
1>TaskKeyToken                   = 31bf3856ad364e35
1>TaskVersion                    = 4.0.0.0
1>TEMP                           = C:\Users\HANSNG~1\AppData\Local\Temp
1>TemplateLanguage               = CSharp
1>ThreadedWaitDialogDpiContext   = -4
1>TMP                            = C:\Users\HANSNG~1\AppData\Local\Temp
1>ToolCommandName                = GridWithMenuApp1_VS2022
1>ToolDepsJsonGeneratorProject   = C:\Program Files\dotnet\sdk\6.0.100-preview.7.21379.14\Sdks\Microsoft.NET.Sdk\targets\GenerateDeps\GenerateDeps.proj
1>ToolEntryPoint                 = GridWithMenuApp1_VS2022.dll
1>TreatWarningsAsErrors          = false
1>UnmanagedRegistrationDependsOn = 
1>UnmanagedUnregistrationDependsOn = 
1>UseAppHost                     = true
1>UseCommonOutputDirectory       = false
1>UseDefaultPlatformLookupTables = true
1>UseDotNetNativeToolchain       = 
1>UseHostCompilerIfAvailable     = false
1>USERDNSDOMAIN                  = GRAPECITY.NET
1>USERDOMAIN                     = GRAPECITY
1>USERDOMAIN_ROAMINGPROFILE      = GRAPECITY
1>USERNAME                       = HansNguyen
1>USERPROFILE                    = C:\Users\hansnguyen
1>UserProfileRuntimeStorePath    = C:\Users\hansnguyen\.dotnet\store
1>UserRuntimeConfig              = C:\Users\hansnguyen\source\repos\GridWithMenuApp1_VS2022/runtimeconfig.template.json
1>UseSourcePath                  = true
1>UseWPF                         = true
1>UsingILLinkTasksSdk            = true
1>UsingMicrosoftNETSdk           = true
1>UsingNETSdkDefaults            = true
1>Utf8Output                     = true
1>ValidateRuntimeIdentifierCompatibility = false
1>VBOX_MSI_INSTALL_PATH          = C:\Program Files\Oracle\VirtualBox\
1>VCTargetsPath                  = C:\Program Files\Microsoft Visual Studio\2022\Preview\MSBuild\Microsoft\VC\v170\
1>VCTargetsPath10                = C:\Program Files (x86)\MSBuild\Microsoft.Cpp\v4.0\
1>VCTargetsPath11                = C:\Program Files (x86)\MSBuild\Microsoft.Cpp\v4.0\V110\
1>VCTargetsPath12                = C:\Program Files (x86)\MSBuild\Microsoft.Cpp\v4.0\V120\
1>VCTargetsPath14                = C:\Program Files (x86)\MSBuild\Microsoft.Cpp\v4.0\V140\
1>VerifyMatchingImplicitPackageVersion = true
1>Version                        = 1.0.0
1>VersionlessImplicitFrameworkDefine = NETCOREAPP
1>VersionPrefix                  = 1.0.0
1>VisualStudioDir                = C:\Users\hansnguyen\Documents\Visual Studio 2022
1>VisualStudioEdition            = Microsoft Visual Studio Enterprise 2022
1>VisualStudioVersion            = 17.0
1>VSAPPIDDIR                     = C:\Program Files\Microsoft Visual Studio\2022\Preview\Common7\IDE\
1>VSAPPIDNAME                    = devenv.exe
1>VSIDEResolvedNonMSBuildProjectOutputs = <VSIDEResolvedNonMSBuildProjectOutputs />
1>VsInstallRoot                  = C:\Program Files\Microsoft Visual Studio\2022\Preview
1>VSLANG                         = 1033
1>VSSKUEDITION                   = Enterprise
1>WarningLevel                   = 4
1>WarningsAsErrors               = ;NU1605
1>WarnOnPackingNonPackableProject = false
1>WebReference_EnableLegacyEventingModel = false
1>WebReference_EnableProperties  = true
1>WebReference_EnableSQLTypes    = true
1>windir                         = C:\Windows
1>WindowsSDK80Path               = 
1>WMSJSProject                   = WJProject
1>WMSJSProjectDirectory          = JavaScript
1>WorkflowBuildExtensionAssemblyName = Microsoft.Activities.Build, Version=4.0.0.0, Culture=neutral, PublicKeyToken=31bf3856ad364e35
1>WorkflowBuildExtensionKeyToken = 31bf3856ad364e35
1>WorkflowBuildExtensionVersion  = 4.0.0.0
1>XamlBuildTaskAssemblyName      = XamlBuildTask, Version=4.0.0.0, Culture=neutral, PublicKeyToken=31bf3856ad364e35
1>XamlBuildTaskLocation          = C:\Program Files\Microsoft Visual Studio\2022\Preview\MSBuild\Current\Bin\amd64
1>XamlBuildTaskPath              = C:\Program Files\Microsoft Visual Studio\2022\Preview\MSBuild\Current\Bin\amd64
1>XamlDebuggingInformation       = true
1>XamlGenCodeFileNames           = GridWithMenuApp1_VS2022.csproj.XamlGeneratedCodeFileListAbsolute.txt
1>XamlGenMarkupFileNames         = GridWithMenuApp1_VS2022.csproj.XamlGeneratedXamlFileListAbsolute.txt
1>XamlPass2FlagFile              = GridWithMenuApp1_VS2022.csproj.XamlPass2Flag.txt
1>XamlRequiresCompilationPass2   = false
1>XamlTemporaryAssemblyName      = GridWithMenuApp1_VS2022
1>YieldDuringToolExecution       = true
1>Target "_CheckForUnsupportedTargetFramework" skipped, due to false condition; ('$(_UnsupportedTargetFrameworkError)' == 'true') was evaluated as ('' == 'true').
1>Target "_CollectTargetFrameworkForTelemetry" in file "C:\Program Files\dotnet\sdk\6.0.100-preview.7.21379.14\Sdks\Microsoft.NET.Sdk\targets\Microsoft.NET.TargetFrameworkInference.targets":
1>  Using "AllowEmptyTelemetry" task from assembly "C:\Program Files\dotnet\sdk\6.0.100-preview.7.21379.14\Sdks\Microsoft.NET.Sdk\targets\..\tools\net472\Microsoft.NET.Build.Tasks.dll".
1>  Task "AllowEmptyTelemetry"
1>    Task Parameter:EventName=targetframeworkeval
1>    Task Parameter:EventData=TargetFrameworkVersion=.NETCoreApp,Version=v3.0;RuntimeIdentifier=;SelfContained=false;UseApphost=true;OutputType=WinExe
1>  Done executing task "AllowEmptyTelemetry".
1>Done building target "_CollectTargetFrameworkForTelemetry" in project "GridWithMenuApp1_VS2022.csproj".
1>Target "_CheckForUnsupportedTargetPlatformIdentifier" skipped, due to false condition; ('$(TargetPlatformIdentifier)' != '' and '$(TargetFrameworkIdentifier)' == '.NETCoreApp' and $([MSBuild]::VersionGreaterThanOrEquals($(TargetFrameworkVersion), 5.0))) was evaluated as ('Windows' != '' and '.NETCoreApp' == '.NETCoreApp' and False).
1>Target "_CheckForMissingWorkload" skipped, due to false condition; ('@(MissingWorkloadPack)' != '') was evaluated as ('' != '').
1>Target "_CheckForUnsupportedNETCoreVersion" in file "C:\Program Files\dotnet\sdk\6.0.100-preview.7.21379.14\Sdks\Microsoft.NET.Sdk\targets\Microsoft.NET.TargetFrameworkInference.targets":
1>  Task "NETSdkError" skipped, due to false condition; ('$(_TargetFrameworkVersionWithoutV)' > '$(NETCoreAppMaximumVersion)') was evaluated as ('3.0' > '6.0').
1>Done building target "_CheckForUnsupportedNETCoreVersion" in project "GridWithMenuApp1_VS2022.csproj".
1>Target "_CheckForEolTargetFrameworks" in file "C:\Program Files\dotnet\sdk\6.0.100-preview.7.21379.14\Sdks\Microsoft.NET.Sdk\targets\Microsoft.NET.EolTargetFrameworks.targets":
1>  Using "NETSdkWarning" task from assembly "C:\Program Files\dotnet\sdk\6.0.100-preview.7.21379.14\Sdks\Microsoft.NET.Sdk\targets\..\tools\net472\Microsoft.NET.Build.Tasks.dll".
1>  Task "NETSdkWarning"
1>    Task Parameter:
1>        FormatArguments=
1>            netcoreapp3.0
1>            https://aka.ms/dotnet-core-support
1>    Task Parameter:ResourceName=TargetFrameworkIsEol
1>    C:\Program Files\dotnet\sdk\6.0.100-preview.7.21379.14\Sdks\Microsoft.NET.Sdk\targets\Microsoft.NET.EolTargetFrameworks.targets(28,5): warning NETSDK1138: The target framework 'netcoreapp3.0' is out of support and will not receive security updates in the future. Please refer to https://aka.ms/dotnet-core-support for more information about the support policy.
1>  Done executing task "NETSdkWarning".
1>Done building target "_CheckForEolTargetFrameworks" in project "GridWithMenuApp1_VS2022.csproj".
1>Target "_CheckForUnsupportedCppNETCoreVersion" in file "C:\Program Files\dotnet\sdk\6.0.100-preview.7.21379.14\Sdks\Microsoft.NET.Sdk\targets\Microsoft.NET.TargetFrameworkInference.targets":
1>  Task "NETSdkError" skipped, due to false condition; ('$(TargetFrameworkIdentifier)' == '.NETCoreApp' and '$(_TargetFrameworkVersionWithoutV)' < '3.1' and ('$(Language)' == 'C++' and '$(_EnablePackageReferencesInVCProjects)' != 'true')) was evaluated as ('.NETCoreApp' == '.NETCoreApp' and '3.0' < '3.1' and ('C#' == 'C++' and '' != 'true')).
1>Done building target "_CheckForUnsupportedCppNETCoreVersion" in project "GridWithMenuApp1_VS2022.csproj".
1>Target "_CheckForUnsupportedNETStandardVersion" skipped, due to false condition; ('$(TargetFrameworkIdentifier)' == '.NETStandard' And '$(NETStandardMaximumVersion)' != '') was evaluated as ('.NETCoreApp' == '.NETStandard' And '' != '').
1>Target "_CheckForUnsupportedTargetFrameworkAndFeatureCombination" skipped, due to false condition; ('$(TargetFrameworkIdentifier)' == '.NETFramework') was evaluated as ('.NETCoreApp' == '.NETFramework').
1>Target "_CheckForSupportedOSPlatformVersionHigherThanTargetPlatformVersion" skipped, due to false condition; ('$(TargetPlatformVersion)' != '' and '$(TargetFrameworkIdentifier)' == '.NETCoreApp' and $([MSBuild]::VersionGreaterThanOrEquals($(TargetFrameworkVersion), 5.0))) was evaluated as ('7.0' != '' and '.NETCoreApp' == '.NETCoreApp' and False).
1>Target "_CheckForInvalidTargetPlatformVersion" skipped, due to false condition; ('$(TargetPlatformVersion)' != '' and '$(TargetFrameworkIdentifier)' == '.NETCoreApp' and $([MSBuild]::VersionGreaterThanOrEquals($(TargetFrameworkVersion), 5.0)) and ('$(Language)' != 'C++' or '$(_EnablePackageReferencesInVCProjects)' == 'true')) was evaluated as ('7.0' != '' and '.NETCoreApp' == '.NETCoreApp' and False and ('C#' != 'C++' or '' == 'true')).
1>Target "_CheckForMissingWorkload" skipped, due to false condition; ('@(MissingWorkloadPack)' != '') was evaluated as ('' != '').
1>Target "_CheckForUnsupportedAppHostUsage" in file "C:\Program Files\dotnet\sdk\6.0.100-preview.7.21379.14\Sdks\Microsoft.NET.Sdk\targets\Microsoft.NET.RuntimeIdentifierInference.targets":
1>  Task "NETSdkError" skipped, due to false condition; ('$(SelfContained)' == 'true' and '$(RuntimeIdentifier)' == '') was evaluated as ('false' == 'true' and '' == '').
1>  Task "NETSdkError" skipped, due to false condition; ('$(SelfContained)' == 'true' and '$(UseAppHost)' != 'true' and '$(_RuntimeIdentifierUsesAppHost)' == 'true') was evaluated as ('false' == 'true' and 'true' != 'true' and 'true' == 'true').
1>  Task "NETSdkError" skipped, due to false condition; ('$(SelfContained)' != 'true' and '$(UseAppHost)' == 'true' and '$(_TargetFrameworkVersionWithoutV)' < '2.1') was evaluated as ('false' != 'true' and 'true' == 'true' and '3.0' < '2.1').
1>  Task "NETSdkError" skipped, due to false condition; ('$(PublishSingleFile)' == 'true' and '$(_TargetFrameworkVersionWithoutV)' < '3.0') was evaluated as ('' == 'true' and '3.0' < '3.0').
1>  Task "NETSdkWarning" skipped, due to false condition; ('$(PublishReadyToRun)' == 'true' and '$(_TargetFrameworkVersionWithoutV)' < '3.0') was evaluated as ('' == 'true' and '3.0' < '3.0').
1>  Task "NETSdkWarning" skipped, due to false condition; ('$(PublishTrimmed)' == 'true' and '$(_TargetFrameworkVersionWithoutV)' < '3.0') was evaluated as ('' == 'true' and '3.0' < '3.0').
1>  Task "NetSdkWarning" skipped, due to false condition; ('$(UseWindowsForms)' == 'true' and '$(PublishTrimmed)' == 'true') was evaluated as ('' == 'true' and '' == 'true').
1>  Task "NetSdkWarning" skipped, due to false condition; ('$(UseWpf)' == 'true' and '$(PublishTrimmed)' == 'true') was evaluated as ('true' == 'true' and '' == 'true').
1>Done building target "_CheckForUnsupportedAppHostUsage" in project "GridWithMenuApp1_VS2022.csproj".
1>Target "_CheckForUnsupportedHostingUsage" in file "C:\Program Files\dotnet\sdk\6.0.100-preview.7.21379.14\Sdks\Microsoft.NET.Sdk\targets\Microsoft.NET.RuntimeIdentifierInference.targets":
1>  Task "NETSdkWarning" skipped, due to false condition; ('$(SelfContained)' == 'true' and '$(EnableComHosting)' == 'true') was evaluated as ('false' == 'true' and '' == 'true').
1>Done building target "_CheckForUnsupportedHostingUsage" in project "GridWithMenuApp1_VS2022.csproj".
1>Target "_CheckForMismatchingPlatform" skipped, due to false condition; ('$(RuntimeIdentifier)' != '' and '$(PlatformTarget)' != '') was evaluated as ('' != '' and '' != '').
1>Target "_CheckForLanguageAndFeatureCombinationSupport" in file "C:\Program Files\dotnet\sdk\6.0.100-preview.7.21379.14\Sdks\Microsoft.NET.Sdk\targets\Microsoft.NET.RuntimeIdentifierInference.targets":
1>  Task "NETSdkError" skipped, due to false condition; (('$(Language)' == 'C++' and '$(_EnablePackageReferencesInVCProjects)' != 'true') and $(OutputType) != 'library' and '$(TargetFrameworkIdentifier)' == '.NETCoreApp') was evaluated as (('C#' == 'C++' and '' != 'true') and WinExe != 'library' and '.NETCoreApp' == '.NETCoreApp').
1>  Task "NETSdkError" skipped, due to false condition; (('$(Language)' == 'C++' and '$(_EnablePackageReferencesInVCProjects)' != 'true') and $(EnableComHosting) == 'true') was evaluated as (('C#' == 'C++' and '' != 'true') and  == 'true').
1>  Task "NETSdkError" skipped, due to false condition; (('$(Language)' == 'C++' and '$(_EnablePackageReferencesInVCProjects)' != 'true') and $(SelfContained) == 'true') was evaluated as (('C#' == 'C++' and '' != 'true') and false == 'true').
1>Done building target "_CheckForLanguageAndFeatureCombinationSupport" in project "GridWithMenuApp1_VS2022.csproj".
1>Target "_CheckForNETCoreSdkIsPreview" in file "C:\Program Files\dotnet\sdk\6.0.100-preview.7.21379.14\Sdks\Microsoft.NET.Sdk\targets\Microsoft.NET.RuntimeIdentifierInference.targets":
1>  Using "ShowPreviewMessage" task from assembly "C:\Program Files\dotnet\sdk\6.0.100-preview.7.21379.14\Sdks\Microsoft.NET.Sdk\targets\..\tools\net472\Microsoft.NET.Build.Tasks.dll".
1>  Task "ShowPreviewMessage"
1>    You are using a preview version of .NET. See: https://aka.ms/dotnet-core-preview
1>  Done executing task "ShowPreviewMessage".
1>Done building target "_CheckForNETCoreSdkIsPreview" in project "GridWithMenuApp1_VS2022.csproj".
1>Target "_GetProjectJsonPath" in file "C:\Program Files\Microsoft Visual Studio\2022\Preview\Common7\IDE\CommonExtensions\Microsoft\NuGet\NuGet.targets":
1>  Task "GetRestoreProjectJsonPathTask" skipped, due to false condition; ( '$(RestoreProjectStyle)' == 'ProjectJson' OR '$(RestoreProjectStyle)' == '' ) was evaluated as ( 'PackageReference' == 'ProjectJson' OR 'PackageReference' == '' ).
1>Done building target "_GetProjectJsonPath" in project "GridWithMenuApp1_VS2022.csproj".
1>Target "_CheckForUnsupportedTargetPlatformIdentifier" skipped, due to false condition; ('$(TargetPlatformIdentifier)' != '' and '$(TargetFrameworkIdentifier)' == '.NETCoreApp' and $([MSBuild]::VersionGreaterThanOrEquals($(TargetFrameworkVersion), 5.0))) was evaluated as ('Windows' != '' and '.NETCoreApp' == '.NETCoreApp' and False).
1>Target "_CheckForMissingWorkload" skipped, due to false condition; ('@(MissingWorkloadPack)' != '') was evaluated as ('' != '').
1>Target "_CheckForUnsupportedNETStandardVersion" skipped, due to false condition; ('$(TargetFrameworkIdentifier)' == '.NETStandard' And '$(NETStandardMaximumVersion)' != '') was evaluated as ('.NETCoreApp' == '.NETStandard' And '' != '').
1>Target "_CheckForUnsupportedTargetFrameworkAndFeatureCombination" skipped, due to false condition; ('$(TargetFrameworkIdentifier)' == '.NETFramework') was evaluated as ('.NETCoreApp' == '.NETFramework').
1>Target "UpdateAspNetToFrameworkReference" in file "C:\Program Files\dotnet\sdk\6.0.100-preview.7.21379.14\Sdks\Microsoft.NET.Sdk\targets\Microsoft.NET.Sdk.DefaultItems.Shared.targets":
1>  Using "CheckIfPackageReferenceShouldBeFrameworkReference" task from assembly "C:\Program Files\dotnet\sdk\6.0.100-preview.7.21379.14\Sdks\Microsoft.NET.Sdk\targets\..\tools\net472\Microsoft.NET.Build.Tasks.dll".
1>  Task "CheckIfPackageReferenceShouldBeFrameworkReference"
1>    Task Parameter:
1>        FrameworkReferences=
1>            Microsoft.NETCore.App
1>                    IsImplicitlyDefined=true
1>                    Pack=false
1>                    PrivateAssets=All
1>            Microsoft.WindowsDesktop.App.WPF
1>                    IsImplicitlyDefined=true
1>    Task Parameter:PackageReferenceToReplace=Microsoft.AspNetCore.All
1>    Task Parameter:
1>        PackageReferences=
1>            C1.Xaml.WPF
1>                    Version=4.5.20213.*
1>            C1.Xaml.WPF.FlexGrid
1>                    Version=4.5.20213.*
1>            C1.Xaml.WPF.Toolbar
1>                    Version=4.5.20213.*
1>            C1.Xaml.WPF.DateTimeEditors
1>                    Version=4.5.20213.*
1>            C1.Xaml.WPF.FlexGridFilter
1>                    Version=4.5.20213.*
1>            C1.Xaml.WPF.FlexGrid.GroupPanel
1>                    Version=4.5.20213.*
1>    Task Parameter:FrameworkReferenceToUse=Microsoft.AspNetCore.App
1>    Output Property: _ShouldRemoveAspNetCoreAll=False
1>  Done executing task "CheckIfPackageReferenceShouldBeFrameworkReference".
1>  Task "NETSdkError" skipped, due to false condition; ('$(_ShouldRemoveAspNetCoreAll)' == 'true') was evaluated as ('False' == 'true').
1>  Task "CheckIfPackageReferenceShouldBeFrameworkReference"
1>    Task Parameter:
1>        FrameworkReferences=
1>            Microsoft.NETCore.App
1>                    IsImplicitlyDefined=true
1>                    Pack=false
1>                    PrivateAssets=All
1>            Microsoft.WindowsDesktop.App.WPF
1>                    IsImplicitlyDefined=true
1>    Task Parameter:PackageReferenceToReplace=Microsoft.AspNetCore.App
1>    Task Parameter:
1>        PackageReferences=
1>            C1.Xaml.WPF
1>                    Version=4.5.20213.*
1>            C1.Xaml.WPF.FlexGrid
1>                    Version=4.5.20213.*
1>            C1.Xaml.WPF.Toolbar
1>                    Version=4.5.20213.*
1>            C1.Xaml.WPF.DateTimeEditors
1>                    Version=4.5.20213.*
1>            C1.Xaml.WPF.FlexGridFilter
1>                    Version=4.5.20213.*
1>            C1.Xaml.WPF.FlexGrid.GroupPanel
1>                    Version=4.5.20213.*
1>    Task Parameter:FrameworkReferenceToUse=Microsoft.AspNetCore.App
1>    Output Property: _ShouldRemoveAspNetCoreApp=False
1>    Output Property: _ShouldAddAspNetCoreAppFrameworkReference=False
1>  Done executing task "CheckIfPackageReferenceShouldBeFrameworkReference".
1>  Task "NETSdkWarning" skipped, due to false condition; ('$(_ShouldRemoveAspNetCoreApp)' == 'true') was evaluated as ('False' == 'true').
1>Done building target "UpdateAspNetToFrameworkReference" in project "GridWithMenuApp1_VS2022.csproj".
1>Target "IncludeTargetingPackReference" skipped, due to false condition; ('$(TargetFrameworkMoniker)' != '' and '$(TargetFrameworkIdentifier)' == '.NETFramework' and '$(AutomaticallyUseReferenceAssemblyPackages)' == 'true') was evaluated as ('.NETCoreApp,Version=v3.0' != '' and '.NETCoreApp' == '.NETFramework' and 'true' == 'true').
1>Target "CheckForImplicitPackageReferenceOverrides" in file "C:\Program Files\dotnet\sdk\6.0.100-preview.7.21379.14\Sdks\Microsoft.NET.Sdk\targets\Microsoft.NET.Sdk.DefaultItems.Shared.targets":
1>  Set Property: ImplicitPackageReferenceInformationLink=https://aka.ms/sdkimplicitrefs
1>  Using "CheckForImplicitPackageReferenceOverrides" task from assembly "C:\Program Files\dotnet\sdk\6.0.100-preview.7.21379.14\Sdks\Microsoft.NET.Sdk\targets\..\tools\net472\Microsoft.NET.Build.Tasks.dll".
1>  Task "CheckForImplicitPackageReferenceOverrides"
1>    Task Parameter:
1>        PackageReferenceItems=
1>            C1.Xaml.WPF
1>                    Version=4.5.20213.*
1>            C1.Xaml.WPF.FlexGrid
1>                    Version=4.5.20213.*
1>            C1.Xaml.WPF.Toolbar
1>                    Version=4.5.20213.*
1>            C1.Xaml.WPF.DateTimeEditors
1>                    Version=4.5.20213.*
1>            C1.Xaml.WPF.FlexGridFilter
1>                    Version=4.5.20213.*
1>            C1.Xaml.WPF.FlexGrid.GroupPanel
1>                    Version=4.5.20213.*
1>    Task Parameter:MoreInformationLink=https://aka.ms/sdkimplicitrefs
1>  Done executing task "CheckForImplicitPackageReferenceOverrides".
1>Done building target "CheckForImplicitPackageReferenceOverrides" in project "GridWithMenuApp1_VS2022.csproj".
1>Target "ApplyImplicitVersions" in file "C:\Program Files\dotnet\sdk\6.0.100-preview.7.21379.14\Sdks\Microsoft.NET.Sdk\targets\Microsoft.NET.Sdk.DefaultItems.Shared.targets":
1>  Using "ApplyImplicitVersions" task from assembly "C:\Program Files\dotnet\sdk\6.0.100-preview.7.21379.14\Sdks\Microsoft.NET.Sdk\targets\..\tools\net472\Microsoft.NET.Build.Tasks.dll".
1>  Task "ApplyImplicitVersions"
1>    Task Parameter:TargetLatestRuntimePatch=False
1>    Task Parameter:
1>        PackageReferences=
1>            C1.Xaml.WPF
1>                    Version=4.5.20213.*
1>            C1.Xaml.WPF.FlexGrid
1>                    Version=4.5.20213.*
1>            C1.Xaml.WPF.Toolbar
1>                    Version=4.5.20213.*
1>            C1.Xaml.WPF.DateTimeEditors
1>                    Version=4.5.20213.*
1>            C1.Xaml.WPF.FlexGridFilter
1>                    Version=4.5.20213.*
1>            C1.Xaml.WPF.FlexGrid.GroupPanel
1>                    Version=4.5.20213.*
1>    Task Parameter:
1>        ImplicitPackageReferenceVersions=
1>            Microsoft.NETCore.App
1>                    DefaultVersion=1.0.5
1>                    LatestVersion=1.0.16
1>                    TargetFrameworkVersion=1.0
1>            Microsoft.NETCore.App
1>                    DefaultVersion=1.1.2
1>                    LatestVersion=1.1.13
1>                    TargetFrameworkVersion=1.1
1>            Microsoft.NETCore.App
1>                    DefaultVersion=2.0.0
1>                    LatestVersion=2.0.9
1>                    TargetFrameworkVersion=2.0
1>            Microsoft.NETCore.App
1>                    DefaultVersion=2.1.0
1>                    LatestVersion=2.1.28
1>                    TargetFrameworkVersion=2.1
1>            Microsoft.NETCore.App
1>                    DefaultVersion=2.2.0
1>                    LatestVersion=2.2.8
1>                    TargetFrameworkVersion=2.2
1>            Microsoft.AspNetCore.App
1>                    DefaultVersion=2.1.1
1>                    LatestVersion=2.1.28
1>                    TargetFrameworkVersion=2.1
1>            Microsoft.AspNetCore.All
1>                    DefaultVersion=2.1.1
1>                    LatestVersion=2.1.28
1>                    TargetFrameworkVersion=2.1
1>            Microsoft.AspNetCore.App
1>                    DefaultVersion=2.2.0
1>                    LatestVersion=2.2.8
1>                    TargetFrameworkVersion=2.2
1>            Microsoft.AspNetCore.All
1>                    DefaultVersion=2.2.0
1>                    LatestVersion=2.2.8
1>                    TargetFrameworkVersion=2.2
1>    Task Parameter:TargetFrameworkVersion=3.0
1>  Done executing task "ApplyImplicitVersions".
1>Done building target "ApplyImplicitVersions" in project "GridWithMenuApp1_VS2022.csproj".
1>Target "CheckForImplicitPackageReferenceOverrides" skipped. Previously built successfully.
1>Target "AddWindowsSdkKnownFrameworkReferences" in file "C:\Program Files\dotnet\sdk\6.0.100-preview.7.21379.14\Sdks\Microsoft.NET.Sdk\targets\Microsoft.NET.Sdk.FrameworkReferenceResolution.targets":
1>  Removed Item(s): 
1>      KnownFrameworkReference=
1>          Microsoft.Windows.SDK.NET.Ref
1>                  DefaultRuntimeFrameworkVersion=10.0.17763.19
1>                  IsWindowsOnly=true
1>                  LatestRuntimeFrameworkVersion=10.0.17763.19
1>                  RuntimeFrameworkName=Microsoft.Windows.SDK.NET.Ref
1>                  RuntimePackAlwaysCopyLocal=true
1>                  RuntimePackNamePatterns=Microsoft.Windows.SDK.NET.Ref
1>                  RuntimePackRuntimeIdentifiers=any
1>                  TargetFramework=net6.0-windows10.0.17763.0
1>                  TargetingPackName=Microsoft.Windows.SDK.NET.Ref
1>                  TargetingPackVersion=10.0.17763.19
1>          Microsoft.Windows.SDK.NET.Ref
1>                  DefaultRuntimeFrameworkVersion=10.0.18362.19
1>                  IsWindowsOnly=true
1>                  LatestRuntimeFrameworkVersion=10.0.18362.19
1>                  RuntimeFrameworkName=Microsoft.Windows.SDK.NET.Ref
1>                  RuntimePackAlwaysCopyLocal=true
1>                  RuntimePackNamePatterns=Microsoft.Windows.SDK.NET.Ref
1>                  RuntimePackRuntimeIdentifiers=any
1>                  TargetFramework=net6.0-windows10.0.18362.0
1>                  TargetingPackName=Microsoft.Windows.SDK.NET.Ref
1>                  TargetingPackVersion=10.0.18362.19
1>          Microsoft.Windows.SDK.NET.Ref
1>                  DefaultRuntimeFrameworkVersion=10.0.19041.19
1>                  IsWindowsOnly=true
1>                  LatestRuntimeFrameworkVersion=10.0.19041.19
1>                  RuntimeFrameworkName=Microsoft.Windows.SDK.NET.Ref
1>                  RuntimePackAlwaysCopyLocal=true
1>                  RuntimePackNamePatterns=Microsoft.Windows.SDK.NET.Ref
1>                  RuntimePackRuntimeIdentifiers=any
1>                  TargetFramework=net6.0-windows10.0.19041.0
1>                  TargetingPackName=Microsoft.Windows.SDK.NET.Ref
1>                  TargetingPackVersion=10.0.19041.19
1>          Microsoft.Windows.SDK.NET.Ref
1>                  DefaultRuntimeFrameworkVersion=10.0.17763.19
1>                  IsWindowsOnly=true
1>                  LatestRuntimeFrameworkVersion=10.0.17763.19
1>                  RuntimeFrameworkName=Microsoft.Windows.SDK.NET.Ref
1>                  RuntimePackAlwaysCopyLocal=true
1>                  RuntimePackNamePatterns=Microsoft.Windows.SDK.NET.Ref
1>                  RuntimePackRuntimeIdentifiers=any
1>                  TargetFramework=net5.0-windows10.0.17763.0
1>                  TargetingPackName=Microsoft.Windows.SDK.NET.Ref
1>                  TargetingPackVersion=10.0.17763.19
1>          Microsoft.Windows.SDK.NET.Ref
1>                  DefaultRuntimeFrameworkVersion=10.0.18362.19
1>                  IsWindowsOnly=true
1>                  LatestRuntimeFrameworkVersion=10.0.18362.19
1>                  RuntimeFrameworkName=Microsoft.Windows.SDK.NET.Ref
1>                  RuntimePackAlwaysCopyLocal=true
1>                  RuntimePackNamePatterns=Microsoft.Windows.SDK.NET.Ref
1>                  RuntimePackRuntimeIdentifiers=any
1>                  TargetFramework=net5.0-windows10.0.18362.0
1>                  TargetingPackName=Microsoft.Windows.SDK.NET.Ref
1>                  TargetingPackVersion=10.0.18362.19
1>          Microsoft.Windows.SDK.NET.Ref
1>                  DefaultRuntimeFrameworkVersion=10.0.19041.19
1>                  IsWindowsOnly=true
1>                  LatestRuntimeFrameworkVersion=10.0.19041.19
1>                  RuntimeFrameworkName=Microsoft.Windows.SDK.NET.Ref
1>                  RuntimePackAlwaysCopyLocal=true
1>                  RuntimePackNamePatterns=Microsoft.Windows.SDK.NET.Ref
1>                  RuntimePackRuntimeIdentifiers=any
1>                  TargetFramework=net5.0-windows10.0.19041.0
1>                  TargetingPackName=Microsoft.Windows.SDK.NET.Ref
1>                  TargetingPackVersion=10.0.19041.19
1>  Using "CreateWindowsSdkKnownFrameworkReferences" task from assembly "C:\Program Files\dotnet\sdk\6.0.100-preview.7.21379.14\Sdks\Microsoft.NET.Sdk\targets\..\tools\net472\Microsoft.NET.Build.Tasks.dll".
1>  Task "CreateWindowsSdkKnownFrameworkReferences"
1>    Task Parameter:TargetPlatformIdentifier=Windows
1>    Task Parameter:TargetFrameworkIdentifier=.NETCoreApp
1>    Task Parameter:TargetPlatformVersion=7.0
1>    Task Parameter:
1>        WindowsSdkSupportedTargetPlatformVersions=
1>            10.0.20348.0
1>                    MinimumNETVersion=5.0
1>                    WindowsSdkPackageVersion=10.0.20348.19
1>            10.0.19041.0
1>                    MinimumNETVersion=5.0
1>                    WindowsSdkPackageVersion=10.0.19041.19
1>            10.0.18362.0
1>                    MinimumNETVersion=5.0
1>                    WindowsSdkPackageVersion=10.0.18362.19
1>            10.0.17763.0
1>                    MinimumNETVersion=5.0
1>                    WindowsSdkPackageVersion=10.0.17763.19
1>            8.0
1>            7.0
1>    Task Parameter:TargetFrameworkVersion=3.0
1>  Done executing task "CreateWindowsSdkKnownFrameworkReferences".
1>Done building target "AddWindowsSdkKnownFrameworkReferences" in project "GridWithMenuApp1_VS2022.csproj".
1>Target "_NormalizeTargetPlatformVersion" skipped, due to false condition; ('$(TargetPlatformVersion)' != '' and '$(TargetFrameworkIdentifier)' == '.NETCoreApp' and $([MSBuild]::VersionGreaterThanOrEquals($(TargetFrameworkVersion), 5.0)) and ('$(Language)' != 'C++' or '$(_EnablePackageReferencesInVCProjects)' == 'true')) was evaluated as ('7.0' != '' and '.NETCoreApp' == '.NETCoreApp' and False and ('C#' != 'C++' or '' == 'true')).
1>Target "ProcessFrameworkReferences" in file "C:\Program Files\dotnet\sdk\6.0.100-preview.7.21379.14\Sdks\Microsoft.NET.Sdk\targets\Microsoft.NET.Sdk.FrameworkReferenceResolution.targets":
1>  Using "CheckForDuplicateFrameworkReferences" task from assembly "C:\Program Files\dotnet\sdk\6.0.100-preview.7.21379.14\Sdks\Microsoft.NET.Sdk\targets\..\tools\net472\Microsoft.NET.Build.Tasks.dll".
1>  Task "CheckForDuplicateFrameworkReferences"
1>    Task Parameter:
1>        FrameworkReferences=
1>            Microsoft.NETCore.App
1>                    IsImplicitlyDefined=true
1>                    Pack=false
1>                    PrivateAssets=All
1>            Microsoft.WindowsDesktop.App.WPF
1>                    IsImplicitlyDefined=true
1>    Task Parameter:MoreInformationLink=https://aka.ms/sdkimplicitrefs
1>  Done executing task "CheckForDuplicateFrameworkReferences".
1>  Set Property: EnableTargetingPackDownload=true
1>  Set Property: EnableRuntimePackDownload=true
1>  Using "ProcessFrameworkReferences" task from assembly "C:\Program Files\dotnet\sdk\6.0.100-preview.7.21379.14\Sdks\Microsoft.NET.Sdk\targets\..\tools\net472\Microsoft.NET.Build.Tasks.dll".
1>  Task "ProcessFrameworkReferences"
1>    Task Parameter:RuntimeGraphPath=C:\Program Files\dotnet\sdk\6.0.100-preview.7.21379.14\RuntimeIdentifierGraph.json
1>    Task Parameter:TargetPlatformIdentifier=Windows
1>    Task Parameter:
1>        FrameworkReferences=
1>            Microsoft.NETCore.App
1>                    IsImplicitlyDefined=true
1>                    Pack=false
1>                    PrivateAssets=All
1>            Microsoft.WindowsDesktop.App.WPF
1>                    IsImplicitlyDefined=true
1>    Task Parameter:TargetFrameworkIdentifier=.NETCoreApp
1>    Task Parameter:TargetLatestRuntimePatch=False
1>    Task Parameter:
1>        KnownRuntimePacks=
1>            Microsoft.NETCore.App
1>                    LatestRuntimeFrameworkVersion=6.0.0-preview.7.21377.19
1>                    RuntimeFrameworkName=Microsoft.NETCore.App
1>                    RuntimePackLabels=Mono
1>                    RuntimePackNamePatterns=Microsoft.NETCore.App.Runtime.Mono.**RID**
1>                    RuntimePackRuntimeIdentifiers=linux-arm;linux-arm64;linux-musl-arm64;linux-musl-x64;linux-x64;osx-x64;rhel.6-x64;win-arm;win-arm64;win-x64;win-x86;linux-musl-arm;osx-arm64;maccatalyst-x64;maccatalyst-arm64;browser-wasm;ios-arm64;ios-arm;iossimulator-arm64;iossimulator-x64;iossimulator-x86;tvos-arm64;tvossimulator-arm64;tvossimulator-x64;android-arm64;android-arm;android-x64;android-x86
1>                    TargetFramework=net6.0
1>    Task Parameter:TargetingPackRoot=C:\Program Files\dotnet\packs
1>    Task Parameter:TargetPlatformVersion=7.0
1>    Task Parameter:SelfContained=False
1>    Task Parameter:
1>        KnownCrossgen2Packs=
1>            Microsoft.NETCore.App.Crossgen2
1>                    Crossgen2PackNamePattern=Microsoft.NETCore.App.Crossgen2.**RID**
1>                    Crossgen2PackVersion=6.0.0-preview.7.21377.19
1>                    Crossgen2RuntimeIdentifiers=linux-musl-x64;linux-x64;win-x64;linux-arm;linux-arm64;linux-musl-arm;linux-musl-arm64;osx-arm64;osx-x64;win-arm;win-arm64;win-x86
1>                    TargetFramework=net6.0
1>            Microsoft.NETCore.App.Crossgen2
1>                    Crossgen2PackNamePattern=Microsoft.NETCore.App.Crossgen2.**RID**
1>                    Crossgen2PackVersion=5.0.8
1>                    Crossgen2RuntimeIdentifiers=linux-musl-x64;linux-x64;win-x64
1>                    TargetFramework=net5.0
1>    Task Parameter:EnableTargetingPackDownload=True
1>    Task Parameter:TargetLatestRuntimePatchIsDefault=True
1>    Task Parameter:TargetFrameworkVersion=3.0
1>    Task Parameter:
1>        KnownFrameworkReferences=
1>            Microsoft.NETCore.App
1>                    DefaultRuntimeFrameworkVersion=6.0.0-preview.7.21377.19
1>                    LatestRuntimeFrameworkVersion=6.0.0-preview.7.21377.19
1>                    RuntimeFrameworkName=Microsoft.NETCore.App
1>                    RuntimePackNamePatterns=Microsoft.NETCore.App.Runtime.**RID**
1>                    RuntimePackRuntimeIdentifiers=linux-arm;linux-arm64;linux-musl-arm64;linux-musl-x64;linux-x64;osx-x64;rhel.6-x64;tizen.4.0.0-armel;tizen.5.0.0-armel;win-arm;win-arm64;win-x64;win-x86;linux-musl-arm;osx-arm64;maccatalyst-x64;maccatalyst-arm64
1>                    TargetFramework=net6.0
1>                    TargetingPackName=Microsoft.NETCore.App.Ref
1>                    TargetingPackVersion=6.0.0-preview.7.21377.19
1>            Microsoft.WindowsDesktop.App
1>                    DefaultRuntimeFrameworkVersion=6.0.0-preview.7.21378.9
1>                    IsWindowsOnly=true
1>                    LatestRuntimeFrameworkVersion=6.0.0-preview.7.21378.9
1>                    RuntimeFrameworkName=Microsoft.WindowsDesktop.App
1>                    RuntimePackNamePatterns=Microsoft.WindowsDesktop.App.Runtime.**RID**
1>                    RuntimePackRuntimeIdentifiers=win-x64;win-x86;win-arm64
1>                    TargetFramework=net6.0
1>                    TargetingPackName=Microsoft.WindowsDesktop.App.Ref
1>                    TargetingPackVersion=6.0.0-preview.7.21378.9
1>            Microsoft.WindowsDesktop.App.WPF
1>                    DefaultRuntimeFrameworkVersion=6.0.0-preview.7.21378.9
1>                    IsWindowsOnly=true
1>                    LatestRuntimeFrameworkVersion=6.0.0-preview.7.21378.9
1>                    Profile=WPF
1>                    RuntimeFrameworkName=Microsoft.WindowsDesktop.App
1>                    RuntimePackNamePatterns=Microsoft.WindowsDesktop.App.Runtime.**RID**
1>                    RuntimePackRuntimeIdentifiers=win-x64;win-x86;win-arm64
1>                    TargetFramework=net6.0
1>                    TargetingPackName=Microsoft.WindowsDesktop.App.Ref
1>                    TargetingPackVersion=6.0.0-preview.7.21378.9
1>            Microsoft.WindowsDesktop.App.WindowsForms
1>                    DefaultRuntimeFrameworkVersion=6.0.0-preview.7.21378.9
1>                    IsWindowsOnly=true
1>                    LatestRuntimeFrameworkVersion=6.0.0-preview.7.21378.9
1>                    Profile=WindowsForms
1>                    RuntimeFrameworkName=Microsoft.WindowsDesktop.App
1>                    RuntimePackNamePatterns=Microsoft.WindowsDesktop.App.Runtime.**RID**
1>                    RuntimePackRuntimeIdentifiers=win-x64;win-x86;win-arm64
1>                    TargetFramework=net6.0
1>                    TargetingPackName=Microsoft.WindowsDesktop.App.Ref
1>                    TargetingPackVersion=6.0.0-preview.7.21378.9
1>            Microsoft.AspNetCore.App
1>                    DefaultRuntimeFrameworkVersion=6.0.0-preview.7.21378.6
1>                    LatestRuntimeFrameworkVersion=6.0.0-preview.7.21378.6
1>                    RuntimeFrameworkName=Microsoft.AspNetCore.App
1>                    RuntimePackNamePatterns=Microsoft.AspNetCore.App.Runtime.**RID**
1>                    RuntimePackRuntimeIdentifiers=win-x64;win-x86;win-arm;osx-x64;linux-musl-x64;linux-musl-arm64;linux-x64;linux-arm;linux-arm64;linux-musl-arm;win-arm64;osx-arm64
1>                    TargetFramework=net6.0
1>                    TargetingPackName=Microsoft.AspNetCore.App.Ref
1>                    TargetingPackVersion=6.0.0-preview.7.21378.6
1>            Microsoft.NETCore.App
1>                    DefaultRuntimeFrameworkVersion=5.0.0
1>                    IsTrimmable=true
1>                    LatestRuntimeFrameworkVersion=5.0.8
1>                    RuntimeFrameworkName=Microsoft.NETCore.App
1>                    RuntimePackNamePatterns=Microsoft.NETCore.App.Runtime.**RID**
1>                    RuntimePackRuntimeIdentifiers=linux-arm;linux-arm64;linux-musl-arm64;linux-musl-x64;linux-x64;osx-x64;rhel.6-x64;tizen.4.0.0-armel;tizen.5.0.0-armel;win-arm;win-arm64;win-x64;win-x86;linux-musl-arm;browser-wasm
1>                    TargetFramework=net5.0
1>                    TargetingPackName=Microsoft.NETCore.App.Ref
1>                    TargetingPackVersion=5.0.0
1>            Microsoft.WindowsDesktop.App
1>                    DefaultRuntimeFrameworkVersion=5.0.0
1>                    IsWindowsOnly=true
1>                    LatestRuntimeFrameworkVersion=5.0.8
1>                    RuntimeFrameworkName=Microsoft.WindowsDesktop.App
1>                    RuntimePackNamePatterns=Microsoft.WindowsDesktop.App.Runtime.**RID**
1>                    RuntimePackRuntimeIdentifiers=win-x64;win-x86
1>                    TargetFramework=net5.0
1>                    TargetingPackName=Microsoft.WindowsDesktop.App.Ref
1>                    TargetingPackVersion=5.0.0
1>            Microsoft.WindowsDesktop.App.WPF
1>                    DefaultRuntimeFrameworkVersion=5.0.0
1>                    IsWindowsOnly=true
1>                    LatestRuntimeFrameworkVersion=5.0.8
1>                    Profile=WPF
1>                    RuntimeFrameworkName=Microsoft.WindowsDesktop.App
1>                    RuntimePackNamePatterns=Microsoft.WindowsDesktop.App.Runtime.**RID**
1>                    RuntimePackRuntimeIdentifiers=win-x64;win-x86
1>                    TargetFramework=net5.0
1>                    TargetingPackName=Microsoft.WindowsDesktop.App.Ref
1>                    TargetingPackVersion=5.0.0
1>            Microsoft.WindowsDesktop.App.WindowsForms
1>                    DefaultRuntimeFrameworkVersion=5.0.0
1>                    IsWindowsOnly=true
1>                    LatestRuntimeFrameworkVersion=5.0.8
1>                    Profile=WindowsForms
1>                    RuntimeFrameworkName=Microsoft.WindowsDesktop.App
1>                    RuntimePackNamePatterns=Microsoft.WindowsDesktop.App.Runtime.**RID**
1>                    RuntimePackRuntimeIdentifiers=win-x64;win-x86
1>                    TargetFramework=net5.0
1>                    TargetingPackName=Microsoft.WindowsDesktop.App.Ref
1>                    TargetingPackVersion=5.0.0
1>            Microsoft.AspNetCore.App
1>                    DefaultRuntimeFrameworkVersion=5.0.0
1>                    LatestRuntimeFrameworkVersion=5.0.8
1>                    RuntimeFrameworkName=Microsoft.AspNetCore.App
1>                    RuntimePackNamePatterns=Microsoft.AspNetCore.App.Runtime.**RID**
1>                    RuntimePackRuntimeIdentifiers=win-x64;win-x86;win-arm;osx-x64;linux-musl-x64;linux-musl-arm64;linux-x64;linux-arm;linux-arm64;linux-musl-arm;win-arm64
1>                    TargetFramework=net5.0
1>                    TargetingPackName=Microsoft.AspNetCore.App.Ref
1>                    TargetingPackVersion=5.0.0
1>            Microsoft.NETCore.App
1>                    DefaultRuntimeFrameworkVersion=3.1.0
1>                    IsTrimmable=true
1>                    LatestRuntimeFrameworkVersion=3.1.17
1>                    RuntimeFrameworkName=Microsoft.NETCore.App
1>                    RuntimePackNamePatterns=Microsoft.NETCore.App.Runtime.**RID**
1>                    RuntimePackRuntimeIdentifiers=linux-arm;linux-arm64;linux-musl-arm64;linux-musl-x64;linux-x64;osx-x64;rhel.6-x64;tizen.4.0.0-armel;tizen.5.0.0-armel;win-arm;win-arm64;win-x64;win-x86
1>                    TargetFramework=netcoreapp3.1
1>                    TargetingPackName=Microsoft.NETCore.App.Ref
1>                    TargetingPackVersion=3.1.0
1>            Microsoft.WindowsDesktop.App
1>                    DefaultRuntimeFrameworkVersion=3.1.0
1>                    IsWindowsOnly=true
1>                    LatestRuntimeFrameworkVersion=3.1.17
1>                    RuntimeFrameworkName=Microsoft.WindowsDesktop.App
1>                    RuntimePackNamePatterns=Microsoft.WindowsDesktop.App.Runtime.**RID**
1>                    RuntimePackRuntimeIdentifiers=win-x64;win-x86
1>                    TargetFramework=netcoreapp3.1
1>                    TargetingPackName=Microsoft.WindowsDesktop.App.Ref
1>                    TargetingPackVersion=3.1.0
1>            Microsoft.WindowsDesktop.App.WPF
1>                    DefaultRuntimeFrameworkVersion=3.1.0
1>                    IsWindowsOnly=true
1>                    LatestRuntimeFrameworkVersion=3.1.17
1>                    Profile=WPF
1>                    RuntimeFrameworkName=Microsoft.WindowsDesktop.App
1>                    RuntimePackNamePatterns=Microsoft.WindowsDesktop.App.Runtime.**RID**
1>                    RuntimePackRuntimeIdentifiers=win-x64;win-x86
1>                    TargetFramework=netcoreapp3.1
1>                    TargetingPackName=Microsoft.WindowsDesktop.App.Ref
1>                    TargetingPackVersion=3.1.0
1>            Microsoft.WindowsDesktop.App.WindowsForms
1>                    DefaultRuntimeFrameworkVersion=3.1.0
1>                    IsWindowsOnly=true
1>                    LatestRuntimeFrameworkVersion=3.1.17
1>                    Profile=WindowsForms
1>                    RuntimeFrameworkName=Microsoft.WindowsDesktop.App
1>                    RuntimePackNamePatterns=Microsoft.WindowsDesktop.App.Runtime.**RID**
1>                    RuntimePackRuntimeIdentifiers=win-x64;win-x86
1>                    TargetFramework=netcoreapp3.1
1>                    TargetingPackName=Microsoft.WindowsDesktop.App.Ref
1>                    TargetingPackVersion=3.1.0
1>            Microsoft.AspNetCore.App
1>                    DefaultRuntimeFrameworkVersion=3.1.0
1>                    LatestRuntimeFrameworkVersion=3.1.17
1>                    RuntimeFrameworkName=Microsoft.AspNetCore.App
1>                    RuntimePackNamePatterns=Microsoft.AspNetCore.App.Runtime.**RID**
1>                    RuntimePackRuntimeIdentifiers=win-x64;win-x86;win-arm;osx-x64;linux-musl-x64;linux-musl-arm64;linux-x64;linux-arm;linux-arm64
1>                    TargetFramework=netcoreapp3.1
1>                    TargetingPackName=Microsoft.AspNetCore.App.Ref
1>                    TargetingPackVersion=3.1.10
1>            Microsoft.NETCore.App
1>                    DefaultRuntimeFrameworkVersion=3.0.0
1>                    IsTrimmable=true
1>                    LatestRuntimeFrameworkVersion=3.0.3
1>                    RuntimeFrameworkName=Microsoft.NETCore.App
1>                    RuntimePackNamePatterns=Microsoft.NETCore.App.Runtime.**RID**
1>                    RuntimePackRuntimeIdentifiers=linux-arm;linux-arm64;linux-musl-arm64;linux-musl-x64;linux-x64;osx-x64;rhel.6-x64;tizen.4.0.0-armel;tizen.5.0.0-armel;win-arm;win-arm64;win-x64;win-x86
1>                    TargetFramework=netcoreapp3.0
1>                    TargetingPackName=Microsoft.NETCore.App.Ref
1>                    TargetingPackVersion=3.0.0
1>            Microsoft.WindowsDesktop.App
1>                    DefaultRuntimeFrameworkVersion=3.0.0
1>                    IsWindowsOnly=true
1>                    LatestRuntimeFrameworkVersion=3.0.3
1>                    RuntimeFrameworkName=Microsoft.WindowsDesktop.App
1>                    RuntimePackNamePatterns=Microsoft.WindowsDesktop.App.Runtime.**RID**
1>                    RuntimePackRuntimeIdentifiers=win-x64;win-x86
1>                    TargetFramework=netcoreapp3.0
1>                    TargetingPackName=Microsoft.WindowsDesktop.App.Ref
1>                    TargetingPackVersion=3.0.0
1>            Microsoft.WindowsDesktop.App.WPF
1>                    DefaultRuntimeFrameworkVersion=3.0.0
1>                    IsWindowsOnly=true
1>                    LatestRuntimeFrameworkVersion=3.0.3
1>                    Profile=WPF
1>                    RuntimeFrameworkName=Microsoft.WindowsDesktop.App
1>                    RuntimePackNamePatterns=Microsoft.WindowsDesktop.App.Runtime.**RID**
1>                    RuntimePackRuntimeIdentifiers=win-x64;win-x86
1>                    TargetFramework=netcoreapp3.0
1>                    TargetingPackName=Microsoft.WindowsDesktop.App.Ref
1>                    TargetingPackVersion=3.0.0
1>            Microsoft.WindowsDesktop.App.WindowsForms
1>                    DefaultRuntimeFrameworkVersion=3.0.0
1>                    IsWindowsOnly=true
1>                    LatestRuntimeFrameworkVersion=3.0.3
1>                    Profile=WindowsForms
1>                    RuntimeFrameworkName=Microsoft.WindowsDesktop.App
1>                    RuntimePackNamePatterns=Microsoft.WindowsDesktop.App.Runtime.**RID**
1>                    RuntimePackRuntimeIdentifiers=win-x64;win-x86
1>                    TargetFramework=netcoreapp3.0
1>                    TargetingPackName=Microsoft.WindowsDesktop.App.Ref
1>                    TargetingPackVersion=3.0.0
1>            Microsoft.AspNetCore.App
1>                    DefaultRuntimeFrameworkVersion=3.0.0
1>                    LatestRuntimeFrameworkVersion=3.0.3
1>                    RuntimeFrameworkName=Microsoft.AspNetCore.App
1>                    RuntimePackNamePatterns=Microsoft.AspNetCore.App.Runtime.**RID**
1>                    RuntimePackRuntimeIdentifiers=win-x64;win-x86;win-arm;osx-x64;linux-musl-x64;linux-musl-arm64;linux-x64;linux-arm;linux-arm64
1>                    TargetFramework=netcoreapp3.0
1>                    TargetingPackName=Microsoft.AspNetCore.App.Ref
1>                    TargetingPackVersion=3.0.1
1>            NETStandard.Library
1>                    TargetFramework=netstandard2.1
1>                    TargetingPackName=NETStandard.Library.Ref
1>                    TargetingPackVersion=2.1.0
1>    Task Parameter:EnableRuntimePackDownload=True
1>    Task Parameter:NETCoreSdkRuntimeIdentifier=win-x64
1>    Output Item(s): 
1>        _PackageToDownload=
1>            Microsoft.NETCore.App.Ref
1>                    Version=3.0.0
1>            Microsoft.WindowsDesktop.App.Ref
1>                    Version=3.0.0
1>            Microsoft.AspNetCore.App.Ref
1>                    Version=3.0.1
1>    Output Item(s): 
1>        RuntimeFramework=
1>            Microsoft.NETCore.App
1>                    FrameworkName=Microsoft.NETCore.App
1>                    Version=3.0.0
1>            Microsoft.WindowsDesktop.App
1>                    FrameworkName=Microsoft.WindowsDesktop.App
1>                    Version=3.0.0
1>            Microsoft.WindowsDesktop.App
1>                    FrameworkName=Microsoft.WindowsDesktop.App.WPF
1>                    Version=3.0.0
1>            Microsoft.WindowsDesktop.App
1>                    FrameworkName=Microsoft.WindowsDesktop.App.WindowsForms
1>                    Version=3.0.0
1>            Microsoft.AspNetCore.App
1>                    FrameworkName=Microsoft.AspNetCore.App
1>                    Version=3.0.0
1>    Output Item(s): 
1>        TargetingPack=
1>            Microsoft.NETCore.App
1>                    NuGetPackageId=Microsoft.NETCore.App.Ref
1>                    NuGetPackageVersion=3.0.0
1>                    PackageConflictPreferredPackages=Microsoft.NETCore.App.Ref;Microsoft.NETCore.App.Runtime.linux-arm;Microsoft.NETCore.App.Runtime.linux-arm64;Microsoft.NETCore.App.Runtime.linux-musl-arm64;Microsoft.NETCore.App.Runtime.linux-musl-x64;Microsoft.NETCore.App.Runtime.linux-x64;Microsoft.NETCore.App.Runtime.osx-x64;Microsoft.NETCore.App.Runtime.rhel.6-x64;Microsoft.NETCore.App.Runtime.tizen.4.0.0-armel;Microsoft.NETCore.App.Runtime.tizen.5.0.0-armel;Microsoft.NETCore.App.Runtime.win-arm;Microsoft.NETCore.App.Runtime.win-arm64;Microsoft.NETCore.App.Runtime.win-x64;Microsoft.NETCore.App.Runtime.win-x86
1>                    RuntimeFrameworkName=Microsoft.NETCore.App
1>                    RuntimePackRuntimeIdentifiers=linux-arm;linux-arm64;linux-musl-arm64;linux-musl-x64;linux-x64;osx-x64;rhel.6-x64;tizen.4.0.0-armel;tizen.5.0.0-armel;win-arm;win-arm64;win-x64;win-x86
1>                    TargetFramework=netcoreapp3.0
1>                    TargetingPackFormat=
1>            Microsoft.WindowsDesktop.App
1>                    NuGetPackageId=Microsoft.WindowsDesktop.App.Ref
1>                    NuGetPackageVersion=3.0.0
1>                    PackageConflictPreferredPackages=Microsoft.WindowsDesktop.App.Ref;Microsoft.WindowsDesktop.App.Runtime.win-x64;Microsoft.WindowsDesktop.App.Runtime.win-x86
1>                    RuntimeFrameworkName=Microsoft.WindowsDesktop.App
1>                    RuntimePackRuntimeIdentifiers=win-x64;win-x86
1>                    TargetFramework=netcoreapp3.0
1>                    TargetingPackFormat=
1>            Microsoft.WindowsDesktop.App.WPF
1>                    NuGetPackageId=Microsoft.WindowsDesktop.App.Ref
1>                    NuGetPackageVersion=3.0.0
1>                    PackageConflictPreferredPackages=Microsoft.WindowsDesktop.App.Ref;Microsoft.WindowsDesktop.App.Runtime.win-x64;Microsoft.WindowsDesktop.App.Runtime.win-x86
1>                    Profile=WPF
1>                    RuntimeFrameworkName=Microsoft.WindowsDesktop.App
1>                    RuntimePackRuntimeIdentifiers=win-x64;win-x86
1>                    TargetFramework=netcoreapp3.0
1>                    TargetingPackFormat=
1>            Microsoft.WindowsDesktop.App.WindowsForms
1>                    NuGetPackageId=Microsoft.WindowsDesktop.App.Ref
1>                    NuGetPackageVersion=3.0.0
1>                    PackageConflictPreferredPackages=Microsoft.WindowsDesktop.App.Ref;Microsoft.WindowsDesktop.App.Runtime.win-x64;Microsoft.WindowsDesktop.App.Runtime.win-x86
1>                    Profile=WindowsForms
1>                    RuntimeFrameworkName=Microsoft.WindowsDesktop.App
1>                    RuntimePackRuntimeIdentifiers=win-x64;win-x86
1>                    TargetFramework=netcoreapp3.0
1>                    TargetingPackFormat=
1>            Microsoft.AspNetCore.App
1>                    NuGetPackageId=Microsoft.AspNetCore.App.Ref
1>                    NuGetPackageVersion=3.0.1
1>                    PackageConflictPreferredPackages=Microsoft.AspNetCore.App.Ref;Microsoft.AspNetCore.App.Runtime.win-x64;Microsoft.AspNetCore.App.Runtime.win-x86;Microsoft.AspNetCore.App.Runtime.win-arm;Microsoft.AspNetCore.App.Runtime.osx-x64;Microsoft.AspNetCore.App.Runtime.linux-musl-x64;Microsoft.AspNetCore.App.Runtime.linux-musl-arm64;Microsoft.AspNetCore.App.Runtime.linux-x64;Microsoft.AspNetCore.App.Runtime.linux-arm;Microsoft.AspNetCore.App.Runtime.linux-arm64
1>                    RuntimeFrameworkName=Microsoft.AspNetCore.App
1>                    RuntimePackRuntimeIdentifiers=win-x64;win-x86;win-arm;osx-x64;linux-musl-x64;linux-musl-arm64;linux-x64;linux-arm;linux-arm64
1>                    TargetFramework=netcoreapp3.0
1>                    TargetingPackFormat=
1>  Done executing task "ProcessFrameworkReferences".
1>  Set Property: AppHostRuntimeIdentifier=
1>  Set Property: AppHostRuntimeIdentifier=win-x64
1>  Using "ResolveAppHosts" task from assembly "C:\Program Files\dotnet\sdk\6.0.100-preview.7.21379.14\Sdks\Microsoft.NET.Sdk\targets\..\tools\net472\Microsoft.NET.Build.Tasks.dll".
1>  Task "ResolveAppHosts"
1>    Task Parameter:RuntimeGraphPath=C:\Program Files\dotnet\sdk\6.0.100-preview.7.21379.14\RuntimeIdentifierGraph.json
1>    Task Parameter:DotNetComHostLibraryNameWithoutExtension=comhost
1>    Task Parameter:TargetFrameworkIdentifier=.NETCoreApp
1>    Task Parameter:DotNetSingleFileHostExecutableNameWithoutExtension=singlefilehost
1>    Task Parameter:AppHostRuntimeIdentifier=win-x64
1>    Task Parameter:TargetingPackRoot=C:\Program Files\dotnet\packs
1>    Task Parameter:NetCoreTargetingPackRoot=C:\Program Files\dotnet\packs
1>    Task Parameter:DotNetAppHostExecutableNameWithoutExtension=apphost
1>    Task Parameter:TargetFrameworkVersion=3.0
1>    Task Parameter:
1>        KnownAppHostPacks=
1>            Microsoft.NETCore.App
1>                    AppHostPackNamePattern=Microsoft.NETCore.App.Host.**RID**
1>                    AppHostPackVersion=6.0.0-preview.7.21377.19
1>                    AppHostRuntimeIdentifiers=linux-arm;linux-arm64;linux-musl-arm64;linux-musl-x64;linux-x64;osx-x64;rhel.6-x64;tizen.4.0.0-armel;tizen.5.0.0-armel;win-arm;win-arm64;win-x64;win-x86;linux-musl-arm;osx-arm64
1>                    TargetFramework=net6.0
1>            Microsoft.NETCore.App
1>                    AppHostPackNamePattern=Microsoft.NETCore.App.Host.**RID**
1>                    AppHostPackVersion=5.0.8
1>                    AppHostRuntimeIdentifiers=linux-arm;linux-arm64;linux-musl-arm64;linux-musl-x64;linux-x64;osx-x64;rhel.6-x64;tizen.4.0.0-armel;tizen.5.0.0-armel;win-arm;win-arm64;win-x64;win-x86;linux-musl-arm
1>                    TargetFramework=net5.0
1>            Microsoft.NETCore.App
1>                    AppHostPackNamePattern=Microsoft.NETCore.App.Host.**RID**
1>                    AppHostPackVersion=3.1.17
1>                    AppHostRuntimeIdentifiers=linux-arm;linux-arm64;linux-musl-arm64;linux-musl-x64;linux-x64;osx-x64;rhel.6-x64;tizen.4.0.0-armel;tizen.5.0.0-armel;win-arm;win-arm64;win-x64;win-x86
1>                    TargetFramework=netcoreapp3.1
1>            Microsoft.NETCore.App
1>                    AppHostPackNamePattern=Microsoft.NETCore.App.Host.**RID**
1>                    AppHostPackVersion=3.0.3
1>                    AppHostRuntimeIdentifiers=linux-arm;linux-arm64;linux-musl-arm64;linux-musl-x64;linux-x64;osx-x64;rhel.6-x64;tizen.4.0.0-armel;tizen.5.0.0-armel;win-arm;win-arm64;win-x64;win-x86
1>                    TargetFramework=netcoreapp3.0
1>    Task Parameter:DotNetIjwHostLibraryNameWithoutExtension=Ijwhost
1>    Output Item(s): 
1>        _PackageToDownload=
1>            Microsoft.NETCore.App.Host.win-x64
1>                    Version=3.0.3
1>            Microsoft.NETCore.App.Host.win-x64
1>                    Version=3.0.3
1>            Microsoft.NETCore.App.Host.win-x64
1>                    Version=3.0.3
1>            Microsoft.NETCore.App.Host.win-x64
1>                    Version=3.0.3
1>    Output Item(s): 
1>        AppHostPack=
1>            AppHost
1>                    NuGetPackageId=Microsoft.NETCore.App.Host.win-x64
1>                    NuGetPackageVersion=3.0.3
1>                    PathInPackage=runtimes\win-x64\native\apphost.exe
1>                    RuntimeIdentifier=win-x64
1>    Output Item(s): 
1>        SingleFileHostPack=
1>            SingleFileHost
1>                    NuGetPackageId=Microsoft.NETCore.App.Host.win-x64
1>                    NuGetPackageVersion=3.0.3
1>                    PathInPackage=runtimes\win-x64\native\singlefilehost.exe
1>                    RuntimeIdentifier=win-x64
1>    Output Item(s): 
1>        ComHostPack=
1>            ComHost
1>                    NuGetPackageId=Microsoft.NETCore.App.Host.win-x64
1>                    NuGetPackageVersion=3.0.3
1>                    PathInPackage=runtimes\win-x64\native\comhost.dll
1>                    RuntimeIdentifier=win-x64
1>    Output Item(s): 
1>        IjwHostPack=
1>            IjwHost
1>                    NuGetPackageId=Microsoft.NETCore.App.Host.win-x64
1>                    NuGetPackageVersion=3.0.3
1>                    PathInPackage=runtimes\win-x64\native\Ijwhost.dll
1>                    RuntimeIdentifier=win-x64
1>  Done executing task "ResolveAppHosts".
1>  Set Property: UsePackageDownload=true
1>  Added Item(s): 
1>      PackageDownload=
1>          Microsoft.NETCore.App.Ref
1>                  Version=[3.0.0]
1>          Microsoft.WindowsDesktop.App.Ref
1>                  Version=[3.0.0]
1>  Added Item(s): 
1>      PackageDownload=
1>          Microsoft.AspNetCore.App.Ref
1>                  Version=[3.0.1]
1>  Added Item(s): 
1>      PackageDownload=
1>          Microsoft.NETCore.App.Host.win-x64
1>                  Version=[3.0.3]
1>          Microsoft.NETCore.App.Host.win-x64
1>                  Version=[3.0.3]
1>          Microsoft.NETCore.App.Host.win-x64
1>                  Version=[3.0.3]
1>          Microsoft.NETCore.App.Host.win-x64
1>                  Version=[3.0.3]
1>Done building target "ProcessFrameworkReferences" in project "GridWithMenuApp1_VS2022.csproj".
1>Target "IncludeTargetingPackReference" skipped, due to false condition; ('$(TargetFrameworkMoniker)' != '' and '$(TargetFrameworkIdentifier)' == '.NETFramework' and '$(AutomaticallyUseReferenceAssemblyPackages)' == 'true') was evaluated as ('.NETCoreApp,Version=v3.0' != '' and '.NETCoreApp' == '.NETFramework' and 'true' == 'true').
1>Target "_CheckForObsoleteDotNetCliToolReferences" in file "C:\Program Files\dotnet\sdk\6.0.100-preview.7.21379.14\Sdks\Microsoft.NET.Sdk\targets\Microsoft.NET.ObsoleteReferences.targets":
1>  Task "NETSdkWarning" skipped, due to false condition; ( '%(_ReferenceToObsoleteDotNetCliTool.Identity)' != '' ) was evaluated as ( '' != '' ).
1>Done building target "_CheckForObsoleteDotNetCliToolReferences" in project "GridWithMenuApp1_VS2022.csproj".
1>Target "CollectPackageReferences" in file "C:\Program Files\Microsoft Visual Studio\2022\Preview\Common7\IDE\CommonExtensions\Microsoft\NuGet\NuGet.targets":
1>Done building target "CollectPackageReferences" in project "GridWithMenuApp1_VS2022.csproj".
1>Target "_GetRestoreProjectStyle" in file "C:\Program Files\Microsoft Visual Studio\2022\Preview\Common7\IDE\CommonExtensions\Microsoft\NuGet\NuGet.targets":
1>  Set Property: _HasPackageReferenceItems=true
1>  Using "GetRestoreProjectStyleTask" task from assembly "C:\Program Files\Microsoft Visual Studio\2022\Preview\Common7\IDE\CommonExtensions\Microsoft\NuGet\NuGet.Build.Tasks.dll".
1>  Task "GetRestoreProjectStyleTask"
1>    Task Parameter:RestoreProjectStyle=PackageReference
1>    Task Parameter:MSBuildProjectDirectory=C:\Users\hansnguyen\source\repos\GridWithMenuApp1_VS2022
1>    Task Parameter:HasPackageReferenceItems=True
1>    Task Parameter:MSBuildProjectName=GridWithMenuApp1_VS2022
1>    (in) HasPackageReferenceItems 'True'
1>    (in) MSBuildProjectDirectory 'C:\Users\hansnguyen\source\repos\GridWithMenuApp1_VS2022'
1>    (in) MSBuildProjectName 'GridWithMenuApp1_VS2022'
1>    (in) ProjectJsonPath ''
1>    (in) RestoreProjectStyle 'PackageReference'
1>    (out) IsPackageReferenceCompatibleProjectStyle 'True'
1>    (out) ProjectStyle 'PackageReference'
1>    Output Property: RestoreProjectStyle=PackageReference
1>    Output Property: PackageReferenceCompatibleProjectStyle=True
1>  Done executing task "GetRestoreProjectStyleTask".
1>  Set Property: _HasPackageReferenceItems=
1>Done building target "_GetRestoreProjectStyle" in project "GridWithMenuApp1_VS2022.csproj".
1>Target "EnableIntermediateOutputPathMismatchWarning" in file "C:\Program Files\Microsoft Visual Studio\2022\Preview\Common7\IDE\CommonExtensions\Microsoft\NuGet\NuGet.targets":
1>  Set Property: EnableBaseIntermediateOutputPathMismatchWarning=true
1>Done building target "EnableIntermediateOutputPathMismatchWarning" in project "GridWithMenuApp1_VS2022.csproj".
1>Target "ApplyImplicitVersions" skipped. Previously built successfully.
1>Target "CheckForImplicitPackageReferenceOverrides" skipped. Previously built successfully.
1>Target "CheckForDuplicateItems" in file "C:\Program Files\dotnet\sdk\6.0.100-preview.7.21379.14\Sdks\Microsoft.NET.Sdk\targets\Microsoft.NET.Sdk.DefaultItems.Shared.targets":
1>  Set Property: DefaultItemsMoreInformationLink=https://aka.ms/sdkimplicititems
1>  Using "CheckForDuplicateItems" task from assembly "C:\Program Files\dotnet\sdk\6.0.100-preview.7.21379.14\Sdks\Microsoft.NET.Sdk\targets\..\tools\net472\Microsoft.NET.Build.Tasks.dll".
1>  Task "CheckForDuplicateItems"
1>    Task Parameter:DefaultItemsOfThisTypeEnabled=True
1>    Task Parameter:DefaultItemsEnabled=True
1>    Task Parameter:ItemName=Compile
1>    Task Parameter:
1>        Items=
1>            App.xaml.cs
1>                    CopyToOutputDirectory=Never
1>            Data\SampleData.cs
1>                    CopyToOutputDirectory=Never
1>            MainWindow.xaml.cs
1>                    CopyToOutputDirectory=Never
1>            Properties\AssemblyInfo.cs
1>                    CopyToOutputDirectory=Never
1>            Properties\Resources.Designer.cs
1>                    CopyToOutputDirectory=Never
1>            Properties\Settings.Designer.cs
1>                    AutoGen=True
1>                    CopyToOutputDirectory=Never
1>                    DependentUpon=Settings.settings
1>                    DesignTimeSharedInput=True
1>    Task Parameter:PropertyNameToDisableDefaultItems=EnableDefaultCompileItems
1>    Task Parameter:MoreInformationLink=https://aka.ms/sdkimplicititems
1>  Done executing task "CheckForDuplicateItems".
1>  Task "CheckForDuplicateItems"
1>    Task Parameter:DefaultItemsOfThisTypeEnabled=True
1>    Task Parameter:DefaultItemsEnabled=True
1>    Task Parameter:ItemName=EmbeddedResource
1>    Task Parameter:
1>        Items=
1>            Properties\Resources.resx
1>                    CopyToOutputDirectory=Never
1>            Properties\Licenses.licx
1>                    CopyToOutputDirectory=Never
1>    Task Parameter:PropertyNameToDisableDefaultItems=EnableDefaultEmbeddedResourceItems
1>    Task Parameter:MoreInformationLink=https://aka.ms/sdkimplicititems
1>  Done executing task "CheckForDuplicateItems".
1>  Task "CheckForDuplicateItems"
1>    Task Parameter:DefaultItemsEnabled=True
1>    Task Parameter:ItemName=Content
1>    Task Parameter:PropertyNameToDisableDefaultItems=EnableDefaultContentItems
1>    Task Parameter:MoreInformationLink=https://aka.ms/sdkimplicititems
1>  Done executing task "CheckForDuplicateItems".
1>Done building target "CheckForDuplicateItems" in project "GridWithMenuApp1_VS2022.csproj".
1>Target "WarnForExplicitVersions" skipped, due to false condition; ('@(SdkBuildWarning)' != '') was evaluated as ('' != '').
1>Target "_CheckForFailedSDKResolution" skipped, due to false condition; ('$(SdkResolverHonoredGlobalJson)' == 'false') was evaluated as ('' == 'false').
1>Target "_CheckForInvalidWindowsDesktopTargetingConfiguration" skipped, due to false condition; ('$(TargetFrameworkIdentifier)' == '.NETCoreApp' and $([MSBuild]::VersionGreaterThanOrEquals($(_TargetFrameworkVersionWithoutV), '5.0')) and ('$(UseWindowsForms)' == 'true' or '$(UseWPF)' == 'true')) was evaluated as ('.NETCoreApp' == '.NETCoreApp' and False and ('' == 'true' or 'true' == 'true')).
1>Target "_CheckForUnnecessaryWindowsDesktopSDK" skipped, due to false condition; ('$(TargetFrameworkIdentifier)' == '.NETCoreApp' and $([MSBuild]::VersionGreaterThanOrEquals($(_TargetFrameworkVersionWithoutV), '5.0')) and '$(_MicrosoftWindowsDesktopSdkImported)' == 'true' and '$(TargetFrameworks)' == '') was evaluated as ('.NETCoreApp' == '.NETCoreApp' and False and 'true' == 'true' and '' == '').
1>Target "ProcessFrameworkReferences" skipped. Previously built successfully.
1>Target "IncludeTargetingPackReference" skipped, due to false condition; ('$(TargetFrameworkMoniker)' != '' and '$(TargetFrameworkIdentifier)' == '.NETFramework' and '$(AutomaticallyUseReferenceAssemblyPackages)' == 'true') was evaluated as ('.NETCoreApp,Version=v3.0' != '' and '.NETCoreApp' == '.NETFramework' and 'true' == 'true').
1>Target "CheckForDuplicateItems" skipped. Previously built successfully.
1>Target "CheckForDuplicatePageItems" in file "C:\Program Files\dotnet\sdk\6.0.100-preview.7.21379.14\Sdks\Microsoft.NET.Sdk.WindowsDesktop\targets\Microsoft.NET.Sdk.WindowsDesktop.targets":
1>  Task "CheckForDuplicateItems"
1>    Task Parameter:DefaultItemsOfThisTypeEnabled=True
1>    Task Parameter:DefaultItemsEnabled=True
1>    Task Parameter:ItemName=Page
1>    Task Parameter:
1>        Items=
1>            MainWindow.xaml
1>                    Generator=MSBuild:Compile
1>                    SubType=Designer
1>                    XamlRuntime=Wpf
1>    Task Parameter:PropertyNameToDisableDefaultItems=EnableDefaultPageItems
1>    Task Parameter:MoreInformationLink=https://aka.ms/sdkimplicititems
1>  Done executing task "CheckForDuplicateItems".
1>Done building target "CheckForDuplicatePageItems" in project "GridWithMenuApp1_VS2022.csproj".
1>Target "_WindowsDesktopFrameworkRequiresUseWpfOrUseWindowsForms" in file "C:\Program Files\dotnet\sdk\6.0.100-preview.7.21379.14\Sdks\Microsoft.NET.Sdk.WindowsDesktop\targets\Microsoft.NET.Sdk.WindowsDesktop.targets":
1>  Task "NetSdkWarning" skipped, due to false condition; ('$(UseWpf)' != 'true' And '$(UseWindowsForms)' != 'true') was evaluated as ('true' != 'true' And '' != 'true').
1>Done building target "_WindowsDesktopFrameworkRequiresUseWpfOrUseWindowsForms" in project "GridWithMenuApp1_VS2022.csproj".
1>Target "_WindowsDesktopFrameworkRequiresVersion30" skipped, due to false condition; (('$(TargetFrameworkIdentifier)' == '.NETCoreApp') And
1>                  ('$(_TargetFrameworkVersionValue)' != '$(_UndefinedTargetFrameworkVersion)') And ('$(_TargetFrameworkVersionValue)' < '$(_WindowsDesktopSdkTargetFrameworkVersionFloor)')) was evaluated as (('.NETCoreApp' == '.NETCoreApp') And
1>                  ('3.0' != '0.0') And ('3.0' < '3.0')).
1>Target "_CheckForInvalidConfigurationAndPlatform" in file "C:\Program Files\Microsoft Visual Studio\2022\Preview\MSBuild\Current\Bin\amd64\Microsoft.Common.CurrentVersion.targets":
1>  Set Property: _InvalidConfigurationMessageText=The BaseOutputPath/OutputPath property is not set for project 'GridWithMenuApp1_VS2022.csproj'.  Please check to make sure that you have specified a valid combination of Configuration and Platform for this project.  Configuration='Debug'  Platform='AnyCPU'.
1>  Set Property: _InvalidConfigurationMessageText=The BaseOutputPath/OutputPath property is not set for project 'GridWithMenuApp1_VS2022.csproj'.  Please check to make sure that you have specified a valid combination of Configuration and Platform for this project.  Configuration='Debug'  Platform='AnyCPU'.  This error may also appear if some other project is trying to follow a project-to-project reference to this project, this project has been unloaded or is not included in the solution, and the referencing project does not build using the same or an equivalent Configuration or Platform.
1>  Task "Error" skipped, due to false condition; ( '$(_InvalidConfigurationError)' == 'true' ) was evaluated as ( '' == 'true' ).
1>  Task "Warning" skipped, due to false condition; ( '$(_InvalidConfigurationWarning)' == 'true' ) was evaluated as ( '' == 'true' ).
1>  Using "Message" task from assembly "Microsoft.Build.Tasks.Core, Version=15.1.0.0, Culture=neutral, PublicKeyToken=b03f5f7f11d50a3a".
1>  Task "Message"
1>    Task Parameter:Importance=Low
1>    Task Parameter:Text=Configuration=Debug
1>    Configuration=Debug
1>  Done executing task "Message".
1>  Task "Message"
1>    Task Parameter:Importance=Low
1>    Task Parameter:Text=Platform=AnyCPU
1>    Platform=AnyCPU
1>  Done executing task "Message".
1>  Task "Error" skipped, due to false condition; ('$(OutDir)' != '' and !HasTrailingSlash('$(OutDir)')) was evaluated as ('bin\Debug\netcoreapp3.0\' != '' and !HasTrailingSlash('bin\Debug\netcoreapp3.0\')).
1>  Task "Error" skipped, due to false condition; ('$(IntermediateOutputPath)' != '' and !HasTrailingSlash('$(IntermediateOutputPath)')) was evaluated as ('obj\Debug\netcoreapp3.0\' != '' and !HasTrailingSlash('obj\Debug\netcoreapp3.0\')).
1>  Task "Error" skipped, due to false condition; ('$(BaseIntermediateOutputPath)' != '' and !HasTrailingSlash('$(BaseIntermediateOutputPath)')) was evaluated as ('obj\' != '' and !HasTrailingSlash('obj\')).
1>  Task "Error" skipped, due to false condition; ( '$(_InitialMSBuildProjectExtensionsPath)' != '' And '$(MSBuildProjectExtensionsPath)' != '$(_InitialMSBuildProjectExtensionsPath)' ) was evaluated as ( 'C:\Users\hansnguyen\source\repos\GridWithMenuApp1_VS2022\obj\' != '' And 'C:\Users\hansnguyen\source\repos\GridWithMenuApp1_VS2022\obj\' != 'C:\Users\hansnguyen\source\repos\GridWithMenuApp1_VS2022\obj\' ).
1>  Task "Warning" skipped, due to false condition; ( '$(EnableBaseIntermediateOutputPathMismatchWarning)' == 'true' And '$(_InitialBaseIntermediateOutputPath)' != '$(BaseIntermediateOutputPath)' And '$(BaseIntermediateOutputPath)' != '$(MSBuildProjectExtensionsPath)' ) was evaluated as ( 'true' == 'true' And 'obj\' != 'obj\' And 'obj\' != 'C:\Users\hansnguyen\source\repos\GridWithMenuApp1_VS2022\obj\' ).
1>Done building target "_CheckForInvalidConfigurationAndPlatform" in project "GridWithMenuApp1_VS2022.csproj".
1>Target "ValidateCommandLineProperties" in file "C:\Program Files\dotnet\sdk\6.0.100-preview.7.21379.14\Sdks\Microsoft.NET.Sdk\targets\Microsoft.NET.Sdk.targets":
1>  Task "NETSdkWarning" skipped, due to false condition; ('$(_CommandLineDefinedSelfContained)' != 'true' and
1>                     '$(_CommandLineDefinedRuntimeIdentifier)' == 'true' and
1>                     '$(TargetFrameworkIdentifier)' == '.NETCoreApp' and
1>                     $([MSBuild]::VersionGreaterThanOrEquals($(TargetFrameworkVersion), '6.0'))) was evaluated as ('' != 'true' and
1>                     '' == 'true' and
1>                     '.NETCoreApp' == '.NETCoreApp' and
1>                     False).
1>Done building target "ValidateCommandLineProperties" in project "GridWithMenuApp1_VS2022.csproj".
1>Target "_SdkBeforeRebuild" in file "C:\Program Files\dotnet\sdk\6.0.100-preview.7.21379.14\Sdks\Microsoft.NET.Sdk\targets\Microsoft.NET.Sdk.targets":
1>  Set Property: _CleaningWithoutRebuilding=false
1>Done building target "_SdkBeforeRebuild" in project "GridWithMenuApp1_VS2022.csproj".
1>Target "BeforeRebuild" in file "C:\Program Files\Microsoft Visual Studio\2022\Preview\MSBuild\Current\Bin\amd64\Microsoft.Common.CurrentVersion.targets":
1>Done building target "BeforeRebuild" in project "GridWithMenuApp1_VS2022.csproj".
1>Target "BeforeClean" in file "C:\Program Files\Microsoft Visual Studio\2022\Preview\MSBuild\Current\Bin\amd64\Microsoft.Common.CurrentVersion.targets":
1>Done building target "BeforeClean" in project "GridWithMenuApp1_VS2022.csproj".
1>Target "UnmanagedUnregistration" skipped, due to false condition; ((('$(_AssemblyTimestampBeforeCompile)' != '$(_AssemblyTimestampAfterCompile)' or '$(RegisterForComInterop)' != 'true' or '$(OutputType)' != 'library') or
1>                    ('$(_AssemblyTimestampBeforeCompile)' == '')) and
1>                   Exists('@(_UnmanagedRegistrationCache)')) was evaluated as ((('' != '' or '' != 'true' or 'WinExe' != 'library') or
1>                    ('' == '')) and
1>                   Exists('obj\GridWithMenuApp1_VS2022.csproj.UnmanagedRegistration.cache')).
1>Target "_SdkBeforeClean" in file "C:\Program Files\dotnet\sdk\6.0.100-preview.7.21379.14\Sdks\Microsoft.NET.Sdk\targets\Microsoft.NET.Sdk.targets":
1>Done building target "_SdkBeforeClean" in project "GridWithMenuApp1_VS2022.csproj".
1>Target "CoreClean" in file "C:\Program Files\Microsoft Visual Studio\2022\Preview\MSBuild\Current\Bin\amd64\Microsoft.Common.CurrentVersion.targets":
1>  Using "Delete" task from assembly "Microsoft.Build.Tasks.Core, Version=15.1.0.0, Culture=neutral, PublicKeyToken=b03f5f7f11d50a3a".
1>  Task "Delete"
1>    Task Parameter:
1>        Files=
1>            obj\Debug\netcoreapp3.0\\TempCA\GridWithMenuApp1_VS2022.pdb
1>            obj\Debug\netcoreapp3.0\\TempCA\GridWithMenuApp1_VS2022.dll
1>    Task Parameter:TreatErrorsAsWarnings=True
1>    File "obj\Debug\netcoreapp3.0\\TempCA\GridWithMenuApp1_VS2022.pdb" doesn't exist. Skipping.
1>    File "obj\Debug\netcoreapp3.0\\TempCA\GridWithMenuApp1_VS2022.dll" doesn't exist. Skipping.
1>  Done executing task "Delete".
1>  Using "ReadLinesFromFile" task from assembly "Microsoft.Build.Tasks.Core, Version=15.1.0.0, Culture=neutral, PublicKeyToken=b03f5f7f11d50a3a".
1>  Task "ReadLinesFromFile"
1>    Task Parameter:File=obj\Debug\netcoreapp3.0\GridWithMenuApp1_VS2022.csproj.FileListAbsolute.txt
1>    Output Item(s): 
1>        _CleanPriorFileWrites=
1>            C:\Users\hansnguyen\source\repos\GridWithMenuApp1_VS2022\obj\Debug\netcoreapp3.0\GridWithMenuApp1_VS2022.csproj.AssemblyReference.cache
1>            C:\Users\hansnguyen\source\repos\GridWithMenuApp1_VS2022\obj\Debug\netcoreapp3.0\MainWindow.g.cs
1>            C:\Users\hansnguyen\source\repos\GridWithMenuApp1_VS2022\obj\Debug\netcoreapp3.0\App.g.cs
1>            C:\Users\hansnguyen\source\repos\GridWithMenuApp1_VS2022\obj\Debug\netcoreapp3.0\GeneratedInternalTypeHelper.g.cs
1>            C:\Users\hansnguyen\source\repos\GridWithMenuApp1_VS2022\obj\Debug\netcoreapp3.0\GridWithMenuApp1_VS2022_MarkupCompile.cache
1>            C:\Users\hansnguyen\source\repos\GridWithMenuApp1_VS2022\obj\Debug\netcoreapp3.0\GridWithMenuApp1_VS2022_MarkupCompile.lref
1>  Done executing task "ReadLinesFromFile".
1>  Using "FindUnderPath" task from assembly "Microsoft.Build.Tasks.Core, Version=15.1.0.0, Culture=neutral, PublicKeyToken=b03f5f7f11d50a3a".
1>  Task "FindUnderPath"
1>    Task Parameter:
1>        Files=
1>            C:\Users\hansnguyen\source\repos\GridWithMenuApp1_VS2022\obj\Debug\netcoreapp3.0\GridWithMenuApp1_VS2022.csproj.AssemblyReference.cache
1>            C:\Users\hansnguyen\source\repos\GridWithMenuApp1_VS2022\obj\Debug\netcoreapp3.0\MainWindow.g.cs
1>            C:\Users\hansnguyen\source\repos\GridWithMenuApp1_VS2022\obj\Debug\netcoreapp3.0\App.g.cs
1>            C:\Users\hansnguyen\source\repos\GridWithMenuApp1_VS2022\obj\Debug\netcoreapp3.0\GeneratedInternalTypeHelper.g.cs
1>            C:\Users\hansnguyen\source\repos\GridWithMenuApp1_VS2022\obj\Debug\netcoreapp3.0\GridWithMenuApp1_VS2022_MarkupCompile.cache
1>            C:\Users\hansnguyen\source\repos\GridWithMenuApp1_VS2022\obj\Debug\netcoreapp3.0\GridWithMenuApp1_VS2022_MarkupCompile.lref
1>    Task Parameter:Path=bin\Debug\netcoreapp3.0\
1>    Comparison path is "bin\Debug\netcoreapp3.0\".
1>  Done executing task "FindUnderPath".
1>  Task "FindUnderPath"
1>    Task Parameter:
1>        Files=
1>            C:\Users\hansnguyen\source\repos\GridWithMenuApp1_VS2022\obj\Debug\netcoreapp3.0\GridWithMenuApp1_VS2022.csproj.AssemblyReference.cache
1>            C:\Users\hansnguyen\source\repos\GridWithMenuApp1_VS2022\obj\Debug\netcoreapp3.0\MainWindow.g.cs
1>            C:\Users\hansnguyen\source\repos\GridWithMenuApp1_VS2022\obj\Debug\netcoreapp3.0\App.g.cs
1>            C:\Users\hansnguyen\source\repos\GridWithMenuApp1_VS2022\obj\Debug\netcoreapp3.0\GeneratedInternalTypeHelper.g.cs
1>            C:\Users\hansnguyen\source\repos\GridWithMenuApp1_VS2022\obj\Debug\netcoreapp3.0\GridWithMenuApp1_VS2022_MarkupCompile.cache
1>            C:\Users\hansnguyen\source\repos\GridWithMenuApp1_VS2022\obj\Debug\netcoreapp3.0\GridWithMenuApp1_VS2022_MarkupCompile.lref
1>    Task Parameter:Path=obj\Debug\netcoreapp3.0\
1>    Comparison path is "obj\Debug\netcoreapp3.0\".
1>    Output Item(s): 
1>        _CleanPriorFileWritesInIntermediate=
1>            C:\Users\hansnguyen\source\repos\GridWithMenuApp1_VS2022\obj\Debug\netcoreapp3.0\GridWithMenuApp1_VS2022.csproj.AssemblyReference.cache
1>            C:\Users\hansnguyen\source\repos\GridWithMenuApp1_VS2022\obj\Debug\netcoreapp3.0\MainWindow.g.cs
1>            C:\Users\hansnguyen\source\repos\GridWithMenuApp1_VS2022\obj\Debug\netcoreapp3.0\App.g.cs
1>            C:\Users\hansnguyen\source\repos\GridWithMenuApp1_VS2022\obj\Debug\netcoreapp3.0\GeneratedInternalTypeHelper.g.cs
1>            C:\Users\hansnguyen\source\repos\GridWithMenuApp1_VS2022\obj\Debug\netcoreapp3.0\GridWithMenuApp1_VS2022_MarkupCompile.cache
1>            C:\Users\hansnguyen\source\repos\GridWithMenuApp1_VS2022\obj\Debug\netcoreapp3.0\GridWithMenuApp1_VS2022_MarkupCompile.lref
1>  Done executing task "FindUnderPath".
1>  Task "Delete"
1>    Task Parameter:
1>        Files=
1>            C:\Users\hansnguyen\source\repos\GridWithMenuApp1_VS2022\obj\Debug\netcoreapp3.0\GridWithMenuApp1_VS2022.csproj.AssemblyReference.cache
1>            C:\Users\hansnguyen\source\repos\GridWithMenuApp1_VS2022\obj\Debug\netcoreapp3.0\MainWindow.g.cs
1>            C:\Users\hansnguyen\source\repos\GridWithMenuApp1_VS2022\obj\Debug\netcoreapp3.0\App.g.cs
1>            C:\Users\hansnguyen\source\repos\GridWithMenuApp1_VS2022\obj\Debug\netcoreapp3.0\GeneratedInternalTypeHelper.g.cs
1>            C:\Users\hansnguyen\source\repos\GridWithMenuApp1_VS2022\obj\Debug\netcoreapp3.0\GridWithMenuApp1_VS2022_MarkupCompile.cache
1>            C:\Users\hansnguyen\source\repos\GridWithMenuApp1_VS2022\obj\Debug\netcoreapp3.0\GridWithMenuApp1_VS2022_MarkupCompile.lref
1>    Task Parameter:TreatErrorsAsWarnings=True
1>    Deleting file "C:\Users\hansnguyen\source\repos\GridWithMenuApp1_VS2022\obj\Debug\netcoreapp3.0\GridWithMenuApp1_VS2022.csproj.AssemblyReference.cache".
1>    Deleting file "C:\Users\hansnguyen\source\repos\GridWithMenuApp1_VS2022\obj\Debug\netcoreapp3.0\MainWindow.g.cs".
1>    Deleting file "C:\Users\hansnguyen\source\repos\GridWithMenuApp1_VS2022\obj\Debug\netcoreapp3.0\App.g.cs".
1>    Deleting file "C:\Users\hansnguyen\source\repos\GridWithMenuApp1_VS2022\obj\Debug\netcoreapp3.0\GeneratedInternalTypeHelper.g.cs".
1>    File "C:\Users\hansnguyen\source\repos\GridWithMenuApp1_VS2022\obj\Debug\netcoreapp3.0\GridWithMenuApp1_VS2022_MarkupCompile.cache" doesn't exist. Skipping.
1>    File "C:\Users\hansnguyen\source\repos\GridWithMenuApp1_VS2022\obj\Debug\netcoreapp3.0\GridWithMenuApp1_VS2022_MarkupCompile.lref" doesn't exist. Skipping.
1>    Output Item(s): 
1>        _CleanPriorFileWritesDeleted=
1>            C:\Users\hansnguyen\source\repos\GridWithMenuApp1_VS2022\obj\Debug\netcoreapp3.0\GridWithMenuApp1_VS2022.csproj.AssemblyReference.cache
1>                    OriginalItemSpec=C:\Users\hansnguyen\source\repos\GridWithMenuApp1_VS2022\obj\Debug\netcoreapp3.0\GridWithMenuApp1_VS2022.csproj.AssemblyReference.cache
1>            C:\Users\hansnguyen\source\repos\GridWithMenuApp1_VS2022\obj\Debug\netcoreapp3.0\MainWindow.g.cs
1>                    OriginalItemSpec=C:\Users\hansnguyen\source\repos\GridWithMenuApp1_VS2022\obj\Debug\netcoreapp3.0\MainWindow.g.cs
1>            C:\Users\hansnguyen\source\repos\GridWithMenuApp1_VS2022\obj\Debug\netcoreapp3.0\App.g.cs
1>                    OriginalItemSpec=C:\Users\hansnguyen\source\repos\GridWithMenuApp1_VS2022\obj\Debug\netcoreapp3.0\App.g.cs
1>            C:\Users\hansnguyen\source\repos\GridWithMenuApp1_VS2022\obj\Debug\netcoreapp3.0\GeneratedInternalTypeHelper.g.cs
1>                    OriginalItemSpec=C:\Users\hansnguyen\source\repos\GridWithMenuApp1_VS2022\obj\Debug\netcoreapp3.0\GeneratedInternalTypeHelper.g.cs
1>            C:\Users\hansnguyen\source\repos\GridWithMenuApp1_VS2022\obj\Debug\netcoreapp3.0\GridWithMenuApp1_VS2022_MarkupCompile.cache
1>                    OriginalItemSpec=C:\Users\hansnguyen\source\repos\GridWithMenuApp1_VS2022\obj\Debug\netcoreapp3.0\GridWithMenuApp1_VS2022_MarkupCompile.cache
1>            C:\Users\hansnguyen\source\repos\GridWithMenuApp1_VS2022\obj\Debug\netcoreapp3.0\GridWithMenuApp1_VS2022_MarkupCompile.lref
1>                    OriginalItemSpec=C:\Users\hansnguyen\source\repos\GridWithMenuApp1_VS2022\obj\Debug\netcoreapp3.0\GridWithMenuApp1_VS2022_MarkupCompile.lref
1>  Done executing task "Delete".
1>  Using "RemoveDuplicates" task from assembly "Microsoft.Build.Tasks.Core, Version=15.1.0.0, Culture=neutral, PublicKeyToken=b03f5f7f11d50a3a".
1>  Task "RemoveDuplicates"
1>  Done executing task "RemoveDuplicates".
1>  Using "MakeDir" task from assembly "Microsoft.Build.Tasks.Core, Version=15.1.0.0, Culture=neutral, PublicKeyToken=b03f5f7f11d50a3a".
1>  Task "MakeDir"
1>    Task Parameter:Directories=obj\Debug\netcoreapp3.0\
1>  Done executing task "MakeDir".
1>  Using "WriteLinesToFile" task from assembly "Microsoft.Build.Tasks.Core, Version=15.1.0.0, Culture=neutral, PublicKeyToken=b03f5f7f11d50a3a".
1>  Task "WriteLinesToFile"
1>    Task Parameter:Overwrite=True
1>    Task Parameter:File=obj\Debug\netcoreapp3.0\GridWithMenuApp1_VS2022.csproj.FileListAbsolute.txt
1>  Done executing task "WriteLinesToFile".
1>Done building target "CoreClean" in project "GridWithMenuApp1_VS2022.csproj".
1>Target "_CleanMdbFiles" skipped, due to false condition; (Exists('$(TargetPath).mdb')) was evaluated as (Exists('C:\Users\hansnguyen\source\repos\GridWithMenuApp1_VS2022\bin\Debug\netcoreapp3.0\GridWithMenuApp1_VS2022.dll.mdb')).
1>Target "ProcessFrameworkReferences" skipped. Previously built successfully.
1>Target "_DefaultMicrosoftNETPlatformLibrary" in file "C:\Program Files\dotnet\sdk\6.0.100-preview.7.21379.14\Sdks\Microsoft.NET.Sdk\targets\Microsoft.NET.Sdk.Shared.targets":
1>Done building target "_DefaultMicrosoftNETPlatformLibrary" in project "GridWithMenuApp1_VS2022.csproj".
1>Target "_ComputePackageReferencePublish" in file "C:\Program Files\dotnet\sdk\6.0.100-preview.7.21379.14\Sdks\Microsoft.NET.Sdk\targets\Microsoft.NET.Sdk.Shared.targets":
1>Done building target "_ComputePackageReferencePublish" in project "GridWithMenuApp1_VS2022.csproj".
1>Target "ResolvePackageAssets" in file "C:\Program Files\dotnet\sdk\6.0.100-preview.7.21379.14\Sdks\Microsoft.NET.Sdk\targets\Microsoft.PackageDependencyResolution.targets":
1>  Set Property: UseAppHostFromAssetsFile=false
1>  Set Property: CopyLocalRuntimeTargetAssets=true
1>  Using "ResolvePackageAssets" task from assembly "C:\Program Files\dotnet\sdk\6.0.100-preview.7.21379.14\Sdks\Microsoft.NET.Sdk\targets\..\tools\net472\Microsoft.NET.Build.Tasks.dll".
1>  Task "ResolvePackageAssets"
1>    Task Parameter:CopyLocalRuntimeTargetAssets=True
1>    Task Parameter:VerifyMatchingImplicitPackageVersion=True
1>    Task Parameter:
1>        PackageReferences=
1>            C1.Xaml.WPF
1>                    Version=4.5.20213.*
1>            C1.Xaml.WPF.FlexGrid
1>                    Version=4.5.20213.*
1>            C1.Xaml.WPF.Toolbar
1>                    Version=4.5.20213.*
1>            C1.Xaml.WPF.DateTimeEditors
1>                    Version=4.5.20213.*
1>            C1.Xaml.WPF.FlexGridFilter
1>                    Version=4.5.20213.*
1>            C1.Xaml.WPF.FlexGrid.GroupPanel
1>                    Version=4.5.20213.*
1>    Task Parameter:IsSelfContained=False
1>    Task Parameter:EmitAssetsLogMessages=True
1>    Task Parameter:TargetFramework=netcoreapp3.0
1>    Task Parameter:ProjectPath=C:\Users\hansnguyen\source\repos\GridWithMenuApp1_VS2022\GridWithMenuApp1_VS2022.csproj
1>    Task Parameter:ProjectAssetsFile=C:\Users\hansnguyen\source\repos\GridWithMenuApp1_VS2022\obj\project.assets.json
1>    Task Parameter:ProjectLanguage=C#
1>    Task Parameter:
1>        RuntimeFrameworks=
1>            Microsoft.NETCore.App
1>                    FrameworkName=Microsoft.NETCore.App
1>                    Version=3.0.0
1>            Microsoft.WindowsDesktop.App
1>                    FrameworkName=Microsoft.WindowsDesktop.App
1>                    Version=3.0.0
1>            Microsoft.WindowsDesktop.App
1>                    FrameworkName=Microsoft.WindowsDesktop.App.WPF
1>                    Version=3.0.0
1>            Microsoft.WindowsDesktop.App
1>                    FrameworkName=Microsoft.WindowsDesktop.App.WindowsForms
1>                    Version=3.0.0
1>            Microsoft.AspNetCore.App
1>                    FrameworkName=Microsoft.AspNetCore.App
1>                    Version=3.0.0
1>    Task Parameter:ProjectAssetsCacheFile=C:\Users\hansnguyen\source\repos\GridWithMenuApp1_VS2022\obj\Debug\netcoreapp3.0\GridWithMenuApp1_VS2022.assets.cache
1>    Task Parameter:DotNetAppHostExecutableNameWithoutExtension=apphost
1>    Task Parameter:MarkPackageReferencesAsExternallyResolved=True
1>    Output Item(s): 
1>        ResourceCopyLocalItems=
1>            C:\Users\hansnguyen\.nuget\packages\c1.xaml.wpf\4.5.20213.749\lib\netcoreapp3.0\ar\C1.WPF.4.5.2.resources.dll
1>                    AssetType=resources
1>                    CopyLocal=true
1>                    Culture=ar
1>                    DestinationSubDirectory=ar\
1>                    DestinationSubPath=ar\C1.WPF.4.5.2.resources.dll
1>                    NuGetPackageId=C1.Xaml.WPF
1>                    NuGetPackageVersion=4.5.20213.749
1>                    PathInPackage=lib/netcoreapp3.0/ar/C1.WPF.4.5.2.resources.dll
1>            C:\Users\hansnguyen\.nuget\packages\c1.xaml.wpf\4.5.20213.749\lib\netcoreapp3.0\cs\C1.WPF.4.5.2.resources.dll
1>                    AssetType=resources
1>                    CopyLocal=true
1>                    Culture=cs
1>                    DestinationSubDirectory=cs\
1>                    DestinationSubPath=cs\C1.WPF.4.5.2.resources.dll
1>                    NuGetPackageId=C1.Xaml.WPF
1>                    NuGetPackageVersion=4.5.20213.749
1>                    PathInPackage=lib/netcoreapp3.0/cs/C1.WPF.4.5.2.resources.dll
1>            C:\Users\hansnguyen\.nuget\packages\c1.xaml.wpf\4.5.20213.749\lib\netcoreapp3.0\da\C1.WPF.4.5.2.resources.dll
1>                    AssetType=resources
1>                    CopyLocal=true
1>                    Culture=da
1>                    DestinationSubDirectory=da\
1>                    DestinationSubPath=da\C1.WPF.4.5.2.resources.dll
1>                    NuGetPackageId=C1.Xaml.WPF
1>                    NuGetPackageVersion=4.5.20213.749
1>                    PathInPackage=lib/netcoreapp3.0/da/C1.WPF.4.5.2.resources.dll
1>            C:\Users\hansnguyen\.nuget\packages\c1.xaml.wpf\4.5.20213.749\lib\netcoreapp3.0\de\C1.WPF.4.5.2.resources.dll
1>                    AssetType=resources
1>                    CopyLocal=true
1>                    Culture=de
1>                    DestinationSubDirectory=de\
1>                    DestinationSubPath=de\C1.WPF.4.5.2.resources.dll
1>                    NuGetPackageId=C1.Xaml.WPF
1>                    NuGetPackageVersion=4.5.20213.749
1>                    PathInPackage=lib/netcoreapp3.0/de/C1.WPF.4.5.2.resources.dll
1>            C:\Users\hansnguyen\.nuget\packages\c1.xaml.wpf\4.5.20213.749\lib\netcoreapp3.0\el\C1.WPF.4.5.2.resources.dll
1>                    AssetType=resources
1>                    CopyLocal=true
1>                    Culture=el
1>                    DestinationSubDirectory=el\
1>                    DestinationSubPath=el\C1.WPF.4.5.2.resources.dll
1>                    NuGetPackageId=C1.Xaml.WPF
1>                    NuGetPackageVersion=4.5.20213.749
1>                    PathInPackage=lib/netcoreapp3.0/el/C1.WPF.4.5.2.resources.dll
1>            C:\Users\hansnguyen\.nuget\packages\c1.xaml.wpf\4.5.20213.749\lib\netcoreapp3.0\es\C1.WPF.4.5.2.resources.dll
1>                    AssetType=resources
1>                    CopyLocal=true
1>                    Culture=es
1>                    DestinationSubDirectory=es\
1>                    DestinationSubPath=es\C1.WPF.4.5.2.resources.dll
1>                    NuGetPackageId=C1.Xaml.WPF
1>                    NuGetPackageVersion=4.5.20213.749
1>                    PathInPackage=lib/netcoreapp3.0/es/C1.WPF.4.5.2.resources.dll
1>            C:\Users\hansnguyen\.nuget\packages\c1.xaml.wpf\4.5.20213.749\lib\netcoreapp3.0\fi\C1.WPF.4.5.2.resources.dll
1>                    AssetType=resources
1>                    CopyLocal=true
1>                    Culture=fi
1>                    DestinationSubDirectory=fi\
1>                    DestinationSubPath=fi\C1.WPF.4.5.2.resources.dll
1>                    NuGetPackageId=C1.Xaml.WPF
1>                    NuGetPackageVersion=4.5.20213.749
1>                    PathInPackage=lib/netcoreapp3.0/fi/C1.WPF.4.5.2.resources.dll
1>            C:\Users\hansnguyen\.nuget\packages\c1.xaml.wpf\4.5.20213.749\lib\netcoreapp3.0\fr\C1.WPF.4.5.2.resources.dll
1>                    AssetType=resources
1>                    CopyLocal=true
1>                    Culture=fr
1>                    DestinationSubDirectory=fr\
1>                    DestinationSubPath=fr\C1.WPF.4.5.2.resources.dll
1>                    NuGetPackageId=C1.Xaml.WPF
1>                    NuGetPackageVersion=4.5.20213.749
1>                    PathInPackage=lib/netcoreapp3.0/fr/C1.WPF.4.5.2.resources.dll
1>            C:\Users\hansnguyen\.nuget\packages\c1.xaml.wpf\4.5.20213.749\lib\netcoreapp3.0\he\C1.WPF.4.5.2.resources.dll
1>                    AssetType=resources
1>                    CopyLocal=true
1>                    Culture=he
1>                    DestinationSubDirectory=he\
1>                    DestinationSubPath=he\C1.WPF.4.5.2.resources.dll
1>                    NuGetPackageId=C1.Xaml.WPF
1>                    NuGetPackageVersion=4.5.20213.749
1>                    PathInPackage=lib/netcoreapp3.0/he/C1.WPF.4.5.2.resources.dll
1>            C:\Users\hansnguyen\.nuget\packages\c1.xaml.wpf\4.5.20213.749\lib\netcoreapp3.0\it\C1.WPF.4.5.2.resources.dll
1>                    AssetType=resources
1>                    CopyLocal=true
1>                    Culture=it
1>                    DestinationSubDirectory=it\
1>                    DestinationSubPath=it\C1.WPF.4.5.2.resources.dll
1>                    NuGetPackageId=C1.Xaml.WPF
1>                    NuGetPackageVersion=4.5.20213.749
1>                    PathInPackage=lib/netcoreapp3.0/it/C1.WPF.4.5.2.resources.dll
1>            C:\Users\hansnguyen\.nuget\packages\c1.xaml.wpf\4.5.20213.749\lib\netcoreapp3.0\ja\C1.WPF.4.5.2.resources.dll
1>                    AssetType=resources
1>                    CopyLocal=true
1>                    Culture=ja
1>                    DestinationSubDirectory=ja\
1>                    DestinationSubPath=ja\C1.WPF.4.5.2.resources.dll
1>                    NuGetPackageId=C1.Xaml.WPF
1>                    NuGetPackageVersion=4.5.20213.749
1>                    PathInPackage=lib/netcoreapp3.0/ja/C1.WPF.4.5.2.resources.dll
1>            C:\Users\hansnguyen\.nuget\packages\c1.xaml.wpf\4.5.20213.749\lib\netcoreapp3.0\ko\C1.WPF.4.5.2.resources.dll
1>                    AssetType=resources
1>                    CopyLocal=true
1>                    Culture=ko
1>                    DestinationSubDirectory=ko\
1>                    DestinationSubPath=ko\C1.WPF.4.5.2.resources.dll
1>                    NuGetPackageId=C1.Xaml.WPF
1>                    NuGetPackageVersion=4.5.20213.749
1>                    PathInPackage=lib/netcoreapp3.0/ko/C1.WPF.4.5.2.resources.dll
1>            C:\Users\hansnguyen\.nuget\packages\c1.xaml.wpf\4.5.20213.749\lib\netcoreapp3.0\nl\C1.WPF.4.5.2.resources.dll
1>                    AssetType=resources
1>                    CopyLocal=true
1>                    Culture=nl
1>                    DestinationSubDirectory=nl\
1>                    DestinationSubPath=nl\C1.WPF.4.5.2.resources.dll
1>                    NuGetPackageId=C1.Xaml.WPF
1>                    NuGetPackageVersion=4.5.20213.749
1>                    PathInPackage=lib/netcoreapp3.0/nl/C1.WPF.4.5.2.resources.dll
1>            C:\Users\hansnguyen\.nuget\packages\c1.xaml.wpf\4.5.20213.749\lib\netcoreapp3.0\no\C1.WPF.4.5.2.resources.dll
1>                    AssetType=resources
1>                    CopyLocal=true
1>                    Culture=no
1>                    DestinationSubDirectory=no\
1>                    DestinationSubPath=no\C1.WPF.4.5.2.resources.dll
1>                    NuGetPackageId=C1.Xaml.WPF
1>                    NuGetPackageVersion=4.5.20213.749
1>                    PathInPackage=lib/netcoreapp3.0/no/C1.WPF.4.5.2.resources.dll
1>            C:\Users\hansnguyen\.nuget\packages\c1.xaml.wpf\4.5.20213.749\lib\netcoreapp3.0\pl\C1.WPF.4.5.2.resources.dll
1>                    AssetType=resources
1>                    CopyLocal=true
1>                    Culture=pl
1>                    DestinationSubDirectory=pl\
1>                    DestinationSubPath=pl\C1.WPF.4.5.2.resources.dll
1>                    NuGetPackageId=C1.Xaml.WPF
1>                    NuGetPackageVersion=4.5.20213.749
1>                    PathInPackage=lib/netcoreapp3.0/pl/C1.WPF.4.5.2.resources.dll
1>            C:\Users\hansnguyen\.nuget\packages\c1.xaml.wpf\4.5.20213.749\lib\netcoreapp3.0\pt\C1.WPF.4.5.2.resources.dll
1>                    AssetType=resources
1>                    CopyLocal=true
1>                    Culture=pt
1>                    DestinationSubDirectory=pt\
1>                    DestinationSubPath=pt\C1.WPF.4.5.2.resources.dll
1>                    NuGetPackageId=C1.Xaml.WPF
1>                    NuGetPackageVersion=4.5.20213.749
1>                    PathInPackage=lib/netcoreapp3.0/pt/C1.WPF.4.5.2.resources.dll
1>            C:\Users\hansnguyen\.nuget\packages\c1.xaml.wpf\4.5.20213.749\lib\netcoreapp3.0\ro\C1.WPF.4.5.2.resources.dll
1>                    AssetType=resources
1>                    CopyLocal=true
1>                    Culture=ro
1>                    DestinationSubDirectory=ro\
1>                    DestinationSubPath=ro\C1.WPF.4.5.2.resources.dll
1>                    NuGetPackageId=C1.Xaml.WPF
1>                    NuGetPackageVersion=4.5.20213.749
1>                    PathInPackage=lib/netcoreapp3.0/ro/C1.WPF.4.5.2.resources.dll
1>            C:\Users\hansnguyen\.nuget\packages\c1.xaml.wpf\4.5.20213.749\lib\netcoreapp3.0\ru\C1.WPF.4.5.2.resources.dll
1>                    AssetType=resources
1>                    CopyLocal=true
1>                    Culture=ru
1>                    DestinationSubDirectory=ru\
1>                    DestinationSubPath=ru\C1.WPF.4.5.2.resources.dll
1>                    NuGetPackageId=C1.Xaml.WPF
1>                    NuGetPackageVersion=4.5.20213.749
1>                    PathInPackage=lib/netcoreapp3.0/ru/C1.WPF.4.5.2.resources.dll
1>            C:\Users\hansnguyen\.nuget\packages\c1.xaml.wpf\4.5.20213.749\lib\netcoreapp3.0\sk\C1.WPF.4.5.2.resources.dll
1>                    AssetType=resources
1>                    CopyLocal=true
1>                    Culture=sk
1>                    DestinationSubDirectory=sk\
1>                    DestinationSubPath=sk\C1.WPF.4.5.2.resources.dll
1>                    NuGetPackageId=C1.Xaml.WPF
1>                    NuGetPackageVersion=4.5.20213.749
1>                    PathInPackage=lib/netcoreapp3.0/sk/C1.WPF.4.5.2.resources.dll
1>            C:\Users\hansnguyen\.nuget\packages\c1.xaml.wpf\4.5.20213.749\lib\netcoreapp3.0\sv\C1.WPF.4.5.2.resources.dll
1>                    AssetType=resources
1>                    CopyLocal=true
1>                    Culture=sv
1>                    DestinationSubDirectory=sv\
1>                    DestinationSubPath=sv\C1.WPF.4.5.2.resources.dll
1>                    NuGetPackageId=C1.Xaml.WPF
1>                    NuGetPackageVersion=4.5.20213.749
1>                    PathInPackage=lib/netcoreapp3.0/sv/C1.WPF.4.5.2.resources.dll
1>            C:\Users\hansnguyen\.nuget\packages\c1.xaml.wpf\4.5.20213.749\lib\netcoreapp3.0\tr\C1.WPF.4.5.2.resources.dll
1>                    AssetType=resources
1>                    CopyLocal=true
1>                    Culture=tr
1>                    DestinationSubDirectory=tr\
1>                    DestinationSubPath=tr\C1.WPF.4.5.2.resources.dll
1>                    NuGetPackageId=C1.Xaml.WPF
1>                    NuGetPackageVersion=4.5.20213.749
1>                    PathInPackage=lib/netcoreapp3.0/tr/C1.WPF.4.5.2.resources.dll
1>            C:\Users\hansnguyen\.nuget\packages\c1.xaml.wpf\4.5.20213.749\lib\netcoreapp3.0\zh-Hans\C1.WPF.4.5.2.resources.dll
1>                    AssetType=resources
1>                    CopyLocal=true
1>                    Culture=zh-Hans
1>                    DestinationSubDirectory=zh-Hans\
1>                    DestinationSubPath=zh-Hans\C1.WPF.4.5.2.resources.dll
1>                    NuGetPackageId=C1.Xaml.WPF
1>                    NuGetPackageVersion=4.5.20213.749
1>                    PathInPackage=lib/netcoreapp3.0/zh-Hans/C1.WPF.4.5.2.resources.dll
1>            C:\Users\hansnguyen\.nuget\packages\c1.xaml.wpf\4.5.20213.749\lib\netcoreapp3.0\zh-Hant\C1.WPF.4.5.2.resources.dll
1>                    AssetType=resources
1>                    CopyLocal=true
1>                    Culture=zh-Hant
1>                    DestinationSubDirectory=zh-Hant\
1>                    DestinationSubPath=zh-Hant\C1.WPF.4.5.2.resources.dll
1>                    NuGetPackageId=C1.Xaml.WPF
1>                    NuGetPackageVersion=4.5.20213.749
1>                    PathInPackage=lib/netcoreapp3.0/zh-Hant/C1.WPF.4.5.2.resources.dll
1>            C:\Users\hansnguyen\.nuget\packages\c1.xaml.wpf\4.5.20213.749\lib\netcoreapp3.0\zh\C1.WPF.4.5.2.resources.dll
1>                    AssetType=resources
1>                    CopyLocal=true
1>                    Culture=zh
1>                    DestinationSubDirectory=zh\
1>                    DestinationSubPath=zh\C1.WPF.4.5.2.resources.dll
1>                    NuGetPackageId=C1.Xaml.WPF
1>                    NuGetPackageVersion=4.5.20213.749
1>                    PathInPackage=lib/netcoreapp3.0/zh/C1.WPF.4.5.2.resources.dll
1>            C:\Users\hansnguyen\.nuget\packages\c1.xaml.wpf.flexgrid.grouppanel\4.5.20213.749\lib\netcoreapp3.0\ar\C1.WPF.FlexGrid.GroupPanel.4.5.2.resources.dll
1>                    AssetType=resources
1>                    CopyLocal=true
1>                    Culture=ar
1>                    DestinationSubDirectory=ar\
1>                    DestinationSubPath=ar\C1.WPF.FlexGrid.GroupPanel.4.5.2.resources.dll
1>                    NuGetPackageId=C1.Xaml.WPF.FlexGrid.GroupPanel
1>                    NuGetPackageVersion=4.5.20213.749
1>                    PathInPackage=lib/netcoreapp3.0/ar/C1.WPF.FlexGrid.GroupPanel.4.5.2.resources.dll
1>            C:\Users\hansnguyen\.nuget\packages\c1.xaml.wpf.flexgrid.grouppanel\4.5.20213.749\lib\netcoreapp3.0\cs\C1.WPF.FlexGrid.GroupPanel.4.5.2.resources.dll
1>                    AssetType=resources
1>                    CopyLocal=true
1>                    Culture=cs
1>                    DestinationSubDirectory=cs\
1>                    DestinationSubPath=cs\C1.WPF.FlexGrid.GroupPanel.4.5.2.resources.dll
1>                    NuGetPackageId=C1.Xaml.WPF.FlexGrid.GroupPanel
1>                    NuGetPackageVersion=4.5.20213.749
1>                    PathInPackage=lib/netcoreapp3.0/cs/C1.WPF.FlexGrid.GroupPanel.4.5.2.resources.dll
1>            C:\Users\hansnguyen\.nuget\packages\c1.xaml.wpf.flexgrid.grouppanel\4.5.20213.749\lib\netcoreapp3.0\da\C1.WPF.FlexGrid.GroupPanel.4.5.2.resources.dll
1>                    AssetType=resources
1>                    CopyLocal=true
1>                    Culture=da
1>                    DestinationSubDirectory=da\
1>                    DestinationSubPath=da\C1.WPF.FlexGrid.GroupPanel.4.5.2.resources.dll
1>                    NuGetPackageId=C1.Xaml.WPF.FlexGrid.GroupPanel
1>                    NuGetPackageVersion=4.5.20213.749
1>                    PathInPackage=lib/netcoreapp3.0/da/C1.WPF.FlexGrid.GroupPanel.4.5.2.resources.dll
1>            C:\Users\hansnguyen\.nuget\packages\c1.xaml.wpf.flexgrid.grouppanel\4.5.20213.749\lib\netcoreapp3.0\de\C1.WPF.FlexGrid.GroupPanel.4.5.2.resources.dll
1>                    AssetType=resources
1>                    CopyLocal=true
1>                    Culture=de
1>                    DestinationSubDirectory=de\
1>                    DestinationSubPath=de\C1.WPF.FlexGrid.GroupPanel.4.5.2.resources.dll
1>                    NuGetPackageId=C1.Xaml.WPF.FlexGrid.GroupPanel
1>                    NuGetPackageVersion=4.5.20213.749
1>                    PathInPackage=lib/netcoreapp3.0/de/C1.WPF.FlexGrid.GroupPanel.4.5.2.resources.dll
1>            C:\Users\hansnguyen\.nuget\packages\c1.xaml.wpf.flexgrid.grouppanel\4.5.20213.749\lib\netcoreapp3.0\el\C1.WPF.FlexGrid.GroupPanel.4.5.2.resources.dll
1>                    AssetType=resources
1>                    CopyLocal=true
1>                    Culture=el
1>                    DestinationSubDirectory=el\
1>                    DestinationSubPath=el\C1.WPF.FlexGrid.GroupPanel.4.5.2.resources.dll
1>                    NuGetPackageId=C1.Xaml.WPF.FlexGrid.GroupPanel
1>                    NuGetPackageVersion=4.5.20213.749
1>                    PathInPackage=lib/netcoreapp3.0/el/C1.WPF.FlexGrid.GroupPanel.4.5.2.resources.dll
1>            C:\Users\hansnguyen\.nuget\packages\c1.xaml.wpf.flexgrid.grouppanel\4.5.20213.749\lib\netcoreapp3.0\es\C1.WPF.FlexGrid.GroupPanel.4.5.2.resources.dll
1>                    AssetType=resources
1>                    CopyLocal=true
1>                    Culture=es
1>                    DestinationSubDirectory=es\
1>                    DestinationSubPath=es\C1.WPF.FlexGrid.GroupPanel.4.5.2.resources.dll
1>                    NuGetPackageId=C1.Xaml.WPF.FlexGrid.GroupPanel
1>                    NuGetPackageVersion=4.5.20213.749
1>                    PathInPackage=lib/netcoreapp3.0/es/C1.WPF.FlexGrid.GroupPanel.4.5.2.resources.dll
1>            C:\Users\hansnguyen\.nuget\packages\c1.xaml.wpf.flexgrid.grouppanel\4.5.20213.749\lib\netcoreapp3.0\fi\C1.WPF.FlexGrid.GroupPanel.4.5.2.resources.dll
1>                    AssetType=resources
1>                    CopyLocal=true
1>                    Culture=fi
1>                    DestinationSubDirectory=fi\
1>                    DestinationSubPath=fi\C1.WPF.FlexGrid.GroupPanel.4.5.2.resources.dll
1>                    NuGetPackageId=C1.Xaml.WPF.FlexGrid.GroupPanel
1>                    NuGetPackageVersion=4.5.20213.749
1>                    PathInPackage=lib/netcoreapp3.0/fi/C1.WPF.FlexGrid.GroupPanel.4.5.2.resources.dll
1>            C:\Users\hansnguyen\.nuget\packages\c1.xaml.wpf.flexgrid.grouppanel\4.5.20213.749\lib\netcoreapp3.0\fr\C1.WPF.FlexGrid.GroupPanel.4.5.2.resources.dll
1>                    AssetType=resources
1>                    CopyLocal=true
1>                    Culture=fr
1>                    DestinationSubDirectory=fr\
1>                    DestinationSubPath=fr\C1.WPF.FlexGrid.GroupPanel.4.5.2.resources.dll
1>                    NuGetPackageId=C1.Xaml.WPF.FlexGrid.GroupPanel
1>                    NuGetPackageVersion=4.5.20213.749
1>                    PathInPackage=lib/netcoreapp3.0/fr/C1.WPF.FlexGrid.GroupPanel.4.5.2.resources.dll
1>            C:\Users\hansnguyen\.nuget\packages\c1.xaml.wpf.flexgrid.grouppanel\4.5.20213.749\lib\netcoreapp3.0\he\C1.WPF.FlexGrid.GroupPanel.4.5.2.resources.dll
1>                    AssetType=resources
1>                    CopyLocal=true
1>                    Culture=he
1>                    DestinationSubDirectory=he\
1>                    DestinationSubPath=he\C1.WPF.FlexGrid.GroupPanel.4.5.2.resources.dll
1>                    NuGetPackageId=C1.Xaml.WPF.FlexGrid.GroupPanel
1>                    NuGetPackageVersion=4.5.20213.749
1>                    PathInPackage=lib/netcoreapp3.0/he/C1.WPF.FlexGrid.GroupPanel.4.5.2.resources.dll
1>            C:\Users\hansnguyen\.nuget\packages\c1.xaml.wpf.flexgrid.grouppanel\4.5.20213.749\lib\netcoreapp3.0\hi\C1.WPF.FlexGrid.GroupPanel.4.5.2.resources.dll
1>                    AssetType=resources
1>                    CopyLocal=true
1>                    Culture=hi
1>                    DestinationSubDirectory=hi\
1>                    DestinationSubPath=hi\C1.WPF.FlexGrid.GroupPanel.4.5.2.resources.dll
1>                    NuGetPackageId=C1.Xaml.WPF.FlexGrid.GroupPanel
1>                    NuGetPackageVersion=4.5.20213.749
1>                    PathInPackage=lib/netcoreapp3.0/hi/C1.WPF.FlexGrid.GroupPanel.4.5.2.resources.dll
1>            C:\Users\hansnguyen\.nuget\packages\c1.xaml.wpf.flexgrid.grouppanel\4.5.20213.749\lib\netcoreapp3.0\it\C1.WPF.FlexGrid.GroupPanel.4.5.2.resources.dll
1>                    AssetType=resources
1>                    CopyLocal=true
1>                    Culture=it
1>                    DestinationSubDirectory=it\
1>                    DestinationSubPath=it\C1.WPF.FlexGrid.GroupPanel.4.5.2.resources.dll
1>                    NuGetPackageId=C1.Xaml.WPF.FlexGrid.GroupPanel
1>                    NuGetPackageVersion=4.5.20213.749
1>                    PathInPackage=lib/netcoreapp3.0/it/C1.WPF.FlexGrid.GroupPanel.4.5.2.resources.dll
1>            C:\Users\hansnguyen\.nuget\packages\c1.xaml.wpf.flexgrid.grouppanel\4.5.20213.749\lib\netcoreapp3.0\ja\C1.WPF.FlexGrid.GroupPanel.4.5.2.resources.dll
1>                    AssetType=resources
1>                    CopyLocal=true
1>                    Culture=ja
1>                    DestinationSubDirectory=ja\
1>                    DestinationSubPath=ja\C1.WPF.FlexGrid.GroupPanel.4.5.2.resources.dll
1>                    NuGetPackageId=C1.Xaml.WPF.FlexGrid.GroupPanel
1>                    NuGetPackageVersion=4.5.20213.749
1>                    PathInPackage=lib/netcoreapp3.0/ja/C1.WPF.FlexGrid.GroupPanel.4.5.2.resources.dll
1>            C:\Users\hansnguyen\.nuget\packages\c1.xaml.wpf.flexgrid.grouppanel\4.5.20213.749\lib\netcoreapp3.0\ko\C1.WPF.FlexGrid.GroupPanel.4.5.2.resources.dll
1>                    AssetType=resources
1>                    CopyLocal=true
1>                    Culture=ko
1>                    DestinationSubDirectory=ko\
1>                    DestinationSubPath=ko\C1.WPF.FlexGrid.GroupPanel.4.5.2.resources.dll
1>                    NuGetPackageId=C1.Xaml.WPF.FlexGrid.GroupPanel
1>                    NuGetPackageVersion=4.5.20213.749
1>                    PathInPackage=lib/netcoreapp3.0/ko/C1.WPF.FlexGrid.GroupPanel.4.5.2.resources.dll
1>            C:\Users\hansnguyen\.nuget\packages\c1.xaml.wpf.flexgrid.grouppanel\4.5.20213.749\lib\netcoreapp3.0\nl\C1.WPF.FlexGrid.GroupPanel.4.5.2.resources.dll
1>                    AssetType=resources
1>                    CopyLocal=true
1>                    Culture=nl
1>                    DestinationSubDirectory=nl\
1>                    DestinationSubPath=nl\C1.WPF.FlexGrid.GroupPanel.4.5.2.resources.dll
1>                    NuGetPackageId=C1.Xaml.WPF.FlexGrid.GroupPanel
1>                    NuGetPackageVersion=4.5.20213.749
1>                    PathInPackage=lib/netcoreapp3.0/nl/C1.WPF.FlexGrid.GroupPanel.4.5.2.resources.dll
1>            C:\Users\hansnguyen\.nuget\packages\c1.xaml.wpf.flexgrid.grouppanel\4.5.20213.749\lib\netcoreapp3.0\no\C1.WPF.FlexGrid.GroupPanel.4.5.2.resources.dll
1>                    AssetType=resources
1>                    CopyLocal=true
1>                    Culture=no
1>                    DestinationSubDirectory=no\
1>                    DestinationSubPath=no\C1.WPF.FlexGrid.GroupPanel.4.5.2.resources.dll
1>                    NuGetPackageId=C1.Xaml.WPF.FlexGrid.GroupPanel
1>                    NuGetPackageVersion=4.5.20213.749
1>                    PathInPackage=lib/netcoreapp3.0/no/C1.WPF.FlexGrid.GroupPanel.4.5.2.resources.dll
1>            C:\Users\hansnguyen\.nuget\packages\c1.xaml.wpf.flexgrid.grouppanel\4.5.20213.749\lib\netcoreapp3.0\pl\C1.WPF.FlexGrid.GroupPanel.4.5.2.resources.dll
1>                    AssetType=resources
1>                    CopyLocal=true
1>                    Culture=pl
1>                    DestinationSubDirectory=pl\
1>                    DestinationSubPath=pl\C1.WPF.FlexGrid.GroupPanel.4.5.2.resources.dll
1>                    NuGetPackageId=C1.Xaml.WPF.FlexGrid.GroupPanel
1>                    NuGetPackageVersion=4.5.20213.749
1>                    PathInPackage=lib/netcoreapp3.0/pl/C1.WPF.FlexGrid.GroupPanel.4.5.2.resources.dll
1>            C:\Users\hansnguyen\.nuget\packages\c1.xaml.wpf.flexgrid.grouppanel\4.5.20213.749\lib\netcoreapp3.0\pt\C1.WPF.FlexGrid.GroupPanel.4.5.2.resources.dll
1>                    AssetType=resources
1>                    CopyLocal=true
1>                    Culture=pt
1>                    DestinationSubDirectory=pt\
1>                    DestinationSubPath=pt\C1.WPF.FlexGrid.GroupPanel.4.5.2.resources.dll
1>                    NuGetPackageId=C1.Xaml.WPF.FlexGrid.GroupPanel
1>                    NuGetPackageVersion=4.5.20213.749
1>                    PathInPackage=lib/netcoreapp3.0/pt/C1.WPF.FlexGrid.GroupPanel.4.5.2.resources.dll
1>            C:\Users\hansnguyen\.nuget\packages\c1.xaml.wpf.flexgrid.grouppanel\4.5.20213.749\lib\netcoreapp3.0\ro\C1.WPF.FlexGrid.GroupPanel.4.5.2.resources.dll
1>                    AssetType=resources
1>                    CopyLocal=true
1>                    Culture=ro
1>                    DestinationSubDirectory=ro\
1>                    DestinationSubPath=ro\C1.WPF.FlexGrid.GroupPanel.4.5.2.resources.dll
1>                    NuGetPackageId=C1.Xaml.WPF.FlexGrid.GroupPanel
1>                    NuGetPackageVersion=4.5.20213.749
1>                    PathInPackage=lib/netcoreapp3.0/ro/C1.WPF.FlexGrid.GroupPanel.4.5.2.resources.dll
1>            C:\Users\hansnguyen\.nuget\packages\c1.xaml.wpf.flexgrid.grouppanel\4.5.20213.749\lib\netcoreapp3.0\ru\C1.WPF.FlexGrid.GroupPanel.4.5.2.resources.dll
1>                    AssetType=resources
1>                    CopyLocal=true
1>                    Culture=ru
1>                    DestinationSubDirectory=ru\
1>                    DestinationSubPath=ru\C1.WPF.FlexGrid.GroupPanel.4.5.2.resources.dll
1>                    NuGetPackageId=C1.Xaml.WPF.FlexGrid.GroupPanel
1>                    NuGetPackageVersion=4.5.20213.749
1>                    PathInPackage=lib/netcoreapp3.0/ru/C1.WPF.FlexGrid.GroupPanel.4.5.2.resources.dll
1>            C:\Users\hansnguyen\.nuget\packages\c1.xaml.wpf.flexgrid.grouppanel\4.5.20213.749\lib\netcoreapp3.0\sk\C1.WPF.FlexGrid.GroupPanel.4.5.2.resources.dll
1>                    AssetType=resources
1>                    CopyLocal=true
1>                    Culture=sk
1>                    DestinationSubDirectory=sk\
1>                    DestinationSubPath=sk\C1.WPF.FlexGrid.GroupPanel.4.5.2.resources.dll
1>                    NuGetPackageId=C1.Xaml.WPF.FlexGrid.GroupPanel
1>                    NuGetPackageVersion=4.5.20213.749
1>                    PathInPackage=lib/netcoreapp3.0/sk/C1.WPF.FlexGrid.GroupPanel.4.5.2.resources.dll
1>            C:\Users\hansnguyen\.nuget\packages\c1.xaml.wpf.flexgrid.grouppanel\4.5.20213.749\lib\netcoreapp3.0\sv\C1.WPF.FlexGrid.GroupPanel.4.5.2.resources.dll
1>                    AssetType=resources
1>                    CopyLocal=true
1>                    Culture=sv
1>                    DestinationSubDirectory=sv\
1>                    DestinationSubPath=sv\C1.WPF.FlexGrid.GroupPanel.4.5.2.resources.dll
1>                    NuGetPackageId=C1.Xaml.WPF.FlexGrid.GroupPanel
1>                    NuGetPackageVersion=4.5.20213.749
1>                    PathInPackage=lib/netcoreapp3.0/sv/C1.WPF.FlexGrid.GroupPanel.4.5.2.resources.dll
1>            C:\Users\hansnguyen\.nuget\packages\c1.xaml.wpf.flexgrid.grouppanel\4.5.20213.749\lib\netcoreapp3.0\tr\C1.WPF.FlexGrid.GroupPanel.4.5.2.resources.dll
1>                    AssetType=resources
1>                    CopyLocal=true
1>                    Culture=tr
1>                    DestinationSubDirectory=tr\
1>                    DestinationSubPath=tr\C1.WPF.FlexGrid.GroupPanel.4.5.2.resources.dll
1>                    NuGetPackageId=C1.Xaml.WPF.FlexGrid.GroupPanel
1>                    NuGetPackageVersion=4.5.20213.749
1>                    PathInPackage=lib/netcoreapp3.0/tr/C1.WPF.FlexGrid.GroupPanel.4.5.2.resources.dll
1>            C:\Users\hansnguyen\.nuget\packages\c1.xaml.wpf.flexgrid.grouppanel\4.5.20213.749\lib\netcoreapp3.0\zh-Hans\C1.WPF.FlexGrid.GroupPanel.4.5.2.resources.dll
1>                    AssetType=resources
1>                    CopyLocal=true
1>                    Culture=zh-Hans
1>                    DestinationSubDirectory=zh-Hans\
1>                    DestinationSubPath=zh-Hans\C1.WPF.FlexGrid.GroupPanel.4.5.2.resources.dll
1>                    NuGetPackageId=C1.Xaml.WPF.FlexGrid.GroupPanel
1>                    NuGetPackageVersion=4.5.20213.749
1>                    PathInPackage=lib/netcoreapp3.0/zh-Hans/C1.WPF.FlexGrid.GroupPanel.4.5.2.resources.dll
1>            C:\Users\hansnguyen\.nuget\packages\c1.xaml.wpf.flexgrid.grouppanel\4.5.20213.749\lib\netcoreapp3.0\zh-Hant\C1.WPF.FlexGrid.GroupPanel.4.5.2.resources.dll
1>                    AssetType=resources
1>                    CopyLocal=true
1>                    Culture=zh-Hant
1>                    DestinationSubDirectory=zh-Hant\
1>                    DestinationSubPath=zh-Hant\C1.WPF.FlexGrid.GroupPanel.4.5.2.resources.dll
1>                    NuGetPackageId=C1.Xaml.WPF.FlexGrid.GroupPanel
1>                    NuGetPackageVersion=4.5.20213.749
1>                    PathInPackage=lib/netcoreapp3.0/zh-Hant/C1.WPF.FlexGrid.GroupPanel.4.5.2.resources.dll
1>            C:\Users\hansnguyen\.nuget\packages\c1.xaml.wpf.flexgrid.grouppanel\4.5.20213.749\lib\netcoreapp3.0\zh\C1.WPF.FlexGrid.GroupPanel.4.5.2.resources.dll
1>                    AssetType=resources
1>                    CopyLocal=true
1>                    Culture=zh
1>                    DestinationSubDirectory=zh\
1>                    DestinationSubPath=zh\C1.WPF.FlexGrid.GroupPanel.4.5.2.resources.dll
1>                    NuGetPackageId=C1.Xaml.WPF.FlexGrid.GroupPanel
1>                    NuGetPackageVersion=4.5.20213.749
1>                    PathInPackage=lib/netcoreapp3.0/zh/C1.WPF.FlexGrid.GroupPanel.4.5.2.resources.dll
1>            C:\Users\hansnguyen\.nuget\packages\c1.xaml.wpf.flexgridfilter\4.5.20213.749\lib\netcoreapp3.0\ar\C1.WPF.FlexGridFilter.4.5.2.resources.dll
1>                    AssetType=resources
1>                    CopyLocal=true
1>                    Culture=ar
1>                    DestinationSubDirectory=ar\
1>                    DestinationSubPath=ar\C1.WPF.FlexGridFilter.4.5.2.resources.dll
1>                    NuGetPackageId=C1.Xaml.WPF.FlexGridFilter
1>                    NuGetPackageVersion=4.5.20213.749
1>                    PathInPackage=lib/netcoreapp3.0/ar/C1.WPF.FlexGridFilter.4.5.2.resources.dll
1>            C:\Users\hansnguyen\.nuget\packages\c1.xaml.wpf.flexgridfilter\4.5.20213.749\lib\netcoreapp3.0\cs\C1.WPF.FlexGridFilter.4.5.2.resources.dll
1>                    AssetType=resources
1>                    CopyLocal=true
1>                    Culture=cs
1>                    DestinationSubDirectory=cs\
1>                    DestinationSubPath=cs\C1.WPF.FlexGridFilter.4.5.2.resources.dll
1>                    NuGetPackageId=C1.Xaml.WPF.FlexGridFilter
1>                    NuGetPackageVersion=4.5.20213.749
1>                    PathInPackage=lib/netcoreapp3.0/cs/C1.WPF.FlexGridFilter.4.5.2.resources.dll
1>            C:\Users\hansnguyen\.nuget\packages\c1.xaml.wpf.flexgridfilter\4.5.20213.749\lib\netcoreapp3.0\da\C1.WPF.FlexGridFilter.4.5.2.resources.dll
1>                    AssetType=resources
1>                    CopyLocal=true
1>                    Culture=da
1>                    DestinationSubDirectory=da\
1>                    DestinationSubPath=da\C1.WPF.FlexGridFilter.4.5.2.resources.dll
1>                    NuGetPackageId=C1.Xaml.WPF.FlexGridFilter
1>                    NuGetPackageVersion=4.5.20213.749
1>                    PathInPackage=lib/netcoreapp3.0/da/C1.WPF.FlexGridFilter.4.5.2.resources.dll
1>            C:\Users\hansnguyen\.nuget\packages\c1.xaml.wpf.flexgridfilter\4.5.20213.749\lib\netcoreapp3.0\de\C1.WPF.FlexGridFilter.4.5.2.resources.dll
1>                    AssetType=resources
1>                    CopyLocal=true
1>                    Culture=de
1>                    DestinationSubDirectory=de\
1>                    DestinationSubPath=de\C1.WPF.FlexGridFilter.4.5.2.resources.dll
1>                    NuGetPackageId=C1.Xaml.WPF.FlexGridFilter
1>                    NuGetPackageVersion=4.5.20213.749
1>                    PathInPackage=lib/netcoreapp3.0/de/C1.WPF.FlexGridFilter.4.5.2.resources.dll
1>            C:\Users\hansnguyen\.nuget\packages\c1.xaml.wpf.flexgridfilter\4.5.20213.749\lib\netcoreapp3.0\el\C1.WPF.FlexGridFilter.4.5.2.resources.dll
1>                    AssetType=resources
1>                    CopyLocal=true
1>                    Culture=el
1>                    DestinationSubDirectory=el\
1>                    DestinationSubPath=el\C1.WPF.FlexGridFilter.4.5.2.resources.dll
1>                    NuGetPackageId=C1.Xaml.WPF.FlexGridFilter
1>                    NuGetPackageVersion=4.5.20213.749
1>                    PathInPackage=lib/netcoreapp3.0/el/C1.WPF.FlexGridFilter.4.5.2.resources.dll
1>            C:\Users\hansnguyen\.nuget\packages\c1.xaml.wpf.flexgridfilter\4.5.20213.749\lib\netcoreapp3.0\es\C1.WPF.FlexGridFilter.4.5.2.resources.dll
1>                    AssetType=resources
1>                    CopyLocal=true
1>                    Culture=es
1>                    DestinationSubDirectory=es\
1>                    DestinationSubPath=es\C1.WPF.FlexGridFilter.4.5.2.resources.dll
1>                    NuGetPackageId=C1.Xaml.WPF.FlexGridFilter
1>                    NuGetPackageVersion=4.5.20213.749
1>                    PathInPackage=lib/netcoreapp3.0/es/C1.WPF.FlexGridFilter.4.5.2.resources.dll
1>            C:\Users\hansnguyen\.nuget\packages\c1.xaml.wpf.flexgridfilter\4.5.20213.749\lib\netcoreapp3.0\fi\C1.WPF.FlexGridFilter.4.5.2.resources.dll
1>                    AssetType=resources
1>                    CopyLocal=true
1>                    Culture=fi
1>                    DestinationSubDirectory=fi\
1>                    DestinationSubPath=fi\C1.WPF.FlexGridFilter.4.5.2.resources.dll
1>                    NuGetPackageId=C1.Xaml.WPF.FlexGridFilter
1>                    NuGetPackageVersion=4.5.20213.749
1>                    PathInPackage=lib/netcoreapp3.0/fi/C1.WPF.FlexGridFilter.4.5.2.resources.dll
1>            C:\Users\hansnguyen\.nuget\packages\c1.xaml.wpf.flexgridfilter\4.5.20213.749\lib\netcoreapp3.0\fr\C1.WPF.FlexGridFilter.4.5.2.resources.dll
1>                    AssetType=resources
1>                    CopyLocal=true
1>                    Culture=fr
1>                    DestinationSubDirectory=fr\
1>                    DestinationSubPath=fr\C1.WPF.FlexGridFilter.4.5.2.resources.dll
1>                    NuGetPackageId=C1.Xaml.WPF.FlexGridFilter
1>                    NuGetPackageVersion=4.5.20213.749
1>                    PathInPackage=lib/netcoreapp3.0/fr/C1.WPF.FlexGridFilter.4.5.2.resources.dll
1>            C:\Users\hansnguyen\.nuget\packages\c1.xaml.wpf.flexgridfilter\4.5.20213.749\lib\netcoreapp3.0\he\C1.WPF.FlexGridFilter.4.5.2.resources.dll
1>                    AssetType=resources
1>                    CopyLocal=true
1>                    Culture=he
1>                    DestinationSubDirectory=he\
1>                    DestinationSubPath=he\C1.WPF.FlexGridFilter.4.5.2.resources.dll
1>                    NuGetPackageId=C1.Xaml.WPF.FlexGridFilter
1>                    NuGetPackageVersion=4.5.20213.749
1>                    PathInPackage=lib/netcoreapp3.0/he/C1.WPF.FlexGridFilter.4.5.2.resources.dll
1>            C:\Users\hansnguyen\.nuget\packages\c1.xaml.wpf.flexgridfilter\4.5.20213.749\lib\netcoreapp3.0\it\C1.WPF.FlexGridFilter.4.5.2.resources.dll
1>                    AssetType=resources
1>                    CopyLocal=true
1>                    Culture=it
1>                    DestinationSubDirectory=it\
1>                    DestinationSubPath=it\C1.WPF.FlexGridFilter.4.5.2.resources.dll
1>                    NuGetPackageId=C1.Xaml.WPF.FlexGridFilter
1>                    NuGetPackageVersion=4.5.20213.749
1>                    PathInPackage=lib/netcoreapp3.0/it/C1.WPF.FlexGridFilter.4.5.2.resources.dll
1>            C:\Users\hansnguyen\.nuget\packages\c1.xaml.wpf.flexgridfilter\4.5.20213.749\lib\netcoreapp3.0\ja\C1.WPF.FlexGridFilter.4.5.2.resources.dll
1>                    AssetType=resources
1>                    CopyLocal=true
1>                    Culture=ja
1>                    DestinationSubDirectory=ja\
1>                    DestinationSubPath=ja\C1.WPF.FlexGridFilter.4.5.2.resources.dll
1>                    NuGetPackageId=C1.Xaml.WPF.FlexGridFilter
1>                    NuGetPackageVersion=4.5.20213.749
1>                    PathInPackage=lib/netcoreapp3.0/ja/C1.WPF.FlexGridFilter.4.5.2.resources.dll
1>            C:\Users\hansnguyen\.nuget\packages\c1.xaml.wpf.flexgridfilter\4.5.20213.749\lib\netcoreapp3.0\ko\C1.WPF.FlexGridFilter.4.5.2.resources.dll
1>                    AssetType=resources
1>                    CopyLocal=true
1>                    Culture=ko
1>                    DestinationSubDirectory=ko\
1>                    DestinationSubPath=ko\C1.WPF.FlexGridFilter.4.5.2.resources.dll
1>                    NuGetPackageId=C1.Xaml.WPF.FlexGridFilter
1>                    NuGetPackageVersion=4.5.20213.749
1>                    PathInPackage=lib/netcoreapp3.0/ko/C1.WPF.FlexGridFilter.4.5.2.resources.dll
1>            C:\Users\hansnguyen\.nuget\packages\c1.xaml.wpf.flexgridfilter\4.5.20213.749\lib\netcoreapp3.0\nl\C1.WPF.FlexGridFilter.4.5.2.resources.dll
1>                    AssetType=resources
1>                    CopyLocal=true
1>                    Culture=nl
1>                    DestinationSubDirectory=nl\
1>                    DestinationSubPath=nl\C1.WPF.FlexGridFilter.4.5.2.resources.dll
1>                    NuGetPackageId=C1.Xaml.WPF.FlexGridFilter
1>                    NuGetPackageVersion=4.5.20213.749
1>                    PathInPackage=lib/netcoreapp3.0/nl/C1.WPF.FlexGridFilter.4.5.2.resources.dll
1>            C:\Users\hansnguyen\.nuget\packages\c1.xaml.wpf.flexgridfilter\4.5.20213.749\lib\netcoreapp3.0\no\C1.WPF.FlexGridFilter.4.5.2.resources.dll
1>                    AssetType=resources
1>                    CopyLocal=true
1>                    Culture=no
1>                    DestinationSubDirectory=no\
1>                    DestinationSubPath=no\C1.WPF.FlexGridFilter.4.5.2.resources.dll
1>                    NuGetPackageId=C1.Xaml.WPF.FlexGridFilter
1>                    NuGetPackageVersion=4.5.20213.749
1>                    PathInPackage=lib/netcoreapp3.0/no/C1.WPF.FlexGridFilter.4.5.2.resources.dll
1>            C:\Users\hansnguyen\.nuget\packages\c1.xaml.wpf.flexgridfilter\4.5.20213.749\lib\netcoreapp3.0\pl\C1.WPF.FlexGridFilter.4.5.2.resources.dll
1>                    AssetType=resources
1>                    CopyLocal=true
1>                    Culture=pl
1>                    DestinationSubDirectory=pl\
1>                    DestinationSubPath=pl\C1.WPF.FlexGridFilter.4.5.2.resources.dll
1>                    NuGetPackageId=C1.Xaml.WPF.FlexGridFilter
1>                    NuGetPackageVersion=4.5.20213.749
1>                    PathInPackage=lib/netcoreapp3.0/pl/C1.WPF.FlexGridFilter.4.5.2.resources.dll
1>            C:\Users\hansnguyen\.nuget\packages\c1.xaml.wpf.flexgridfilter\4.5.20213.749\lib\netcoreapp3.0\pt\C1.WPF.FlexGridFilter.4.5.2.resources.dll
1>                    AssetType=resources
1>                    CopyLocal=true
1>                    Culture=pt
1>                    DestinationSubDirectory=pt\
1>                    DestinationSubPath=pt\C1.WPF.FlexGridFilter.4.5.2.resources.dll
1>                    NuGetPackageId=C1.Xaml.WPF.FlexGridFilter
1>                    NuGetPackageVersion=4.5.20213.749
1>                    PathInPackage=lib/netcoreapp3.0/pt/C1.WPF.FlexGridFilter.4.5.2.resources.dll
1>            C:\Users\hansnguyen\.nuget\packages\c1.xaml.wpf.flexgridfilter\4.5.20213.749\lib\netcoreapp3.0\ro\C1.WPF.FlexGridFilter.4.5.2.resources.dll
1>                    AssetType=resources
1>                    CopyLocal=true
1>                    Culture=ro
1>                    DestinationSubDirectory=ro\
1>                    DestinationSubPath=ro\C1.WPF.FlexGridFilter.4.5.2.resources.dll
1>                    NuGetPackageId=C1.Xaml.WPF.FlexGridFilter
1>                    NuGetPackageVersion=4.5.20213.749
1>                    PathInPackage=lib/netcoreapp3.0/ro/C1.WPF.FlexGridFilter.4.5.2.resources.dll
1>            C:\Users\hansnguyen\.nuget\packages\c1.xaml.wpf.flexgridfilter\4.5.20213.749\lib\netcoreapp3.0\ru\C1.WPF.FlexGridFilter.4.5.2.resources.dll
1>                    AssetType=resources
1>                    CopyLocal=true
1>                    Culture=ru
1>                    DestinationSubDirectory=ru\
1>                    DestinationSubPath=ru\C1.WPF.FlexGridFilter.4.5.2.resources.dll
1>                    NuGetPackageId=C1.Xaml.WPF.FlexGridFilter
1>                    NuGetPackageVersion=4.5.20213.749
1>                    PathInPackage=lib/netcoreapp3.0/ru/C1.WPF.FlexGridFilter.4.5.2.resources.dll
1>            C:\Users\hansnguyen\.nuget\packages\c1.xaml.wpf.flexgridfilter\4.5.20213.749\lib\netcoreapp3.0\sk\C1.WPF.FlexGridFilter.4.5.2.resources.dll
1>                    AssetType=resources
1>                    CopyLocal=true
1>                    Culture=sk
1>                    DestinationSubDirectory=sk\
1>                    DestinationSubPath=sk\C1.WPF.FlexGridFilter.4.5.2.resources.dll
1>                    NuGetPackageId=C1.Xaml.WPF.FlexGridFilter
1>                    NuGetPackageVersion=4.5.20213.749
1>                    PathInPackage=lib/netcoreapp3.0/sk/C1.WPF.FlexGridFilter.4.5.2.resources.dll
1>            C:\Users\hansnguyen\.nuget\packages\c1.xaml.wpf.flexgridfilter\4.5.20213.749\lib\netcoreapp3.0\sv\C1.WPF.FlexGridFilter.4.5.2.resources.dll
1>                    AssetType=resources
1>                    CopyLocal=true
1>                    Culture=sv
1>                    DestinationSubDirectory=sv\
1>                    DestinationSubPath=sv\C1.WPF.FlexGridFilter.4.5.2.resources.dll
1>                    NuGetPackageId=C1.Xaml.WPF.FlexGridFilter
1>                    NuGetPackageVersion=4.5.20213.749
1>                    PathInPackage=lib/netcoreapp3.0/sv/C1.WPF.FlexGridFilter.4.5.2.resources.dll
1>            C:\Users\hansnguyen\.nuget\packages\c1.xaml.wpf.flexgridfilter\4.5.20213.749\lib\netcoreapp3.0\tr\C1.WPF.FlexGridFilter.4.5.2.resources.dll
1>                    AssetType=resources
1>                    CopyLocal=true
1>                    Culture=tr
1>                    DestinationSubDirectory=tr\
1>                    DestinationSubPath=tr\C1.WPF.FlexGridFilter.4.5.2.resources.dll
1>                    NuGetPackageId=C1.Xaml.WPF.FlexGridFilter
1>                    NuGetPackageVersion=4.5.20213.749
1>                    PathInPackage=lib/netcoreapp3.0/tr/C1.WPF.FlexGridFilter.4.5.2.resources.dll
1>            C:\Users\hansnguyen\.nuget\packages\c1.xaml.wpf.flexgridfilter\4.5.20213.749\lib\netcoreapp3.0\zh-Hans\C1.WPF.FlexGridFilter.4.5.2.resources.dll
1>                    AssetType=resources
1>                    CopyLocal=true
1>                    Culture=zh-Hans
1>                    DestinationSubDirectory=zh-Hans\
1>                    DestinationSubPath=zh-Hans\C1.WPF.FlexGridFilter.4.5.2.resources.dll
1>                    NuGetPackageId=C1.Xaml.WPF.FlexGridFilter
1>                    NuGetPackageVersion=4.5.20213.749
1>                    PathInPackage=lib/netcoreapp3.0/zh-Hans/C1.WPF.FlexGridFilter.4.5.2.resources.dll
1>            C:\Users\hansnguyen\.nuget\packages\c1.xaml.wpf.flexgridfilter\4.5.20213.749\lib\netcoreapp3.0\zh-Hant\C1.WPF.FlexGridFilter.4.5.2.resources.dll
1>                    AssetType=resources
1>                    CopyLocal=true
1>                    Culture=zh-Hant
1>                    DestinationSubDirectory=zh-Hant\
1>                    DestinationSubPath=zh-Hant\C1.WPF.FlexGridFilter.4.5.2.resources.dll
1>                    NuGetPackageId=C1.Xaml.WPF.FlexGridFilter
1>                    NuGetPackageVersion=4.5.20213.749
1>                    PathInPackage=lib/netcoreapp3.0/zh-Hant/C1.WPF.FlexGridFilter.4.5.2.resources.dll
1>            C:\Users\hansnguyen\.nuget\packages\c1.xaml.wpf.flexgridfilter\4.5.20213.749\lib\netcoreapp3.0\zh\C1.WPF.FlexGridFilter.4.5.2.resources.dll
1>                    AssetType=resources
1>                    CopyLocal=true
1>                    Culture=zh
1>                    DestinationSubDirectory=zh\
1>                    DestinationSubPath=zh\C1.WPF.FlexGridFilter.4.5.2.resources.dll
1>                    NuGetPackageId=C1.Xaml.WPF.FlexGridFilter
1>                    NuGetPackageVersion=4.5.20213.749
1>                    PathInPackage=lib/netcoreapp3.0/zh/C1.WPF.FlexGridFilter.4.5.2.resources.dll
1>    Output Item(s): 
1>        RuntimeCopyLocalItems=
1>            C:\Users\hansnguyen\.nuget\packages\c1.xaml.wpf\4.5.20213.749\lib\netcoreapp3.0\C1.WPF.4.5.2.dll
1>                    AssetType=runtime
1>                    CopyLocal=true
1>                    DestinationSubPath=C1.WPF.4.5.2.dll
1>                    NuGetPackageId=C1.Xaml.WPF
1>                    NuGetPackageVersion=4.5.20213.749
1>                    PathInPackage=lib/netcoreapp3.0/C1.WPF.4.5.2.dll
1>            C:\Users\hansnguyen\.nuget\packages\c1.xaml.wpf.datetimeeditors\4.5.20213.749\lib\netcoreapp3.0\C1.WPF.DateTimeEditors.4.5.2.dll
1>                    AssetType=runtime
1>                    CopyLocal=true
1>                    DestinationSubPath=C1.WPF.DateTimeEditors.4.5.2.dll
1>                    NuGetPackageId=C1.Xaml.WPF.DateTimeEditors
1>                    NuGetPackageVersion=4.5.20213.749
1>                    PathInPackage=lib/netcoreapp3.0/C1.WPF.DateTimeEditors.4.5.2.dll
1>            C:\Users\hansnguyen\.nuget\packages\c1.xaml.wpf.flexgrid\4.5.20213.749\lib\netcoreapp3.0\C1.WPF.FlexGrid.4.5.2.dll
1>                    AssetType=runtime
1>                    CopyLocal=true
1>                    DestinationSubPath=C1.WPF.FlexGrid.4.5.2.dll
1>                    NuGetPackageId=C1.Xaml.WPF.FlexGrid
1>                    NuGetPackageVersion=4.5.20213.749
1>                    PathInPackage=lib/netcoreapp3.0/C1.WPF.FlexGrid.4.5.2.dll
1>            C:\Users\hansnguyen\.nuget\packages\c1.xaml.wpf.flexgrid.grouppanel\4.5.20213.749\lib\netcoreapp3.0\C1.WPF.FlexGrid.GroupPanel.4.5.2.dll
1>                    AssetType=runtime
1>                    CopyLocal=true
1>                    DestinationSubPath=C1.WPF.FlexGrid.GroupPanel.4.5.2.dll
1>                    NuGetPackageId=C1.Xaml.WPF.FlexGrid.GroupPanel
1>                    NuGetPackageVersion=4.5.20213.749
1>                    PathInPackage=lib/netcoreapp3.0/C1.WPF.FlexGrid.GroupPanel.4.5.2.dll
1>            C:\Users\hansnguyen\.nuget\packages\c1.xaml.wpf.flexgridfilter\4.5.20213.749\lib\netcoreapp3.0\C1.WPF.FlexGridFilter.4.5.2.dll
1>                    AssetType=runtime
1>                    CopyLocal=true
1>                    DestinationSubPath=C1.WPF.FlexGridFilter.4.5.2.dll
1>                    NuGetPackageId=C1.Xaml.WPF.FlexGridFilter
1>                    NuGetPackageVersion=4.5.20213.749
1>                    PathInPackage=lib/netcoreapp3.0/C1.WPF.FlexGridFilter.4.5.2.dll
1>            C:\Users\hansnguyen\.nuget\packages\c1.xaml.wpf.toolbar\4.5.20213.749\lib\netcoreapp3.0\C1.WPF.Toolbar.4.5.2.dll
1>                    AssetType=runtime
1>                    CopyLocal=true
1>                    DestinationSubPath=C1.WPF.Toolbar.4.5.2.dll
1>                    NuGetPackageId=C1.Xaml.WPF.Toolbar
1>                    NuGetPackageVersion=4.5.20213.749
1>                    PathInPackage=lib/netcoreapp3.0/C1.WPF.Toolbar.4.5.2.dll
1>    Output Item(s): 
1>        ResolvedCompileFileDefinitions=
1>            C:\Users\hansnguyen\.nuget\packages\c1.xaml.wpf\4.5.20213.749\lib\netcoreapp3.0\C1.WPF.4.5.2.dll
1>                    ExternallyResolved=true
1>                    HintPath=C:\Users\hansnguyen\.nuget\packages\c1.xaml.wpf\4.5.20213.749\lib\netcoreapp3.0\C1.WPF.4.5.2.dll
1>                    NuGetPackageId=C1.Xaml.WPF
1>                    NuGetPackageVersion=4.5.20213.749
1>                    NuGetSourceType=Package
1>                    PathInPackage=lib/netcoreapp3.0/C1.WPF.4.5.2.dll
1>                    Private=false
1>            C:\Users\hansnguyen\.nuget\packages\c1.xaml.wpf.datetimeeditors\4.5.20213.749\lib\netcoreapp3.0\C1.WPF.DateTimeEditors.4.5.2.dll
1>                    ExternallyResolved=true
1>                    HintPath=C:\Users\hansnguyen\.nuget\packages\c1.xaml.wpf.datetimeeditors\4.5.20213.749\lib\netcoreapp3.0\C1.WPF.DateTimeEditors.4.5.2.dll
1>                    NuGetPackageId=C1.Xaml.WPF.DateTimeEditors
1>                    NuGetPackageVersion=4.5.20213.749
1>                    NuGetSourceType=Package
1>                    PathInPackage=lib/netcoreapp3.0/C1.WPF.DateTimeEditors.4.5.2.dll
1>                    Private=false
1>            C:\Users\hansnguyen\.nuget\packages\c1.xaml.wpf.flexgrid\4.5.20213.749\lib\netcoreapp3.0\C1.WPF.FlexGrid.4.5.2.dll
1>                    ExternallyResolved=true
1>                    HintPath=C:\Users\hansnguyen\.nuget\packages\c1.xaml.wpf.flexgrid\4.5.20213.749\lib\netcoreapp3.0\C1.WPF.FlexGrid.4.5.2.dll
1>                    NuGetPackageId=C1.Xaml.WPF.FlexGrid
1>                    NuGetPackageVersion=4.5.20213.749
1>                    NuGetSourceType=Package
1>                    PathInPackage=lib/netcoreapp3.0/C1.WPF.FlexGrid.4.5.2.dll
1>                    Private=false
1>            C:\Users\hansnguyen\.nuget\packages\c1.xaml.wpf.flexgrid.grouppanel\4.5.20213.749\lib\netcoreapp3.0\C1.WPF.FlexGrid.GroupPanel.4.5.2.dll
1>                    ExternallyResolved=true
1>                    HintPath=C:\Users\hansnguyen\.nuget\packages\c1.xaml.wpf.flexgrid.grouppanel\4.5.20213.749\lib\netcoreapp3.0\C1.WPF.FlexGrid.GroupPanel.4.5.2.dll
1>                    NuGetPackageId=C1.Xaml.WPF.FlexGrid.GroupPanel
1>                    NuGetPackageVersion=4.5.20213.749
1>                    NuGetSourceType=Package
1>                    PathInPackage=lib/netcoreapp3.0/C1.WPF.FlexGrid.GroupPanel.4.5.2.dll
1>                    Private=false
1>            C:\Users\hansnguyen\.nuget\packages\c1.xaml.wpf.flexgridfilter\4.5.20213.749\lib\netcoreapp3.0\C1.WPF.FlexGridFilter.4.5.2.dll
1>                    ExternallyResolved=true
1>                    HintPath=C:\Users\hansnguyen\.nuget\packages\c1.xaml.wpf.flexgridfilter\4.5.20213.749\lib\netcoreapp3.0\C1.WPF.FlexGridFilter.4.5.2.dll
1>                    NuGetPackageId=C1.Xaml.WPF.FlexGridFilter
1>                    NuGetPackageVersion=4.5.20213.749
1>                    NuGetSourceType=Package
1>                    PathInPackage=lib/netcoreapp3.0/C1.WPF.FlexGridFilter.4.5.2.dll
1>                    Private=false
1>            C:\Users\hansnguyen\.nuget\packages\c1.xaml.wpf.toolbar\4.5.20213.749\lib\netcoreapp3.0\C1.WPF.Toolbar.4.5.2.dll
1>                    ExternallyResolved=true
1>                    HintPath=C:\Users\hansnguyen\.nuget\packages\c1.xaml.wpf.toolbar\4.5.20213.749\lib\netcoreapp3.0\C1.WPF.Toolbar.4.5.2.dll
1>                    NuGetPackageId=C1.Xaml.WPF.Toolbar
1>                    NuGetPackageVersion=4.5.20213.749
1>                    NuGetSourceType=Package
1>                    PathInPackage=lib/netcoreapp3.0/C1.WPF.Toolbar.4.5.2.dll
1>                    Private=false
1>    Output Item(s): 
1>        AssetsFilePackageFolder=
1>            C:\Users\hansnguyen\.nuget\packages\
1>            C:\Program Files (x86)\Microsoft Visual Studio\Shared\NuGetPackages
1>            C:\Program Files (x86)\Microsoft\Xamarin\NuGet\
1>            C:\Program Files\dotnet\sdk\NuGetFallbackFolder
1>    Output Item(s): 
1>        PackageDependencies=
1>            C1.Xaml.WPF
1>            C1.Xaml.WPF.DateTimeEditors
1>            C1.Xaml.WPF.FlexGrid
1>            C1.Xaml.WPF.FlexGrid.GroupPanel
1>            C1.Xaml.WPF.FlexGridFilter
1>            C1.Xaml.WPF.Toolbar
1>  Done executing task "ResolvePackageAssets".
1>Done building target "ResolvePackageAssets" in project "GridWithMenuApp1_VS2022.csproj".
1>Target "AdjustDefaultPlatformTargetForNetFrameworkExeWithNoNativeCopyLocalItems" skipped, due to false condition; ('$(_UsingDefaultPlatformTarget)' == 'true' and
1>                     '$(_UsingDefaultRuntimeIdentifier)' == 'true') was evaluated as ('true' == 'true' and
1>                     '' == 'true').
1>Target "_CheckForTransitiveWindowsDesktopDependencies" skipped, due to false condition; ('$(TargetFrameworkIdentifier)' == '.NETCoreApp' and $([MSBuild]::VersionGreaterThanOrEquals($(_TargetFrameworkVersionWithoutV), '5.0')) and '$(TargetPlatformIdentifier)' != 'Windows' and '@(TransitiveFrameworkReference)' != '') was evaluated as ('.NETCoreApp' == '.NETCoreApp' and False and 'Windows' != 'Windows' and '' != '').
1>Target "AddTransitiveFrameworkReferences" skipped, due to false condition; ('@(TransitiveFrameworkReference)' != '') was evaluated as ('' != '').
1>Target "ResolveLockFileReferences" in file "C:\Program Files\dotnet\sdk\6.0.100-preview.7.21379.14\Sdks\Microsoft.NET.Sdk\targets\Microsoft.PackageDependencyResolution.targets":
1>  Using "JoinItems" task from assembly "C:\Program Files\dotnet\sdk\6.0.100-preview.7.21379.14\Sdks\Microsoft.NET.Sdk\targets\..\tools\net472\Microsoft.NET.Build.Tasks.dll".
1>  Task "JoinItems"
1>    Task Parameter:RightMetadata=*
1>    Task Parameter:LeftMetadata=*
1>    Task Parameter:LeftKey=FileName
1>    Task Parameter:
1>        Left=
1>            C:\Users\hansnguyen\.nuget\packages\c1.xaml.wpf\4.5.20213.749\lib\netcoreapp3.0\C1.WPF.4.5.2.dll
1>                    ExternallyResolved=true
1>                    HintPath=C:\Users\hansnguyen\.nuget\packages\c1.xaml.wpf\4.5.20213.749\lib\netcoreapp3.0\C1.WPF.4.5.2.dll
1>                    NuGetPackageId=C1.Xaml.WPF
1>                    NuGetPackageVersion=4.5.20213.749
1>                    NuGetSourceType=Package
1>                    PathInPackage=lib/netcoreapp3.0/C1.WPF.4.5.2.dll
1>                    Private=false
1>            C:\Users\hansnguyen\.nuget\packages\c1.xaml.wpf.datetimeeditors\4.5.20213.749\lib\netcoreapp3.0\C1.WPF.DateTimeEditors.4.5.2.dll
1>                    ExternallyResolved=true
1>                    HintPath=C:\Users\hansnguyen\.nuget\packages\c1.xaml.wpf.datetimeeditors\4.5.20213.749\lib\netcoreapp3.0\C1.WPF.DateTimeEditors.4.5.2.dll
1>                    NuGetPackageId=C1.Xaml.WPF.DateTimeEditors
1>                    NuGetPackageVersion=4.5.20213.749
1>                    NuGetSourceType=Package
1>                    PathInPackage=lib/netcoreapp3.0/C1.WPF.DateTimeEditors.4.5.2.dll
1>                    Private=false
1>            C:\Users\hansnguyen\.nuget\packages\c1.xaml.wpf.flexgrid\4.5.20213.749\lib\netcoreapp3.0\C1.WPF.FlexGrid.4.5.2.dll
1>                    ExternallyResolved=true
1>                    HintPath=C:\Users\hansnguyen\.nuget\packages\c1.xaml.wpf.flexgrid\4.5.20213.749\lib\netcoreapp3.0\C1.WPF.FlexGrid.4.5.2.dll
1>                    NuGetPackageId=C1.Xaml.WPF.FlexGrid
1>                    NuGetPackageVersion=4.5.20213.749
1>                    NuGetSourceType=Package
1>                    PathInPackage=lib/netcoreapp3.0/C1.WPF.FlexGrid.4.5.2.dll
1>                    Private=false
1>            C:\Users\hansnguyen\.nuget\packages\c1.xaml.wpf.flexgrid.grouppanel\4.5.20213.749\lib\netcoreapp3.0\C1.WPF.FlexGrid.GroupPanel.4.5.2.dll
1>                    ExternallyResolved=true
1>                    HintPath=C:\Users\hansnguyen\.nuget\packages\c1.xaml.wpf.flexgrid.grouppanel\4.5.20213.749\lib\netcoreapp3.0\C1.WPF.FlexGrid.GroupPanel.4.5.2.dll
1>                    NuGetPackageId=C1.Xaml.WPF.FlexGrid.GroupPanel
1>                    NuGetPackageVersion=4.5.20213.749
1>                    NuGetSourceType=Package
1>                    PathInPackage=lib/netcoreapp3.0/C1.WPF.FlexGrid.GroupPanel.4.5.2.dll
1>                    Private=false
1>            C:\Users\hansnguyen\.nuget\packages\c1.xaml.wpf.flexgridfilter\4.5.20213.749\lib\netcoreapp3.0\C1.WPF.FlexGridFilter.4.5.2.dll
1>                    ExternallyResolved=true
1>                    HintPath=C:\Users\hansnguyen\.nuget\packages\c1.xaml.wpf.flexgridfilter\4.5.20213.749\lib\netcoreapp3.0\C1.WPF.FlexGridFilter.4.5.2.dll
1>                    NuGetPackageId=C1.Xaml.WPF.FlexGridFilter
1>                    NuGetPackageVersion=4.5.20213.749
1>                    NuGetSourceType=Package
1>                    PathInPackage=lib/netcoreapp3.0/C1.WPF.FlexGridFilter.4.5.2.dll
1>                    Private=false
1>            C:\Users\hansnguyen\.nuget\packages\c1.xaml.wpf.toolbar\4.5.20213.749\lib\netcoreapp3.0\C1.WPF.Toolbar.4.5.2.dll
1>                    ExternallyResolved=true
1>                    HintPath=C:\Users\hansnguyen\.nuget\packages\c1.xaml.wpf.toolbar\4.5.20213.749\lib\netcoreapp3.0\C1.WPF.Toolbar.4.5.2.dll
1>                    NuGetPackageId=C1.Xaml.WPF.Toolbar
1>                    NuGetPackageVersion=4.5.20213.749
1>                    NuGetSourceType=Package
1>                    PathInPackage=lib/netcoreapp3.0/C1.WPF.Toolbar.4.5.2.dll
1>                    Private=false
1>  Done executing task "JoinItems".
1>  Added Item(s): 
1>      ResolvedCompileFileDefinitionsToAdd=
1>          C:\Users\hansnguyen\.nuget\packages\c1.xaml.wpf\4.5.20213.749\lib\netcoreapp3.0\C1.WPF.4.5.2.dll
1>                  ExternallyResolved=true
1>                  HintPath=C:\Users\hansnguyen\.nuget\packages\c1.xaml.wpf\4.5.20213.749\lib\netcoreapp3.0\C1.WPF.4.5.2.dll
1>                  NuGetPackageId=C1.Xaml.WPF
1>                  NuGetPackageVersion=4.5.20213.749
1>                  NuGetSourceType=Package
1>                  PathInPackage=lib/netcoreapp3.0/C1.WPF.4.5.2.dll
1>                  Private=false
1>          C:\Users\hansnguyen\.nuget\packages\c1.xaml.wpf.datetimeeditors\4.5.20213.749\lib\netcoreapp3.0\C1.WPF.DateTimeEditors.4.5.2.dll
1>                  ExternallyResolved=true
1>                  HintPath=C:\Users\hansnguyen\.nuget\packages\c1.xaml.wpf.datetimeeditors\4.5.20213.749\lib\netcoreapp3.0\C1.WPF.DateTimeEditors.4.5.2.dll
1>                  NuGetPackageId=C1.Xaml.WPF.DateTimeEditors
1>                  NuGetPackageVersion=4.5.20213.749
1>                  NuGetSourceType=Package
1>                  PathInPackage=lib/netcoreapp3.0/C1.WPF.DateTimeEditors.4.5.2.dll
1>                  Private=false
1>          C:\Users\hansnguyen\.nuget\packages\c1.xaml.wpf.flexgrid\4.5.20213.749\lib\netcoreapp3.0\C1.WPF.FlexGrid.4.5.2.dll
1>                  ExternallyResolved=true
1>                  HintPath=C:\Users\hansnguyen\.nuget\packages\c1.xaml.wpf.flexgrid\4.5.20213.749\lib\netcoreapp3.0\C1.WPF.FlexGrid.4.5.2.dll
1>                  NuGetPackageId=C1.Xaml.WPF.FlexGrid
1>                  NuGetPackageVersion=4.5.20213.749
1>                  NuGetSourceType=Package
1>                  PathInPackage=lib/netcoreapp3.0/C1.WPF.FlexGrid.4.5.2.dll
1>                  Private=false
1>          C:\Users\hansnguyen\.nuget\packages\c1.xaml.wpf.flexgrid.grouppanel\4.5.20213.749\lib\netcoreapp3.0\C1.WPF.FlexGrid.GroupPanel.4.5.2.dll
1>                  ExternallyResolved=true
1>                  HintPath=C:\Users\hansnguyen\.nuget\packages\c1.xaml.wpf.flexgrid.grouppanel\4.5.20213.749\lib\netcoreapp3.0\C1.WPF.FlexGrid.GroupPanel.4.5.2.dll
1>                  NuGetPackageId=C1.Xaml.WPF.FlexGrid.GroupPanel
1>                  NuGetPackageVersion=4.5.20213.749
1>                  NuGetSourceType=Package
1>                  PathInPackage=lib/netcoreapp3.0/C1.WPF.FlexGrid.GroupPanel.4.5.2.dll
1>                  Private=false
1>          C:\Users\hansnguyen\.nuget\packages\c1.xaml.wpf.flexgridfilter\4.5.20213.749\lib\netcoreapp3.0\C1.WPF.FlexGridFilter.4.5.2.dll
1>                  ExternallyResolved=true
1>                  HintPath=C:\Users\hansnguyen\.nuget\packages\c1.xaml.wpf.flexgridfilter\4.5.20213.749\lib\netcoreapp3.0\C1.WPF.FlexGridFilter.4.5.2.dll
1>                  NuGetPackageId=C1.Xaml.WPF.FlexGridFilter
1>                  NuGetPackageVersion=4.5.20213.749
1>                  NuGetSourceType=Package
1>                  PathInPackage=lib/netcoreapp3.0/C1.WPF.FlexGridFilter.4.5.2.dll
1>                  Private=false
1>          C:\Users\hansnguyen\.nuget\packages\c1.xaml.wpf.toolbar\4.5.20213.749\lib\netcoreapp3.0\C1.WPF.Toolbar.4.5.2.dll
1>                  ExternallyResolved=true
1>                  HintPath=C:\Users\hansnguyen\.nuget\packages\c1.xaml.wpf.toolbar\4.5.20213.749\lib\netcoreapp3.0\C1.WPF.Toolbar.4.5.2.dll
1>                  NuGetPackageId=C1.Xaml.WPF.Toolbar
1>                  NuGetPackageVersion=4.5.20213.749
1>                  NuGetSourceType=Package
1>                  PathInPackage=lib/netcoreapp3.0/C1.WPF.Toolbar.4.5.2.dll
1>                  Private=false
1>  Added Item(s): 
1>      Reference=
1>          C:\Users\hansnguyen\.nuget\packages\c1.xaml.wpf\4.5.20213.749\lib\netcoreapp3.0\C1.WPF.4.5.2.dll
1>                  ExternallyResolved=true
1>                  HintPath=C:\Users\hansnguyen\.nuget\packages\c1.xaml.wpf\4.5.20213.749\lib\netcoreapp3.0\C1.WPF.4.5.2.dll
1>                  NuGetPackageId=C1.Xaml.WPF
1>                  NuGetPackageVersion=4.5.20213.749
1>                  NuGetSourceType=Package
1>                  PathInPackage=lib/netcoreapp3.0/C1.WPF.4.5.2.dll
1>                  Private=false
1>          C:\Users\hansnguyen\.nuget\packages\c1.xaml.wpf.datetimeeditors\4.5.20213.749\lib\netcoreapp3.0\C1.WPF.DateTimeEditors.4.5.2.dll
1>                  ExternallyResolved=true
1>                  HintPath=C:\Users\hansnguyen\.nuget\packages\c1.xaml.wpf.datetimeeditors\4.5.20213.749\lib\netcoreapp3.0\C1.WPF.DateTimeEditors.4.5.2.dll
1>                  NuGetPackageId=C1.Xaml.WPF.DateTimeEditors
1>                  NuGetPackageVersion=4.5.20213.749
1>                  NuGetSourceType=Package
1>                  PathInPackage=lib/netcoreapp3.0/C1.WPF.DateTimeEditors.4.5.2.dll
1>                  Private=false
1>          C:\Users\hansnguyen\.nuget\packages\c1.xaml.wpf.flexgrid\4.5.20213.749\lib\netcoreapp3.0\C1.WPF.FlexGrid.4.5.2.dll
1>                  ExternallyResolved=true
1>                  HintPath=C:\Users\hansnguyen\.nuget\packages\c1.xaml.wpf.flexgrid\4.5.20213.749\lib\netcoreapp3.0\C1.WPF.FlexGrid.4.5.2.dll
1>                  NuGetPackageId=C1.Xaml.WPF.FlexGrid
1>                  NuGetPackageVersion=4.5.20213.749
1>                  NuGetSourceType=Package
1>                  PathInPackage=lib/netcoreapp3.0/C1.WPF.FlexGrid.4.5.2.dll
1>                  Private=false
1>          C:\Users\hansnguyen\.nuget\packages\c1.xaml.wpf.flexgrid.grouppanel\4.5.20213.749\lib\netcoreapp3.0\C1.WPF.FlexGrid.GroupPanel.4.5.2.dll
1>                  ExternallyResolved=true
1>                  HintPath=C:\Users\hansnguyen\.nuget\packages\c1.xaml.wpf.flexgrid.grouppanel\4.5.20213.749\lib\netcoreapp3.0\C1.WPF.FlexGrid.GroupPanel.4.5.2.dll
1>                  NuGetPackageId=C1.Xaml.WPF.FlexGrid.GroupPanel
1>                  NuGetPackageVersion=4.5.20213.749
1>                  NuGetSourceType=Package
1>                  PathInPackage=lib/netcoreapp3.0/C1.WPF.FlexGrid.GroupPanel.4.5.2.dll
1>                  Private=false
1>          C:\Users\hansnguyen\.nuget\packages\c1.xaml.wpf.flexgridfilter\4.5.20213.749\lib\netcoreapp3.0\C1.WPF.FlexGridFilter.4.5.2.dll
1>                  ExternallyResolved=true
1>                  HintPath=C:\Users\hansnguyen\.nuget\packages\c1.xaml.wpf.flexgridfilter\4.5.20213.749\lib\netcoreapp3.0\C1.WPF.FlexGridFilter.4.5.2.dll
1>                  NuGetPackageId=C1.Xaml.WPF.FlexGridFilter
1>                  NuGetPackageVersion=4.5.20213.749
1>                  NuGetSourceType=Package
1>                  PathInPackage=lib/netcoreapp3.0/C1.WPF.FlexGridFilter.4.5.2.dll
1>                  Private=false
1>          C:\Users\hansnguyen\.nuget\packages\c1.xaml.wpf.toolbar\4.5.20213.749\lib\netcoreapp3.0\C1.WPF.Toolbar.4.5.2.dll
1>                  ExternallyResolved=true
1>                  HintPath=C:\Users\hansnguyen\.nuget\packages\c1.xaml.wpf.toolbar\4.5.20213.749\lib\netcoreapp3.0\C1.WPF.Toolbar.4.5.2.dll
1>                  NuGetPackageId=C1.Xaml.WPF.Toolbar
1>                  NuGetPackageVersion=4.5.20213.749
1>                  NuGetSourceType=Package
1>                  PathInPackage=lib/netcoreapp3.0/C1.WPF.Toolbar.4.5.2.dll
1>                  Private=false
1>Done building target "ResolveLockFileReferences" in project "GridWithMenuApp1_VS2022.csproj".
1>Target "ResolvePackageAssets" skipped. Previously built successfully.
1>Target "ResolveLockFileAnalyzers" in file "C:\Program Files\dotnet\sdk\6.0.100-preview.7.21379.14\Sdks\Microsoft.NET.Sdk\targets\Microsoft.PackageDependencyResolution.targets":
1>Done building target "ResolveLockFileAnalyzers" in project "GridWithMenuApp1_VS2022.csproj".
1>Target "ResolvePackageAssets" skipped. Previously built successfully.
1>Target "RunProduceContentAssets" skipped, due to false condition; ('@(_ContentFilesToPreprocess)' != '') was evaluated as ('' != '').
1>Target "ResolveLockFileCopyLocalFiles" in file "C:\Program Files\dotnet\sdk\6.0.100-preview.7.21379.14\Sdks\Microsoft.NET.Sdk\targets\Microsoft.PackageDependencyResolution.targets":
1>  Added Item(s): 
1>      _ResolvedCopyLocalBuildAssets=
1>          C:\Users\hansnguyen\.nuget\packages\c1.xaml.wpf\4.5.20213.749\lib\netcoreapp3.0\C1.WPF.4.5.2.dll
1>                  AssetType=runtime
1>                  CopyLocal=true
1>                  DestinationSubPath=C1.WPF.4.5.2.dll
1>                  NuGetPackageId=C1.Xaml.WPF
1>                  NuGetPackageVersion=4.5.20213.749
1>                  PathInPackage=lib/netcoreapp3.0/C1.WPF.4.5.2.dll
1>          C:\Users\hansnguyen\.nuget\packages\c1.xaml.wpf.datetimeeditors\4.5.20213.749\lib\netcoreapp3.0\C1.WPF.DateTimeEditors.4.5.2.dll
1>                  AssetType=runtime
1>                  CopyLocal=true
1>                  DestinationSubPath=C1.WPF.DateTimeEditors.4.5.2.dll
1>                  NuGetPackageId=C1.Xaml.WPF.DateTimeEditors
1>                  NuGetPackageVersion=4.5.20213.749
1>                  PathInPackage=lib/netcoreapp3.0/C1.WPF.DateTimeEditors.4.5.2.dll
1>          C:\Users\hansnguyen\.nuget\packages\c1.xaml.wpf.flexgrid\4.5.20213.749\lib\netcoreapp3.0\C1.WPF.FlexGrid.4.5.2.dll
1>                  AssetType=runtime
1>                  CopyLocal=true
1>                  DestinationSubPath=C1.WPF.FlexGrid.4.5.2.dll
1>                  NuGetPackageId=C1.Xaml.WPF.FlexGrid
1>                  NuGetPackageVersion=4.5.20213.749
1>                  PathInPackage=lib/netcoreapp3.0/C1.WPF.FlexGrid.4.5.2.dll
1>          C:\Users\hansnguyen\.nuget\packages\c1.xaml.wpf.flexgrid.grouppanel\4.5.20213.749\lib\netcoreapp3.0\C1.WPF.FlexGrid.GroupPanel.4.5.2.dll
1>                  AssetType=runtime
1>                  CopyLocal=true
1>                  DestinationSubPath=C1.WPF.FlexGrid.GroupPanel.4.5.2.dll
1>                  NuGetPackageId=C1.Xaml.WPF.FlexGrid.GroupPanel
1>                  NuGetPackageVersion=4.5.20213.749
1>                  PathInPackage=lib/netcoreapp3.0/C1.WPF.FlexGrid.GroupPanel.4.5.2.dll
1>          C:\Users\hansnguyen\.nuget\packages\c1.xaml.wpf.flexgridfilter\4.5.20213.749\lib\netcoreapp3.0\C1.WPF.FlexGridFilter.4.5.2.dll
1>                  AssetType=runtime
1>                  CopyLocal=true
1>                  DestinationSubPath=C1.WPF.FlexGridFilter.4.5.2.dll
1>                  NuGetPackageId=C1.Xaml.WPF.FlexGridFilter
1>                  NuGetPackageVersion=4.5.20213.749
1>                  PathInPackage=lib/netcoreapp3.0/C1.WPF.FlexGridFilter.4.5.2.dll
1>          C:\Users\hansnguyen\.nuget\packages\c1.xaml.wpf.toolbar\4.5.20213.749\lib\netcoreapp3.0\C1.WPF.Toolbar.4.5.2.dll
1>                  AssetType=runtime
1>                  CopyLocal=true
1>                  DestinationSubPath=C1.WPF.Toolbar.4.5.2.dll
1>                  NuGetPackageId=C1.Xaml.WPF.Toolbar
1>                  NuGetPackageVersion=4.5.20213.749
1>                  PathInPackage=lib/netcoreapp3.0/C1.WPF.Toolbar.4.5.2.dll
1>  Added Item(s): 
1>      _ResolvedCopyLocalBuildAssets=
1>          C:\Users\hansnguyen\.nuget\packages\c1.xaml.wpf\4.5.20213.749\lib\netcoreapp3.0\ar\C1.WPF.4.5.2.resources.dll
1>                  AssetType=resources
1>                  CopyLocal=true
1>                  Culture=ar
1>                  DestinationSubDirectory=ar\
1>                  DestinationSubPath=ar\C1.WPF.4.5.2.resources.dll
1>                  NuGetPackageId=C1.Xaml.WPF
1>                  NuGetPackageVersion=4.5.20213.749
1>                  PathInPackage=lib/netcoreapp3.0/ar/C1.WPF.4.5.2.resources.dll
1>          C:\Users\hansnguyen\.nuget\packages\c1.xaml.wpf\4.5.20213.749\lib\netcoreapp3.0\cs\C1.WPF.4.5.2.resources.dll
1>                  AssetType=resources
1>                  CopyLocal=true
1>                  Culture=cs
1>                  DestinationSubDirectory=cs\
1>                  DestinationSubPath=cs\C1.WPF.4.5.2.resources.dll
1>                  NuGetPackageId=C1.Xaml.WPF
1>                  NuGetPackageVersion=4.5.20213.749
1>                  PathInPackage=lib/netcoreapp3.0/cs/C1.WPF.4.5.2.resources.dll
1>          C:\Users\hansnguyen\.nuget\packages\c1.xaml.wpf\4.5.20213.749\lib\netcoreapp3.0\da\C1.WPF.4.5.2.resources.dll
1>                  AssetType=resources
1>                  CopyLocal=true
1>                  Culture=da
1>                  DestinationSubDirectory=da\
1>                  DestinationSubPath=da\C1.WPF.4.5.2.resources.dll
1>                  NuGetPackageId=C1.Xaml.WPF
1>                  NuGetPackageVersion=4.5.20213.749
1>                  PathInPackage=lib/netcoreapp3.0/da/C1.WPF.4.5.2.resources.dll
1>          C:\Users\hansnguyen\.nuget\packages\c1.xaml.wpf\4.5.20213.749\lib\netcoreapp3.0\de\C1.WPF.4.5.2.resources.dll
1>                  AssetType=resources
1>                  CopyLocal=true
1>                  Culture=de
1>                  DestinationSubDirectory=de\
1>                  DestinationSubPath=de\C1.WPF.4.5.2.resources.dll
1>                  NuGetPackageId=C1.Xaml.WPF
1>                  NuGetPackageVersion=4.5.20213.749
1>                  PathInPackage=lib/netcoreapp3.0/de/C1.WPF.4.5.2.resources.dll
1>          C:\Users\hansnguyen\.nuget\packages\c1.xaml.wpf\4.5.20213.749\lib\netcoreapp3.0\el\C1.WPF.4.5.2.resources.dll
1>                  AssetType=resources
1>                  CopyLocal=true
1>                  Culture=el
1>                  DestinationSubDirectory=el\
1>                  DestinationSubPath=el\C1.WPF.4.5.2.resources.dll
1>                  NuGetPackageId=C1.Xaml.WPF
1>                  NuGetPackageVersion=4.5.20213.749
1>                  PathInPackage=lib/netcoreapp3.0/el/C1.WPF.4.5.2.resources.dll
1>          C:\Users\hansnguyen\.nuget\packages\c1.xaml.wpf\4.5.20213.749\lib\netcoreapp3.0\es\C1.WPF.4.5.2.resources.dll
1>                  AssetType=resources
1>                  CopyLocal=true
1>                  Culture=es
1>                  DestinationSubDirectory=es\
1>                  DestinationSubPath=es\C1.WPF.4.5.2.resources.dll
1>                  NuGetPackageId=C1.Xaml.WPF
1>                  NuGetPackageVersion=4.5.20213.749
1>                  PathInPackage=lib/netcoreapp3.0/es/C1.WPF.4.5.2.resources.dll
1>          C:\Users\hansnguyen\.nuget\packages\c1.xaml.wpf\4.5.20213.749\lib\netcoreapp3.0\fi\C1.WPF.4.5.2.resources.dll
1>                  AssetType=resources
1>                  CopyLocal=true
1>                  Culture=fi
1>                  DestinationSubDirectory=fi\
1>                  DestinationSubPath=fi\C1.WPF.4.5.2.resources.dll
1>                  NuGetPackageId=C1.Xaml.WPF
1>                  NuGetPackageVersion=4.5.20213.749
1>                  PathInPackage=lib/netcoreapp3.0/fi/C1.WPF.4.5.2.resources.dll
1>          C:\Users\hansnguyen\.nuget\packages\c1.xaml.wpf\4.5.20213.749\lib\netcoreapp3.0\fr\C1.WPF.4.5.2.resources.dll
1>                  AssetType=resources
1>                  CopyLocal=true
1>                  Culture=fr
1>                  DestinationSubDirectory=fr\
1>                  DestinationSubPath=fr\C1.WPF.4.5.2.resources.dll
1>                  NuGetPackageId=C1.Xaml.WPF
1>                  NuGetPackageVersion=4.5.20213.749
1>                  PathInPackage=lib/netcoreapp3.0/fr/C1.WPF.4.5.2.resources.dll
1>          C:\Users\hansnguyen\.nuget\packages\c1.xaml.wpf\4.5.20213.749\lib\netcoreapp3.0\he\C1.WPF.4.5.2.resources.dll
1>                  AssetType=resources
1>                  CopyLocal=true
1>                  Culture=he
1>                  DestinationSubDirectory=he\
1>                  DestinationSubPath=he\C1.WPF.4.5.2.resources.dll
1>                  NuGetPackageId=C1.Xaml.WPF
1>                  NuGetPackageVersion=4.5.20213.749
1>                  PathInPackage=lib/netcoreapp3.0/he/C1.WPF.4.5.2.resources.dll
1>          C:\Users\hansnguyen\.nuget\packages\c1.xaml.wpf\4.5.20213.749\lib\netcoreapp3.0\it\C1.WPF.4.5.2.resources.dll
1>                  AssetType=resources
1>                  CopyLocal=true
1>                  Culture=it
1>                  DestinationSubDirectory=it\
1>                  DestinationSubPath=it\C1.WPF.4.5.2.resources.dll
1>                  NuGetPackageId=C1.Xaml.WPF
1>                  NuGetPackageVersion=4.5.20213.749
1>                  PathInPackage=lib/netcoreapp3.0/it/C1.WPF.4.5.2.resources.dll
1>          C:\Users\hansnguyen\.nuget\packages\c1.xaml.wpf\4.5.20213.749\lib\netcoreapp3.0\ja\C1.WPF.4.5.2.resources.dll
1>                  AssetType=resources
1>                  CopyLocal=true
1>                  Culture=ja
1>                  DestinationSubDirectory=ja\
1>                  DestinationSubPath=ja\C1.WPF.4.5.2.resources.dll
1>                  NuGetPackageId=C1.Xaml.WPF
1>                  NuGetPackageVersion=4.5.20213.749
1>                  PathInPackage=lib/netcoreapp3.0/ja/C1.WPF.4.5.2.resources.dll
1>          C:\Users\hansnguyen\.nuget\packages\c1.xaml.wpf\4.5.20213.749\lib\netcoreapp3.0\ko\C1.WPF.4.5.2.resources.dll
1>                  AssetType=resources
1>                  CopyLocal=true
1>                  Culture=ko
1>                  DestinationSubDirectory=ko\
1>                  DestinationSubPath=ko\C1.WPF.4.5.2.resources.dll
1>                  NuGetPackageId=C1.Xaml.WPF
1>                  NuGetPackageVersion=4.5.20213.749
1>                  PathInPackage=lib/netcoreapp3.0/ko/C1.WPF.4.5.2.resources.dll
1>          C:\Users\hansnguyen\.nuget\packages\c1.xaml.wpf\4.5.20213.749\lib\netcoreapp3.0\nl\C1.WPF.4.5.2.resources.dll
1>                  AssetType=resources
1>                  CopyLocal=true
1>                  Culture=nl
1>                  DestinationSubDirectory=nl\
1>                  DestinationSubPath=nl\C1.WPF.4.5.2.resources.dll
1>                  NuGetPackageId=C1.Xaml.WPF
1>                  NuGetPackageVersion=4.5.20213.749
1>                  PathInPackage=lib/netcoreapp3.0/nl/C1.WPF.4.5.2.resources.dll
1>          C:\Users\hansnguyen\.nuget\packages\c1.xaml.wpf\4.5.20213.749\lib\netcoreapp3.0\no\C1.WPF.4.5.2.resources.dll
1>                  AssetType=resources
1>                  CopyLocal=true
1>                  Culture=no
1>                  DestinationSubDirectory=no\
1>                  DestinationSubPath=no\C1.WPF.4.5.2.resources.dll
1>                  NuGetPackageId=C1.Xaml.WPF
1>                  NuGetPackageVersion=4.5.20213.749
1>                  PathInPackage=lib/netcoreapp3.0/no/C1.WPF.4.5.2.resources.dll
1>          C:\Users\hansnguyen\.nuget\packages\c1.xaml.wpf\4.5.20213.749\lib\netcoreapp3.0\pl\C1.WPF.4.5.2.resources.dll
1>                  AssetType=resources
1>                  CopyLocal=true
1>                  Culture=pl
1>                  DestinationSubDirectory=pl\
1>                  DestinationSubPath=pl\C1.WPF.4.5.2.resources.dll
1>                  NuGetPackageId=C1.Xaml.WPF
1>                  NuGetPackageVersion=4.5.20213.749
1>                  PathInPackage=lib/netcoreapp3.0/pl/C1.WPF.4.5.2.resources.dll
1>          C:\Users\hansnguyen\.nuget\packages\c1.xaml.wpf\4.5.20213.749\lib\netcoreapp3.0\pt\C1.WPF.4.5.2.resources.dll
1>                  AssetType=resources
1>                  CopyLocal=true
1>                  Culture=pt
1>                  DestinationSubDirectory=pt\
1>                  DestinationSubPath=pt\C1.WPF.4.5.2.resources.dll
1>                  NuGetPackageId=C1.Xaml.WPF
1>                  NuGetPackageVersion=4.5.20213.749
1>                  PathInPackage=lib/netcoreapp3.0/pt/C1.WPF.4.5.2.resources.dll
1>          C:\Users\hansnguyen\.nuget\packages\c1.xaml.wpf\4.5.20213.749\lib\netcoreapp3.0\ro\C1.WPF.4.5.2.resources.dll
1>                  AssetType=resources
1>                  CopyLocal=true
1>                  Culture=ro
1>                  DestinationSubDirectory=ro\
1>                  DestinationSubPath=ro\C1.WPF.4.5.2.resources.dll
1>                  NuGetPackageId=C1.Xaml.WPF
1>                  NuGetPackageVersion=4.5.20213.749
1>                  PathInPackage=lib/netcoreapp3.0/ro/C1.WPF.4.5.2.resources.dll
1>          C:\Users\hansnguyen\.nuget\packages\c1.xaml.wpf\4.5.20213.749\lib\netcoreapp3.0\ru\C1.WPF.4.5.2.resources.dll
1>                  AssetType=resources
1>                  CopyLocal=true
1>                  Culture=ru
1>                  DestinationSubDirectory=ru\
1>                  DestinationSubPath=ru\C1.WPF.4.5.2.resources.dll
1>                  NuGetPackageId=C1.Xaml.WPF
1>                  NuGetPackageVersion=4.5.20213.749
1>                  PathInPackage=lib/netcoreapp3.0/ru/C1.WPF.4.5.2.resources.dll
1>          C:\Users\hansnguyen\.nuget\packages\c1.xaml.wpf\4.5.20213.749\lib\netcoreapp3.0\sk\C1.WPF.4.5.2.resources.dll
1>                  AssetType=resources
1>                  CopyLocal=true
1>                  Culture=sk
1>                  DestinationSubDirectory=sk\
1>                  DestinationSubPath=sk\C1.WPF.4.5.2.resources.dll
1>                  NuGetPackageId=C1.Xaml.WPF
1>                  NuGetPackageVersion=4.5.20213.749
1>                  PathInPackage=lib/netcoreapp3.0/sk/C1.WPF.4.5.2.resources.dll
1>          C:\Users\hansnguyen\.nuget\packages\c1.xaml.wpf\4.5.20213.749\lib\netcoreapp3.0\sv\C1.WPF.4.5.2.resources.dll
1>                  AssetType=resources
1>                  CopyLocal=true
1>                  Culture=sv
1>                  DestinationSubDirectory=sv\
1>                  DestinationSubPath=sv\C1.WPF.4.5.2.resources.dll
1>                  NuGetPackageId=C1.Xaml.WPF
1>                  NuGetPackageVersion=4.5.20213.749
1>                  PathInPackage=lib/netcoreapp3.0/sv/C1.WPF.4.5.2.resources.dll
1>          C:\Users\hansnguyen\.nuget\packages\c1.xaml.wpf\4.5.20213.749\lib\netcoreapp3.0\tr\C1.WPF.4.5.2.resources.dll
1>                  AssetType=resources
1>                  CopyLocal=true
1>                  Culture=tr
1>                  DestinationSubDirectory=tr\
1>                  DestinationSubPath=tr\C1.WPF.4.5.2.resources.dll
1>                  NuGetPackageId=C1.Xaml.WPF
1>                  NuGetPackageVersion=4.5.20213.749
1>                  PathInPackage=lib/netcoreapp3.0/tr/C1.WPF.4.5.2.resources.dll
1>          C:\Users\hansnguyen\.nuget\packages\c1.xaml.wpf\4.5.20213.749\lib\netcoreapp3.0\zh-Hans\C1.WPF.4.5.2.resources.dll
1>                  AssetType=resources
1>                  CopyLocal=true
1>                  Culture=zh-Hans
1>                  DestinationSubDirectory=zh-Hans\
1>                  DestinationSubPath=zh-Hans\C1.WPF.4.5.2.resources.dll
1>                  NuGetPackageId=C1.Xaml.WPF
1>                  NuGetPackageVersion=4.5.20213.749
1>                  PathInPackage=lib/netcoreapp3.0/zh-Hans/C1.WPF.4.5.2.resources.dll
1>          C:\Users\hansnguyen\.nuget\packages\c1.xaml.wpf\4.5.20213.749\lib\netcoreapp3.0\zh-Hant\C1.WPF.4.5.2.resources.dll
1>                  AssetType=resources
1>                  CopyLocal=true
1>                  Culture=zh-Hant
1>                  DestinationSubDirectory=zh-Hant\
1>                  DestinationSubPath=zh-Hant\C1.WPF.4.5.2.resources.dll
1>                  NuGetPackageId=C1.Xaml.WPF
1>                  NuGetPackageVersion=4.5.20213.749
1>                  PathInPackage=lib/netcoreapp3.0/zh-Hant/C1.WPF.4.5.2.resources.dll
1>          C:\Users\hansnguyen\.nuget\packages\c1.xaml.wpf\4.5.20213.749\lib\netcoreapp3.0\zh\C1.WPF.4.5.2.resources.dll
1>                  AssetType=resources
1>                  CopyLocal=true
1>                  Culture=zh
1>                  DestinationSubDirectory=zh\
1>                  DestinationSubPath=zh\C1.WPF.4.5.2.resources.dll
1>                  NuGetPackageId=C1.Xaml.WPF
1>                  NuGetPackageVersion=4.5.20213.749
1>                  PathInPackage=lib/netcoreapp3.0/zh/C1.WPF.4.5.2.resources.dll
1>          C:\Users\hansnguyen\.nuget\packages\c1.xaml.wpf.flexgrid.grouppanel\4.5.20213.749\lib\netcoreapp3.0\ar\C1.WPF.FlexGrid.GroupPanel.4.5.2.resources.dll
1>                  AssetType=resources
1>                  CopyLocal=true
1>                  Culture=ar
1>                  DestinationSubDirectory=ar\
1>                  DestinationSubPath=ar\C1.WPF.FlexGrid.GroupPanel.4.5.2.resources.dll
1>                  NuGetPackageId=C1.Xaml.WPF.FlexGrid.GroupPanel
1>                  NuGetPackageVersion=4.5.20213.749
1>                  PathInPackage=lib/netcoreapp3.0/ar/C1.WPF.FlexGrid.GroupPanel.4.5.2.resources.dll
1>          C:\Users\hansnguyen\.nuget\packages\c1.xaml.wpf.flexgrid.grouppanel\4.5.20213.749\lib\netcoreapp3.0\cs\C1.WPF.FlexGrid.GroupPanel.4.5.2.resources.dll
1>                  AssetType=resources
1>                  CopyLocal=true
1>                  Culture=cs
1>                  DestinationSubDirectory=cs\
1>                  DestinationSubPath=cs\C1.WPF.FlexGrid.GroupPanel.4.5.2.resources.dll
1>                  NuGetPackageId=C1.Xaml.WPF.FlexGrid.GroupPanel
1>                  NuGetPackageVersion=4.5.20213.749
1>                  PathInPackage=lib/netcoreapp3.0/cs/C1.WPF.FlexGrid.GroupPanel.4.5.2.resources.dll
1>          C:\Users\hansnguyen\.nuget\packages\c1.xaml.wpf.flexgrid.grouppanel\4.5.20213.749\lib\netcoreapp3.0\da\C1.WPF.FlexGrid.GroupPanel.4.5.2.resources.dll
1>                  AssetType=resources
1>                  CopyLocal=true
1>                  Culture=da
1>                  DestinationSubDirectory=da\
1>                  DestinationSubPath=da\C1.WPF.FlexGrid.GroupPanel.4.5.2.resources.dll
1>                  NuGetPackageId=C1.Xaml.WPF.FlexGrid.GroupPanel
1>                  NuGetPackageVersion=4.5.20213.749
1>                  PathInPackage=lib/netcoreapp3.0/da/C1.WPF.FlexGrid.GroupPanel.4.5.2.resources.dll
1>          C:\Users\hansnguyen\.nuget\packages\c1.xaml.wpf.flexgrid.grouppanel\4.5.20213.749\lib\netcoreapp3.0\de\C1.WPF.FlexGrid.GroupPanel.4.5.2.resources.dll
1>                  AssetType=resources
1>                  CopyLocal=true
1>                  Culture=de
1>                  DestinationSubDirectory=de\
1>                  DestinationSubPath=de\C1.WPF.FlexGrid.GroupPanel.4.5.2.resources.dll
1>                  NuGetPackageId=C1.Xaml.WPF.FlexGrid.GroupPanel
1>                  NuGetPackageVersion=4.5.20213.749
1>                  PathInPackage=lib/netcoreapp3.0/de/C1.WPF.FlexGrid.GroupPanel.4.5.2.resources.dll
1>          C:\Users\hansnguyen\.nuget\packages\c1.xaml.wpf.flexgrid.grouppanel\4.5.20213.749\lib\netcoreapp3.0\el\C1.WPF.FlexGrid.GroupPanel.4.5.2.resources.dll
1>                  AssetType=resources
1>                  CopyLocal=true
1>                  Culture=el
1>                  DestinationSubDirectory=el\
1>                  DestinationSubPath=el\C1.WPF.FlexGrid.GroupPanel.4.5.2.resources.dll
1>                  NuGetPackageId=C1.Xaml.WPF.FlexGrid.GroupPanel
1>                  NuGetPackageVersion=4.5.20213.749
1>                  PathInPackage=lib/netcoreapp3.0/el/C1.WPF.FlexGrid.GroupPanel.4.5.2.resources.dll
1>          C:\Users\hansnguyen\.nuget\packages\c1.xaml.wpf.flexgrid.grouppanel\4.5.20213.749\lib\netcoreapp3.0\es\C1.WPF.FlexGrid.GroupPanel.4.5.2.resources.dll
1>                  AssetType=resources
1>                  CopyLocal=true
1>                  Culture=es
1>                  DestinationSubDirectory=es\
1>                  DestinationSubPath=es\C1.WPF.FlexGrid.GroupPanel.4.5.2.resources.dll
1>                  NuGetPackageId=C1.Xaml.WPF.FlexGrid.GroupPanel
1>                  NuGetPackageVersion=4.5.20213.749
1>                  PathInPackage=lib/netcoreapp3.0/es/C1.WPF.FlexGrid.GroupPanel.4.5.2.resources.dll
1>          C:\Users\hansnguyen\.nuget\packages\c1.xaml.wpf.flexgrid.grouppanel\4.5.20213.749\lib\netcoreapp3.0\fi\C1.WPF.FlexGrid.GroupPanel.4.5.2.resources.dll
1>                  AssetType=resources
1>                  CopyLocal=true
1>                  Culture=fi
1>                  DestinationSubDirectory=fi\
1>                  DestinationSubPath=fi\C1.WPF.FlexGrid.GroupPanel.4.5.2.resources.dll
1>                  NuGetPackageId=C1.Xaml.WPF.FlexGrid.GroupPanel
1>                  NuGetPackageVersion=4.5.20213.749
1>                  PathInPackage=lib/netcoreapp3.0/fi/C1.WPF.FlexGrid.GroupPanel.4.5.2.resources.dll
1>          C:\Users\hansnguyen\.nuget\packages\c1.xaml.wpf.flexgrid.grouppanel\4.5.20213.749\lib\netcoreapp3.0\fr\C1.WPF.FlexGrid.GroupPanel.4.5.2.resources.dll
1>                  AssetType=resources
1>                  CopyLocal=true
1>                  Culture=fr
1>                  DestinationSubDirectory=fr\
1>                  DestinationSubPath=fr\C1.WPF.FlexGrid.GroupPanel.4.5.2.resources.dll
1>                  NuGetPackageId=C1.Xaml.WPF.FlexGrid.GroupPanel
1>                  NuGetPackageVersion=4.5.20213.749
1>                  PathInPackage=lib/netcoreapp3.0/fr/C1.WPF.FlexGrid.GroupPanel.4.5.2.resources.dll
1>          C:\Users\hansnguyen\.nuget\packages\c1.xaml.wpf.flexgrid.grouppanel\4.5.20213.749\lib\netcoreapp3.0\he\C1.WPF.FlexGrid.GroupPanel.4.5.2.resources.dll
1>                  AssetType=resources
1>                  CopyLocal=true
1>                  Culture=he
1>                  DestinationSubDirectory=he\
1>                  DestinationSubPath=he\C1.WPF.FlexGrid.GroupPanel.4.5.2.resources.dll
1>                  NuGetPackageId=C1.Xaml.WPF.FlexGrid.GroupPanel
1>                  NuGetPackageVersion=4.5.20213.749
1>                  PathInPackage=lib/netcoreapp3.0/he/C1.WPF.FlexGrid.GroupPanel.4.5.2.resources.dll
1>          C:\Users\hansnguyen\.nuget\packages\c1.xaml.wpf.flexgrid.grouppanel\4.5.20213.749\lib\netcoreapp3.0\hi\C1.WPF.FlexGrid.GroupPanel.4.5.2.resources.dll
1>                  AssetType=resources
1>                  CopyLocal=true
1>                  Culture=hi
1>                  DestinationSubDirectory=hi\
1>                  DestinationSubPath=hi\C1.WPF.FlexGrid.GroupPanel.4.5.2.resources.dll
1>                  NuGetPackageId=C1.Xaml.WPF.FlexGrid.GroupPanel
1>                  NuGetPackageVersion=4.5.20213.749
1>                  PathInPackage=lib/netcoreapp3.0/hi/C1.WPF.FlexGrid.GroupPanel.4.5.2.resources.dll
1>          C:\Users\hansnguyen\.nuget\packages\c1.xaml.wpf.flexgrid.grouppanel\4.5.20213.749\lib\netcoreapp3.0\it\C1.WPF.FlexGrid.GroupPanel.4.5.2.resources.dll
1>                  AssetType=resources
1>                  CopyLocal=true
1>                  Culture=it
1>                  DestinationSubDirectory=it\
1>                  DestinationSubPath=it\C1.WPF.FlexGrid.GroupPanel.4.5.2.resources.dll
1>                  NuGetPackageId=C1.Xaml.WPF.FlexGrid.GroupPanel
1>                  NuGetPackageVersion=4.5.20213.749
1>                  PathInPackage=lib/netcoreapp3.0/it/C1.WPF.FlexGrid.GroupPanel.4.5.2.resources.dll
1>          C:\Users\hansnguyen\.nuget\packages\c1.xaml.wpf.flexgrid.grouppanel\4.5.20213.749\lib\netcoreapp3.0\ja\C1.WPF.FlexGrid.GroupPanel.4.5.2.resources.dll
1>                  AssetType=resources
1>                  CopyLocal=true
1>                  Culture=ja
1>                  DestinationSubDirectory=ja\
1>                  DestinationSubPath=ja\C1.WPF.FlexGrid.GroupPanel.4.5.2.resources.dll
1>                  NuGetPackageId=C1.Xaml.WPF.FlexGrid.GroupPanel
1>                  NuGetPackageVersion=4.5.20213.749
1>                  PathInPackage=lib/netcoreapp3.0/ja/C1.WPF.FlexGrid.GroupPanel.4.5.2.resources.dll
1>          C:\Users\hansnguyen\.nuget\packages\c1.xaml.wpf.flexgrid.grouppanel\4.5.20213.749\lib\netcoreapp3.0\ko\C1.WPF.FlexGrid.GroupPanel.4.5.2.resources.dll
1>                  AssetType=resources
1>                  CopyLocal=true
1>                  Culture=ko
1>                  DestinationSubDirectory=ko\
1>                  DestinationSubPath=ko\C1.WPF.FlexGrid.GroupPanel.4.5.2.resources.dll
1>                  NuGetPackageId=C1.Xaml.WPF.FlexGrid.GroupPanel
1>                  NuGetPackageVersion=4.5.20213.749
1>                  PathInPackage=lib/netcoreapp3.0/ko/C1.WPF.FlexGrid.GroupPanel.4.5.2.resources.dll
1>          C:\Users\hansnguyen\.nuget\packages\c1.xaml.wpf.flexgrid.grouppanel\4.5.20213.749\lib\netcoreapp3.0\nl\C1.WPF.FlexGrid.GroupPanel.4.5.2.resources.dll
1>                  AssetType=resources
1>                  CopyLocal=true
1>                  Culture=nl
1>                  DestinationSubDirectory=nl\
1>                  DestinationSubPath=nl\C1.WPF.FlexGrid.GroupPanel.4.5.2.resources.dll
1>                  NuGetPackageId=C1.Xaml.WPF.FlexGrid.GroupPanel
1>                  NuGetPackageVersion=4.5.20213.749
1>                  PathInPackage=lib/netcoreapp3.0/nl/C1.WPF.FlexGrid.GroupPanel.4.5.2.resources.dll
1>          C:\Users\hansnguyen\.nuget\packages\c1.xaml.wpf.flexgrid.grouppanel\4.5.20213.749\lib\netcoreapp3.0\no\C1.WPF.FlexGrid.GroupPanel.4.5.2.resources.dll
1>                  AssetType=resources
1>                  CopyLocal=true
1>                  Culture=no
1>                  DestinationSubDirectory=no\
1>                  DestinationSubPath=no\C1.WPF.FlexGrid.GroupPanel.4.5.2.resources.dll
1>                  NuGetPackageId=C1.Xaml.WPF.FlexGrid.GroupPanel
1>                  NuGetPackageVersion=4.5.20213.749
1>                  PathInPackage=lib/netcoreapp3.0/no/C1.WPF.FlexGrid.GroupPanel.4.5.2.resources.dll
1>          C:\Users\hansnguyen\.nuget\packages\c1.xaml.wpf.flexgrid.grouppanel\4.5.20213.749\lib\netcoreapp3.0\pl\C1.WPF.FlexGrid.GroupPanel.4.5.2.resources.dll
1>                  AssetType=resources
1>                  CopyLocal=true
1>                  Culture=pl
1>                  DestinationSubDirectory=pl\
1>                  DestinationSubPath=pl\C1.WPF.FlexGrid.GroupPanel.4.5.2.resources.dll
1>                  NuGetPackageId=C1.Xaml.WPF.FlexGrid.GroupPanel
1>                  NuGetPackageVersion=4.5.20213.749
1>                  PathInPackage=lib/netcoreapp3.0/pl/C1.WPF.FlexGrid.GroupPanel.4.5.2.resources.dll
1>          C:\Users\hansnguyen\.nuget\packages\c1.xaml.wpf.flexgrid.grouppanel\4.5.20213.749\lib\netcoreapp3.0\pt\C1.WPF.FlexGrid.GroupPanel.4.5.2.resources.dll
1>                  AssetType=resources
1>                  CopyLocal=true
1>                  Culture=pt
1>                  DestinationSubDirectory=pt\
1>                  DestinationSubPath=pt\C1.WPF.FlexGrid.GroupPanel.4.5.2.resources.dll
1>                  NuGetPackageId=C1.Xaml.WPF.FlexGrid.GroupPanel
1>                  NuGetPackageVersion=4.5.20213.749
1>                  PathInPackage=lib/netcoreapp3.0/pt/C1.WPF.FlexGrid.GroupPanel.4.5.2.resources.dll
1>          C:\Users\hansnguyen\.nuget\packages\c1.xaml.wpf.flexgrid.grouppanel\4.5.20213.749\lib\netcoreapp3.0\ro\C1.WPF.FlexGrid.GroupPanel.4.5.2.resources.dll
1>                  AssetType=resources
1>                  CopyLocal=true
1>                  Culture=ro
1>                  DestinationSubDirectory=ro\
1>                  DestinationSubPath=ro\C1.WPF.FlexGrid.GroupPanel.4.5.2.resources.dll
1>                  NuGetPackageId=C1.Xaml.WPF.FlexGrid.GroupPanel
1>                  NuGetPackageVersion=4.5.20213.749
1>                  PathInPackage=lib/netcoreapp3.0/ro/C1.WPF.FlexGrid.GroupPanel.4.5.2.resources.dll
1>          C:\Users\hansnguyen\.nuget\packages\c1.xaml.wpf.flexgrid.grouppanel\4.5.20213.749\lib\netcoreapp3.0\ru\C1.WPF.FlexGrid.GroupPanel.4.5.2.resources.dll
1>                  AssetType=resources
1>                  CopyLocal=true
1>                  Culture=ru
1>                  DestinationSubDirectory=ru\
1>                  DestinationSubPath=ru\C1.WPF.FlexGrid.GroupPanel.4.5.2.resources.dll
1>                  NuGetPackageId=C1.Xaml.WPF.FlexGrid.GroupPanel
1>                  NuGetPackageVersion=4.5.20213.749
1>                  PathInPackage=lib/netcoreapp3.0/ru/C1.WPF.FlexGrid.GroupPanel.4.5.2.resources.dll
1>          C:\Users\hansnguyen\.nuget\packages\c1.xaml.wpf.flexgrid.grouppanel\4.5.20213.749\lib\netcoreapp3.0\sk\C1.WPF.FlexGrid.GroupPanel.4.5.2.resources.dll
1>                  AssetType=resources
1>                  CopyLocal=true
1>                  Culture=sk
1>                  DestinationSubDirectory=sk\
1>                  DestinationSubPath=sk\C1.WPF.FlexGrid.GroupPanel.4.5.2.resources.dll
1>                  NuGetPackageId=C1.Xaml.WPF.FlexGrid.GroupPanel
1>                  NuGetPackageVersion=4.5.20213.749
1>                  PathInPackage=lib/netcoreapp3.0/sk/C1.WPF.FlexGrid.GroupPanel.4.5.2.resources.dll
1>          C:\Users\hansnguyen\.nuget\packages\c1.xaml.wpf.flexgrid.grouppanel\4.5.20213.749\lib\netcoreapp3.0\sv\C1.WPF.FlexGrid.GroupPanel.4.5.2.resources.dll
1>                  AssetType=resources
1>                  CopyLocal=true
1>                  Culture=sv
1>                  DestinationSubDirectory=sv\
1>                  DestinationSubPath=sv\C1.WPF.FlexGrid.GroupPanel.4.5.2.resources.dll
1>                  NuGetPackageId=C1.Xaml.WPF.FlexGrid.GroupPanel
1>                  NuGetPackageVersion=4.5.20213.749
1>                  PathInPackage=lib/netcoreapp3.0/sv/C1.WPF.FlexGrid.GroupPanel.4.5.2.resources.dll
1>          C:\Users\hansnguyen\.nuget\packages\c1.xaml.wpf.flexgrid.grouppanel\4.5.20213.749\lib\netcoreapp3.0\tr\C1.WPF.FlexGrid.GroupPanel.4.5.2.resources.dll
1>                  AssetType=resources
1>                  CopyLocal=true
1>                  Culture=tr
1>                  DestinationSubDirectory=tr\
1>                  DestinationSubPath=tr\C1.WPF.FlexGrid.GroupPanel.4.5.2.resources.dll
1>                  NuGetPackageId=C1.Xaml.WPF.FlexGrid.GroupPanel
1>                  NuGetPackageVersion=4.5.20213.749
1>                  PathInPackage=lib/netcoreapp3.0/tr/C1.WPF.FlexGrid.GroupPanel.4.5.2.resources.dll
1>          C:\Users\hansnguyen\.nuget\packages\c1.xaml.wpf.flexgrid.grouppanel\4.5.20213.749\lib\netcoreapp3.0\zh-Hans\C1.WPF.FlexGrid.GroupPanel.4.5.2.resources.dll
1>                  AssetType=resources
1>                  CopyLocal=true
1>                  Culture=zh-Hans
1>                  DestinationSubDirectory=zh-Hans\
1>                  DestinationSubPath=zh-Hans\C1.WPF.FlexGrid.GroupPanel.4.5.2.resources.dll
1>                  NuGetPackageId=C1.Xaml.WPF.FlexGrid.GroupPanel
1>                  NuGetPackageVersion=4.5.20213.749
1>                  PathInPackage=lib/netcoreapp3.0/zh-Hans/C1.WPF.FlexGrid.GroupPanel.4.5.2.resources.dll
1>          C:\Users\hansnguyen\.nuget\packages\c1.xaml.wpf.flexgrid.grouppanel\4.5.20213.749\lib\netcoreapp3.0\zh-Hant\C1.WPF.FlexGrid.GroupPanel.4.5.2.resources.dll
1>                  AssetType=resources
1>                  CopyLocal=true
1>                  Culture=zh-Hant
1>                  DestinationSubDirectory=zh-Hant\
1>                  DestinationSubPath=zh-Hant\C1.WPF.FlexGrid.GroupPanel.4.5.2.resources.dll
1>                  NuGetPackageId=C1.Xaml.WPF.FlexGrid.GroupPanel
1>                  NuGetPackageVersion=4.5.20213.749
1>                  PathInPackage=lib/netcoreapp3.0/zh-Hant/C1.WPF.FlexGrid.GroupPanel.4.5.2.resources.dll
1>          C:\Users\hansnguyen\.nuget\packages\c1.xaml.wpf.flexgrid.grouppanel\4.5.20213.749\lib\netcoreapp3.0\zh\C1.WPF.FlexGrid.GroupPanel.4.5.2.resources.dll
1>                  AssetType=resources
1>                  CopyLocal=true
1>                  Culture=zh
1>                  DestinationSubDirectory=zh\
1>                  DestinationSubPath=zh\C1.WPF.FlexGrid.GroupPanel.4.5.2.resources.dll
1>                  NuGetPackageId=C1.Xaml.WPF.FlexGrid.GroupPanel
1>                  NuGetPackageVersion=4.5.20213.749
1>                  PathInPackage=lib/netcoreapp3.0/zh/C1.WPF.FlexGrid.GroupPanel.4.5.2.resources.dll
1>          C:\Users\hansnguyen\.nuget\packages\c1.xaml.wpf.flexgridfilter\4.5.20213.749\lib\netcoreapp3.0\ar\C1.WPF.FlexGridFilter.4.5.2.resources.dll
1>                  AssetType=resources
1>                  CopyLocal=true
1>                  Culture=ar
1>                  DestinationSubDirectory=ar\
1>                  DestinationSubPath=ar\C1.WPF.FlexGridFilter.4.5.2.resources.dll
1>                  NuGetPackageId=C1.Xaml.WPF.FlexGridFilter
1>                  NuGetPackageVersion=4.5.20213.749
1>                  PathInPackage=lib/netcoreapp3.0/ar/C1.WPF.FlexGridFilter.4.5.2.resources.dll
1>          C:\Users\hansnguyen\.nuget\packages\c1.xaml.wpf.flexgridfilter\4.5.20213.749\lib\netcoreapp3.0\cs\C1.WPF.FlexGridFilter.4.5.2.resources.dll
1>                  AssetType=resources
1>                  CopyLocal=true
1>                  Culture=cs
1>                  DestinationSubDirectory=cs\
1>                  DestinationSubPath=cs\C1.WPF.FlexGridFilter.4.5.2.resources.dll
1>                  NuGetPackageId=C1.Xaml.WPF.FlexGridFilter
1>                  NuGetPackageVersion=4.5.20213.749
1>                  PathInPackage=lib/netcoreapp3.0/cs/C1.WPF.FlexGridFilter.4.5.2.resources.dll
1>          C:\Users\hansnguyen\.nuget\packages\c1.xaml.wpf.flexgridfilter\4.5.20213.749\lib\netcoreapp3.0\da\C1.WPF.FlexGridFilter.4.5.2.resources.dll
1>                  AssetType=resources
1>                  CopyLocal=true
1>                  Culture=da
1>                  DestinationSubDirectory=da\
1>                  DestinationSubPath=da\C1.WPF.FlexGridFilter.4.5.2.resources.dll
1>                  NuGetPackageId=C1.Xaml.WPF.FlexGridFilter
1>                  NuGetPackageVersion=4.5.20213.749
1>                  PathInPackage=lib/netcoreapp3.0/da/C1.WPF.FlexGridFilter.4.5.2.resources.dll
1>          C:\Users\hansnguyen\.nuget\packages\c1.xaml.wpf.flexgridfilter\4.5.20213.749\lib\netcoreapp3.0\de\C1.WPF.FlexGridFilter.4.5.2.resources.dll
1>                  AssetType=resources
1>                  CopyLocal=true
1>                  Culture=de
1>                  DestinationSubDirectory=de\
1>                  DestinationSubPath=de\C1.WPF.FlexGridFilter.4.5.2.resources.dll
1>                  NuGetPackageId=C1.Xaml.WPF.FlexGridFilter
1>                  NuGetPackageVersion=4.5.20213.749
1>                  PathInPackage=lib/netcoreapp3.0/de/C1.WPF.FlexGridFilter.4.5.2.resources.dll
1>          C:\Users\hansnguyen\.nuget\packages\c1.xaml.wpf.flexgridfilter\4.5.20213.749\lib\netcoreapp3.0\el\C1.WPF.FlexGridFilter.4.5.2.resources.dll
1>                  AssetType=resources
1>                  CopyLocal=true
1>                  Culture=el
1>                  DestinationSubDirectory=el\
1>                  DestinationSubPath=el\C1.WPF.FlexGridFilter.4.5.2.resources.dll
1>                  NuGetPackageId=C1.Xaml.WPF.FlexGridFilter
1>                  NuGetPackageVersion=4.5.20213.749
1>                  PathInPackage=lib/netcoreapp3.0/el/C1.WPF.FlexGridFilter.4.5.2.resources.dll
1>          C:\Users\hansnguyen\.nuget\packages\c1.xaml.wpf.flexgridfilter\4.5.20213.749\lib\netcoreapp3.0\es\C1.WPF.FlexGridFilter.4.5.2.resources.dll
1>                  AssetType=resources
1>                  CopyLocal=true
1>                  Culture=es
1>                  DestinationSubDirectory=es\
1>                  DestinationSubPath=es\C1.WPF.FlexGridFilter.4.5.2.resources.dll
1>                  NuGetPackageId=C1.Xaml.WPF.FlexGridFilter
1>                  NuGetPackageVersion=4.5.20213.749
1>                  PathInPackage=lib/netcoreapp3.0/es/C1.WPF.FlexGridFilter.4.5.2.resources.dll
1>          C:\Users\hansnguyen\.nuget\packages\c1.xaml.wpf.flexgridfilter\4.5.20213.749\lib\netcoreapp3.0\fi\C1.WPF.FlexGridFilter.4.5.2.resources.dll
1>                  AssetType=resources
1>                  CopyLocal=true
1>                  Culture=fi
1>                  DestinationSubDirectory=fi\
1>                  DestinationSubPath=fi\C1.WPF.FlexGridFilter.4.5.2.resources.dll
1>                  NuGetPackageId=C1.Xaml.WPF.FlexGridFilter
1>                  NuGetPackageVersion=4.5.20213.749
1>                  PathInPackage=lib/netcoreapp3.0/fi/C1.WPF.FlexGridFilter.4.5.2.resources.dll
1>          C:\Users\hansnguyen\.nuget\packages\c1.xaml.wpf.flexgridfilter\4.5.20213.749\lib\netcoreapp3.0\fr\C1.WPF.FlexGridFilter.4.5.2.resources.dll
1>                  AssetType=resources
1>                  CopyLocal=true
1>                  Culture=fr
1>                  DestinationSubDirectory=fr\
1>                  DestinationSubPath=fr\C1.WPF.FlexGridFilter.4.5.2.resources.dll
1>                  NuGetPackageId=C1.Xaml.WPF.FlexGridFilter
1>                  NuGetPackageVersion=4.5.20213.749
1>                  PathInPackage=lib/netcoreapp3.0/fr/C1.WPF.FlexGridFilter.4.5.2.resources.dll
1>          C:\Users\hansnguyen\.nuget\packages\c1.xaml.wpf.flexgridfilter\4.5.20213.749\lib\netcoreapp3.0\he\C1.WPF.FlexGridFilter.4.5.2.resources.dll
1>                  AssetType=resources
1>                  CopyLocal=true
1>                  Culture=he
1>                  DestinationSubDirectory=he\
1>                  DestinationSubPath=he\C1.WPF.FlexGridFilter.4.5.2.resources.dll
1>                  NuGetPackageId=C1.Xaml.WPF.FlexGridFilter
1>                  NuGetPackageVersion=4.5.20213.749
1>                  PathInPackage=lib/netcoreapp3.0/he/C1.WPF.FlexGridFilter.4.5.2.resources.dll
1>          C:\Users\hansnguyen\.nuget\packages\c1.xaml.wpf.flexgridfilter\4.5.20213.749\lib\netcoreapp3.0\it\C1.WPF.FlexGridFilter.4.5.2.resources.dll
1>                  AssetType=resources
1>                  CopyLocal=true
1>                  Culture=it
1>                  DestinationSubDirectory=it\
1>                  DestinationSubPath=it\C1.WPF.FlexGridFilter.4.5.2.resources.dll
1>                  NuGetPackageId=C1.Xaml.WPF.FlexGridFilter
1>                  NuGetPackageVersion=4.5.20213.749
1>                  PathInPackage=lib/netcoreapp3.0/it/C1.WPF.FlexGridFilter.4.5.2.resources.dll
1>          C:\Users\hansnguyen\.nuget\packages\c1.xaml.wpf.flexgridfilter\4.5.20213.749\lib\netcoreapp3.0\ja\C1.WPF.FlexGridFilter.4.5.2.resources.dll
1>                  AssetType=resources
1>                  CopyLocal=true
1>                  Culture=ja
1>                  DestinationSubDirectory=ja\
1>                  DestinationSubPath=ja\C1.WPF.FlexGridFilter.4.5.2.resources.dll
1>                  NuGetPackageId=C1.Xaml.WPF.FlexGridFilter
1>                  NuGetPackageVersion=4.5.20213.749
1>                  PathInPackage=lib/netcoreapp3.0/ja/C1.WPF.FlexGridFilter.4.5.2.resources.dll
1>          C:\Users\hansnguyen\.nuget\packages\c1.xaml.wpf.flexgridfilter\4.5.20213.749\lib\netcoreapp3.0\ko\C1.WPF.FlexGridFilter.4.5.2.resources.dll
1>                  AssetType=resources
1>                  CopyLocal=true
1>                  Culture=ko
1>                  DestinationSubDirectory=ko\
1>                  DestinationSubPath=ko\C1.WPF.FlexGridFilter.4.5.2.resources.dll
1>                  NuGetPackageId=C1.Xaml.WPF.FlexGridFilter
1>                  NuGetPackageVersion=4.5.20213.749
1>                  PathInPackage=lib/netcoreapp3.0/ko/C1.WPF.FlexGridFilter.4.5.2.resources.dll
1>          C:\Users\hansnguyen\.nuget\packages\c1.xaml.wpf.flexgridfilter\4.5.20213.749\lib\netcoreapp3.0\nl\C1.WPF.FlexGridFilter.4.5.2.resources.dll
1>                  AssetType=resources
1>                  CopyLocal=true
1>                  Culture=nl
1>                  DestinationSubDirectory=nl\
1>                  DestinationSubPath=nl\C1.WPF.FlexGridFilter.4.5.2.resources.dll
1>                  NuGetPackageId=C1.Xaml.WPF.FlexGridFilter
1>                  NuGetPackageVersion=4.5.20213.749
1>                  PathInPackage=lib/netcoreapp3.0/nl/C1.WPF.FlexGridFilter.4.5.2.resources.dll
1>          C:\Users\hansnguyen\.nuget\packages\c1.xaml.wpf.flexgridfilter\4.5.20213.749\lib\netcoreapp3.0\no\C1.WPF.FlexGridFilter.4.5.2.resources.dll
1>                  AssetType=resources
1>                  CopyLocal=true
1>                  Culture=no
1>                  DestinationSubDirectory=no\
1>                  DestinationSubPath=no\C1.WPF.FlexGridFilter.4.5.2.resources.dll
1>                  NuGetPackageId=C1.Xaml.WPF.FlexGridFilter
1>                  NuGetPackageVersion=4.5.20213.749
1>                  PathInPackage=lib/netcoreapp3.0/no/C1.WPF.FlexGridFilter.4.5.2.resources.dll
1>          C:\Users\hansnguyen\.nuget\packages\c1.xaml.wpf.flexgridfilter\4.5.20213.749\lib\netcoreapp3.0\pl\C1.WPF.FlexGridFilter.4.5.2.resources.dll
1>                  AssetType=resources
1>                  CopyLocal=true
1>                  Culture=pl
1>                  DestinationSubDirectory=pl\
1>                  DestinationSubPath=pl\C1.WPF.FlexGridFilter.4.5.2.resources.dll
1>                  NuGetPackageId=C1.Xaml.WPF.FlexGridFilter
1>                  NuGetPackageVersion=4.5.20213.749
1>                  PathInPackage=lib/netcoreapp3.0/pl/C1.WPF.FlexGridFilter.4.5.2.resources.dll
1>          C:\Users\hansnguyen\.nuget\packages\c1.xaml.wpf.flexgridfilter\4.5.20213.749\lib\netcoreapp3.0\pt\C1.WPF.FlexGridFilter.4.5.2.resources.dll
1>                  AssetType=resources
1>                  CopyLocal=true
1>                  Culture=pt
1>                  DestinationSubDirectory=pt\
1>                  DestinationSubPath=pt\C1.WPF.FlexGridFilter.4.5.2.resources.dll
1>                  NuGetPackageId=C1.Xaml.WPF.FlexGridFilter
1>                  NuGetPackageVersion=4.5.20213.749
1>                  PathInPackage=lib/netcoreapp3.0/pt/C1.WPF.FlexGridFilter.4.5.2.resources.dll
1>          C:\Users\hansnguyen\.nuget\packages\c1.xaml.wpf.flexgridfilter\4.5.20213.749\lib\netcoreapp3.0\ro\C1.WPF.FlexGridFilter.4.5.2.resources.dll
1>                  AssetType=resources
1>                  CopyLocal=true
1>                  Culture=ro
1>                  DestinationSubDirectory=ro\
1>                  DestinationSubPath=ro\C1.WPF.FlexGridFilter.4.5.2.resources.dll
1>                  NuGetPackageId=C1.Xaml.WPF.FlexGridFilter
1>                  NuGetPackageVersion=4.5.20213.749
1>                  PathInPackage=lib/netcoreapp3.0/ro/C1.WPF.FlexGridFilter.4.5.2.resources.dll
1>          C:\Users\hansnguyen\.nuget\packages\c1.xaml.wpf.flexgridfilter\4.5.20213.749\lib\netcoreapp3.0\ru\C1.WPF.FlexGridFilter.4.5.2.resources.dll
1>                  AssetType=resources
1>                  CopyLocal=true
1>                  Culture=ru
1>                  DestinationSubDirectory=ru\
1>                  DestinationSubPath=ru\C1.WPF.FlexGridFilter.4.5.2.resources.dll
1>                  NuGetPackageId=C1.Xaml.WPF.FlexGridFilter
1>                  NuGetPackageVersion=4.5.20213.749
1>                  PathInPackage=lib/netcoreapp3.0/ru/C1.WPF.FlexGridFilter.4.5.2.resources.dll
1>          C:\Users\hansnguyen\.nuget\packages\c1.xaml.wpf.flexgridfilter\4.5.20213.749\lib\netcoreapp3.0\sk\C1.WPF.FlexGridFilter.4.5.2.resources.dll
1>                  AssetType=resources
1>                  CopyLocal=true
1>                  Culture=sk
1>                  DestinationSubDirectory=sk\
1>                  DestinationSubPath=sk\C1.WPF.FlexGridFilter.4.5.2.resources.dll
1>                  NuGetPackageId=C1.Xaml.WPF.FlexGridFilter
1>                  NuGetPackageVersion=4.5.20213.749
1>                  PathInPackage=lib/netcoreapp3.0/sk/C1.WPF.FlexGridFilter.4.5.2.resources.dll
1>          C:\Users\hansnguyen\.nuget\packages\c1.xaml.wpf.flexgridfilter\4.5.20213.749\lib\netcoreapp3.0\sv\C1.WPF.FlexGridFilter.4.5.2.resources.dll
1>                  AssetType=resources
1>                  CopyLocal=true
1>                  Culture=sv
1>                  DestinationSubDirectory=sv\
1>                  DestinationSubPath=sv\C1.WPF.FlexGridFilter.4.5.2.resources.dll
1>                  NuGetPackageId=C1.Xaml.WPF.FlexGridFilter
1>                  NuGetPackageVersion=4.5.20213.749
1>                  PathInPackage=lib/netcoreapp3.0/sv/C1.WPF.FlexGridFilter.4.5.2.resources.dll
1>          C:\Users\hansnguyen\.nuget\packages\c1.xaml.wpf.flexgridfilter\4.5.20213.749\lib\netcoreapp3.0\tr\C1.WPF.FlexGridFilter.4.5.2.resources.dll
1>                  AssetType=resources
1>                  CopyLocal=true
1>                  Culture=tr
1>                  DestinationSubDirectory=tr\
1>                  DestinationSubPath=tr\C1.WPF.FlexGridFilter.4.5.2.resources.dll
1>                  NuGetPackageId=C1.Xaml.WPF.FlexGridFilter
1>                  NuGetPackageVersion=4.5.20213.749
1>                  PathInPackage=lib/netcoreapp3.0/tr/C1.WPF.FlexGridFilter.4.5.2.resources.dll
1>          C:\Users\hansnguyen\.nuget\packages\c1.xaml.wpf.flexgridfilter\4.5.20213.749\lib\netcoreapp3.0\zh-Hans\C1.WPF.FlexGridFilter.4.5.2.resources.dll
1>                  AssetType=resources
1>                  CopyLocal=true
1>                  Culture=zh-Hans
1>                  DestinationSubDirectory=zh-Hans\
1>                  DestinationSubPath=zh-Hans\C1.WPF.FlexGridFilter.4.5.2.resources.dll
1>                  NuGetPackageId=C1.Xaml.WPF.FlexGridFilter
1>                  NuGetPackageVersion=4.5.20213.749
1>                  PathInPackage=lib/netcoreapp3.0/zh-Hans/C1.WPF.FlexGridFilter.4.5.2.resources.dll
1>          C:\Users\hansnguyen\.nuget\packages\c1.xaml.wpf.flexgridfilter\4.5.20213.749\lib\netcoreapp3.0\zh-Hant\C1.WPF.FlexGridFilter.4.5.2.resources.dll
1>                  AssetType=resources
1>                  CopyLocal=true
1>                  Culture=zh-Hant
1>                  DestinationSubDirectory=zh-Hant\
1>                  DestinationSubPath=zh-Hant\C1.WPF.FlexGridFilter.4.5.2.resources.dll
1>                  NuGetPackageId=C1.Xaml.WPF.FlexGridFilter
1>                  NuGetPackageVersion=4.5.20213.749
1>                  PathInPackage=lib/netcoreapp3.0/zh-Hant/C1.WPF.FlexGridFilter.4.5.2.resources.dll
1>          C:\Users\hansnguyen\.nuget\packages\c1.xaml.wpf.flexgridfilter\4.5.20213.749\lib\netcoreapp3.0\zh\C1.WPF.FlexGridFilter.4.5.2.resources.dll
1>                  AssetType=resources
1>                  CopyLocal=true
1>                  Culture=zh
1>                  DestinationSubDirectory=zh\
1>                  DestinationSubPath=zh\C1.WPF.FlexGridFilter.4.5.2.resources.dll
1>                  NuGetPackageId=C1.Xaml.WPF.FlexGridFilter
1>                  NuGetPackageVersion=4.5.20213.749
1>                  PathInPackage=lib/netcoreapp3.0/zh/C1.WPF.FlexGridFilter.4.5.2.resources.dll
1>  Added Item(s): 
1>      ReferenceCopyLocalPaths=
1>          C:\Users\hansnguyen\.nuget\packages\c1.xaml.wpf\4.5.20213.749\lib\netcoreapp3.0\C1.WPF.4.5.2.dll
1>                  AssetType=runtime
1>                  CopyLocal=true
1>                  DestinationSubPath=C1.WPF.4.5.2.dll
1>                  NuGetPackageId=C1.Xaml.WPF
1>                  NuGetPackageVersion=4.5.20213.749
1>                  PathInPackage=lib/netcoreapp3.0/C1.WPF.4.5.2.dll
1>          C:\Users\hansnguyen\.nuget\packages\c1.xaml.wpf.datetimeeditors\4.5.20213.749\lib\netcoreapp3.0\C1.WPF.DateTimeEditors.4.5.2.dll
1>                  AssetType=runtime
1>                  CopyLocal=true
1>                  DestinationSubPath=C1.WPF.DateTimeEditors.4.5.2.dll
1>                  NuGetPackageId=C1.Xaml.WPF.DateTimeEditors
1>                  NuGetPackageVersion=4.5.20213.749
1>                  PathInPackage=lib/netcoreapp3.0/C1.WPF.DateTimeEditors.4.5.2.dll
1>          C:\Users\hansnguyen\.nuget\packages\c1.xaml.wpf.flexgrid\4.5.20213.749\lib\netcoreapp3.0\C1.WPF.FlexGrid.4.5.2.dll
1>                  AssetType=runtime
1>                  CopyLocal=true
1>                  DestinationSubPath=C1.WPF.FlexGrid.4.5.2.dll
1>                  NuGetPackageId=C1.Xaml.WPF.FlexGrid
1>                  NuGetPackageVersion=4.5.20213.749
1>                  PathInPackage=lib/netcoreapp3.0/C1.WPF.FlexGrid.4.5.2.dll
1>          C:\Users\hansnguyen\.nuget\packages\c1.xaml.wpf.flexgrid.grouppanel\4.5.20213.749\lib\netcoreapp3.0\C1.WPF.FlexGrid.GroupPanel.4.5.2.dll
1>                  AssetType=runtime
1>                  CopyLocal=true
1>                  DestinationSubPath=C1.WPF.FlexGrid.GroupPanel.4.5.2.dll
1>                  NuGetPackageId=C1.Xaml.WPF.FlexGrid.GroupPanel
1>                  NuGetPackageVersion=4.5.20213.749
1>                  PathInPackage=lib/netcoreapp3.0/C1.WPF.FlexGrid.GroupPanel.4.5.2.dll
1>          C:\Users\hansnguyen\.nuget\packages\c1.xaml.wpf.flexgridfilter\4.5.20213.749\lib\netcoreapp3.0\C1.WPF.FlexGridFilter.4.5.2.dll
1>                  AssetType=runtime
1>                  CopyLocal=true
1>                  DestinationSubPath=C1.WPF.FlexGridFilter.4.5.2.dll
1>                  NuGetPackageId=C1.Xaml.WPF.FlexGridFilter
1>                  NuGetPackageVersion=4.5.20213.749
1>                  PathInPackage=lib/netcoreapp3.0/C1.WPF.FlexGridFilter.4.5.2.dll
1>          C:\Users\hansnguyen\.nuget\packages\c1.xaml.wpf.toolbar\4.5.20213.749\lib\netcoreapp3.0\C1.WPF.Toolbar.4.5.2.dll
1>                  AssetType=runtime
1>                  CopyLocal=true
1>                  DestinationSubPath=C1.WPF.Toolbar.4.5.2.dll
1>                  NuGetPackageId=C1.Xaml.WPF.Toolbar
1>                  NuGetPackageVersion=4.5.20213.749
1>                  PathInPackage=lib/netcoreapp3.0/C1.WPF.Toolbar.4.5.2.dll
1>          C:\Users\hansnguyen\.nuget\packages\c1.xaml.wpf\4.5.20213.749\lib\netcoreapp3.0\ar\C1.WPF.4.5.2.resources.dll
1>                  AssetType=resources
1>                  CopyLocal=true
1>                  Culture=ar
1>                  DestinationSubDirectory=ar\
1>                  DestinationSubPath=ar\C1.WPF.4.5.2.resources.dll
1>                  NuGetPackageId=C1.Xaml.WPF
1>                  NuGetPackageVersion=4.5.20213.749
1>                  PathInPackage=lib/netcoreapp3.0/ar/C1.WPF.4.5.2.resources.dll
1>          C:\Users\hansnguyen\.nuget\packages\c1.xaml.wpf\4.5.20213.749\lib\netcoreapp3.0\cs\C1.WPF.4.5.2.resources.dll
1>                  AssetType=resources
1>                  CopyLocal=true
1>                  Culture=cs
1>                  DestinationSubDirectory=cs\
1>                  DestinationSubPath=cs\C1.WPF.4.5.2.resources.dll
1>                  NuGetPackageId=C1.Xaml.WPF
1>                  NuGetPackageVersion=4.5.20213.749
1>                  PathInPackage=lib/netcoreapp3.0/cs/C1.WPF.4.5.2.resources.dll
1>          C:\Users\hansnguyen\.nuget\packages\c1.xaml.wpf\4.5.20213.749\lib\netcoreapp3.0\da\C1.WPF.4.5.2.resources.dll
1>                  AssetType=resources
1>                  CopyLocal=true
1>                  Culture=da
1>                  DestinationSubDirectory=da\
1>                  DestinationSubPath=da\C1.WPF.4.5.2.resources.dll
1>                  NuGetPackageId=C1.Xaml.WPF
1>                  NuGetPackageVersion=4.5.20213.749
1>                  PathInPackage=lib/netcoreapp3.0/da/C1.WPF.4.5.2.resources.dll
1>          C:\Users\hansnguyen\.nuget\packages\c1.xaml.wpf\4.5.20213.749\lib\netcoreapp3.0\de\C1.WPF.4.5.2.resources.dll
1>                  AssetType=resources
1>                  CopyLocal=true
1>                  Culture=de
1>                  DestinationSubDirectory=de\
1>                  DestinationSubPath=de\C1.WPF.4.5.2.resources.dll
1>                  NuGetPackageId=C1.Xaml.WPF
1>                  NuGetPackageVersion=4.5.20213.749
1>                  PathInPackage=lib/netcoreapp3.0/de/C1.WPF.4.5.2.resources.dll
1>          C:\Users\hansnguyen\.nuget\packages\c1.xaml.wpf\4.5.20213.749\lib\netcoreapp3.0\el\C1.WPF.4.5.2.resources.dll
1>                  AssetType=resources
1>                  CopyLocal=true
1>                  Culture=el
1>                  DestinationSubDirectory=el\
1>                  DestinationSubPath=el\C1.WPF.4.5.2.resources.dll
1>                  NuGetPackageId=C1.Xaml.WPF
1>                  NuGetPackageVersion=4.5.20213.749
1>                  PathInPackage=lib/netcoreapp3.0/el/C1.WPF.4.5.2.resources.dll
1>          C:\Users\hansnguyen\.nuget\packages\c1.xaml.wpf\4.5.20213.749\lib\netcoreapp3.0\es\C1.WPF.4.5.2.resources.dll
1>                  AssetType=resources
1>                  CopyLocal=true
1>                  Culture=es
1>                  DestinationSubDirectory=es\
1>                  DestinationSubPath=es\C1.WPF.4.5.2.resources.dll
1>                  NuGetPackageId=C1.Xaml.WPF
1>                  NuGetPackageVersion=4.5.20213.749
1>                  PathInPackage=lib/netcoreapp3.0/es/C1.WPF.4.5.2.resources.dll
1>          C:\Users\hansnguyen\.nuget\packages\c1.xaml.wpf\4.5.20213.749\lib\netcoreapp3.0\fi\C1.WPF.4.5.2.resources.dll
1>                  AssetType=resources
1>                  CopyLocal=true
1>                  Culture=fi
1>                  DestinationSubDirectory=fi\
1>                  DestinationSubPath=fi\C1.WPF.4.5.2.resources.dll
1>                  NuGetPackageId=C1.Xaml.WPF
1>                  NuGetPackageVersion=4.5.20213.749
1>                  PathInPackage=lib/netcoreapp3.0/fi/C1.WPF.4.5.2.resources.dll
1>          C:\Users\hansnguyen\.nuget\packages\c1.xaml.wpf\4.5.20213.749\lib\netcoreapp3.0\fr\C1.WPF.4.5.2.resources.dll
1>                  AssetType=resources
1>                  CopyLocal=true
1>                  Culture=fr
1>                  DestinationSubDirectory=fr\
1>                  DestinationSubPath=fr\C1.WPF.4.5.2.resources.dll
1>                  NuGetPackageId=C1.Xaml.WPF
1>                  NuGetPackageVersion=4.5.20213.749
1>                  PathInPackage=lib/netcoreapp3.0/fr/C1.WPF.4.5.2.resources.dll
1>          C:\Users\hansnguyen\.nuget\packages\c1.xaml.wpf\4.5.20213.749\lib\netcoreapp3.0\he\C1.WPF.4.5.2.resources.dll
1>                  AssetType=resources
1>                  CopyLocal=true
1>                  Culture=he
1>                  DestinationSubDirectory=he\
1>                  DestinationSubPath=he\C1.WPF.4.5.2.resources.dll
1>                  NuGetPackageId=C1.Xaml.WPF
1>                  NuGetPackageVersion=4.5.20213.749
1>                  PathInPackage=lib/netcoreapp3.0/he/C1.WPF.4.5.2.resources.dll
1>          C:\Users\hansnguyen\.nuget\packages\c1.xaml.wpf\4.5.20213.749\lib\netcoreapp3.0\it\C1.WPF.4.5.2.resources.dll
1>                  AssetType=resources
1>                  CopyLocal=true
1>                  Culture=it
1>                  DestinationSubDirectory=it\
1>                  DestinationSubPath=it\C1.WPF.4.5.2.resources.dll
1>                  NuGetPackageId=C1.Xaml.WPF
1>                  NuGetPackageVersion=4.5.20213.749
1>                  PathInPackage=lib/netcoreapp3.0/it/C1.WPF.4.5.2.resources.dll
1>          C:\Users\hansnguyen\.nuget\packages\c1.xaml.wpf\4.5.20213.749\lib\netcoreapp3.0\ja\C1.WPF.4.5.2.resources.dll
1>                  AssetType=resources
1>                  CopyLocal=true
1>                  Culture=ja
1>                  DestinationSubDirectory=ja\
1>                  DestinationSubPath=ja\C1.WPF.4.5.2.resources.dll
1>                  NuGetPackageId=C1.Xaml.WPF
1>                  NuGetPackageVersion=4.5.20213.749
1>                  PathInPackage=lib/netcoreapp3.0/ja/C1.WPF.4.5.2.resources.dll
1>          C:\Users\hansnguyen\.nuget\packages\c1.xaml.wpf\4.5.20213.749\lib\netcoreapp3.0\ko\C1.WPF.4.5.2.resources.dll
1>                  AssetType=resources
1>                  CopyLocal=true
1>                  Culture=ko
1>                  DestinationSubDirectory=ko\
1>                  DestinationSubPath=ko\C1.WPF.4.5.2.resources.dll
1>                  NuGetPackageId=C1.Xaml.WPF
1>                  NuGetPackageVersion=4.5.20213.749
1>                  PathInPackage=lib/netcoreapp3.0/ko/C1.WPF.4.5.2.resources.dll
1>          C:\Users\hansnguyen\.nuget\packages\c1.xaml.wpf\4.5.20213.749\lib\netcoreapp3.0\nl\C1.WPF.4.5.2.resources.dll
1>                  AssetType=resources
1>                  CopyLocal=true
1>                  Culture=nl
1>                  DestinationSubDirectory=nl\
1>                  DestinationSubPath=nl\C1.WPF.4.5.2.resources.dll
1>                  NuGetPackageId=C1.Xaml.WPF
1>                  NuGetPackageVersion=4.5.20213.749
1>                  PathInPackage=lib/netcoreapp3.0/nl/C1.WPF.4.5.2.resources.dll
1>          C:\Users\hansnguyen\.nuget\packages\c1.xaml.wpf\4.5.20213.749\lib\netcoreapp3.0\no\C1.WPF.4.5.2.resources.dll
1>                  AssetType=resources
1>                  CopyLocal=true
1>                  Culture=no
1>                  DestinationSubDirectory=no\
1>                  DestinationSubPath=no\C1.WPF.4.5.2.resources.dll
1>                  NuGetPackageId=C1.Xaml.WPF
1>                  NuGetPackageVersion=4.5.20213.749
1>                  PathInPackage=lib/netcoreapp3.0/no/C1.WPF.4.5.2.resources.dll
1>          C:\Users\hansnguyen\.nuget\packages\c1.xaml.wpf\4.5.20213.749\lib\netcoreapp3.0\pl\C1.WPF.4.5.2.resources.dll
1>                  AssetType=resources
1>                  CopyLocal=true
1>                  Culture=pl
1>                  DestinationSubDirectory=pl\
1>                  DestinationSubPath=pl\C1.WPF.4.5.2.resources.dll
1>                  NuGetPackageId=C1.Xaml.WPF
1>                  NuGetPackageVersion=4.5.20213.749
1>                  PathInPackage=lib/netcoreapp3.0/pl/C1.WPF.4.5.2.resources.dll
1>          C:\Users\hansnguyen\.nuget\packages\c1.xaml.wpf\4.5.20213.749\lib\netcoreapp3.0\pt\C1.WPF.4.5.2.resources.dll
1>                  AssetType=resources
1>                  CopyLocal=true
1>                  Culture=pt
1>                  DestinationSubDirectory=pt\
1>                  DestinationSubPath=pt\C1.WPF.4.5.2.resources.dll
1>                  NuGetPackageId=C1.Xaml.WPF
1>                  NuGetPackageVersion=4.5.20213.749
1>                  PathInPackage=lib/netcoreapp3.0/pt/C1.WPF.4.5.2.resources.dll
1>          C:\Users\hansnguyen\.nuget\packages\c1.xaml.wpf\4.5.20213.749\lib\netcoreapp3.0\ro\C1.WPF.4.5.2.resources.dll
1>                  AssetType=resources
1>                  CopyLocal=true
1>                  Culture=ro
1>                  DestinationSubDirectory=ro\
1>                  DestinationSubPath=ro\C1.WPF.4.5.2.resources.dll
1>                  NuGetPackageId=C1.Xaml.WPF
1>                  NuGetPackageVersion=4.5.20213.749
1>                  PathInPackage=lib/netcoreapp3.0/ro/C1.WPF.4.5.2.resources.dll
1>          C:\Users\hansnguyen\.nuget\packages\c1.xaml.wpf\4.5.20213.749\lib\netcoreapp3.0\ru\C1.WPF.4.5.2.resources.dll
1>                  AssetType=resources
1>                  CopyLocal=true
1>                  Culture=ru
1>                  DestinationSubDirectory=ru\
1>                  DestinationSubPath=ru\C1.WPF.4.5.2.resources.dll
1>                  NuGetPackageId=C1.Xaml.WPF
1>                  NuGetPackageVersion=4.5.20213.749
1>                  PathInPackage=lib/netcoreapp3.0/ru/C1.WPF.4.5.2.resources.dll
1>          C:\Users\hansnguyen\.nuget\packages\c1.xaml.wpf\4.5.20213.749\lib\netcoreapp3.0\sk\C1.WPF.4.5.2.resources.dll
1>                  AssetType=resources
1>                  CopyLocal=true
1>                  Culture=sk
1>                  DestinationSubDirectory=sk\
1>                  DestinationSubPath=sk\C1.WPF.4.5.2.resources.dll
1>                  NuGetPackageId=C1.Xaml.WPF
1>                  NuGetPackageVersion=4.5.20213.749
1>                  PathInPackage=lib/netcoreapp3.0/sk/C1.WPF.4.5.2.resources.dll
1>          C:\Users\hansnguyen\.nuget\packages\c1.xaml.wpf\4.5.20213.749\lib\netcoreapp3.0\sv\C1.WPF.4.5.2.resources.dll
1>                  AssetType=resources
1>                  CopyLocal=true
1>                  Culture=sv
1>                  DestinationSubDirectory=sv\
1>                  DestinationSubPath=sv\C1.WPF.4.5.2.resources.dll
1>                  NuGetPackageId=C1.Xaml.WPF
1>                  NuGetPackageVersion=4.5.20213.749
1>                  PathInPackage=lib/netcoreapp3.0/sv/C1.WPF.4.5.2.resources.dll
1>          C:\Users\hansnguyen\.nuget\packages\c1.xaml.wpf\4.5.20213.749\lib\netcoreapp3.0\tr\C1.WPF.4.5.2.resources.dll
1>                  AssetType=resources
1>                  CopyLocal=true
1>                  Culture=tr
1>                  DestinationSubDirectory=tr\
1>                  DestinationSubPath=tr\C1.WPF.4.5.2.resources.dll
1>                  NuGetPackageId=C1.Xaml.WPF
1>                  NuGetPackageVersion=4.5.20213.749
1>                  PathInPackage=lib/netcoreapp3.0/tr/C1.WPF.4.5.2.resources.dll
1>          C:\Users\hansnguyen\.nuget\packages\c1.xaml.wpf\4.5.20213.749\lib\netcoreapp3.0\zh-Hans\C1.WPF.4.5.2.resources.dll
1>                  AssetType=resources
1>                  CopyLocal=true
1>                  Culture=zh-Hans
1>                  DestinationSubDirectory=zh-Hans\
1>                  DestinationSubPath=zh-Hans\C1.WPF.4.5.2.resources.dll
1>                  NuGetPackageId=C1.Xaml.WPF
1>                  NuGetPackageVersion=4.5.20213.749
1>                  PathInPackage=lib/netcoreapp3.0/zh-Hans/C1.WPF.4.5.2.resources.dll
1>          C:\Users\hansnguyen\.nuget\packages\c1.xaml.wpf\4.5.20213.749\lib\netcoreapp3.0\zh-Hant\C1.WPF.4.5.2.resources.dll
1>                  AssetType=resources
1>                  CopyLocal=true
1>                  Culture=zh-Hant
1>                  DestinationSubDirectory=zh-Hant\
1>                  DestinationSubPath=zh-Hant\C1.WPF.4.5.2.resources.dll
1>                  NuGetPackageId=C1.Xaml.WPF
1>                  NuGetPackageVersion=4.5.20213.749
1>                  PathInPackage=lib/netcoreapp3.0/zh-Hant/C1.WPF.4.5.2.resources.dll
1>          C:\Users\hansnguyen\.nuget\packages\c1.xaml.wpf\4.5.20213.749\lib\netcoreapp3.0\zh\C1.WPF.4.5.2.resources.dll
1>                  AssetType=resources
1>                  CopyLocal=true
1>                  Culture=zh
1>                  DestinationSubDirectory=zh\
1>                  DestinationSubPath=zh\C1.WPF.4.5.2.resources.dll
1>                  NuGetPackageId=C1.Xaml.WPF
1>                  NuGetPackageVersion=4.5.20213.749
1>                  PathInPackage=lib/netcoreapp3.0/zh/C1.WPF.4.5.2.resources.dll
1>          C:\Users\hansnguyen\.nuget\packages\c1.xaml.wpf.flexgrid.grouppanel\4.5.20213.749\lib\netcoreapp3.0\ar\C1.WPF.FlexGrid.GroupPanel.4.5.2.resources.dll
1>                  AssetType=resources
1>                  CopyLocal=true
1>                  Culture=ar
1>                  DestinationSubDirectory=ar\
1>                  DestinationSubPath=ar\C1.WPF.FlexGrid.GroupPanel.4.5.2.resources.dll
1>                  NuGetPackageId=C1.Xaml.WPF.FlexGrid.GroupPanel
1>                  NuGetPackageVersion=4.5.20213.749
1>                  PathInPackage=lib/netcoreapp3.0/ar/C1.WPF.FlexGrid.GroupPanel.4.5.2.resources.dll
1>          C:\Users\hansnguyen\.nuget\packages\c1.xaml.wpf.flexgrid.grouppanel\4.5.20213.749\lib\netcoreapp3.0\cs\C1.WPF.FlexGrid.GroupPanel.4.5.2.resources.dll
1>                  AssetType=resources
1>                  CopyLocal=true
1>                  Culture=cs
1>                  DestinationSubDirectory=cs\
1>                  DestinationSubPath=cs\C1.WPF.FlexGrid.GroupPanel.4.5.2.resources.dll
1>                  NuGetPackageId=C1.Xaml.WPF.FlexGrid.GroupPanel
1>                  NuGetPackageVersion=4.5.20213.749
1>                  PathInPackage=lib/netcoreapp3.0/cs/C1.WPF.FlexGrid.GroupPanel.4.5.2.resources.dll
1>          C:\Users\hansnguyen\.nuget\packages\c1.xaml.wpf.flexgrid.grouppanel\4.5.20213.749\lib\netcoreapp3.0\da\C1.WPF.FlexGrid.GroupPanel.4.5.2.resources.dll
1>                  AssetType=resources
1>                  CopyLocal=true
1>                  Culture=da
1>                  DestinationSubDirectory=da\
1>                  DestinationSubPath=da\C1.WPF.FlexGrid.GroupPanel.4.5.2.resources.dll
1>                  NuGetPackageId=C1.Xaml.WPF.FlexGrid.GroupPanel
1>                  NuGetPackageVersion=4.5.20213.749
1>                  PathInPackage=lib/netcoreapp3.0/da/C1.WPF.FlexGrid.GroupPanel.4.5.2.resources.dll
1>          C:\Users\hansnguyen\.nuget\packages\c1.xaml.wpf.flexgrid.grouppanel\4.5.20213.749\lib\netcoreapp3.0\de\C1.WPF.FlexGrid.GroupPanel.4.5.2.resources.dll
1>                  AssetType=resources
1>                  CopyLocal=true
1>                  Culture=de
1>                  DestinationSubDirectory=de\
1>                  DestinationSubPath=de\C1.WPF.FlexGrid.GroupPanel.4.5.2.resources.dll
1>                  NuGetPackageId=C1.Xaml.WPF.FlexGrid.GroupPanel
1>                  NuGetPackageVersion=4.5.20213.749
1>                  PathInPackage=lib/netcoreapp3.0/de/C1.WPF.FlexGrid.GroupPanel.4.5.2.resources.dll
1>          C:\Users\hansnguyen\.nuget\packages\c1.xaml.wpf.flexgrid.grouppanel\4.5.20213.749\lib\netcoreapp3.0\el\C1.WPF.FlexGrid.GroupPanel.4.5.2.resources.dll
1>                  AssetType=resources
1>                  CopyLocal=true
1>                  Culture=el
1>                  DestinationSubDirectory=el\
1>                  DestinationSubPath=el\C1.WPF.FlexGrid.GroupPanel.4.5.2.resources.dll
1>                  NuGetPackageId=C1.Xaml.WPF.FlexGrid.GroupPanel
1>                  NuGetPackageVersion=4.5.20213.749
1>                  PathInPackage=lib/netcoreapp3.0/el/C1.WPF.FlexGrid.GroupPanel.4.5.2.resources.dll
1>          C:\Users\hansnguyen\.nuget\packages\c1.xaml.wpf.flexgrid.grouppanel\4.5.20213.749\lib\netcoreapp3.0\es\C1.WPF.FlexGrid.GroupPanel.4.5.2.resources.dll
1>                  AssetType=resources
1>                  CopyLocal=true
1>                  Culture=es
1>                  DestinationSubDirectory=es\
1>                  DestinationSubPath=es\C1.WPF.FlexGrid.GroupPanel.4.5.2.resources.dll
1>                  NuGetPackageId=C1.Xaml.WPF.FlexGrid.GroupPanel
1>                  NuGetPackageVersion=4.5.20213.749
1>                  PathInPackage=lib/netcoreapp3.0/es/C1.WPF.FlexGrid.GroupPanel.4.5.2.resources.dll
1>          C:\Users\hansnguyen\.nuget\packages\c1.xaml.wpf.flexgrid.grouppanel\4.5.20213.749\lib\netcoreapp3.0\fi\C1.WPF.FlexGrid.GroupPanel.4.5.2.resources.dll
1>                  AssetType=resources
1>                  CopyLocal=true
1>                  Culture=fi
1>                  DestinationSubDirectory=fi\
1>                  DestinationSubPath=fi\C1.WPF.FlexGrid.GroupPanel.4.5.2.resources.dll
1>                  NuGetPackageId=C1.Xaml.WPF.FlexGrid.GroupPanel
1>                  NuGetPackageVersion=4.5.20213.749
1>                  PathInPackage=lib/netcoreapp3.0/fi/C1.WPF.FlexGrid.GroupPanel.4.5.2.resources.dll
1>          C:\Users\hansnguyen\.nuget\packages\c1.xaml.wpf.flexgrid.grouppanel\4.5.20213.749\lib\netcoreapp3.0\fr\C1.WPF.FlexGrid.GroupPanel.4.5.2.resources.dll
1>                  AssetType=resources
1>                  CopyLocal=true
1>                  Culture=fr
1>                  DestinationSubDirectory=fr\
1>                  DestinationSubPath=fr\C1.WPF.FlexGrid.GroupPanel.4.5.2.resources.dll
1>                  NuGetPackageId=C1.Xaml.WPF.FlexGrid.GroupPanel
1>                  NuGetPackageVersion=4.5.20213.749
1>                  PathInPackage=lib/netcoreapp3.0/fr/C1.WPF.FlexGrid.GroupPanel.4.5.2.resources.dll
1>          C:\Users\hansnguyen\.nuget\packages\c1.xaml.wpf.flexgrid.grouppanel\4.5.20213.749\lib\netcoreapp3.0\he\C1.WPF.FlexGrid.GroupPanel.4.5.2.resources.dll
1>                  AssetType=resources
1>                  CopyLocal=true
1>                  Culture=he
1>                  DestinationSubDirectory=he\
1>                  DestinationSubPath=he\C1.WPF.FlexGrid.GroupPanel.4.5.2.resources.dll
1>                  NuGetPackageId=C1.Xaml.WPF.FlexGrid.GroupPanel
1>                  NuGetPackageVersion=4.5.20213.749
1>                  PathInPackage=lib/netcoreapp3.0/he/C1.WPF.FlexGrid.GroupPanel.4.5.2.resources.dll
1>          C:\Users\hansnguyen\.nuget\packages\c1.xaml.wpf.flexgrid.grouppanel\4.5.20213.749\lib\netcoreapp3.0\hi\C1.WPF.FlexGrid.GroupPanel.4.5.2.resources.dll
1>                  AssetType=resources
1>                  CopyLocal=true
1>                  Culture=hi
1>                  DestinationSubDirectory=hi\
1>                  DestinationSubPath=hi\C1.WPF.FlexGrid.GroupPanel.4.5.2.resources.dll
1>                  NuGetPackageId=C1.Xaml.WPF.FlexGrid.GroupPanel
1>                  NuGetPackageVersion=4.5.20213.749
1>                  PathInPackage=lib/netcoreapp3.0/hi/C1.WPF.FlexGrid.GroupPanel.4.5.2.resources.dll
1>          C:\Users\hansnguyen\.nuget\packages\c1.xaml.wpf.flexgrid.grouppanel\4.5.20213.749\lib\netcoreapp3.0\it\C1.WPF.FlexGrid.GroupPanel.4.5.2.resources.dll
1>                  AssetType=resources
1>                  CopyLocal=true
1>                  Culture=it
1>                  DestinationSubDirectory=it\
1>                  DestinationSubPath=it\C1.WPF.FlexGrid.GroupPanel.4.5.2.resources.dll
1>                  NuGetPackageId=C1.Xaml.WPF.FlexGrid.GroupPanel
1>                  NuGetPackageVersion=4.5.20213.749
1>                  PathInPackage=lib/netcoreapp3.0/it/C1.WPF.FlexGrid.GroupPanel.4.5.2.resources.dll
1>          C:\Users\hansnguyen\.nuget\packages\c1.xaml.wpf.flexgrid.grouppanel\4.5.20213.749\lib\netcoreapp3.0\ja\C1.WPF.FlexGrid.GroupPanel.4.5.2.resources.dll
1>                  AssetType=resources
1>                  CopyLocal=true
1>                  Culture=ja
1>                  DestinationSubDirectory=ja\
1>                  DestinationSubPath=ja\C1.WPF.FlexGrid.GroupPanel.4.5.2.resources.dll
1>                  NuGetPackageId=C1.Xaml.WPF.FlexGrid.GroupPanel
1>                  NuGetPackageVersion=4.5.20213.749
1>                  PathInPackage=lib/netcoreapp3.0/ja/C1.WPF.FlexGrid.GroupPanel.4.5.2.resources.dll
1>          C:\Users\hansnguyen\.nuget\packages\c1.xaml.wpf.flexgrid.grouppanel\4.5.20213.749\lib\netcoreapp3.0\ko\C1.WPF.FlexGrid.GroupPanel.4.5.2.resources.dll
1>                  AssetType=resources
1>                  CopyLocal=true
1>                  Culture=ko
1>                  DestinationSubDirectory=ko\
1>                  DestinationSubPath=ko\C1.WPF.FlexGrid.GroupPanel.4.5.2.resources.dll
1>                  NuGetPackageId=C1.Xaml.WPF.FlexGrid.GroupPanel
1>                  NuGetPackageVersion=4.5.20213.749
1>                  PathInPackage=lib/netcoreapp3.0/ko/C1.WPF.FlexGrid.GroupPanel.4.5.2.resources.dll
1>          C:\Users\hansnguyen\.nuget\packages\c1.xaml.wpf.flexgrid.grouppanel\4.5.20213.749\lib\netcoreapp3.0\nl\C1.WPF.FlexGrid.GroupPanel.4.5.2.resources.dll
1>                  AssetType=resources
1>                  CopyLocal=true
1>                  Culture=nl
1>                  DestinationSubDirectory=nl\
1>                  DestinationSubPath=nl\C1.WPF.FlexGrid.GroupPanel.4.5.2.resources.dll
1>                  NuGetPackageId=C1.Xaml.WPF.FlexGrid.GroupPanel
1>                  NuGetPackageVersion=4.5.20213.749
1>                  PathInPackage=lib/netcoreapp3.0/nl/C1.WPF.FlexGrid.GroupPanel.4.5.2.resources.dll
1>          C:\Users\hansnguyen\.nuget\packages\c1.xaml.wpf.flexgrid.grouppanel\4.5.20213.749\lib\netcoreapp3.0\no\C1.WPF.FlexGrid.GroupPanel.4.5.2.resources.dll
1>                  AssetType=resources
1>                  CopyLocal=true
1>                  Culture=no
1>                  DestinationSubDirectory=no\
1>                  DestinationSubPath=no\C1.WPF.FlexGrid.GroupPanel.4.5.2.resources.dll
1>                  NuGetPackageId=C1.Xaml.WPF.FlexGrid.GroupPanel
1>                  NuGetPackageVersion=4.5.20213.749
1>                  PathInPackage=lib/netcoreapp3.0/no/C1.WPF.FlexGrid.GroupPanel.4.5.2.resources.dll
1>          C:\Users\hansnguyen\.nuget\packages\c1.xaml.wpf.flexgrid.grouppanel\4.5.20213.749\lib\netcoreapp3.0\pl\C1.WPF.FlexGrid.GroupPanel.4.5.2.resources.dll
1>                  AssetType=resources
1>                  CopyLocal=true
1>                  Culture=pl
1>                  DestinationSubDirectory=pl\
1>                  DestinationSubPath=pl\C1.WPF.FlexGrid.GroupPanel.4.5.2.resources.dll
1>                  NuGetPackageId=C1.Xaml.WPF.FlexGrid.GroupPanel
1>                  NuGetPackageVersion=4.5.20213.749
1>                  PathInPackage=lib/netcoreapp3.0/pl/C1.WPF.FlexGrid.GroupPanel.4.5.2.resources.dll
1>          C:\Users\hansnguyen\.nuget\packages\c1.xaml.wpf.flexgrid.grouppanel\4.5.20213.749\lib\netcoreapp3.0\pt\C1.WPF.FlexGrid.GroupPanel.4.5.2.resources.dll
1>                  AssetType=resources
1>                  CopyLocal=true
1>                  Culture=pt
1>                  DestinationSubDirectory=pt\
1>                  DestinationSubPath=pt\C1.WPF.FlexGrid.GroupPanel.4.5.2.resources.dll
1>                  NuGetPackageId=C1.Xaml.WPF.FlexGrid.GroupPanel
1>                  NuGetPackageVersion=4.5.20213.749
1>                  PathInPackage=lib/netcoreapp3.0/pt/C1.WPF.FlexGrid.GroupPanel.4.5.2.resources.dll
1>          C:\Users\hansnguyen\.nuget\packages\c1.xaml.wpf.flexgrid.grouppanel\4.5.20213.749\lib\netcoreapp3.0\ro\C1.WPF.FlexGrid.GroupPanel.4.5.2.resources.dll
1>                  AssetType=resources
1>                  CopyLocal=true
1>                  Culture=ro
1>                  DestinationSubDirectory=ro\
1>                  DestinationSubPath=ro\C1.WPF.FlexGrid.GroupPanel.4.5.2.resources.dll
1>                  NuGetPackageId=C1.Xaml.WPF.FlexGrid.GroupPanel
1>                  NuGetPackageVersion=4.5.20213.749
1>                  PathInPackage=lib/netcoreapp3.0/ro/C1.WPF.FlexGrid.GroupPanel.4.5.2.resources.dll
1>          C:\Users\hansnguyen\.nuget\packages\c1.xaml.wpf.flexgrid.grouppanel\4.5.20213.749\lib\netcoreapp3.0\ru\C1.WPF.FlexGrid.GroupPanel.4.5.2.resources.dll
1>                  AssetType=resources
1>                  CopyLocal=true
1>                  Culture=ru
1>                  DestinationSubDirectory=ru\
1>                  DestinationSubPath=ru\C1.WPF.FlexGrid.GroupPanel.4.5.2.resources.dll
1>                  NuGetPackageId=C1.Xaml.WPF.FlexGrid.GroupPanel
1>                  NuGetPackageVersion=4.5.20213.749
1>                  PathInPackage=lib/netcoreapp3.0/ru/C1.WPF.FlexGrid.GroupPanel.4.5.2.resources.dll
1>          C:\Users\hansnguyen\.nuget\packages\c1.xaml.wpf.flexgrid.grouppanel\4.5.20213.749\lib\netcoreapp3.0\sk\C1.WPF.FlexGrid.GroupPanel.4.5.2.resources.dll
1>                  AssetType=resources
1>                  CopyLocal=true
1>                  Culture=sk
1>                  DestinationSubDirectory=sk\
1>                  DestinationSubPath=sk\C1.WPF.FlexGrid.GroupPanel.4.5.2.resources.dll
1>                  NuGetPackageId=C1.Xaml.WPF.FlexGrid.GroupPanel
1>                  NuGetPackageVersion=4.5.20213.749
1>                  PathInPackage=lib/netcoreapp3.0/sk/C1.WPF.FlexGrid.GroupPanel.4.5.2.resources.dll
1>          C:\Users\hansnguyen\.nuget\packages\c1.xaml.wpf.flexgrid.grouppanel\4.5.20213.749\lib\netcoreapp3.0\sv\C1.WPF.FlexGrid.GroupPanel.4.5.2.resources.dll
1>                  AssetType=resources
1>                  CopyLocal=true
1>                  Culture=sv
1>                  DestinationSubDirectory=sv\
1>                  DestinationSubPath=sv\C1.WPF.FlexGrid.GroupPanel.4.5.2.resources.dll
1>                  NuGetPackageId=C1.Xaml.WPF.FlexGrid.GroupPanel
1>                  NuGetPackageVersion=4.5.20213.749
1>                  PathInPackage=lib/netcoreapp3.0/sv/C1.WPF.FlexGrid.GroupPanel.4.5.2.resources.dll
1>          C:\Users\hansnguyen\.nuget\packages\c1.xaml.wpf.flexgrid.grouppanel\4.5.20213.749\lib\netcoreapp3.0\tr\C1.WPF.FlexGrid.GroupPanel.4.5.2.resources.dll
1>                  AssetType=resources
1>                  CopyLocal=true
1>                  Culture=tr
1>                  DestinationSubDirectory=tr\
1>                  DestinationSubPath=tr\C1.WPF.FlexGrid.GroupPanel.4.5.2.resources.dll
1>                  NuGetPackageId=C1.Xaml.WPF.FlexGrid.GroupPanel
1>                  NuGetPackageVersion=4.5.20213.749
1>                  PathInPackage=lib/netcoreapp3.0/tr/C1.WPF.FlexGrid.GroupPanel.4.5.2.resources.dll
1>          C:\Users\hansnguyen\.nuget\packages\c1.xaml.wpf.flexgrid.grouppanel\4.5.20213.749\lib\netcoreapp3.0\zh-Hans\C1.WPF.FlexGrid.GroupPanel.4.5.2.resources.dll
1>                  AssetType=resources
1>                  CopyLocal=true
1>                  Culture=zh-Hans
1>                  DestinationSubDirectory=zh-Hans\
1>                  DestinationSubPath=zh-Hans\C1.WPF.FlexGrid.GroupPanel.4.5.2.resources.dll
1>                  NuGetPackageId=C1.Xaml.WPF.FlexGrid.GroupPanel
1>                  NuGetPackageVersion=4.5.20213.749
1>                  PathInPackage=lib/netcoreapp3.0/zh-Hans/C1.WPF.FlexGrid.GroupPanel.4.5.2.resources.dll
1>          C:\Users\hansnguyen\.nuget\packages\c1.xaml.wpf.flexgrid.grouppanel\4.5.20213.749\lib\netcoreapp3.0\zh-Hant\C1.WPF.FlexGrid.GroupPanel.4.5.2.resources.dll
1>                  AssetType=resources
1>                  CopyLocal=true
1>                  Culture=zh-Hant
1>                  DestinationSubDirectory=zh-Hant\
1>                  DestinationSubPath=zh-Hant\C1.WPF.FlexGrid.GroupPanel.4.5.2.resources.dll
1>                  NuGetPackageId=C1.Xaml.WPF.FlexGrid.GroupPanel
1>                  NuGetPackageVersion=4.5.20213.749
1>                  PathInPackage=lib/netcoreapp3.0/zh-Hant/C1.WPF.FlexGrid.GroupPanel.4.5.2.resources.dll
1>          C:\Users\hansnguyen\.nuget\packages\c1.xaml.wpf.flexgrid.grouppanel\4.5.20213.749\lib\netcoreapp3.0\zh\C1.WPF.FlexGrid.GroupPanel.4.5.2.resources.dll
1>                  AssetType=resources
1>                  CopyLocal=true
1>                  Culture=zh
1>                  DestinationSubDirectory=zh\
1>                  DestinationSubPath=zh\C1.WPF.FlexGrid.GroupPanel.4.5.2.resources.dll
1>                  NuGetPackageId=C1.Xaml.WPF.FlexGrid.GroupPanel
1>                  NuGetPackageVersion=4.5.20213.749
1>                  PathInPackage=lib/netcoreapp3.0/zh/C1.WPF.FlexGrid.GroupPanel.4.5.2.resources.dll
1>          C:\Users\hansnguyen\.nuget\packages\c1.xaml.wpf.flexgridfilter\4.5.20213.749\lib\netcoreapp3.0\ar\C1.WPF.FlexGridFilter.4.5.2.resources.dll
1>                  AssetType=resources
1>                  CopyLocal=true
1>                  Culture=ar
1>                  DestinationSubDirectory=ar\
1>                  DestinationSubPath=ar\C1.WPF.FlexGridFilter.4.5.2.resources.dll
1>                  NuGetPackageId=C1.Xaml.WPF.FlexGridFilter
1>                  NuGetPackageVersion=4.5.20213.749
1>                  PathInPackage=lib/netcoreapp3.0/ar/C1.WPF.FlexGridFilter.4.5.2.resources.dll
1>          C:\Users\hansnguyen\.nuget\packages\c1.xaml.wpf.flexgridfilter\4.5.20213.749\lib\netcoreapp3.0\cs\C1.WPF.FlexGridFilter.4.5.2.resources.dll
1>                  AssetType=resources
1>                  CopyLocal=true
1>                  Culture=cs
1>                  DestinationSubDirectory=cs\
1>                  DestinationSubPath=cs\C1.WPF.FlexGridFilter.4.5.2.resources.dll
1>                  NuGetPackageId=C1.Xaml.WPF.FlexGridFilter
1>                  NuGetPackageVersion=4.5.20213.749
1>                  PathInPackage=lib/netcoreapp3.0/cs/C1.WPF.FlexGridFilter.4.5.2.resources.dll
1>          C:\Users\hansnguyen\.nuget\packages\c1.xaml.wpf.flexgridfilter\4.5.20213.749\lib\netcoreapp3.0\da\C1.WPF.FlexGridFilter.4.5.2.resources.dll
1>                  AssetType=resources
1>                  CopyLocal=true
1>                  Culture=da
1>                  DestinationSubDirectory=da\
1>                  DestinationSubPath=da\C1.WPF.FlexGridFilter.4.5.2.resources.dll
1>                  NuGetPackageId=C1.Xaml.WPF.FlexGridFilter
1>                  NuGetPackageVersion=4.5.20213.749
1>                  PathInPackage=lib/netcoreapp3.0/da/C1.WPF.FlexGridFilter.4.5.2.resources.dll
1>          C:\Users\hansnguyen\.nuget\packages\c1.xaml.wpf.flexgridfilter\4.5.20213.749\lib\netcoreapp3.0\de\C1.WPF.FlexGridFilter.4.5.2.resources.dll
1>                  AssetType=resources
1>                  CopyLocal=true
1>                  Culture=de
1>                  DestinationSubDirectory=de\
1>                  DestinationSubPath=de\C1.WPF.FlexGridFilter.4.5.2.resources.dll
1>                  NuGetPackageId=C1.Xaml.WPF.FlexGridFilter
1>                  NuGetPackageVersion=4.5.20213.749
1>                  PathInPackage=lib/netcoreapp3.0/de/C1.WPF.FlexGridFilter.4.5.2.resources.dll
1>          C:\Users\hansnguyen\.nuget\packages\c1.xaml.wpf.flexgridfilter\4.5.20213.749\lib\netcoreapp3.0\el\C1.WPF.FlexGridFilter.4.5.2.resources.dll
1>                  AssetType=resources
1>                  CopyLocal=true
1>                  Culture=el
1>                  DestinationSubDirectory=el\
1>                  DestinationSubPath=el\C1.WPF.FlexGridFilter.4.5.2.resources.dll
1>                  NuGetPackageId=C1.Xaml.WPF.FlexGridFilter
1>                  NuGetPackageVersion=4.5.20213.749
1>                  PathInPackage=lib/netcoreapp3.0/el/C1.WPF.FlexGridFilter.4.5.2.resources.dll
1>          C:\Users\hansnguyen\.nuget\packages\c1.xaml.wpf.flexgridfilter\4.5.20213.749\lib\netcoreapp3.0\es\C1.WPF.FlexGridFilter.4.5.2.resources.dll
1>                  AssetType=resources
1>                  CopyLocal=true
1>                  Culture=es
1>                  DestinationSubDirectory=es\
1>                  DestinationSubPath=es\C1.WPF.FlexGridFilter.4.5.2.resources.dll
1>                  NuGetPackageId=C1.Xaml.WPF.FlexGridFilter
1>                  NuGetPackageVersion=4.5.20213.749
1>                  PathInPackage=lib/netcoreapp3.0/es/C1.WPF.FlexGridFilter.4.5.2.resources.dll
1>          C:\Users\hansnguyen\.nuget\packages\c1.xaml.wpf.flexgridfilter\4.5.20213.749\lib\netcoreapp3.0\fi\C1.WPF.FlexGridFilter.4.5.2.resources.dll
1>                  AssetType=resources
1>                  CopyLocal=true
1>                  Culture=fi
1>                  DestinationSubDirectory=fi\
1>                  DestinationSubPath=fi\C1.WPF.FlexGridFilter.4.5.2.resources.dll
1>                  NuGetPackageId=C1.Xaml.WPF.FlexGridFilter
1>                  NuGetPackageVersion=4.5.20213.749
1>                  PathInPackage=lib/netcoreapp3.0/fi/C1.WPF.FlexGridFilter.4.5.2.resources.dll
1>          C:\Users\hansnguyen\.nuget\packages\c1.xaml.wpf.flexgridfilter\4.5.20213.749\lib\netcoreapp3.0\fr\C1.WPF.FlexGridFilter.4.5.2.resources.dll
1>                  AssetType=resources
1>                  CopyLocal=true
1>                  Culture=fr
1>                  DestinationSubDirectory=fr\
1>                  DestinationSubPath=fr\C1.WPF.FlexGridFilter.4.5.2.resources.dll
1>                  NuGetPackageId=C1.Xaml.WPF.FlexGridFilter
1>                  NuGetPackageVersion=4.5.20213.749
1>                  PathInPackage=lib/netcoreapp3.0/fr/C1.WPF.FlexGridFilter.4.5.2.resources.dll
1>          C:\Users\hansnguyen\.nuget\packages\c1.xaml.wpf.flexgridfilter\4.5.20213.749\lib\netcoreapp3.0\he\C1.WPF.FlexGridFilter.4.5.2.resources.dll
1>                  AssetType=resources
1>                  CopyLocal=true
1>                  Culture=he
1>                  DestinationSubDirectory=he\
1>                  DestinationSubPath=he\C1.WPF.FlexGridFilter.4.5.2.resources.dll
1>                  NuGetPackageId=C1.Xaml.WPF.FlexGridFilter
1>                  NuGetPackageVersion=4.5.20213.749
1>                  PathInPackage=lib/netcoreapp3.0/he/C1.WPF.FlexGridFilter.4.5.2.resources.dll
1>          C:\Users\hansnguyen\.nuget\packages\c1.xaml.wpf.flexgridfilter\4.5.20213.749\lib\netcoreapp3.0\it\C1.WPF.FlexGridFilter.4.5.2.resources.dll
1>                  AssetType=resources
1>                  CopyLocal=true
1>                  Culture=it
1>                  DestinationSubDirectory=it\
1>                  DestinationSubPath=it\C1.WPF.FlexGridFilter.4.5.2.resources.dll
1>                  NuGetPackageId=C1.Xaml.WPF.FlexGridFilter
1>                  NuGetPackageVersion=4.5.20213.749
1>                  PathInPackage=lib/netcoreapp3.0/it/C1.WPF.FlexGridFilter.4.5.2.resources.dll
1>          C:\Users\hansnguyen\.nuget\packages\c1.xaml.wpf.flexgridfilter\4.5.20213.749\lib\netcoreapp3.0\ja\C1.WPF.FlexGridFilter.4.5.2.resources.dll
1>                  AssetType=resources
1>                  CopyLocal=true
1>                  Culture=ja
1>                  DestinationSubDirectory=ja\
1>                  DestinationSubPath=ja\C1.WPF.FlexGridFilter.4.5.2.resources.dll
1>                  NuGetPackageId=C1.Xaml.WPF.FlexGridFilter
1>                  NuGetPackageVersion=4.5.20213.749
1>                  PathInPackage=lib/netcoreapp3.0/ja/C1.WPF.FlexGridFilter.4.5.2.resources.dll
1>          C:\Users\hansnguyen\.nuget\packages\c1.xaml.wpf.flexgridfilter\4.5.20213.749\lib\netcoreapp3.0\ko\C1.WPF.FlexGridFilter.4.5.2.resources.dll
1>                  AssetType=resources
1>                  CopyLocal=true
1>                  Culture=ko
1>                  DestinationSubDirectory=ko\
1>                  DestinationSubPath=ko\C1.WPF.FlexGridFilter.4.5.2.resources.dll
1>                  NuGetPackageId=C1.Xaml.WPF.FlexGridFilter
1>                  NuGetPackageVersion=4.5.20213.749
1>                  PathInPackage=lib/netcoreapp3.0/ko/C1.WPF.FlexGridFilter.4.5.2.resources.dll
1>          C:\Users\hansnguyen\.nuget\packages\c1.xaml.wpf.flexgridfilter\4.5.20213.749\lib\netcoreapp3.0\nl\C1.WPF.FlexGridFilter.4.5.2.resources.dll
1>                  AssetType=resources
1>                  CopyLocal=true
1>                  Culture=nl
1>                  DestinationSubDirectory=nl\
1>                  DestinationSubPath=nl\C1.WPF.FlexGridFilter.4.5.2.resources.dll
1>                  NuGetPackageId=C1.Xaml.WPF.FlexGridFilter
1>                  NuGetPackageVersion=4.5.20213.749
1>                  PathInPackage=lib/netcoreapp3.0/nl/C1.WPF.FlexGridFilter.4.5.2.resources.dll
1>          C:\Users\hansnguyen\.nuget\packages\c1.xaml.wpf.flexgridfilter\4.5.20213.749\lib\netcoreapp3.0\no\C1.WPF.FlexGridFilter.4.5.2.resources.dll
1>                  AssetType=resources
1>                  CopyLocal=true
1>                  Culture=no
1>                  DestinationSubDirectory=no\
1>                  DestinationSubPath=no\C1.WPF.FlexGridFilter.4.5.2.resources.dll
1>                  NuGetPackageId=C1.Xaml.WPF.FlexGridFilter
1>                  NuGetPackageVersion=4.5.20213.749
1>                  PathInPackage=lib/netcoreapp3.0/no/C1.WPF.FlexGridFilter.4.5.2.resources.dll
1>          C:\Users\hansnguyen\.nuget\packages\c1.xaml.wpf.flexgridfilter\4.5.20213.749\lib\netcoreapp3.0\pl\C1.WPF.FlexGridFilter.4.5.2.resources.dll
1>                  AssetType=resources
1>                  CopyLocal=true
1>                  Culture=pl
1>                  DestinationSubDirectory=pl\
1>                  DestinationSubPath=pl\C1.WPF.FlexGridFilter.4.5.2.resources.dll
1>                  NuGetPackageId=C1.Xaml.WPF.FlexGridFilter
1>                  NuGetPackageVersion=4.5.20213.749
1>                  PathInPackage=lib/netcoreapp3.0/pl/C1.WPF.FlexGridFilter.4.5.2.resources.dll
1>          C:\Users\hansnguyen\.nuget\packages\c1.xaml.wpf.flexgridfilter\4.5.20213.749\lib\netcoreapp3.0\pt\C1.WPF.FlexGridFilter.4.5.2.resources.dll
1>                  AssetType=resources
1>                  CopyLocal=true
1>                  Culture=pt
1>                  DestinationSubDirectory=pt\
1>                  DestinationSubPath=pt\C1.WPF.FlexGridFilter.4.5.2.resources.dll
1>                  NuGetPackageId=C1.Xaml.WPF.FlexGridFilter
1>                  NuGetPackageVersion=4.5.20213.749
1>                  PathInPackage=lib/netcoreapp3.0/pt/C1.WPF.FlexGridFilter.4.5.2.resources.dll
1>          C:\Users\hansnguyen\.nuget\packages\c1.xaml.wpf.flexgridfilter\4.5.20213.749\lib\netcoreapp3.0\ro\C1.WPF.FlexGridFilter.4.5.2.resources.dll
1>                  AssetType=resources
1>                  CopyLocal=true
1>                  Culture=ro
1>                  DestinationSubDirectory=ro\
1>                  DestinationSubPath=ro\C1.WPF.FlexGridFilter.4.5.2.resources.dll
1>                  NuGetPackageId=C1.Xaml.WPF.FlexGridFilter
1>                  NuGetPackageVersion=4.5.20213.749
1>                  PathInPackage=lib/netcoreapp3.0/ro/C1.WPF.FlexGridFilter.4.5.2.resources.dll
1>          C:\Users\hansnguyen\.nuget\packages\c1.xaml.wpf.flexgridfilter\4.5.20213.749\lib\netcoreapp3.0\ru\C1.WPF.FlexGridFilter.4.5.2.resources.dll
1>                  AssetType=resources
1>                  CopyLocal=true
1>                  Culture=ru
1>                  DestinationSubDirectory=ru\
1>                  DestinationSubPath=ru\C1.WPF.FlexGridFilter.4.5.2.resources.dll
1>                  NuGetPackageId=C1.Xaml.WPF.FlexGridFilter
1>                  NuGetPackageVersion=4.5.20213.749
1>                  PathInPackage=lib/netcoreapp3.0/ru/C1.WPF.FlexGridFilter.4.5.2.resources.dll
1>          C:\Users\hansnguyen\.nuget\packages\c1.xaml.wpf.flexgridfilter\4.5.20213.749\lib\netcoreapp3.0\sk\C1.WPF.FlexGridFilter.4.5.2.resources.dll
1>                  AssetType=resources
1>                  CopyLocal=true
1>                  Culture=sk
1>                  DestinationSubDirectory=sk\
1>                  DestinationSubPath=sk\C1.WPF.FlexGridFilter.4.5.2.resources.dll
1>                  NuGetPackageId=C1.Xaml.WPF.FlexGridFilter
1>                  NuGetPackageVersion=4.5.20213.749
1>                  PathInPackage=lib/netcoreapp3.0/sk/C1.WPF.FlexGridFilter.4.5.2.resources.dll
1>          C:\Users\hansnguyen\.nuget\packages\c1.xaml.wpf.flexgridfilter\4.5.20213.749\lib\netcoreapp3.0\sv\C1.WPF.FlexGridFilter.4.5.2.resources.dll
1>                  AssetType=resources
1>                  CopyLocal=true
1>                  Culture=sv
1>                  DestinationSubDirectory=sv\
1>                  DestinationSubPath=sv\C1.WPF.FlexGridFilter.4.5.2.resources.dll
1>                  NuGetPackageId=C1.Xaml.WPF.FlexGridFilter
1>                  NuGetPackageVersion=4.5.20213.749
1>                  PathInPackage=lib/netcoreapp3.0/sv/C1.WPF.FlexGridFilter.4.5.2.resources.dll
1>          C:\Users\hansnguyen\.nuget\packages\c1.xaml.wpf.flexgridfilter\4.5.20213.749\lib\netcoreapp3.0\tr\C1.WPF.FlexGridFilter.4.5.2.resources.dll
1>                  AssetType=resources
1>                  CopyLocal=true
1>                  Culture=tr
1>                  DestinationSubDirectory=tr\
1>                  DestinationSubPath=tr\C1.WPF.FlexGridFilter.4.5.2.resources.dll
1>                  NuGetPackageId=C1.Xaml.WPF.FlexGridFilter
1>                  NuGetPackageVersion=4.5.20213.749
1>                  PathInPackage=lib/netcoreapp3.0/tr/C1.WPF.FlexGridFilter.4.5.2.resources.dll
1>          C:\Users\hansnguyen\.nuget\packages\c1.xaml.wpf.flexgridfilter\4.5.20213.749\lib\netcoreapp3.0\zh-Hans\C1.WPF.FlexGridFilter.4.5.2.resources.dll
1>                  AssetType=resources
1>                  CopyLocal=true
1>                  Culture=zh-Hans
1>                  DestinationSubDirectory=zh-Hans\
1>                  DestinationSubPath=zh-Hans\C1.WPF.FlexGridFilter.4.5.2.resources.dll
1>                  NuGetPackageId=C1.Xaml.WPF.FlexGridFilter
1>                  NuGetPackageVersion=4.5.20213.749
1>                  PathInPackage=lib/netcoreapp3.0/zh-Hans/C1.WPF.FlexGridFilter.4.5.2.resources.dll
1>          C:\Users\hansnguyen\.nuget\packages\c1.xaml.wpf.flexgridfilter\4.5.20213.749\lib\netcoreapp3.0\zh-Hant\C1.WPF.FlexGridFilter.4.5.2.resources.dll
1>                  AssetType=resources
1>                  CopyLocal=true
1>                  Culture=zh-Hant
1>                  DestinationSubDirectory=zh-Hant\
1>                  DestinationSubPath=zh-Hant\C1.WPF.FlexGridFilter.4.5.2.resources.dll
1>                  NuGetPackageId=C1.Xaml.WPF.FlexGridFilter
1>                  NuGetPackageVersion=4.5.20213.749
1>                  PathInPackage=lib/netcoreapp3.0/zh-Hant/C1.WPF.FlexGridFilter.4.5.2.resources.dll
1>          C:\Users\hansnguyen\.nuget\packages\c1.xaml.wpf.flexgridfilter\4.5.20213.749\lib\netcoreapp3.0\zh\C1.WPF.FlexGridFilter.4.5.2.resources.dll
1>                  AssetType=resources
1>                  CopyLocal=true
1>                  Culture=zh
1>                  DestinationSubDirectory=zh\
1>                  DestinationSubPath=zh\C1.WPF.FlexGridFilter.4.5.2.resources.dll
1>                  NuGetPackageId=C1.Xaml.WPF.FlexGridFilter
1>                  NuGetPackageVersion=4.5.20213.749
1>                  PathInPackage=lib/netcoreapp3.0/zh/C1.WPF.FlexGridFilter.4.5.2.resources.dll
1>Done building target "ResolveLockFileCopyLocalFiles" in project "GridWithMenuApp1_VS2022.csproj".
1>Target "ResolveRuntimePackAssets" skipped, due to false condition; ('@(RuntimePack)' != '') was evaluated as ('' != '').
1>Target "RunProduceContentAssets" skipped, due to false condition; ('@(_ContentFilesToPreprocess)' != '') was evaluated as ('' != '').
1>Target "ResolvePackageAssets" skipped. Previously built successfully.
1>Target "IncludeTransitiveProjectReferences" in file "C:\Program Files\dotnet\sdk\6.0.100-preview.7.21379.14\Sdks\Microsoft.NET.Sdk\targets\Microsoft.PackageDependencyResolution.targets":
1>Done building target "IncludeTransitiveProjectReferences" in project "GridWithMenuApp1_VS2022.csproj".
1>Target "ResolvePackageDependenciesForBuild" in file "C:\Program Files\dotnet\sdk\6.0.100-preview.7.21379.14\Sdks\Microsoft.NET.Sdk\targets\Microsoft.PackageDependencyResolution.targets":
1>Done building target "ResolvePackageDependenciesForBuild" in project "GridWithMenuApp1_VS2022.csproj".
1>Target "AssignProjectConfiguration" in file "C:\Program Files\Microsoft Visual Studio\2022\Preview\MSBuild\Current\Bin\amd64\Microsoft.Common.CurrentVersion.targets":
1>  Set Property: OnlyReferenceAndBuildProjectsEnabledInSolutionConfiguration=true
1>  Set Property: ShouldUnsetParentConfigurationAndPlatform=true
1>  Using "AssignProjectConfiguration" task from assembly "Microsoft.Build.Tasks.Core, Version=15.1.0.0, Culture=neutral, PublicKeyToken=b03f5f7f11d50a3a".
1>  Task "AssignProjectConfiguration"
1>    Task Parameter:OutputType=WinExe
1>    Task Parameter:CurrentProjectPlatform=AnyCPU
1>    Task Parameter:CurrentProject=C:\Users\hansnguyen\source\repos\GridWithMenuApp1_VS2022\GridWithMenuApp1_VS2022.csproj
1>    Task Parameter:ResolveConfigurationPlatformUsingMappings=False
1>    Task Parameter:SolutionConfigurationContents=<SolutionConfiguration>
1>    <ProjectConfiguration Project="{4693df72-4233-4932-899a-9f364d66c4d9}" AbsolutePath="C:\Users\hansnguyen\source\repos\GridWithMenuApp1_VS2022\GridWithMenuApp1_VS2022.csproj">Debug|AnyCPU</ProjectConfiguration>
1>    </SolutionConfiguration>
1>    Task Parameter:ShouldUnsetParentConfigurationAndPlatform=True
1>    Task Parameter:OnlyReferenceAndBuildProjectsEnabledInSolutionConfiguration=True
1>    Task Parameter:CurrentProjectConfiguration=Debug
1>  Done executing task "AssignProjectConfiguration".
1>Done building target "AssignProjectConfiguration" in project "GridWithMenuApp1_VS2022.csproj".
1>Target "_SplitProjectReferencesByFileExistence" in file "C:\Program Files\Microsoft Visual Studio\2022\Preview\MSBuild\Current\Bin\amd64\Microsoft.Common.CurrentVersion.targets":
1>  Task "ResolveNonMSBuildProjectOutput" skipped, due to false condition; ('$(BuildingInsideVisualStudio)'=='true' and '@(ProjectReferenceWithConfiguration)'!='') was evaluated as ('true'=='true' and ''!='').
1>Done building target "_SplitProjectReferencesByFileExistence" in project "GridWithMenuApp1_VS2022.csproj".
1>Target "_AddOutputPathToGlobalPropertiesToRemove" in file "C:\Program Files\Microsoft Visual Studio\2022\Preview\MSBuild\Current\Bin\amd64\Microsoft.Common.CurrentVersion.targets":
1>Done building target "_AddOutputPathToGlobalPropertiesToRemove" in project "GridWithMenuApp1_VS2022.csproj".
1>Target "_GetProjectReferenceTargetFrameworkProperties" in file "C:\Program Files\Microsoft Visual Studio\2022\Preview\MSBuild\Current\Bin\amd64\Microsoft.Common.CurrentVersion.targets":
1>  Set Property: ReferringTargetFrameworkForProjectReferences=.NETCoreApp,Version=v3.0
1>  Using "MSBuild" task from assembly "Microsoft.Build.Tasks.Core, Version=15.1.0.0, Culture=neutral, PublicKeyToken=b03f5f7f11d50a3a".
1>  Task "MSBuild"
1>    Task Parameter:BuildInParallel=True
1>    Task Parameter:SkipNonexistentTargets=True
1>    Task Parameter:RemoveProperties=;TargetFramework;RuntimeIdentifier
1>    Task Parameter:Targets=GetTargetFrameworks
1>  Done executing task "MSBuild".
1>  Task "GetReferenceNearestTargetFrameworkTask" skipped, due to false condition; ('@(_ProjectReferenceTargetFrameworkPossibilities)' != '' and '$(ReferringTargetFrameworkForProjectReferences)' != ''
1>                                                          And '$(GetReferenceNearestTargetFrameworkTaskSupportsTargetPlatformParameter)' == 'true' and '%(_ProjectReferenceTargetFrameworkPossibilities.IsVcxOrNativeProj)' != 'true') was evaluated as ('' != '' and '.NETCoreApp,Version=v3.0' != ''
1>                                                          And 'true' == 'true' and '' != 'true').
1>  Task "GetReferenceNearestTargetFrameworkTask" skipped, due to false condition; ('@(_ProjectReferenceTargetFrameworkPossibilities)' != '' and '$(ReferringTargetFrameworkForProjectReferences)' != ''
1>                                                          And '$(GetReferenceNearestTargetFrameworkTaskSupportsTargetPlatformParameter)' != 'true' and '%(_ProjectReferenceTargetFrameworkPossibilities.IsVcxOrNativeProj)' != 'true') was evaluated as ('' != '' and '.NETCoreApp,Version=v3.0' != ''
1>                                                          And 'true' != 'true' and '' != 'true').
1>Done building target "_GetProjectReferenceTargetFrameworkProperties" in project "GridWithMenuApp1_VS2022.csproj".
1>Target "ValidateExecutableReferences" in file "C:\Program Files\dotnet\sdk\6.0.100-preview.7.21379.14\Sdks\Microsoft.NET.Sdk\targets\Microsoft.NET.Sdk.targets":
1>  Using "ValidateExecutableReferences" task from assembly "C:\Program Files\dotnet\sdk\6.0.100-preview.7.21379.14\Sdks\Microsoft.NET.Sdk\targets\..\tools\net472\Microsoft.NET.Build.Tasks.dll".
1>  Task "ValidateExecutableReferences"
1>    Task Parameter:SelfContained=False
1>    Task Parameter:IsExecutable=True
1>  Done executing task "ValidateExecutableReferences".
1>Done building target "ValidateExecutableReferences" in project "GridWithMenuApp1_VS2022.csproj".
1>Target "_GetProjectReferencePlatformProperties" skipped, due to false condition; ('$(EnableDynamicPlatformResolution)' == 'true'
1>                     and '$(BuildingInsideVisualStudio)' != 'true'
1>                     and '@(_MSBuildProjectReferenceExistent)' != '') was evaluated as ('' == 'true'
1>                     and 'true' != 'true'
1>                     and '' != '').
1>Target "PrepareProjectReferences" in file "C:\Program Files\Microsoft Visual Studio\2022\Preview\MSBuild\Current\Bin\amd64\Microsoft.Common.CurrentVersion.targets":
1>Done building target "PrepareProjectReferences" in project "GridWithMenuApp1_VS2022.csproj".
1>Target "CleanReferencedProjects" in file "C:\Program Files\Microsoft Visual Studio\2022\Preview\MSBuild\Current\Bin\amd64\Microsoft.Common.CurrentVersion.targets":
1>  Task "MSBuild" skipped, due to false condition; ('$(BuildingInsideVisualStudio)' != 'true' and '$(BuildProjectReferences)' == 'true' and '@(_MSBuildProjectReferenceExistent)' != '') was evaluated as ('true' != 'true' and 'true' == 'true' and '' != '').
1>Done building target "CleanReferencedProjects" in project "GridWithMenuApp1_VS2022.csproj".
1>Target "CleanPublishFolder" in file "C:\Program Files\Microsoft Visual Studio\2022\Preview\MSBuild\Current\Bin\amd64\Microsoft.Common.CurrentVersion.targets":
1>  Task "RemoveDir" skipped, due to false condition; ('$(PublishDir)'=='$(OutputPath)app.publish\' and Exists('$(PublishDir)')) was evaluated as ('bin\Debug\netcoreapp3.0\publish\'=='bin\Debug\netcoreapp3.0\app.publish\' and Exists('bin\Debug\netcoreapp3.0\publish\')).
1>Done building target "CleanPublishFolder" in project "GridWithMenuApp1_VS2022.csproj".
1>Target "AfterClean" in file "C:\Program Files\Microsoft Visual Studio\2022\Preview\MSBuild\Current\Bin\amd64\Microsoft.Common.CurrentVersion.targets":
1>Done building target "AfterClean" in project "GridWithMenuApp1_VS2022.csproj".
1>Target "Clean" in file "C:\Program Files\Microsoft Visual Studio\2022\Preview\MSBuild\Current\Bin\amd64\Microsoft.Common.CurrentVersion.targets":
1>Done building target "Clean" in project "GridWithMenuApp1_VS2022.csproj".
1>Target "_CleanPackageFiles" skipped, due to false condition; ('$(GeneratePackageOnBuild)' == 'true') was evaluated as ('false' == 'true').
1>Target "BeforeBuild" in file "C:\Program Files\Microsoft Visual Studio\2022\Preview\MSBuild\Current\Bin\amd64\Microsoft.Common.CurrentVersion.targets":
1>Done building target "BeforeBuild" in project "GridWithMenuApp1_VS2022.csproj".
1>Target "_CheckForBuildWithNoBuild" skipped, due to false condition; ('$(NoBuild)' == 'true' and '$(GeneratePackageOnBuild)' != 'true') was evaluated as ('' == 'true' and 'false' != 'true').
1>Target "BuildOnlySettings" in file "C:\Program Files\Microsoft Visual Studio\2022\Preview\MSBuild\Current\Bin\amd64\Microsoft.Common.CurrentVersion.targets":
1>  Set Property: BuildingProject=true
1>Done building target "BuildOnlySettings" in project "GridWithMenuApp1_VS2022.csproj".
1>Target "_CheckForUnsupportedTargetFramework" skipped, due to false condition; ('$(_UnsupportedTargetFrameworkError)' == 'true') was evaluated as ('' == 'true').
1>Target "_CheckForUnsupportedTargetPlatformIdentifier" skipped, due to false condition; ('$(TargetPlatformIdentifier)' != '' and '$(TargetFrameworkIdentifier)' == '.NETCoreApp' and $([MSBuild]::VersionGreaterThanOrEquals($(TargetFrameworkVersion), 5.0))) was evaluated as ('Windows' != '' and '.NETCoreApp' == '.NETCoreApp' and False).
1>Target "_CheckForMissingWorkload" skipped, due to false condition; ('@(MissingWorkloadPack)' != '') was evaluated as ('' != '').
1>Target "GetFrameworkPaths" in file "C:\Program Files\dotnet\sdk\6.0.100-preview.7.21379.14\Sdks\Microsoft.NET.Sdk\targets\Microsoft.NET.DisableStandardFrameworkResolution.targets":
1>Done building target "GetFrameworkPaths" in project "GridWithMenuApp1_VS2022.csproj".
1>Target "_CheckForUnsupportedTargetFramework" skipped, due to false condition; ('$(_UnsupportedTargetFrameworkError)' == 'true') was evaluated as ('' == 'true').
1>Target "_CheckForUnsupportedTargetPlatformIdentifier" skipped, due to false condition; ('$(TargetPlatformIdentifier)' != '' and '$(TargetFrameworkIdentifier)' == '.NETCoreApp' and $([MSBuild]::VersionGreaterThanOrEquals($(TargetFrameworkVersion), 5.0))) was evaluated as ('Windows' != '' and '.NETCoreApp' == '.NETCoreApp' and False).
1>Target "_CheckForMissingWorkload" skipped, due to false condition; ('@(MissingWorkloadPack)' != '') was evaluated as ('' != '').
1>Target "GetReferenceAssemblyPaths" in file "C:\Program Files\dotnet\sdk\6.0.100-preview.7.21379.14\Sdks\Microsoft.NET.Sdk\targets\Microsoft.NET.DisableStandardFrameworkResolution.targets":
1>Done building target "GetReferenceAssemblyPaths" in project "GridWithMenuApp1_VS2022.csproj".
1>Target "AssignLinkMetadata" skipped, due to false condition; ( '$(SynthesizeLinkMetadata)' == 'true' ) was evaluated as ( '' == 'true' ).
1>Target "PrepareForBuild" in file "C:\Program Files\Microsoft Visual Studio\2022\Preview\MSBuild\Current\Bin\amd64\Microsoft.Common.CurrentVersion.targets":
1>  Using "FindAppConfigFile" task from assembly "Microsoft.Build.Tasks.Core, Version=15.1.0.0, Culture=neutral, PublicKeyToken=b03f5f7f11d50a3a".
1>  Task "FindAppConfigFile"
1>    Task Parameter:
1>        PrimaryList=
1>            Properties\licenses.licx
1>                    CopyToOutputDirectory=Never
1>            Properties\Settings.settings
1>                    CopyToOutputDirectory=Never
1>                    Generator=SettingsSingleFileGenerator
1>                    LastGenOutput=Settings.Designer.cs
1>    Task Parameter:TargetPath=GridWithMenuApp1_VS2022.dll.config
1>  Done executing task "FindAppConfigFile".
1>  Task "MakeDir"
1>    Task Parameter:
1>        Directories=
1>            bin\Debug\netcoreapp3.0\
1>            obj\Debug\netcoreapp3.0\
1>  Done executing task "MakeDir".
1>Done building target "PrepareForBuild" in project "GridWithMenuApp1_VS2022.csproj".
1>Target "PreBuildEvent" skipped, due to false condition; ('$(PreBuildEvent)'!='') was evaluated as (''!='').
1>Target "_BlockWinMDsOnUnsupportedTFMs" skipped, due to false condition; ('$(TargetFrameworkIdentifier)' == '.NETCoreApp' and $([MSBuild]::VersionGreaterThanOrEquals($(TargetFrameworkVersion), '5.0'))) was evaluated as ('.NETCoreApp' == '.NETCoreApp' and False).
1>Target "BeforeResolveReferences" in file "C:\Program Files\Microsoft Visual Studio\2022\Preview\MSBuild\Current\Bin\amd64\Microsoft.Common.CurrentVersion.targets":
1>Done building target "BeforeResolveReferences" in project "GridWithMenuApp1_VS2022.csproj".
1>Target "AssignProjectConfiguration" skipped. Previously built successfully.
1>Target "PrepareProjectReferences" skipped. Previously built successfully.
1>Target "ResolveProjectReferences" in file "C:\Program Files\Microsoft Visual Studio\2022\Preview\MSBuild\Current\Bin\amd64\Microsoft.Common.CurrentVersion.targets":
1>  Task "MSBuild" skipped, due to false condition; ('%(_MSBuildProjectReferenceExistent.BuildReference)' == 'true' and '@(ProjectReferenceWithConfiguration)' != '' and ('$(BuildingInsideVisualStudio)' == 'true' or '$(BuildProjectReferences)' != 'true') and '$(VisualStudioVersion)' != '10.0' and '@(_MSBuildProjectReferenceExistent)' != '') was evaluated as ('' == 'true' and '' != '' and ('true' == 'true' or 'true' != 'true') and '17.0' != '10.0' and '' != '').
1>  Task "MSBuild" skipped, due to false condition; ('%(_MSBuildProjectReferenceExistent.BuildReference)' == 'true' and '@(ProjectReferenceWithConfiguration)' != '' and '$(BuildingInsideVisualStudio)' != 'true' and '$(BuildProjectReferences)' == 'true' and '@(_MSBuildProjectReferenceExistent)' != '') was evaluated as ('' == 'true' and '' != '' and 'true' != 'true' and 'true' == 'true' and '' != '').
1>  Task "MSBuild" skipped, due to false condition; ('%(_MSBuildProjectReferenceExistent.BuildReference)' == 'true' and '@(ProjectReferenceWithConfiguration)' != '' and '$(BuildingProject)' == 'true' and '@(_MSBuildProjectReferenceExistent)' != '') was evaluated as ('' == 'true' and '' != '' and 'true' == 'true' and '' != '').
1>  Task "Warning" skipped, due to false condition; ('@(ProjectReferenceWithConfiguration)' != '' and '@(_MSBuildProjectReferenceNonexistent)' != '') was evaluated as ('' != '' and '' != '').
1>Done building target "ResolveProjectReferences" in project "GridWithMenuApp1_VS2022.csproj".
1>Target "RemoveManagedWinRTComponentWinMDReferences" in file "C:\Program Files\dotnet\sdk\6.0.100-preview.7.21379.14\Sdks\Microsoft.NET.Sdk\targets\Microsoft.NET.Windows.targets":
1>Done building target "RemoveManagedWinRTComponentWinMDReferences" in project "GridWithMenuApp1_VS2022.csproj".
1>Target "FindInvalidProjectReferences" skipped, due to false condition; ('$(FindInvalidProjectReferences)' == 'true') was evaluated as ('' == 'true').
1>Target "ResolveNativeReferences" skipped, due to false condition; ('@(NativeReference)'!='') was evaluated as (''!='').
1>Target "ResolveProjectReferences" skipped. Previously built successfully.
1>Target "FindInvalidProjectReferences" skipped, due to false condition; ('$(FindInvalidProjectReferences)' == 'true') was evaluated as ('' == 'true').
1>Target "GetFrameworkPaths" skipped. Previously built successfully.
1>Target "GetReferenceAssemblyPaths" skipped. Previously built successfully.
1>Target "PrepareForBuild" skipped. Previously built successfully.
1>Target "GetInstalledSDKLocations" skipped, due to false condition; ('@(SDKReference)' != '') was evaluated as ('' != '').
1>Target "ResolveSDKReferences" in file "C:\Program Files\Microsoft Visual Studio\2022\Preview\MSBuild\Current\Bin\amd64\Microsoft.Common.CurrentVersion.targets":
1>  Task "ResolveSDKReference" skipped, due to false condition; ('@(SDKReference)'!='') was evaluated as (''!='').
1>Done building target "ResolveSDKReferences" in project "GridWithMenuApp1_VS2022.csproj".
1>Target "ResolveSDKReferences" skipped. Previously built successfully.
1>Target "ExpandSDKReferences" in file "C:\Program Files\Microsoft Visual Studio\2022\Preview\MSBuild\Current\Bin\amd64\Microsoft.Common.CurrentVersion.targets":
1>  Task "GetSDKReferenceFiles" skipped, due to false condition; ('@(ResolvedSDKReference)'!='') was evaluated as (''!='').
1>Done building target "ExpandSDKReferences" in project "GridWithMenuApp1_VS2022.csproj".
1>Target "FakesGenerateBeforeBuild" skipped, due to false condition; (@(Fakes) != '' AND $(BuildingProject) AND $(FakesUseV2Generation) != 'true') was evaluated as ( != '' AND true AND true != 'true').
1>Target "ResolvePackageDependenciesForBuild" skipped. Previously built successfully.
1>Target "GetFrameworkPaths" skipped. Previously built successfully.
1>Target "GetReferenceAssemblyPaths" skipped. Previously built successfully.
1>Target "ProcessFrameworkReferences" skipped. Previously built successfully.
1>Target "ResolvePackageAssets" skipped. Previously built successfully.
1>Target "ResolveFrameworkReferences" in file "C:\Program Files\dotnet\sdk\6.0.100-preview.7.21379.14\Sdks\Microsoft.NET.Sdk\targets\Microsoft.NET.Sdk.FrameworkReferenceResolution.targets":
1>  Using "GetPackageDirectory" task from assembly "C:\Program Files\dotnet\sdk\6.0.100-preview.7.21379.14\Sdks\Microsoft.NET.Sdk\targets\..\tools\net472\Microsoft.NET.Build.Tasks.dll".
1>  Task "GetPackageDirectory"
1>    Task Parameter:
1>        Items=
1>            Microsoft.NETCore.App
1>                    NuGetPackageId=Microsoft.NETCore.App.Ref
1>                    NuGetPackageVersion=3.0.0
1>                    PackageConflictPreferredPackages=Microsoft.NETCore.App.Ref;Microsoft.NETCore.App.Runtime.linux-arm;Microsoft.NETCore.App.Runtime.linux-arm64;Microsoft.NETCore.App.Runtime.linux-musl-arm64;Microsoft.NETCore.App.Runtime.linux-musl-x64;Microsoft.NETCore.App.Runtime.linux-x64;Microsoft.NETCore.App.Runtime.osx-x64;Microsoft.NETCore.App.Runtime.rhel.6-x64;Microsoft.NETCore.App.Runtime.tizen.4.0.0-armel;Microsoft.NETCore.App.Runtime.tizen.5.0.0-armel;Microsoft.NETCore.App.Runtime.win-arm;Microsoft.NETCore.App.Runtime.win-arm64;Microsoft.NETCore.App.Runtime.win-x64;Microsoft.NETCore.App.Runtime.win-x86
1>                    RuntimeFrameworkName=Microsoft.NETCore.App
1>                    RuntimePackRuntimeIdentifiers=linux-arm;linux-arm64;linux-musl-arm64;linux-musl-x64;linux-x64;osx-x64;rhel.6-x64;tizen.4.0.0-armel;tizen.5.0.0-armel;win-arm;win-arm64;win-x64;win-x86
1>                    TargetFramework=netcoreapp3.0
1>                    TargetingPackFormat=
1>            Microsoft.WindowsDesktop.App
1>                    NuGetPackageId=Microsoft.WindowsDesktop.App.Ref
1>                    NuGetPackageVersion=3.0.0
1>                    PackageConflictPreferredPackages=Microsoft.WindowsDesktop.App.Ref;Microsoft.WindowsDesktop.App.Runtime.win-x64;Microsoft.WindowsDesktop.App.Runtime.win-x86
1>                    RuntimeFrameworkName=Microsoft.WindowsDesktop.App
1>                    RuntimePackRuntimeIdentifiers=win-x64;win-x86
1>                    TargetFramework=netcoreapp3.0
1>                    TargetingPackFormat=
1>            Microsoft.WindowsDesktop.App.WPF
1>                    NuGetPackageId=Microsoft.WindowsDesktop.App.Ref
1>                    NuGetPackageVersion=3.0.0
1>                    PackageConflictPreferredPackages=Microsoft.WindowsDesktop.App.Ref;Microsoft.WindowsDesktop.App.Runtime.win-x64;Microsoft.WindowsDesktop.App.Runtime.win-x86
1>                    Profile=WPF
1>                    RuntimeFrameworkName=Microsoft.WindowsDesktop.App
1>                    RuntimePackRuntimeIdentifiers=win-x64;win-x86
1>                    TargetFramework=netcoreapp3.0
1>                    TargetingPackFormat=
1>            Microsoft.WindowsDesktop.App.WindowsForms
1>                    NuGetPackageId=Microsoft.WindowsDesktop.App.Ref
1>                    NuGetPackageVersion=3.0.0
1>                    PackageConflictPreferredPackages=Microsoft.WindowsDesktop.App.Ref;Microsoft.WindowsDesktop.App.Runtime.win-x64;Microsoft.WindowsDesktop.App.Runtime.win-x86
1>                    Profile=WindowsForms
1>                    RuntimeFrameworkName=Microsoft.WindowsDesktop.App
1>                    RuntimePackRuntimeIdentifiers=win-x64;win-x86
1>                    TargetFramework=netcoreapp3.0
1>                    TargetingPackFormat=
1>            Microsoft.AspNetCore.App
1>                    NuGetPackageId=Microsoft.AspNetCore.App.Ref
1>                    NuGetPackageVersion=3.0.1
1>                    PackageConflictPreferredPackages=Microsoft.AspNetCore.App.Ref;Microsoft.AspNetCore.App.Runtime.win-x64;Microsoft.AspNetCore.App.Runtime.win-x86;Microsoft.AspNetCore.App.Runtime.win-arm;Microsoft.AspNetCore.App.Runtime.osx-x64;Microsoft.AspNetCore.App.Runtime.linux-musl-x64;Microsoft.AspNetCore.App.Runtime.linux-musl-arm64;Microsoft.AspNetCore.App.Runtime.linux-x64;Microsoft.AspNetCore.App.Runtime.linux-arm;Microsoft.AspNetCore.App.Runtime.linux-arm64
1>                    RuntimeFrameworkName=Microsoft.AspNetCore.App
1>                    RuntimePackRuntimeIdentifiers=win-x64;win-x86;win-arm;osx-x64;linux-musl-x64;linux-musl-arm64;linux-x64;linux-arm;linux-arm64
1>                    TargetFramework=netcoreapp3.0
1>                    TargetingPackFormat=
1>    Task Parameter:
1>        PackageFolders=
1>            C:\Users\hansnguyen\.nuget\packages\
1>            C:\Program Files (x86)\Microsoft Visual Studio\Shared\NuGetPackages
1>            C:\Program Files (x86)\Microsoft\Xamarin\NuGet\
1>            C:\Program Files\dotnet\sdk\NuGetFallbackFolder
1>    Output Item(s): 
1>        ResolvedTargetingPack=
1>            Microsoft.NETCore.App
1>                    NuGetPackageId=Microsoft.NETCore.App.Ref
1>                    NuGetPackageVersion=3.0.0
1>                    OriginalItemSpec=Microsoft.NETCore.App
1>                    PackageConflictPreferredPackages=Microsoft.NETCore.App.Ref;Microsoft.NETCore.App.Runtime.linux-arm;Microsoft.NETCore.App.Runtime.linux-arm64;Microsoft.NETCore.App.Runtime.linux-musl-arm64;Microsoft.NETCore.App.Runtime.linux-musl-x64;Microsoft.NETCore.App.Runtime.linux-x64;Microsoft.NETCore.App.Runtime.osx-x64;Microsoft.NETCore.App.Runtime.rhel.6-x64;Microsoft.NETCore.App.Runtime.tizen.4.0.0-armel;Microsoft.NETCore.App.Runtime.tizen.5.0.0-armel;Microsoft.NETCore.App.Runtime.win-arm;Microsoft.NETCore.App.Runtime.win-arm64;Microsoft.NETCore.App.Runtime.win-x64;Microsoft.NETCore.App.Runtime.win-x86
1>                    PackageDirectory=C:\Users\hansnguyen\.nuget\packages\microsoft.netcore.app.ref\3.0.0
1>                    RuntimeFrameworkName=Microsoft.NETCore.App
1>                    RuntimePackRuntimeIdentifiers=linux-arm;linux-arm64;linux-musl-arm64;linux-musl-x64;linux-x64;osx-x64;rhel.6-x64;tizen.4.0.0-armel;tizen.5.0.0-armel;win-arm;win-arm64;win-x64;win-x86
1>                    TargetFramework=netcoreapp3.0
1>                    TargetingPackFormat=
1>            Microsoft.WindowsDesktop.App
1>                    NuGetPackageId=Microsoft.WindowsDesktop.App.Ref
1>                    NuGetPackageVersion=3.0.0
1>                    OriginalItemSpec=Microsoft.WindowsDesktop.App
1>                    PackageConflictPreferredPackages=Microsoft.WindowsDesktop.App.Ref;Microsoft.WindowsDesktop.App.Runtime.win-x64;Microsoft.WindowsDesktop.App.Runtime.win-x86
1>                    PackageDirectory=C:\Users\hansnguyen\.nuget\packages\microsoft.windowsdesktop.app.ref\3.0.0
1>                    RuntimeFrameworkName=Microsoft.WindowsDesktop.App
1>                    RuntimePackRuntimeIdentifiers=win-x64;win-x86
1>                    TargetFramework=netcoreapp3.0
1>                    TargetingPackFormat=
1>            Microsoft.WindowsDesktop.App.WPF
1>                    NuGetPackageId=Microsoft.WindowsDesktop.App.Ref
1>                    NuGetPackageVersion=3.0.0
1>                    OriginalItemSpec=Microsoft.WindowsDesktop.App.WPF
1>                    PackageConflictPreferredPackages=Microsoft.WindowsDesktop.App.Ref;Microsoft.WindowsDesktop.App.Runtime.win-x64;Microsoft.WindowsDesktop.App.Runtime.win-x86
1>                    PackageDirectory=C:\Users\hansnguyen\.nuget\packages\microsoft.windowsdesktop.app.ref\3.0.0
1>                    Profile=WPF
1>                    RuntimeFrameworkName=Microsoft.WindowsDesktop.App
1>                    RuntimePackRuntimeIdentifiers=win-x64;win-x86
1>                    TargetFramework=netcoreapp3.0
1>                    TargetingPackFormat=
1>            Microsoft.WindowsDesktop.App.WindowsForms
1>                    NuGetPackageId=Microsoft.WindowsDesktop.App.Ref
1>                    NuGetPackageVersion=3.0.0
1>                    OriginalItemSpec=Microsoft.WindowsDesktop.App.WindowsForms
1>                    PackageConflictPreferredPackages=Microsoft.WindowsDesktop.App.Ref;Microsoft.WindowsDesktop.App.Runtime.win-x64;Microsoft.WindowsDesktop.App.Runtime.win-x86
1>                    PackageDirectory=C:\Users\hansnguyen\.nuget\packages\microsoft.windowsdesktop.app.ref\3.0.0
1>                    Profile=WindowsForms
1>                    RuntimeFrameworkName=Microsoft.WindowsDesktop.App
1>                    RuntimePackRuntimeIdentifiers=win-x64;win-x86
1>                    TargetFramework=netcoreapp3.0
1>                    TargetingPackFormat=
1>            Microsoft.AspNetCore.App
1>                    NuGetPackageId=Microsoft.AspNetCore.App.Ref
1>                    NuGetPackageVersion=3.0.1
1>                    OriginalItemSpec=Microsoft.AspNetCore.App
1>                    PackageConflictPreferredPackages=Microsoft.AspNetCore.App.Ref;Microsoft.AspNetCore.App.Runtime.win-x64;Microsoft.AspNetCore.App.Runtime.win-x86;Microsoft.AspNetCore.App.Runtime.win-arm;Microsoft.AspNetCore.App.Runtime.osx-x64;Microsoft.AspNetCore.App.Runtime.linux-musl-x64;Microsoft.AspNetCore.App.Runtime.linux-musl-arm64;Microsoft.AspNetCore.App.Runtime.linux-x64;Microsoft.AspNetCore.App.Runtime.linux-arm;Microsoft.AspNetCore.App.Runtime.linux-arm64
1>                    PackageDirectory=C:\Users\hansnguyen\.nuget\packages\microsoft.aspnetcore.app.ref\3.0.1
1>                    RuntimeFrameworkName=Microsoft.AspNetCore.App
1>                    RuntimePackRuntimeIdentifiers=win-x64;win-x86;win-arm;osx-x64;linux-musl-x64;linux-musl-arm64;linux-x64;linux-arm;linux-arm64
1>                    TargetFramework=netcoreapp3.0
1>                    TargetingPackFormat=
1>  Done executing task "GetPackageDirectory".
1>  Task "GetPackageDirectory"
1>    Task Parameter:
1>        Items=
1>            AppHost
1>                    NuGetPackageId=Microsoft.NETCore.App.Host.win-x64
1>                    NuGetPackageVersion=3.0.3
1>                    PathInPackage=runtimes\win-x64\native\apphost.exe
1>                    RuntimeIdentifier=win-x64
1>    Task Parameter:
1>        PackageFolders=
1>            C:\Users\hansnguyen\.nuget\packages\
1>            C:\Program Files (x86)\Microsoft Visual Studio\Shared\NuGetPackages
1>            C:\Program Files (x86)\Microsoft\Xamarin\NuGet\
1>            C:\Program Files\dotnet\sdk\NuGetFallbackFolder
1>    Output Item(s): 
1>        ResolvedAppHostPack=
1>            AppHost
1>                    NuGetPackageId=Microsoft.NETCore.App.Host.win-x64
1>                    NuGetPackageVersion=3.0.3
1>                    OriginalItemSpec=AppHost
1>                    PackageDirectory=C:\Users\hansnguyen\.nuget\packages\microsoft.netcore.app.host.win-x64\3.0.3
1>                    PathInPackage=runtimes\win-x64\native\apphost.exe
1>                    RuntimeIdentifier=win-x64
1>  Done executing task "GetPackageDirectory".
1>  Task "GetPackageDirectory"
1>    Task Parameter:
1>        Items=
1>            SingleFileHost
1>                    NuGetPackageId=Microsoft.NETCore.App.Host.win-x64
1>                    NuGetPackageVersion=3.0.3
1>                    PathInPackage=runtimes\win-x64\native\singlefilehost.exe
1>                    RuntimeIdentifier=win-x64
1>    Task Parameter:
1>        PackageFolders=
1>            C:\Users\hansnguyen\.nuget\packages\
1>            C:\Program Files (x86)\Microsoft Visual Studio\Shared\NuGetPackages
1>            C:\Program Files (x86)\Microsoft\Xamarin\NuGet\
1>            C:\Program Files\dotnet\sdk\NuGetFallbackFolder
1>    Output Item(s): 
1>        ResolvedSingleFileHostPack=
1>            SingleFileHost
1>                    NuGetPackageId=Microsoft.NETCore.App.Host.win-x64
1>                    NuGetPackageVersion=3.0.3
1>                    OriginalItemSpec=SingleFileHost
1>                    PackageDirectory=C:\Users\hansnguyen\.nuget\packages\microsoft.netcore.app.host.win-x64\3.0.3
1>                    PathInPackage=runtimes\win-x64\native\singlefilehost.exe
1>                    RuntimeIdentifier=win-x64
1>  Done executing task "GetPackageDirectory".
1>  Task "GetPackageDirectory"
1>    Task Parameter:
1>        PackageFolders=
1>            C:\Users\hansnguyen\.nuget\packages\
1>            C:\Program Files (x86)\Microsoft Visual Studio\Shared\NuGetPackages
1>            C:\Program Files (x86)\Microsoft\Xamarin\NuGet\
1>            C:\Program Files\dotnet\sdk\NuGetFallbackFolder
1>  Done executing task "GetPackageDirectory".
1>  Task "GetPackageDirectory"
1>    Task Parameter:
1>        PackageFolders=
1>            C:\Users\hansnguyen\.nuget\packages\
1>            C:\Program Files (x86)\Microsoft Visual Studio\Shared\NuGetPackages
1>            C:\Program Files (x86)\Microsoft\Xamarin\NuGet\
1>            C:\Program Files\dotnet\sdk\NuGetFallbackFolder
1>  Done executing task "GetPackageDirectory".
1>  Task "GetPackageDirectory"
1>    Task Parameter:
1>        Items=
1>            ComHost
1>                    NuGetPackageId=Microsoft.NETCore.App.Host.win-x64
1>                    NuGetPackageVersion=3.0.3
1>                    PathInPackage=runtimes\win-x64\native\comhost.dll
1>                    RuntimeIdentifier=win-x64
1>    Task Parameter:
1>        PackageFolders=
1>            C:\Users\hansnguyen\.nuget\packages\
1>            C:\Program Files (x86)\Microsoft Visual Studio\Shared\NuGetPackages
1>            C:\Program Files (x86)\Microsoft\Xamarin\NuGet\
1>            C:\Program Files\dotnet\sdk\NuGetFallbackFolder
1>    Output Item(s): 
1>        ResolvedComHostPack=
1>            ComHost
1>                    NuGetPackageId=Microsoft.NETCore.App.Host.win-x64
1>                    NuGetPackageVersion=3.0.3
1>                    OriginalItemSpec=ComHost
1>                    PackageDirectory=C:\Users\hansnguyen\.nuget\packages\microsoft.netcore.app.host.win-x64\3.0.3
1>                    PathInPackage=runtimes\win-x64\native\comhost.dll
1>                    RuntimeIdentifier=win-x64
1>  Done executing task "GetPackageDirectory".
1>  Task "GetPackageDirectory"
1>    Task Parameter:
1>        Items=
1>            IjwHost
1>                    NuGetPackageId=Microsoft.NETCore.App.Host.win-x64
1>                    NuGetPackageVersion=3.0.3
1>                    PathInPackage=runtimes\win-x64\native\Ijwhost.dll
1>                    RuntimeIdentifier=win-x64
1>    Task Parameter:
1>        PackageFolders=
1>            C:\Users\hansnguyen\.nuget\packages\
1>            C:\Program Files (x86)\Microsoft Visual Studio\Shared\NuGetPackages
1>            C:\Program Files (x86)\Microsoft\Xamarin\NuGet\
1>            C:\Program Files\dotnet\sdk\NuGetFallbackFolder
1>    Output Item(s): 
1>        ResolvedIjwHostPack=
1>            IjwHost
1>                    NuGetPackageId=Microsoft.NETCore.App.Host.win-x64
1>                    NuGetPackageVersion=3.0.3
1>                    OriginalItemSpec=IjwHost
1>                    PackageDirectory=C:\Users\hansnguyen\.nuget\packages\microsoft.netcore.app.host.win-x64\3.0.3
1>                    PathInPackage=runtimes\win-x64\native\Ijwhost.dll
1>                    RuntimeIdentifier=win-x64
1>  Done executing task "GetPackageDirectory".
1>  Added Item(s): 
1>      _ApphostsForShimRuntimeIdentifiers=
1>          \
1>                  RuntimeIdentifier=
1>  Set Property: AppHostSourcePath=C:\Users\hansnguyen\.nuget\packages\microsoft.netcore.app.host.win-x64\3.0.3\runtimes\win-x64\native\apphost.exe
1>  Set Property: SingleFileHostSourcePath=C:\Users\hansnguyen\.nuget\packages\microsoft.netcore.app.host.win-x64\3.0.3\runtimes\win-x64\native\singlefilehost.exe
1>  Set Property: ComHostSourcePath=C:\Users\hansnguyen\.nuget\packages\microsoft.netcore.app.host.win-x64\3.0.3\runtimes\win-x64\native\comhost.dll
1>  Set Property: IjwHostSourcePath=C:\Users\hansnguyen\.nuget\packages\microsoft.netcore.app.host.win-x64\3.0.3\runtimes\win-x64\native\Ijwhost.dll
1>  Task "GetPackageDirectory"
1>    Task Parameter:
1>        PackageFolders=
1>            C:\Users\hansnguyen\.nuget\packages\
1>            C:\Program Files (x86)\Microsoft Visual Studio\Shared\NuGetPackages
1>            C:\Program Files (x86)\Microsoft\Xamarin\NuGet\
1>            C:\Program Files\dotnet\sdk\NuGetFallbackFolder
1>  Done executing task "GetPackageDirectory".
1>  Using "ResolveFrameworkReferences" task from assembly "C:\Program Files\dotnet\sdk\6.0.100-preview.7.21379.14\Sdks\Microsoft.NET.Sdk\targets\..\tools\net472\Microsoft.NET.Build.Tasks.dll".
1>  Task "ResolveFrameworkReferences"
1>    Task Parameter:
1>        FrameworkReferences=
1>            Microsoft.NETCore.App
1>                    IsImplicitlyDefined=true
1>                    Pack=false
1>                    PrivateAssets=All
1>            Microsoft.WindowsDesktop.App.WPF
1>                    IsImplicitlyDefined=true
1>    Task Parameter:
1>        ResolvedTargetingPacks=
1>            Microsoft.NETCore.App
1>                    NuGetPackageId=Microsoft.NETCore.App.Ref
1>                    NuGetPackageVersion=3.0.0
1>                    OriginalItemSpec=Microsoft.NETCore.App
1>                    PackageConflictPreferredPackages=Microsoft.NETCore.App.Ref;Microsoft.NETCore.App.Runtime.linux-arm;Microsoft.NETCore.App.Runtime.linux-arm64;Microsoft.NETCore.App.Runtime.linux-musl-arm64;Microsoft.NETCore.App.Runtime.linux-musl-x64;Microsoft.NETCore.App.Runtime.linux-x64;Microsoft.NETCore.App.Runtime.osx-x64;Microsoft.NETCore.App.Runtime.rhel.6-x64;Microsoft.NETCore.App.Runtime.tizen.4.0.0-armel;Microsoft.NETCore.App.Runtime.tizen.5.0.0-armel;Microsoft.NETCore.App.Runtime.win-arm;Microsoft.NETCore.App.Runtime.win-arm64;Microsoft.NETCore.App.Runtime.win-x64;Microsoft.NETCore.App.Runtime.win-x86
1>                    PackageDirectory=C:\Users\hansnguyen\.nuget\packages\microsoft.netcore.app.ref\3.0.0
1>                    Path=C:\Users\hansnguyen\.nuget\packages\microsoft.netcore.app.ref\3.0.0
1>                    RuntimeFrameworkName=Microsoft.NETCore.App
1>                    RuntimePackRuntimeIdentifiers=linux-arm;linux-arm64;linux-musl-arm64;linux-musl-x64;linux-x64;osx-x64;rhel.6-x64;tizen.4.0.0-armel;tizen.5.0.0-armel;win-arm;win-arm64;win-x64;win-x86
1>                    TargetFramework=netcoreapp3.0
1>                    TargetingPackFormat=
1>            Microsoft.WindowsDesktop.App
1>                    NuGetPackageId=Microsoft.WindowsDesktop.App.Ref
1>                    NuGetPackageVersion=3.0.0
1>                    OriginalItemSpec=Microsoft.WindowsDesktop.App
1>                    PackageConflictPreferredPackages=Microsoft.WindowsDesktop.App.Ref;Microsoft.WindowsDesktop.App.Runtime.win-x64;Microsoft.WindowsDesktop.App.Runtime.win-x86
1>                    PackageDirectory=C:\Users\hansnguyen\.nuget\packages\microsoft.windowsdesktop.app.ref\3.0.0
1>                    Path=C:\Users\hansnguyen\.nuget\packages\microsoft.windowsdesktop.app.ref\3.0.0
1>                    RuntimeFrameworkName=Microsoft.WindowsDesktop.App
1>                    RuntimePackRuntimeIdentifiers=win-x64;win-x86
1>                    TargetFramework=netcoreapp3.0
1>                    TargetingPackFormat=
1>            Microsoft.WindowsDesktop.App.WPF
1>                    NuGetPackageId=Microsoft.WindowsDesktop.App.Ref
1>                    NuGetPackageVersion=3.0.0
1>                    OriginalItemSpec=Microsoft.WindowsDesktop.App.WPF
1>                    PackageConflictPreferredPackages=Microsoft.WindowsDesktop.App.Ref;Microsoft.WindowsDesktop.App.Runtime.win-x64;Microsoft.WindowsDesktop.App.Runtime.win-x86
1>                    PackageDirectory=C:\Users\hansnguyen\.nuget\packages\microsoft.windowsdesktop.app.ref\3.0.0
1>                    Path=C:\Users\hansnguyen\.nuget\packages\microsoft.windowsdesktop.app.ref\3.0.0
1>                    Profile=WPF
1>                    RuntimeFrameworkName=Microsoft.WindowsDesktop.App
1>                    RuntimePackRuntimeIdentifiers=win-x64;win-x86
1>                    TargetFramework=netcoreapp3.0
1>                    TargetingPackFormat=
1>            Microsoft.WindowsDesktop.App.WindowsForms
1>                    NuGetPackageId=Microsoft.WindowsDesktop.App.Ref
1>                    NuGetPackageVersion=3.0.0
1>                    OriginalItemSpec=Microsoft.WindowsDesktop.App.WindowsForms
1>                    PackageConflictPreferredPackages=Microsoft.WindowsDesktop.App.Ref;Microsoft.WindowsDesktop.App.Runtime.win-x64;Microsoft.WindowsDesktop.App.Runtime.win-x86
1>                    PackageDirectory=C:\Users\hansnguyen\.nuget\packages\microsoft.windowsdesktop.app.ref\3.0.0
1>                    Path=C:\Users\hansnguyen\.nuget\packages\microsoft.windowsdesktop.app.ref\3.0.0
1>                    Profile=WindowsForms
1>                    RuntimeFrameworkName=Microsoft.WindowsDesktop.App
1>                    RuntimePackRuntimeIdentifiers=win-x64;win-x86
1>                    TargetFramework=netcoreapp3.0
1>                    TargetingPackFormat=
1>            Microsoft.AspNetCore.App
1>                    NuGetPackageId=Microsoft.AspNetCore.App.Ref
1>                    NuGetPackageVersion=3.0.1
1>                    OriginalItemSpec=Microsoft.AspNetCore.App
1>                    PackageConflictPreferredPackages=Microsoft.AspNetCore.App.Ref;Microsoft.AspNetCore.App.Runtime.win-x64;Microsoft.AspNetCore.App.Runtime.win-x86;Microsoft.AspNetCore.App.Runtime.win-arm;Microsoft.AspNetCore.App.Runtime.osx-x64;Microsoft.AspNetCore.App.Runtime.linux-musl-x64;Microsoft.AspNetCore.App.Runtime.linux-musl-arm64;Microsoft.AspNetCore.App.Runtime.linux-x64;Microsoft.AspNetCore.App.Runtime.linux-arm;Microsoft.AspNetCore.App.Runtime.linux-arm64
1>                    PackageDirectory=C:\Users\hansnguyen\.nuget\packages\microsoft.aspnetcore.app.ref\3.0.1
1>                    Path=C:\Users\hansnguyen\.nuget\packages\microsoft.aspnetcore.app.ref\3.0.1
1>                    RuntimeFrameworkName=Microsoft.AspNetCore.App
1>                    RuntimePackRuntimeIdentifiers=win-x64;win-x86;win-arm;osx-x64;linux-musl-x64;linux-musl-arm64;linux-x64;linux-arm;linux-arm64
1>                    TargetFramework=netcoreapp3.0
1>                    TargetingPackFormat=
1>    Output Item(s): 
1>        ResolvedFrameworkReference=
1>            Microsoft.NETCore.App
1>                    IsImplicitlyDefined=true
1>                    OriginalItemSpec=Microsoft.NETCore.App
1>                    Profile=
1>                    TargetingPackName=Microsoft.NETCore.App.Ref
1>                    TargetingPackPath=C:\Users\hansnguyen\.nuget\packages\microsoft.netcore.app.ref\3.0.0
1>                    TargetingPackVersion=3.0.0
1>            Microsoft.WindowsDesktop.App.WPF
1>                    IsImplicitlyDefined=true
1>                    OriginalItemSpec=Microsoft.WindowsDesktop.App.WPF
1>                    Profile=WPF
1>                    TargetingPackName=Microsoft.WindowsDesktop.App.Ref
1>                    TargetingPackPath=C:\Users\hansnguyen\.nuget\packages\microsoft.windowsdesktop.app.ref\3.0.0
1>                    TargetingPackVersion=3.0.0
1>  Done executing task "ResolveFrameworkReferences".
1>Done building target "ResolveFrameworkReferences" in project "GridWithMenuApp1_VS2022.csproj".
1>Target "ResolveTargetingPackAssets" in file "C:\Program Files\dotnet\sdk\6.0.100-preview.7.21379.14\Sdks\Microsoft.NET.Sdk\targets\Microsoft.NET.Sdk.FrameworkReferenceResolution.targets":
1>  Set Property: GenerateErrorForMissingTargetingPacks=true
1>  Using "ResolveTargetingPackAssets" task from assembly "C:\Program Files\dotnet\sdk\6.0.100-preview.7.21379.14\Sdks\Microsoft.NET.Sdk\targets\..\tools\net472\Microsoft.NET.Build.Tasks.dll".
1>  Task "ResolveTargetingPackAssets"
1>    Task Parameter:
1>        FrameworkReferences=
1>            Microsoft.NETCore.App
1>                    IsImplicitlyDefined=true
1>                    Pack=false
1>                    PrivateAssets=All
1>            Microsoft.WindowsDesktop.App.WPF
1>                    IsImplicitlyDefined=true
1>    Task Parameter:GenerateErrorForMissingTargetingPacks=True
1>    Task Parameter:NetCoreTargetingPackRoot=C:\Program Files\dotnet\packs
1>    Task Parameter:ProjectLanguage=C#
1>    Task Parameter:
1>        RuntimeFrameworks=
1>            Microsoft.NETCore.App
1>                    FrameworkName=Microsoft.NETCore.App
1>                    Version=3.0.0
1>            Microsoft.WindowsDesktop.App
1>                    FrameworkName=Microsoft.WindowsDesktop.App
1>                    Version=3.0.0
1>            Microsoft.WindowsDesktop.App
1>                    FrameworkName=Microsoft.WindowsDesktop.App.WPF
1>                    Version=3.0.0
1>            Microsoft.WindowsDesktop.App
1>                    FrameworkName=Microsoft.WindowsDesktop.App.WindowsForms
1>                    Version=3.0.0
1>            Microsoft.AspNetCore.App
1>                    FrameworkName=Microsoft.AspNetCore.App
1>                    Version=3.0.0
1>    Task Parameter:
1>        ResolvedTargetingPacks=
1>            Microsoft.NETCore.App
1>                    NuGetPackageId=Microsoft.NETCore.App.Ref
1>                    NuGetPackageVersion=3.0.0
1>                    OriginalItemSpec=Microsoft.NETCore.App
1>                    PackageConflictPreferredPackages=Microsoft.NETCore.App.Ref;Microsoft.NETCore.App.Runtime.linux-arm;Microsoft.NETCore.App.Runtime.linux-arm64;Microsoft.NETCore.App.Runtime.linux-musl-arm64;Microsoft.NETCore.App.Runtime.linux-musl-x64;Microsoft.NETCore.App.Runtime.linux-x64;Microsoft.NETCore.App.Runtime.osx-x64;Microsoft.NETCore.App.Runtime.rhel.6-x64;Microsoft.NETCore.App.Runtime.tizen.4.0.0-armel;Microsoft.NETCore.App.Runtime.tizen.5.0.0-armel;Microsoft.NETCore.App.Runtime.win-arm;Microsoft.NETCore.App.Runtime.win-arm64;Microsoft.NETCore.App.Runtime.win-x64;Microsoft.NETCore.App.Runtime.win-x86
1>                    PackageDirectory=C:\Users\hansnguyen\.nuget\packages\microsoft.netcore.app.ref\3.0.0
1>                    Path=C:\Users\hansnguyen\.nuget\packages\microsoft.netcore.app.ref\3.0.0
1>                    RuntimeFrameworkName=Microsoft.NETCore.App
1>                    RuntimePackRuntimeIdentifiers=linux-arm;linux-arm64;linux-musl-arm64;linux-musl-x64;linux-x64;osx-x64;rhel.6-x64;tizen.4.0.0-armel;tizen.5.0.0-armel;win-arm;win-arm64;win-x64;win-x86
1>                    TargetFramework=netcoreapp3.0
1>                    TargetingPackFormat=
1>            Microsoft.WindowsDesktop.App
1>                    NuGetPackageId=Microsoft.WindowsDesktop.App.Ref
1>                    NuGetPackageVersion=3.0.0
1>                    OriginalItemSpec=Microsoft.WindowsDesktop.App
1>                    PackageConflictPreferredPackages=Microsoft.WindowsDesktop.App.Ref;Microsoft.WindowsDesktop.App.Runtime.win-x64;Microsoft.WindowsDesktop.App.Runtime.win-x86
1>                    PackageDirectory=C:\Users\hansnguyen\.nuget\packages\microsoft.windowsdesktop.app.ref\3.0.0
1>                    Path=C:\Users\hansnguyen\.nuget\packages\microsoft.windowsdesktop.app.ref\3.0.0
1>                    RuntimeFrameworkName=Microsoft.WindowsDesktop.App
1>                    RuntimePackRuntimeIdentifiers=win-x64;win-x86
1>                    TargetFramework=netcoreapp3.0
1>                    TargetingPackFormat=
1>            Microsoft.WindowsDesktop.App.WPF
1>                    NuGetPackageId=Microsoft.WindowsDesktop.App.Ref
1>                    NuGetPackageVersion=3.0.0
1>                    OriginalItemSpec=Microsoft.WindowsDesktop.App.WPF
1>                    PackageConflictPreferredPackages=Microsoft.WindowsDesktop.App.Ref;Microsoft.WindowsDesktop.App.Runtime.win-x64;Microsoft.WindowsDesktop.App.Runtime.win-x86
1>                    PackageDirectory=C:\Users\hansnguyen\.nuget\packages\microsoft.windowsdesktop.app.ref\3.0.0
1>                    Path=C:\Users\hansnguyen\.nuget\packages\microsoft.windowsdesktop.app.ref\3.0.0
1>                    Profile=WPF
1>                    RuntimeFrameworkName=Microsoft.WindowsDesktop.App
1>                    RuntimePackRuntimeIdentifiers=win-x64;win-x86
1>                    TargetFramework=netcoreapp3.0
1>                    TargetingPackFormat=
1>            Microsoft.WindowsDesktop.App.WindowsForms
1>                    NuGetPackageId=Microsoft.WindowsDesktop.App.Ref
1>                    NuGetPackageVersion=3.0.0
1>                    OriginalItemSpec=Microsoft.WindowsDesktop.App.WindowsForms
1>                    PackageConflictPreferredPackages=Microsoft.WindowsDesktop.App.Ref;Microsoft.WindowsDesktop.App.Runtime.win-x64;Microsoft.WindowsDesktop.App.Runtime.win-x86
1>                    PackageDirectory=C:\Users\hansnguyen\.nuget\packages\microsoft.windowsdesktop.app.ref\3.0.0
1>                    Path=C:\Users\hansnguyen\.nuget\packages\microsoft.windowsdesktop.app.ref\3.0.0
1>                    Profile=WindowsForms
1>                    RuntimeFrameworkName=Microsoft.WindowsDesktop.App
1>                    RuntimePackRuntimeIdentifiers=win-x64;win-x86
1>                    TargetFramework=netcoreapp3.0
1>                    TargetingPackFormat=
1>            Microsoft.AspNetCore.App
1>                    NuGetPackageId=Microsoft.AspNetCore.App.Ref
1>                    NuGetPackageVersion=3.0.1
1>                    OriginalItemSpec=Microsoft.AspNetCore.App
1>                    PackageConflictPreferredPackages=Microsoft.AspNetCore.App.Ref;Microsoft.AspNetCore.App.Runtime.win-x64;Microsoft.AspNetCore.App.Runtime.win-x86;Microsoft.AspNetCore.App.Runtime.win-arm;Microsoft.AspNetCore.App.Runtime.osx-x64;Microsoft.AspNetCore.App.Runtime.linux-musl-x64;Microsoft.AspNetCore.App.Runtime.linux-musl-arm64;Microsoft.AspNetCore.App.Runtime.linux-x64;Microsoft.AspNetCore.App.Runtime.linux-arm;Microsoft.AspNetCore.App.Runtime.linux-arm64
1>                    PackageDirectory=C:\Users\hansnguyen\.nuget\packages\microsoft.aspnetcore.app.ref\3.0.1
1>                    Path=C:\Users\hansnguyen\.nuget\packages\microsoft.aspnetcore.app.ref\3.0.1
1>                    RuntimeFrameworkName=Microsoft.AspNetCore.App
1>                    RuntimePackRuntimeIdentifiers=win-x64;win-x86;win-arm;osx-x64;linux-musl-x64;linux-musl-arm64;linux-x64;linux-arm;linux-arm64
1>                    TargetFramework=netcoreapp3.0
1>                    TargetingPackFormat=
1>    Output Item(s): 
1>        Reference=
1>            C:\Users\hansnguyen\.nuget\packages\microsoft.netcore.app.ref\3.0.0\ref\netcoreapp3.0\Microsoft.CSharp.dll
1>                    AssemblyVersion=4.0.0.0
1>                    ExternallyResolved=true
1>                    FileVersion=4.700.19.46214
1>                    FrameworkReferenceName=Microsoft.NETCore.App
1>                    FrameworkReferenceVersion=3.0.0
1>                    NuGetPackageId=Microsoft.NETCore.App.Ref
1>                    NuGetPackageVersion=3.0.0
1>                    Private=false
1>                    PublicKeyToken=b03f5f7f11d50a3a
1>            C:\Users\hansnguyen\.nuget\packages\microsoft.netcore.app.ref\3.0.0\ref\netcoreapp3.0\Microsoft.VisualBasic.Core.dll
1>                    AssemblyVersion=10.0.4.0
1>                    ExternallyResolved=true
1>                    FileVersion=4.700.19.46214
1>                    FrameworkReferenceName=Microsoft.NETCore.App
1>                    FrameworkReferenceVersion=3.0.0
1>                    NuGetPackageId=Microsoft.NETCore.App.Ref
1>                    NuGetPackageVersion=3.0.0
1>                    Private=false
1>                    PublicKeyToken=b03f5f7f11d50a3a
1>            C:\Users\hansnguyen\.nuget\packages\microsoft.netcore.app.ref\3.0.0\ref\netcoreapp3.0\Microsoft.VisualBasic.dll
1>                    AssemblyVersion=10.0.0.0
1>                    ExternallyResolved=true
1>                    FileVersion=4.700.19.46214
1>                    FrameworkReferenceName=Microsoft.NETCore.App
1>                    FrameworkReferenceVersion=3.0.0
1>                    NuGetPackageId=Microsoft.NETCore.App.Ref
1>                    NuGetPackageVersion=3.0.0
1>                    Private=false
1>                    PublicKeyToken=b03f5f7f11d50a3a
1>            C:\Users\hansnguyen\.nuget\packages\microsoft.netcore.app.ref\3.0.0\ref\netcoreapp3.0\Microsoft.Win32.Primitives.dll
1>                    AssemblyVersion=4.1.1.0
1>                    ExternallyResolved=true
1>                    FileVersion=4.700.19.46214
1>                    FrameworkReferenceName=Microsoft.NETCore.App
1>                    FrameworkReferenceVersion=3.0.0
1>                    NuGetPackageId=Microsoft.NETCore.App.Ref
1>                    NuGetPackageVersion=3.0.0
1>                    Private=false
1>                    PublicKeyToken=b03f5f7f11d50a3a
1>            C:\Users\hansnguyen\.nuget\packages\microsoft.netcore.app.ref\3.0.0\ref\netcoreapp3.0\System.AppContext.dll
1>                    AssemblyVersion=4.2.1.0
1>                    ExternallyResolved=true
1>                    FileVersion=4.700.19.46214
1>                    FrameworkReferenceName=Microsoft.NETCore.App
1>                    FrameworkReferenceVersion=3.0.0
1>                    NuGetPackageId=Microsoft.NETCore.App.Ref
1>                    NuGetPackageVersion=3.0.0
1>                    Private=false
1>                    PublicKeyToken=b03f5f7f11d50a3a
1>            C:\Users\hansnguyen\.nuget\packages\microsoft.netcore.app.ref\3.0.0\ref\netcoreapp3.0\System.Buffers.dll
1>                    AssemblyVersion=4.0.2.0
1>                    ExternallyResolved=true
1>                    FileVersion=4.700.19.46214
1>                    FrameworkReferenceName=Microsoft.NETCore.App
1>                    FrameworkReferenceVersion=3.0.0
1>                    NuGetPackageId=Microsoft.NETCore.App.Ref
1>                    NuGetPackageVersion=3.0.0
1>                    Private=false
1>                    PublicKeyToken=cc7b13ffcd2ddd51
1>            C:\Users\hansnguyen\.nuget\packages\microsoft.netcore.app.ref\3.0.0\ref\netcoreapp3.0\System.Collections.Concurrent.dll
1>                    AssemblyVersion=4.0.14.0
1>                    ExternallyResolved=true
1>                    FileVersion=4.700.19.46214
1>                    FrameworkReferenceName=Microsoft.NETCore.App
1>                    FrameworkReferenceVersion=3.0.0
1>                    NuGetPackageId=Microsoft.NETCore.App.Ref
1>                    NuGetPackageVersion=3.0.0
1>                    Private=false
1>                    PublicKeyToken=b03f5f7f11d50a3a
1>            C:\Users\hansnguyen\.nuget\packages\microsoft.netcore.app.ref\3.0.0\ref\netcoreapp3.0\System.Collections.Immutable.dll
1>                    AssemblyVersion=1.2.4.0
1>                    ExternallyResolved=true
1>                    FileVersion=4.700.19.46214
1>                    FrameworkReferenceName=Microsoft.NETCore.App
1>                    FrameworkReferenceVersion=3.0.0
1>                    NuGetPackageId=Microsoft.NETCore.App.Ref
1>                    NuGetPackageVersion=3.0.0
1>                    Private=false
1>                    PublicKeyToken=b03f5f7f11d50a3a
1>            C:\Users\hansnguyen\.nuget\packages\microsoft.netcore.app.ref\3.0.0\ref\netcoreapp3.0\System.Collections.NonGeneric.dll
1>                    AssemblyVersion=4.1.1.0
1>                    ExternallyResolved=true
1>                    FileVersion=4.700.19.46214
1>                    FrameworkReferenceName=Microsoft.NETCore.App
1>                    FrameworkReferenceVersion=3.0.0
1>                    NuGetPackageId=Microsoft.NETCore.App.Ref
1>                    NuGetPackageVersion=3.0.0
1>                    Private=false
1>                    PublicKeyToken=b03f5f7f11d50a3a
1>            C:\Users\hansnguyen\.nuget\packages\microsoft.netcore.app.ref\3.0.0\ref\netcoreapp3.0\System.Collections.Specialized.dll
1>                    AssemblyVersion=4.1.1.0
1>                    ExternallyResolved=true
1>                    FileVersion=4.700.19.46214
1>                    FrameworkReferenceName=Microsoft.NETCore.App
1>                    FrameworkReferenceVersion=3.0.0
1>                    NuGetPackageId=Microsoft.NETCore.App.Ref
1>                    NuGetPackageVersion=3.0.0
1>                    Private=false
1>                    PublicKeyToken=b03f5f7f11d50a3a
1>            C:\Users\hansnguyen\.nuget\packages\microsoft.netcore.app.ref\3.0.0\ref\netcoreapp3.0\System.Collections.dll
1>                    AssemblyVersion=4.1.1.0
1>                    ExternallyResolved=true
1>                    FileVersion=4.700.19.46214
1>                    FrameworkReferenceName=Microsoft.NETCore.App
1>                    FrameworkReferenceVersion=3.0.0
1>                    NuGetPackageId=Microsoft.NETCore.App.Ref
1>                    NuGetPackageVersion=3.0.0
1>                    Private=false
1>                    PublicKeyToken=b03f5f7f11d50a3a
1>            C:\Users\hansnguyen\.nuget\packages\microsoft.netcore.app.ref\3.0.0\ref\netcoreapp3.0\System.ComponentModel.Annotations.dll
1>                    AssemblyVersion=4.3.0.0
1>                    ExternallyResolved=true
1>                    FileVersion=4.700.19.46214
1>                    FrameworkReferenceName=Microsoft.NETCore.App
1>                    FrameworkReferenceVersion=3.0.0
1>                    NuGetPackageId=Microsoft.NETCore.App.Ref
1>                    NuGetPackageVersion=3.0.0
1>                    Private=false
1>                    PublicKeyToken=b03f5f7f11d50a3a
1>            C:\Users\hansnguyen\.nuget\packages\microsoft.netcore.app.ref\3.0.0\ref\netcoreapp3.0\System.ComponentModel.DataAnnotations.dll
1>                    AssemblyVersion=4.0.0.0
1>                    ExternallyResolved=true
1>                    FileVersion=4.700.19.46214
1>                    FrameworkReferenceName=Microsoft.NETCore.App
1>                    FrameworkReferenceVersion=3.0.0
1>                    NuGetPackageId=Microsoft.NETCore.App.Ref
1>                    NuGetPackageVersion=3.0.0
1>                    Private=false
1>                    PublicKeyToken=31bf3856ad364e35
1>            C:\Users\hansnguyen\.nuget\packages\microsoft.netcore.app.ref\3.0.0\ref\netcoreapp3.0\System.ComponentModel.EventBasedAsync.dll
1>                    AssemblyVersion=4.1.1.0
1>                    ExternallyResolved=true
1>                    FileVersion=4.700.19.46214
1>                    FrameworkReferenceName=Microsoft.NETCore.App
1>                    FrameworkReferenceVersion=3.0.0
1>                    NuGetPackageId=Microsoft.NETCore.App.Ref
1>                    NuGetPackageVersion=3.0.0
1>                    Private=false
1>                    PublicKeyToken=b03f5f7f11d50a3a
1>            C:\Users\hansnguyen\.nuget\packages\microsoft.netcore.app.ref\3.0.0\ref\netcoreapp3.0\System.ComponentModel.Primitives.dll
1>                    AssemblyVersion=4.2.1.0
1>                    ExternallyResolved=true
1>                    FileVersion=4.700.19.46214
1>                    FrameworkReferenceName=Microsoft.NETCore.App
1>                    FrameworkReferenceVersion=3.0.0
1>                    NuGetPackageId=Microsoft.NETCore.App.Ref
1>                    NuGetPackageVersion=3.0.0
1>                    Private=false
1>                    PublicKeyToken=b03f5f7f11d50a3a
1>            C:\Users\hansnguyen\.nuget\packages\microsoft.netcore.app.ref\3.0.0\ref\netcoreapp3.0\System.ComponentModel.TypeConverter.dll
1>                    AssemblyVersion=4.2.1.0
1>                    ExternallyResolved=true
1>                    FileVersion=4.700.19.46214
1>                    FrameworkReferenceName=Microsoft.NETCore.App
1>                    FrameworkReferenceVersion=3.0.0
1>                    NuGetPackageId=Microsoft.NETCore.App.Ref
1>                    NuGetPackageVersion=3.0.0
1>                    Private=false
1>                    PublicKeyToken=b03f5f7f11d50a3a
1>            C:\Users\hansnguyen\.nuget\packages\microsoft.netcore.app.ref\3.0.0\ref\netcoreapp3.0\System.ComponentModel.dll
1>                    AssemblyVersion=4.0.3.0
1>                    ExternallyResolved=true
1>                    FileVersion=4.700.19.46214
1>                    FrameworkReferenceName=Microsoft.NETCore.App
1>                    FrameworkReferenceVersion=3.0.0
1>                    NuGetPackageId=Microsoft.NETCore.App.Ref
1>                    NuGetPackageVersion=3.0.0
1>                    Private=false
1>                    PublicKeyToken=b03f5f7f11d50a3a
1>            C:\Users\hansnguyen\.nuget\packages\microsoft.netcore.app.ref\3.0.0\ref\netcoreapp3.0\System.Configuration.dll
1>                    AssemblyVersion=4.0.0.0
1>                    ExternallyResolved=true
1>                    FileVersion=4.700.19.46214
1>                    FrameworkReferenceName=Microsoft.NETCore.App
1>                    FrameworkReferenceVersion=3.0.0
1>                    NuGetPackageId=Microsoft.NETCore.App.Ref
1>                    NuGetPackageVersion=3.0.0
1>                    Private=false
1>                    PublicKeyToken=b03f5f7f11d50a3a
1>            C:\Users\hansnguyen\.nuget\packages\microsoft.netcore.app.ref\3.0.0\ref\netcoreapp3.0\System.Console.dll
1>                    AssemblyVersion=4.1.1.0
1>                    ExternallyResolved=true
1>                    FileVersion=4.700.19.46214
1>                    FrameworkReferenceName=Microsoft.NETCore.App
1>                    FrameworkReferenceVersion=3.0.0
1>                    NuGetPackageId=Microsoft.NETCore.App.Ref
1>                    NuGetPackageVersion=3.0.0
1>                    Private=false
1>                    PublicKeyToken=b03f5f7f11d50a3a
1>            C:\Users\hansnguyen\.nuget\packages\microsoft.netcore.app.ref\3.0.0\ref\netcoreapp3.0\System.Core.dll
1>                    AssemblyVersion=4.0.0.0
1>                    ExternallyResolved=true
1>                    FileVersion=4.700.19.46214
1>                    FrameworkReferenceName=Microsoft.NETCore.App
1>                    FrameworkReferenceVersion=3.0.0
1>                    NuGetPackageId=Microsoft.NETCore.App.Ref
1>                    NuGetPackageVersion=3.0.0
1>                    Private=false
1>                    PublicKeyToken=b77a5c561934e089
1>            C:\Users\hansnguyen\.nuget\packages\microsoft.netcore.app.ref\3.0.0\ref\netcoreapp3.0\System.Data.Common.dll
1>                    AssemblyVersion=4.2.1.0
1>                    ExternallyResolved=true
1>                    FileVersion=4.700.19.46214
1>                    FrameworkReferenceName=Microsoft.NETCore.App
1>                    FrameworkReferenceVersion=3.0.0
1>                    NuGetPackageId=Microsoft.NETCore.App.Ref
1>                    NuGetPackageVersion=3.0.0
1>                    Private=false
1>                    PublicKeyToken=b03f5f7f11d50a3a
1>            C:\Users\hansnguyen\.nuget\packages\microsoft.netcore.app.ref\3.0.0\ref\netcoreapp3.0\System.Data.DataSetExtensions.dll
1>                    AssemblyVersion=4.0.0.0
1>                    ExternallyResolved=true
1>                    FileVersion=4.700.19.46214
1>                    FrameworkReferenceName=Microsoft.NETCore.App
1>                    FrameworkReferenceVersion=3.0.0
1>                    NuGetPackageId=Microsoft.NETCore.App.Ref
1>                    NuGetPackageVersion=3.0.0
1>                    Private=false
1>                    PublicKeyToken=b77a5c561934e089
1>            C:\Users\hansnguyen\.nuget\packages\microsoft.netcore.app.ref\3.0.0\ref\netcoreapp3.0\System.Data.dll
1>                    AssemblyVersion=4.0.0.0
1>                    ExternallyResolved=true
1>                    FileVersion=4.700.19.46214
1>                    FrameworkReferenceName=Microsoft.NETCore.App
1>                    FrameworkReferenceVersion=3.0.0
1>                    NuGetPackageId=Microsoft.NETCore.App.Ref
1>                    NuGetPackageVersion=3.0.0
1>                    Private=false
1>                    PublicKeyToken=b77a5c561934e089
1>            C:\Users\hansnguyen\.nuget\packages\microsoft.netcore.app.ref\3.0.0\ref\netcoreapp3.0\System.Diagnostics.Contracts.dll
1>                    AssemblyVersion=4.0.3.0
1>                    ExternallyResolved=true
1>                    FileVersion=4.700.19.46214
1>                    FrameworkReferenceName=Microsoft.NETCore.App
1>                    FrameworkReferenceVersion=3.0.0
1>                    NuGetPackageId=Microsoft.NETCore.App.Ref
1>                    NuGetPackageVersion=3.0.0
1>                    Private=false
1>                    PublicKeyToken=b03f5f7f11d50a3a
1>            C:\Users\hansnguyen\.nuget\packages\microsoft.netcore.app.ref\3.0.0\ref\netcoreapp3.0\System.Diagnostics.Debug.dll
1>                    AssemblyVersion=4.1.1.0
1>                    ExternallyResolved=true
1>                    FileVersion=4.700.19.46214
1>                    FrameworkReferenceName=Microsoft.NETCore.App
1>                    FrameworkReferenceVersion=3.0.0
1>                    NuGetPackageId=Microsoft.NETCore.App.Ref
1>                    NuGetPackageVersion=3.0.0
1>                    Private=false
1>                    PublicKeyToken=b03f5f7f11d50a3a
1>            C:\Users\hansnguyen\.nuget\packages\microsoft.netcore.app.ref\3.0.0\ref\netcoreapp3.0\System.Diagnostics.DiagnosticSource.dll
1>                    AssemblyVersion=4.0.4.0
1>                    ExternallyResolved=true
1>                    FileVersion=4.700.19.46214
1>                    FrameworkReferenceName=Microsoft.NETCore.App
1>                    FrameworkReferenceVersion=3.0.0
1>                    NuGetPackageId=Microsoft.NETCore.App.Ref
1>                    NuGetPackageVersion=3.0.0
1>                    Private=false
1>                    PublicKeyToken=cc7b13ffcd2ddd51
1>            C:\Users\hansnguyen\.nuget\packages\microsoft.netcore.app.ref\3.0.0\ref\netcoreapp3.0\System.Diagnostics.FileVersionInfo.dll
1>                    AssemblyVersion=4.0.3.0
1>                    ExternallyResolved=true
1>                    FileVersion=4.700.19.46214
1>                    FrameworkReferenceName=Microsoft.NETCore.App
1>                    FrameworkReferenceVersion=3.0.0
1>                    NuGetPackageId=Microsoft.NETCore.App.Ref
1>                    NuGetPackageVersion=3.0.0
1>                    Private=false
1>                    PublicKeyToken=b03f5f7f11d50a3a
1>            C:\Users\hansnguyen\.nuget\packages\microsoft.netcore.app.ref\3.0.0\ref\netcoreapp3.0\System.Diagnostics.Process.dll
1>                    AssemblyVersion=4.2.1.0
1>                    ExternallyResolved=true
1>                    FileVersion=4.700.19.46214
1>                    FrameworkReferenceName=Microsoft.NETCore.App
1>                    FrameworkReferenceVersion=3.0.0
1>                    NuGetPackageId=Microsoft.NETCore.App.Ref
1>                    NuGetPackageVersion=3.0.0
1>                    Private=false
1>                    PublicKeyToken=b03f5f7f11d50a3a
1>            C:\Users\hansnguyen\.nuget\packages\microsoft.netcore.app.ref\3.0.0\ref\netcoreapp3.0\System.Diagnostics.StackTrace.dll
1>                    AssemblyVersion=4.1.1.0
1>                    ExternallyResolved=true
1>                    FileVersion=4.700.19.46214
1>                    FrameworkReferenceName=Microsoft.NETCore.App
1>                    FrameworkReferenceVersion=3.0.0
1>                    NuGetPackageId=Microsoft.NETCore.App.Ref
1>                    NuGetPackageVersion=3.0.0
1>                    Private=false
1>                    PublicKeyToken=b03f5f7f11d50a3a
1>            C:\Users\hansnguyen\.nuget\packages\microsoft.netcore.app.ref\3.0.0\ref\netcoreapp3.0\System.Diagnostics.TextWriterTraceListener.dll
1>                    AssemblyVersion=4.1.1.0
1>                    ExternallyResolved=true
1>                    FileVersion=4.700.19.46214
1>                    FrameworkReferenceName=Microsoft.NETCore.App
1>                    FrameworkReferenceVersion=3.0.0
1>                    NuGetPackageId=Microsoft.NETCore.App.Ref
1>                    NuGetPackageVersion=3.0.0
1>                    Private=false
1>                    PublicKeyToken=b03f5f7f11d50a3a
1>            C:\Users\hansnguyen\.nuget\packages\microsoft.netcore.app.ref\3.0.0\ref\netcoreapp3.0\System.Diagnostics.Tools.dll
1>                    AssemblyVersion=4.1.1.0
1>                    ExternallyResolved=true
1>                    FileVersion=4.700.19.46214
1>                    FrameworkReferenceName=Microsoft.NETCore.App
1>                    FrameworkReferenceVersion=3.0.0
1>                    NuGetPackageId=Microsoft.NETCore.App.Ref
1>                    NuGetPackageVersion=3.0.0
1>                    Private=false
1>                    PublicKeyToken=b03f5f7f11d50a3a
1>            C:\Users\hansnguyen\.nuget\packages\microsoft.netcore.app.ref\3.0.0\ref\netcoreapp3.0\System.Diagnostics.TraceSource.dll
1>                    AssemblyVersion=4.1.1.0
1>                    ExternallyResolved=true
1>                    FileVersion=4.700.19.46214
1>                    FrameworkReferenceName=Microsoft.NETCore.App
1>                    FrameworkReferenceVersion=3.0.0
1>                    NuGetPackageId=Microsoft.NETCore.App.Ref
1>                    NuGetPackageVersion=3.0.0
1>                    Private=false
1>                    PublicKeyToken=b03f5f7f11d50a3a
1>            C:\Users\hansnguyen\.nuget\packages\microsoft.netcore.app.ref\3.0.0\ref\netcoreapp3.0\System.Diagnostics.Tracing.dll
1>                    AssemblyVersion=4.2.1.0
1>                    ExternallyResolved=true
1>                    FileVersion=4.700.19.46214
1>                    FrameworkReferenceName=Microsoft.NETCore.App
1>                    FrameworkReferenceVersion=3.0.0
1>                    NuGetPackageId=Microsoft.NETCore.App.Ref
1>                    NuGetPackageVersion=3.0.0
1>                    Private=false
1>                    PublicKeyToken=b03f5f7f11d50a3a
1>            C:\Users\hansnguyen\.nuget\packages\microsoft.netcore.app.ref\3.0.0\ref\netcoreapp3.0\System.Drawing.Primitives.dll
1>                    AssemblyVersion=4.2.0.0
1>                    ExternallyResolved=true
1>                    FileVersion=4.700.19.46214
1>                    FrameworkReferenceName=Microsoft.NETCore.App
1>                    FrameworkReferenceVersion=3.0.0
1>                    NuGetPackageId=Microsoft.NETCore.App.Ref
1>                    NuGetPackageVersion=3.0.0
1>                    Private=false
1>                    PublicKeyToken=b03f5f7f11d50a3a
1>            C:\Users\hansnguyen\.nuget\packages\microsoft.netcore.app.ref\3.0.0\ref\netcoreapp3.0\System.Drawing.dll
1>                    AssemblyVersion=4.0.0.0
1>                    ExternallyResolved=true
1>                    FileVersion=4.700.19.46214
1>                    FrameworkReferenceName=Microsoft.NETCore.App
1>                    FrameworkReferenceVersion=3.0.0
1>                    NuGetPackageId=Microsoft.NETCore.App.Ref
1>                    NuGetPackageVersion=3.0.0
1>                    Private=false
1>                    PublicKeyToken=b03f5f7f11d50a3a
1>            C:\Users\hansnguyen\.nuget\packages\microsoft.netcore.app.ref\3.0.0\ref\netcoreapp3.0\System.Dynamic.Runtime.dll
1>                    AssemblyVersion=4.1.1.0
1>                    ExternallyResolved=true
1>                    FileVersion=4.700.19.46214
1>                    FrameworkReferenceName=Microsoft.NETCore.App
1>                    FrameworkReferenceVersion=3.0.0
1>                    NuGetPackageId=Microsoft.NETCore.App.Ref
1>                    NuGetPackageVersion=3.0.0
1>                    Private=false
1>                    PublicKeyToken=b03f5f7f11d50a3a
1>            C:\Users\hansnguyen\.nuget\packages\microsoft.netcore.app.ref\3.0.0\ref\netcoreapp3.0\System.Globalization.Calendars.dll
1>                    AssemblyVersion=4.1.1.0
1>                    ExternallyResolved=true
1>                    FileVersion=4.700.19.46214
1>                    FrameworkReferenceName=Microsoft.NETCore.App
1>                    FrameworkReferenceVersion=3.0.0
1>                    NuGetPackageId=Microsoft.NETCore.App.Ref
1>                    NuGetPackageVersion=3.0.0
1>                    Private=false
1>                    PublicKeyToken=b03f5f7f11d50a3a
1>            C:\Users\hansnguyen\.nuget\packages\microsoft.netcore.app.ref\3.0.0\ref\netcoreapp3.0\System.Globalization.Extensions.dll
1>                    AssemblyVersion=4.1.1.0
1>                    ExternallyResolved=true
1>                    FileVersion=4.700.19.46214
1>                    FrameworkReferenceName=Microsoft.NETCore.App
1>                    FrameworkReferenceVersion=3.0.0
1>                    NuGetPackageId=Microsoft.NETCore.App.Ref
1>                    NuGetPackageVersion=3.0.0
1>                    Private=false
1>                    PublicKeyToken=b03f5f7f11d50a3a
1>            C:\Users\hansnguyen\.nuget\packages\microsoft.netcore.app.ref\3.0.0\ref\netcoreapp3.0\System.Globalization.dll
1>                    AssemblyVersion=4.1.1.0
1>                    ExternallyResolved=true
1>                    FileVersion=4.700.19.46214
1>                    FrameworkReferenceName=Microsoft.NETCore.App
1>                    FrameworkReferenceVersion=3.0.0
1>                    NuGetPackageId=Microsoft.NETCore.App.Ref
1>                    NuGetPackageVersion=3.0.0
1>                    Private=false
1>                    PublicKeyToken=b03f5f7f11d50a3a
1>            C:\Users\hansnguyen\.nuget\packages\microsoft.netcore.app.ref\3.0.0\ref\netcoreapp3.0\System.IO.Compression.Brotli.dll
1>                    AssemblyVersion=4.2.1.0
1>                    ExternallyResolved=true
1>                    FileVersion=4.700.19.46214
1>                    FrameworkReferenceName=Microsoft.NETCore.App
1>                    FrameworkReferenceVersion=3.0.0
1>                    NuGetPackageId=Microsoft.NETCore.App.Ref
1>                    NuGetPackageVersion=3.0.0
1>                    Private=false
1>                    PublicKeyToken=b77a5c561934e089
1>            C:\Users\hansnguyen\.nuget\packages\microsoft.netcore.app.ref\3.0.0\ref\netcoreapp3.0\System.IO.Compression.FileSystem.dll
1>                    AssemblyVersion=4.0.0.0
1>                    ExternallyResolved=true
1>                    FileVersion=4.700.19.46214
1>                    FrameworkReferenceName=Microsoft.NETCore.App
1>                    FrameworkReferenceVersion=3.0.0
1>                    NuGetPackageId=Microsoft.NETCore.App.Ref
1>                    NuGetPackageVersion=3.0.0
1>                    Private=false
1>                    PublicKeyToken=b77a5c561934e089
1>            C:\Users\hansnguyen\.nuget\packages\microsoft.netcore.app.ref\3.0.0\ref\netcoreapp3.0\System.IO.Compression.ZipFile.dll
1>                    AssemblyVersion=4.0.4.0
1>                    ExternallyResolved=true
1>                    FileVersion=4.700.19.46214
1>                    FrameworkReferenceName=Microsoft.NETCore.App
1>                    FrameworkReferenceVersion=3.0.0
1>                    NuGetPackageId=Microsoft.NETCore.App.Ref
1>                    NuGetPackageVersion=3.0.0
1>                    Private=false
1>                    PublicKeyToken=b77a5c561934e089
1>            C:\Users\hansnguyen\.nuget\packages\microsoft.netcore.app.ref\3.0.0\ref\netcoreapp3.0\System.IO.Compression.dll
1>                    AssemblyVersion=4.2.1.0
1>                    ExternallyResolved=true
1>                    FileVersion=4.700.19.46214
1>                    FrameworkReferenceName=Microsoft.NETCore.App
1>                    FrameworkReferenceVersion=3.0.0
1>                    NuGetPackageId=Microsoft.NETCore.App.Ref
1>                    NuGetPackageVersion=3.0.0
1>                    Private=false
1>                    PublicKeyToken=b77a5c561934e089
1>            C:\Users\hansnguyen\.nuget\packages\microsoft.netcore.app.ref\3.0.0\ref\netcoreapp3.0\System.IO.FileSystem.DriveInfo.dll
1>                    AssemblyVersion=4.1.1.0
1>                    ExternallyResolved=true
1>                    FileVersion=4.700.19.46214
1>                    FrameworkReferenceName=Microsoft.NETCore.App
1>                    FrameworkReferenceVersion=3.0.0
1>                    NuGetPackageId=Microsoft.NETCore.App.Ref
1>                    NuGetPackageVersion=3.0.0
1>                    Private=false
1>                    PublicKeyToken=b03f5f7f11d50a3a
1>            C:\Users\hansnguyen\.nuget\packages\microsoft.netcore.app.ref\3.0.0\ref\netcoreapp3.0\System.IO.FileSystem.Primitives.dll
1>                    AssemblyVersion=4.1.1.0
1>                    ExternallyResolved=true
1>                    FileVersion=4.700.19.46214
1>                    FrameworkReferenceName=Microsoft.NETCore.App
1>                    FrameworkReferenceVersion=3.0.0
1>                    NuGetPackageId=Microsoft.NETCore.App.Ref
1>                    NuGetPackageVersion=3.0.0
1>                    Private=false
1>                    PublicKeyToken=b03f5f7f11d50a3a
1>            C:\Users\hansnguyen\.nuget\packages\microsoft.netcore.app.ref\3.0.0\ref\netcoreapp3.0\System.IO.FileSystem.Watcher.dll
1>                    AssemblyVersion=4.1.1.0
1>                    ExternallyResolved=true
1>                    FileVersion=4.700.19.46214
1>                    FrameworkReferenceName=Microsoft.NETCore.App
1>                    FrameworkReferenceVersion=3.0.0
1>                    NuGetPackageId=Microsoft.NETCore.App.Ref
1>                    NuGetPackageVersion=3.0.0
1>                    Private=false
1>                    PublicKeyToken=b03f5f7f11d50a3a
1>            C:\Users\hansnguyen\.nuget\packages\microsoft.netcore.app.ref\3.0.0\ref\netcoreapp3.0\System.IO.FileSystem.dll
1>                    AssemblyVersion=4.1.1.0
1>                    ExternallyResolved=true
1>                    FileVersion=4.700.19.46214
1>                    FrameworkReferenceName=Microsoft.NETCore.App
1>                    FrameworkReferenceVersion=3.0.0
1>                    NuGetPackageId=Microsoft.NETCore.App.Ref
1>                    NuGetPackageVersion=3.0.0
1>                    Private=false
1>                    PublicKeyToken=b03f5f7f11d50a3a
1>            C:\Users\hansnguyen\.nuget\packages\microsoft.netcore.app.ref\3.0.0\ref\netcoreapp3.0\System.IO.IsolatedStorage.dll
1>                    AssemblyVersion=4.1.1.0
1>                    ExternallyResolved=true
1>                    FileVersion=4.700.19.46214
1>                    FrameworkReferenceName=Microsoft.NETCore.App
1>                    FrameworkReferenceVersion=3.0.0
1>                    NuGetPackageId=Microsoft.NETCore.App.Ref
1>                    NuGetPackageVersion=3.0.0
1>                    Private=false
1>                    PublicKeyToken=b03f5f7f11d50a3a
1>            C:\Users\hansnguyen\.nuget\packages\microsoft.netcore.app.ref\3.0.0\ref\netcoreapp3.0\System.IO.MemoryMappedFiles.dll
1>                    AssemblyVersion=4.1.1.0
1>                    ExternallyResolved=true
1>                    FileVersion=4.700.19.46214
1>                    FrameworkReferenceName=Microsoft.NETCore.App
1>                    FrameworkReferenceVersion=3.0.0
1>                    NuGetPackageId=Microsoft.NETCore.App.Ref
1>                    NuGetPackageVersion=3.0.0
1>                    Private=false
1>                    PublicKeyToken=b03f5f7f11d50a3a
1>            C:\Users\hansnguyen\.nuget\packages\microsoft.netcore.app.ref\3.0.0\ref\netcoreapp3.0\System.IO.Pipes.dll
1>                    AssemblyVersion=4.1.1.0
1>                    ExternallyResolved=true
1>                    FileVersion=4.700.19.46214
1>                    FrameworkReferenceName=Microsoft.NETCore.App
1>                    FrameworkReferenceVersion=3.0.0
1>                    NuGetPackageId=Microsoft.NETCore.App.Ref
1>                    NuGetPackageVersion=3.0.0
1>                    Private=false
1>                    PublicKeyToken=b03f5f7f11d50a3a
1>            C:\Users\hansnguyen\.nuget\packages\microsoft.netcore.app.ref\3.0.0\ref\netcoreapp3.0\System.IO.UnmanagedMemoryStream.dll
1>                    AssemblyVersion=4.1.1.0
1>                    ExternallyResolved=true
1>                    FileVersion=4.700.19.46214
1>                    FrameworkReferenceName=Microsoft.NETCore.App
1>                    FrameworkReferenceVersion=3.0.0
1>                    NuGetPackageId=Microsoft.NETCore.App.Ref
1>                    NuGetPackageVersion=3.0.0
1>                    Private=false
1>                    PublicKeyToken=b03f5f7f11d50a3a
1>            C:\Users\hansnguyen\.nuget\packages\microsoft.netcore.app.ref\3.0.0\ref\netcoreapp3.0\System.IO.dll
1>                    AssemblyVersion=4.2.1.0
1>                    ExternallyResolved=true
1>                    FileVersion=4.700.19.46214
1>                    FrameworkReferenceName=Microsoft.NETCore.App
1>                    FrameworkReferenceVersion=3.0.0
1>                    NuGetPackageId=Microsoft.NETCore.App.Ref
1>                    NuGetPackageVersion=3.0.0
1>                    Private=false
1>                    PublicKeyToken=b03f5f7f11d50a3a
1>            C:\Users\hansnguyen\.nuget\packages\microsoft.netcore.app.ref\3.0.0\ref\netcoreapp3.0\System.Linq.Expressions.dll
1>                    AssemblyVersion=4.2.1.0
1>                    ExternallyResolved=true
1>                    FileVersion=4.700.19.46214
1>                    FrameworkReferenceName=Microsoft.NETCore.App
1>                    FrameworkReferenceVersion=3.0.0
1>                    NuGetPackageId=Microsoft.NETCore.App.Ref
1>                    NuGetPackageVersion=3.0.0
1>                    Private=false
1>                    PublicKeyToken=b03f5f7f11d50a3a
1>            C:\Users\hansnguyen\.nuget\packages\microsoft.netcore.app.ref\3.0.0\ref\netcoreapp3.0\System.Linq.Parallel.dll
1>                    AssemblyVersion=4.0.3.0
1>                    ExternallyResolved=true
1>                    FileVersion=4.700.19.46214
1>                    FrameworkReferenceName=Microsoft.NETCore.App
1>                    FrameworkReferenceVersion=3.0.0
1>                    NuGetPackageId=Microsoft.NETCore.App.Ref
1>                    NuGetPackageVersion=3.0.0
1>                    Private=false
1>                    PublicKeyToken=b03f5f7f11d50a3a
1>            C:\Users\hansnguyen\.nuget\packages\microsoft.netcore.app.ref\3.0.0\ref\netcoreapp3.0\System.Linq.Queryable.dll
1>                    AssemblyVersion=4.0.3.0
1>                    ExternallyResolved=true
1>                    FileVersion=4.700.19.46214
1>                    FrameworkReferenceName=Microsoft.NETCore.App
1>                    FrameworkReferenceVersion=3.0.0
1>                    NuGetPackageId=Microsoft.NETCore.App.Ref
1>                    NuGetPackageVersion=3.0.0
1>                    Private=false
1>                    PublicKeyToken=b03f5f7f11d50a3a
1>            C:\Users\hansnguyen\.nuget\packages\microsoft.netcore.app.ref\3.0.0\ref\netcoreapp3.0\System.Linq.dll
1>                    AssemblyVersion=4.2.1.0
1>                    ExternallyResolved=true
1>                    FileVersion=4.700.19.46214
1>                    FrameworkReferenceName=Microsoft.NETCore.App
1>                    FrameworkReferenceVersion=3.0.0
1>                    NuGetPackageId=Microsoft.NETCore.App.Ref
1>                    NuGetPackageVersion=3.0.0
1>                    Private=false
1>                    PublicKeyToken=b03f5f7f11d50a3a
1>            C:\Users\hansnguyen\.nuget\packages\microsoft.netcore.app.ref\3.0.0\ref\netcoreapp3.0\System.Memory.dll
1>                    AssemblyVersion=4.2.0.0
1>                    ExternallyResolved=true
1>                    FileVersion=4.700.19.46214
1>                    FrameworkReferenceName=Microsoft.NETCore.App
1>                    FrameworkReferenceVersion=3.0.0
1>                    NuGetPackageId=Microsoft.NETCore.App.Ref
1>                    NuGetPackageVersion=3.0.0
1>                    Private=false
1>                    PublicKeyToken=cc7b13ffcd2ddd51
1>            C:\Users\hansnguyen\.nuget\packages\microsoft.netcore.app.ref\3.0.0\ref\netcoreapp3.0\System.Net.Http.dll
1>                    AssemblyVersion=4.2.1.0
1>                    ExternallyResolved=true
1>                    FileVersion=4.700.19.46214
1>                    FrameworkReferenceName=Microsoft.NETCore.App
1>                    FrameworkReferenceVersion=3.0.0
1>                    NuGetPackageId=Microsoft.NETCore.App.Ref
1>                    NuGetPackageVersion=3.0.0
1>                    Private=false
1>                    PublicKeyToken=b03f5f7f11d50a3a
1>            C:\Users\hansnguyen\.nuget\packages\microsoft.netcore.app.ref\3.0.0\ref\netcoreapp3.0\System.Net.HttpListener.dll
1>                    AssemblyVersion=4.0.1.0
1>                    ExternallyResolved=true
1>                    FileVersion=4.700.19.46214
1>                    FrameworkReferenceName=Microsoft.NETCore.App
1>                    FrameworkReferenceVersion=3.0.0
1>                    NuGetPackageId=Microsoft.NETCore.App.Ref
1>                    NuGetPackageVersion=3.0.0
1>                    Private=false
1>                    PublicKeyToken=cc7b13ffcd2ddd51
1>            C:\Users\hansnguyen\.nuget\packages\microsoft.netcore.app.ref\3.0.0\ref\netcoreapp3.0\System.Net.Mail.dll
1>                    AssemblyVersion=4.0.1.0
1>                    ExternallyResolved=true
1>                    FileVersion=4.700.19.46214
1>                    FrameworkReferenceName=Microsoft.NETCore.App
1>                    FrameworkReferenceVersion=3.0.0
1>                    NuGetPackageId=Microsoft.NETCore.App.Ref
1>                    NuGetPackageVersion=3.0.0
1>                    Private=false
1>                    PublicKeyToken=cc7b13ffcd2ddd51
1>            C:\Users\hansnguyen\.nuget\packages\microsoft.netcore.app.ref\3.0.0\ref\netcoreapp3.0\System.Net.NameResolution.dll
1>                    AssemblyVersion=4.1.1.0
1>                    ExternallyResolved=true
1>                    FileVersion=4.700.19.46214
1>                    FrameworkReferenceName=Microsoft.NETCore.App
1>                    FrameworkReferenceVersion=3.0.0
1>                    NuGetPackageId=Microsoft.NETCore.App.Ref
1>                    NuGetPackageVersion=3.0.0
1>                    Private=false
1>                    PublicKeyToken=b03f5f7f11d50a3a
1>            C:\Users\hansnguyen\.nuget\packages\microsoft.netcore.app.ref\3.0.0\ref\netcoreapp3.0\System.Net.NetworkInformation.dll
1>                    AssemblyVersion=4.2.1.0
1>                    ExternallyResolved=true
1>                    FileVersion=4.700.19.46214
1>                    FrameworkReferenceName=Microsoft.NETCore.App
1>                    FrameworkReferenceVersion=3.0.0
1>                    NuGetPackageId=Microsoft.NETCore.App.Ref
1>                    NuGetPackageVersion=3.0.0
1>                    Private=false
1>                    PublicKeyToken=b03f5f7f11d50a3a
1>            C:\Users\hansnguyen\.nuget\packages\microsoft.netcore.app.ref\3.0.0\ref\netcoreapp3.0\System.Net.Ping.dll
1>                    AssemblyVersion=4.1.1.0
1>                    ExternallyResolved=true
1>                    FileVersion=4.700.19.46214
1>                    FrameworkReferenceName=Microsoft.NETCore.App
1>                    FrameworkReferenceVersion=3.0.0
1>                    NuGetPackageId=Microsoft.NETCore.App.Ref
1>                    NuGetPackageVersion=3.0.0
1>                    Private=false
1>                    PublicKeyToken=b03f5f7f11d50a3a
1>            C:\Users\hansnguyen\.nuget\packages\microsoft.netcore.app.ref\3.0.0\ref\netcoreapp3.0\System.Net.Primitives.dll
1>                    AssemblyVersion=4.1.1.0
1>                    ExternallyResolved=true
1>                    FileVersion=4.700.19.46214
1>                    FrameworkReferenceName=Microsoft.NETCore.App
1>                    FrameworkReferenceVersion=3.0.0
1>                    NuGetPackageId=Microsoft.NETCore.App.Ref
1>                    NuGetPackageVersion=3.0.0
1>                    Private=false
1>                    PublicKeyToken=b03f5f7f11d50a3a
1>            C:\Users\hansnguyen\.nuget\packages\microsoft.netcore.app.ref\3.0.0\ref\netcoreapp3.0\System.Net.Requests.dll
1>                    AssemblyVersion=4.1.1.0
1>                    ExternallyResolved=true
1>                    FileVersion=4.700.19.46214
1>                    FrameworkReferenceName=Microsoft.NETCore.App
1>                    FrameworkReferenceVersion=3.0.0
1>                    NuGetPackageId=Microsoft.NETCore.App.Ref
1>                    NuGetPackageVersion=3.0.0
1>                    Private=false
1>                    PublicKeyToken=b03f5f7f11d50a3a
1>            C:\Users\hansnguyen\.nuget\packages\microsoft.netcore.app.ref\3.0.0\ref\netcoreapp3.0\System.Net.Security.dll
1>                    AssemblyVersion=4.1.1.0
1>                    ExternallyResolved=true
1>                    FileVersion=4.700.19.46214
1>                    FrameworkReferenceName=Microsoft.NETCore.App
1>                    FrameworkReferenceVersion=3.0.0
1>                    NuGetPackageId=Microsoft.NETCore.App.Ref
1>                    NuGetPackageVersion=3.0.0
1>                    Private=false
1>                    PublicKeyToken=b03f5f7f11d50a3a
1>            C:\Users\hansnguyen\.nuget\packages\microsoft.netcore.app.ref\3.0.0\ref\netcoreapp3.0\System.Net.ServicePoint.dll
1>                    AssemblyVersion=4.0.1.0
1>                    ExternallyResolved=true
1>                    FileVersion=4.700.19.46214
1>                    FrameworkReferenceName=Microsoft.NETCore.App
1>                    FrameworkReferenceVersion=3.0.0
1>                    NuGetPackageId=Microsoft.NETCore.App.Ref
1>                    NuGetPackageVersion=3.0.0
1>                    Private=false
1>                    PublicKeyToken=cc7b13ffcd2ddd51
1>            C:\Users\hansnguyen\.nuget\packages\microsoft.netcore.app.ref\3.0.0\ref\netcoreapp3.0\System.Net.Sockets.dll
1>                    AssemblyVersion=4.2.1.0
1>                    ExternallyResolved=true
1>                    FileVersion=4.700.19.46214
1>                    FrameworkReferenceName=Microsoft.NETCore.App
1>                    FrameworkReferenceVersion=3.0.0
1>                    NuGetPackageId=Microsoft.NETCore.App.Ref
1>                    NuGetPackageVersion=3.0.0
1>                    Private=false
1>                    PublicKeyToken=b03f5f7f11d50a3a
1>            C:\Users\hansnguyen\.nuget\packages\microsoft.netcore.app.ref\3.0.0\ref\netcoreapp3.0\System.Net.WebClient.dll
1>                    AssemblyVersion=4.0.1.0
1>                    ExternallyResolved=true
1>                    FileVersion=4.700.19.46214
1>                    FrameworkReferenceName=Microsoft.NETCore.App
1>                    FrameworkReferenceVersion=3.0.0
1>                    NuGetPackageId=Microsoft.NETCore.App.Ref
1>                    NuGetPackageVersion=3.0.0
1>                    Private=false
1>                    PublicKeyToken=cc7b13ffcd2ddd51
1>            C:\Users\hansnguyen\.nuget\packages\microsoft.netcore.app.ref\3.0.0\ref\netcoreapp3.0\System.Net.WebHeaderCollection.dll
1>                    AssemblyVersion=4.1.1.0
1>                    ExternallyResolved=true
1>                    FileVersion=4.700.19.46214
1>                    FrameworkReferenceName=Microsoft.NETCore.App
1>                    FrameworkReferenceVersion=3.0.0
1>                    NuGetPackageId=Microsoft.NETCore.App.Ref
1>                    NuGetPackageVersion=3.0.0
1>                    Private=false
1>                    PublicKeyToken=b03f5f7f11d50a3a
1>            C:\Users\hansnguyen\.nuget\packages\microsoft.netcore.app.ref\3.0.0\ref\netcoreapp3.0\System.Net.WebProxy.dll
1>                    AssemblyVersion=4.0.1.0
1>                    ExternallyResolved=true
1>                    FileVersion=4.700.19.46214
1>                    FrameworkReferenceName=Microsoft.NETCore.App
1>                    FrameworkReferenceVersion=3.0.0
1>                    NuGetPackageId=Microsoft.NETCore.App.Ref
1>                    NuGetPackageVersion=3.0.0
1>                    Private=false
1>                    PublicKeyToken=cc7b13ffcd2ddd51
1>            C:\Users\hansnguyen\.nuget\packages\microsoft.netcore.app.ref\3.0.0\ref\netcoreapp3.0\System.Net.WebSockets.Client.dll
1>                    AssemblyVersion=4.1.1.0
1>                    ExternallyResolved=true
1>                    FileVersion=4.700.19.46214
1>                    FrameworkReferenceName=Microsoft.NETCore.App
1>                    FrameworkReferenceVersion=3.0.0
1>                    NuGetPackageId=Microsoft.NETCore.App.Ref
1>                    NuGetPackageVersion=3.0.0
1>                    Private=false
1>                    PublicKeyToken=b03f5f7f11d50a3a
1>            C:\Users\hansnguyen\.nuget\packages\microsoft.netcore.app.ref\3.0.0\ref\netcoreapp3.0\System.Net.WebSockets.dll
1>                    AssemblyVersion=4.1.1.0
1>                    ExternallyResolved=true
1>                    FileVersion=4.700.19.46214
1>                    FrameworkReferenceName=Microsoft.NETCore.App
1>                    FrameworkReferenceVersion=3.0.0
1>                    NuGetPackageId=Microsoft.NETCore.App.Ref
1>                    NuGetPackageVersion=3.0.0
1>                    Private=false
1>                    PublicKeyToken=b03f5f7f11d50a3a
1>            C:\Users\hansnguyen\.nuget\packages\microsoft.netcore.app.ref\3.0.0\ref\netcoreapp3.0\System.Net.dll
1>                    AssemblyVersion=4.0.0.0
1>                    ExternallyResolved=true
1>                    FileVersion=4.700.19.46214
1>                    FrameworkReferenceName=Microsoft.NETCore.App
1>                    FrameworkReferenceVersion=3.0.0
1>                    NuGetPackageId=Microsoft.NETCore.App.Ref
1>                    NuGetPackageVersion=3.0.0
1>                    Private=false
1>                    PublicKeyToken=b03f5f7f11d50a3a
1>            C:\Users\hansnguyen\.nuget\packages\microsoft.netcore.app.ref\3.0.0\ref\netcoreapp3.0\System.Numerics.Vectors.dll
1>                    AssemblyVersion=4.1.5.0
1>                    ExternallyResolved=true
1>                    FileVersion=4.700.19.46214
1>                    FrameworkReferenceName=Microsoft.NETCore.App
1>                    FrameworkReferenceVersion=3.0.0
1>                    NuGetPackageId=Microsoft.NETCore.App.Ref
1>                    NuGetPackageVersion=3.0.0
1>                    Private=false
1>                    PublicKeyToken=b03f5f7f11d50a3a
1>            C:\Users\hansnguyen\.nuget\packages\microsoft.netcore.app.ref\3.0.0\ref\netcoreapp3.0\System.Numerics.dll
1>                    AssemblyVersion=4.0.0.0
1>                    ExternallyResolved=true
1>                    FileVersion=4.700.19.46214
1>                    FrameworkReferenceName=Microsoft.NETCore.App
1>                    FrameworkReferenceVersion=3.0.0
1>                    NuGetPackageId=Microsoft.NETCore.App.Ref
1>                    NuGetPackageVersion=3.0.0
1>                    Private=false
1>                    PublicKeyToken=b77a5c561934e089
1>            C:\Users\hansnguyen\.nuget\packages\microsoft.netcore.app.ref\3.0.0\ref\netcoreapp3.0\System.ObjectModel.dll
1>                    AssemblyVersion=4.1.1.0
1>                    ExternallyResolved=true
1>                    FileVersion=4.700.19.46214
1>                    FrameworkReferenceName=Microsoft.NETCore.App
1>                    FrameworkReferenceVersion=3.0.0
1>                    NuGetPackageId=Microsoft.NETCore.App.Ref
1>                    NuGetPackageVersion=3.0.0
1>                    Private=false
1>                    PublicKeyToken=b03f5f7f11d50a3a
1>            C:\Users\hansnguyen\.nuget\packages\microsoft.netcore.app.ref\3.0.0\ref\netcoreapp3.0\System.Reflection.DispatchProxy.dll
1>                    AssemblyVersion=4.0.5.0
1>                    ExternallyResolved=true
1>                    FileVersion=4.700.19.46214
1>                    FrameworkReferenceName=Microsoft.NETCore.App
1>                    FrameworkReferenceVersion=3.0.0
1>                    NuGetPackageId=Microsoft.NETCore.App.Ref
1>                    NuGetPackageVersion=3.0.0
1>                    Private=false
1>                    PublicKeyToken=b03f5f7f11d50a3a
1>            C:\Users\hansnguyen\.nuget\packages\microsoft.netcore.app.ref\3.0.0\ref\netcoreapp3.0\System.Reflection.Emit.ILGeneration.dll
1>                    AssemblyVersion=4.1.0.0
1>                    ExternallyResolved=true
1>                    FileVersion=4.700.19.46214
1>                    FrameworkReferenceName=Microsoft.NETCore.App
1>                    FrameworkReferenceVersion=3.0.0
1>                    NuGetPackageId=Microsoft.NETCore.App.Ref
1>                    NuGetPackageVersion=3.0.0
1>                    Private=false
1>                    PublicKeyToken=b03f5f7f11d50a3a
1>            C:\Users\hansnguyen\.nuget\packages\microsoft.netcore.app.ref\3.0.0\ref\netcoreapp3.0\System.Reflection.Emit.Lightweight.dll
1>                    AssemblyVersion=4.1.0.0
1>                    ExternallyResolved=true
1>                    FileVersion=4.700.19.46214
1>                    FrameworkReferenceName=Microsoft.NETCore.App
1>                    FrameworkReferenceVersion=3.0.0
1>                    NuGetPackageId=Microsoft.NETCore.App.Ref
1>                    NuGetPackageVersion=3.0.0
1>                    Private=false
1>                    PublicKeyToken=b03f5f7f11d50a3a
1>            C:\Users\hansnguyen\.nuget\packages\microsoft.netcore.app.ref\3.0.0\ref\netcoreapp3.0\System.Reflection.Emit.dll
1>                    AssemblyVersion=4.1.1.0
1>                    ExternallyResolved=true
1>                    FileVersion=4.700.19.46214
1>                    FrameworkReferenceName=Microsoft.NETCore.App
1>                    FrameworkReferenceVersion=3.0.0
1>                    NuGetPackageId=Microsoft.NETCore.App.Ref
1>                    NuGetPackageVersion=3.0.0
1>                    Private=false
1>                    PublicKeyToken=b03f5f7f11d50a3a
1>            C:\Users\hansnguyen\.nuget\packages\microsoft.netcore.app.ref\3.0.0\ref\netcoreapp3.0\System.Reflection.Extensions.dll
1>                    AssemblyVersion=4.1.1.0
1>                    ExternallyResolved=true
1>                    FileVersion=4.700.19.46214
1>                    FrameworkReferenceName=Microsoft.NETCore.App
1>                    FrameworkReferenceVersion=3.0.0
1>                    NuGetPackageId=Microsoft.NETCore.App.Ref
1>                    NuGetPackageVersion=3.0.0
1>                    Private=false
1>                    PublicKeyToken=b03f5f7f11d50a3a
1>            C:\Users\hansnguyen\.nuget\packages\microsoft.netcore.app.ref\3.0.0\ref\netcoreapp3.0\System.Reflection.Metadata.dll
1>                    AssemblyVersion=1.4.4.0
1>                    ExternallyResolved=true
1>                    FileVersion=4.700.19.46214
1>                    FrameworkReferenceName=Microsoft.NETCore.App
1>                    FrameworkReferenceVersion=3.0.0
1>                    NuGetPackageId=Microsoft.NETCore.App.Ref
1>                    NuGetPackageVersion=3.0.0
1>                    Private=false
1>                    PublicKeyToken=b03f5f7f11d50a3a
1>            C:\Users\hansnguyen\.nuget\packages\microsoft.netcore.app.ref\3.0.0\ref\netcoreapp3.0\System.Reflection.Primitives.dll
1>                    AssemblyVersion=4.1.1.0
1>                    ExternallyResolved=true
1>                    FileVersion=4.700.19.46214
1>                    FrameworkReferenceName=Microsoft.NETCore.App
1>                    FrameworkReferenceVersion=3.0.0
1>                    NuGetPackageId=Microsoft.NETCore.App.Ref
1>                    NuGetPackageVersion=3.0.0
1>                    Private=false
1>                    PublicKeyToken=b03f5f7f11d50a3a
1>            C:\Users\hansnguyen\.nuget\packages\microsoft.netcore.app.ref\3.0.0\ref\netcoreapp3.0\System.Reflection.TypeExtensions.dll
1>                    AssemblyVersion=4.1.2.0
1>                    ExternallyResolved=true
1>                    FileVersion=4.700.19.46214
1>                    FrameworkReferenceName=Microsoft.NETCore.App
1>                    FrameworkReferenceVersion=3.0.0
1>                    NuGetPackageId=Microsoft.NETCore.App.Ref
1>                    NuGetPackageVersion=3.0.0
1>                    Private=false
1>                    PublicKeyToken=b03f5f7f11d50a3a
1>            C:\Users\hansnguyen\.nuget\packages\microsoft.netcore.app.ref\3.0.0\ref\netcoreapp3.0\System.Reflection.dll
1>                    AssemblyVersion=4.2.1.0
1>                    ExternallyResolved=true
1>                    FileVersion=4.700.19.46214
1>                    FrameworkReferenceName=Microsoft.NETCore.App
1>                    FrameworkReferenceVersion=3.0.0
1>                    NuGetPackageId=Microsoft.NETCore.App.Ref
1>                    NuGetPackageVersion=3.0.0
1>                    Private=false
1>                    PublicKeyToken=b03f5f7f11d50a3a
1>            C:\Users\hansnguyen\.nuget\packages\microsoft.netcore.app.ref\3.0.0\ref\netcoreapp3.0\System.Resources.Reader.dll
1>                    AssemblyVersion=4.1.1.0
1>                    ExternallyResolved=true
1>                    FileVersion=4.700.19.46214
1>                    FrameworkReferenceName=Microsoft.NETCore.App
1>                    FrameworkReferenceVersion=3.0.0
1>                    NuGetPackageId=Microsoft.NETCore.App.Ref
1>                    NuGetPackageVersion=3.0.0
1>                    Private=false
1>                    PublicKeyToken=b03f5f7f11d50a3a
1>            C:\Users\hansnguyen\.nuget\packages\microsoft.netcore.app.ref\3.0.0\ref\netcoreapp3.0\System.Resources.ResourceManager.dll
1>                    AssemblyVersion=4.1.1.0
1>                    ExternallyResolved=true
1>                    FileVersion=4.700.19.46214
1>                    FrameworkReferenceName=Microsoft.NETCore.App
1>                    FrameworkReferenceVersion=3.0.0
1>                    NuGetPackageId=Microsoft.NETCore.App.Ref
1>                    NuGetPackageVersion=3.0.0
1>                    Private=false
1>                    PublicKeyToken=b03f5f7f11d50a3a
1>            C:\Users\hansnguyen\.nuget\packages\microsoft.netcore.app.ref\3.0.0\ref\netcoreapp3.0\System.Resources.Writer.dll
1>                    AssemblyVersion=4.1.1.0
1>                    ExternallyResolved=true
1>                    FileVersion=4.700.19.46214
1>                    FrameworkReferenceName=Microsoft.NETCore.App
1>                    FrameworkReferenceVersion=3.0.0
1>                    NuGetPackageId=Microsoft.NETCore.App.Ref
1>                    NuGetPackageVersion=3.0.0
1>                    Private=false
1>                    PublicKeyToken=b03f5f7f11d50a3a
1>            C:\Users\hansnguyen\.nuget\packages\microsoft.netcore.app.ref\3.0.0\ref\netcoreapp3.0\System.Runtime.CompilerServices.Unsafe.dll
1>                    AssemblyVersion=4.0.5.0
1>                    ExternallyResolved=true
1>                    FileVersion=4.700.19.46214
1>                    FrameworkReferenceName=Microsoft.NETCore.App
1>                    FrameworkReferenceVersion=3.0.0
1>                    NuGetPackageId=Microsoft.NETCore.App.Ref
1>                    NuGetPackageVersion=3.0.0
1>                    Private=false
1>                    PublicKeyToken=b03f5f7f11d50a3a
1>            C:\Users\hansnguyen\.nuget\packages\microsoft.netcore.app.ref\3.0.0\ref\netcoreapp3.0\System.Runtime.CompilerServices.VisualC.dll
1>                    AssemblyVersion=4.1.1.0
1>                    ExternallyResolved=true
1>                    FileVersion=4.700.19.46214
1>                    FrameworkReferenceName=Microsoft.NETCore.App
1>                    FrameworkReferenceVersion=3.0.0
1>                    NuGetPackageId=Microsoft.NETCore.App.Ref
1>                    NuGetPackageVersion=3.0.0
1>                    Private=false
1>                    PublicKeyToken=b03f5f7f11d50a3a
1>            C:\Users\hansnguyen\.nuget\packages\microsoft.netcore.app.ref\3.0.0\ref\netcoreapp3.0\System.Runtime.Extensions.dll
1>                    AssemblyVersion=4.2.1.0
1>                    ExternallyResolved=true
1>                    FileVersion=4.700.19.46214
1>                    FrameworkReferenceName=Microsoft.NETCore.App
1>                    FrameworkReferenceVersion=3.0.0
1>                    NuGetPackageId=Microsoft.NETCore.App.Ref
1>                    NuGetPackageVersion=3.0.0
1>                    Private=false
1>                    PublicKeyToken=b03f5f7f11d50a3a
1>            C:\Users\hansnguyen\.nuget\packages\microsoft.netcore.app.ref\3.0.0\ref\netcoreapp3.0\System.Runtime.Handles.dll
1>                    AssemblyVersion=4.1.1.0
1>                    ExternallyResolved=true
1>                    FileVersion=4.700.19.46214
1>                    FrameworkReferenceName=Microsoft.NETCore.App
1>                    FrameworkReferenceVersion=3.0.0
1>                    NuGetPackageId=Microsoft.NETCore.App.Ref
1>                    NuGetPackageVersion=3.0.0
1>                    Private=false
1>                    PublicKeyToken=b03f5f7f11d50a3a
1>            C:\Users\hansnguyen\.nuget\packages\microsoft.netcore.app.ref\3.0.0\ref\netcoreapp3.0\System.Runtime.InteropServices.RuntimeInformation.dll
1>                    AssemblyVersion=4.0.3.0
1>                    ExternallyResolved=true
1>                    FileVersion=4.700.19.46214
1>                    FrameworkReferenceName=Microsoft.NETCore.App
1>                    FrameworkReferenceVersion=3.0.0
1>                    NuGetPackageId=Microsoft.NETCore.App.Ref
1>                    NuGetPackageVersion=3.0.0
1>                    Private=false
1>                    PublicKeyToken=b03f5f7f11d50a3a
1>            C:\Users\hansnguyen\.nuget\packages\microsoft.netcore.app.ref\3.0.0\ref\netcoreapp3.0\System.Runtime.InteropServices.WindowsRuntime.dll
1>                    AssemblyVersion=4.0.3.0
1>                    ExternallyResolved=true
1>                    FileVersion=4.700.19.46214
1>                    FrameworkReferenceName=Microsoft.NETCore.App
1>                    FrameworkReferenceVersion=3.0.0
1>                    NuGetPackageId=Microsoft.NETCore.App.Ref
1>                    NuGetPackageVersion=3.0.0
1>                    Private=false
1>                    PublicKeyToken=b03f5f7f11d50a3a
1>            C:\Users\hansnguyen\.nuget\packages\microsoft.netcore.app.ref\3.0.0\ref\netcoreapp3.0\System.Runtime.InteropServices.dll
1>                    AssemblyVersion=4.2.1.0
1>                    ExternallyResolved=true
1>                    FileVersion=4.700.19.46214
1>                    FrameworkReferenceName=Microsoft.NETCore.App
1>                    FrameworkReferenceVersion=3.0.0
1>                    NuGetPackageId=Microsoft.NETCore.App.Ref
1>                    NuGetPackageVersion=3.0.0
1>                    Private=false
1>                    PublicKeyToken=b03f5f7f11d50a3a
1>            C:\Users\hansnguyen\.nuget\packages\microsoft.netcore.app.ref\3.0.0\ref\netcoreapp3.0\System.Runtime.Intrinsics.dll
1>                    AssemblyVersion=4.0.0.0
1>                    ExternallyResolved=true
1>                    FileVersion=4.700.19.46214
1>                    FrameworkReferenceName=Microsoft.NETCore.App
1>                    FrameworkReferenceVersion=3.0.0
1>                    NuGetPackageId=Microsoft.NETCore.App.Ref
1>                    NuGetPackageVersion=3.0.0
1>                    Private=false
1>                    PublicKeyToken=cc7b13ffcd2ddd51
1>            C:\Users\hansnguyen\.nuget\packages\microsoft.netcore.app.ref\3.0.0\ref\netcoreapp3.0\System.Runtime.Loader.dll
1>                    AssemblyVersion=4.1.0.0
1>                    ExternallyResolved=true
1>                    FileVersion=4.700.19.46214
1>                    FrameworkReferenceName=Microsoft.NETCore.App
1>                    FrameworkReferenceVersion=3.0.0
1>                    NuGetPackageId=Microsoft.NETCore.App.Ref
1>                    NuGetPackageVersion=3.0.0
1>                    Private=false
1>                    PublicKeyToken=b03f5f7f11d50a3a
1>            C:\Users\hansnguyen\.nuget\packages\microsoft.netcore.app.ref\3.0.0\ref\netcoreapp3.0\System.Runtime.Numerics.dll
1>                    AssemblyVersion=4.1.1.0
1>                    ExternallyResolved=true
1>                    FileVersion=4.700.19.46214
1>                    FrameworkReferenceName=Microsoft.NETCore.App
1>                    FrameworkReferenceVersion=3.0.0
1>                    NuGetPackageId=Microsoft.NETCore.App.Ref
1>                    NuGetPackageVersion=3.0.0
1>                    Private=false
1>                    PublicKeyToken=b03f5f7f11d50a3a
1>            C:\Users\hansnguyen\.nuget\packages\microsoft.netcore.app.ref\3.0.0\ref\netcoreapp3.0\System.Runtime.Serialization.Formatters.dll
1>                    AssemblyVersion=4.0.3.0
1>                    ExternallyResolved=true
1>                    FileVersion=4.700.19.46214
1>                    FrameworkReferenceName=Microsoft.NETCore.App
1>                    FrameworkReferenceVersion=3.0.0
1>                    NuGetPackageId=Microsoft.NETCore.App.Ref
1>                    NuGetPackageVersion=3.0.0
1>                    Private=false
1>                    PublicKeyToken=b03f5f7f11d50a3a
1>            C:\Users\hansnguyen\.nuget\packages\microsoft.netcore.app.ref\3.0.0\ref\netcoreapp3.0\System.Runtime.Serialization.Json.dll
1>                    AssemblyVersion=4.0.4.0
1>                    ExternallyResolved=true
1>                    FileVersion=4.700.19.46214
1>                    FrameworkReferenceName=Microsoft.NETCore.App
1>                    FrameworkReferenceVersion=3.0.0
1>                    NuGetPackageId=Microsoft.NETCore.App.Ref
1>                    NuGetPackageVersion=3.0.0
1>                    Private=false
1>                    PublicKeyToken=b03f5f7f11d50a3a
1>            C:\Users\hansnguyen\.nuget\packages\microsoft.netcore.app.ref\3.0.0\ref\netcoreapp3.0\System.Runtime.Serialization.Primitives.dll
1>                    AssemblyVersion=4.2.1.0
1>                    ExternallyResolved=true
1>                    FileVersion=4.700.19.46214
1>                    FrameworkReferenceName=Microsoft.NETCore.App
1>                    FrameworkReferenceVersion=3.0.0
1>                    NuGetPackageId=Microsoft.NETCore.App.Ref
1>                    NuGetPackageVersion=3.0.0
1>                    Private=false
1>                    PublicKeyToken=b03f5f7f11d50a3a
1>            C:\Users\hansnguyen\.nuget\packages\microsoft.netcore.app.ref\3.0.0\ref\netcoreapp3.0\System.Runtime.Serialization.Xml.dll
1>                    AssemblyVersion=4.1.4.0
1>                    ExternallyResolved=true
1>                    FileVersion=4.700.19.46214
1>                    FrameworkReferenceName=Microsoft.NETCore.App
1>                    FrameworkReferenceVersion=3.0.0
1>                    NuGetPackageId=Microsoft.NETCore.App.Ref
1>                    NuGetPackageVersion=3.0.0
1>                    Private=false
1>                    PublicKeyToken=b03f5f7f11d50a3a
1>            C:\Users\hansnguyen\.nuget\packages\microsoft.netcore.app.ref\3.0.0\ref\netcoreapp3.0\System.Runtime.Serialization.dll
1>                    AssemblyVersion=4.0.0.0
1>                    ExternallyResolved=true
1>                    FileVersion=4.700.19.46214
1>                    FrameworkReferenceName=Microsoft.NETCore.App
1>                    FrameworkReferenceVersion=3.0.0
1>                    NuGetPackageId=Microsoft.NETCore.App.Ref
1>                    NuGetPackageVersion=3.0.0
1>                    Private=false
1>                    PublicKeyToken=b77a5c561934e089
1>            C:\Users\hansnguyen\.nuget\packages\microsoft.netcore.app.ref\3.0.0\ref\netcoreapp3.0\System.Runtime.dll
1>                    AssemblyVersion=4.2.1.0
1>                    ExternallyResolved=true
1>                    FileVersion=4.700.19.46214
1>                    FrameworkReferenceName=Microsoft.NETCore.App
1>                    FrameworkReferenceVersion=3.0.0
1>                    NuGetPackageId=Microsoft.NETCore.App.Ref
1>                    NuGetPackageVersion=3.0.0
1>                    Private=false
1>                    PublicKeyToken=b03f5f7f11d50a3a
1>            C:\Users\hansnguyen\.nuget\packages\microsoft.netcore.app.ref\3.0.0\ref\netcoreapp3.0\System.Security.Claims.dll
1>                    AssemblyVersion=4.1.1.0
1>                    ExternallyResolved=true
1>                    FileVersion=4.700.19.46214
1>                    FrameworkReferenceName=Microsoft.NETCore.App
1>                    FrameworkReferenceVersion=3.0.0
1>                    NuGetPackageId=Microsoft.NETCore.App.Ref
1>                    NuGetPackageVersion=3.0.0
1>                    Private=false
1>                    PublicKeyToken=b03f5f7f11d50a3a
1>            C:\Users\hansnguyen\.nuget\packages\microsoft.netcore.app.ref\3.0.0\ref\netcoreapp3.0\System.Security.Cryptography.Algorithms.dll
1>                    AssemblyVersion=4.3.1.0
1>                    ExternallyResolved=true
1>                    FileVersion=4.700.19.46214
1>                    FrameworkReferenceName=Microsoft.NETCore.App
1>                    FrameworkReferenceVersion=3.0.0
1>                    NuGetPackageId=Microsoft.NETCore.App.Ref
1>                    NuGetPackageVersion=3.0.0
1>                    Private=false
1>                    PublicKeyToken=b03f5f7f11d50a3a
1>            C:\Users\hansnguyen\.nuget\packages\microsoft.netcore.app.ref\3.0.0\ref\netcoreapp3.0\System.Security.Cryptography.Csp.dll
1>                    AssemblyVersion=4.1.1.0
1>                    ExternallyResolved=true
1>                    FileVersion=4.700.19.46214
1>                    FrameworkReferenceName=Microsoft.NETCore.App
1>                    FrameworkReferenceVersion=3.0.0
1>                    NuGetPackageId=Microsoft.NETCore.App.Ref
1>                    NuGetPackageVersion=3.0.0
1>                    Private=false
1>                    PublicKeyToken=b03f5f7f11d50a3a
1>            C:\Users\hansnguyen\.nuget\packages\microsoft.netcore.app.ref\3.0.0\ref\netcoreapp3.0\System.Security.Cryptography.Encoding.dll
1>                    AssemblyVersion=4.1.1.0
1>                    ExternallyResolved=true
1>                    FileVersion=4.700.19.46214
1>                    FrameworkReferenceName=Microsoft.NETCore.App
1>                    FrameworkReferenceVersion=3.0.0
1>                    NuGetPackageId=Microsoft.NETCore.App.Ref
1>                    NuGetPackageVersion=3.0.0
1>                    Private=false
1>                    PublicKeyToken=b03f5f7f11d50a3a
1>            C:\Users\hansnguyen\.nuget\packages\microsoft.netcore.app.ref\3.0.0\ref\netcoreapp3.0\System.Security.Cryptography.Primitives.dll
1>                    AssemblyVersion=4.1.1.0
1>                    ExternallyResolved=true
1>                    FileVersion=4.700.19.46214
1>                    FrameworkReferenceName=Microsoft.NETCore.App
1>                    FrameworkReferenceVersion=3.0.0
1>                    NuGetPackageId=Microsoft.NETCore.App.Ref
1>                    NuGetPackageVersion=3.0.0
1>                    Private=false
1>                    PublicKeyToken=b03f5f7f11d50a3a
1>            C:\Users\hansnguyen\.nuget\packages\microsoft.netcore.app.ref\3.0.0\ref\netcoreapp3.0\System.Security.Cryptography.X509Certificates.dll
1>                    AssemblyVersion=4.2.1.0
1>                    ExternallyResolved=true
1>                    FileVersion=4.700.19.46214
1>                    FrameworkReferenceName=Microsoft.NETCore.App
1>                    FrameworkReferenceVersion=3.0.0
1>                    NuGetPackageId=Microsoft.NETCore.App.Ref
1>                    NuGetPackageVersion=3.0.0
1>                    Private=false
1>                    PublicKeyToken=b03f5f7f11d50a3a
1>            C:\Users\hansnguyen\.nuget\packages\microsoft.netcore.app.ref\3.0.0\ref\netcoreapp3.0\System.Security.Principal.dll
1>                    AssemblyVersion=4.1.1.0
1>                    ExternallyResolved=true
1>                    FileVersion=4.700.19.46214
1>                    FrameworkReferenceName=Microsoft.NETCore.App
1>                    FrameworkReferenceVersion=3.0.0
1>                    NuGetPackageId=Microsoft.NETCore.App.Ref
1>                    NuGetPackageVersion=3.0.0
1>                    Private=false
1>                    PublicKeyToken=b03f5f7f11d50a3a
1>            C:\Users\hansnguyen\.nuget\packages\microsoft.netcore.app.ref\3.0.0\ref\netcoreapp3.0\System.Security.SecureString.dll
1>                    AssemblyVersion=4.1.1.0
1>                    ExternallyResolved=true
1>                    FileVersion=4.700.19.46214
1>                    FrameworkReferenceName=Microsoft.NETCore.App
1>                    FrameworkReferenceVersion=3.0.0
1>                    NuGetPackageId=Microsoft.NETCore.App.Ref
1>                    NuGetPackageVersion=3.0.0
1>                    Private=false
1>                    PublicKeyToken=b03f5f7f11d50a3a
1>            C:\Users\hansnguyen\.nuget\packages\microsoft.netcore.app.ref\3.0.0\ref\netcoreapp3.0\System.Security.dll
1>                    AssemblyVersion=4.0.0.0
1>                    ExternallyResolved=true
1>                    FileVersion=4.700.19.46214
1>                    FrameworkReferenceName=Microsoft.NETCore.App
1>                    FrameworkReferenceVersion=3.0.0
1>                    NuGetPackageId=Microsoft.NETCore.App.Ref
1>                    NuGetPackageVersion=3.0.0
1>                    Private=false
1>                    PublicKeyToken=b03f5f7f11d50a3a
1>            C:\Users\hansnguyen\.nuget\packages\microsoft.netcore.app.ref\3.0.0\ref\netcoreapp3.0\System.ServiceModel.Web.dll
1>                    AssemblyVersion=4.0.0.0
1>                    ExternallyResolved=true
1>                    FileVersion=4.700.19.46214
1>                    FrameworkReferenceName=Microsoft.NETCore.App
1>                    FrameworkReferenceVersion=3.0.0
1>                    NuGetPackageId=Microsoft.NETCore.App.Ref
1>                    NuGetPackageVersion=3.0.0
1>                    Private=false
1>                    PublicKeyToken=31bf3856ad364e35
1>            C:\Users\hansnguyen\.nuget\packages\microsoft.netcore.app.ref\3.0.0\ref\netcoreapp3.0\System.ServiceProcess.dll
1>                    AssemblyVersion=4.0.0.0
1>                    ExternallyResolved=true
1>                    FileVersion=4.700.19.46214
1>                    FrameworkReferenceName=Microsoft.NETCore.App
1>                    FrameworkReferenceVersion=3.0.0
1>                    NuGetPackageId=Microsoft.NETCore.App.Ref
1>                    NuGetPackageVersion=3.0.0
1>                    Private=false
1>                    PublicKeyToken=b03f5f7f11d50a3a
1>            C:\Users\hansnguyen\.nuget\packages\microsoft.netcore.app.ref\3.0.0\ref\netcoreapp3.0\System.Text.Encoding.CodePages.dll
1>                    AssemblyVersion=4.1.2.0
1>                    ExternallyResolved=true
1>                    FileVersion=4.700.19.46214
1>                    FrameworkReferenceName=Microsoft.NETCore.App
1>                    FrameworkReferenceVersion=3.0.0
1>                    NuGetPackageId=Microsoft.NETCore.App.Ref
1>                    NuGetPackageVersion=3.0.0
1>                    Private=false
1>                    PublicKeyToken=b03f5f7f11d50a3a
1>            C:\Users\hansnguyen\.nuget\packages\microsoft.netcore.app.ref\3.0.0\ref\netcoreapp3.0\System.Text.Encoding.Extensions.dll
1>                    AssemblyVersion=4.1.1.0
1>                    ExternallyResolved=true
1>                    FileVersion=4.700.19.46214
1>                    FrameworkReferenceName=Microsoft.NETCore.App
1>                    FrameworkReferenceVersion=3.0.0
1>                    NuGetPackageId=Microsoft.NETCore.App.Ref
1>                    NuGetPackageVersion=3.0.0
1>                    Private=false
1>                    PublicKeyToken=b03f5f7f11d50a3a
1>            C:\Users\hansnguyen\.nuget\packages\microsoft.netcore.app.ref\3.0.0\ref\netcoreapp3.0\System.Text.Encoding.dll
1>                    AssemblyVersion=4.1.1.0
1>                    ExternallyResolved=true
1>                    FileVersion=4.700.19.46214
1>                    FrameworkReferenceName=Microsoft.NETCore.App
1>                    FrameworkReferenceVersion=3.0.0
1>                    NuGetPackageId=Microsoft.NETCore.App.Ref
1>                    NuGetPackageVersion=3.0.0
1>                    Private=false
1>                    PublicKeyToken=b03f5f7f11d50a3a
1>            C:\Users\hansnguyen\.nuget\packages\microsoft.netcore.app.ref\3.0.0\ref\netcoreapp3.0\System.Text.Encodings.Web.dll
1>                    AssemblyVersion=4.0.4.0
1>                    ExternallyResolved=true
1>                    FileVersion=4.700.19.46214
1>                    FrameworkReferenceName=Microsoft.NETCore.App
1>                    FrameworkReferenceVersion=3.0.0
1>                    NuGetPackageId=Microsoft.NETCore.App.Ref
1>                    NuGetPackageVersion=3.0.0
1>                    Private=false
1>                    PublicKeyToken=cc7b13ffcd2ddd51
1>            C:\Users\hansnguyen\.nuget\packages\microsoft.netcore.app.ref\3.0.0\ref\netcoreapp3.0\System.Text.Json.dll
1>                    AssemblyVersion=4.0.0.0
1>                    ExternallyResolved=true
1>                    FileVersion=4.700.19.46214
1>                    FrameworkReferenceName=Microsoft.NETCore.App
1>                    FrameworkReferenceVersion=3.0.0
1>                    NuGetPackageId=Microsoft.NETCore.App.Ref
1>                    NuGetPackageVersion=3.0.0
1>                    Private=false
1>                    PublicKeyToken=cc7b13ffcd2ddd51
1>            C:\Users\hansnguyen\.nuget\packages\microsoft.netcore.app.ref\3.0.0\ref\netcoreapp3.0\System.Text.RegularExpressions.dll
1>                    AssemblyVersion=4.2.1.0
1>                    ExternallyResolved=true
1>                    FileVersion=4.700.19.46214
1>                    FrameworkReferenceName=Microsoft.NETCore.App
1>                    FrameworkReferenceVersion=3.0.0
1>                    NuGetPackageId=Microsoft.NETCore.App.Ref
1>                    NuGetPackageVersion=3.0.0
1>                    Private=false
1>                    PublicKeyToken=b03f5f7f11d50a3a
1>            C:\Users\hansnguyen\.nuget\packages\microsoft.netcore.app.ref\3.0.0\ref\netcoreapp3.0\System.Threading.Channels.dll
1>                    AssemblyVersion=4.0.1.0
1>                    ExternallyResolved=true
1>                    FileVersion=4.700.19.46214
1>                    FrameworkReferenceName=Microsoft.NETCore.App
1>                    FrameworkReferenceVersion=3.0.0
1>                    NuGetPackageId=Microsoft.NETCore.App.Ref
1>                    NuGetPackageVersion=3.0.0
1>                    Private=false
1>                    PublicKeyToken=cc7b13ffcd2ddd51
1>            C:\Users\hansnguyen\.nuget\packages\microsoft.netcore.app.ref\3.0.0\ref\netcoreapp3.0\System.Threading.Overlapped.dll
1>                    AssemblyVersion=4.1.1.0
1>                    ExternallyResolved=true
1>                    FileVersion=4.700.19.46214
1>                    FrameworkReferenceName=Microsoft.NETCore.App
1>                    FrameworkReferenceVersion=3.0.0
1>                    NuGetPackageId=Microsoft.NETCore.App.Ref
1>                    NuGetPackageVersion=3.0.0
1>                    Private=false
1>                    PublicKeyToken=b03f5f7f11d50a3a
1>            C:\Users\hansnguyen\.nuget\packages\microsoft.netcore.app.ref\3.0.0\ref\netcoreapp3.0\System.Threading.Tasks.Dataflow.dll
1>                    AssemblyVersion=4.6.4.0
1>                    ExternallyResolved=true
1>                    FileVersion=4.700.19.46214
1>                    FrameworkReferenceName=Microsoft.NETCore.App
1>                    FrameworkReferenceVersion=3.0.0
1>                    NuGetPackageId=Microsoft.NETCore.App.Ref
1>                    NuGetPackageVersion=3.0.0
1>                    Private=false
1>                    PublicKeyToken=b03f5f7f11d50a3a
1>            C:\Users\hansnguyen\.nuget\packages\microsoft.netcore.app.ref\3.0.0\ref\netcoreapp3.0\System.Threading.Tasks.Extensions.dll
1>                    AssemblyVersion=4.3.0.0
1>                    ExternallyResolved=true
1>                    FileVersion=4.700.19.46214
1>                    FrameworkReferenceName=Microsoft.NETCore.App
1>                    FrameworkReferenceVersion=3.0.0
1>                    NuGetPackageId=Microsoft.NETCore.App.Ref
1>                    NuGetPackageVersion=3.0.0
1>                    Private=false
1>                    PublicKeyToken=cc7b13ffcd2ddd51
1>            C:\Users\hansnguyen\.nuget\packages\microsoft.netcore.app.ref\3.0.0\ref\netcoreapp3.0\System.Threading.Tasks.Parallel.dll
1>                    AssemblyVersion=4.0.3.0
1>                    ExternallyResolved=true
1>                    FileVersion=4.700.19.46214
1>                    FrameworkReferenceName=Microsoft.NETCore.App
1>                    FrameworkReferenceVersion=3.0.0
1>                    NuGetPackageId=Microsoft.NETCore.App.Ref
1>                    NuGetPackageVersion=3.0.0
1>                    Private=false
1>                    PublicKeyToken=b03f5f7f11d50a3a
1>            C:\Users\hansnguyen\.nuget\packages\microsoft.netcore.app.ref\3.0.0\ref\netcoreapp3.0\System.Threading.Tasks.dll
1>                    AssemblyVersion=4.1.1.0
1>                    ExternallyResolved=true
1>                    FileVersion=4.700.19.46214
1>                    FrameworkReferenceName=Microsoft.NETCore.App
1>                    FrameworkReferenceVersion=3.0.0
1>                    NuGetPackageId=Microsoft.NETCore.App.Ref
1>                    NuGetPackageVersion=3.0.0
1>                    Private=false
1>                    PublicKeyToken=b03f5f7f11d50a3a
1>            C:\Users\hansnguyen\.nuget\packages\microsoft.netcore.app.ref\3.0.0\ref\netcoreapp3.0\System.Threading.Thread.dll
1>                    AssemblyVersion=4.1.1.0
1>                    ExternallyResolved=true
1>                    FileVersion=4.700.19.46214
1>                    FrameworkReferenceName=Microsoft.NETCore.App
1>                    FrameworkReferenceVersion=3.0.0
1>                    NuGetPackageId=Microsoft.NETCore.App.Ref
1>                    NuGetPackageVersion=3.0.0
1>                    Private=false
1>                    PublicKeyToken=b03f5f7f11d50a3a
1>            C:\Users\hansnguyen\.nuget\packages\microsoft.netcore.app.ref\3.0.0\ref\netcoreapp3.0\System.Threading.ThreadPool.dll
1>                    AssemblyVersion=4.1.1.0
1>                    ExternallyResolved=true
1>                    FileVersion=4.700.19.46214
1>                    FrameworkReferenceName=Microsoft.NETCore.App
1>                    FrameworkReferenceVersion=3.0.0
1>                    NuGetPackageId=Microsoft.NETCore.App.Ref
1>                    NuGetPackageVersion=3.0.0
1>                    Private=false
1>                    PublicKeyToken=b03f5f7f11d50a3a
1>            C:\Users\hansnguyen\.nuget\packages\microsoft.netcore.app.ref\3.0.0\ref\netcoreapp3.0\System.Threading.Timer.dll
1>                    AssemblyVersion=4.1.1.0
1>                    ExternallyResolved=true
1>                    FileVersion=4.700.19.46214
1>                    FrameworkReferenceName=Microsoft.NETCore.App
1>                    FrameworkReferenceVersion=3.0.0
1>                    NuGetPackageId=Microsoft.NETCore.App.Ref
1>                    NuGetPackageVersion=3.0.0
1>                    Private=false
1>                    PublicKeyToken=b03f5f7f11d50a3a
1>            C:\Users\hansnguyen\.nuget\packages\microsoft.netcore.app.ref\3.0.0\ref\netcoreapp3.0\System.Threading.dll
1>                    AssemblyVersion=4.1.1.0
1>                    ExternallyResolved=true
1>                    FileVersion=4.700.19.46214
1>                    FrameworkReferenceName=Microsoft.NETCore.App
1>                    FrameworkReferenceVersion=3.0.0
1>                    NuGetPackageId=Microsoft.NETCore.App.Ref
1>                    NuGetPackageVersion=3.0.0
1>                    Private=false
1>                    PublicKeyToken=b03f5f7f11d50a3a
1>            C:\Users\hansnguyen\.nuget\packages\microsoft.netcore.app.ref\3.0.0\ref\netcoreapp3.0\System.Transactions.Local.dll
1>                    AssemblyVersion=4.0.1.0
1>                    ExternallyResolved=true
1>                    FileVersion=4.700.19.46214
1>                    FrameworkReferenceName=Microsoft.NETCore.App
1>                    FrameworkReferenceVersion=3.0.0
1>                    NuGetPackageId=Microsoft.NETCore.App.Ref
1>                    NuGetPackageVersion=3.0.0
1>                    Private=false
1>                    PublicKeyToken=cc7b13ffcd2ddd51
1>            C:\Users\hansnguyen\.nuget\packages\microsoft.netcore.app.ref\3.0.0\ref\netcoreapp3.0\System.Transactions.dll
1>                    AssemblyVersion=4.0.0.0
1>                    ExternallyResolved=true
1>                    FileVersion=4.700.19.46214
1>                    FrameworkReferenceName=Microsoft.NETCore.App
1>                    FrameworkReferenceVersion=3.0.0
1>                    NuGetPackageId=Microsoft.NETCore.App.Ref
1>                    NuGetPackageVersion=3.0.0
1>                    Private=false
1>                    PublicKeyToken=b77a5c561934e089
1>            C:\Users\hansnguyen\.nuget\packages\microsoft.netcore.app.ref\3.0.0\ref\netcoreapp3.0\System.ValueTuple.dll
1>                    AssemblyVersion=4.0.3.0
1>                    ExternallyResolved=true
1>                    FileVersion=4.700.19.46214
1>                    FrameworkReferenceName=Microsoft.NETCore.App
1>                    FrameworkReferenceVersion=3.0.0
1>                    NuGetPackageId=Microsoft.NETCore.App.Ref
1>                    NuGetPackageVersion=3.0.0
1>                    Private=false
1>                    PublicKeyToken=cc7b13ffcd2ddd51
1>            C:\Users\hansnguyen\.nuget\packages\microsoft.netcore.app.ref\3.0.0\ref\netcoreapp3.0\System.Web.HttpUtility.dll
1>                    AssemblyVersion=4.0.1.0
1>                    ExternallyResolved=true
1>                    FileVersion=4.700.19.46214
1>                    FrameworkReferenceName=Microsoft.NETCore.App
1>                    FrameworkReferenceVersion=3.0.0
1>                    NuGetPackageId=Microsoft.NETCore.App.Ref
1>                    NuGetPackageVersion=3.0.0
1>                    Private=false
1>                    PublicKeyToken=cc7b13ffcd2ddd51
1>            C:\Users\hansnguyen\.nuget\packages\microsoft.netcore.app.ref\3.0.0\ref\netcoreapp3.0\System.Web.dll
1>                    AssemblyVersion=4.0.0.0
1>                    ExternallyResolved=true
1>                    FileVersion=4.700.19.46214
1>                    FrameworkReferenceName=Microsoft.NETCore.App
1>                    FrameworkReferenceVersion=3.0.0
1>                    NuGetPackageId=Microsoft.NETCore.App.Ref
1>                    NuGetPackageVersion=3.0.0
1>                    Private=false
1>                    PublicKeyToken=b03f5f7f11d50a3a
1>            C:\Users\hansnguyen\.nuget\packages\microsoft.netcore.app.ref\3.0.0\ref\netcoreapp3.0\System.Windows.dll
1>                    AssemblyVersion=4.0.0.0
1>                    ExternallyResolved=true
1>                    FileVersion=4.700.19.46214
1>                    FrameworkReferenceName=Microsoft.NETCore.App
1>                    FrameworkReferenceVersion=3.0.0
1>                    NuGetPackageId=Microsoft.NETCore.App.Ref
1>                    NuGetPackageVersion=3.0.0
1>                    Private=false
1>                    PublicKeyToken=b03f5f7f11d50a3a
1>            C:\Users\hansnguyen\.nuget\packages\microsoft.netcore.app.ref\3.0.0\ref\netcoreapp3.0\System.Xml.Linq.dll
1>                    AssemblyVersion=4.0.0.0
1>                    ExternallyResolved=true
1>                    FileVersion=4.700.19.46214
1>                    FrameworkReferenceName=Microsoft.NETCore.App
1>                    FrameworkReferenceVersion=3.0.0
1>                    NuGetPackageId=Microsoft.NETCore.App.Ref
1>                    NuGetPackageVersion=3.0.0
1>                    Private=false
1>                    PublicKeyToken=b77a5c561934e089
1>            C:\Users\hansnguyen\.nuget\packages\microsoft.netcore.app.ref\3.0.0\ref\netcoreapp3.0\System.Xml.ReaderWriter.dll
1>                    AssemblyVersion=4.2.1.0
1>                    ExternallyResolved=true
1>                    FileVersion=4.700.19.46214
1>                    FrameworkReferenceName=Microsoft.NETCore.App
1>                    FrameworkReferenceVersion=3.0.0
1>                    NuGetPackageId=Microsoft.NETCore.App.Ref
1>                    NuGetPackageVersion=3.0.0
1>                    Private=false
1>                    PublicKeyToken=b03f5f7f11d50a3a
1>            C:\Users\hansnguyen\.nuget\packages\microsoft.netcore.app.ref\3.0.0\ref\netcoreapp3.0\System.Xml.Serialization.dll
1>                    AssemblyVersion=4.0.0.0
1>                    ExternallyResolved=true
1>                    FileVersion=4.700.19.46214
1>                    FrameworkReferenceName=Microsoft.NETCore.App
1>                    FrameworkReferenceVersion=3.0.0
1>                    NuGetPackageId=Microsoft.NETCore.App.Ref
1>                    NuGetPackageVersion=3.0.0
1>                    Private=false
1>                    PublicKeyToken=b77a5c561934e089
1>            C:\Users\hansnguyen\.nuget\packages\microsoft.netcore.app.ref\3.0.0\ref\netcoreapp3.0\System.Xml.XDocument.dll
1>                    AssemblyVersion=4.1.1.0
1>                    ExternallyResolved=true
1>                    FileVersion=4.700.19.46214
1>                    FrameworkReferenceName=Microsoft.NETCore.App
1>                    FrameworkReferenceVersion=3.0.0
1>                    NuGetPackageId=Microsoft.NETCore.App.Ref
1>                    NuGetPackageVersion=3.0.0
1>                    Private=false
1>                    PublicKeyToken=b03f5f7f11d50a3a
1>            C:\Users\hansnguyen\.nuget\packages\microsoft.netcore.app.ref\3.0.0\ref\netcoreapp3.0\System.Xml.XPath.XDocument.dll
1>                    AssemblyVersion=4.1.1.0
1>                    ExternallyResolved=true
1>                    FileVersion=4.700.19.46214
1>                    FrameworkReferenceName=Microsoft.NETCore.App
1>                    FrameworkReferenceVersion=3.0.0
1>                    NuGetPackageId=Microsoft.NETCore.App.Ref
1>                    NuGetPackageVersion=3.0.0
1>                    Private=false
1>                    PublicKeyToken=b03f5f7f11d50a3a
1>            C:\Users\hansnguyen\.nuget\packages\microsoft.netcore.app.ref\3.0.0\ref\netcoreapp3.0\System.Xml.XPath.dll
1>                    AssemblyVersion=4.1.1.0
1>                    ExternallyResolved=true
1>                    FileVersion=4.700.19.46214
1>                    FrameworkReferenceName=Microsoft.NETCore.App
1>                    FrameworkReferenceVersion=3.0.0
1>                    NuGetPackageId=Microsoft.NETCore.App.Ref
1>                    NuGetPackageVersion=3.0.0
1>                    Private=false
1>                    PublicKeyToken=b03f5f7f11d50a3a
1>            C:\Users\hansnguyen\.nuget\packages\microsoft.netcore.app.ref\3.0.0\ref\netcoreapp3.0\System.Xml.XmlDocument.dll
1>                    AssemblyVersion=4.1.1.0
1>                    ExternallyResolved=true
1>                    FileVersion=4.700.19.46214
1>                    FrameworkReferenceName=Microsoft.NETCore.App
1>                    FrameworkReferenceVersion=3.0.0
1>                    NuGetPackageId=Microsoft.NETCore.App.Ref
1>                    NuGetPackageVersion=3.0.0
1>                    Private=false
1>                    PublicKeyToken=b03f5f7f11d50a3a
1>            C:\Users\hansnguyen\.nuget\packages\microsoft.netcore.app.ref\3.0.0\ref\netcoreapp3.0\System.Xml.XmlSerializer.dll
1>                    AssemblyVersion=4.1.1.0
1>                    ExternallyResolved=true
1>                    FileVersion=4.700.19.46214
1>                    FrameworkReferenceName=Microsoft.NETCore.App
1>                    FrameworkReferenceVersion=3.0.0
1>                    NuGetPackageId=Microsoft.NETCore.App.Ref
1>                    NuGetPackageVersion=3.0.0
1>                    Private=false
1>                    PublicKeyToken=b03f5f7f11d50a3a
1>            C:\Users\hansnguyen\.nuget\packages\microsoft.netcore.app.ref\3.0.0\ref\netcoreapp3.0\System.Xml.dll
1>                    AssemblyVersion=4.0.0.0
1>                    ExternallyResolved=true
1>                    FileVersion=4.700.19.46214
1>                    FrameworkReferenceName=Microsoft.NETCore.App
1>                    FrameworkReferenceVersion=3.0.0
1>                    NuGetPackageId=Microsoft.NETCore.App.Ref
1>                    NuGetPackageVersion=3.0.0
1>                    Private=false
1>                    PublicKeyToken=b77a5c561934e089
1>            C:\Users\hansnguyen\.nuget\packages\microsoft.netcore.app.ref\3.0.0\ref\netcoreapp3.0\System.dll
1>                    AssemblyVersion=4.0.0.0
1>                    ExternallyResolved=true
1>                    FileVersion=4.700.19.46214
1>                    FrameworkReferenceName=Microsoft.NETCore.App
1>                    FrameworkReferenceVersion=3.0.0
1>                    NuGetPackageId=Microsoft.NETCore.App.Ref
1>                    NuGetPackageVersion=3.0.0
1>                    Private=false
1>                    PublicKeyToken=b77a5c561934e089
1>            C:\Users\hansnguyen\.nuget\packages\microsoft.netcore.app.ref\3.0.0\ref\netcoreapp3.0\WindowsBase.dll
1>                    AssemblyVersion=4.0.0.0
1>                    ExternallyResolved=true
1>                    FileVersion=4.700.19.46214
1>                    FrameworkReferenceName=Microsoft.NETCore.App
1>                    FrameworkReferenceVersion=3.0.0
1>                    NuGetPackageId=Microsoft.NETCore.App.Ref
1>                    NuGetPackageVersion=3.0.0
1>                    Private=false
1>                    PublicKeyToken=31bf3856ad364e35
1>            C:\Users\hansnguyen\.nuget\packages\microsoft.netcore.app.ref\3.0.0\ref\netcoreapp3.0\mscorlib.dll
1>                    AssemblyVersion=4.0.0.0
1>                    ExternallyResolved=true
1>                    FileVersion=4.700.19.46214
1>                    FrameworkReferenceName=Microsoft.NETCore.App
1>                    FrameworkReferenceVersion=3.0.0
1>                    NuGetPackageId=Microsoft.NETCore.App.Ref
1>                    NuGetPackageVersion=3.0.0
1>                    Private=false
1>                    PublicKeyToken=b77a5c561934e089
1>            C:\Users\hansnguyen\.nuget\packages\microsoft.netcore.app.ref\3.0.0\ref\netcoreapp3.0\netstandard.dll
1>                    AssemblyVersion=2.1.0.0
1>                    ExternallyResolved=true
1>                    FileVersion=4.700.19.46214
1>                    FrameworkReferenceName=Microsoft.NETCore.App
1>                    FrameworkReferenceVersion=3.0.0
1>                    NuGetPackageId=Microsoft.NETCore.App.Ref
1>                    NuGetPackageVersion=3.0.0
1>                    Private=false
1>                    PublicKeyToken=cc7b13ffcd2ddd51
1>            C:\Users\hansnguyen\.nuget\packages\microsoft.windowsdesktop.app.ref\3.0.0\ref\netcoreapp3.0\Accessibility.dll
1>                    AssemblyVersion=4.0.0.0
1>                    ExternallyResolved=true
1>                    FileVersion=4.800.19.46210
1>                    FrameworkReferenceName=Microsoft.WindowsDesktop.App.WPF
1>                    FrameworkReferenceVersion=3.0.0
1>                    NuGetPackageId=Microsoft.WindowsDesktop.App.Ref
1>                    NuGetPackageVersion=3.0.0
1>                    Private=false
1>                    PublicKeyToken=31bf3856ad364e35
1>            C:\Users\hansnguyen\.nuget\packages\microsoft.windowsdesktop.app.ref\3.0.0\ref\netcoreapp3.0\Microsoft.Win32.Registry.AccessControl.dll
1>                    AssemblyVersion=4.0.4.0
1>                    ExternallyResolved=true
1>                    FileVersion=4.700.19.46214
1>                    FrameworkReferenceName=Microsoft.WindowsDesktop.App.WPF
1>                    FrameworkReferenceVersion=3.0.0
1>                    NuGetPackageId=Microsoft.WindowsDesktop.App.Ref
1>                    NuGetPackageVersion=3.0.0
1>                    Private=false
1>                    PublicKeyToken=b03f5f7f11d50a3a
1>            C:\Users\hansnguyen\.nuget\packages\microsoft.windowsdesktop.app.ref\3.0.0\ref\netcoreapp3.0\Microsoft.Win32.Registry.dll
1>                    AssemblyVersion=4.1.2.0
1>                    ExternallyResolved=true
1>                    FileVersion=4.700.19.46214
1>                    FrameworkReferenceName=Microsoft.WindowsDesktop.App.WPF
1>                    FrameworkReferenceVersion=3.0.0
1>                    NuGetPackageId=Microsoft.WindowsDesktop.App.Ref
1>                    NuGetPackageVersion=3.0.0
1>                    Private=false
1>                    PublicKeyToken=b03f5f7f11d50a3a
1>            C:\Users\hansnguyen\.nuget\packages\microsoft.windowsdesktop.app.ref\3.0.0\ref\netcoreapp3.0\Microsoft.Win32.SystemEvents.dll
1>                    AssemblyVersion=4.0.1.0
1>                    ExternallyResolved=true
1>                    FileVersion=4.700.19.46214
1>                    FrameworkReferenceName=Microsoft.WindowsDesktop.App.WPF
1>                    FrameworkReferenceVersion=3.0.0
1>                    NuGetPackageId=Microsoft.WindowsDesktop.App.Ref
1>                    NuGetPackageVersion=3.0.0
1>                    Private=false
1>                    PublicKeyToken=cc7b13ffcd2ddd51
1>            C:\Users\hansnguyen\.nuget\packages\microsoft.windowsdesktop.app.ref\3.0.0\ref\netcoreapp3.0\PresentationCore.dll
1>                    AssemblyVersion=4.0.0.0
1>                    ExternallyResolved=true
1>                    FileVersion=4.800.19.46214
1>                    FrameworkReferenceName=Microsoft.WindowsDesktop.App.WPF
1>                    FrameworkReferenceVersion=3.0.0
1>                    NuGetPackageId=Microsoft.WindowsDesktop.App.Ref
1>                    NuGetPackageVersion=3.0.0
1>                    Private=false
1>                    PublicKeyToken=31bf3856ad364e35
1>            C:\Users\hansnguyen\.nuget\packages\microsoft.windowsdesktop.app.ref\3.0.0\ref\netcoreapp3.0\PresentationFramework.Aero.dll
1>                    AssemblyVersion=4.0.0.0
1>                    ExternallyResolved=true
1>                    FileVersion=4.800.19.46214
1>                    FrameworkReferenceName=Microsoft.WindowsDesktop.App.WPF
1>                    FrameworkReferenceVersion=3.0.0
1>                    NuGetPackageId=Microsoft.WindowsDesktop.App.Ref
1>                    NuGetPackageVersion=3.0.0
1>                    Private=false
1>                    PublicKeyToken=31bf3856ad364e35
1>            C:\Users\hansnguyen\.nuget\packages\microsoft.windowsdesktop.app.ref\3.0.0\ref\netcoreapp3.0\PresentationFramework.Aero2.dll
1>                    AssemblyVersion=4.0.0.0
1>                    ExternallyResolved=true
1>                    FileVersion=4.800.19.46214
1>                    FrameworkReferenceName=Microsoft.WindowsDesktop.App.WPF
1>                    FrameworkReferenceVersion=3.0.0
1>                    NuGetPackageId=Microsoft.WindowsDesktop.App.Ref
1>                    NuGetPackageVersion=3.0.0
1>                    Private=false
1>                    PublicKeyToken=31bf3856ad364e35
1>            C:\Users\hansnguyen\.nuget\packages\microsoft.windowsdesktop.app.ref\3.0.0\ref\netcoreapp3.0\PresentationFramework.AeroLite.dll
1>                    AssemblyVersion=4.0.0.0
1>                    ExternallyResolved=true
1>                    FileVersion=4.800.19.46214
1>                    FrameworkReferenceName=Microsoft.WindowsDesktop.App.WPF
1>                    FrameworkReferenceVersion=3.0.0
1>                    NuGetPackageId=Microsoft.WindowsDesktop.App.Ref
1>                    NuGetPackageVersion=3.0.0
1>                    Private=false
1>                    PublicKeyToken=31bf3856ad364e35
1>            C:\Users\hansnguyen\.nuget\packages\microsoft.windowsdesktop.app.ref\3.0.0\ref\netcoreapp3.0\PresentationFramework.Classic.dll
1>                    AssemblyVersion=4.0.0.0
1>                    ExternallyResolved=true
1>                    FileVersion=4.800.19.46214
1>                    FrameworkReferenceName=Microsoft.WindowsDesktop.App.WPF
1>                    FrameworkReferenceVersion=3.0.0
1>                    NuGetPackageId=Microsoft.WindowsDesktop.App.Ref
1>                    NuGetPackageVersion=3.0.0
1>                    Private=false
1>                    PublicKeyToken=31bf3856ad364e35
1>            C:\Users\hansnguyen\.nuget\packages\microsoft.windowsdesktop.app.ref\3.0.0\ref\netcoreapp3.0\PresentationFramework.Luna.dll
1>                    AssemblyVersion=4.0.0.0
1>                    ExternallyResolved=true
1>                    FileVersion=4.800.19.46214
1>                    FrameworkReferenceName=Microsoft.WindowsDesktop.App.WPF
1>                    FrameworkReferenceVersion=3.0.0
1>                    NuGetPackageId=Microsoft.WindowsDesktop.App.Ref
1>                    NuGetPackageVersion=3.0.0
1>                    Private=false
1>                    PublicKeyToken=31bf3856ad364e35
1>            C:\Users\hansnguyen\.nuget\packages\microsoft.windowsdesktop.app.ref\3.0.0\ref\netcoreapp3.0\PresentationFramework.Royale.dll
1>                    AssemblyVersion=4.0.0.0
1>                    ExternallyResolved=true
1>                    FileVersion=4.800.19.46214
1>                    FrameworkReferenceName=Microsoft.WindowsDesktop.App.WPF
1>                    FrameworkReferenceVersion=3.0.0
1>                    NuGetPackageId=Microsoft.WindowsDesktop.App.Ref
1>                    NuGetPackageVersion=3.0.0
1>                    Private=false
1>                    PublicKeyToken=31bf3856ad364e35
1>            C:\Users\hansnguyen\.nuget\packages\microsoft.windowsdesktop.app.ref\3.0.0\ref\netcoreapp3.0\PresentationFramework.dll
1>                    AssemblyVersion=4.0.0.0
1>                    ExternallyResolved=true
1>                    FileVersion=4.800.19.46214
1>                    FrameworkReferenceName=Microsoft.WindowsDesktop.App.WPF
1>                    FrameworkReferenceVersion=3.0.0
1>                    NuGetPackageId=Microsoft.WindowsDesktop.App.Ref
1>                    NuGetPackageVersion=3.0.0
1>                    Private=false
1>                    PublicKeyToken=31bf3856ad364e35
1>            C:\Users\hansnguyen\.nuget\packages\microsoft.windowsdesktop.app.ref\3.0.0\ref\netcoreapp3.0\PresentationUI.dll
1>                    AssemblyVersion=4.0.0.0
1>                    ExternallyResolved=true
1>                    FileVersion=4.800.19.46214
1>                    FrameworkReferenceName=Microsoft.WindowsDesktop.App.WPF
1>                    FrameworkReferenceVersion=3.0.0
1>                    NuGetPackageId=Microsoft.WindowsDesktop.App.Ref
1>                    NuGetPackageVersion=3.0.0
1>                    Private=false
1>                    PublicKeyToken=b77a5c561934e089
1>            C:\Users\hansnguyen\.nuget\packages\microsoft.windowsdesktop.app.ref\3.0.0\ref\netcoreapp3.0\ReachFramework.dll
1>                    AssemblyVersion=4.0.0.0
1>                    ExternallyResolved=true
1>                    FileVersion=4.800.19.46214
1>                    FrameworkReferenceName=Microsoft.WindowsDesktop.App.WPF
1>                    FrameworkReferenceVersion=3.0.0
1>                    NuGetPackageId=Microsoft.WindowsDesktop.App.Ref
1>                    NuGetPackageVersion=3.0.0
1>                    Private=false
1>                    PublicKeyToken=31bf3856ad364e35
1>            C:\Users\hansnguyen\.nuget\packages\microsoft.windowsdesktop.app.ref\3.0.0\ref\netcoreapp3.0\System.CodeDom.dll
1>                    AssemblyVersion=4.0.2.0
1>                    ExternallyResolved=true
1>                    FileVersion=4.700.19.46214
1>                    FrameworkReferenceName=Microsoft.WindowsDesktop.App.WPF
1>                    FrameworkReferenceVersion=3.0.0
1>                    NuGetPackageId=Microsoft.WindowsDesktop.App.Ref
1>                    NuGetPackageVersion=3.0.0
1>                    Private=false
1>                    PublicKeyToken=cc7b13ffcd2ddd51
1>            C:\Users\hansnguyen\.nuget\packages\microsoft.windowsdesktop.app.ref\3.0.0\ref\netcoreapp3.0\System.Configuration.ConfigurationManager.dll
1>                    AssemblyVersion=4.0.2.0
1>                    ExternallyResolved=true
1>                    FileVersion=4.700.19.46214
1>                    FrameworkReferenceName=Microsoft.WindowsDesktop.App.WPF
1>                    FrameworkReferenceVersion=3.0.0
1>                    NuGetPackageId=Microsoft.WindowsDesktop.App.Ref
1>                    NuGetPackageVersion=3.0.0
1>                    Private=false
1>                    PublicKeyToken=cc7b13ffcd2ddd51
1>            C:\Users\hansnguyen\.nuget\packages\microsoft.windowsdesktop.app.ref\3.0.0\ref\netcoreapp3.0\System.Diagnostics.EventLog.dll
1>                    AssemblyVersion=4.0.1.0
1>                    ExternallyResolved=true
1>                    FileVersion=4.700.19.46214
1>                    FrameworkReferenceName=Microsoft.WindowsDesktop.App.WPF
1>                    FrameworkReferenceVersion=3.0.0
1>                    NuGetPackageId=Microsoft.WindowsDesktop.App.Ref
1>                    NuGetPackageVersion=3.0.0
1>                    Private=false
1>                    PublicKeyToken=cc7b13ffcd2ddd51
1>            C:\Users\hansnguyen\.nuget\packages\microsoft.windowsdesktop.app.ref\3.0.0\ref\netcoreapp3.0\System.Diagnostics.PerformanceCounter.dll
1>                    AssemblyVersion=4.0.1.0
1>                    ExternallyResolved=true
1>                    FileVersion=4.700.19.37515
1>                    FrameworkReferenceName=Microsoft.WindowsDesktop.App.WPF
1>                    FrameworkReferenceVersion=3.0.0
1>                    NuGetPackageId=Microsoft.WindowsDesktop.App.Ref
1>                    NuGetPackageVersion=3.0.0
1>                    Private=false
1>                    PublicKeyToken=cc7b13ffcd2ddd51
1>            C:\Users\hansnguyen\.nuget\packages\microsoft.windowsdesktop.app.ref\3.0.0\ref\netcoreapp3.0\System.DirectoryServices.dll
1>                    AssemblyVersion=4.0.0.0
1>                    ExternallyResolved=true
1>                    FileVersion=4.700.19.46214
1>                    FrameworkReferenceName=Microsoft.WindowsDesktop.App.WPF
1>                    FrameworkReferenceVersion=3.0.0
1>                    NuGetPackageId=Microsoft.WindowsDesktop.App.Ref
1>                    NuGetPackageVersion=3.0.0
1>                    Private=false
1>                    PublicKeyToken=b03f5f7f11d50a3a
1>            C:\Users\hansnguyen\.nuget\packages\microsoft.windowsdesktop.app.ref\3.0.0\ref\netcoreapp3.0\System.IO.FileSystem.AccessControl.dll
1>                    AssemblyVersion=4.0.4.0
1>                    ExternallyResolved=true
1>                    FileVersion=4.700.19.46214
1>                    FrameworkReferenceName=Microsoft.WindowsDesktop.App.WPF
1>                    FrameworkReferenceVersion=3.0.0
1>                    NuGetPackageId=Microsoft.WindowsDesktop.App.Ref
1>                    NuGetPackageVersion=3.0.0
1>                    Private=false
1>                    PublicKeyToken=b03f5f7f11d50a3a
1>            C:\Users\hansnguyen\.nuget\packages\microsoft.windowsdesktop.app.ref\3.0.0\ref\netcoreapp3.0\System.IO.Packaging.dll
1>                    AssemblyVersion=4.0.4.0
1>                    ExternallyResolved=true
1>                    FileVersion=4.700.19.46214
1>                    FrameworkReferenceName=Microsoft.WindowsDesktop.App.WPF
1>                    FrameworkReferenceVersion=3.0.0
1>                    NuGetPackageId=Microsoft.WindowsDesktop.App.Ref
1>                    NuGetPackageVersion=3.0.0
1>                    Private=false
1>                    PublicKeyToken=b03f5f7f11d50a3a
1>            C:\Users\hansnguyen\.nuget\packages\microsoft.windowsdesktop.app.ref\3.0.0\ref\netcoreapp3.0\System.IO.Pipes.AccessControl.dll
1>                    AssemblyVersion=4.0.3.0
1>                    ExternallyResolved=true
1>                    FileVersion=4.6.26606.5
1>                    FrameworkReferenceName=Microsoft.WindowsDesktop.App.WPF
1>                    FrameworkReferenceVersion=3.0.0
1>                    NuGetPackageId=Microsoft.WindowsDesktop.App.Ref
1>                    NuGetPackageVersion=3.0.0
1>                    Private=false
1>                    PublicKeyToken=b03f5f7f11d50a3a
1>            C:\Users\hansnguyen\.nuget\packages\microsoft.windowsdesktop.app.ref\3.0.0\ref\netcoreapp3.0\System.Printing.dll
1>                    AssemblyVersion=4.0.0.0
1>                    ExternallyResolved=true
1>                    FileVersion=4.800.19.46214
1>                    FrameworkReferenceName=Microsoft.WindowsDesktop.App.WPF
1>                    FrameworkReferenceVersion=3.0.0
1>                    NuGetPackageId=Microsoft.WindowsDesktop.App.Ref
1>                    NuGetPackageVersion=3.0.0
1>                    Private=false
1>                    PublicKeyToken=31bf3856ad364e35
1>            C:\Users\hansnguyen\.nuget\packages\microsoft.windowsdesktop.app.ref\3.0.0\ref\netcoreapp3.0\System.Resources.Extensions.dll
1>                    AssemblyVersion=4.0.0.0
1>                    ExternallyResolved=true
1>                    FileVersion=4.700.19.46214
1>                    FrameworkReferenceName=Microsoft.WindowsDesktop.App.WPF
1>                    FrameworkReferenceVersion=3.0.0
1>                    NuGetPackageId=Microsoft.WindowsDesktop.App.Ref
1>                    NuGetPackageVersion=3.0.0
1>                    Private=false
1>                    PublicKeyToken=cc7b13ffcd2ddd51
1>            C:\Users\hansnguyen\.nuget\packages\microsoft.windowsdesktop.app.ref\3.0.0\ref\netcoreapp3.0\System.Security.AccessControl.dll
1>                    AssemblyVersion=4.1.1.0
1>                    ExternallyResolved=true
1>                    FileVersion=4.700.19.46214
1>                    FrameworkReferenceName=Microsoft.WindowsDesktop.App.WPF
1>                    FrameworkReferenceVersion=3.0.0
1>                    NuGetPackageId=Microsoft.WindowsDesktop.App.Ref
1>                    NuGetPackageVersion=3.0.0
1>                    Private=false
1>                    PublicKeyToken=b03f5f7f11d50a3a
1>            C:\Users\hansnguyen\.nuget\packages\microsoft.windowsdesktop.app.ref\3.0.0\ref\netcoreapp3.0\System.Security.Cryptography.Cng.dll
1>                    AssemblyVersion=4.3.2.0
1>                    ExternallyResolved=true
1>                    FileVersion=4.700.19.46214
1>                    FrameworkReferenceName=Microsoft.WindowsDesktop.App.WPF
1>                    FrameworkReferenceVersion=3.0.0
1>                    NuGetPackageId=Microsoft.WindowsDesktop.App.Ref
1>                    NuGetPackageVersion=3.0.0
1>                    Private=false
1>                    PublicKeyToken=b03f5f7f11d50a3a
1>            C:\Users\hansnguyen\.nuget\packages\microsoft.windowsdesktop.app.ref\3.0.0\ref\netcoreapp3.0\System.Security.Cryptography.Pkcs.dll
1>                    AssemblyVersion=4.1.0.0
1>                    ExternallyResolved=true
1>                    FileVersion=4.700.19.46214
1>                    FrameworkReferenceName=Microsoft.WindowsDesktop.App.WPF
1>                    FrameworkReferenceVersion=3.0.0
1>                    NuGetPackageId=Microsoft.WindowsDesktop.App.Ref
1>                    NuGetPackageVersion=3.0.0
1>                    Private=false
1>                    PublicKeyToken=b03f5f7f11d50a3a
1>            C:\Users\hansnguyen\.nuget\packages\microsoft.windowsdesktop.app.ref\3.0.0\ref\netcoreapp3.0\System.Security.Cryptography.ProtectedData.dll
1>                    AssemblyVersion=4.0.4.0
1>                    ExternallyResolved=true
1>                    FileVersion=4.700.19.46214
1>                    FrameworkReferenceName=Microsoft.WindowsDesktop.App.WPF
1>                    FrameworkReferenceVersion=3.0.0
1>                    NuGetPackageId=Microsoft.WindowsDesktop.App.Ref
1>                    NuGetPackageVersion=3.0.0
1>                    Private=false
1>                    PublicKeyToken=b03f5f7f11d50a3a
1>            C:\Users\hansnguyen\.nuget\packages\microsoft.windowsdesktop.app.ref\3.0.0\ref\netcoreapp3.0\System.Security.Cryptography.Xml.dll
1>                    AssemblyVersion=4.0.2.0
1>                    ExternallyResolved=true
1>                    FileVersion=4.700.19.46214
1>                    FrameworkReferenceName=Microsoft.WindowsDesktop.App.WPF
1>                    FrameworkReferenceVersion=3.0.0
1>                    NuGetPackageId=Microsoft.WindowsDesktop.App.Ref
1>                    NuGetPackageVersion=3.0.0
1>                    Private=false
1>                    PublicKeyToken=cc7b13ffcd2ddd51
1>            C:\Users\hansnguyen\.nuget\packages\microsoft.windowsdesktop.app.ref\3.0.0\ref\netcoreapp3.0\System.Security.Permissions.dll
1>                    AssemblyVersion=4.0.2.0
1>                    ExternallyResolved=true
1>                    FileVersion=4.700.19.46214
1>                    FrameworkReferenceName=Microsoft.WindowsDesktop.App.WPF
1>                    FrameworkReferenceVersion=3.0.0
1>                    NuGetPackageId=Microsoft.WindowsDesktop.App.Ref
1>                    NuGetPackageVersion=3.0.0
1>                    Private=false
1>                    PublicKeyToken=cc7b13ffcd2ddd51
1>            C:\Users\hansnguyen\.nuget\packages\microsoft.windowsdesktop.app.ref\3.0.0\ref\netcoreapp3.0\System.Security.Principal.Windows.dll
1>                    AssemblyVersion=4.1.1.0
1>                    ExternallyResolved=true
1>                    FileVersion=4.700.19.46214
1>                    FrameworkReferenceName=Microsoft.WindowsDesktop.App.WPF
1>                    FrameworkReferenceVersion=3.0.0
1>                    NuGetPackageId=Microsoft.WindowsDesktop.App.Ref
1>                    NuGetPackageVersion=3.0.0
1>                    Private=false
1>                    PublicKeyToken=b03f5f7f11d50a3a
1>            C:\Users\hansnguyen\.nuget\packages\microsoft.windowsdesktop.app.ref\3.0.0\ref\netcoreapp3.0\System.Threading.AccessControl.dll
1>                    AssemblyVersion=4.0.4.0
1>                    ExternallyResolved=true
1>                    FileVersion=4.700.19.46214
1>                    FrameworkReferenceName=Microsoft.WindowsDesktop.App.WPF
1>                    FrameworkReferenceVersion=3.0.0
1>                    NuGetPackageId=Microsoft.WindowsDesktop.App.Ref
1>                    NuGetPackageVersion=3.0.0
1>                    Private=false
1>                    PublicKeyToken=b03f5f7f11d50a3a
1>            C:\Users\hansnguyen\.nuget\packages\microsoft.windowsdesktop.app.ref\3.0.0\ref\netcoreapp3.0\System.Windows.Controls.Ribbon.dll
1>                    AssemblyVersion=4.0.0.0
1>                    ExternallyResolved=true
1>                    FileVersion=4.800.19.46214
1>                    FrameworkReferenceName=Microsoft.WindowsDesktop.App.WPF
1>                    FrameworkReferenceVersion=3.0.0
1>                    NuGetPackageId=Microsoft.WindowsDesktop.App.Ref
1>                    NuGetPackageVersion=3.0.0
1>                    Private=false
1>                    PublicKeyToken=b77a5c561934e089
1>            C:\Users\hansnguyen\.nuget\packages\microsoft.windowsdesktop.app.ref\3.0.0\ref\netcoreapp3.0\System.Windows.Extensions.dll
1>                    AssemblyVersion=4.0.0.0
1>                    ExternallyResolved=true
1>                    FileVersion=4.700.19.46214
1>                    FrameworkReferenceName=Microsoft.WindowsDesktop.App.WPF
1>                    FrameworkReferenceVersion=3.0.0
1>                    NuGetPackageId=Microsoft.WindowsDesktop.App.Ref
1>                    NuGetPackageVersion=3.0.0
1>                    Private=false
1>                    PublicKeyToken=cc7b13ffcd2ddd51
1>            C:\Users\hansnguyen\.nuget\packages\microsoft.windowsdesktop.app.ref\3.0.0\ref\netcoreapp3.0\System.Windows.Input.Manipulations.dll
1>                    AssemblyVersion=4.0.0.0
1>                    ExternallyResolved=true
1>                    FileVersion=4.800.19.46214
1>                    FrameworkReferenceName=Microsoft.WindowsDesktop.App.WPF
1>                    FrameworkReferenceVersion=3.0.0
1>                    NuGetPackageId=Microsoft.WindowsDesktop.App.Ref
1>                    NuGetPackageVersion=3.0.0
1>                    Private=false
1>                    PublicKeyToken=b77a5c561934e089
1>            C:\Users\hansnguyen\.nuget\packages\microsoft.windowsdesktop.app.ref\3.0.0\ref\netcoreapp3.0\System.Windows.Presentation.dll
1>                    AssemblyVersion=4.0.0.0
1>                    ExternallyResolved=true
1>                    FileVersion=4.800.19.46214
1>                    FrameworkReferenceName=Microsoft.WindowsDesktop.App.WPF
1>                    FrameworkReferenceVersion=3.0.0
1>                    NuGetPackageId=Microsoft.WindowsDesktop.App.Ref
1>                    NuGetPackageVersion=3.0.0
1>                    Private=false
1>                    PublicKeyToken=b77a5c561934e089
1>            C:\Users\hansnguyen\.nuget\packages\microsoft.windowsdesktop.app.ref\3.0.0\ref\netcoreapp3.0\System.Xaml.dll
1>                    AssemblyVersion=4.0.0.0
1>                    ExternallyResolved=true
1>                    FileVersion=4.800.19.46214
1>                    FrameworkReferenceName=Microsoft.WindowsDesktop.App.WPF
1>                    FrameworkReferenceVersion=3.0.0
1>                    NuGetPackageId=Microsoft.WindowsDesktop.App.Ref
1>                    NuGetPackageVersion=3.0.0
1>                    Private=false
1>                    PublicKeyToken=b77a5c561934e089
1>            C:\Users\hansnguyen\.nuget\packages\microsoft.windowsdesktop.app.ref\3.0.0\ref\netcoreapp3.0\UIAutomationClient.dll
1>                    AssemblyVersion=4.0.0.0
1>                    ExternallyResolved=true
1>                    FileVersion=4.800.19.46214
1>                    FrameworkReferenceName=Microsoft.WindowsDesktop.App.WPF
1>                    FrameworkReferenceVersion=3.0.0
1>                    NuGetPackageId=Microsoft.WindowsDesktop.App.Ref
1>                    NuGetPackageVersion=3.0.0
1>                    Private=false
1>                    PublicKeyToken=31bf3856ad364e35
1>            C:\Users\hansnguyen\.nuget\packages\microsoft.windowsdesktop.app.ref\3.0.0\ref\netcoreapp3.0\UIAutomationClientSideProviders.dll
1>                    AssemblyVersion=4.0.0.0
1>                    ExternallyResolved=true
1>                    FileVersion=4.800.19.46214
1>                    FrameworkReferenceName=Microsoft.WindowsDesktop.App.WPF
1>                    FrameworkReferenceVersion=3.0.0
1>                    NuGetPackageId=Microsoft.WindowsDesktop.App.Ref
1>                    NuGetPackageVersion=3.0.0
1>                    Private=false
1>                    PublicKeyToken=b77a5c561934e089
1>            C:\Users\hansnguyen\.nuget\packages\microsoft.windowsdesktop.app.ref\3.0.0\ref\netcoreapp3.0\UIAutomationProvider.dll
1>                    AssemblyVersion=4.0.0.0
1>                    ExternallyResolved=true
1>                    FileVersion=4.800.19.46214
1>                    FrameworkReferenceName=Microsoft.WindowsDesktop.App.WPF
1>                    FrameworkReferenceVersion=3.0.0
1>                    NuGetPackageId=Microsoft.WindowsDesktop.App.Ref
1>                    NuGetPackageVersion=3.0.0
1>                    Private=false
1>                    PublicKeyToken=31bf3856ad364e35
1>            C:\Users\hansnguyen\.nuget\packages\microsoft.windowsdesktop.app.ref\3.0.0\ref\netcoreapp3.0\UIAutomationTypes.dll
1>                    AssemblyVersion=4.0.0.0
1>                    ExternallyResolved=true
1>                    FileVersion=4.800.19.46214
1>                    FrameworkReferenceName=Microsoft.WindowsDesktop.App.WPF
1>                    FrameworkReferenceVersion=3.0.0
1>                    NuGetPackageId=Microsoft.WindowsDesktop.App.Ref
1>                    NuGetPackageVersion=3.0.0
1>                    Private=false
1>                    PublicKeyToken=31bf3856ad364e35
1>            C:\Users\hansnguyen\.nuget\packages\microsoft.windowsdesktop.app.ref\3.0.0\ref\netcoreapp3.0\WindowsBase.dll
1>                    AssemblyVersion=4.0.0.0
1>                    ExternallyResolved=true
1>                    FileVersion=4.800.19.46214
1>                    FrameworkReferenceName=Microsoft.WindowsDesktop.App.WPF
1>                    FrameworkReferenceVersion=3.0.0
1>                    NuGetPackageId=Microsoft.WindowsDesktop.App.Ref
1>                    NuGetPackageVersion=3.0.0
1>                    Private=false
1>                    PublicKeyToken=31bf3856ad364e35
1>    Output Item(s): 
1>        PlatformManifestsFromTargetingPacks=
1>            C:\Users\hansnguyen\.nuget\packages\microsoft.netcore.app.ref\3.0.0\data\PlatformManifest.txt
1>            C:\Users\hansnguyen\.nuget\packages\microsoft.windowsdesktop.app.ref\3.0.0\data\PlatformManifest.txt
1>    Output Property: PackageConflictPreferredPackages=Microsoft.NETCore.App.Ref%3bMicrosoft.NETCore.App.Runtime.linux-arm%3bMicrosoft.NETCore.App.Runtime.linux-arm64%3bMicrosoft.NETCore.App.Runtime.linux-musl-arm64%3bMicrosoft.NETCore.App.Runtime.linux-musl-x64%3bMicrosoft.NETCore.App.Runtime.linux-x64%3bMicrosoft.NETCore.App.Runtime.osx-x64%3bMicrosoft.NETCore.App.Runtime.rhel.6-x64%3bMicrosoft.NETCore.App.Runtime.tizen.4.0.0-armel%3bMicrosoft.NETCore.App.Runtime.tizen.5.0.0-armel%3bMicrosoft.NETCore.App.Runtime.win-arm%3bMicrosoft.NETCore.App.Runtime.win-arm64%3bMicrosoft.NETCore.App.Runtime.win-x64%3bMicrosoft.NETCore.App.Runtime.win-x86%3bMicrosoft.WindowsDesktop.App.Ref%3bMicrosoft.WindowsDesktop.App.Runtime.win-x64%3bMicrosoft.WindowsDesktop.App.Runtime.win-x86
1>    Output Item(s): 
1>        PackageConflictOverrides=
1>            Microsoft.NETCore.App.Ref
1>                    OverriddenPackages=Microsoft.CSharp|4.4.0
1>    Microsoft.Win32.Primitives|4.3.0
1>    Microsoft.Win32.Registry|4.4.0
1>    runtime.debian.8-x64.runtime.native.System.Security.Cryptography.OpenSsl|4.3.0
1>    runtime.fedora.23-x64.runtime.native.System.Security.Cryptography.OpenSsl|4.3.0
1>    runtime.fedora.24-x64.runtime.native.System.Security.Cryptography.OpenSsl|4.3.0
1>    runtime.opensuse.13.2-x64.runtime.native.System.Security.Cryptography.OpenSsl|4.3.0
1>    runtime.opensuse.42.1-x64.runtime.native.System.Security.Cryptography.OpenSsl|4.3.0
1>    runtime.osx.10.10-x64.runtime.native.System.Security.Cryptography.Apple|4.3.0
1>    runtime.osx.10.10-x64.runtime.native.System.Security.Cryptography.OpenSsl|4.3.0
1>    runtime.rhel.7-x64.runtime.native.System.Security.Cryptography.OpenSsl|4.3.0
1>    runtime.ubuntu.14.04-x64.runtime.native.System.Security.Cryptography.OpenSsl|4.3.0
1>    runtime.ubuntu.16.04-x64.runtime.native.System.Security.Cryptography.OpenSsl|4.3.0
1>    runtime.ubuntu.16.10-x64.runtime.native.System.Security.Cryptography.OpenSsl|4.3.0
1>    System.AppContext|4.3.0
1>    System.Buffers|4.4.0
1>    System.Collections|4.3.0
1>    System.Collections.Concurrent|4.3.0
1>    System.Collections.Immutable|1.4.0
1>    System.Collections.NonGeneric|4.3.0
1>    System.Collections.Specialized|4.3.0
1>    System.ComponentModel|4.3.0
1>    System.ComponentModel.EventBasedAsync|4.3.0
1>    System.ComponentModel.Primitives|4.3.0
1>    System.ComponentModel.TypeConverter|4.3.0
1>    System.Console|4.3.0
1>    System.Data.Common|4.3.0
1>    System.Diagnostics.Contracts|4.3.0
1>    System.Diagnostics.Debug|4.3.0
1>    System.Diagnostics.DiagnosticSource|4.4.0
1>    System.Diagnostics.FileVersionInfo|4.3.0
1>    System.Diagnostics.Process|4.3.0
1>    System.Diagnostics.StackTrace|4.3.0
1>    System.Diagnostics.TextWriterTraceListener|4.3.0
1>    System.Diagnostics.Tools|4.3.0
1>    System.Diagnostics.TraceSource|4.3.0
1>    System.Diagnostics.Tracing|4.3.0
1>    System.Dynamic.Runtime|4.3.0
1>    System.Globalization|4.3.0
1>    System.Globalization.Calendars|4.3.0
1>    System.Globalization.Extensions|4.3.0
1>    System.IO|4.3.0
1>    System.IO.Compression|4.3.0
1>    System.IO.Compression.ZipFile|4.3.0
1>    System.IO.FileSystem|4.3.0
1>    System.IO.FileSystem.AccessControl|4.4.0
1>    System.IO.FileSystem.DriveInfo|4.3.0
1>    System.IO.FileSystem.Primitives|4.3.0
1>    System.IO.FileSystem.Watcher|4.3.0
1>    System.IO.IsolatedStorage|4.3.0
1>    System.IO.MemoryMappedFiles|4.3.0
1>    System.IO.Pipes|4.3.0
1>    System.IO.UnmanagedMemoryStream|4.3.0
1>    System.Linq|4.3.0
1>    System.Linq.Expressions|4.3.0
1>    System.Linq.Queryable|4.3.0
1>    System.Net.Http|4.3.0
1>    System.Net.NameResolution|4.3.0
1>    System.Net.Primitives|4.3.0
1>    System.Net.Requests|4.3.0
1>    System.Net.Security|4.3.0
1>    System.Net.Sockets|4.3.0
1>    System.Net.WebHeaderCollection|4.3.0
1>    System.ObjectModel|4.3.0
1>    System.Private.DataContractSerialization|4.3.0
1>    System.Reflection|4.3.0
1>    System.Reflection.Emit|4.3.0
1>    System.Reflection.Emit.ILGeneration|4.3.0
1>    System.Reflection.Emit.Lightweight|4.3.0
1>    System.Reflection.Extensions|4.3.0
1>    System.Reflection.Metadata|1.5.0
1>    System.Reflection.Primitives|4.3.0
1>    System.Reflection.TypeExtensions|4.3.0
1>    System.Resources.ResourceManager|4.3.0
1>    System.Runtime|4.3.0
1>    System.Runtime.Extensions|4.3.0
1>    System.Runtime.Handles|4.3.0
1>    System.Runtime.InteropServices|4.3.0
1>    System.Runtime.InteropServices.RuntimeInformation|4.3.0
1>    System.Runtime.Loader|4.3.0
1>    System.Runtime.Numerics|4.3.0
1>    System.Runtime.Serialization.Formatters|4.3.0
1>    System.Runtime.Serialization.Json|4.3.0
1>    System.Runtime.Serialization.Primitives|4.3.0
1>    System.Security.AccessControl|4.4.0
1>    System.Security.Claims|4.3.0
1>    System.Security.Cryptography.Algorithms|4.3.0
1>    System.Security.Cryptography.Cng|4.4.0
1>    System.Security.Cryptography.Csp|4.3.0
1>    System.Security.Cryptography.Encoding|4.3.0
1>    System.Security.Cryptography.OpenSsl|4.4.0
1>    System.Security.Cryptography.Primitives|4.3.0
1>    System.Security.Cryptography.X509Certificates|4.3.0
1>    System.Security.Cryptography.Xml|4.4.0
1>    System.Security.Principal|4.3.0
1>    System.Security.Principal.Windows|4.4.0
1>    System.Text.Encoding|4.3.0
1>    System.Text.Encoding.Extensions|4.3.0
1>    System.Text.RegularExpressions|4.3.0
1>    System.Threading|4.3.0
1>    System.Threading.Overlapped|4.3.0
1>    System.Threading.Tasks|4.3.0
1>    System.Threading.Tasks.Extensions|4.3.0
1>    System.Threading.Tasks.Parallel|4.3.0
1>    System.Threading.Thread|4.3.0
1>    System.Threading.ThreadPool|4.3.0
1>    System.Threading.Timer|4.3.0
1>    System.ValueTuple|4.3.0
1>    System.Xml.ReaderWriter|4.3.0
1>    System.Xml.XDocument|4.3.0
1>    System.Xml.XmlDocument|4.3.0
1>    System.Xml.XmlSerializer|4.3.0
1>    System.Xml.XPath|4.3.0
1>    System.Xml.XPath.XDocument|4.3.0
1>    Output Item(s): 
1>        _UsedRuntimeFramework=
1>            Microsoft.NETCore.App
1>                    FrameworkName=Microsoft.NETCore.App
1>                    Version=3.0.0
1>            Microsoft.WindowsDesktop.App
1>                    FrameworkName=Microsoft.WindowsDesktop.App.WPF
1>                    Version=3.0.0
1>  Done executing task "ResolveTargetingPackAssets".
1>  Added Item(s): 
1>      PackageConflictPlatformManifests=
1>          C:\Users\hansnguyen\.nuget\packages\microsoft.netcore.app.ref\3.0.0\data\PlatformManifest.txt
1>          C:\Users\hansnguyen\.nuget\packages\microsoft.windowsdesktop.app.ref\3.0.0\data\PlatformManifest.txt
1>  Removed Item(s): 
1>      RuntimeFramework=
1>          Microsoft.NETCore.App
1>                  FrameworkName=Microsoft.NETCore.App
1>                  Version=3.0.0
1>          Microsoft.WindowsDesktop.App
1>                  FrameworkName=Microsoft.WindowsDesktop.App
1>                  Version=3.0.0
1>          Microsoft.WindowsDesktop.App
1>                  FrameworkName=Microsoft.WindowsDesktop.App.WPF
1>                  Version=3.0.0
1>          Microsoft.WindowsDesktop.App
1>                  FrameworkName=Microsoft.WindowsDesktop.App.WindowsForms
1>                  Version=3.0.0
1>          Microsoft.AspNetCore.App
1>                  FrameworkName=Microsoft.AspNetCore.App
1>                  Version=3.0.0
1>  Added Item(s): 
1>      RuntimeFramework=
1>          Microsoft.NETCore.App
1>                  FrameworkName=Microsoft.NETCore.App
1>                  Version=3.0.0
1>          Microsoft.WindowsDesktop.App
1>                  FrameworkName=Microsoft.WindowsDesktop.App.WPF
1>                  Version=3.0.0
1>Done building target "ResolveTargetingPackAssets" in project "GridWithMenuApp1_VS2022.csproj".
1>Target "_HandlePackageFileConflicts" in file "C:\Program Files\dotnet\sdk\6.0.100-preview.7.21379.14\Sdks\Microsoft.NET.Sdk\targets\Microsoft.NET.ConflictResolution.targets":
1>  Using "ResolvePackageFileConflicts" task from assembly "C:\Program Files\dotnet\sdk\6.0.100-preview.7.21379.14\Sdks\Microsoft.NET.Sdk\targets\..\tools\net472\Microsoft.NET.Build.Tasks.dll".
1>  Task "ResolvePackageFileConflicts"
1>    Task Parameter:
1>        References=
1>            C:\Users\hansnguyen\.nuget\packages\c1.xaml.wpf\4.5.20213.749\lib\netcoreapp3.0\C1.WPF.4.5.2.dll
1>                    ExternallyResolved=true
1>                    HintPath=C:\Users\hansnguyen\.nuget\packages\c1.xaml.wpf\4.5.20213.749\lib\netcoreapp3.0\C1.WPF.4.5.2.dll
1>                    NuGetPackageId=C1.Xaml.WPF
1>                    NuGetPackageVersion=4.5.20213.749
1>                    NuGetSourceType=Package
1>                    PathInPackage=lib/netcoreapp3.0/C1.WPF.4.5.2.dll
1>                    Private=false
1>            C:\Users\hansnguyen\.nuget\packages\c1.xaml.wpf.datetimeeditors\4.5.20213.749\lib\netcoreapp3.0\C1.WPF.DateTimeEditors.4.5.2.dll
1>                    ExternallyResolved=true
1>                    HintPath=C:\Users\hansnguyen\.nuget\packages\c1.xaml.wpf.datetimeeditors\4.5.20213.749\lib\netcoreapp3.0\C1.WPF.DateTimeEditors.4.5.2.dll
1>                    NuGetPackageId=C1.Xaml.WPF.DateTimeEditors
1>                    NuGetPackageVersion=4.5.20213.749
1>                    NuGetSourceType=Package
1>                    PathInPackage=lib/netcoreapp3.0/C1.WPF.DateTimeEditors.4.5.2.dll
1>                    Private=false
1>            C:\Users\hansnguyen\.nuget\packages\c1.xaml.wpf.flexgrid\4.5.20213.749\lib\netcoreapp3.0\C1.WPF.FlexGrid.4.5.2.dll
1>                    ExternallyResolved=true
1>                    HintPath=C:\Users\hansnguyen\.nuget\packages\c1.xaml.wpf.flexgrid\4.5.20213.749\lib\netcoreapp3.0\C1.WPF.FlexGrid.4.5.2.dll
1>                    NuGetPackageId=C1.Xaml.WPF.FlexGrid
1>                    NuGetPackageVersion=4.5.20213.749
1>                    NuGetSourceType=Package
1>                    PathInPackage=lib/netcoreapp3.0/C1.WPF.FlexGrid.4.5.2.dll
1>                    Private=false
1>            C:\Users\hansnguyen\.nuget\packages\c1.xaml.wpf.flexgrid.grouppanel\4.5.20213.749\lib\netcoreapp3.0\C1.WPF.FlexGrid.GroupPanel.4.5.2.dll
1>                    ExternallyResolved=true
1>                    HintPath=C:\Users\hansnguyen\.nuget\packages\c1.xaml.wpf.flexgrid.grouppanel\4.5.20213.749\lib\netcoreapp3.0\C1.WPF.FlexGrid.GroupPanel.4.5.2.dll
1>                    NuGetPackageId=C1.Xaml.WPF.FlexGrid.GroupPanel
1>                    NuGetPackageVersion=4.5.20213.749
1>                    NuGetSourceType=Package
1>                    PathInPackage=lib/netcoreapp3.0/C1.WPF.FlexGrid.GroupPanel.4.5.2.dll
1>                    Private=false
1>            C:\Users\hansnguyen\.nuget\packages\c1.xaml.wpf.flexgridfilter\4.5.20213.749\lib\netcoreapp3.0\C1.WPF.FlexGridFilter.4.5.2.dll
1>                    ExternallyResolved=true
1>                    HintPath=C:\Users\hansnguyen\.nuget\packages\c1.xaml.wpf.flexgridfilter\4.5.20213.749\lib\netcoreapp3.0\C1.WPF.FlexGridFilter.4.5.2.dll
1>                    NuGetPackageId=C1.Xaml.WPF.FlexGridFilter
1>                    NuGetPackageVersion=4.5.20213.749
1>                    NuGetSourceType=Package
1>                    PathInPackage=lib/netcoreapp3.0/C1.WPF.FlexGridFilter.4.5.2.dll
1>                    Private=false
1>            C:\Users\hansnguyen\.nuget\packages\c1.xaml.wpf.toolbar\4.5.20213.749\lib\netcoreapp3.0\C1.WPF.Toolbar.4.5.2.dll
1>                    ExternallyResolved=true
1>                    HintPath=C:\Users\hansnguyen\.nuget\packages\c1.xaml.wpf.toolbar\4.5.20213.749\lib\netcoreapp3.0\C1.WPF.Toolbar.4.5.2.dll
1>                    NuGetPackageId=C1.Xaml.WPF.Toolbar
1>                    NuGetPackageVersion=4.5.20213.749
1>                    NuGetSourceType=Package
1>                    PathInPackage=lib/netcoreapp3.0/C1.WPF.Toolbar.4.5.2.dll
1>                    Private=false
1>            C:\Users\hansnguyen\.nuget\packages\microsoft.netcore.app.ref\3.0.0\ref\netcoreapp3.0\Microsoft.CSharp.dll
1>                    AssemblyVersion=4.0.0.0
1>                    ExternallyResolved=true
1>                    FileVersion=4.700.19.46214
1>                    FrameworkReferenceName=Microsoft.NETCore.App
1>                    FrameworkReferenceVersion=3.0.0
1>                    NuGetPackageId=Microsoft.NETCore.App.Ref
1>                    NuGetPackageVersion=3.0.0
1>                    Private=false
1>                    PublicKeyToken=b03f5f7f11d50a3a
1>            C:\Users\hansnguyen\.nuget\packages\microsoft.netcore.app.ref\3.0.0\ref\netcoreapp3.0\Microsoft.VisualBasic.Core.dll
1>                    AssemblyVersion=10.0.4.0
1>                    ExternallyResolved=true
1>                    FileVersion=4.700.19.46214
1>                    FrameworkReferenceName=Microsoft.NETCore.App
1>                    FrameworkReferenceVersion=3.0.0
1>                    NuGetPackageId=Microsoft.NETCore.App.Ref
1>                    NuGetPackageVersion=3.0.0
1>                    Private=false
1>                    PublicKeyToken=b03f5f7f11d50a3a
1>            C:\Users\hansnguyen\.nuget\packages\microsoft.netcore.app.ref\3.0.0\ref\netcoreapp3.0\Microsoft.VisualBasic.dll
1>                    AssemblyVersion=10.0.0.0
1>                    ExternallyResolved=true
1>                    FileVersion=4.700.19.46214
1>                    FrameworkReferenceName=Microsoft.NETCore.App
1>                    FrameworkReferenceVersion=3.0.0
1>                    NuGetPackageId=Microsoft.NETCore.App.Ref
1>                    NuGetPackageVersion=3.0.0
1>                    Private=false
1>                    PublicKeyToken=b03f5f7f11d50a3a
1>            C:\Users\hansnguyen\.nuget\packages\microsoft.netcore.app.ref\3.0.0\ref\netcoreapp3.0\Microsoft.Win32.Primitives.dll
1>                    AssemblyVersion=4.1.1.0
1>                    ExternallyResolved=true
1>                    FileVersion=4.700.19.46214
1>                    FrameworkReferenceName=Microsoft.NETCore.App
1>                    FrameworkReferenceVersion=3.0.0
1>                    NuGetPackageId=Microsoft.NETCore.App.Ref
1>                    NuGetPackageVersion=3.0.0
1>                    Private=false
1>                    PublicKeyToken=b03f5f7f11d50a3a
1>            C:\Users\hansnguyen\.nuget\packages\microsoft.netcore.app.ref\3.0.0\ref\netcoreapp3.0\System.AppContext.dll
1>                    AssemblyVersion=4.2.1.0
1>                    ExternallyResolved=true
1>                    FileVersion=4.700.19.46214
1>                    FrameworkReferenceName=Microsoft.NETCore.App
1>                    FrameworkReferenceVersion=3.0.0
1>                    NuGetPackageId=Microsoft.NETCore.App.Ref
1>                    NuGetPackageVersion=3.0.0
1>                    Private=false
1>                    PublicKeyToken=b03f5f7f11d50a3a
1>            C:\Users\hansnguyen\.nuget\packages\microsoft.netcore.app.ref\3.0.0\ref\netcoreapp3.0\System.Buffers.dll
1>                    AssemblyVersion=4.0.2.0
1>                    ExternallyResolved=true
1>                    FileVersion=4.700.19.46214
1>                    FrameworkReferenceName=Microsoft.NETCore.App
1>                    FrameworkReferenceVersion=3.0.0
1>                    NuGetPackageId=Microsoft.NETCore.App.Ref
1>                    NuGetPackageVersion=3.0.0
1>                    Private=false
1>                    PublicKeyToken=cc7b13ffcd2ddd51
1>            C:\Users\hansnguyen\.nuget\packages\microsoft.netcore.app.ref\3.0.0\ref\netcoreapp3.0\System.Collections.Concurrent.dll
1>                    AssemblyVersion=4.0.14.0
1>                    ExternallyResolved=true
1>                    FileVersion=4.700.19.46214
1>                    FrameworkReferenceName=Microsoft.NETCore.App
1>                    FrameworkReferenceVersion=3.0.0
1>                    NuGetPackageId=Microsoft.NETCore.App.Ref
1>                    NuGetPackageVersion=3.0.0
1>                    Private=false
1>                    PublicKeyToken=b03f5f7f11d50a3a
1>            C:\Users\hansnguyen\.nuget\packages\microsoft.netcore.app.ref\3.0.0\ref\netcoreapp3.0\System.Collections.Immutable.dll
1>                    AssemblyVersion=1.2.4.0
1>                    ExternallyResolved=true
1>                    FileVersion=4.700.19.46214
1>                    FrameworkReferenceName=Microsoft.NETCore.App
1>                    FrameworkReferenceVersion=3.0.0
1>                    NuGetPackageId=Microsoft.NETCore.App.Ref
1>                    NuGetPackageVersion=3.0.0
1>                    Private=false
1>                    PublicKeyToken=b03f5f7f11d50a3a
1>            C:\Users\hansnguyen\.nuget\packages\microsoft.netcore.app.ref\3.0.0\ref\netcoreapp3.0\System.Collections.NonGeneric.dll
1>                    AssemblyVersion=4.1.1.0
1>                    ExternallyResolved=true
1>                    FileVersion=4.700.19.46214
1>                    FrameworkReferenceName=Microsoft.NETCore.App
1>                    FrameworkReferenceVersion=3.0.0
1>                    NuGetPackageId=Microsoft.NETCore.App.Ref
1>                    NuGetPackageVersion=3.0.0
1>                    Private=false
1>                    PublicKeyToken=b03f5f7f11d50a3a
1>            C:\Users\hansnguyen\.nuget\packages\microsoft.netcore.app.ref\3.0.0\ref\netcoreapp3.0\System.Collections.Specialized.dll
1>                    AssemblyVersion=4.1.1.0
1>                    ExternallyResolved=true
1>                    FileVersion=4.700.19.46214
1>                    FrameworkReferenceName=Microsoft.NETCore.App
1>                    FrameworkReferenceVersion=3.0.0
1>                    NuGetPackageId=Microsoft.NETCore.App.Ref
1>                    NuGetPackageVersion=3.0.0
1>                    Private=false
1>                    PublicKeyToken=b03f5f7f11d50a3a
1>            C:\Users\hansnguyen\.nuget\packages\microsoft.netcore.app.ref\3.0.0\ref\netcoreapp3.0\System.Collections.dll
1>                    AssemblyVersion=4.1.1.0
1>                    ExternallyResolved=true
1>                    FileVersion=4.700.19.46214
1>                    FrameworkReferenceName=Microsoft.NETCore.App
1>                    FrameworkReferenceVersion=3.0.0
1>                    NuGetPackageId=Microsoft.NETCore.App.Ref
1>                    NuGetPackageVersion=3.0.0
1>                    Private=false
1>                    PublicKeyToken=b03f5f7f11d50a3a
1>            C:\Users\hansnguyen\.nuget\packages\microsoft.netcore.app.ref\3.0.0\ref\netcoreapp3.0\System.ComponentModel.Annotations.dll
1>                    AssemblyVersion=4.3.0.0
1>                    ExternallyResolved=true
1>                    FileVersion=4.700.19.46214
1>                    FrameworkReferenceName=Microsoft.NETCore.App
1>                    FrameworkReferenceVersion=3.0.0
1>                    NuGetPackageId=Microsoft.NETCore.App.Ref
1>                    NuGetPackageVersion=3.0.0
1>                    Private=false
1>                    PublicKeyToken=b03f5f7f11d50a3a
1>            C:\Users\hansnguyen\.nuget\packages\microsoft.netcore.app.ref\3.0.0\ref\netcoreapp3.0\System.ComponentModel.DataAnnotations.dll
1>                    AssemblyVersion=4.0.0.0
1>                    ExternallyResolved=true
1>                    FileVersion=4.700.19.46214
1>                    FrameworkReferenceName=Microsoft.NETCore.App
1>                    FrameworkReferenceVersion=3.0.0
1>                    NuGetPackageId=Microsoft.NETCore.App.Ref
1>                    NuGetPackageVersion=3.0.0
1>                    Private=false
1>                    PublicKeyToken=31bf3856ad364e35
1>            C:\Users\hansnguyen\.nuget\packages\microsoft.netcore.app.ref\3.0.0\ref\netcoreapp3.0\System.ComponentModel.EventBasedAsync.dll
1>                    AssemblyVersion=4.1.1.0
1>                    ExternallyResolved=true
1>                    FileVersion=4.700.19.46214
1>                    FrameworkReferenceName=Microsoft.NETCore.App
1>                    FrameworkReferenceVersion=3.0.0
1>                    NuGetPackageId=Microsoft.NETCore.App.Ref
1>                    NuGetPackageVersion=3.0.0
1>                    Private=false
1>                    PublicKeyToken=b03f5f7f11d50a3a
1>            C:\Users\hansnguyen\.nuget\packages\microsoft.netcore.app.ref\3.0.0\ref\netcoreapp3.0\System.ComponentModel.Primitives.dll
1>                    AssemblyVersion=4.2.1.0
1>                    ExternallyResolved=true
1>                    FileVersion=4.700.19.46214
1>                    FrameworkReferenceName=Microsoft.NETCore.App
1>                    FrameworkReferenceVersion=3.0.0
1>                    NuGetPackageId=Microsoft.NETCore.App.Ref
1>                    NuGetPackageVersion=3.0.0
1>                    Private=false
1>                    PublicKeyToken=b03f5f7f11d50a3a
1>            C:\Users\hansnguyen\.nuget\packages\microsoft.netcore.app.ref\3.0.0\ref\netcoreapp3.0\System.ComponentModel.TypeConverter.dll
1>                    AssemblyVersion=4.2.1.0
1>                    ExternallyResolved=true
1>                    FileVersion=4.700.19.46214
1>                    FrameworkReferenceName=Microsoft.NETCore.App
1>                    FrameworkReferenceVersion=3.0.0
1>                    NuGetPackageId=Microsoft.NETCore.App.Ref
1>                    NuGetPackageVersion=3.0.0
1>                    Private=false
1>                    PublicKeyToken=b03f5f7f11d50a3a
1>            C:\Users\hansnguyen\.nuget\packages\microsoft.netcore.app.ref\3.0.0\ref\netcoreapp3.0\System.ComponentModel.dll
1>                    AssemblyVersion=4.0.3.0
1>                    ExternallyResolved=true
1>                    FileVersion=4.700.19.46214
1>                    FrameworkReferenceName=Microsoft.NETCore.App
1>                    FrameworkReferenceVersion=3.0.0
1>                    NuGetPackageId=Microsoft.NETCore.App.Ref
1>                    NuGetPackageVersion=3.0.0
1>                    Private=false
1>                    PublicKeyToken=b03f5f7f11d50a3a
1>            C:\Users\hansnguyen\.nuget\packages\microsoft.netcore.app.ref\3.0.0\ref\netcoreapp3.0\System.Configuration.dll
1>                    AssemblyVersion=4.0.0.0
1>                    ExternallyResolved=true
1>                    FileVersion=4.700.19.46214
1>                    FrameworkReferenceName=Microsoft.NETCore.App
1>                    FrameworkReferenceVersion=3.0.0
1>                    NuGetPackageId=Microsoft.NETCore.App.Ref
1>                    NuGetPackageVersion=3.0.0
1>                    Private=false
1>                    PublicKeyToken=b03f5f7f11d50a3a
1>            C:\Users\hansnguyen\.nuget\packages\microsoft.netcore.app.ref\3.0.0\ref\netcoreapp3.0\System.Console.dll
1>                    AssemblyVersion=4.1.1.0
1>                    ExternallyResolved=true
1>                    FileVersion=4.700.19.46214
1>                    FrameworkReferenceName=Microsoft.NETCore.App
1>                    FrameworkReferenceVersion=3.0.0
1>                    NuGetPackageId=Microsoft.NETCore.App.Ref
1>                    NuGetPackageVersion=3.0.0
1>                    Private=false
1>                    PublicKeyToken=b03f5f7f11d50a3a
1>            C:\Users\hansnguyen\.nuget\packages\microsoft.netcore.app.ref\3.0.0\ref\netcoreapp3.0\System.Core.dll
1>                    AssemblyVersion=4.0.0.0
1>                    ExternallyResolved=true
1>                    FileVersion=4.700.19.46214
1>                    FrameworkReferenceName=Microsoft.NETCore.App
1>                    FrameworkReferenceVersion=3.0.0
1>                    NuGetPackageId=Microsoft.NETCore.App.Ref
1>                    NuGetPackageVersion=3.0.0
1>                    Private=false
1>                    PublicKeyToken=b77a5c561934e089
1>            C:\Users\hansnguyen\.nuget\packages\microsoft.netcore.app.ref\3.0.0\ref\netcoreapp3.0\System.Data.Common.dll
1>                    AssemblyVersion=4.2.1.0
1>                    ExternallyResolved=true
1>                    FileVersion=4.700.19.46214
1>                    FrameworkReferenceName=Microsoft.NETCore.App
1>                    FrameworkReferenceVersion=3.0.0
1>                    NuGetPackageId=Microsoft.NETCore.App.Ref
1>                    NuGetPackageVersion=3.0.0
1>                    Private=false
1>                    PublicKeyToken=b03f5f7f11d50a3a
1>            C:\Users\hansnguyen\.nuget\packages\microsoft.netcore.app.ref\3.0.0\ref\netcoreapp3.0\System.Data.DataSetExtensions.dll
1>                    AssemblyVersion=4.0.0.0
1>                    ExternallyResolved=true
1>                    FileVersion=4.700.19.46214
1>                    FrameworkReferenceName=Microsoft.NETCore.App
1>                    FrameworkReferenceVersion=3.0.0
1>                    NuGetPackageId=Microsoft.NETCore.App.Ref
1>                    NuGetPackageVersion=3.0.0
1>                    Private=false
1>                    PublicKeyToken=b77a5c561934e089
1>            C:\Users\hansnguyen\.nuget\packages\microsoft.netcore.app.ref\3.0.0\ref\netcoreapp3.0\System.Data.dll
1>                    AssemblyVersion=4.0.0.0
1>                    ExternallyResolved=true
1>                    FileVersion=4.700.19.46214
1>                    FrameworkReferenceName=Microsoft.NETCore.App
1>                    FrameworkReferenceVersion=3.0.0
1>                    NuGetPackageId=Microsoft.NETCore.App.Ref
1>                    NuGetPackageVersion=3.0.0
1>                    Private=false
1>                    PublicKeyToken=b77a5c561934e089
1>            C:\Users\hansnguyen\.nuget\packages\microsoft.netcore.app.ref\3.0.0\ref\netcoreapp3.0\System.Diagnostics.Contracts.dll
1>                    AssemblyVersion=4.0.3.0
1>                    ExternallyResolved=true
1>                    FileVersion=4.700.19.46214
1>                    FrameworkReferenceName=Microsoft.NETCore.App
1>                    FrameworkReferenceVersion=3.0.0
1>                    NuGetPackageId=Microsoft.NETCore.App.Ref
1>                    NuGetPackageVersion=3.0.0
1>                    Private=false
1>                    PublicKeyToken=b03f5f7f11d50a3a
1>            C:\Users\hansnguyen\.nuget\packages\microsoft.netcore.app.ref\3.0.0\ref\netcoreapp3.0\System.Diagnostics.Debug.dll
1>                    AssemblyVersion=4.1.1.0
1>                    ExternallyResolved=true
1>                    FileVersion=4.700.19.46214
1>                    FrameworkReferenceName=Microsoft.NETCore.App
1>                    FrameworkReferenceVersion=3.0.0
1>                    NuGetPackageId=Microsoft.NETCore.App.Ref
1>                    NuGetPackageVersion=3.0.0
1>                    Private=false
1>                    PublicKeyToken=b03f5f7f11d50a3a
1>            C:\Users\hansnguyen\.nuget\packages\microsoft.netcore.app.ref\3.0.0\ref\netcoreapp3.0\System.Diagnostics.DiagnosticSource.dll
1>                    AssemblyVersion=4.0.4.0
1>                    ExternallyResolved=true
1>                    FileVersion=4.700.19.46214
1>                    FrameworkReferenceName=Microsoft.NETCore.App
1>                    FrameworkReferenceVersion=3.0.0
1>                    NuGetPackageId=Microsoft.NETCore.App.Ref
1>                    NuGetPackageVersion=3.0.0
1>                    Private=false
1>                    PublicKeyToken=cc7b13ffcd2ddd51
1>            C:\Users\hansnguyen\.nuget\packages\microsoft.netcore.app.ref\3.0.0\ref\netcoreapp3.0\System.Diagnostics.FileVersionInfo.dll
1>                    AssemblyVersion=4.0.3.0
1>                    ExternallyResolved=true
1>                    FileVersion=4.700.19.46214
1>                    FrameworkReferenceName=Microsoft.NETCore.App
1>                    FrameworkReferenceVersion=3.0.0
1>                    NuGetPackageId=Microsoft.NETCore.App.Ref
1>                    NuGetPackageVersion=3.0.0
1>                    Private=false
1>                    PublicKeyToken=b03f5f7f11d50a3a
1>            C:\Users\hansnguyen\.nuget\packages\microsoft.netcore.app.ref\3.0.0\ref\netcoreapp3.0\System.Diagnostics.Process.dll
1>                    AssemblyVersion=4.2.1.0
1>                    ExternallyResolved=true
1>                    FileVersion=4.700.19.46214
1>                    FrameworkReferenceName=Microsoft.NETCore.App
1>                    FrameworkReferenceVersion=3.0.0
1>                    NuGetPackageId=Microsoft.NETCore.App.Ref
1>                    NuGetPackageVersion=3.0.0
1>                    Private=false
1>                    PublicKeyToken=b03f5f7f11d50a3a
1>            C:\Users\hansnguyen\.nuget\packages\microsoft.netcore.app.ref\3.0.0\ref\netcoreapp3.0\System.Diagnostics.StackTrace.dll
1>                    AssemblyVersion=4.1.1.0
1>                    ExternallyResolved=true
1>                    FileVersion=4.700.19.46214
1>                    FrameworkReferenceName=Microsoft.NETCore.App
1>                    FrameworkReferenceVersion=3.0.0
1>                    NuGetPackageId=Microsoft.NETCore.App.Ref
1>                    NuGetPackageVersion=3.0.0
1>                    Private=false
1>                    PublicKeyToken=b03f5f7f11d50a3a
1>            C:\Users\hansnguyen\.nuget\packages\microsoft.netcore.app.ref\3.0.0\ref\netcoreapp3.0\System.Diagnostics.TextWriterTraceListener.dll
1>                    AssemblyVersion=4.1.1.0
1>                    ExternallyResolved=true
1>                    FileVersion=4.700.19.46214
1>                    FrameworkReferenceName=Microsoft.NETCore.App
1>                    FrameworkReferenceVersion=3.0.0
1>                    NuGetPackageId=Microsoft.NETCore.App.Ref
1>                    NuGetPackageVersion=3.0.0
1>                    Private=false
1>                    PublicKeyToken=b03f5f7f11d50a3a
1>            C:\Users\hansnguyen\.nuget\packages\microsoft.netcore.app.ref\3.0.0\ref\netcoreapp3.0\System.Diagnostics.Tools.dll
1>                    AssemblyVersion=4.1.1.0
1>                    ExternallyResolved=true
1>                    FileVersion=4.700.19.46214
1>                    FrameworkReferenceName=Microsoft.NETCore.App
1>                    FrameworkReferenceVersion=3.0.0
1>                    NuGetPackageId=Microsoft.NETCore.App.Ref
1>                    NuGetPackageVersion=3.0.0
1>                    Private=false
1>                    PublicKeyToken=b03f5f7f11d50a3a
1>            C:\Users\hansnguyen\.nuget\packages\microsoft.netcore.app.ref\3.0.0\ref\netcoreapp3.0\System.Diagnostics.TraceSource.dll
1>                    AssemblyVersion=4.1.1.0
1>                    ExternallyResolved=true
1>                    FileVersion=4.700.19.46214
1>                    FrameworkReferenceName=Microsoft.NETCore.App
1>                    FrameworkReferenceVersion=3.0.0
1>                    NuGetPackageId=Microsoft.NETCore.App.Ref
1>                    NuGetPackageVersion=3.0.0
1>                    Private=false
1>                    PublicKeyToken=b03f5f7f11d50a3a
1>            C:\Users\hansnguyen\.nuget\packages\microsoft.netcore.app.ref\3.0.0\ref\netcoreapp3.0\System.Diagnostics.Tracing.dll
1>                    AssemblyVersion=4.2.1.0
1>                    ExternallyResolved=true
1>                    FileVersion=4.700.19.46214
1>                    FrameworkReferenceName=Microsoft.NETCore.App
1>                    FrameworkReferenceVersion=3.0.0
1>                    NuGetPackageId=Microsoft.NETCore.App.Ref
1>                    NuGetPackageVersion=3.0.0
1>                    Private=false
1>                    PublicKeyToken=b03f5f7f11d50a3a
1>            C:\Users\hansnguyen\.nuget\packages\microsoft.netcore.app.ref\3.0.0\ref\netcoreapp3.0\System.Drawing.Primitives.dll
1>                    AssemblyVersion=4.2.0.0
1>                    ExternallyResolved=true
1>                    FileVersion=4.700.19.46214
1>                    FrameworkReferenceName=Microsoft.NETCore.App
1>                    FrameworkReferenceVersion=3.0.0
1>                    NuGetPackageId=Microsoft.NETCore.App.Ref
1>                    NuGetPackageVersion=3.0.0
1>                    Private=false
1>                    PublicKeyToken=b03f5f7f11d50a3a
1>            C:\Users\hansnguyen\.nuget\packages\microsoft.netcore.app.ref\3.0.0\ref\netcoreapp3.0\System.Drawing.dll
1>                    AssemblyVersion=4.0.0.0
1>                    ExternallyResolved=true
1>                    FileVersion=4.700.19.46214
1>                    FrameworkReferenceName=Microsoft.NETCore.App
1>                    FrameworkReferenceVersion=3.0.0
1>                    NuGetPackageId=Microsoft.NETCore.App.Ref
1>                    NuGetPackageVersion=3.0.0
1>                    Private=false
1>                    PublicKeyToken=b03f5f7f11d50a3a
1>            C:\Users\hansnguyen\.nuget\packages\microsoft.netcore.app.ref\3.0.0\ref\netcoreapp3.0\System.Dynamic.Runtime.dll
1>                    AssemblyVersion=4.1.1.0
1>                    ExternallyResolved=true
1>                    FileVersion=4.700.19.46214
1>                    FrameworkReferenceName=Microsoft.NETCore.App
1>                    FrameworkReferenceVersion=3.0.0
1>                    NuGetPackageId=Microsoft.NETCore.App.Ref
1>                    NuGetPackageVersion=3.0.0
1>                    Private=false
1>                    PublicKeyToken=b03f5f7f11d50a3a
1>            C:\Users\hansnguyen\.nuget\packages\microsoft.netcore.app.ref\3.0.0\ref\netcoreapp3.0\System.Globalization.Calendars.dll
1>                    AssemblyVersion=4.1.1.0
1>                    ExternallyResolved=true
1>                    FileVersion=4.700.19.46214
1>                    FrameworkReferenceName=Microsoft.NETCore.App
1>                    FrameworkReferenceVersion=3.0.0
1>                    NuGetPackageId=Microsoft.NETCore.App.Ref
1>                    NuGetPackageVersion=3.0.0
1>                    Private=false
1>                    PublicKeyToken=b03f5f7f11d50a3a
1>            C:\Users\hansnguyen\.nuget\packages\microsoft.netcore.app.ref\3.0.0\ref\netcoreapp3.0\System.Globalization.Extensions.dll
1>                    AssemblyVersion=4.1.1.0
1>                    ExternallyResolved=true
1>                    FileVersion=4.700.19.46214
1>                    FrameworkReferenceName=Microsoft.NETCore.App
1>                    FrameworkReferenceVersion=3.0.0
1>                    NuGetPackageId=Microsoft.NETCore.App.Ref
1>                    NuGetPackageVersion=3.0.0
1>                    Private=false
1>                    PublicKeyToken=b03f5f7f11d50a3a
1>            C:\Users\hansnguyen\.nuget\packages\microsoft.netcore.app.ref\3.0.0\ref\netcoreapp3.0\System.Globalization.dll
1>                    AssemblyVersion=4.1.1.0
1>                    ExternallyResolved=true
1>                    FileVersion=4.700.19.46214
1>                    FrameworkReferenceName=Microsoft.NETCore.App
1>                    FrameworkReferenceVersion=3.0.0
1>                    NuGetPackageId=Microsoft.NETCore.App.Ref
1>                    NuGetPackageVersion=3.0.0
1>                    Private=false
1>                    PublicKeyToken=b03f5f7f11d50a3a
1>            C:\Users\hansnguyen\.nuget\packages\microsoft.netcore.app.ref\3.0.0\ref\netcoreapp3.0\System.IO.Compression.Brotli.dll
1>                    AssemblyVersion=4.2.1.0
1>                    ExternallyResolved=true
1>                    FileVersion=4.700.19.46214
1>                    FrameworkReferenceName=Microsoft.NETCore.App
1>                    FrameworkReferenceVersion=3.0.0
1>                    NuGetPackageId=Microsoft.NETCore.App.Ref
1>                    NuGetPackageVersion=3.0.0
1>                    Private=false
1>                    PublicKeyToken=b77a5c561934e089
1>            C:\Users\hansnguyen\.nuget\packages\microsoft.netcore.app.ref\3.0.0\ref\netcoreapp3.0\System.IO.Compression.FileSystem.dll
1>                    AssemblyVersion=4.0.0.0
1>                    ExternallyResolved=true
1>                    FileVersion=4.700.19.46214
1>                    FrameworkReferenceName=Microsoft.NETCore.App
1>                    FrameworkReferenceVersion=3.0.0
1>                    NuGetPackageId=Microsoft.NETCore.App.Ref
1>                    NuGetPackageVersion=3.0.0
1>                    Private=false
1>                    PublicKeyToken=b77a5c561934e089
1>            C:\Users\hansnguyen\.nuget\packages\microsoft.netcore.app.ref\3.0.0\ref\netcoreapp3.0\System.IO.Compression.ZipFile.dll
1>                    AssemblyVersion=4.0.4.0
1>                    ExternallyResolved=true
1>                    FileVersion=4.700.19.46214
1>                    FrameworkReferenceName=Microsoft.NETCore.App
1>                    FrameworkReferenceVersion=3.0.0
1>                    NuGetPackageId=Microsoft.NETCore.App.Ref
1>                    NuGetPackageVersion=3.0.0
1>                    Private=false
1>                    PublicKeyToken=b77a5c561934e089
1>            C:\Users\hansnguyen\.nuget\packages\microsoft.netcore.app.ref\3.0.0\ref\netcoreapp3.0\System.IO.Compression.dll
1>                    AssemblyVersion=4.2.1.0
1>                    ExternallyResolved=true
1>                    FileVersion=4.700.19.46214
1>                    FrameworkReferenceName=Microsoft.NETCore.App
1>                    FrameworkReferenceVersion=3.0.0
1>                    NuGetPackageId=Microsoft.NETCore.App.Ref
1>                    NuGetPackageVersion=3.0.0
1>                    Private=false
1>                    PublicKeyToken=b77a5c561934e089
1>            C:\Users\hansnguyen\.nuget\packages\microsoft.netcore.app.ref\3.0.0\ref\netcoreapp3.0\System.IO.FileSystem.DriveInfo.dll
1>                    AssemblyVersion=4.1.1.0
1>                    ExternallyResolved=true
1>                    FileVersion=4.700.19.46214
1>                    FrameworkReferenceName=Microsoft.NETCore.App
1>                    FrameworkReferenceVersion=3.0.0
1>                    NuGetPackageId=Microsoft.NETCore.App.Ref
1>                    NuGetPackageVersion=3.0.0
1>                    Private=false
1>                    PublicKeyToken=b03f5f7f11d50a3a
1>            C:\Users\hansnguyen\.nuget\packages\microsoft.netcore.app.ref\3.0.0\ref\netcoreapp3.0\System.IO.FileSystem.Primitives.dll
1>                    AssemblyVersion=4.1.1.0
1>                    ExternallyResolved=true
1>                    FileVersion=4.700.19.46214
1>                    FrameworkReferenceName=Microsoft.NETCore.App
1>                    FrameworkReferenceVersion=3.0.0
1>                    NuGetPackageId=Microsoft.NETCore.App.Ref
1>                    NuGetPackageVersion=3.0.0
1>                    Private=false
1>                    PublicKeyToken=b03f5f7f11d50a3a
1>            C:\Users\hansnguyen\.nuget\packages\microsoft.netcore.app.ref\3.0.0\ref\netcoreapp3.0\System.IO.FileSystem.Watcher.dll
1>                    AssemblyVersion=4.1.1.0
1>                    ExternallyResolved=true
1>                    FileVersion=4.700.19.46214
1>                    FrameworkReferenceName=Microsoft.NETCore.App
1>                    FrameworkReferenceVersion=3.0.0
1>                    NuGetPackageId=Microsoft.NETCore.App.Ref
1>                    NuGetPackageVersion=3.0.0
1>                    Private=false
1>                    PublicKeyToken=b03f5f7f11d50a3a
1>            C:\Users\hansnguyen\.nuget\packages\microsoft.netcore.app.ref\3.0.0\ref\netcoreapp3.0\System.IO.FileSystem.dll
1>                    AssemblyVersion=4.1.1.0
1>                    ExternallyResolved=true
1>                    FileVersion=4.700.19.46214
1>                    FrameworkReferenceName=Microsoft.NETCore.App
1>                    FrameworkReferenceVersion=3.0.0
1>                    NuGetPackageId=Microsoft.NETCore.App.Ref
1>                    NuGetPackageVersion=3.0.0
1>                    Private=false
1>                    PublicKeyToken=b03f5f7f11d50a3a
1>            C:\Users\hansnguyen\.nuget\packages\microsoft.netcore.app.ref\3.0.0\ref\netcoreapp3.0\System.IO.IsolatedStorage.dll
1>                    AssemblyVersion=4.1.1.0
1>                    ExternallyResolved=true
1>                    FileVersion=4.700.19.46214
1>                    FrameworkReferenceName=Microsoft.NETCore.App
1>                    FrameworkReferenceVersion=3.0.0
1>                    NuGetPackageId=Microsoft.NETCore.App.Ref
1>                    NuGetPackageVersion=3.0.0
1>                    Private=false
1>                    PublicKeyToken=b03f5f7f11d50a3a
1>            C:\Users\hansnguyen\.nuget\packages\microsoft.netcore.app.ref\3.0.0\ref\netcoreapp3.0\System.IO.MemoryMappedFiles.dll
1>                    AssemblyVersion=4.1.1.0
1>                    ExternallyResolved=true
1>                    FileVersion=4.700.19.46214
1>                    FrameworkReferenceName=Microsoft.NETCore.App
1>                    FrameworkReferenceVersion=3.0.0
1>                    NuGetPackageId=Microsoft.NETCore.App.Ref
1>                    NuGetPackageVersion=3.0.0
1>                    Private=false
1>                    PublicKeyToken=b03f5f7f11d50a3a
1>            C:\Users\hansnguyen\.nuget\packages\microsoft.netcore.app.ref\3.0.0\ref\netcoreapp3.0\System.IO.Pipes.dll
1>                    AssemblyVersion=4.1.1.0
1>                    ExternallyResolved=true
1>                    FileVersion=4.700.19.46214
1>                    FrameworkReferenceName=Microsoft.NETCore.App
1>                    FrameworkReferenceVersion=3.0.0
1>                    NuGetPackageId=Microsoft.NETCore.App.Ref
1>                    NuGetPackageVersion=3.0.0
1>                    Private=false
1>                    PublicKeyToken=b03f5f7f11d50a3a
1>            C:\Users\hansnguyen\.nuget\packages\microsoft.netcore.app.ref\3.0.0\ref\netcoreapp3.0\System.IO.UnmanagedMemoryStream.dll
1>                    AssemblyVersion=4.1.1.0
1>                    ExternallyResolved=true
1>                    FileVersion=4.700.19.46214
1>                    FrameworkReferenceName=Microsoft.NETCore.App
1>                    FrameworkReferenceVersion=3.0.0
1>                    NuGetPackageId=Microsoft.NETCore.App.Ref
1>                    NuGetPackageVersion=3.0.0
1>                    Private=false
1>                    PublicKeyToken=b03f5f7f11d50a3a
1>            C:\Users\hansnguyen\.nuget\packages\microsoft.netcore.app.ref\3.0.0\ref\netcoreapp3.0\System.IO.dll
1>                    AssemblyVersion=4.2.1.0
1>                    ExternallyResolved=true
1>                    FileVersion=4.700.19.46214
1>                    FrameworkReferenceName=Microsoft.NETCore.App
1>                    FrameworkReferenceVersion=3.0.0
1>                    NuGetPackageId=Microsoft.NETCore.App.Ref
1>                    NuGetPackageVersion=3.0.0
1>                    Private=false
1>                    PublicKeyToken=b03f5f7f11d50a3a
1>            C:\Users\hansnguyen\.nuget\packages\microsoft.netcore.app.ref\3.0.0\ref\netcoreapp3.0\System.Linq.Expressions.dll
1>                    AssemblyVersion=4.2.1.0
1>                    ExternallyResolved=true
1>                    FileVersion=4.700.19.46214
1>                    FrameworkReferenceName=Microsoft.NETCore.App
1>                    FrameworkReferenceVersion=3.0.0
1>                    NuGetPackageId=Microsoft.NETCore.App.Ref
1>                    NuGetPackageVersion=3.0.0
1>                    Private=false
1>                    PublicKeyToken=b03f5f7f11d50a3a
1>            C:\Users\hansnguyen\.nuget\packages\microsoft.netcore.app.ref\3.0.0\ref\netcoreapp3.0\System.Linq.Parallel.dll
1>                    AssemblyVersion=4.0.3.0
1>                    ExternallyResolved=true
1>                    FileVersion=4.700.19.46214
1>                    FrameworkReferenceName=Microsoft.NETCore.App
1>                    FrameworkReferenceVersion=3.0.0
1>                    NuGetPackageId=Microsoft.NETCore.App.Ref
1>                    NuGetPackageVersion=3.0.0
1>                    Private=false
1>                    PublicKeyToken=b03f5f7f11d50a3a
1>            C:\Users\hansnguyen\.nuget\packages\microsoft.netcore.app.ref\3.0.0\ref\netcoreapp3.0\System.Linq.Queryable.dll
1>                    AssemblyVersion=4.0.3.0
1>                    ExternallyResolved=true
1>                    FileVersion=4.700.19.46214
1>                    FrameworkReferenceName=Microsoft.NETCore.App
1>                    FrameworkReferenceVersion=3.0.0
1>                    NuGetPackageId=Microsoft.NETCore.App.Ref
1>                    NuGetPackageVersion=3.0.0
1>                    Private=false
1>                    PublicKeyToken=b03f5f7f11d50a3a
1>            C:\Users\hansnguyen\.nuget\packages\microsoft.netcore.app.ref\3.0.0\ref\netcoreapp3.0\System.Linq.dll
1>                    AssemblyVersion=4.2.1.0
1>                    ExternallyResolved=true
1>                    FileVersion=4.700.19.46214
1>                    FrameworkReferenceName=Microsoft.NETCore.App
1>                    FrameworkReferenceVersion=3.0.0
1>                    NuGetPackageId=Microsoft.NETCore.App.Ref
1>                    NuGetPackageVersion=3.0.0
1>                    Private=false
1>                    PublicKeyToken=b03f5f7f11d50a3a
1>            C:\Users\hansnguyen\.nuget\packages\microsoft.netcore.app.ref\3.0.0\ref\netcoreapp3.0\System.Memory.dll
1>                    AssemblyVersion=4.2.0.0
1>                    ExternallyResolved=true
1>                    FileVersion=4.700.19.46214
1>                    FrameworkReferenceName=Microsoft.NETCore.App
1>                    FrameworkReferenceVersion=3.0.0
1>                    NuGetPackageId=Microsoft.NETCore.App.Ref
1>                    NuGetPackageVersion=3.0.0
1>                    Private=false
1>                    PublicKeyToken=cc7b13ffcd2ddd51
1>            C:\Users\hansnguyen\.nuget\packages\microsoft.netcore.app.ref\3.0.0\ref\netcoreapp3.0\System.Net.Http.dll
1>                    AssemblyVersion=4.2.1.0
1>                    ExternallyResolved=true
1>                    FileVersion=4.700.19.46214
1>                    FrameworkReferenceName=Microsoft.NETCore.App
1>                    FrameworkReferenceVersion=3.0.0
1>                    NuGetPackageId=Microsoft.NETCore.App.Ref
1>                    NuGetPackageVersion=3.0.0
1>                    Private=false
1>                    PublicKeyToken=b03f5f7f11d50a3a
1>            C:\Users\hansnguyen\.nuget\packages\microsoft.netcore.app.ref\3.0.0\ref\netcoreapp3.0\System.Net.HttpListener.dll
1>                    AssemblyVersion=4.0.1.0
1>                    ExternallyResolved=true
1>                    FileVersion=4.700.19.46214
1>                    FrameworkReferenceName=Microsoft.NETCore.App
1>                    FrameworkReferenceVersion=3.0.0
1>                    NuGetPackageId=Microsoft.NETCore.App.Ref
1>                    NuGetPackageVersion=3.0.0
1>                    Private=false
1>                    PublicKeyToken=cc7b13ffcd2ddd51
1>            C:\Users\hansnguyen\.nuget\packages\microsoft.netcore.app.ref\3.0.0\ref\netcoreapp3.0\System.Net.Mail.dll
1>                    AssemblyVersion=4.0.1.0
1>                    ExternallyResolved=true
1>                    FileVersion=4.700.19.46214
1>                    FrameworkReferenceName=Microsoft.NETCore.App
1>                    FrameworkReferenceVersion=3.0.0
1>                    NuGetPackageId=Microsoft.NETCore.App.Ref
1>                    NuGetPackageVersion=3.0.0
1>                    Private=false
1>                    PublicKeyToken=cc7b13ffcd2ddd51
1>            C:\Users\hansnguyen\.nuget\packages\microsoft.netcore.app.ref\3.0.0\ref\netcoreapp3.0\System.Net.NameResolution.dll
1>                    AssemblyVersion=4.1.1.0
1>                    ExternallyResolved=true
1>                    FileVersion=4.700.19.46214
1>                    FrameworkReferenceName=Microsoft.NETCore.App
1>                    FrameworkReferenceVersion=3.0.0
1>                    NuGetPackageId=Microsoft.NETCore.App.Ref
1>                    NuGetPackageVersion=3.0.0
1>                    Private=false
1>                    PublicKeyToken=b03f5f7f11d50a3a
1>            C:\Users\hansnguyen\.nuget\packages\microsoft.netcore.app.ref\3.0.0\ref\netcoreapp3.0\System.Net.NetworkInformation.dll
1>                    AssemblyVersion=4.2.1.0
1>                    ExternallyResolved=true
1>                    FileVersion=4.700.19.46214
1>                    FrameworkReferenceName=Microsoft.NETCore.App
1>                    FrameworkReferenceVersion=3.0.0
1>                    NuGetPackageId=Microsoft.NETCore.App.Ref
1>                    NuGetPackageVersion=3.0.0
1>                    Private=false
1>                    PublicKeyToken=b03f5f7f11d50a3a
1>            C:\Users\hansnguyen\.nuget\packages\microsoft.netcore.app.ref\3.0.0\ref\netcoreapp3.0\System.Net.Ping.dll
1>                    AssemblyVersion=4.1.1.0
1>                    ExternallyResolved=true
1>                    FileVersion=4.700.19.46214
1>                    FrameworkReferenceName=Microsoft.NETCore.App
1>                    FrameworkReferenceVersion=3.0.0
1>                    NuGetPackageId=Microsoft.NETCore.App.Ref
1>                    NuGetPackageVersion=3.0.0
1>                    Private=false
1>                    PublicKeyToken=b03f5f7f11d50a3a
1>            C:\Users\hansnguyen\.nuget\packages\microsoft.netcore.app.ref\3.0.0\ref\netcoreapp3.0\System.Net.Primitives.dll
1>                    AssemblyVersion=4.1.1.0
1>                    ExternallyResolved=true
1>                    FileVersion=4.700.19.46214
1>                    FrameworkReferenceName=Microsoft.NETCore.App
1>                    FrameworkReferenceVersion=3.0.0
1>                    NuGetPackageId=Microsoft.NETCore.App.Ref
1>                    NuGetPackageVersion=3.0.0
1>                    Private=false
1>                    PublicKeyToken=b03f5f7f11d50a3a
1>            C:\Users\hansnguyen\.nuget\packages\microsoft.netcore.app.ref\3.0.0\ref\netcoreapp3.0\System.Net.Requests.dll
1>                    AssemblyVersion=4.1.1.0
1>                    ExternallyResolved=true
1>                    FileVersion=4.700.19.46214
1>                    FrameworkReferenceName=Microsoft.NETCore.App
1>                    FrameworkReferenceVersion=3.0.0
1>                    NuGetPackageId=Microsoft.NETCore.App.Ref
1>                    NuGetPackageVersion=3.0.0
1>                    Private=false
1>                    PublicKeyToken=b03f5f7f11d50a3a
1>            C:\Users\hansnguyen\.nuget\packages\microsoft.netcore.app.ref\3.0.0\ref\netcoreapp3.0\System.Net.Security.dll
1>                    AssemblyVersion=4.1.1.0
1>                    ExternallyResolved=true
1>                    FileVersion=4.700.19.46214
1>                    FrameworkReferenceName=Microsoft.NETCore.App
1>                    FrameworkReferenceVersion=3.0.0
1>                    NuGetPackageId=Microsoft.NETCore.App.Ref
1>                    NuGetPackageVersion=3.0.0
1>                    Private=false
1>                    PublicKeyToken=b03f5f7f11d50a3a
1>            C:\Users\hansnguyen\.nuget\packages\microsoft.netcore.app.ref\3.0.0\ref\netcoreapp3.0\System.Net.ServicePoint.dll
1>                    AssemblyVersion=4.0.1.0
1>                    ExternallyResolved=true
1>                    FileVersion=4.700.19.46214
1>                    FrameworkReferenceName=Microsoft.NETCore.App
1>                    FrameworkReferenceVersion=3.0.0
1>                    NuGetPackageId=Microsoft.NETCore.App.Ref
1>                    NuGetPackageVersion=3.0.0
1>                    Private=false
1>                    PublicKeyToken=cc7b13ffcd2ddd51
1>            C:\Users\hansnguyen\.nuget\packages\microsoft.netcore.app.ref\3.0.0\ref\netcoreapp3.0\System.Net.Sockets.dll
1>                    AssemblyVersion=4.2.1.0
1>                    ExternallyResolved=true
1>                    FileVersion=4.700.19.46214
1>                    FrameworkReferenceName=Microsoft.NETCore.App
1>                    FrameworkReferenceVersion=3.0.0
1>                    NuGetPackageId=Microsoft.NETCore.App.Ref
1>                    NuGetPackageVersion=3.0.0
1>                    Private=false
1>                    PublicKeyToken=b03f5f7f11d50a3a
1>            C:\Users\hansnguyen\.nuget\packages\microsoft.netcore.app.ref\3.0.0\ref\netcoreapp3.0\System.Net.WebClient.dll
1>                    AssemblyVersion=4.0.1.0
1>                    ExternallyResolved=true
1>                    FileVersion=4.700.19.46214
1>                    FrameworkReferenceName=Microsoft.NETCore.App
1>                    FrameworkReferenceVersion=3.0.0
1>                    NuGetPackageId=Microsoft.NETCore.App.Ref
1>                    NuGetPackageVersion=3.0.0
1>                    Private=false
1>                    PublicKeyToken=cc7b13ffcd2ddd51
1>            C:\Users\hansnguyen\.nuget\packages\microsoft.netcore.app.ref\3.0.0\ref\netcoreapp3.0\System.Net.WebHeaderCollection.dll
1>                    AssemblyVersion=4.1.1.0
1>                    ExternallyResolved=true
1>                    FileVersion=4.700.19.46214
1>                    FrameworkReferenceName=Microsoft.NETCore.App
1>                    FrameworkReferenceVersion=3.0.0
1>                    NuGetPackageId=Microsoft.NETCore.App.Ref
1>                    NuGetPackageVersion=3.0.0
1>                    Private=false
1>                    PublicKeyToken=b03f5f7f11d50a3a
1>            C:\Users\hansnguyen\.nuget\packages\microsoft.netcore.app.ref\3.0.0\ref\netcoreapp3.0\System.Net.WebProxy.dll
1>                    AssemblyVersion=4.0.1.0
1>                    ExternallyResolved=true
1>                    FileVersion=4.700.19.46214
1>                    FrameworkReferenceName=Microsoft.NETCore.App
1>                    FrameworkReferenceVersion=3.0.0
1>                    NuGetPackageId=Microsoft.NETCore.App.Ref
1>                    NuGetPackageVersion=3.0.0
1>                    Private=false
1>                    PublicKeyToken=cc7b13ffcd2ddd51
1>            C:\Users\hansnguyen\.nuget\packages\microsoft.netcore.app.ref\3.0.0\ref\netcoreapp3.0\System.Net.WebSockets.Client.dll
1>                    AssemblyVersion=4.1.1.0
1>                    ExternallyResolved=true
1>                    FileVersion=4.700.19.46214
1>                    FrameworkReferenceName=Microsoft.NETCore.App
1>                    FrameworkReferenceVersion=3.0.0
1>                    NuGetPackageId=Microsoft.NETCore.App.Ref
1>                    NuGetPackageVersion=3.0.0
1>                    Private=false
1>                    PublicKeyToken=b03f5f7f11d50a3a
1>            C:\Users\hansnguyen\.nuget\packages\microsoft.netcore.app.ref\3.0.0\ref\netcoreapp3.0\System.Net.WebSockets.dll
1>                    AssemblyVersion=4.1.1.0
1>                    ExternallyResolved=true
1>                    FileVersion=4.700.19.46214
1>                    FrameworkReferenceName=Microsoft.NETCore.App
1>                    FrameworkReferenceVersion=3.0.0
1>                    NuGetPackageId=Microsoft.NETCore.App.Ref
1>                    NuGetPackageVersion=3.0.0
1>                    Private=false
1>                    PublicKeyToken=b03f5f7f11d50a3a
1>            C:\Users\hansnguyen\.nuget\packages\microsoft.netcore.app.ref\3.0.0\ref\netcoreapp3.0\System.Net.dll
1>                    AssemblyVersion=4.0.0.0
1>                    ExternallyResolved=true
1>                    FileVersion=4.700.19.46214
1>                    FrameworkReferenceName=Microsoft.NETCore.App
1>                    FrameworkReferenceVersion=3.0.0
1>                    NuGetPackageId=Microsoft.NETCore.App.Ref
1>                    NuGetPackageVersion=3.0.0
1>                    Private=false
1>                    PublicKeyToken=b03f5f7f11d50a3a
1>            C:\Users\hansnguyen\.nuget\packages\microsoft.netcore.app.ref\3.0.0\ref\netcoreapp3.0\System.Numerics.Vectors.dll
1>                    AssemblyVersion=4.1.5.0
1>                    ExternallyResolved=true
1>                    FileVersion=4.700.19.46214
1>                    FrameworkReferenceName=Microsoft.NETCore.App
1>                    FrameworkReferenceVersion=3.0.0
1>                    NuGetPackageId=Microsoft.NETCore.App.Ref
1>                    NuGetPackageVersion=3.0.0
1>                    Private=false
1>                    PublicKeyToken=b03f5f7f11d50a3a
1>            C:\Users\hansnguyen\.nuget\packages\microsoft.netcore.app.ref\3.0.0\ref\netcoreapp3.0\System.Numerics.dll
1>                    AssemblyVersion=4.0.0.0
1>                    ExternallyResolved=true
1>                    FileVersion=4.700.19.46214
1>                    FrameworkReferenceName=Microsoft.NETCore.App
1>                    FrameworkReferenceVersion=3.0.0
1>                    NuGetPackageId=Microsoft.NETCore.App.Ref
1>                    NuGetPackageVersion=3.0.0
1>                    Private=false
1>                    PublicKeyToken=b77a5c561934e089
1>            C:\Users\hansnguyen\.nuget\packages\microsoft.netcore.app.ref\3.0.0\ref\netcoreapp3.0\System.ObjectModel.dll
1>                    AssemblyVersion=4.1.1.0
1>                    ExternallyResolved=true
1>                    FileVersion=4.700.19.46214
1>                    FrameworkReferenceName=Microsoft.NETCore.App
1>                    FrameworkReferenceVersion=3.0.0
1>                    NuGetPackageId=Microsoft.NETCore.App.Ref
1>                    NuGetPackageVersion=3.0.0
1>                    Private=false
1>                    PublicKeyToken=b03f5f7f11d50a3a
1>            C:\Users\hansnguyen\.nuget\packages\microsoft.netcore.app.ref\3.0.0\ref\netcoreapp3.0\System.Reflection.DispatchProxy.dll
1>                    AssemblyVersion=4.0.5.0
1>                    ExternallyResolved=true
1>                    FileVersion=4.700.19.46214
1>                    FrameworkReferenceName=Microsoft.NETCore.App
1>                    FrameworkReferenceVersion=3.0.0
1>                    NuGetPackageId=Microsoft.NETCore.App.Ref
1>                    NuGetPackageVersion=3.0.0
1>                    Private=false
1>                    PublicKeyToken=b03f5f7f11d50a3a
1>            C:\Users\hansnguyen\.nuget\packages\microsoft.netcore.app.ref\3.0.0\ref\netcoreapp3.0\System.Reflection.Emit.ILGeneration.dll
1>                    AssemblyVersion=4.1.0.0
1>                    ExternallyResolved=true
1>                    FileVersion=4.700.19.46214
1>                    FrameworkReferenceName=Microsoft.NETCore.App
1>                    FrameworkReferenceVersion=3.0.0
1>                    NuGetPackageId=Microsoft.NETCore.App.Ref
1>                    NuGetPackageVersion=3.0.0
1>                    Private=false
1>                    PublicKeyToken=b03f5f7f11d50a3a
1>            C:\Users\hansnguyen\.nuget\packages\microsoft.netcore.app.ref\3.0.0\ref\netcoreapp3.0\System.Reflection.Emit.Lightweight.dll
1>                    AssemblyVersion=4.1.0.0
1>                    ExternallyResolved=true
1>                    FileVersion=4.700.19.46214
1>                    FrameworkReferenceName=Microsoft.NETCore.App
1>                    FrameworkReferenceVersion=3.0.0
1>                    NuGetPackageId=Microsoft.NETCore.App.Ref
1>                    NuGetPackageVersion=3.0.0
1>                    Private=false
1>                    PublicKeyToken=b03f5f7f11d50a3a
1>            C:\Users\hansnguyen\.nuget\packages\microsoft.netcore.app.ref\3.0.0\ref\netcoreapp3.0\System.Reflection.Emit.dll
1>                    AssemblyVersion=4.1.1.0
1>                    ExternallyResolved=true
1>                    FileVersion=4.700.19.46214
1>                    FrameworkReferenceName=Microsoft.NETCore.App
1>                    FrameworkReferenceVersion=3.0.0
1>                    NuGetPackageId=Microsoft.NETCore.App.Ref
1>                    NuGetPackageVersion=3.0.0
1>                    Private=false
1>                    PublicKeyToken=b03f5f7f11d50a3a
1>            C:\Users\hansnguyen\.nuget\packages\microsoft.netcore.app.ref\3.0.0\ref\netcoreapp3.0\System.Reflection.Extensions.dll
1>                    AssemblyVersion=4.1.1.0
1>                    ExternallyResolved=true
1>                    FileVersion=4.700.19.46214
1>                    FrameworkReferenceName=Microsoft.NETCore.App
1>                    FrameworkReferenceVersion=3.0.0
1>                    NuGetPackageId=Microsoft.NETCore.App.Ref
1>                    NuGetPackageVersion=3.0.0
1>                    Private=false
1>                    PublicKeyToken=b03f5f7f11d50a3a
1>            C:\Users\hansnguyen\.nuget\packages\microsoft.netcore.app.ref\3.0.0\ref\netcoreapp3.0\System.Reflection.Metadata.dll
1>                    AssemblyVersion=1.4.4.0
1>                    ExternallyResolved=true
1>                    FileVersion=4.700.19.46214
1>                    FrameworkReferenceName=Microsoft.NETCore.App
1>                    FrameworkReferenceVersion=3.0.0
1>                    NuGetPackageId=Microsoft.NETCore.App.Ref
1>                    NuGetPackageVersion=3.0.0
1>                    Private=false
1>                    PublicKeyToken=b03f5f7f11d50a3a
1>            C:\Users\hansnguyen\.nuget\packages\microsoft.netcore.app.ref\3.0.0\ref\netcoreapp3.0\System.Reflection.Primitives.dll
1>                    AssemblyVersion=4.1.1.0
1>                    ExternallyResolved=true
1>                    FileVersion=4.700.19.46214
1>                    FrameworkReferenceName=Microsoft.NETCore.App
1>                    FrameworkReferenceVersion=3.0.0
1>                    NuGetPackageId=Microsoft.NETCore.App.Ref
1>                    NuGetPackageVersion=3.0.0
1>                    Private=false
1>                    PublicKeyToken=b03f5f7f11d50a3a
1>            C:\Users\hansnguyen\.nuget\packages\microsoft.netcore.app.ref\3.0.0\ref\netcoreapp3.0\System.Reflection.TypeExtensions.dll
1>                    AssemblyVersion=4.1.2.0
1>                    ExternallyResolved=true
1>                    FileVersion=4.700.19.46214
1>                    FrameworkReferenceName=Microsoft.NETCore.App
1>                    FrameworkReferenceVersion=3.0.0
1>                    NuGetPackageId=Microsoft.NETCore.App.Ref
1>                    NuGetPackageVersion=3.0.0
1>                    Private=false
1>                    PublicKeyToken=b03f5f7f11d50a3a
1>            C:\Users\hansnguyen\.nuget\packages\microsoft.netcore.app.ref\3.0.0\ref\netcoreapp3.0\System.Reflection.dll
1>                    AssemblyVersion=4.2.1.0
1>                    ExternallyResolved=true
1>                    FileVersion=4.700.19.46214
1>                    FrameworkReferenceName=Microsoft.NETCore.App
1>                    FrameworkReferenceVersion=3.0.0
1>                    NuGetPackageId=Microsoft.NETCore.App.Ref
1>                    NuGetPackageVersion=3.0.0
1>                    Private=false
1>                    PublicKeyToken=b03f5f7f11d50a3a
1>            C:\Users\hansnguyen\.nuget\packages\microsoft.netcore.app.ref\3.0.0\ref\netcoreapp3.0\System.Resources.Reader.dll
1>                    AssemblyVersion=4.1.1.0
1>                    ExternallyResolved=true
1>                    FileVersion=4.700.19.46214
1>                    FrameworkReferenceName=Microsoft.NETCore.App
1>                    FrameworkReferenceVersion=3.0.0
1>                    NuGetPackageId=Microsoft.NETCore.App.Ref
1>                    NuGetPackageVersion=3.0.0
1>                    Private=false
1>                    PublicKeyToken=b03f5f7f11d50a3a
1>            C:\Users\hansnguyen\.nuget\packages\microsoft.netcore.app.ref\3.0.0\ref\netcoreapp3.0\System.Resources.ResourceManager.dll
1>                    AssemblyVersion=4.1.1.0
1>                    ExternallyResolved=true
1>                    FileVersion=4.700.19.46214
1>                    FrameworkReferenceName=Microsoft.NETCore.App
1>                    FrameworkReferenceVersion=3.0.0
1>                    NuGetPackageId=Microsoft.NETCore.App.Ref
1>                    NuGetPackageVersion=3.0.0
1>                    Private=false
1>                    PublicKeyToken=b03f5f7f11d50a3a
1>            C:\Users\hansnguyen\.nuget\packages\microsoft.netcore.app.ref\3.0.0\ref\netcoreapp3.0\System.Resources.Writer.dll
1>                    AssemblyVersion=4.1.1.0
1>                    ExternallyResolved=true
1>                    FileVersion=4.700.19.46214
1>                    FrameworkReferenceName=Microsoft.NETCore.App
1>                    FrameworkReferenceVersion=3.0.0
1>                    NuGetPackageId=Microsoft.NETCore.App.Ref
1>                    NuGetPackageVersion=3.0.0
1>                    Private=false
1>                    PublicKeyToken=b03f5f7f11d50a3a
1>            C:\Users\hansnguyen\.nuget\packages\microsoft.netcore.app.ref\3.0.0\ref\netcoreapp3.0\System.Runtime.CompilerServices.Unsafe.dll
1>                    AssemblyVersion=4.0.5.0
1>                    ExternallyResolved=true
1>                    FileVersion=4.700.19.46214
1>                    FrameworkReferenceName=Microsoft.NETCore.App
1>                    FrameworkReferenceVersion=3.0.0
1>                    NuGetPackageId=Microsoft.NETCore.App.Ref
1>                    NuGetPackageVersion=3.0.0
1>                    Private=false
1>                    PublicKeyToken=b03f5f7f11d50a3a
1>            C:\Users\hansnguyen\.nuget\packages\microsoft.netcore.app.ref\3.0.0\ref\netcoreapp3.0\System.Runtime.CompilerServices.VisualC.dll
1>                    AssemblyVersion=4.1.1.0
1>                    ExternallyResolved=true
1>                    FileVersion=4.700.19.46214
1>                    FrameworkReferenceName=Microsoft.NETCore.App
1>                    FrameworkReferenceVersion=3.0.0
1>                    NuGetPackageId=Microsoft.NETCore.App.Ref
1>                    NuGetPackageVersion=3.0.0
1>                    Private=false
1>                    PublicKeyToken=b03f5f7f11d50a3a
1>            C:\Users\hansnguyen\.nuget\packages\microsoft.netcore.app.ref\3.0.0\ref\netcoreapp3.0\System.Runtime.Extensions.dll
1>                    AssemblyVersion=4.2.1.0
1>                    ExternallyResolved=true
1>                    FileVersion=4.700.19.46214
1>                    FrameworkReferenceName=Microsoft.NETCore.App
1>                    FrameworkReferenceVersion=3.0.0
1>                    NuGetPackageId=Microsoft.NETCore.App.Ref
1>                    NuGetPackageVersion=3.0.0
1>                    Private=false
1>                    PublicKeyToken=b03f5f7f11d50a3a
1>            C:\Users\hansnguyen\.nuget\packages\microsoft.netcore.app.ref\3.0.0\ref\netcoreapp3.0\System.Runtime.Handles.dll
1>                    AssemblyVersion=4.1.1.0
1>                    ExternallyResolved=true
1>                    FileVersion=4.700.19.46214
1>                    FrameworkReferenceName=Microsoft.NETCore.App
1>                    FrameworkReferenceVersion=3.0.0
1>                    NuGetPackageId=Microsoft.NETCore.App.Ref
1>                    NuGetPackageVersion=3.0.0
1>                    Private=false
1>                    PublicKeyToken=b03f5f7f11d50a3a
1>            C:\Users\hansnguyen\.nuget\packages\microsoft.netcore.app.ref\3.0.0\ref\netcoreapp3.0\System.Runtime.InteropServices.RuntimeInformation.dll
1>                    AssemblyVersion=4.0.3.0
1>                    ExternallyResolved=true
1>                    FileVersion=4.700.19.46214
1>                    FrameworkReferenceName=Microsoft.NETCore.App
1>                    FrameworkReferenceVersion=3.0.0
1>                    NuGetPackageId=Microsoft.NETCore.App.Ref
1>                    NuGetPackageVersion=3.0.0
1>                    Private=false
1>                    PublicKeyToken=b03f5f7f11d50a3a
1>            C:\Users\hansnguyen\.nuget\packages\microsoft.netcore.app.ref\3.0.0\ref\netcoreapp3.0\System.Runtime.InteropServices.WindowsRuntime.dll
1>                    AssemblyVersion=4.0.3.0
1>                    ExternallyResolved=true
1>                    FileVersion=4.700.19.46214
1>                    FrameworkReferenceName=Microsoft.NETCore.App
1>                    FrameworkReferenceVersion=3.0.0
1>                    NuGetPackageId=Microsoft.NETCore.App.Ref
1>                    NuGetPackageVersion=3.0.0
1>                    Private=false
1>                    PublicKeyToken=b03f5f7f11d50a3a
1>            C:\Users\hansnguyen\.nuget\packages\microsoft.netcore.app.ref\3.0.0\ref\netcoreapp3.0\System.Runtime.InteropServices.dll
1>                    AssemblyVersion=4.2.1.0
1>                    ExternallyResolved=true
1>                    FileVersion=4.700.19.46214
1>                    FrameworkReferenceName=Microsoft.NETCore.App
1>                    FrameworkReferenceVersion=3.0.0
1>                    NuGetPackageId=Microsoft.NETCore.App.Ref
1>                    NuGetPackageVersion=3.0.0
1>                    Private=false
1>                    PublicKeyToken=b03f5f7f11d50a3a
1>            C:\Users\hansnguyen\.nuget\packages\microsoft.netcore.app.ref\3.0.0\ref\netcoreapp3.0\System.Runtime.Intrinsics.dll
1>                    AssemblyVersion=4.0.0.0
1>                    ExternallyResolved=true
1>                    FileVersion=4.700.19.46214
1>                    FrameworkReferenceName=Microsoft.NETCore.App
1>                    FrameworkReferenceVersion=3.0.0
1>                    NuGetPackageId=Microsoft.NETCore.App.Ref
1>                    NuGetPackageVersion=3.0.0
1>                    Private=false
1>                    PublicKeyToken=cc7b13ffcd2ddd51
1>            C:\Users\hansnguyen\.nuget\packages\microsoft.netcore.app.ref\3.0.0\ref\netcoreapp3.0\System.Runtime.Loader.dll
1>                    AssemblyVersion=4.1.0.0
1>                    ExternallyResolved=true
1>                    FileVersion=4.700.19.46214
1>                    FrameworkReferenceName=Microsoft.NETCore.App
1>                    FrameworkReferenceVersion=3.0.0
1>                    NuGetPackageId=Microsoft.NETCore.App.Ref
1>                    NuGetPackageVersion=3.0.0
1>                    Private=false
1>                    PublicKeyToken=b03f5f7f11d50a3a
1>            C:\Users\hansnguyen\.nuget\packages\microsoft.netcore.app.ref\3.0.0\ref\netcoreapp3.0\System.Runtime.Numerics.dll
1>                    AssemblyVersion=4.1.1.0
1>                    ExternallyResolved=true
1>                    FileVersion=4.700.19.46214
1>                    FrameworkReferenceName=Microsoft.NETCore.App
1>                    FrameworkReferenceVersion=3.0.0
1>                    NuGetPackageId=Microsoft.NETCore.App.Ref
1>                    NuGetPackageVersion=3.0.0
1>                    Private=false
1>                    PublicKeyToken=b03f5f7f11d50a3a
1>            C:\Users\hansnguyen\.nuget\packages\microsoft.netcore.app.ref\3.0.0\ref\netcoreapp3.0\System.Runtime.Serialization.Formatters.dll
1>                    AssemblyVersion=4.0.3.0
1>                    ExternallyResolved=true
1>                    FileVersion=4.700.19.46214
1>                    FrameworkReferenceName=Microsoft.NETCore.App
1>                    FrameworkReferenceVersion=3.0.0
1>                    NuGetPackageId=Microsoft.NETCore.App.Ref
1>                    NuGetPackageVersion=3.0.0
1>                    Private=false
1>                    PublicKeyToken=b03f5f7f11d50a3a
1>            C:\Users\hansnguyen\.nuget\packages\microsoft.netcore.app.ref\3.0.0\ref\netcoreapp3.0\System.Runtime.Serialization.Json.dll
1>                    AssemblyVersion=4.0.4.0
1>                    ExternallyResolved=true
1>                    FileVersion=4.700.19.46214
1>                    FrameworkReferenceName=Microsoft.NETCore.App
1>                    FrameworkReferenceVersion=3.0.0
1>                    NuGetPackageId=Microsoft.NETCore.App.Ref
1>                    NuGetPackageVersion=3.0.0
1>                    Private=false
1>                    PublicKeyToken=b03f5f7f11d50a3a
1>            C:\Users\hansnguyen\.nuget\packages\microsoft.netcore.app.ref\3.0.0\ref\netcoreapp3.0\System.Runtime.Serialization.Primitives.dll
1>                    AssemblyVersion=4.2.1.0
1>                    ExternallyResolved=true
1>                    FileVersion=4.700.19.46214
1>                    FrameworkReferenceName=Microsoft.NETCore.App
1>                    FrameworkReferenceVersion=3.0.0
1>                    NuGetPackageId=Microsoft.NETCore.App.Ref
1>                    NuGetPackageVersion=3.0.0
1>                    Private=false
1>                    PublicKeyToken=b03f5f7f11d50a3a
1>            C:\Users\hansnguyen\.nuget\packages\microsoft.netcore.app.ref\3.0.0\ref\netcoreapp3.0\System.Runtime.Serialization.Xml.dll
1>                    AssemblyVersion=4.1.4.0
1>                    ExternallyResolved=true
1>                    FileVersion=4.700.19.46214
1>                    FrameworkReferenceName=Microsoft.NETCore.App
1>                    FrameworkReferenceVersion=3.0.0
1>                    NuGetPackageId=Microsoft.NETCore.App.Ref
1>                    NuGetPackageVersion=3.0.0
1>                    Private=false
1>                    PublicKeyToken=b03f5f7f11d50a3a
1>            C:\Users\hansnguyen\.nuget\packages\microsoft.netcore.app.ref\3.0.0\ref\netcoreapp3.0\System.Runtime.Serialization.dll
1>                    AssemblyVersion=4.0.0.0
1>                    ExternallyResolved=true
1>                    FileVersion=4.700.19.46214
1>                    FrameworkReferenceName=Microsoft.NETCore.App
1>                    FrameworkReferenceVersion=3.0.0
1>                    NuGetPackageId=Microsoft.NETCore.App.Ref
1>                    NuGetPackageVersion=3.0.0
1>                    Private=false
1>                    PublicKeyToken=b77a5c561934e089
1>            C:\Users\hansnguyen\.nuget\packages\microsoft.netcore.app.ref\3.0.0\ref\netcoreapp3.0\System.Runtime.dll
1>                    AssemblyVersion=4.2.1.0
1>                    ExternallyResolved=true
1>                    FileVersion=4.700.19.46214
1>                    FrameworkReferenceName=Microsoft.NETCore.App
1>                    FrameworkReferenceVersion=3.0.0
1>                    NuGetPackageId=Microsoft.NETCore.App.Ref
1>                    NuGetPackageVersion=3.0.0
1>                    Private=false
1>                    PublicKeyToken=b03f5f7f11d50a3a
1>            C:\Users\hansnguyen\.nuget\packages\microsoft.netcore.app.ref\3.0.0\ref\netcoreapp3.0\System.Security.Claims.dll
1>                    AssemblyVersion=4.1.1.0
1>                    ExternallyResolved=true
1>                    FileVersion=4.700.19.46214
1>                    FrameworkReferenceName=Microsoft.NETCore.App
1>                    FrameworkReferenceVersion=3.0.0
1>                    NuGetPackageId=Microsoft.NETCore.App.Ref
1>                    NuGetPackageVersion=3.0.0
1>                    Private=false
1>                    PublicKeyToken=b03f5f7f11d50a3a
1>            C:\Users\hansnguyen\.nuget\packages\microsoft.netcore.app.ref\3.0.0\ref\netcoreapp3.0\System.Security.Cryptography.Algorithms.dll
1>                    AssemblyVersion=4.3.1.0
1>                    ExternallyResolved=true
1>                    FileVersion=4.700.19.46214
1>                    FrameworkReferenceName=Microsoft.NETCore.App
1>                    FrameworkReferenceVersion=3.0.0
1>                    NuGetPackageId=Microsoft.NETCore.App.Ref
1>                    NuGetPackageVersion=3.0.0
1>                    Private=false
1>                    PublicKeyToken=b03f5f7f11d50a3a
1>            C:\Users\hansnguyen\.nuget\packages\microsoft.netcore.app.ref\3.0.0\ref\netcoreapp3.0\System.Security.Cryptography.Csp.dll
1>                    AssemblyVersion=4.1.1.0
1>                    ExternallyResolved=true
1>                    FileVersion=4.700.19.46214
1>                    FrameworkReferenceName=Microsoft.NETCore.App
1>                    FrameworkReferenceVersion=3.0.0
1>                    NuGetPackageId=Microsoft.NETCore.App.Ref
1>                    NuGetPackageVersion=3.0.0
1>                    Private=false
1>                    PublicKeyToken=b03f5f7f11d50a3a
1>            C:\Users\hansnguyen\.nuget\packages\microsoft.netcore.app.ref\3.0.0\ref\netcoreapp3.0\System.Security.Cryptography.Encoding.dll
1>                    AssemblyVersion=4.1.1.0
1>                    ExternallyResolved=true
1>                    FileVersion=4.700.19.46214
1>                    FrameworkReferenceName=Microsoft.NETCore.App
1>                    FrameworkReferenceVersion=3.0.0
1>                    NuGetPackageId=Microsoft.NETCore.App.Ref
1>                    NuGetPackageVersion=3.0.0
1>                    Private=false
1>                    PublicKeyToken=b03f5f7f11d50a3a
1>            C:\Users\hansnguyen\.nuget\packages\microsoft.netcore.app.ref\3.0.0\ref\netcoreapp3.0\System.Security.Cryptography.Primitives.dll
1>                    AssemblyVersion=4.1.1.0
1>                    ExternallyResolved=true
1>                    FileVersion=4.700.19.46214
1>                    FrameworkReferenceName=Microsoft.NETCore.App
1>                    FrameworkReferenceVersion=3.0.0
1>                    NuGetPackageId=Microsoft.NETCore.App.Ref
1>                    NuGetPackageVersion=3.0.0
1>                    Private=false
1>                    PublicKeyToken=b03f5f7f11d50a3a
1>            C:\Users\hansnguyen\.nuget\packages\microsoft.netcore.app.ref\3.0.0\ref\netcoreapp3.0\System.Security.Cryptography.X509Certificates.dll
1>                    AssemblyVersion=4.2.1.0
1>                    ExternallyResolved=true
1>                    FileVersion=4.700.19.46214
1>                    FrameworkReferenceName=Microsoft.NETCore.App
1>                    FrameworkReferenceVersion=3.0.0
1>                    NuGetPackageId=Microsoft.NETCore.App.Ref
1>                    NuGetPackageVersion=3.0.0
1>                    Private=false
1>                    PublicKeyToken=b03f5f7f11d50a3a
1>            C:\Users\hansnguyen\.nuget\packages\microsoft.netcore.app.ref\3.0.0\ref\netcoreapp3.0\System.Security.Principal.dll
1>                    AssemblyVersion=4.1.1.0
1>                    ExternallyResolved=true
1>                    FileVersion=4.700.19.46214
1>                    FrameworkReferenceName=Microsoft.NETCore.App
1>                    FrameworkReferenceVersion=3.0.0
1>                    NuGetPackageId=Microsoft.NETCore.App.Ref
1>                    NuGetPackageVersion=3.0.0
1>                    Private=false
1>                    PublicKeyToken=b03f5f7f11d50a3a
1>            C:\Users\hansnguyen\.nuget\packages\microsoft.netcore.app.ref\3.0.0\ref\netcoreapp3.0\System.Security.SecureString.dll
1>                    AssemblyVersion=4.1.1.0
1>                    ExternallyResolved=true
1>                    FileVersion=4.700.19.46214
1>                    FrameworkReferenceName=Microsoft.NETCore.App
1>                    FrameworkReferenceVersion=3.0.0
1>                    NuGetPackageId=Microsoft.NETCore.App.Ref
1>                    NuGetPackageVersion=3.0.0
1>                    Private=false
1>                    PublicKeyToken=b03f5f7f11d50a3a
1>            C:\Users\hansnguyen\.nuget\packages\microsoft.netcore.app.ref\3.0.0\ref\netcoreapp3.0\System.Security.dll
1>                    AssemblyVersion=4.0.0.0
1>                    ExternallyResolved=true
1>                    FileVersion=4.700.19.46214
1>                    FrameworkReferenceName=Microsoft.NETCore.App
1>                    FrameworkReferenceVersion=3.0.0
1>                    NuGetPackageId=Microsoft.NETCore.App.Ref
1>                    NuGetPackageVersion=3.0.0
1>                    Private=false
1>                    PublicKeyToken=b03f5f7f11d50a3a
1>            C:\Users\hansnguyen\.nuget\packages\microsoft.netcore.app.ref\3.0.0\ref\netcoreapp3.0\System.ServiceModel.Web.dll
1>                    AssemblyVersion=4.0.0.0
1>                    ExternallyResolved=true
1>                    FileVersion=4.700.19.46214
1>                    FrameworkReferenceName=Microsoft.NETCore.App
1>                    FrameworkReferenceVersion=3.0.0
1>                    NuGetPackageId=Microsoft.NETCore.App.Ref
1>                    NuGetPackageVersion=3.0.0
1>                    Private=false
1>                    PublicKeyToken=31bf3856ad364e35
1>            C:\Users\hansnguyen\.nuget\packages\microsoft.netcore.app.ref\3.0.0\ref\netcoreapp3.0\System.ServiceProcess.dll
1>                    AssemblyVersion=4.0.0.0
1>                    ExternallyResolved=true
1>                    FileVersion=4.700.19.46214
1>                    FrameworkReferenceName=Microsoft.NETCore.App
1>                    FrameworkReferenceVersion=3.0.0
1>                    NuGetPackageId=Microsoft.NETCore.App.Ref
1>                    NuGetPackageVersion=3.0.0
1>                    Private=false
1>                    PublicKeyToken=b03f5f7f11d50a3a
1>            C:\Users\hansnguyen\.nuget\packages\microsoft.netcore.app.ref\3.0.0\ref\netcoreapp3.0\System.Text.Encoding.CodePages.dll
1>                    AssemblyVersion=4.1.2.0
1>                    ExternallyResolved=true
1>                    FileVersion=4.700.19.46214
1>                    FrameworkReferenceName=Microsoft.NETCore.App
1>                    FrameworkReferenceVersion=3.0.0
1>                    NuGetPackageId=Microsoft.NETCore.App.Ref
1>                    NuGetPackageVersion=3.0.0
1>                    Private=false
1>                    PublicKeyToken=b03f5f7f11d50a3a
1>            C:\Users\hansnguyen\.nuget\packages\microsoft.netcore.app.ref\3.0.0\ref\netcoreapp3.0\System.Text.Encoding.Extensions.dll
1>                    AssemblyVersion=4.1.1.0
1>                    ExternallyResolved=true
1>                    FileVersion=4.700.19.46214
1>                    FrameworkReferenceName=Microsoft.NETCore.App
1>                    FrameworkReferenceVersion=3.0.0
1>                    NuGetPackageId=Microsoft.NETCore.App.Ref
1>                    NuGetPackageVersion=3.0.0
1>                    Private=false
1>                    PublicKeyToken=b03f5f7f11d50a3a
1>            C:\Users\hansnguyen\.nuget\packages\microsoft.netcore.app.ref\3.0.0\ref\netcoreapp3.0\System.Text.Encoding.dll
1>                    AssemblyVersion=4.1.1.0
1>                    ExternallyResolved=true
1>                    FileVersion=4.700.19.46214
1>                    FrameworkReferenceName=Microsoft.NETCore.App
1>                    FrameworkReferenceVersion=3.0.0
1>                    NuGetPackageId=Microsoft.NETCore.App.Ref
1>                    NuGetPackageVersion=3.0.0
1>                    Private=false
1>                    PublicKeyToken=b03f5f7f11d50a3a
1>            C:\Users\hansnguyen\.nuget\packages\microsoft.netcore.app.ref\3.0.0\ref\netcoreapp3.0\System.Text.Encodings.Web.dll
1>                    AssemblyVersion=4.0.4.0
1>                    ExternallyResolved=true
1>                    FileVersion=4.700.19.46214
1>                    FrameworkReferenceName=Microsoft.NETCore.App
1>                    FrameworkReferenceVersion=3.0.0
1>                    NuGetPackageId=Microsoft.NETCore.App.Ref
1>                    NuGetPackageVersion=3.0.0
1>                    Private=false
1>                    PublicKeyToken=cc7b13ffcd2ddd51
1>            C:\Users\hansnguyen\.nuget\packages\microsoft.netcore.app.ref\3.0.0\ref\netcoreapp3.0\System.Text.Json.dll
1>                    AssemblyVersion=4.0.0.0
1>                    ExternallyResolved=true
1>                    FileVersion=4.700.19.46214
1>                    FrameworkReferenceName=Microsoft.NETCore.App
1>                    FrameworkReferenceVersion=3.0.0
1>                    NuGetPackageId=Microsoft.NETCore.App.Ref
1>                    NuGetPackageVersion=3.0.0
1>                    Private=false
1>                    PublicKeyToken=cc7b13ffcd2ddd51
1>            C:\Users\hansnguyen\.nuget\packages\microsoft.netcore.app.ref\3.0.0\ref\netcoreapp3.0\System.Text.RegularExpressions.dll
1>                    AssemblyVersion=4.2.1.0
1>                    ExternallyResolved=true
1>                    FileVersion=4.700.19.46214
1>                    FrameworkReferenceName=Microsoft.NETCore.App
1>                    FrameworkReferenceVersion=3.0.0
1>                    NuGetPackageId=Microsoft.NETCore.App.Ref
1>                    NuGetPackageVersion=3.0.0
1>                    Private=false
1>                    PublicKeyToken=b03f5f7f11d50a3a
1>            C:\Users\hansnguyen\.nuget\packages\microsoft.netcore.app.ref\3.0.0\ref\netcoreapp3.0\System.Threading.Channels.dll
1>                    AssemblyVersion=4.0.1.0
1>                    ExternallyResolved=true
1>                    FileVersion=4.700.19.46214
1>                    FrameworkReferenceName=Microsoft.NETCore.App
1>                    FrameworkReferenceVersion=3.0.0
1>                    NuGetPackageId=Microsoft.NETCore.App.Ref
1>                    NuGetPackageVersion=3.0.0
1>                    Private=false
1>                    PublicKeyToken=cc7b13ffcd2ddd51
1>            C:\Users\hansnguyen\.nuget\packages\microsoft.netcore.app.ref\3.0.0\ref\netcoreapp3.0\System.Threading.Overlapped.dll
1>                    AssemblyVersion=4.1.1.0
1>                    ExternallyResolved=true
1>                    FileVersion=4.700.19.46214
1>                    FrameworkReferenceName=Microsoft.NETCore.App
1>                    FrameworkReferenceVersion=3.0.0
1>                    NuGetPackageId=Microsoft.NETCore.App.Ref
1>                    NuGetPackageVersion=3.0.0
1>                    Private=false
1>                    PublicKeyToken=b03f5f7f11d50a3a
1>            C:\Users\hansnguyen\.nuget\packages\microsoft.netcore.app.ref\3.0.0\ref\netcoreapp3.0\System.Threading.Tasks.Dataflow.dll
1>                    AssemblyVersion=4.6.4.0
1>                    ExternallyResolved=true
1>                    FileVersion=4.700.19.46214
1>                    FrameworkReferenceName=Microsoft.NETCore.App
1>                    FrameworkReferenceVersion=3.0.0
1>                    NuGetPackageId=Microsoft.NETCore.App.Ref
1>                    NuGetPackageVersion=3.0.0
1>                    Private=false
1>                    PublicKeyToken=b03f5f7f11d50a3a
1>            C:\Users\hansnguyen\.nuget\packages\microsoft.netcore.app.ref\3.0.0\ref\netcoreapp3.0\System.Threading.Tasks.Extensions.dll
1>                    AssemblyVersion=4.3.0.0
1>                    ExternallyResolved=true
1>                    FileVersion=4.700.19.46214
1>                    FrameworkReferenceName=Microsoft.NETCore.App
1>                    FrameworkReferenceVersion=3.0.0
1>                    NuGetPackageId=Microsoft.NETCore.App.Ref
1>                    NuGetPackageVersion=3.0.0
1>                    Private=false
1>                    PublicKeyToken=cc7b13ffcd2ddd51
1>            C:\Users\hansnguyen\.nuget\packages\microsoft.netcore.app.ref\3.0.0\ref\netcoreapp3.0\System.Threading.Tasks.Parallel.dll
1>                    AssemblyVersion=4.0.3.0
1>                    ExternallyResolved=true
1>                    FileVersion=4.700.19.46214
1>                    FrameworkReferenceName=Microsoft.NETCore.App
1>                    FrameworkReferenceVersion=3.0.0
1>                    NuGetPackageId=Microsoft.NETCore.App.Ref
1>                    NuGetPackageVersion=3.0.0
1>                    Private=false
1>                    PublicKeyToken=b03f5f7f11d50a3a
1>            C:\Users\hansnguyen\.nuget\packages\microsoft.netcore.app.ref\3.0.0\ref\netcoreapp3.0\System.Threading.Tasks.dll
1>                    AssemblyVersion=4.1.1.0
1>                    ExternallyResolved=true
1>                    FileVersion=4.700.19.46214
1>                    FrameworkReferenceName=Microsoft.NETCore.App
1>                    FrameworkReferenceVersion=3.0.0
1>                    NuGetPackageId=Microsoft.NETCore.App.Ref
1>                    NuGetPackageVersion=3.0.0
1>                    Private=false
1>                    PublicKeyToken=b03f5f7f11d50a3a
1>            C:\Users\hansnguyen\.nuget\packages\microsoft.netcore.app.ref\3.0.0\ref\netcoreapp3.0\System.Threading.Thread.dll
1>                    AssemblyVersion=4.1.1.0
1>                    ExternallyResolved=true
1>                    FileVersion=4.700.19.46214
1>                    FrameworkReferenceName=Microsoft.NETCore.App
1>                    FrameworkReferenceVersion=3.0.0
1>                    NuGetPackageId=Microsoft.NETCore.App.Ref
1>                    NuGetPackageVersion=3.0.0
1>                    Private=false
1>                    PublicKeyToken=b03f5f7f11d50a3a
1>            C:\Users\hansnguyen\.nuget\packages\microsoft.netcore.app.ref\3.0.0\ref\netcoreapp3.0\System.Threading.ThreadPool.dll
1>                    AssemblyVersion=4.1.1.0
1>                    ExternallyResolved=true
1>                    FileVersion=4.700.19.46214
1>                    FrameworkReferenceName=Microsoft.NETCore.App
1>                    FrameworkReferenceVersion=3.0.0
1>                    NuGetPackageId=Microsoft.NETCore.App.Ref
1>                    NuGetPackageVersion=3.0.0
1>                    Private=false
1>                    PublicKeyToken=b03f5f7f11d50a3a
1>            C:\Users\hansnguyen\.nuget\packages\microsoft.netcore.app.ref\3.0.0\ref\netcoreapp3.0\System.Threading.Timer.dll
1>                    AssemblyVersion=4.1.1.0
1>                    ExternallyResolved=true
1>                    FileVersion=4.700.19.46214
1>                    FrameworkReferenceName=Microsoft.NETCore.App
1>                    FrameworkReferenceVersion=3.0.0
1>                    NuGetPackageId=Microsoft.NETCore.App.Ref
1>                    NuGetPackageVersion=3.0.0
1>                    Private=false
1>                    PublicKeyToken=b03f5f7f11d50a3a
1>            C:\Users\hansnguyen\.nuget\packages\microsoft.netcore.app.ref\3.0.0\ref\netcoreapp3.0\System.Threading.dll
1>                    AssemblyVersion=4.1.1.0
1>                    ExternallyResolved=true
1>                    FileVersion=4.700.19.46214
1>                    FrameworkReferenceName=Microsoft.NETCore.App
1>                    FrameworkReferenceVersion=3.0.0
1>                    NuGetPackageId=Microsoft.NETCore.App.Ref
1>                    NuGetPackageVersion=3.0.0
1>                    Private=false
1>                    PublicKeyToken=b03f5f7f11d50a3a
1>            C:\Users\hansnguyen\.nuget\packages\microsoft.netcore.app.ref\3.0.0\ref\netcoreapp3.0\System.Transactions.Local.dll
1>                    AssemblyVersion=4.0.1.0
1>                    ExternallyResolved=true
1>                    FileVersion=4.700.19.46214
1>                    FrameworkReferenceName=Microsoft.NETCore.App
1>                    FrameworkReferenceVersion=3.0.0
1>                    NuGetPackageId=Microsoft.NETCore.App.Ref
1>                    NuGetPackageVersion=3.0.0
1>                    Private=false
1>                    PublicKeyToken=cc7b13ffcd2ddd51
1>            C:\Users\hansnguyen\.nuget\packages\microsoft.netcore.app.ref\3.0.0\ref\netcoreapp3.0\System.Transactions.dll
1>                    AssemblyVersion=4.0.0.0
1>                    ExternallyResolved=true
1>                    FileVersion=4.700.19.46214
1>                    FrameworkReferenceName=Microsoft.NETCore.App
1>                    FrameworkReferenceVersion=3.0.0
1>                    NuGetPackageId=Microsoft.NETCore.App.Ref
1>                    NuGetPackageVersion=3.0.0
1>                    Private=false
1>                    PublicKeyToken=b77a5c561934e089
1>            C:\Users\hansnguyen\.nuget\packages\microsoft.netcore.app.ref\3.0.0\ref\netcoreapp3.0\System.ValueTuple.dll
1>                    AssemblyVersion=4.0.3.0
1>                    ExternallyResolved=true
1>                    FileVersion=4.700.19.46214
1>                    FrameworkReferenceName=Microsoft.NETCore.App
1>                    FrameworkReferenceVersion=3.0.0
1>                    NuGetPackageId=Microsoft.NETCore.App.Ref
1>                    NuGetPackageVersion=3.0.0
1>                    Private=false
1>                    PublicKeyToken=cc7b13ffcd2ddd51
1>            C:\Users\hansnguyen\.nuget\packages\microsoft.netcore.app.ref\3.0.0\ref\netcoreapp3.0\System.Web.HttpUtility.dll
1>                    AssemblyVersion=4.0.1.0
1>                    ExternallyResolved=true
1>                    FileVersion=4.700.19.46214
1>                    FrameworkReferenceName=Microsoft.NETCore.App
1>                    FrameworkReferenceVersion=3.0.0
1>                    NuGetPackageId=Microsoft.NETCore.App.Ref
1>                    NuGetPackageVersion=3.0.0
1>                    Private=false
1>                    PublicKeyToken=cc7b13ffcd2ddd51
1>            C:\Users\hansnguyen\.nuget\packages\microsoft.netcore.app.ref\3.0.0\ref\netcoreapp3.0\System.Web.dll
1>                    AssemblyVersion=4.0.0.0
1>                    ExternallyResolved=true
1>                    FileVersion=4.700.19.46214
1>                    FrameworkReferenceName=Microsoft.NETCore.App
1>                    FrameworkReferenceVersion=3.0.0
1>                    NuGetPackageId=Microsoft.NETCore.App.Ref
1>                    NuGetPackageVersion=3.0.0
1>                    Private=false
1>                    PublicKeyToken=b03f5f7f11d50a3a
1>            C:\Users\hansnguyen\.nuget\packages\microsoft.netcore.app.ref\3.0.0\ref\netcoreapp3.0\System.Windows.dll
1>                    AssemblyVersion=4.0.0.0
1>                    ExternallyResolved=true
1>                    FileVersion=4.700.19.46214
1>                    FrameworkReferenceName=Microsoft.NETCore.App
1>                    FrameworkReferenceVersion=3.0.0
1>                    NuGetPackageId=Microsoft.NETCore.App.Ref
1>                    NuGetPackageVersion=3.0.0
1>                    Private=false
1>                    PublicKeyToken=b03f5f7f11d50a3a
1>            C:\Users\hansnguyen\.nuget\packages\microsoft.netcore.app.ref\3.0.0\ref\netcoreapp3.0\System.Xml.Linq.dll
1>                    AssemblyVersion=4.0.0.0
1>                    ExternallyResolved=true
1>                    FileVersion=4.700.19.46214
1>                    FrameworkReferenceName=Microsoft.NETCore.App
1>                    FrameworkReferenceVersion=3.0.0
1>                    NuGetPackageId=Microsoft.NETCore.App.Ref
1>                    NuGetPackageVersion=3.0.0
1>                    Private=false
1>                    PublicKeyToken=b77a5c561934e089
1>            C:\Users\hansnguyen\.nuget\packages\microsoft.netcore.app.ref\3.0.0\ref\netcoreapp3.0\System.Xml.ReaderWriter.dll
1>                    AssemblyVersion=4.2.1.0
1>                    ExternallyResolved=true
1>                    FileVersion=4.700.19.46214
1>                    FrameworkReferenceName=Microsoft.NETCore.App
1>                    FrameworkReferenceVersion=3.0.0
1>                    NuGetPackageId=Microsoft.NETCore.App.Ref
1>                    NuGetPackageVersion=3.0.0
1>                    Private=false
1>                    PublicKeyToken=b03f5f7f11d50a3a
1>            C:\Users\hansnguyen\.nuget\packages\microsoft.netcore.app.ref\3.0.0\ref\netcoreapp3.0\System.Xml.Serialization.dll
1>                    AssemblyVersion=4.0.0.0
1>                    ExternallyResolved=true
1>                    FileVersion=4.700.19.46214
1>                    FrameworkReferenceName=Microsoft.NETCore.App
1>                    FrameworkReferenceVersion=3.0.0
1>                    NuGetPackageId=Microsoft.NETCore.App.Ref
1>                    NuGetPackageVersion=3.0.0
1>                    Private=false
1>                    PublicKeyToken=b77a5c561934e089
1>            C:\Users\hansnguyen\.nuget\packages\microsoft.netcore.app.ref\3.0.0\ref\netcoreapp3.0\System.Xml.XDocument.dll
1>                    AssemblyVersion=4.1.1.0
1>                    ExternallyResolved=true
1>                    FileVersion=4.700.19.46214
1>                    FrameworkReferenceName=Microsoft.NETCore.App
1>                    FrameworkReferenceVersion=3.0.0
1>                    NuGetPackageId=Microsoft.NETCore.App.Ref
1>                    NuGetPackageVersion=3.0.0
1>                    Private=false
1>                    PublicKeyToken=b03f5f7f11d50a3a
1>            C:\Users\hansnguyen\.nuget\packages\microsoft.netcore.app.ref\3.0.0\ref\netcoreapp3.0\System.Xml.XPath.XDocument.dll
1>                    AssemblyVersion=4.1.1.0
1>                    ExternallyResolved=true
1>                    FileVersion=4.700.19.46214
1>                    FrameworkReferenceName=Microsoft.NETCore.App
1>                    FrameworkReferenceVersion=3.0.0
1>                    NuGetPackageId=Microsoft.NETCore.App.Ref
1>                    NuGetPackageVersion=3.0.0
1>                    Private=false
1>                    PublicKeyToken=b03f5f7f11d50a3a
1>            C:\Users\hansnguyen\.nuget\packages\microsoft.netcore.app.ref\3.0.0\ref\netcoreapp3.0\System.Xml.XPath.dll
1>                    AssemblyVersion=4.1.1.0
1>                    ExternallyResolved=true
1>                    FileVersion=4.700.19.46214
1>                    FrameworkReferenceName=Microsoft.NETCore.App
1>                    FrameworkReferenceVersion=3.0.0
1>                    NuGetPackageId=Microsoft.NETCore.App.Ref
1>                    NuGetPackageVersion=3.0.0
1>                    Private=false
1>                    PublicKeyToken=b03f5f7f11d50a3a
1>            C:\Users\hansnguyen\.nuget\packages\microsoft.netcore.app.ref\3.0.0\ref\netcoreapp3.0\System.Xml.XmlDocument.dll
1>                    AssemblyVersion=4.1.1.0
1>                    ExternallyResolved=true
1>                    FileVersion=4.700.19.46214
1>                    FrameworkReferenceName=Microsoft.NETCore.App
1>                    FrameworkReferenceVersion=3.0.0
1>                    NuGetPackageId=Microsoft.NETCore.App.Ref
1>                    NuGetPackageVersion=3.0.0
1>                    Private=false
1>                    PublicKeyToken=b03f5f7f11d50a3a
1>            C:\Users\hansnguyen\.nuget\packages\microsoft.netcore.app.ref\3.0.0\ref\netcoreapp3.0\System.Xml.XmlSerializer.dll
1>                    AssemblyVersion=4.1.1.0
1>                    ExternallyResolved=true
1>                    FileVersion=4.700.19.46214
1>                    FrameworkReferenceName=Microsoft.NETCore.App
1>                    FrameworkReferenceVersion=3.0.0
1>                    NuGetPackageId=Microsoft.NETCore.App.Ref
1>                    NuGetPackageVersion=3.0.0
1>                    Private=false
1>                    PublicKeyToken=b03f5f7f11d50a3a
1>            C:\Users\hansnguyen\.nuget\packages\microsoft.netcore.app.ref\3.0.0\ref\netcoreapp3.0\System.Xml.dll
1>                    AssemblyVersion=4.0.0.0
1>                    ExternallyResolved=true
1>                    FileVersion=4.700.19.46214
1>                    FrameworkReferenceName=Microsoft.NETCore.App
1>                    FrameworkReferenceVersion=3.0.0
1>                    NuGetPackageId=Microsoft.NETCore.App.Ref
1>                    NuGetPackageVersion=3.0.0
1>                    Private=false
1>                    PublicKeyToken=b77a5c561934e089
1>            C:\Users\hansnguyen\.nuget\packages\microsoft.netcore.app.ref\3.0.0\ref\netcoreapp3.0\System.dll
1>                    AssemblyVersion=4.0.0.0
1>                    ExternallyResolved=true
1>                    FileVersion=4.700.19.46214
1>                    FrameworkReferenceName=Microsoft.NETCore.App
1>                    FrameworkReferenceVersion=3.0.0
1>                    NuGetPackageId=Microsoft.NETCore.App.Ref
1>                    NuGetPackageVersion=3.0.0
1>                    Private=false
1>                    PublicKeyToken=b77a5c561934e089
1>            C:\Users\hansnguyen\.nuget\packages\microsoft.netcore.app.ref\3.0.0\ref\netcoreapp3.0\WindowsBase.dll
1>                    AssemblyVersion=4.0.0.0
1>                    ExternallyResolved=true
1>                    FileVersion=4.700.19.46214
1>                    FrameworkReferenceName=Microsoft.NETCore.App
1>                    FrameworkReferenceVersion=3.0.0
1>                    NuGetPackageId=Microsoft.NETCore.App.Ref
1>                    NuGetPackageVersion=3.0.0
1>                    Private=false
1>                    PublicKeyToken=31bf3856ad364e35
1>            C:\Users\hansnguyen\.nuget\packages\microsoft.netcore.app.ref\3.0.0\ref\netcoreapp3.0\mscorlib.dll
1>                    AssemblyVersion=4.0.0.0
1>                    ExternallyResolved=true
1>                    FileVersion=4.700.19.46214
1>                    FrameworkReferenceName=Microsoft.NETCore.App
1>                    FrameworkReferenceVersion=3.0.0
1>                    NuGetPackageId=Microsoft.NETCore.App.Ref
1>                    NuGetPackageVersion=3.0.0
1>                    Private=false
1>                    PublicKeyToken=b77a5c561934e089
1>            C:\Users\hansnguyen\.nuget\packages\microsoft.netcore.app.ref\3.0.0\ref\netcoreapp3.0\netstandard.dll
1>                    AssemblyVersion=2.1.0.0
1>                    ExternallyResolved=true
1>                    FileVersion=4.700.19.46214
1>                    FrameworkReferenceName=Microsoft.NETCore.App
1>                    FrameworkReferenceVersion=3.0.0
1>                    NuGetPackageId=Microsoft.NETCore.App.Ref
1>                    NuGetPackageVersion=3.0.0
1>                    Private=false
1>                    PublicKeyToken=cc7b13ffcd2ddd51
1>            C:\Users\hansnguyen\.nuget\packages\microsoft.windowsdesktop.app.ref\3.0.0\ref\netcoreapp3.0\Accessibility.dll
1>                    AssemblyVersion=4.0.0.0
1>                    ExternallyResolved=true
1>                    FileVersion=4.800.19.46210
1>                    FrameworkReferenceName=Microsoft.WindowsDesktop.App.WPF
1>                    FrameworkReferenceVersion=3.0.0
1>                    NuGetPackageId=Microsoft.WindowsDesktop.App.Ref
1>                    NuGetPackageVersion=3.0.0
1>                    Private=false
1>                    PublicKeyToken=31bf3856ad364e35
1>            C:\Users\hansnguyen\.nuget\packages\microsoft.windowsdesktop.app.ref\3.0.0\ref\netcoreapp3.0\Microsoft.Win32.Registry.AccessControl.dll
1>                    AssemblyVersion=4.0.4.0
1>                    ExternallyResolved=true
1>                    FileVersion=4.700.19.46214
1>                    FrameworkReferenceName=Microsoft.WindowsDesktop.App.WPF
1>                    FrameworkReferenceVersion=3.0.0
1>                    NuGetPackageId=Microsoft.WindowsDesktop.App.Ref
1>                    NuGetPackageVersion=3.0.0
1>                    Private=false
1>                    PublicKeyToken=b03f5f7f11d50a3a
1>            C:\Users\hansnguyen\.nuget\packages\microsoft.windowsdesktop.app.ref\3.0.0\ref\netcoreapp3.0\Microsoft.Win32.Registry.dll
1>                    AssemblyVersion=4.1.2.0
1>                    ExternallyResolved=true
1>                    FileVersion=4.700.19.46214
1>                    FrameworkReferenceName=Microsoft.WindowsDesktop.App.WPF
1>                    FrameworkReferenceVersion=3.0.0
1>                    NuGetPackageId=Microsoft.WindowsDesktop.App.Ref
1>                    NuGetPackageVersion=3.0.0
1>                    Private=false
1>                    PublicKeyToken=b03f5f7f11d50a3a
1>            C:\Users\hansnguyen\.nuget\packages\microsoft.windowsdesktop.app.ref\3.0.0\ref\netcoreapp3.0\Microsoft.Win32.SystemEvents.dll
1>                    AssemblyVersion=4.0.1.0
1>                    ExternallyResolved=true
1>                    FileVersion=4.700.19.46214
1>                    FrameworkReferenceName=Microsoft.WindowsDesktop.App.WPF
1>                    FrameworkReferenceVersion=3.0.0
1>                    NuGetPackageId=Microsoft.WindowsDesktop.App.Ref
1>                    NuGetPackageVersion=3.0.0
1>                    Private=false
1>                    PublicKeyToken=cc7b13ffcd2ddd51
1>            C:\Users\hansnguyen\.nuget\packages\microsoft.windowsdesktop.app.ref\3.0.0\ref\netcoreapp3.0\PresentationCore.dll
1>                    AssemblyVersion=4.0.0.0
1>                    ExternallyResolved=true
1>                    FileVersion=4.800.19.46214
1>                    FrameworkReferenceName=Microsoft.WindowsDesktop.App.WPF
1>                    FrameworkReferenceVersion=3.0.0
1>                    NuGetPackageId=Microsoft.WindowsDesktop.App.Ref
1>                    NuGetPackageVersion=3.0.0
1>                    Private=false
1>                    PublicKeyToken=31bf3856ad364e35
1>            C:\Users\hansnguyen\.nuget\packages\microsoft.windowsdesktop.app.ref\3.0.0\ref\netcoreapp3.0\PresentationFramework.Aero.dll
1>                    AssemblyVersion=4.0.0.0
1>                    ExternallyResolved=true
1>                    FileVersion=4.800.19.46214
1>                    FrameworkReferenceName=Microsoft.WindowsDesktop.App.WPF
1>                    FrameworkReferenceVersion=3.0.0
1>                    NuGetPackageId=Microsoft.WindowsDesktop.App.Ref
1>                    NuGetPackageVersion=3.0.0
1>                    Private=false
1>                    PublicKeyToken=31bf3856ad364e35
1>            C:\Users\hansnguyen\.nuget\packages\microsoft.windowsdesktop.app.ref\3.0.0\ref\netcoreapp3.0\PresentationFramework.Aero2.dll
1>                    AssemblyVersion=4.0.0.0
1>                    ExternallyResolved=true
1>                    FileVersion=4.800.19.46214
1>                    FrameworkReferenceName=Microsoft.WindowsDesktop.App.WPF
1>                    FrameworkReferenceVersion=3.0.0
1>                    NuGetPackageId=Microsoft.WindowsDesktop.App.Ref
1>                    NuGetPackageVersion=3.0.0
1>                    Private=false
1>                    PublicKeyToken=31bf3856ad364e35
1>            C:\Users\hansnguyen\.nuget\packages\microsoft.windowsdesktop.app.ref\3.0.0\ref\netcoreapp3.0\PresentationFramework.AeroLite.dll
1>                    AssemblyVersion=4.0.0.0
1>                    ExternallyResolved=true
1>                    FileVersion=4.800.19.46214
1>                    FrameworkReferenceName=Microsoft.WindowsDesktop.App.WPF
1>                    FrameworkReferenceVersion=3.0.0
1>                    NuGetPackageId=Microsoft.WindowsDesktop.App.Ref
1>                    NuGetPackageVersion=3.0.0
1>                    Private=false
1>                    PublicKeyToken=31bf3856ad364e35
1>            C:\Users\hansnguyen\.nuget\packages\microsoft.windowsdesktop.app.ref\3.0.0\ref\netcoreapp3.0\PresentationFramework.Classic.dll
1>                    AssemblyVersion=4.0.0.0
1>                    ExternallyResolved=true
1>                    FileVersion=4.800.19.46214
1>                    FrameworkReferenceName=Microsoft.WindowsDesktop.App.WPF
1>                    FrameworkReferenceVersion=3.0.0
1>                    NuGetPackageId=Microsoft.WindowsDesktop.App.Ref
1>                    NuGetPackageVersion=3.0.0
1>                    Private=false
1>                    PublicKeyToken=31bf3856ad364e35
1>            C:\Users\hansnguyen\.nuget\packages\microsoft.windowsdesktop.app.ref\3.0.0\ref\netcoreapp3.0\PresentationFramework.Luna.dll
1>                    AssemblyVersion=4.0.0.0
1>                    ExternallyResolved=true
1>                    FileVersion=4.800.19.46214
1>                    FrameworkReferenceName=Microsoft.WindowsDesktop.App.WPF
1>                    FrameworkReferenceVersion=3.0.0
1>                    NuGetPackageId=Microsoft.WindowsDesktop.App.Ref
1>                    NuGetPackageVersion=3.0.0
1>                    Private=false
1>                    PublicKeyToken=31bf3856ad364e35
1>            C:\Users\hansnguyen\.nuget\packages\microsoft.windowsdesktop.app.ref\3.0.0\ref\netcoreapp3.0\PresentationFramework.Royale.dll
1>                    AssemblyVersion=4.0.0.0
1>                    ExternallyResolved=true
1>                    FileVersion=4.800.19.46214
1>                    FrameworkReferenceName=Microsoft.WindowsDesktop.App.WPF
1>                    FrameworkReferenceVersion=3.0.0
1>                    NuGetPackageId=Microsoft.WindowsDesktop.App.Ref
1>                    NuGetPackageVersion=3.0.0
1>                    Private=false
1>                    PublicKeyToken=31bf3856ad364e35
1>            C:\Users\hansnguyen\.nuget\packages\microsoft.windowsdesktop.app.ref\3.0.0\ref\netcoreapp3.0\PresentationFramework.dll
1>                    AssemblyVersion=4.0.0.0
1>                    ExternallyResolved=true
1>                    FileVersion=4.800.19.46214
1>                    FrameworkReferenceName=Microsoft.WindowsDesktop.App.WPF
1>                    FrameworkReferenceVersion=3.0.0
1>                    NuGetPackageId=Microsoft.WindowsDesktop.App.Ref
1>                    NuGetPackageVersion=3.0.0
1>                    Private=false
1>                    PublicKeyToken=31bf3856ad364e35
1>            C:\Users\hansnguyen\.nuget\packages\microsoft.windowsdesktop.app.ref\3.0.0\ref\netcoreapp3.0\PresentationUI.dll
1>                    AssemblyVersion=4.0.0.0
1>                    ExternallyResolved=true
1>                    FileVersion=4.800.19.46214
1>                    FrameworkReferenceName=Microsoft.WindowsDesktop.App.WPF
1>                    FrameworkReferenceVersion=3.0.0
1>                    NuGetPackageId=Microsoft.WindowsDesktop.App.Ref
1>                    NuGetPackageVersion=3.0.0
1>                    Private=false
1>                    PublicKeyToken=b77a5c561934e089
1>            C:\Users\hansnguyen\.nuget\packages\microsoft.windowsdesktop.app.ref\3.0.0\ref\netcoreapp3.0\ReachFramework.dll
1>                    AssemblyVersion=4.0.0.0
1>                    ExternallyResolved=true
1>                    FileVersion=4.800.19.46214
1>                    FrameworkReferenceName=Microsoft.WindowsDesktop.App.WPF
1>                    FrameworkReferenceVersion=3.0.0
1>                    NuGetPackageId=Microsoft.WindowsDesktop.App.Ref
1>                    NuGetPackageVersion=3.0.0
1>                    Private=false
1>                    PublicKeyToken=31bf3856ad364e35
1>            C:\Users\hansnguyen\.nuget\packages\microsoft.windowsdesktop.app.ref\3.0.0\ref\netcoreapp3.0\System.CodeDom.dll
1>                    AssemblyVersion=4.0.2.0
1>                    ExternallyResolved=true
1>                    FileVersion=4.700.19.46214
1>                    FrameworkReferenceName=Microsoft.WindowsDesktop.App.WPF
1>                    FrameworkReferenceVersion=3.0.0
1>                    NuGetPackageId=Microsoft.WindowsDesktop.App.Ref
1>                    NuGetPackageVersion=3.0.0
1>                    Private=false
1>                    PublicKeyToken=cc7b13ffcd2ddd51
1>            C:\Users\hansnguyen\.nuget\packages\microsoft.windowsdesktop.app.ref\3.0.0\ref\netcoreapp3.0\System.Configuration.ConfigurationManager.dll
1>                    AssemblyVersion=4.0.2.0
1>                    ExternallyResolved=true
1>                    FileVersion=4.700.19.46214
1>                    FrameworkReferenceName=Microsoft.WindowsDesktop.App.WPF
1>                    FrameworkReferenceVersion=3.0.0
1>                    NuGetPackageId=Microsoft.WindowsDesktop.App.Ref
1>                    NuGetPackageVersion=3.0.0
1>                    Private=false
1>                    PublicKeyToken=cc7b13ffcd2ddd51
1>            C:\Users\hansnguyen\.nuget\packages\microsoft.windowsdesktop.app.ref\3.0.0\ref\netcoreapp3.0\System.Diagnostics.EventLog.dll
1>                    AssemblyVersion=4.0.1.0
1>                    ExternallyResolved=true
1>                    FileVersion=4.700.19.46214
1>                    FrameworkReferenceName=Microsoft.WindowsDesktop.App.WPF
1>                    FrameworkReferenceVersion=3.0.0
1>                    NuGetPackageId=Microsoft.WindowsDesktop.App.Ref
1>                    NuGetPackageVersion=3.0.0
1>                    Private=false
1>                    PublicKeyToken=cc7b13ffcd2ddd51
1>            C:\Users\hansnguyen\.nuget\packages\microsoft.windowsdesktop.app.ref\3.0.0\ref\netcoreapp3.0\System.Diagnostics.PerformanceCounter.dll
1>                    AssemblyVersion=4.0.1.0
1>                    ExternallyResolved=true
1>                    FileVersion=4.700.19.37515
1>                    FrameworkReferenceName=Microsoft.WindowsDesktop.App.WPF
1>                    FrameworkReferenceVersion=3.0.0
1>                    NuGetPackageId=Microsoft.WindowsDesktop.App.Ref
1>                    NuGetPackageVersion=3.0.0
1>                    Private=false
1>                    PublicKeyToken=cc7b13ffcd2ddd51
1>            C:\Users\hansnguyen\.nuget\packages\microsoft.windowsdesktop.app.ref\3.0.0\ref\netcoreapp3.0\System.DirectoryServices.dll
1>                    AssemblyVersion=4.0.0.0
1>                    ExternallyResolved=true
1>                    FileVersion=4.700.19.46214
1>                    FrameworkReferenceName=Microsoft.WindowsDesktop.App.WPF
1>                    FrameworkReferenceVersion=3.0.0
1>                    NuGetPackageId=Microsoft.WindowsDesktop.App.Ref
1>                    NuGetPackageVersion=3.0.0
1>                    Private=false
1>                    PublicKeyToken=b03f5f7f11d50a3a
1>            C:\Users\hansnguyen\.nuget\packages\microsoft.windowsdesktop.app.ref\3.0.0\ref\netcoreapp3.0\System.IO.FileSystem.AccessControl.dll
1>                    AssemblyVersion=4.0.4.0
1>                    ExternallyResolved=true
1>                    FileVersion=4.700.19.46214
1>                    FrameworkReferenceName=Microsoft.WindowsDesktop.App.WPF
1>                    FrameworkReferenceVersion=3.0.0
1>                    NuGetPackageId=Microsoft.WindowsDesktop.App.Ref
1>                    NuGetPackageVersion=3.0.0
1>                    Private=false
1>                    PublicKeyToken=b03f5f7f11d50a3a
1>            C:\Users\hansnguyen\.nuget\packages\microsoft.windowsdesktop.app.ref\3.0.0\ref\netcoreapp3.0\System.IO.Packaging.dll
1>                    AssemblyVersion=4.0.4.0
1>                    ExternallyResolved=true
1>                    FileVersion=4.700.19.46214
1>                    FrameworkReferenceName=Microsoft.WindowsDesktop.App.WPF
1>                    FrameworkReferenceVersion=3.0.0
1>                    NuGetPackageId=Microsoft.WindowsDesktop.App.Ref
1>                    NuGetPackageVersion=3.0.0
1>                    Private=false
1>                    PublicKeyToken=b03f5f7f11d50a3a
1>            C:\Users\hansnguyen\.nuget\packages\microsoft.windowsdesktop.app.ref\3.0.0\ref\netcoreapp3.0\System.IO.Pipes.AccessControl.dll
1>                    AssemblyVersion=4.0.3.0
1>                    ExternallyResolved=true
1>                    FileVersion=4.6.26606.5
1>                    FrameworkReferenceName=Microsoft.WindowsDesktop.App.WPF
1>                    FrameworkReferenceVersion=3.0.0
1>                    NuGetPackageId=Microsoft.WindowsDesktop.App.Ref
1>                    NuGetPackageVersion=3.0.0
1>                    Private=false
1>                    PublicKeyToken=b03f5f7f11d50a3a
1>            C:\Users\hansnguyen\.nuget\packages\microsoft.windowsdesktop.app.ref\3.0.0\ref\netcoreapp3.0\System.Printing.dll
1>                    AssemblyVersion=4.0.0.0
1>                    ExternallyResolved=true
1>                    FileVersion=4.800.19.46214
1>                    FrameworkReferenceName=Microsoft.WindowsDesktop.App.WPF
1>                    FrameworkReferenceVersion=3.0.0
1>                    NuGetPackageId=Microsoft.WindowsDesktop.App.Ref
1>                    NuGetPackageVersion=3.0.0
1>                    Private=false
1>                    PublicKeyToken=31bf3856ad364e35
1>            C:\Users\hansnguyen\.nuget\packages\microsoft.windowsdesktop.app.ref\3.0.0\ref\netcoreapp3.0\System.Resources.Extensions.dll
1>                    AssemblyVersion=4.0.0.0
1>                    ExternallyResolved=true
1>                    FileVersion=4.700.19.46214
1>                    FrameworkReferenceName=Microsoft.WindowsDesktop.App.WPF
1>                    FrameworkReferenceVersion=3.0.0
1>                    NuGetPackageId=Microsoft.WindowsDesktop.App.Ref
1>                    NuGetPackageVersion=3.0.0
1>                    Private=false
1>                    PublicKeyToken=cc7b13ffcd2ddd51
1>            C:\Users\hansnguyen\.nuget\packages\microsoft.windowsdesktop.app.ref\3.0.0\ref\netcoreapp3.0\System.Security.AccessControl.dll
1>                    AssemblyVersion=4.1.1.0
1>                    ExternallyResolved=true
1>                    FileVersion=4.700.19.46214
1>                    FrameworkReferenceName=Microsoft.WindowsDesktop.App.WPF
1>                    FrameworkReferenceVersion=3.0.0
1>                    NuGetPackageId=Microsoft.WindowsDesktop.App.Ref
1>                    NuGetPackageVersion=3.0.0
1>                    Private=false
1>                    PublicKeyToken=b03f5f7f11d50a3a
1>            C:\Users\hansnguyen\.nuget\packages\microsoft.windowsdesktop.app.ref\3.0.0\ref\netcoreapp3.0\System.Security.Cryptography.Cng.dll
1>                    AssemblyVersion=4.3.2.0
1>                    ExternallyResolved=true
1>                    FileVersion=4.700.19.46214
1>                    FrameworkReferenceName=Microsoft.WindowsDesktop.App.WPF
1>                    FrameworkReferenceVersion=3.0.0
1>                    NuGetPackageId=Microsoft.WindowsDesktop.App.Ref
1>                    NuGetPackageVersion=3.0.0
1>                    Private=false
1>                    PublicKeyToken=b03f5f7f11d50a3a
1>            C:\Users\hansnguyen\.nuget\packages\microsoft.windowsdesktop.app.ref\3.0.0\ref\netcoreapp3.0\System.Security.Cryptography.Pkcs.dll
1>                    AssemblyVersion=4.1.0.0
1>                    ExternallyResolved=true
1>                    FileVersion=4.700.19.46214
1>                    FrameworkReferenceName=Microsoft.WindowsDesktop.App.WPF
1>                    FrameworkReferenceVersion=3.0.0
1>                    NuGetPackageId=Microsoft.WindowsDesktop.App.Ref
1>                    NuGetPackageVersion=3.0.0
1>                    Private=false
1>                    PublicKeyToken=b03f5f7f11d50a3a
1>            C:\Users\hansnguyen\.nuget\packages\microsoft.windowsdesktop.app.ref\3.0.0\ref\netcoreapp3.0\System.Security.Cryptography.ProtectedData.dll
1>                    AssemblyVersion=4.0.4.0
1>                    ExternallyResolved=true
1>                    FileVersion=4.700.19.46214
1>                    FrameworkReferenceName=Microsoft.WindowsDesktop.App.WPF
1>                    FrameworkReferenceVersion=3.0.0
1>                    NuGetPackageId=Microsoft.WindowsDesktop.App.Ref
1>                    NuGetPackageVersion=3.0.0
1>                    Private=false
1>                    PublicKeyToken=b03f5f7f11d50a3a
1>            C:\Users\hansnguyen\.nuget\packages\microsoft.windowsdesktop.app.ref\3.0.0\ref\netcoreapp3.0\System.Security.Cryptography.Xml.dll
1>                    AssemblyVersion=4.0.2.0
1>                    ExternallyResolved=true
1>                    FileVersion=4.700.19.46214
1>                    FrameworkReferenceName=Microsoft.WindowsDesktop.App.WPF
1>                    FrameworkReferenceVersion=3.0.0
1>                    NuGetPackageId=Microsoft.WindowsDesktop.App.Ref
1>                    NuGetPackageVersion=3.0.0
1>                    Private=false
1>                    PublicKeyToken=cc7b13ffcd2ddd51
1>            C:\Users\hansnguyen\.nuget\packages\microsoft.windowsdesktop.app.ref\3.0.0\ref\netcoreapp3.0\System.Security.Permissions.dll
1>                    AssemblyVersion=4.0.2.0
1>                    ExternallyResolved=true
1>                    FileVersion=4.700.19.46214
1>                    FrameworkReferenceName=Microsoft.WindowsDesktop.App.WPF
1>                    FrameworkReferenceVersion=3.0.0
1>                    NuGetPackageId=Microsoft.WindowsDesktop.App.Ref
1>                    NuGetPackageVersion=3.0.0
1>                    Private=false
1>                    PublicKeyToken=cc7b13ffcd2ddd51
1>            C:\Users\hansnguyen\.nuget\packages\microsoft.windowsdesktop.app.ref\3.0.0\ref\netcoreapp3.0\System.Security.Principal.Windows.dll
1>                    AssemblyVersion=4.1.1.0
1>                    ExternallyResolved=true
1>                    FileVersion=4.700.19.46214
1>                    FrameworkReferenceName=Microsoft.WindowsDesktop.App.WPF
1>                    FrameworkReferenceVersion=3.0.0
1>                    NuGetPackageId=Microsoft.WindowsDesktop.App.Ref
1>                    NuGetPackageVersion=3.0.0
1>                    Private=false
1>                    PublicKeyToken=b03f5f7f11d50a3a
1>            C:\Users\hansnguyen\.nuget\packages\microsoft.windowsdesktop.app.ref\3.0.0\ref\netcoreapp3.0\System.Threading.AccessControl.dll
1>                    AssemblyVersion=4.0.4.0
1>                    ExternallyResolved=true
1>                    FileVersion=4.700.19.46214
1>                    FrameworkReferenceName=Microsoft.WindowsDesktop.App.WPF
1>                    FrameworkReferenceVersion=3.0.0
1>                    NuGetPackageId=Microsoft.WindowsDesktop.App.Ref
1>                    NuGetPackageVersion=3.0.0
1>                    Private=false
1>                    PublicKeyToken=b03f5f7f11d50a3a
1>            C:\Users\hansnguyen\.nuget\packages\microsoft.windowsdesktop.app.ref\3.0.0\ref\netcoreapp3.0\System.Windows.Controls.Ribbon.dll
1>                    AssemblyVersion=4.0.0.0
1>                    ExternallyResolved=true
1>                    FileVersion=4.800.19.46214
1>                    FrameworkReferenceName=Microsoft.WindowsDesktop.App.WPF
1>                    FrameworkReferenceVersion=3.0.0
1>                    NuGetPackageId=Microsoft.WindowsDesktop.App.Ref
1>                    NuGetPackageVersion=3.0.0
1>                    Private=false
1>                    PublicKeyToken=b77a5c561934e089
1>            C:\Users\hansnguyen\.nuget\packages\microsoft.windowsdesktop.app.ref\3.0.0\ref\netcoreapp3.0\System.Windows.Extensions.dll
1>                    AssemblyVersion=4.0.0.0
1>                    ExternallyResolved=true
1>                    FileVersion=4.700.19.46214
1>                    FrameworkReferenceName=Microsoft.WindowsDesktop.App.WPF
1>                    FrameworkReferenceVersion=3.0.0
1>                    NuGetPackageId=Microsoft.WindowsDesktop.App.Ref
1>                    NuGetPackageVersion=3.0.0
1>                    Private=false
1>                    PublicKeyToken=cc7b13ffcd2ddd51
1>            C:\Users\hansnguyen\.nuget\packages\microsoft.windowsdesktop.app.ref\3.0.0\ref\netcoreapp3.0\System.Windows.Input.Manipulations.dll
1>                    AssemblyVersion=4.0.0.0
1>                    ExternallyResolved=true
1>                    FileVersion=4.800.19.46214
1>                    FrameworkReferenceName=Microsoft.WindowsDesktop.App.WPF
1>                    FrameworkReferenceVersion=3.0.0
1>                    NuGetPackageId=Microsoft.WindowsDesktop.App.Ref
1>                    NuGetPackageVersion=3.0.0
1>                    Private=false
1>                    PublicKeyToken=b77a5c561934e089
1>            C:\Users\hansnguyen\.nuget\packages\microsoft.windowsdesktop.app.ref\3.0.0\ref\netcoreapp3.0\System.Windows.Presentation.dll
1>                    AssemblyVersion=4.0.0.0
1>                    ExternallyResolved=true
1>                    FileVersion=4.800.19.46214
1>                    FrameworkReferenceName=Microsoft.WindowsDesktop.App.WPF
1>                    FrameworkReferenceVersion=3.0.0
1>                    NuGetPackageId=Microsoft.WindowsDesktop.App.Ref
1>                    NuGetPackageVersion=3.0.0
1>                    Private=false
1>                    PublicKeyToken=b77a5c561934e089
1>            C:\Users\hansnguyen\.nuget\packages\microsoft.windowsdesktop.app.ref\3.0.0\ref\netcoreapp3.0\System.Xaml.dll
1>                    AssemblyVersion=4.0.0.0
1>                    ExternallyResolved=true
1>                    FileVersion=4.800.19.46214
1>                    FrameworkReferenceName=Microsoft.WindowsDesktop.App.WPF
1>                    FrameworkReferenceVersion=3.0.0
1>                    NuGetPackageId=Microsoft.WindowsDesktop.App.Ref
1>                    NuGetPackageVersion=3.0.0
1>                    Private=false
1>                    PublicKeyToken=b77a5c561934e089
1>            C:\Users\hansnguyen\.nuget\packages\microsoft.windowsdesktop.app.ref\3.0.0\ref\netcoreapp3.0\UIAutomationClient.dll
1>                    AssemblyVersion=4.0.0.0
1>                    ExternallyResolved=true
1>                    FileVersion=4.800.19.46214
1>                    FrameworkReferenceName=Microsoft.WindowsDesktop.App.WPF
1>                    FrameworkReferenceVersion=3.0.0
1>                    NuGetPackageId=Microsoft.WindowsDesktop.App.Ref
1>                    NuGetPackageVersion=3.0.0
1>                    Private=false
1>                    PublicKeyToken=31bf3856ad364e35
1>            C:\Users\hansnguyen\.nuget\packages\microsoft.windowsdesktop.app.ref\3.0.0\ref\netcoreapp3.0\UIAutomationClientSideProviders.dll
1>                    AssemblyVersion=4.0.0.0
1>                    ExternallyResolved=true
1>                    FileVersion=4.800.19.46214
1>                    FrameworkReferenceName=Microsoft.WindowsDesktop.App.WPF
1>                    FrameworkReferenceVersion=3.0.0
1>                    NuGetPackageId=Microsoft.WindowsDesktop.App.Ref
1>                    NuGetPackageVersion=3.0.0
1>                    Private=false
1>                    PublicKeyToken=b77a5c561934e089
1>            C:\Users\hansnguyen\.nuget\packages\microsoft.windowsdesktop.app.ref\3.0.0\ref\netcoreapp3.0\UIAutomationProvider.dll
1>                    AssemblyVersion=4.0.0.0
1>                    ExternallyResolved=true
1>                    FileVersion=4.800.19.46214
1>                    FrameworkReferenceName=Microsoft.WindowsDesktop.App.WPF
1>                    FrameworkReferenceVersion=3.0.0
1>                    NuGetPackageId=Microsoft.WindowsDesktop.App.Ref
1>                    NuGetPackageVersion=3.0.0
1>                    Private=false
1>                    PublicKeyToken=31bf3856ad364e35
1>            C:\Users\hansnguyen\.nuget\packages\microsoft.windowsdesktop.app.ref\3.0.0\ref\netcoreapp3.0\UIAutomationTypes.dll
1>                    AssemblyVersion=4.0.0.0
1>                    ExternallyResolved=true
1>                    FileVersion=4.800.19.46214
1>                    FrameworkReferenceName=Microsoft.WindowsDesktop.App.WPF
1>                    FrameworkReferenceVersion=3.0.0
1>                    NuGetPackageId=Microsoft.WindowsDesktop.App.Ref
1>                    NuGetPackageVersion=3.0.0
1>                    Private=false
1>                    PublicKeyToken=31bf3856ad364e35
1>            C:\Users\hansnguyen\.nuget\packages\microsoft.windowsdesktop.app.ref\3.0.0\ref\netcoreapp3.0\WindowsBase.dll
1>                    AssemblyVersion=4.0.0.0
1>                    ExternallyResolved=true
1>                    FileVersion=4.800.19.46214
1>                    FrameworkReferenceName=Microsoft.WindowsDesktop.App.WPF
1>                    FrameworkReferenceVersion=3.0.0
1>                    NuGetPackageId=Microsoft.WindowsDesktop.App.Ref
1>                    NuGetPackageVersion=3.0.0
1>                    Private=false
1>                    PublicKeyToken=31bf3856ad364e35
1>    Task Parameter:
1>        PackageOverrides=
1>            NETStandard.Library
1>                    OverriddenPackages=
1>            Microsoft.Win32.Primitives|4.3.0;
1>            System.AppContext|4.3.0;
1>            System.Collections|4.3.0;
1>            System.Collections.Concurrent|4.3.0;
1>            System.Collections.Immutable|1.4.0;
1>            System.Collections.NonGeneric|4.3.0;
1>            System.Collections.Specialized|4.3.0;
1>            System.ComponentModel|4.3.0;
1>            System.ComponentModel.EventBasedAsync|4.3.0;
1>            System.ComponentModel.Primitives|4.3.0;
1>            System.ComponentModel.TypeConverter|4.3.0;
1>            System.Console|4.3.0;
1>            System.Data.Common|4.3.0;
1>            System.Diagnostics.Contracts|4.3.0;
1>            System.Diagnostics.Debug|4.3.0;
1>            System.Diagnostics.FileVersionInfo|4.3.0;
1>            System.Diagnostics.Process|4.3.0;
1>            System.Diagnostics.StackTrace|4.3.0;
1>            System.Diagnostics.TextWriterTraceListener|4.3.0;
1>            System.Diagnostics.Tools|4.3.0;
1>            System.Diagnostics.TraceSource|4.3.0;
1>            System.Diagnostics.Tracing|4.3.0;
1>            System.Dynamic.Runtime|4.3.0;
1>            System.Globalization|4.3.0;
1>            System.Globalization.Calendars|4.3.0;
1>            System.Globalization.Extensions|4.3.0;
1>            System.IO|4.3.0;
1>            System.IO.Compression|4.3.0;
1>            System.IO.Compression.ZipFile|4.3.0;
1>            System.IO.FileSystem|4.3.0;
1>            System.IO.FileSystem.DriveInfo|4.3.0;
1>            System.IO.FileSystem.Primitives|4.3.0;
1>            System.IO.FileSystem.Watcher|4.3.0;
1>            System.IO.IsolatedStorage|4.3.0;
1>            System.IO.MemoryMappedFiles|4.3.0;
1>            System.IO.Pipes|4.3.0;
1>            System.IO.UnmanagedMemoryStream|4.3.0;
1>            System.Linq|4.3.0;
1>            System.Linq.Expressions|4.3.0;
1>            System.Linq.Queryable|4.3.0;
1>            System.Net.Http|4.3.0;
1>            System.Net.NameResolution|4.3.0;
1>            System.Net.Primitives|4.3.0;
1>            System.Net.Requests|4.3.0;
1>            System.Net.Security|4.3.0;
1>            System.Net.Sockets|4.3.0;
1>            System.Net.WebHeaderCollection|4.3.0;
1>            System.ObjectModel|4.3.0;
1>            System.Private.DataContractSerialization|4.3.0;
1>            System.Reflection|4.3.0;
1>            System.Reflection.Emit|4.3.0;
1>            System.Reflection.Emit.ILGeneration|4.3.0;
1>            System.Reflection.Emit.Lightweight|4.3.0;
1>            System.Reflection.Extensions|4.3.0;
1>            System.Reflection.Primitives|4.3.0;
1>            System.Reflection.TypeExtensions|4.3.0;
1>            System.Resources.ResourceManager|4.3.0;
1>            System.Runtime|4.3.0;
1>            System.Runtime.Extensions|4.3.0;
1>            System.Runtime.Handles|4.3.0;
1>            System.Runtime.InteropServices|4.3.0;
1>            System.Runtime.InteropServices.RuntimeInformation|4.3.0;
1>            System.Runtime.Loader|4.3.0;
1>            System.Runtime.Numerics|4.3.0;
1>            System.Runtime.Serialization.Formatters|4.3.0;
1>            System.Runtime.Serialization.Json|4.3.0;
1>            System.Runtime.Serialization.Primitives|4.3.0;
1>            System.Security.AccessControl|4.4.0;
1>            System.Security.Claims|4.3.0;
1>            System.Security.Cryptography.Algorithms|4.3.0;
1>            System.Security.Cryptography.Csp|4.3.0;
1>            System.Security.Cryptography.Encoding|4.3.0;
1>            System.Security.Cryptography.Primitives|4.3.0;
1>            System.Security.Cryptography.X509Certificates|4.3.0;
1>            System.Security.Cryptography.Xml|4.4.0;
1>            System.Security.Principal|4.3.0;
1>            System.Security.Principal.Windows|4.4.0;
1>            System.Text.Encoding|4.3.0;
1>            System.Text.Encoding.Extensions|4.3.0;
1>            System.Text.RegularExpressions|4.3.0;
1>            System.Threading|4.3.0;
1>            System.Threading.Overlapped|4.3.0;
1>            System.Threading.Tasks|4.3.0;
1>            System.Threading.Tasks.Extensions|4.3.0;
1>            System.Threading.Tasks.Parallel|4.3.0;
1>            System.Threading.Thread|4.3.0;
1>            System.Threading.ThreadPool|4.3.0;
1>            System.Threading.Timer|4.3.0;
1>            System.ValueTuple|4.3.0;
1>            System.Xml.ReaderWriter|4.3.0;
1>            System.Xml.XDocument|4.3.0;
1>            System.Xml.XmlDocument|4.3.0;
1>            System.Xml.XmlSerializer|4.3.0;
1>            System.Xml.XPath|4.3.0;
1>            System.Xml.XPath.XDocument|4.3.0;
1>          
1>            Microsoft.NETCore.App.Ref
1>                    OverriddenPackages=Microsoft.CSharp|4.4.0
1>    Microsoft.Win32.Primitives|4.3.0
1>    Microsoft.Win32.Registry|4.4.0
1>    runtime.debian.8-x64.runtime.native.System.Security.Cryptography.OpenSsl|4.3.0
1>    runtime.fedora.23-x64.runtime.native.System.Security.Cryptography.OpenSsl|4.3.0
1>    runtime.fedora.24-x64.runtime.native.System.Security.Cryptography.OpenSsl|4.3.0
1>    runtime.opensuse.13.2-x64.runtime.native.System.Security.Cryptography.OpenSsl|4.3.0
1>    runtime.opensuse.42.1-x64.runtime.native.System.Security.Cryptography.OpenSsl|4.3.0
1>    runtime.osx.10.10-x64.runtime.native.System.Security.Cryptography.Apple|4.3.0
1>    runtime.osx.10.10-x64.runtime.native.System.Security.Cryptography.OpenSsl|4.3.0
1>    runtime.rhel.7-x64.runtime.native.System.Security.Cryptography.OpenSsl|4.3.0
1>    runtime.ubuntu.14.04-x64.runtime.native.System.Security.Cryptography.OpenSsl|4.3.0
1>    runtime.ubuntu.16.04-x64.runtime.native.System.Security.Cryptography.OpenSsl|4.3.0
1>    runtime.ubuntu.16.10-x64.runtime.native.System.Security.Cryptography.OpenSsl|4.3.0
1>    System.AppContext|4.3.0
1>    System.Buffers|4.4.0
1>    System.Collections|4.3.0
1>    System.Collections.Concurrent|4.3.0
1>    System.Collections.Immutable|1.4.0
1>    System.Collections.NonGeneric|4.3.0
1>    System.Collections.Specialized|4.3.0
1>    System.ComponentModel|4.3.0
1>    System.ComponentModel.EventBasedAsync|4.3.0
1>    System.ComponentModel.Primitives|4.3.0
1>    System.ComponentModel.TypeConverter|4.3.0
1>    System.Console|4.3.0
1>    System.Data.Common|4.3.0
1>    System.Diagnostics.Contracts|4.3.0
1>    System.Diagnostics.Debug|4.3.0
1>    System.Diagnostics.DiagnosticSource|4.4.0
1>    System.Diagnostics.FileVersionInfo|4.3.0
1>    System.Diagnostics.Process|4.3.0
1>    System.Diagnostics.StackTrace|4.3.0
1>    System.Diagnostics.TextWriterTraceListener|4.3.0
1>    System.Diagnostics.Tools|4.3.0
1>    System.Diagnostics.TraceSource|4.3.0
1>    System.Diagnostics.Tracing|4.3.0
1>    System.Dynamic.Runtime|4.3.0
1>    System.Globalization|4.3.0
1>    System.Globalization.Calendars|4.3.0
1>    System.Globalization.Extensions|4.3.0
1>    System.IO|4.3.0
1>    System.IO.Compression|4.3.0
1>    System.IO.Compression.ZipFile|4.3.0
1>    System.IO.FileSystem|4.3.0
1>    System.IO.FileSystem.AccessControl|4.4.0
1>    System.IO.FileSystem.DriveInfo|4.3.0
1>    System.IO.FileSystem.Primitives|4.3.0
1>    System.IO.FileSystem.Watcher|4.3.0
1>    System.IO.IsolatedStorage|4.3.0
1>    System.IO.MemoryMappedFiles|4.3.0
1>    System.IO.Pipes|4.3.0
1>    System.IO.UnmanagedMemoryStream|4.3.0
1>    System.Linq|4.3.0
1>    System.Linq.Expressions|4.3.0
1>    System.Linq.Queryable|4.3.0
1>    System.Net.Http|4.3.0
1>    System.Net.NameResolution|4.3.0
1>    System.Net.Primitives|4.3.0
1>    System.Net.Requests|4.3.0
1>    System.Net.Security|4.3.0
1>    System.Net.Sockets|4.3.0
1>    System.Net.WebHeaderCollection|4.3.0
1>    System.ObjectModel|4.3.0
1>    System.Private.DataContractSerialization|4.3.0
1>    System.Reflection|4.3.0
1>    System.Reflection.Emit|4.3.0
1>    System.Reflection.Emit.ILGeneration|4.3.0
1>    System.Reflection.Emit.Lightweight|4.3.0
1>    System.Reflection.Extensions|4.3.0
1>    System.Reflection.Metadata|1.5.0
1>    System.Reflection.Primitives|4.3.0
1>    System.Reflection.TypeExtensions|4.3.0
1>    System.Resources.ResourceManager|4.3.0
1>    System.Runtime|4.3.0
1>    System.Runtime.Extensions|4.3.0
1>    System.Runtime.Handles|4.3.0
1>    System.Runtime.InteropServices|4.3.0
1>    System.Runtime.InteropServices.RuntimeInformation|4.3.0
1>    System.Runtime.Loader|4.3.0
1>    System.Runtime.Numerics|4.3.0
1>    System.Runtime.Serialization.Formatters|4.3.0
1>    System.Runtime.Serialization.Json|4.3.0
1>    System.Runtime.Serialization.Primitives|4.3.0
1>    System.Security.AccessControl|4.4.0
1>    System.Security.Claims|4.3.0
1>    System.Security.Cryptography.Algorithms|4.3.0
1>    System.Security.Cryptography.Cng|4.4.0
1>    System.Security.Cryptography.Csp|4.3.0
1>    System.Security.Cryptography.Encoding|4.3.0
1>    System.Security.Cryptography.OpenSsl|4.4.0
1>    System.Security.Cryptography.Primitives|4.3.0
1>    System.Security.Cryptography.X509Certificates|4.3.0
1>    System.Security.Cryptography.Xml|4.4.0
1>    System.Security.Principal|4.3.0
1>    System.Security.Principal.Windows|4.4.0
1>    System.Text.Encoding|4.3.0
1>    System.Text.Encoding.Extensions|4.3.0
1>    System.Text.RegularExpressions|4.3.0
1>    System.Threading|4.3.0
1>    System.Threading.Overlapped|4.3.0
1>    System.Threading.Tasks|4.3.0
1>    System.Threading.Tasks.Extensions|4.3.0
1>    System.Threading.Tasks.Parallel|4.3.0
1>    System.Threading.Thread|4.3.0
1>    System.Threading.ThreadPool|4.3.0
1>    System.Threading.Timer|4.3.0
1>    System.ValueTuple|4.3.0
1>    System.Xml.ReaderWriter|4.3.0
1>    System.Xml.XDocument|4.3.0
1>    System.Xml.XmlDocument|4.3.0
1>    System.Xml.XmlSerializer|4.3.0
1>    System.Xml.XPath|4.3.0
1>    System.Xml.XPath.XDocument|4.3.0
1>    Task Parameter:PreferredPackages=Microsoft.NETCore.App.Ref;Microsoft.NETCore.App.Runtime.linux-arm;Microsoft.NETCore.App.Runtime.linux-arm64;Microsoft.NETCore.App.Runtime.linux-musl-arm64;Microsoft.NETCore.App.Runtime.linux-musl-x64;Microsoft.NETCore.App.Runtime.linux-x64;Microsoft.NETCore.App.Runtime.osx-x64;Microsoft.NETCore.App.Runtime.rhel.6-x64;Microsoft.NETCore.App.Runtime.tizen.4.0.0-armel;Microsoft.NETCore.App.Runtime.tizen.5.0.0-armel;Microsoft.NETCore.App.Runtime.win-arm;Microsoft.NETCore.App.Runtime.win-arm64;Microsoft.NETCore.App.Runtime.win-x64;Microsoft.NETCore.App.Runtime.win-x86;Microsoft.WindowsDesktop.App.Ref;Microsoft.WindowsDesktop.App.Runtime.win-x64;Microsoft.WindowsDesktop.App.Runtime.win-x86
1>    Task Parameter:
1>        PlatformManifests=
1>            C:\Users\hansnguyen\.nuget\packages\microsoft.netcore.app.ref\3.0.0\data\PlatformManifest.txt
1>            C:\Users\hansnguyen\.nuget\packages\microsoft.windowsdesktop.app.ref\3.0.0\data\PlatformManifest.txt
1>    Task Parameter:
1>        ReferenceCopyLocalPaths=
1>            C:\Users\hansnguyen\.nuget\packages\c1.xaml.wpf\4.5.20213.749\lib\netcoreapp3.0\C1.WPF.4.5.2.dll
1>                    AssetType=runtime
1>                    CopyLocal=true
1>                    DestinationSubPath=C1.WPF.4.5.2.dll
1>                    NuGetPackageId=C1.Xaml.WPF
1>                    NuGetPackageVersion=4.5.20213.749
1>                    PathInPackage=lib/netcoreapp3.0/C1.WPF.4.5.2.dll
1>            C:\Users\hansnguyen\.nuget\packages\c1.xaml.wpf.datetimeeditors\4.5.20213.749\lib\netcoreapp3.0\C1.WPF.DateTimeEditors.4.5.2.dll
1>                    AssetType=runtime
1>                    CopyLocal=true
1>                    DestinationSubPath=C1.WPF.DateTimeEditors.4.5.2.dll
1>                    NuGetPackageId=C1.Xaml.WPF.DateTimeEditors
1>                    NuGetPackageVersion=4.5.20213.749
1>                    PathInPackage=lib/netcoreapp3.0/C1.WPF.DateTimeEditors.4.5.2.dll
1>            C:\Users\hansnguyen\.nuget\packages\c1.xaml.wpf.flexgrid\4.5.20213.749\lib\netcoreapp3.0\C1.WPF.FlexGrid.4.5.2.dll
1>                    AssetType=runtime
1>                    CopyLocal=true
1>                    DestinationSubPath=C1.WPF.FlexGrid.4.5.2.dll
1>                    NuGetPackageId=C1.Xaml.WPF.FlexGrid
1>                    NuGetPackageVersion=4.5.20213.749
1>                    PathInPackage=lib/netcoreapp3.0/C1.WPF.FlexGrid.4.5.2.dll
1>            C:\Users\hansnguyen\.nuget\packages\c1.xaml.wpf.flexgrid.grouppanel\4.5.20213.749\lib\netcoreapp3.0\C1.WPF.FlexGrid.GroupPanel.4.5.2.dll
1>                    AssetType=runtime
1>                    CopyLocal=true
1>                    DestinationSubPath=C1.WPF.FlexGrid.GroupPanel.4.5.2.dll
1>                    NuGetPackageId=C1.Xaml.WPF.FlexGrid.GroupPanel
1>                    NuGetPackageVersion=4.5.20213.749
1>                    PathInPackage=lib/netcoreapp3.0/C1.WPF.FlexGrid.GroupPanel.4.5.2.dll
1>            C:\Users\hansnguyen\.nuget\packages\c1.xaml.wpf.flexgridfilter\4.5.20213.749\lib\netcoreapp3.0\C1.WPF.FlexGridFilter.4.5.2.dll
1>                    AssetType=runtime
1>                    CopyLocal=true
1>                    DestinationSubPath=C1.WPF.FlexGridFilter.4.5.2.dll
1>                    NuGetPackageId=C1.Xaml.WPF.FlexGridFilter
1>                    NuGetPackageVersion=4.5.20213.749
1>                    PathInPackage=lib/netcoreapp3.0/C1.WPF.FlexGridFilter.4.5.2.dll
1>            C:\Users\hansnguyen\.nuget\packages\c1.xaml.wpf.toolbar\4.5.20213.749\lib\netcoreapp3.0\C1.WPF.Toolbar.4.5.2.dll
1>                    AssetType=runtime
1>                    CopyLocal=true
1>                    DestinationSubPath=C1.WPF.Toolbar.4.5.2.dll
1>                    NuGetPackageId=C1.Xaml.WPF.Toolbar
1>                    NuGetPackageVersion=4.5.20213.749
1>                    PathInPackage=lib/netcoreapp3.0/C1.WPF.Toolbar.4.5.2.dll
1>            C:\Users\hansnguyen\.nuget\packages\c1.xaml.wpf\4.5.20213.749\lib\netcoreapp3.0\ar\C1.WPF.4.5.2.resources.dll
1>                    AssetType=resources
1>                    CopyLocal=true
1>                    Culture=ar
1>                    DestinationSubDirectory=ar\
1>                    DestinationSubPath=ar\C1.WPF.4.5.2.resources.dll
1>                    NuGetPackageId=C1.Xaml.WPF
1>                    NuGetPackageVersion=4.5.20213.749
1>                    PathInPackage=lib/netcoreapp3.0/ar/C1.WPF.4.5.2.resources.dll
1>            C:\Users\hansnguyen\.nuget\packages\c1.xaml.wpf\4.5.20213.749\lib\netcoreapp3.0\cs\C1.WPF.4.5.2.resources.dll
1>                    AssetType=resources
1>                    CopyLocal=true
1>                    Culture=cs
1>                    DestinationSubDirectory=cs\
1>                    DestinationSubPath=cs\C1.WPF.4.5.2.resources.dll
1>                    NuGetPackageId=C1.Xaml.WPF
1>                    NuGetPackageVersion=4.5.20213.749
1>                    PathInPackage=lib/netcoreapp3.0/cs/C1.WPF.4.5.2.resources.dll
1>            C:\Users\hansnguyen\.nuget\packages\c1.xaml.wpf\4.5.20213.749\lib\netcoreapp3.0\da\C1.WPF.4.5.2.resources.dll
1>                    AssetType=resources
1>                    CopyLocal=true
1>                    Culture=da
1>                    DestinationSubDirectory=da\
1>                    DestinationSubPath=da\C1.WPF.4.5.2.resources.dll
1>                    NuGetPackageId=C1.Xaml.WPF
1>                    NuGetPackageVersion=4.5.20213.749
1>                    PathInPackage=lib/netcoreapp3.0/da/C1.WPF.4.5.2.resources.dll
1>            C:\Users\hansnguyen\.nuget\packages\c1.xaml.wpf\4.5.20213.749\lib\netcoreapp3.0\de\C1.WPF.4.5.2.resources.dll
1>                    AssetType=resources
1>                    CopyLocal=true
1>                    Culture=de
1>                    DestinationSubDirectory=de\
1>                    DestinationSubPath=de\C1.WPF.4.5.2.resources.dll
1>                    NuGetPackageId=C1.Xaml.WPF
1>                    NuGetPackageVersion=4.5.20213.749
1>                    PathInPackage=lib/netcoreapp3.0/de/C1.WPF.4.5.2.resources.dll
1>            C:\Users\hansnguyen\.nuget\packages\c1.xaml.wpf\4.5.20213.749\lib\netcoreapp3.0\el\C1.WPF.4.5.2.resources.dll
1>                    AssetType=resources
1>                    CopyLocal=true
1>                    Culture=el
1>                    DestinationSubDirectory=el\
1>                    DestinationSubPath=el\C1.WPF.4.5.2.resources.dll
1>                    NuGetPackageId=C1.Xaml.WPF
1>                    NuGetPackageVersion=4.5.20213.749
1>                    PathInPackage=lib/netcoreapp3.0/el/C1.WPF.4.5.2.resources.dll
1>            C:\Users\hansnguyen\.nuget\packages\c1.xaml.wpf\4.5.20213.749\lib\netcoreapp3.0\es\C1.WPF.4.5.2.resources.dll
1>                    AssetType=resources
1>                    CopyLocal=true
1>                    Culture=es
1>                    DestinationSubDirectory=es\
1>                    DestinationSubPath=es\C1.WPF.4.5.2.resources.dll
1>                    NuGetPackageId=C1.Xaml.WPF
1>                    NuGetPackageVersion=4.5.20213.749
1>                    PathInPackage=lib/netcoreapp3.0/es/C1.WPF.4.5.2.resources.dll
1>            C:\Users\hansnguyen\.nuget\packages\c1.xaml.wpf\4.5.20213.749\lib\netcoreapp3.0\fi\C1.WPF.4.5.2.resources.dll
1>                    AssetType=resources
1>                    CopyLocal=true
1>                    Culture=fi
1>                    DestinationSubDirectory=fi\
1>                    DestinationSubPath=fi\C1.WPF.4.5.2.resources.dll
1>                    NuGetPackageId=C1.Xaml.WPF
1>                    NuGetPackageVersion=4.5.20213.749
1>                    PathInPackage=lib/netcoreapp3.0/fi/C1.WPF.4.5.2.resources.dll
1>            C:\Users\hansnguyen\.nuget\packages\c1.xaml.wpf\4.5.20213.749\lib\netcoreapp3.0\fr\C1.WPF.4.5.2.resources.dll
1>                    AssetType=resources
1>                    CopyLocal=true
1>                    Culture=fr
1>                    DestinationSubDirectory=fr\
1>                    DestinationSubPath=fr\C1.WPF.4.5.2.resources.dll
1>                    NuGetPackageId=C1.Xaml.WPF
1>                    NuGetPackageVersion=4.5.20213.749
1>                    PathInPackage=lib/netcoreapp3.0/fr/C1.WPF.4.5.2.resources.dll
1>            C:\Users\hansnguyen\.nuget\packages\c1.xaml.wpf\4.5.20213.749\lib\netcoreapp3.0\he\C1.WPF.4.5.2.resources.dll
1>                    AssetType=resources
1>                    CopyLocal=true
1>                    Culture=he
1>                    DestinationSubDirectory=he\
1>                    DestinationSubPath=he\C1.WPF.4.5.2.resources.dll
1>                    NuGetPackageId=C1.Xaml.WPF
1>                    NuGetPackageVersion=4.5.20213.749
1>                    PathInPackage=lib/netcoreapp3.0/he/C1.WPF.4.5.2.resources.dll
1>            C:\Users\hansnguyen\.nuget\packages\c1.xaml.wpf\4.5.20213.749\lib\netcoreapp3.0\it\C1.WPF.4.5.2.resources.dll
1>                    AssetType=resources
1>                    CopyLocal=true
1>                    Culture=it
1>                    DestinationSubDirectory=it\
1>                    DestinationSubPath=it\C1.WPF.4.5.2.resources.dll
1>                    NuGetPackageId=C1.Xaml.WPF
1>                    NuGetPackageVersion=4.5.20213.749
1>                    PathInPackage=lib/netcoreapp3.0/it/C1.WPF.4.5.2.resources.dll
1>            C:\Users\hansnguyen\.nuget\packages\c1.xaml.wpf\4.5.20213.749\lib\netcoreapp3.0\ja\C1.WPF.4.5.2.resources.dll
1>                    AssetType=resources
1>                    CopyLocal=true
1>                    Culture=ja
1>                    DestinationSubDirectory=ja\
1>                    DestinationSubPath=ja\C1.WPF.4.5.2.resources.dll
1>                    NuGetPackageId=C1.Xaml.WPF
1>                    NuGetPackageVersion=4.5.20213.749
1>                    PathInPackage=lib/netcoreapp3.0/ja/C1.WPF.4.5.2.resources.dll
1>            C:\Users\hansnguyen\.nuget\packages\c1.xaml.wpf\4.5.20213.749\lib\netcoreapp3.0\ko\C1.WPF.4.5.2.resources.dll
1>                    AssetType=resources
1>                    CopyLocal=true
1>                    Culture=ko
1>                    DestinationSubDirectory=ko\
1>                    DestinationSubPath=ko\C1.WPF.4.5.2.resources.dll
1>                    NuGetPackageId=C1.Xaml.WPF
1>                    NuGetPackageVersion=4.5.20213.749
1>                    PathInPackage=lib/netcoreapp3.0/ko/C1.WPF.4.5.2.resources.dll
1>            C:\Users\hansnguyen\.nuget\packages\c1.xaml.wpf\4.5.20213.749\lib\netcoreapp3.0\nl\C1.WPF.4.5.2.resources.dll
1>                    AssetType=resources
1>                    CopyLocal=true
1>                    Culture=nl
1>                    DestinationSubDirectory=nl\
1>                    DestinationSubPath=nl\C1.WPF.4.5.2.resources.dll
1>                    NuGetPackageId=C1.Xaml.WPF
1>                    NuGetPackageVersion=4.5.20213.749
1>                    PathInPackage=lib/netcoreapp3.0/nl/C1.WPF.4.5.2.resources.dll
1>            C:\Users\hansnguyen\.nuget\packages\c1.xaml.wpf\4.5.20213.749\lib\netcoreapp3.0\no\C1.WPF.4.5.2.resources.dll
1>                    AssetType=resources
1>                    CopyLocal=true
1>                    Culture=no
1>                    DestinationSubDirectory=no\
1>                    DestinationSubPath=no\C1.WPF.4.5.2.resources.dll
1>                    NuGetPackageId=C1.Xaml.WPF
1>                    NuGetPackageVersion=4.5.20213.749
1>                    PathInPackage=lib/netcoreapp3.0/no/C1.WPF.4.5.2.resources.dll
1>            C:\Users\hansnguyen\.nuget\packages\c1.xaml.wpf\4.5.20213.749\lib\netcoreapp3.0\pl\C1.WPF.4.5.2.resources.dll
1>                    AssetType=resources
1>                    CopyLocal=true
1>                    Culture=pl
1>                    DestinationSubDirectory=pl\
1>                    DestinationSubPath=pl\C1.WPF.4.5.2.resources.dll
1>                    NuGetPackageId=C1.Xaml.WPF
1>                    NuGetPackageVersion=4.5.20213.749
1>                    PathInPackage=lib/netcoreapp3.0/pl/C1.WPF.4.5.2.resources.dll
1>            C:\Users\hansnguyen\.nuget\packages\c1.xaml.wpf\4.5.20213.749\lib\netcoreapp3.0\pt\C1.WPF.4.5.2.resources.dll
1>                    AssetType=resources
1>                    CopyLocal=true
1>                    Culture=pt
1>                    DestinationSubDirectory=pt\
1>                    DestinationSubPath=pt\C1.WPF.4.5.2.resources.dll
1>                    NuGetPackageId=C1.Xaml.WPF
1>                    NuGetPackageVersion=4.5.20213.749
1>                    PathInPackage=lib/netcoreapp3.0/pt/C1.WPF.4.5.2.resources.dll
1>            C:\Users\hansnguyen\.nuget\packages\c1.xaml.wpf\4.5.20213.749\lib\netcoreapp3.0\ro\C1.WPF.4.5.2.resources.dll
1>                    AssetType=resources
1>                    CopyLocal=true
1>                    Culture=ro
1>                    DestinationSubDirectory=ro\
1>                    DestinationSubPath=ro\C1.WPF.4.5.2.resources.dll
1>                    NuGetPackageId=C1.Xaml.WPF
1>                    NuGetPackageVersion=4.5.20213.749
1>                    PathInPackage=lib/netcoreapp3.0/ro/C1.WPF.4.5.2.resources.dll
1>            C:\Users\hansnguyen\.nuget\packages\c1.xaml.wpf\4.5.20213.749\lib\netcoreapp3.0\ru\C1.WPF.4.5.2.resources.dll
1>                    AssetType=resources
1>                    CopyLocal=true
1>                    Culture=ru
1>                    DestinationSubDirectory=ru\
1>                    DestinationSubPath=ru\C1.WPF.4.5.2.resources.dll
1>                    NuGetPackageId=C1.Xaml.WPF
1>                    NuGetPackageVersion=4.5.20213.749
1>                    PathInPackage=lib/netcoreapp3.0/ru/C1.WPF.4.5.2.resources.dll
1>            C:\Users\hansnguyen\.nuget\packages\c1.xaml.wpf\4.5.20213.749\lib\netcoreapp3.0\sk\C1.WPF.4.5.2.resources.dll
1>                    AssetType=resources
1>                    CopyLocal=true
1>                    Culture=sk
1>                    DestinationSubDirectory=sk\
1>                    DestinationSubPath=sk\C1.WPF.4.5.2.resources.dll
1>                    NuGetPackageId=C1.Xaml.WPF
1>                    NuGetPackageVersion=4.5.20213.749
1>                    PathInPackage=lib/netcoreapp3.0/sk/C1.WPF.4.5.2.resources.dll
1>            C:\Users\hansnguyen\.nuget\packages\c1.xaml.wpf\4.5.20213.749\lib\netcoreapp3.0\sv\C1.WPF.4.5.2.resources.dll
1>                    AssetType=resources
1>                    CopyLocal=true
1>                    Culture=sv
1>                    DestinationSubDirectory=sv\
1>                    DestinationSubPath=sv\C1.WPF.4.5.2.resources.dll
1>                    NuGetPackageId=C1.Xaml.WPF
1>                    NuGetPackageVersion=4.5.20213.749
1>                    PathInPackage=lib/netcoreapp3.0/sv/C1.WPF.4.5.2.resources.dll
1>            C:\Users\hansnguyen\.nuget\packages\c1.xaml.wpf\4.5.20213.749\lib\netcoreapp3.0\tr\C1.WPF.4.5.2.resources.dll
1>                    AssetType=resources
1>                    CopyLocal=true
1>                    Culture=tr
1>                    DestinationSubDirectory=tr\
1>                    DestinationSubPath=tr\C1.WPF.4.5.2.resources.dll
1>                    NuGetPackageId=C1.Xaml.WPF
1>                    NuGetPackageVersion=4.5.20213.749
1>                    PathInPackage=lib/netcoreapp3.0/tr/C1.WPF.4.5.2.resources.dll
1>            C:\Users\hansnguyen\.nuget\packages\c1.xaml.wpf\4.5.20213.749\lib\netcoreapp3.0\zh-Hans\C1.WPF.4.5.2.resources.dll
1>                    AssetType=resources
1>                    CopyLocal=true
1>                    Culture=zh-Hans
1>                    DestinationSubDirectory=zh-Hans\
1>                    DestinationSubPath=zh-Hans\C1.WPF.4.5.2.resources.dll
1>                    NuGetPackageId=C1.Xaml.WPF
1>                    NuGetPackageVersion=4.5.20213.749
1>                    PathInPackage=lib/netcoreapp3.0/zh-Hans/C1.WPF.4.5.2.resources.dll
1>            C:\Users\hansnguyen\.nuget\packages\c1.xaml.wpf\4.5.20213.749\lib\netcoreapp3.0\zh-Hant\C1.WPF.4.5.2.resources.dll
1>                    AssetType=resources
1>                    CopyLocal=true
1>                    Culture=zh-Hant
1>                    DestinationSubDirectory=zh-Hant\
1>                    DestinationSubPath=zh-Hant\C1.WPF.4.5.2.resources.dll
1>                    NuGetPackageId=C1.Xaml.WPF
1>                    NuGetPackageVersion=4.5.20213.749
1>                    PathInPackage=lib/netcoreapp3.0/zh-Hant/C1.WPF.4.5.2.resources.dll
1>            C:\Users\hansnguyen\.nuget\packages\c1.xaml.wpf\4.5.20213.749\lib\netcoreapp3.0\zh\C1.WPF.4.5.2.resources.dll
1>                    AssetType=resources
1>                    CopyLocal=true
1>                    Culture=zh
1>                    DestinationSubDirectory=zh\
1>                    DestinationSubPath=zh\C1.WPF.4.5.2.resources.dll
1>                    NuGetPackageId=C1.Xaml.WPF
1>                    NuGetPackageVersion=4.5.20213.749
1>                    PathInPackage=lib/netcoreapp3.0/zh/C1.WPF.4.5.2.resources.dll
1>            C:\Users\hansnguyen\.nuget\packages\c1.xaml.wpf.flexgrid.grouppanel\4.5.20213.749\lib\netcoreapp3.0\ar\C1.WPF.FlexGrid.GroupPanel.4.5.2.resources.dll
1>                    AssetType=resources
1>                    CopyLocal=true
1>                    Culture=ar
1>                    DestinationSubDirectory=ar\
1>                    DestinationSubPath=ar\C1.WPF.FlexGrid.GroupPanel.4.5.2.resources.dll
1>                    NuGetPackageId=C1.Xaml.WPF.FlexGrid.GroupPanel
1>                    NuGetPackageVersion=4.5.20213.749
1>                    PathInPackage=lib/netcoreapp3.0/ar/C1.WPF.FlexGrid.GroupPanel.4.5.2.resources.dll
1>            C:\Users\hansnguyen\.nuget\packages\c1.xaml.wpf.flexgrid.grouppanel\4.5.20213.749\lib\netcoreapp3.0\cs\C1.WPF.FlexGrid.GroupPanel.4.5.2.resources.dll
1>                    AssetType=resources
1>                    CopyLocal=true
1>                    Culture=cs
1>                    DestinationSubDirectory=cs\
1>                    DestinationSubPath=cs\C1.WPF.FlexGrid.GroupPanel.4.5.2.resources.dll
1>                    NuGetPackageId=C1.Xaml.WPF.FlexGrid.GroupPanel
1>                    NuGetPackageVersion=4.5.20213.749
1>                    PathInPackage=lib/netcoreapp3.0/cs/C1.WPF.FlexGrid.GroupPanel.4.5.2.resources.dll
1>            C:\Users\hansnguyen\.nuget\packages\c1.xaml.wpf.flexgrid.grouppanel\4.5.20213.749\lib\netcoreapp3.0\da\C1.WPF.FlexGrid.GroupPanel.4.5.2.resources.dll
1>                    AssetType=resources
1>                    CopyLocal=true
1>                    Culture=da
1>                    DestinationSubDirectory=da\
1>                    DestinationSubPath=da\C1.WPF.FlexGrid.GroupPanel.4.5.2.resources.dll
1>                    NuGetPackageId=C1.Xaml.WPF.FlexGrid.GroupPanel
1>                    NuGetPackageVersion=4.5.20213.749
1>                    PathInPackage=lib/netcoreapp3.0/da/C1.WPF.FlexGrid.GroupPanel.4.5.2.resources.dll
1>            C:\Users\hansnguyen\.nuget\packages\c1.xaml.wpf.flexgrid.grouppanel\4.5.20213.749\lib\netcoreapp3.0\de\C1.WPF.FlexGrid.GroupPanel.4.5.2.resources.dll
1>                    AssetType=resources
1>                    CopyLocal=true
1>                    Culture=de
1>                    DestinationSubDirectory=de\
1>                    DestinationSubPath=de\C1.WPF.FlexGrid.GroupPanel.4.5.2.resources.dll
1>                    NuGetPackageId=C1.Xaml.WPF.FlexGrid.GroupPanel
1>                    NuGetPackageVersion=4.5.20213.749
1>                    PathInPackage=lib/netcoreapp3.0/de/C1.WPF.FlexGrid.GroupPanel.4.5.2.resources.dll
1>            C:\Users\hansnguyen\.nuget\packages\c1.xaml.wpf.flexgrid.grouppanel\4.5.20213.749\lib\netcoreapp3.0\el\C1.WPF.FlexGrid.GroupPanel.4.5.2.resources.dll
1>                    AssetType=resources
1>                    CopyLocal=true
1>                    Culture=el
1>                    DestinationSubDirectory=el\
1>                    DestinationSubPath=el\C1.WPF.FlexGrid.GroupPanel.4.5.2.resources.dll
1>                    NuGetPackageId=C1.Xaml.WPF.FlexGrid.GroupPanel
1>                    NuGetPackageVersion=4.5.20213.749
1>                    PathInPackage=lib/netcoreapp3.0/el/C1.WPF.FlexGrid.GroupPanel.4.5.2.resources.dll
1>            C:\Users\hansnguyen\.nuget\packages\c1.xaml.wpf.flexgrid.grouppanel\4.5.20213.749\lib\netcoreapp3.0\es\C1.WPF.FlexGrid.GroupPanel.4.5.2.resources.dll
1>                    AssetType=resources
1>                    CopyLocal=true
1>                    Culture=es
1>                    DestinationSubDirectory=es\
1>                    DestinationSubPath=es\C1.WPF.FlexGrid.GroupPanel.4.5.2.resources.dll
1>                    NuGetPackageId=C1.Xaml.WPF.FlexGrid.GroupPanel
1>                    NuGetPackageVersion=4.5.20213.749
1>                    PathInPackage=lib/netcoreapp3.0/es/C1.WPF.FlexGrid.GroupPanel.4.5.2.resources.dll
1>            C:\Users\hansnguyen\.nuget\packages\c1.xaml.wpf.flexgrid.grouppanel\4.5.20213.749\lib\netcoreapp3.0\fi\C1.WPF.FlexGrid.GroupPanel.4.5.2.resources.dll
1>                    AssetType=resources
1>                    CopyLocal=true
1>                    Culture=fi
1>                    DestinationSubDirectory=fi\
1>                    DestinationSubPath=fi\C1.WPF.FlexGrid.GroupPanel.4.5.2.resources.dll
1>                    NuGetPackageId=C1.Xaml.WPF.FlexGrid.GroupPanel
1>                    NuGetPackageVersion=4.5.20213.749
1>                    PathInPackage=lib/netcoreapp3.0/fi/C1.WPF.FlexGrid.GroupPanel.4.5.2.resources.dll
1>            C:\Users\hansnguyen\.nuget\packages\c1.xaml.wpf.flexgrid.grouppanel\4.5.20213.749\lib\netcoreapp3.0\fr\C1.WPF.FlexGrid.GroupPanel.4.5.2.resources.dll
1>                    AssetType=resources
1>                    CopyLocal=true
1>                    Culture=fr
1>                    DestinationSubDirectory=fr\
1>                    DestinationSubPath=fr\C1.WPF.FlexGrid.GroupPanel.4.5.2.resources.dll
1>                    NuGetPackageId=C1.Xaml.WPF.FlexGrid.GroupPanel
1>                    NuGetPackageVersion=4.5.20213.749
1>                    PathInPackage=lib/netcoreapp3.0/fr/C1.WPF.FlexGrid.GroupPanel.4.5.2.resources.dll
1>            C:\Users\hansnguyen\.nuget\packages\c1.xaml.wpf.flexgrid.grouppanel\4.5.20213.749\lib\netcoreapp3.0\he\C1.WPF.FlexGrid.GroupPanel.4.5.2.resources.dll
1>                    AssetType=resources
1>                    CopyLocal=true
1>                    Culture=he
1>                    DestinationSubDirectory=he\
1>                    DestinationSubPath=he\C1.WPF.FlexGrid.GroupPanel.4.5.2.resources.dll
1>                    NuGetPackageId=C1.Xaml.WPF.FlexGrid.GroupPanel
1>                    NuGetPackageVersion=4.5.20213.749
1>                    PathInPackage=lib/netcoreapp3.0/he/C1.WPF.FlexGrid.GroupPanel.4.5.2.resources.dll
1>            C:\Users\hansnguyen\.nuget\packages\c1.xaml.wpf.flexgrid.grouppanel\4.5.20213.749\lib\netcoreapp3.0\hi\C1.WPF.FlexGrid.GroupPanel.4.5.2.resources.dll
1>                    AssetType=resources
1>                    CopyLocal=true
1>                    Culture=hi
1>                    DestinationSubDirectory=hi\
1>                    DestinationSubPath=hi\C1.WPF.FlexGrid.GroupPanel.4.5.2.resources.dll
1>                    NuGetPackageId=C1.Xaml.WPF.FlexGrid.GroupPanel
1>                    NuGetPackageVersion=4.5.20213.749
1>                    PathInPackage=lib/netcoreapp3.0/hi/C1.WPF.FlexGrid.GroupPanel.4.5.2.resources.dll
1>            C:\Users\hansnguyen\.nuget\packages\c1.xaml.wpf.flexgrid.grouppanel\4.5.20213.749\lib\netcoreapp3.0\it\C1.WPF.FlexGrid.GroupPanel.4.5.2.resources.dll
1>                    AssetType=resources
1>                    CopyLocal=true
1>                    Culture=it
1>                    DestinationSubDirectory=it\
1>                    DestinationSubPath=it\C1.WPF.FlexGrid.GroupPanel.4.5.2.resources.dll
1>                    NuGetPackageId=C1.Xaml.WPF.FlexGrid.GroupPanel
1>                    NuGetPackageVersion=4.5.20213.749
1>                    PathInPackage=lib/netcoreapp3.0/it/C1.WPF.FlexGrid.GroupPanel.4.5.2.resources.dll
1>            C:\Users\hansnguyen\.nuget\packages\c1.xaml.wpf.flexgrid.grouppanel\4.5.20213.749\lib\netcoreapp3.0\ja\C1.WPF.FlexGrid.GroupPanel.4.5.2.resources.dll
1>                    AssetType=resources
1>                    CopyLocal=true
1>                    Culture=ja
1>                    DestinationSubDirectory=ja\
1>                    DestinationSubPath=ja\C1.WPF.FlexGrid.GroupPanel.4.5.2.resources.dll
1>                    NuGetPackageId=C1.Xaml.WPF.FlexGrid.GroupPanel
1>                    NuGetPackageVersion=4.5.20213.749
1>                    PathInPackage=lib/netcoreapp3.0/ja/C1.WPF.FlexGrid.GroupPanel.4.5.2.resources.dll
1>            C:\Users\hansnguyen\.nuget\packages\c1.xaml.wpf.flexgrid.grouppanel\4.5.20213.749\lib\netcoreapp3.0\ko\C1.WPF.FlexGrid.GroupPanel.4.5.2.resources.dll
1>                    AssetType=resources
1>                    CopyLocal=true
1>                    Culture=ko
1>                    DestinationSubDirectory=ko\
1>                    DestinationSubPath=ko\C1.WPF.FlexGrid.GroupPanel.4.5.2.resources.dll
1>                    NuGetPackageId=C1.Xaml.WPF.FlexGrid.GroupPanel
1>                    NuGetPackageVersion=4.5.20213.749
1>                    PathInPackage=lib/netcoreapp3.0/ko/C1.WPF.FlexGrid.GroupPanel.4.5.2.resources.dll
1>            C:\Users\hansnguyen\.nuget\packages\c1.xaml.wpf.flexgrid.grouppanel\4.5.20213.749\lib\netcoreapp3.0\nl\C1.WPF.FlexGrid.GroupPanel.4.5.2.resources.dll
1>                    AssetType=resources
1>                    CopyLocal=true
1>                    Culture=nl
1>                    DestinationSubDirectory=nl\
1>                    DestinationSubPath=nl\C1.WPF.FlexGrid.GroupPanel.4.5.2.resources.dll
1>                    NuGetPackageId=C1.Xaml.WPF.FlexGrid.GroupPanel
1>                    NuGetPackageVersion=4.5.20213.749
1>                    PathInPackage=lib/netcoreapp3.0/nl/C1.WPF.FlexGrid.GroupPanel.4.5.2.resources.dll
1>            C:\Users\hansnguyen\.nuget\packages\c1.xaml.wpf.flexgrid.grouppanel\4.5.20213.749\lib\netcoreapp3.0\no\C1.WPF.FlexGrid.GroupPanel.4.5.2.resources.dll
1>                    AssetType=resources
1>                    CopyLocal=true
1>                    Culture=no
1>                    DestinationSubDirectory=no\
1>                    DestinationSubPath=no\C1.WPF.FlexGrid.GroupPanel.4.5.2.resources.dll
1>                    NuGetPackageId=C1.Xaml.WPF.FlexGrid.GroupPanel
1>                    NuGetPackageVersion=4.5.20213.749
1>                    PathInPackage=lib/netcoreapp3.0/no/C1.WPF.FlexGrid.GroupPanel.4.5.2.resources.dll
1>            C:\Users\hansnguyen\.nuget\packages\c1.xaml.wpf.flexgrid.grouppanel\4.5.20213.749\lib\netcoreapp3.0\pl\C1.WPF.FlexGrid.GroupPanel.4.5.2.resources.dll
1>                    AssetType=resources
1>                    CopyLocal=true
1>                    Culture=pl
1>                    DestinationSubDirectory=pl\
1>                    DestinationSubPath=pl\C1.WPF.FlexGrid.GroupPanel.4.5.2.resources.dll
1>                    NuGetPackageId=C1.Xaml.WPF.FlexGrid.GroupPanel
1>                    NuGetPackageVersion=4.5.20213.749
1>                    PathInPackage=lib/netcoreapp3.0/pl/C1.WPF.FlexGrid.GroupPanel.4.5.2.resources.dll
1>            C:\Users\hansnguyen\.nuget\packages\c1.xaml.wpf.flexgrid.grouppanel\4.5.20213.749\lib\netcoreapp3.0\pt\C1.WPF.FlexGrid.GroupPanel.4.5.2.resources.dll
1>                    AssetType=resources
1>                    CopyLocal=true
1>                    Culture=pt
1>                    DestinationSubDirectory=pt\
1>                    DestinationSubPath=pt\C1.WPF.FlexGrid.GroupPanel.4.5.2.resources.dll
1>                    NuGetPackageId=C1.Xaml.WPF.FlexGrid.GroupPanel
1>                    NuGetPackageVersion=4.5.20213.749
1>                    PathInPackage=lib/netcoreapp3.0/pt/C1.WPF.FlexGrid.GroupPanel.4.5.2.resources.dll
1>            C:\Users\hansnguyen\.nuget\packages\c1.xaml.wpf.flexgrid.grouppanel\4.5.20213.749\lib\netcoreapp3.0\ro\C1.WPF.FlexGrid.GroupPanel.4.5.2.resources.dll
1>                    AssetType=resources
1>                    CopyLocal=true
1>                    Culture=ro
1>                    DestinationSubDirectory=ro\
1>                    DestinationSubPath=ro\C1.WPF.FlexGrid.GroupPanel.4.5.2.resources.dll
1>                    NuGetPackageId=C1.Xaml.WPF.FlexGrid.GroupPanel
1>                    NuGetPackageVersion=4.5.20213.749
1>                    PathInPackage=lib/netcoreapp3.0/ro/C1.WPF.FlexGrid.GroupPanel.4.5.2.resources.dll
1>            C:\Users\hansnguyen\.nuget\packages\c1.xaml.wpf.flexgrid.grouppanel\4.5.20213.749\lib\netcoreapp3.0\ru\C1.WPF.FlexGrid.GroupPanel.4.5.2.resources.dll
1>                    AssetType=resources
1>                    CopyLocal=true
1>                    Culture=ru
1>                    DestinationSubDirectory=ru\
1>                    DestinationSubPath=ru\C1.WPF.FlexGrid.GroupPanel.4.5.2.resources.dll
1>                    NuGetPackageId=C1.Xaml.WPF.FlexGrid.GroupPanel
1>                    NuGetPackageVersion=4.5.20213.749
1>                    PathInPackage=lib/netcoreapp3.0/ru/C1.WPF.FlexGrid.GroupPanel.4.5.2.resources.dll
1>            C:\Users\hansnguyen\.nuget\packages\c1.xaml.wpf.flexgrid.grouppanel\4.5.20213.749\lib\netcoreapp3.0\sk\C1.WPF.FlexGrid.GroupPanel.4.5.2.resources.dll
1>                    AssetType=resources
1>                    CopyLocal=true
1>                    Culture=sk
1>                    DestinationSubDirectory=sk\
1>                    DestinationSubPath=sk\C1.WPF.FlexGrid.GroupPanel.4.5.2.resources.dll
1>                    NuGetPackageId=C1.Xaml.WPF.FlexGrid.GroupPanel
1>                    NuGetPackageVersion=4.5.20213.749
1>                    PathInPackage=lib/netcoreapp3.0/sk/C1.WPF.FlexGrid.GroupPanel.4.5.2.resources.dll
1>            C:\Users\hansnguyen\.nuget\packages\c1.xaml.wpf.flexgrid.grouppanel\4.5.20213.749\lib\netcoreapp3.0\sv\C1.WPF.FlexGrid.GroupPanel.4.5.2.resources.dll
1>                    AssetType=resources
1>                    CopyLocal=true
1>                    Culture=sv
1>                    DestinationSubDirectory=sv\
1>                    DestinationSubPath=sv\C1.WPF.FlexGrid.GroupPanel.4.5.2.resources.dll
1>                    NuGetPackageId=C1.Xaml.WPF.FlexGrid.GroupPanel
1>                    NuGetPackageVersion=4.5.20213.749
1>                    PathInPackage=lib/netcoreapp3.0/sv/C1.WPF.FlexGrid.GroupPanel.4.5.2.resources.dll
1>            C:\Users\hansnguyen\.nuget\packages\c1.xaml.wpf.flexgrid.grouppanel\4.5.20213.749\lib\netcoreapp3.0\tr\C1.WPF.FlexGrid.GroupPanel.4.5.2.resources.dll
1>                    AssetType=resources
1>                    CopyLocal=true
1>                    Culture=tr
1>                    DestinationSubDirectory=tr\
1>                    DestinationSubPath=tr\C1.WPF.FlexGrid.GroupPanel.4.5.2.resources.dll
1>                    NuGetPackageId=C1.Xaml.WPF.FlexGrid.GroupPanel
1>                    NuGetPackageVersion=4.5.20213.749
1>                    PathInPackage=lib/netcoreapp3.0/tr/C1.WPF.FlexGrid.GroupPanel.4.5.2.resources.dll
1>            C:\Users\hansnguyen\.nuget\packages\c1.xaml.wpf.flexgrid.grouppanel\4.5.20213.749\lib\netcoreapp3.0\zh-Hans\C1.WPF.FlexGrid.GroupPanel.4.5.2.resources.dll
1>                    AssetType=resources
1>                    CopyLocal=true
1>                    Culture=zh-Hans
1>                    DestinationSubDirectory=zh-Hans\
1>                    DestinationSubPath=zh-Hans\C1.WPF.FlexGrid.GroupPanel.4.5.2.resources.dll
1>                    NuGetPackageId=C1.Xaml.WPF.FlexGrid.GroupPanel
1>                    NuGetPackageVersion=4.5.20213.749
1>                    PathInPackage=lib/netcoreapp3.0/zh-Hans/C1.WPF.FlexGrid.GroupPanel.4.5.2.resources.dll
1>            C:\Users\hansnguyen\.nuget\packages\c1.xaml.wpf.flexgrid.grouppanel\4.5.20213.749\lib\netcoreapp3.0\zh-Hant\C1.WPF.FlexGrid.GroupPanel.4.5.2.resources.dll
1>                    AssetType=resources
1>                    CopyLocal=true
1>                    Culture=zh-Hant
1>                    DestinationSubDirectory=zh-Hant\
1>                    DestinationSubPath=zh-Hant\C1.WPF.FlexGrid.GroupPanel.4.5.2.resources.dll
1>                    NuGetPackageId=C1.Xaml.WPF.FlexGrid.GroupPanel
1>                    NuGetPackageVersion=4.5.20213.749
1>                    PathInPackage=lib/netcoreapp3.0/zh-Hant/C1.WPF.FlexGrid.GroupPanel.4.5.2.resources.dll
1>            C:\Users\hansnguyen\.nuget\packages\c1.xaml.wpf.flexgrid.grouppanel\4.5.20213.749\lib\netcoreapp3.0\zh\C1.WPF.FlexGrid.GroupPanel.4.5.2.resources.dll
1>                    AssetType=resources
1>                    CopyLocal=true
1>                    Culture=zh
1>                    DestinationSubDirectory=zh\
1>                    DestinationSubPath=zh\C1.WPF.FlexGrid.GroupPanel.4.5.2.resources.dll
1>                    NuGetPackageId=C1.Xaml.WPF.FlexGrid.GroupPanel
1>                    NuGetPackageVersion=4.5.20213.749
1>                    PathInPackage=lib/netcoreapp3.0/zh/C1.WPF.FlexGrid.GroupPanel.4.5.2.resources.dll
1>            C:\Users\hansnguyen\.nuget\packages\c1.xaml.wpf.flexgridfilter\4.5.20213.749\lib\netcoreapp3.0\ar\C1.WPF.FlexGridFilter.4.5.2.resources.dll
1>                    AssetType=resources
1>                    CopyLocal=true
1>                    Culture=ar
1>                    DestinationSubDirectory=ar\
1>                    DestinationSubPath=ar\C1.WPF.FlexGridFilter.4.5.2.resources.dll
1>                    NuGetPackageId=C1.Xaml.WPF.FlexGridFilter
1>                    NuGetPackageVersion=4.5.20213.749
1>                    PathInPackage=lib/netcoreapp3.0/ar/C1.WPF.FlexGridFilter.4.5.2.resources.dll
1>            C:\Users\hansnguyen\.nuget\packages\c1.xaml.wpf.flexgridfilter\4.5.20213.749\lib\netcoreapp3.0\cs\C1.WPF.FlexGridFilter.4.5.2.resources.dll
1>                    AssetType=resources
1>                    CopyLocal=true
1>                    Culture=cs
1>                    DestinationSubDirectory=cs\
1>                    DestinationSubPath=cs\C1.WPF.FlexGridFilter.4.5.2.resources.dll
1>                    NuGetPackageId=C1.Xaml.WPF.FlexGridFilter
1>                    NuGetPackageVersion=4.5.20213.749
1>                    PathInPackage=lib/netcoreapp3.0/cs/C1.WPF.FlexGridFilter.4.5.2.resources.dll
1>            C:\Users\hansnguyen\.nuget\packages\c1.xaml.wpf.flexgridfilter\4.5.20213.749\lib\netcoreapp3.0\da\C1.WPF.FlexGridFilter.4.5.2.resources.dll
1>                    AssetType=resources
1>                    CopyLocal=true
1>                    Culture=da
1>                    DestinationSubDirectory=da\
1>                    DestinationSubPath=da\C1.WPF.FlexGridFilter.4.5.2.resources.dll
1>                    NuGetPackageId=C1.Xaml.WPF.FlexGridFilter
1>                    NuGetPackageVersion=4.5.20213.749
1>                    PathInPackage=lib/netcoreapp3.0/da/C1.WPF.FlexGridFilter.4.5.2.resources.dll
1>            C:\Users\hansnguyen\.nuget\packages\c1.xaml.wpf.flexgridfilter\4.5.20213.749\lib\netcoreapp3.0\de\C1.WPF.FlexGridFilter.4.5.2.resources.dll
1>                    AssetType=resources
1>                    CopyLocal=true
1>                    Culture=de
1>                    DestinationSubDirectory=de\
1>                    DestinationSubPath=de\C1.WPF.FlexGridFilter.4.5.2.resources.dll
1>                    NuGetPackageId=C1.Xaml.WPF.FlexGridFilter
1>                    NuGetPackageVersion=4.5.20213.749
1>                    PathInPackage=lib/netcoreapp3.0/de/C1.WPF.FlexGridFilter.4.5.2.resources.dll
1>            C:\Users\hansnguyen\.nuget\packages\c1.xaml.wpf.flexgridfilter\4.5.20213.749\lib\netcoreapp3.0\el\C1.WPF.FlexGridFilter.4.5.2.resources.dll
1>                    AssetType=resources
1>                    CopyLocal=true
1>                    Culture=el
1>                    DestinationSubDirectory=el\
1>                    DestinationSubPath=el\C1.WPF.FlexGridFilter.4.5.2.resources.dll
1>                    NuGetPackageId=C1.Xaml.WPF.FlexGridFilter
1>                    NuGetPackageVersion=4.5.20213.749
1>                    PathInPackage=lib/netcoreapp3.0/el/C1.WPF.FlexGridFilter.4.5.2.resources.dll
1>            C:\Users\hansnguyen\.nuget\packages\c1.xaml.wpf.flexgridfilter\4.5.20213.749\lib\netcoreapp3.0\es\C1.WPF.FlexGridFilter.4.5.2.resources.dll
1>                    AssetType=resources
1>                    CopyLocal=true
1>                    Culture=es
1>                    DestinationSubDirectory=es\
1>                    DestinationSubPath=es\C1.WPF.FlexGridFilter.4.5.2.resources.dll
1>                    NuGetPackageId=C1.Xaml.WPF.FlexGridFilter
1>                    NuGetPackageVersion=4.5.20213.749
1>                    PathInPackage=lib/netcoreapp3.0/es/C1.WPF.FlexGridFilter.4.5.2.resources.dll
1>            C:\Users\hansnguyen\.nuget\packages\c1.xaml.wpf.flexgridfilter\4.5.20213.749\lib\netcoreapp3.0\fi\C1.WPF.FlexGridFilter.4.5.2.resources.dll
1>                    AssetType=resources
1>                    CopyLocal=true
1>                    Culture=fi
1>                    DestinationSubDirectory=fi\
1>                    DestinationSubPath=fi\C1.WPF.FlexGridFilter.4.5.2.resources.dll
1>                    NuGetPackageId=C1.Xaml.WPF.FlexGridFilter
1>                    NuGetPackageVersion=4.5.20213.749
1>                    PathInPackage=lib/netcoreapp3.0/fi/C1.WPF.FlexGridFilter.4.5.2.resources.dll
1>            C:\Users\hansnguyen\.nuget\packages\c1.xaml.wpf.flexgridfilter\4.5.20213.749\lib\netcoreapp3.0\fr\C1.WPF.FlexGridFilter.4.5.2.resources.dll
1>                    AssetType=resources
1>                    CopyLocal=true
1>                    Culture=fr
1>                    DestinationSubDirectory=fr\
1>                    DestinationSubPath=fr\C1.WPF.FlexGridFilter.4.5.2.resources.dll
1>                    NuGetPackageId=C1.Xaml.WPF.FlexGridFilter
1>                    NuGetPackageVersion=4.5.20213.749
1>                    PathInPackage=lib/netcoreapp3.0/fr/C1.WPF.FlexGridFilter.4.5.2.resources.dll
1>            C:\Users\hansnguyen\.nuget\packages\c1.xaml.wpf.flexgridfilter\4.5.20213.749\lib\netcoreapp3.0\he\C1.WPF.FlexGridFilter.4.5.2.resources.dll
1>                    AssetType=resources
1>                    CopyLocal=true
1>                    Culture=he
1>                    DestinationSubDirectory=he\
1>                    DestinationSubPath=he\C1.WPF.FlexGridFilter.4.5.2.resources.dll
1>                    NuGetPackageId=C1.Xaml.WPF.FlexGridFilter
1>                    NuGetPackageVersion=4.5.20213.749
1>                    PathInPackage=lib/netcoreapp3.0/he/C1.WPF.FlexGridFilter.4.5.2.resources.dll
1>            C:\Users\hansnguyen\.nuget\packages\c1.xaml.wpf.flexgridfilter\4.5.20213.749\lib\netcoreapp3.0\it\C1.WPF.FlexGridFilter.4.5.2.resources.dll
1>                    AssetType=resources
1>                    CopyLocal=true
1>                    Culture=it
1>                    DestinationSubDirectory=it\
1>                    DestinationSubPath=it\C1.WPF.FlexGridFilter.4.5.2.resources.dll
1>                    NuGetPackageId=C1.Xaml.WPF.FlexGridFilter
1>                    NuGetPackageVersion=4.5.20213.749
1>                    PathInPackage=lib/netcoreapp3.0/it/C1.WPF.FlexGridFilter.4.5.2.resources.dll
1>            C:\Users\hansnguyen\.nuget\packages\c1.xaml.wpf.flexgridfilter\4.5.20213.749\lib\netcoreapp3.0\ja\C1.WPF.FlexGridFilter.4.5.2.resources.dll
1>                    AssetType=resources
1>                    CopyLocal=true
1>                    Culture=ja
1>                    DestinationSubDirectory=ja\
1>                    DestinationSubPath=ja\C1.WPF.FlexGridFilter.4.5.2.resources.dll
1>                    NuGetPackageId=C1.Xaml.WPF.FlexGridFilter
1>                    NuGetPackageVersion=4.5.20213.749
1>                    PathInPackage=lib/netcoreapp3.0/ja/C1.WPF.FlexGridFilter.4.5.2.resources.dll
1>            C:\Users\hansnguyen\.nuget\packages\c1.xaml.wpf.flexgridfilter\4.5.20213.749\lib\netcoreapp3.0\ko\C1.WPF.FlexGridFilter.4.5.2.resources.dll
1>                    AssetType=resources
1>                    CopyLocal=true
1>                    Culture=ko
1>                    DestinationSubDirectory=ko\
1>                    DestinationSubPath=ko\C1.WPF.FlexGridFilter.4.5.2.resources.dll
1>                    NuGetPackageId=C1.Xaml.WPF.FlexGridFilter
1>                    NuGetPackageVersion=4.5.20213.749
1>                    PathInPackage=lib/netcoreapp3.0/ko/C1.WPF.FlexGridFilter.4.5.2.resources.dll
1>            C:\Users\hansnguyen\.nuget\packages\c1.xaml.wpf.flexgridfilter\4.5.20213.749\lib\netcoreapp3.0\nl\C1.WPF.FlexGridFilter.4.5.2.resources.dll
1>                    AssetType=resources
1>                    CopyLocal=true
1>                    Culture=nl
1>                    DestinationSubDirectory=nl\
1>                    DestinationSubPath=nl\C1.WPF.FlexGridFilter.4.5.2.resources.dll
1>                    NuGetPackageId=C1.Xaml.WPF.FlexGridFilter
1>                    NuGetPackageVersion=4.5.20213.749
1>                    PathInPackage=lib/netcoreapp3.0/nl/C1.WPF.FlexGridFilter.4.5.2.resources.dll
1>            C:\Users\hansnguyen\.nuget\packages\c1.xaml.wpf.flexgridfilter\4.5.20213.749\lib\netcoreapp3.0\no\C1.WPF.FlexGridFilter.4.5.2.resources.dll
1>                    AssetType=resources
1>                    CopyLocal=true
1>                    Culture=no
1>                    DestinationSubDirectory=no\
1>                    DestinationSubPath=no\C1.WPF.FlexGridFilter.4.5.2.resources.dll
1>                    NuGetPackageId=C1.Xaml.WPF.FlexGridFilter
1>                    NuGetPackageVersion=4.5.20213.749
1>                    PathInPackage=lib/netcoreapp3.0/no/C1.WPF.FlexGridFilter.4.5.2.resources.dll
1>            C:\Users\hansnguyen\.nuget\packages\c1.xaml.wpf.flexgridfilter\4.5.20213.749\lib\netcoreapp3.0\pl\C1.WPF.FlexGridFilter.4.5.2.resources.dll
1>                    AssetType=resources
1>                    CopyLocal=true
1>                    Culture=pl
1>                    DestinationSubDirectory=pl\
1>                    DestinationSubPath=pl\C1.WPF.FlexGridFilter.4.5.2.resources.dll
1>                    NuGetPackageId=C1.Xaml.WPF.FlexGridFilter
1>                    NuGetPackageVersion=4.5.20213.749
1>                    PathInPackage=lib/netcoreapp3.0/pl/C1.WPF.FlexGridFilter.4.5.2.resources.dll
1>            C:\Users\hansnguyen\.nuget\packages\c1.xaml.wpf.flexgridfilter\4.5.20213.749\lib\netcoreapp3.0\pt\C1.WPF.FlexGridFilter.4.5.2.resources.dll
1>                    AssetType=resources
1>                    CopyLocal=true
1>                    Culture=pt
1>                    DestinationSubDirectory=pt\
1>                    DestinationSubPath=pt\C1.WPF.FlexGridFilter.4.5.2.resources.dll
1>                    NuGetPackageId=C1.Xaml.WPF.FlexGridFilter
1>                    NuGetPackageVersion=4.5.20213.749
1>                    PathInPackage=lib/netcoreapp3.0/pt/C1.WPF.FlexGridFilter.4.5.2.resources.dll
1>            C:\Users\hansnguyen\.nuget\packages\c1.xaml.wpf.flexgridfilter\4.5.20213.749\lib\netcoreapp3.0\ro\C1.WPF.FlexGridFilter.4.5.2.resources.dll
1>                    AssetType=resources
1>                    CopyLocal=true
1>                    Culture=ro
1>                    DestinationSubDirectory=ro\
1>                    DestinationSubPath=ro\C1.WPF.FlexGridFilter.4.5.2.resources.dll
1>                    NuGetPackageId=C1.Xaml.WPF.FlexGridFilter
1>                    NuGetPackageVersion=4.5.20213.749
1>                    PathInPackage=lib/netcoreapp3.0/ro/C1.WPF.FlexGridFilter.4.5.2.resources.dll
1>            C:\Users\hansnguyen\.nuget\packages\c1.xaml.wpf.flexgridfilter\4.5.20213.749\lib\netcoreapp3.0\ru\C1.WPF.FlexGridFilter.4.5.2.resources.dll
1>                    AssetType=resources
1>                    CopyLocal=true
1>                    Culture=ru
1>                    DestinationSubDirectory=ru\
1>                    DestinationSubPath=ru\C1.WPF.FlexGridFilter.4.5.2.resources.dll
1>                    NuGetPackageId=C1.Xaml.WPF.FlexGridFilter
1>                    NuGetPackageVersion=4.5.20213.749
1>                    PathInPackage=lib/netcoreapp3.0/ru/C1.WPF.FlexGridFilter.4.5.2.resources.dll
1>            C:\Users\hansnguyen\.nuget\packages\c1.xaml.wpf.flexgridfilter\4.5.20213.749\lib\netcoreapp3.0\sk\C1.WPF.FlexGridFilter.4.5.2.resources.dll
1>                    AssetType=resources
1>                    CopyLocal=true
1>                    Culture=sk
1>                    DestinationSubDirectory=sk\
1>                    DestinationSubPath=sk\C1.WPF.FlexGridFilter.4.5.2.resources.dll
1>                    NuGetPackageId=C1.Xaml.WPF.FlexGridFilter
1>                    NuGetPackageVersion=4.5.20213.749
1>                    PathInPackage=lib/netcoreapp3.0/sk/C1.WPF.FlexGridFilter.4.5.2.resources.dll
1>            C:\Users\hansnguyen\.nuget\packages\c1.xaml.wpf.flexgridfilter\4.5.20213.749\lib\netcoreapp3.0\sv\C1.WPF.FlexGridFilter.4.5.2.resources.dll
1>                    AssetType=resources
1>                    CopyLocal=true
1>                    Culture=sv
1>                    DestinationSubDirectory=sv\
1>                    DestinationSubPath=sv\C1.WPF.FlexGridFilter.4.5.2.resources.dll
1>                    NuGetPackageId=C1.Xaml.WPF.FlexGridFilter
1>                    NuGetPackageVersion=4.5.20213.749
1>                    PathInPackage=lib/netcoreapp3.0/sv/C1.WPF.FlexGridFilter.4.5.2.resources.dll
1>            C:\Users\hansnguyen\.nuget\packages\c1.xaml.wpf.flexgridfilter\4.5.20213.749\lib\netcoreapp3.0\tr\C1.WPF.FlexGridFilter.4.5.2.resources.dll
1>                    AssetType=resources
1>                    CopyLocal=true
1>                    Culture=tr
1>                    DestinationSubDirectory=tr\
1>                    DestinationSubPath=tr\C1.WPF.FlexGridFilter.4.5.2.resources.dll
1>                    NuGetPackageId=C1.Xaml.WPF.FlexGridFilter
1>                    NuGetPackageVersion=4.5.20213.749
1>                    PathInPackage=lib/netcoreapp3.0/tr/C1.WPF.FlexGridFilter.4.5.2.resources.dll
1>            C:\Users\hansnguyen\.nuget\packages\c1.xaml.wpf.flexgridfilter\4.5.20213.749\lib\netcoreapp3.0\zh-Hans\C1.WPF.FlexGridFilter.4.5.2.resources.dll
1>                    AssetType=resources
1>                    CopyLocal=true
1>                    Culture=zh-Hans
1>                    DestinationSubDirectory=zh-Hans\
1>                    DestinationSubPath=zh-Hans\C1.WPF.FlexGridFilter.4.5.2.resources.dll
1>                    NuGetPackageId=C1.Xaml.WPF.FlexGridFilter
1>                    NuGetPackageVersion=4.5.20213.749
1>                    PathInPackage=lib/netcoreapp3.0/zh-Hans/C1.WPF.FlexGridFilter.4.5.2.resources.dll
1>            C:\Users\hansnguyen\.nuget\packages\c1.xaml.wpf.flexgridfilter\4.5.20213.749\lib\netcoreapp3.0\zh-Hant\C1.WPF.FlexGridFilter.4.5.2.resources.dll
1>                    AssetType=resources
1>                    CopyLocal=true
1>                    Culture=zh-Hant
1>                    DestinationSubDirectory=zh-Hant\
1>                    DestinationSubPath=zh-Hant\C1.WPF.FlexGridFilter.4.5.2.resources.dll
1>                    NuGetPackageId=C1.Xaml.WPF.FlexGridFilter
1>                    NuGetPackageVersion=4.5.20213.749
1>                    PathInPackage=lib/netcoreapp3.0/zh-Hant/C1.WPF.FlexGridFilter.4.5.2.resources.dll
1>            C:\Users\hansnguyen\.nuget\packages\c1.xaml.wpf.flexgridfilter\4.5.20213.749\lib\netcoreapp3.0\zh\C1.WPF.FlexGridFilter.4.5.2.resources.dll
1>                    AssetType=resources
1>                    CopyLocal=true
1>                    Culture=zh
1>                    DestinationSubDirectory=zh\
1>                    DestinationSubPath=zh\C1.WPF.FlexGridFilter.4.5.2.resources.dll
1>                    NuGetPackageId=C1.Xaml.WPF.FlexGridFilter
1>                    NuGetPackageVersion=4.5.20213.749
1>                    PathInPackage=lib/netcoreapp3.0/zh/C1.WPF.FlexGridFilter.4.5.2.resources.dll
1>    Encountered conflict between 'Reference:C:\Users\hansnguyen\.nuget\packages\microsoft.netcore.app.ref\3.0.0\ref\netcoreapp3.0\WindowsBase.dll' and 'Reference:C:\Users\hansnguyen\.nuget\packages\microsoft.windowsdesktop.app.ref\3.0.0\ref\netcoreapp3.0\WindowsBase.dll'. Choosing 'Reference:C:\Users\hansnguyen\.nuget\packages\microsoft.windowsdesktop.app.ref\3.0.0\ref\netcoreapp3.0\WindowsBase.dll' because file version '4.800.19.46214' is greater than '4.700.19.46214'.
1>    Encountered conflict between 'Platform:System.Drawing.dll' and 'Platform:System.Drawing.dll'. Choosing 'Platform:System.Drawing.dll' because file version '4.800.19.46210' is greater than '4.700.19.46214'.
1>    Encountered conflict between 'Platform:WindowsBase.dll' and 'Platform:WindowsBase.dll'. Choosing 'Platform:WindowsBase.dll' because file version '4.800.19.46214' is greater than '4.700.19.46214'.
1>    Output Item(s): 
1>        _ReferencesWithoutConflicts=
1>            C:\Users\hansnguyen\.nuget\packages\c1.xaml.wpf\4.5.20213.749\lib\netcoreapp3.0\C1.WPF.4.5.2.dll
1>                    ExternallyResolved=true
1>                    HintPath=C:\Users\hansnguyen\.nuget\packages\c1.xaml.wpf\4.5.20213.749\lib\netcoreapp3.0\C1.WPF.4.5.2.dll
1>                    NuGetPackageId=C1.Xaml.WPF
1>                    NuGetPackageVersion=4.5.20213.749
1>                    NuGetSourceType=Package
1>                    PathInPackage=lib/netcoreapp3.0/C1.WPF.4.5.2.dll
1>                    Private=false
1>            C:\Users\hansnguyen\.nuget\packages\c1.xaml.wpf.datetimeeditors\4.5.20213.749\lib\netcoreapp3.0\C1.WPF.DateTimeEditors.4.5.2.dll
1>                    ExternallyResolved=true
1>                    HintPath=C:\Users\hansnguyen\.nuget\packages\c1.xaml.wpf.datetimeeditors\4.5.20213.749\lib\netcoreapp3.0\C1.WPF.DateTimeEditors.4.5.2.dll
1>                    NuGetPackageId=C1.Xaml.WPF.DateTimeEditors
1>                    NuGetPackageVersion=4.5.20213.749
1>                    NuGetSourceType=Package
1>                    PathInPackage=lib/netcoreapp3.0/C1.WPF.DateTimeEditors.4.5.2.dll
1>                    Private=false
1>            C:\Users\hansnguyen\.nuget\packages\c1.xaml.wpf.flexgrid\4.5.20213.749\lib\netcoreapp3.0\C1.WPF.FlexGrid.4.5.2.dll
1>                    ExternallyResolved=true
1>                    HintPath=C:\Users\hansnguyen\.nuget\packages\c1.xaml.wpf.flexgrid\4.5.20213.749\lib\netcoreapp3.0\C1.WPF.FlexGrid.4.5.2.dll
1>                    NuGetPackageId=C1.Xaml.WPF.FlexGrid
1>                    NuGetPackageVersion=4.5.20213.749
1>                    NuGetSourceType=Package
1>                    PathInPackage=lib/netcoreapp3.0/C1.WPF.FlexGrid.4.5.2.dll
1>                    Private=false
1>            C:\Users\hansnguyen\.nuget\packages\c1.xaml.wpf.flexgrid.grouppanel\4.5.20213.749\lib\netcoreapp3.0\C1.WPF.FlexGrid.GroupPanel.4.5.2.dll
1>                    ExternallyResolved=true
1>                    HintPath=C:\Users\hansnguyen\.nuget\packages\c1.xaml.wpf.flexgrid.grouppanel\4.5.20213.749\lib\netcoreapp3.0\C1.WPF.FlexGrid.GroupPanel.4.5.2.dll
1>                    NuGetPackageId=C1.Xaml.WPF.FlexGrid.GroupPanel
1>                    NuGetPackageVersion=4.5.20213.749
1>                    NuGetSourceType=Package
1>                    PathInPackage=lib/netcoreapp3.0/C1.WPF.FlexGrid.GroupPanel.4.5.2.dll
1>                    Private=false
1>            C:\Users\hansnguyen\.nuget\packages\c1.xaml.wpf.flexgridfilter\4.5.20213.749\lib\netcoreapp3.0\C1.WPF.FlexGridFilter.4.5.2.dll
1>                    ExternallyResolved=true
1>                    HintPath=C:\Users\hansnguyen\.nuget\packages\c1.xaml.wpf.flexgridfilter\4.5.20213.749\lib\netcoreapp3.0\C1.WPF.FlexGridFilter.4.5.2.dll
1>                    NuGetPackageId=C1.Xaml.WPF.FlexGridFilter
1>                    NuGetPackageVersion=4.5.20213.749
1>                    NuGetSourceType=Package
1>                    PathInPackage=lib/netcoreapp3.0/C1.WPF.FlexGridFilter.4.5.2.dll
1>                    Private=false
1>            C:\Users\hansnguyen\.nuget\packages\c1.xaml.wpf.toolbar\4.5.20213.749\lib\netcoreapp3.0\C1.WPF.Toolbar.4.5.2.dll
1>                    ExternallyResolved=true
1>                    HintPath=C:\Users\hansnguyen\.nuget\packages\c1.xaml.wpf.toolbar\4.5.20213.749\lib\netcoreapp3.0\C1.WPF.Toolbar.4.5.2.dll
1>                    NuGetPackageId=C1.Xaml.WPF.Toolbar
1>                    NuGetPackageVersion=4.5.20213.749
1>                    NuGetSourceType=Package
1>                    PathInPackage=lib/netcoreapp3.0/C1.WPF.Toolbar.4.5.2.dll
1>                    Private=false
1>            C:\Users\hansnguyen\.nuget\packages\microsoft.netcore.app.ref\3.0.0\ref\netcoreapp3.0\Microsoft.CSharp.dll
1>                    AssemblyVersion=4.0.0.0
1>                    ExternallyResolved=true
1>                    FileVersion=4.700.19.46214
1>                    FrameworkReferenceName=Microsoft.NETCore.App
1>                    FrameworkReferenceVersion=3.0.0
1>                    NuGetPackageId=Microsoft.NETCore.App.Ref
1>                    NuGetPackageVersion=3.0.0
1>                    Private=false
1>                    PublicKeyToken=b03f5f7f11d50a3a
1>            C:\Users\hansnguyen\.nuget\packages\microsoft.netcore.app.ref\3.0.0\ref\netcoreapp3.0\Microsoft.VisualBasic.Core.dll
1>                    AssemblyVersion=10.0.4.0
1>                    ExternallyResolved=true
1>                    FileVersion=4.700.19.46214
1>                    FrameworkReferenceName=Microsoft.NETCore.App
1>                    FrameworkReferenceVersion=3.0.0
1>                    NuGetPackageId=Microsoft.NETCore.App.Ref
1>                    NuGetPackageVersion=3.0.0
1>                    Private=false
1>                    PublicKeyToken=b03f5f7f11d50a3a
1>            C:\Users\hansnguyen\.nuget\packages\microsoft.netcore.app.ref\3.0.0\ref\netcoreapp3.0\Microsoft.VisualBasic.dll
1>                    AssemblyVersion=10.0.0.0
1>                    ExternallyResolved=true
1>                    FileVersion=4.700.19.46214
1>                    FrameworkReferenceName=Microsoft.NETCore.App
1>                    FrameworkReferenceVersion=3.0.0
1>                    NuGetPackageId=Microsoft.NETCore.App.Ref
1>                    NuGetPackageVersion=3.0.0
1>                    Private=false
1>                    PublicKeyToken=b03f5f7f11d50a3a
1>            C:\Users\hansnguyen\.nuget\packages\microsoft.netcore.app.ref\3.0.0\ref\netcoreapp3.0\Microsoft.Win32.Primitives.dll
1>                    AssemblyVersion=4.1.1.0
1>                    ExternallyResolved=true
1>                    FileVersion=4.700.19.46214
1>                    FrameworkReferenceName=Microsoft.NETCore.App
1>                    FrameworkReferenceVersion=3.0.0
1>                    NuGetPackageId=Microsoft.NETCore.App.Ref
1>                    NuGetPackageVersion=3.0.0
1>                    Private=false
1>                    PublicKeyToken=b03f5f7f11d50a3a
1>            C:\Users\hansnguyen\.nuget\packages\microsoft.netcore.app.ref\3.0.0\ref\netcoreapp3.0\System.AppContext.dll
1>                    AssemblyVersion=4.2.1.0
1>                    ExternallyResolved=true
1>                    FileVersion=4.700.19.46214
1>                    FrameworkReferenceName=Microsoft.NETCore.App
1>                    FrameworkReferenceVersion=3.0.0
1>                    NuGetPackageId=Microsoft.NETCore.App.Ref
1>                    NuGetPackageVersion=3.0.0
1>                    Private=false
1>                    PublicKeyToken=b03f5f7f11d50a3a
1>            C:\Users\hansnguyen\.nuget\packages\microsoft.netcore.app.ref\3.0.0\ref\netcoreapp3.0\System.Buffers.dll
1>                    AssemblyVersion=4.0.2.0
1>                    ExternallyResolved=true
1>                    FileVersion=4.700.19.46214
1>                    FrameworkReferenceName=Microsoft.NETCore.App
1>                    FrameworkReferenceVersion=3.0.0
1>                    NuGetPackageId=Microsoft.NETCore.App.Ref
1>                    NuGetPackageVersion=3.0.0
1>                    Private=false
1>                    PublicKeyToken=cc7b13ffcd2ddd51
1>            C:\Users\hansnguyen\.nuget\packages\microsoft.netcore.app.ref\3.0.0\ref\netcoreapp3.0\System.Collections.Concurrent.dll
1>                    AssemblyVersion=4.0.14.0
1>                    ExternallyResolved=true
1>                    FileVersion=4.700.19.46214
1>                    FrameworkReferenceName=Microsoft.NETCore.App
1>                    FrameworkReferenceVersion=3.0.0
1>                    NuGetPackageId=Microsoft.NETCore.App.Ref
1>                    NuGetPackageVersion=3.0.0
1>                    Private=false
1>                    PublicKeyToken=b03f5f7f11d50a3a
1>            C:\Users\hansnguyen\.nuget\packages\microsoft.netcore.app.ref\3.0.0\ref\netcoreapp3.0\System.Collections.Immutable.dll
1>                    AssemblyVersion=1.2.4.0
1>                    ExternallyResolved=true
1>                    FileVersion=4.700.19.46214
1>                    FrameworkReferenceName=Microsoft.NETCore.App
1>                    FrameworkReferenceVersion=3.0.0
1>                    NuGetPackageId=Microsoft.NETCore.App.Ref
1>                    NuGetPackageVersion=3.0.0
1>                    Private=false
1>                    PublicKeyToken=b03f5f7f11d50a3a
1>            C:\Users\hansnguyen\.nuget\packages\microsoft.netcore.app.ref\3.0.0\ref\netcoreapp3.0\System.Collections.NonGeneric.dll
1>                    AssemblyVersion=4.1.1.0
1>                    ExternallyResolved=true
1>                    FileVersion=4.700.19.46214
1>                    FrameworkReferenceName=Microsoft.NETCore.App
1>                    FrameworkReferenceVersion=3.0.0
1>                    NuGetPackageId=Microsoft.NETCore.App.Ref
1>                    NuGetPackageVersion=3.0.0
1>                    Private=false
1>                    PublicKeyToken=b03f5f7f11d50a3a
1>            C:\Users\hansnguyen\.nuget\packages\microsoft.netcore.app.ref\3.0.0\ref\netcoreapp3.0\System.Collections.Specialized.dll
1>                    AssemblyVersion=4.1.1.0
1>                    ExternallyResolved=true
1>                    FileVersion=4.700.19.46214
1>                    FrameworkReferenceName=Microsoft.NETCore.App
1>                    FrameworkReferenceVersion=3.0.0
1>                    NuGetPackageId=Microsoft.NETCore.App.Ref
1>                    NuGetPackageVersion=3.0.0
1>                    Private=false
1>                    PublicKeyToken=b03f5f7f11d50a3a
1>            C:\Users\hansnguyen\.nuget\packages\microsoft.netcore.app.ref\3.0.0\ref\netcoreapp3.0\System.Collections.dll
1>                    AssemblyVersion=4.1.1.0
1>                    ExternallyResolved=true
1>                    FileVersion=4.700.19.46214
1>                    FrameworkReferenceName=Microsoft.NETCore.App
1>                    FrameworkReferenceVersion=3.0.0
1>                    NuGetPackageId=Microsoft.NETCore.App.Ref
1>                    NuGetPackageVersion=3.0.0
1>                    Private=false
1>                    PublicKeyToken=b03f5f7f11d50a3a
1>            C:\Users\hansnguyen\.nuget\packages\microsoft.netcore.app.ref\3.0.0\ref\netcoreapp3.0\System.ComponentModel.Annotations.dll
1>                    AssemblyVersion=4.3.0.0
1>                    ExternallyResolved=true
1>                    FileVersion=4.700.19.46214
1>                    FrameworkReferenceName=Microsoft.NETCore.App
1>                    FrameworkReferenceVersion=3.0.0
1>                    NuGetPackageId=Microsoft.NETCore.App.Ref
1>                    NuGetPackageVersion=3.0.0
1>                    Private=false
1>                    PublicKeyToken=b03f5f7f11d50a3a
1>            C:\Users\hansnguyen\.nuget\packages\microsoft.netcore.app.ref\3.0.0\ref\netcoreapp3.0\System.ComponentModel.DataAnnotations.dll
1>                    AssemblyVersion=4.0.0.0
1>                    ExternallyResolved=true
1>                    FileVersion=4.700.19.46214
1>                    FrameworkReferenceName=Microsoft.NETCore.App
1>                    FrameworkReferenceVersion=3.0.0
1>                    NuGetPackageId=Microsoft.NETCore.App.Ref
1>                    NuGetPackageVersion=3.0.0
1>                    Private=false
1>                    PublicKeyToken=31bf3856ad364e35
1>            C:\Users\hansnguyen\.nuget\packages\microsoft.netcore.app.ref\3.0.0\ref\netcoreapp3.0\System.ComponentModel.EventBasedAsync.dll
1>                    AssemblyVersion=4.1.1.0
1>                    ExternallyResolved=true
1>                    FileVersion=4.700.19.46214
1>                    FrameworkReferenceName=Microsoft.NETCore.App
1>                    FrameworkReferenceVersion=3.0.0
1>                    NuGetPackageId=Microsoft.NETCore.App.Ref
1>                    NuGetPackageVersion=3.0.0
1>                    Private=false
1>                    PublicKeyToken=b03f5f7f11d50a3a
1>            C:\Users\hansnguyen\.nuget\packages\microsoft.netcore.app.ref\3.0.0\ref\netcoreapp3.0\System.ComponentModel.Primitives.dll
1>                    AssemblyVersion=4.2.1.0
1>                    ExternallyResolved=true
1>                    FileVersion=4.700.19.46214
1>                    FrameworkReferenceName=Microsoft.NETCore.App
1>                    FrameworkReferenceVersion=3.0.0
1>                    NuGetPackageId=Microsoft.NETCore.App.Ref
1>                    NuGetPackageVersion=3.0.0
1>                    Private=false
1>                    PublicKeyToken=b03f5f7f11d50a3a
1>            C:\Users\hansnguyen\.nuget\packages\microsoft.netcore.app.ref\3.0.0\ref\netcoreapp3.0\System.ComponentModel.TypeConverter.dll
1>                    AssemblyVersion=4.2.1.0
1>                    ExternallyResolved=true
1>                    FileVersion=4.700.19.46214
1>                    FrameworkReferenceName=Microsoft.NETCore.App
1>                    FrameworkReferenceVersion=3.0.0
1>                    NuGetPackageId=Microsoft.NETCore.App.Ref
1>                    NuGetPackageVersion=3.0.0
1>                    Private=false
1>                    PublicKeyToken=b03f5f7f11d50a3a
1>            C:\Users\hansnguyen\.nuget\packages\microsoft.netcore.app.ref\3.0.0\ref\netcoreapp3.0\System.ComponentModel.dll
1>                    AssemblyVersion=4.0.3.0
1>                    ExternallyResolved=true
1>                    FileVersion=4.700.19.46214
1>                    FrameworkReferenceName=Microsoft.NETCore.App
1>                    FrameworkReferenceVersion=3.0.0
1>                    NuGetPackageId=Microsoft.NETCore.App.Ref
1>                    NuGetPackageVersion=3.0.0
1>                    Private=false
1>                    PublicKeyToken=b03f5f7f11d50a3a
1>            C:\Users\hansnguyen\.nuget\packages\microsoft.netcore.app.ref\3.0.0\ref\netcoreapp3.0\System.Configuration.dll
1>                    AssemblyVersion=4.0.0.0
1>                    ExternallyResolved=true
1>                    FileVersion=4.700.19.46214
1>                    FrameworkReferenceName=Microsoft.NETCore.App
1>                    FrameworkReferenceVersion=3.0.0
1>                    NuGetPackageId=Microsoft.NETCore.App.Ref
1>                    NuGetPackageVersion=3.0.0
1>                    Private=false
1>                    PublicKeyToken=b03f5f7f11d50a3a
1>            C:\Users\hansnguyen\.nuget\packages\microsoft.netcore.app.ref\3.0.0\ref\netcoreapp3.0\System.Console.dll
1>                    AssemblyVersion=4.1.1.0
1>                    ExternallyResolved=true
1>                    FileVersion=4.700.19.46214
1>                    FrameworkReferenceName=Microsoft.NETCore.App
1>                    FrameworkReferenceVersion=3.0.0
1>                    NuGetPackageId=Microsoft.NETCore.App.Ref
1>                    NuGetPackageVersion=3.0.0
1>                    Private=false
1>                    PublicKeyToken=b03f5f7f11d50a3a
1>            C:\Users\hansnguyen\.nuget\packages\microsoft.netcore.app.ref\3.0.0\ref\netcoreapp3.0\System.Core.dll
1>                    AssemblyVersion=4.0.0.0
1>                    ExternallyResolved=true
1>                    FileVersion=4.700.19.46214
1>                    FrameworkReferenceName=Microsoft.NETCore.App
1>                    FrameworkReferenceVersion=3.0.0
1>                    NuGetPackageId=Microsoft.NETCore.App.Ref
1>                    NuGetPackageVersion=3.0.0
1>                    Private=false
1>                    PublicKeyToken=b77a5c561934e089
1>            C:\Users\hansnguyen\.nuget\packages\microsoft.netcore.app.ref\3.0.0\ref\netcoreapp3.0\System.Data.Common.dll
1>                    AssemblyVersion=4.2.1.0
1>                    ExternallyResolved=true
1>                    FileVersion=4.700.19.46214
1>                    FrameworkReferenceName=Microsoft.NETCore.App
1>                    FrameworkReferenceVersion=3.0.0
1>                    NuGetPackageId=Microsoft.NETCore.App.Ref
1>                    NuGetPackageVersion=3.0.0
1>                    Private=false
1>                    PublicKeyToken=b03f5f7f11d50a3a
1>            C:\Users\hansnguyen\.nuget\packages\microsoft.netcore.app.ref\3.0.0\ref\netcoreapp3.0\System.Data.DataSetExtensions.dll
1>                    AssemblyVersion=4.0.0.0
1>                    ExternallyResolved=true
1>                    FileVersion=4.700.19.46214
1>                    FrameworkReferenceName=Microsoft.NETCore.App
1>                    FrameworkReferenceVersion=3.0.0
1>                    NuGetPackageId=Microsoft.NETCore.App.Ref
1>                    NuGetPackageVersion=3.0.0
1>                    Private=false
1>                    PublicKeyToken=b77a5c561934e089
1>            C:\Users\hansnguyen\.nuget\packages\microsoft.netcore.app.ref\3.0.0\ref\netcoreapp3.0\System.Data.dll
1>                    AssemblyVersion=4.0.0.0
1>                    ExternallyResolved=true
1>                    FileVersion=4.700.19.46214
1>                    FrameworkReferenceName=Microsoft.NETCore.App
1>                    FrameworkReferenceVersion=3.0.0
1>                    NuGetPackageId=Microsoft.NETCore.App.Ref
1>                    NuGetPackageVersion=3.0.0
1>                    Private=false
1>                    PublicKeyToken=b77a5c561934e089
1>            C:\Users\hansnguyen\.nuget\packages\microsoft.netcore.app.ref\3.0.0\ref\netcoreapp3.0\System.Diagnostics.Contracts.dll
1>                    AssemblyVersion=4.0.3.0
1>                    ExternallyResolved=true
1>                    FileVersion=4.700.19.46214
1>                    FrameworkReferenceName=Microsoft.NETCore.App
1>                    FrameworkReferenceVersion=3.0.0
1>                    NuGetPackageId=Microsoft.NETCore.App.Ref
1>                    NuGetPackageVersion=3.0.0
1>                    Private=false
1>                    PublicKeyToken=b03f5f7f11d50a3a
1>            C:\Users\hansnguyen\.nuget\packages\microsoft.netcore.app.ref\3.0.0\ref\netcoreapp3.0\System.Diagnostics.Debug.dll
1>                    AssemblyVersion=4.1.1.0
1>                    ExternallyResolved=true
1>                    FileVersion=4.700.19.46214
1>                    FrameworkReferenceName=Microsoft.NETCore.App
1>                    FrameworkReferenceVersion=3.0.0
1>                    NuGetPackageId=Microsoft.NETCore.App.Ref
1>                    NuGetPackageVersion=3.0.0
1>                    Private=false
1>                    PublicKeyToken=b03f5f7f11d50a3a
1>            C:\Users\hansnguyen\.nuget\packages\microsoft.netcore.app.ref\3.0.0\ref\netcoreapp3.0\System.Diagnostics.DiagnosticSource.dll
1>                    AssemblyVersion=4.0.4.0
1>                    ExternallyResolved=true
1>                    FileVersion=4.700.19.46214
1>                    FrameworkReferenceName=Microsoft.NETCore.App
1>                    FrameworkReferenceVersion=3.0.0
1>                    NuGetPackageId=Microsoft.NETCore.App.Ref
1>                    NuGetPackageVersion=3.0.0
1>                    Private=false
1>                    PublicKeyToken=cc7b13ffcd2ddd51
1>            C:\Users\hansnguyen\.nuget\packages\microsoft.netcore.app.ref\3.0.0\ref\netcoreapp3.0\System.Diagnostics.FileVersionInfo.dll
1>                    AssemblyVersion=4.0.3.0
1>                    ExternallyResolved=true
1>                    FileVersion=4.700.19.46214
1>                    FrameworkReferenceName=Microsoft.NETCore.App
1>                    FrameworkReferenceVersion=3.0.0
1>                    NuGetPackageId=Microsoft.NETCore.App.Ref
1>                    NuGetPackageVersion=3.0.0
1>                    Private=false
1>                    PublicKeyToken=b03f5f7f11d50a3a
1>            C:\Users\hansnguyen\.nuget\packages\microsoft.netcore.app.ref\3.0.0\ref\netcoreapp3.0\System.Diagnostics.Process.dll
1>                    AssemblyVersion=4.2.1.0
1>                    ExternallyResolved=true
1>                    FileVersion=4.700.19.46214
1>                    FrameworkReferenceName=Microsoft.NETCore.App
1>                    FrameworkReferenceVersion=3.0.0
1>                    NuGetPackageId=Microsoft.NETCore.App.Ref
1>                    NuGetPackageVersion=3.0.0
1>                    Private=false
1>                    PublicKeyToken=b03f5f7f11d50a3a
1>            C:\Users\hansnguyen\.nuget\packages\microsoft.netcore.app.ref\3.0.0\ref\netcoreapp3.0\System.Diagnostics.StackTrace.dll
1>                    AssemblyVersion=4.1.1.0
1>                    ExternallyResolved=true
1>                    FileVersion=4.700.19.46214
1>                    FrameworkReferenceName=Microsoft.NETCore.App
1>                    FrameworkReferenceVersion=3.0.0
1>                    NuGetPackageId=Microsoft.NETCore.App.Ref
1>                    NuGetPackageVersion=3.0.0
1>                    Private=false
1>                    PublicKeyToken=b03f5f7f11d50a3a
1>            C:\Users\hansnguyen\.nuget\packages\microsoft.netcore.app.ref\3.0.0\ref\netcoreapp3.0\System.Diagnostics.TextWriterTraceListener.dll
1>                    AssemblyVersion=4.1.1.0
1>                    ExternallyResolved=true
1>                    FileVersion=4.700.19.46214
1>                    FrameworkReferenceName=Microsoft.NETCore.App
1>                    FrameworkReferenceVersion=3.0.0
1>                    NuGetPackageId=Microsoft.NETCore.App.Ref
1>                    NuGetPackageVersion=3.0.0
1>                    Private=false
1>                    PublicKeyToken=b03f5f7f11d50a3a
1>            C:\Users\hansnguyen\.nuget\packages\microsoft.netcore.app.ref\3.0.0\ref\netcoreapp3.0\System.Diagnostics.Tools.dll
1>                    AssemblyVersion=4.1.1.0
1>                    ExternallyResolved=true
1>                    FileVersion=4.700.19.46214
1>                    FrameworkReferenceName=Microsoft.NETCore.App
1>                    FrameworkReferenceVersion=3.0.0
1>                    NuGetPackageId=Microsoft.NETCore.App.Ref
1>                    NuGetPackageVersion=3.0.0
1>                    Private=false
1>                    PublicKeyToken=b03f5f7f11d50a3a
1>            C:\Users\hansnguyen\.nuget\packages\microsoft.netcore.app.ref\3.0.0\ref\netcoreapp3.0\System.Diagnostics.TraceSource.dll
1>                    AssemblyVersion=4.1.1.0
1>                    ExternallyResolved=true
1>                    FileVersion=4.700.19.46214
1>                    FrameworkReferenceName=Microsoft.NETCore.App
1>                    FrameworkReferenceVersion=3.0.0
1>                    NuGetPackageId=Microsoft.NETCore.App.Ref
1>                    NuGetPackageVersion=3.0.0
1>                    Private=false
1>                    PublicKeyToken=b03f5f7f11d50a3a
1>            C:\Users\hansnguyen\.nuget\packages\microsoft.netcore.app.ref\3.0.0\ref\netcoreapp3.0\System.Diagnostics.Tracing.dll
1>                    AssemblyVersion=4.2.1.0
1>                    ExternallyResolved=true
1>                    FileVersion=4.700.19.46214
1>                    FrameworkReferenceName=Microsoft.NETCore.App
1>                    FrameworkReferenceVersion=3.0.0
1>                    NuGetPackageId=Microsoft.NETCore.App.Ref
1>                    NuGetPackageVersion=3.0.0
1>                    Private=false
1>                    PublicKeyToken=b03f5f7f11d50a3a
1>            C:\Users\hansnguyen\.nuget\packages\microsoft.netcore.app.ref\3.0.0\ref\netcoreapp3.0\System.Drawing.Primitives.dll
1>                    AssemblyVersion=4.2.0.0
1>                    ExternallyResolved=true
1>                    FileVersion=4.700.19.46214
1>                    FrameworkReferenceName=Microsoft.NETCore.App
1>                    FrameworkReferenceVersion=3.0.0
1>                    NuGetPackageId=Microsoft.NETCore.App.Ref
1>                    NuGetPackageVersion=3.0.0
1>                    Private=false
1>                    PublicKeyToken=b03f5f7f11d50a3a
1>            C:\Users\hansnguyen\.nuget\packages\microsoft.netcore.app.ref\3.0.0\ref\netcoreapp3.0\System.Drawing.dll
1>                    AssemblyVersion=4.0.0.0
1>                    ExternallyResolved=true
1>                    FileVersion=4.700.19.46214
1>                    FrameworkReferenceName=Microsoft.NETCore.App
1>                    FrameworkReferenceVersion=3.0.0
1>                    NuGetPackageId=Microsoft.NETCore.App.Ref
1>                    NuGetPackageVersion=3.0.0
1>                    Private=false
1>                    PublicKeyToken=b03f5f7f11d50a3a
1>            C:\Users\hansnguyen\.nuget\packages\microsoft.netcore.app.ref\3.0.0\ref\netcoreapp3.0\System.Dynamic.Runtime.dll
1>                    AssemblyVersion=4.1.1.0
1>                    ExternallyResolved=true
1>                    FileVersion=4.700.19.46214
1>                    FrameworkReferenceName=Microsoft.NETCore.App
1>                    FrameworkReferenceVersion=3.0.0
1>                    NuGetPackageId=Microsoft.NETCore.App.Ref
1>                    NuGetPackageVersion=3.0.0
1>                    Private=false
1>                    PublicKeyToken=b03f5f7f11d50a3a
1>            C:\Users\hansnguyen\.nuget\packages\microsoft.netcore.app.ref\3.0.0\ref\netcoreapp3.0\System.Globalization.Calendars.dll
1>                    AssemblyVersion=4.1.1.0
1>                    ExternallyResolved=true
1>                    FileVersion=4.700.19.46214
1>                    FrameworkReferenceName=Microsoft.NETCore.App
1>                    FrameworkReferenceVersion=3.0.0
1>                    NuGetPackageId=Microsoft.NETCore.App.Ref
1>                    NuGetPackageVersion=3.0.0
1>                    Private=false
1>                    PublicKeyToken=b03f5f7f11d50a3a
1>            C:\Users\hansnguyen\.nuget\packages\microsoft.netcore.app.ref\3.0.0\ref\netcoreapp3.0\System.Globalization.Extensions.dll
1>                    AssemblyVersion=4.1.1.0
1>                    ExternallyResolved=true
1>                    FileVersion=4.700.19.46214
1>                    FrameworkReferenceName=Microsoft.NETCore.App
1>                    FrameworkReferenceVersion=3.0.0
1>                    NuGetPackageId=Microsoft.NETCore.App.Ref
1>                    NuGetPackageVersion=3.0.0
1>                    Private=false
1>                    PublicKeyToken=b03f5f7f11d50a3a
1>            C:\Users\hansnguyen\.nuget\packages\microsoft.netcore.app.ref\3.0.0\ref\netcoreapp3.0\System.Globalization.dll
1>                    AssemblyVersion=4.1.1.0
1>                    ExternallyResolved=true
1>                    FileVersion=4.700.19.46214
1>                    FrameworkReferenceName=Microsoft.NETCore.App
1>                    FrameworkReferenceVersion=3.0.0
1>                    NuGetPackageId=Microsoft.NETCore.App.Ref
1>                    NuGetPackageVersion=3.0.0
1>                    Private=false
1>                    PublicKeyToken=b03f5f7f11d50a3a
1>            C:\Users\hansnguyen\.nuget\packages\microsoft.netcore.app.ref\3.0.0\ref\netcoreapp3.0\System.IO.Compression.Brotli.dll
1>                    AssemblyVersion=4.2.1.0
1>                    ExternallyResolved=true
1>                    FileVersion=4.700.19.46214
1>                    FrameworkReferenceName=Microsoft.NETCore.App
1>                    FrameworkReferenceVersion=3.0.0
1>                    NuGetPackageId=Microsoft.NETCore.App.Ref
1>                    NuGetPackageVersion=3.0.0
1>                    Private=false
1>                    PublicKeyToken=b77a5c561934e089
1>            C:\Users\hansnguyen\.nuget\packages\microsoft.netcore.app.ref\3.0.0\ref\netcoreapp3.0\System.IO.Compression.FileSystem.dll
1>                    AssemblyVersion=4.0.0.0
1>                    ExternallyResolved=true
1>                    FileVersion=4.700.19.46214
1>                    FrameworkReferenceName=Microsoft.NETCore.App
1>                    FrameworkReferenceVersion=3.0.0
1>                    NuGetPackageId=Microsoft.NETCore.App.Ref
1>                    NuGetPackageVersion=3.0.0
1>                    Private=false
1>                    PublicKeyToken=b77a5c561934e089
1>            C:\Users\hansnguyen\.nuget\packages\microsoft.netcore.app.ref\3.0.0\ref\netcoreapp3.0\System.IO.Compression.ZipFile.dll
1>                    AssemblyVersion=4.0.4.0
1>                    ExternallyResolved=true
1>                    FileVersion=4.700.19.46214
1>                    FrameworkReferenceName=Microsoft.NETCore.App
1>                    FrameworkReferenceVersion=3.0.0
1>                    NuGetPackageId=Microsoft.NETCore.App.Ref
1>                    NuGetPackageVersion=3.0.0
1>                    Private=false
1>                    PublicKeyToken=b77a5c561934e089
1>            C:\Users\hansnguyen\.nuget\packages\microsoft.netcore.app.ref\3.0.0\ref\netcoreapp3.0\System.IO.Compression.dll
1>                    AssemblyVersion=4.2.1.0
1>                    ExternallyResolved=true
1>                    FileVersion=4.700.19.46214
1>                    FrameworkReferenceName=Microsoft.NETCore.App
1>                    FrameworkReferenceVersion=3.0.0
1>                    NuGetPackageId=Microsoft.NETCore.App.Ref
1>                    NuGetPackageVersion=3.0.0
1>                    Private=false
1>                    PublicKeyToken=b77a5c561934e089
1>            C:\Users\hansnguyen\.nuget\packages\microsoft.netcore.app.ref\3.0.0\ref\netcoreapp3.0\System.IO.FileSystem.DriveInfo.dll
1>                    AssemblyVersion=4.1.1.0
1>                    ExternallyResolved=true
1>                    FileVersion=4.700.19.46214
1>                    FrameworkReferenceName=Microsoft.NETCore.App
1>                    FrameworkReferenceVersion=3.0.0
1>                    NuGetPackageId=Microsoft.NETCore.App.Ref
1>                    NuGetPackageVersion=3.0.0
1>                    Private=false
1>                    PublicKeyToken=b03f5f7f11d50a3a
1>            C:\Users\hansnguyen\.nuget\packages\microsoft.netcore.app.ref\3.0.0\ref\netcoreapp3.0\System.IO.FileSystem.Primitives.dll
1>                    AssemblyVersion=4.1.1.0
1>                    ExternallyResolved=true
1>                    FileVersion=4.700.19.46214
1>                    FrameworkReferenceName=Microsoft.NETCore.App
1>                    FrameworkReferenceVersion=3.0.0
1>                    NuGetPackageId=Microsoft.NETCore.App.Ref
1>                    NuGetPackageVersion=3.0.0
1>                    Private=false
1>                    PublicKeyToken=b03f5f7f11d50a3a
1>            C:\Users\hansnguyen\.nuget\packages\microsoft.netcore.app.ref\3.0.0\ref\netcoreapp3.0\System.IO.FileSystem.Watcher.dll
1>                    AssemblyVersion=4.1.1.0
1>                    ExternallyResolved=true
1>                    FileVersion=4.700.19.46214
1>                    FrameworkReferenceName=Microsoft.NETCore.App
1>                    FrameworkReferenceVersion=3.0.0
1>                    NuGetPackageId=Microsoft.NETCore.App.Ref
1>                    NuGetPackageVersion=3.0.0
1>                    Private=false
1>                    PublicKeyToken=b03f5f7f11d50a3a
1>            C:\Users\hansnguyen\.nuget\packages\microsoft.netcore.app.ref\3.0.0\ref\netcoreapp3.0\System.IO.FileSystem.dll
1>                    AssemblyVersion=4.1.1.0
1>                    ExternallyResolved=true
1>                    FileVersion=4.700.19.46214
1>                    FrameworkReferenceName=Microsoft.NETCore.App
1>                    FrameworkReferenceVersion=3.0.0
1>                    NuGetPackageId=Microsoft.NETCore.App.Ref
1>                    NuGetPackageVersion=3.0.0
1>                    Private=false
1>                    PublicKeyToken=b03f5f7f11d50a3a
1>            C:\Users\hansnguyen\.nuget\packages\microsoft.netcore.app.ref\3.0.0\ref\netcoreapp3.0\System.IO.IsolatedStorage.dll
1>                    AssemblyVersion=4.1.1.0
1>                    ExternallyResolved=true
1>                    FileVersion=4.700.19.46214
1>                    FrameworkReferenceName=Microsoft.NETCore.App
1>                    FrameworkReferenceVersion=3.0.0
1>                    NuGetPackageId=Microsoft.NETCore.App.Ref
1>                    NuGetPackageVersion=3.0.0
1>                    Private=false
1>                    PublicKeyToken=b03f5f7f11d50a3a
1>            C:\Users\hansnguyen\.nuget\packages\microsoft.netcore.app.ref\3.0.0\ref\netcoreapp3.0\System.IO.MemoryMappedFiles.dll
1>                    AssemblyVersion=4.1.1.0
1>                    ExternallyResolved=true
1>                    FileVersion=4.700.19.46214
1>                    FrameworkReferenceName=Microsoft.NETCore.App
1>                    FrameworkReferenceVersion=3.0.0
1>                    NuGetPackageId=Microsoft.NETCore.App.Ref
1>                    NuGetPackageVersion=3.0.0
1>                    Private=false
1>                    PublicKeyToken=b03f5f7f11d50a3a
1>            C:\Users\hansnguyen\.nuget\packages\microsoft.netcore.app.ref\3.0.0\ref\netcoreapp3.0\System.IO.Pipes.dll
1>                    AssemblyVersion=4.1.1.0
1>                    ExternallyResolved=true
1>                    FileVersion=4.700.19.46214
1>                    FrameworkReferenceName=Microsoft.NETCore.App
1>                    FrameworkReferenceVersion=3.0.0
1>                    NuGetPackageId=Microsoft.NETCore.App.Ref
1>                    NuGetPackageVersion=3.0.0
1>                    Private=false
1>                    PublicKeyToken=b03f5f7f11d50a3a
1>            C:\Users\hansnguyen\.nuget\packages\microsoft.netcore.app.ref\3.0.0\ref\netcoreapp3.0\System.IO.UnmanagedMemoryStream.dll
1>                    AssemblyVersion=4.1.1.0
1>                    ExternallyResolved=true
1>                    FileVersion=4.700.19.46214
1>                    FrameworkReferenceName=Microsoft.NETCore.App
1>                    FrameworkReferenceVersion=3.0.0
1>                    NuGetPackageId=Microsoft.NETCore.App.Ref
1>                    NuGetPackageVersion=3.0.0
1>                    Private=false
1>                    PublicKeyToken=b03f5f7f11d50a3a
1>            C:\Users\hansnguyen\.nuget\packages\microsoft.netcore.app.ref\3.0.0\ref\netcoreapp3.0\System.IO.dll
1>                    AssemblyVersion=4.2.1.0
1>                    ExternallyResolved=true
1>                    FileVersion=4.700.19.46214
1>                    FrameworkReferenceName=Microsoft.NETCore.App
1>                    FrameworkReferenceVersion=3.0.0
1>                    NuGetPackageId=Microsoft.NETCore.App.Ref
1>                    NuGetPackageVersion=3.0.0
1>                    Private=false
1>                    PublicKeyToken=b03f5f7f11d50a3a
1>            C:\Users\hansnguyen\.nuget\packages\microsoft.netcore.app.ref\3.0.0\ref\netcoreapp3.0\System.Linq.Expressions.dll
1>                    AssemblyVersion=4.2.1.0
1>                    ExternallyResolved=true
1>                    FileVersion=4.700.19.46214
1>                    FrameworkReferenceName=Microsoft.NETCore.App
1>                    FrameworkReferenceVersion=3.0.0
1>                    NuGetPackageId=Microsoft.NETCore.App.Ref
1>                    NuGetPackageVersion=3.0.0
1>                    Private=false
1>                    PublicKeyToken=b03f5f7f11d50a3a
1>            C:\Users\hansnguyen\.nuget\packages\microsoft.netcore.app.ref\3.0.0\ref\netcoreapp3.0\System.Linq.Parallel.dll
1>                    AssemblyVersion=4.0.3.0
1>                    ExternallyResolved=true
1>                    FileVersion=4.700.19.46214
1>                    FrameworkReferenceName=Microsoft.NETCore.App
1>                    FrameworkReferenceVersion=3.0.0
1>                    NuGetPackageId=Microsoft.NETCore.App.Ref
1>                    NuGetPackageVersion=3.0.0
1>                    Private=false
1>                    PublicKeyToken=b03f5f7f11d50a3a
1>            C:\Users\hansnguyen\.nuget\packages\microsoft.netcore.app.ref\3.0.0\ref\netcoreapp3.0\System.Linq.Queryable.dll
1>                    AssemblyVersion=4.0.3.0
1>                    ExternallyResolved=true
1>                    FileVersion=4.700.19.46214
1>                    FrameworkReferenceName=Microsoft.NETCore.App
1>                    FrameworkReferenceVersion=3.0.0
1>                    NuGetPackageId=Microsoft.NETCore.App.Ref
1>                    NuGetPackageVersion=3.0.0
1>                    Private=false
1>                    PublicKeyToken=b03f5f7f11d50a3a
1>            C:\Users\hansnguyen\.nuget\packages\microsoft.netcore.app.ref\3.0.0\ref\netcoreapp3.0\System.Linq.dll
1>                    AssemblyVersion=4.2.1.0
1>                    ExternallyResolved=true
1>                    FileVersion=4.700.19.46214
1>                    FrameworkReferenceName=Microsoft.NETCore.App
1>                    FrameworkReferenceVersion=3.0.0
1>                    NuGetPackageId=Microsoft.NETCore.App.Ref
1>                    NuGetPackageVersion=3.0.0
1>                    Private=false
1>                    PublicKeyToken=b03f5f7f11d50a3a
1>            C:\Users\hansnguyen\.nuget\packages\microsoft.netcore.app.ref\3.0.0\ref\netcoreapp3.0\System.Memory.dll
1>                    AssemblyVersion=4.2.0.0
1>                    ExternallyResolved=true
1>                    FileVersion=4.700.19.46214
1>                    FrameworkReferenceName=Microsoft.NETCore.App
1>                    FrameworkReferenceVersion=3.0.0
1>                    NuGetPackageId=Microsoft.NETCore.App.Ref
1>                    NuGetPackageVersion=3.0.0
1>                    Private=false
1>                    PublicKeyToken=cc7b13ffcd2ddd51
1>            C:\Users\hansnguyen\.nuget\packages\microsoft.netcore.app.ref\3.0.0\ref\netcoreapp3.0\System.Net.Http.dll
1>                    AssemblyVersion=4.2.1.0
1>                    ExternallyResolved=true
1>                    FileVersion=4.700.19.46214
1>                    FrameworkReferenceName=Microsoft.NETCore.App
1>                    FrameworkReferenceVersion=3.0.0
1>                    NuGetPackageId=Microsoft.NETCore.App.Ref
1>                    NuGetPackageVersion=3.0.0
1>                    Private=false
1>                    PublicKeyToken=b03f5f7f11d50a3a
1>            C:\Users\hansnguyen\.nuget\packages\microsoft.netcore.app.ref\3.0.0\ref\netcoreapp3.0\System.Net.HttpListener.dll
1>                    AssemblyVersion=4.0.1.0
1>                    ExternallyResolved=true
1>                    FileVersion=4.700.19.46214
1>                    FrameworkReferenceName=Microsoft.NETCore.App
1>                    FrameworkReferenceVersion=3.0.0
1>                    NuGetPackageId=Microsoft.NETCore.App.Ref
1>                    NuGetPackageVersion=3.0.0
1>                    Private=false
1>                    PublicKeyToken=cc7b13ffcd2ddd51
1>            C:\Users\hansnguyen\.nuget\packages\microsoft.netcore.app.ref\3.0.0\ref\netcoreapp3.0\System.Net.Mail.dll
1>                    AssemblyVersion=4.0.1.0
1>                    ExternallyResolved=true
1>                    FileVersion=4.700.19.46214
1>                    FrameworkReferenceName=Microsoft.NETCore.App
1>                    FrameworkReferenceVersion=3.0.0
1>                    NuGetPackageId=Microsoft.NETCore.App.Ref
1>                    NuGetPackageVersion=3.0.0
1>                    Private=false
1>                    PublicKeyToken=cc7b13ffcd2ddd51
1>            C:\Users\hansnguyen\.nuget\packages\microsoft.netcore.app.ref\3.0.0\ref\netcoreapp3.0\System.Net.NameResolution.dll
1>                    AssemblyVersion=4.1.1.0
1>                    ExternallyResolved=true
1>                    FileVersion=4.700.19.46214
1>                    FrameworkReferenceName=Microsoft.NETCore.App
1>                    FrameworkReferenceVersion=3.0.0
1>                    NuGetPackageId=Microsoft.NETCore.App.Ref
1>                    NuGetPackageVersion=3.0.0
1>                    Private=false
1>                    PublicKeyToken=b03f5f7f11d50a3a
1>            C:\Users\hansnguyen\.nuget\packages\microsoft.netcore.app.ref\3.0.0\ref\netcoreapp3.0\System.Net.NetworkInformation.dll
1>                    AssemblyVersion=4.2.1.0
1>                    ExternallyResolved=true
1>                    FileVersion=4.700.19.46214
1>                    FrameworkReferenceName=Microsoft.NETCore.App
1>                    FrameworkReferenceVersion=3.0.0
1>                    NuGetPackageId=Microsoft.NETCore.App.Ref
1>                    NuGetPackageVersion=3.0.0
1>                    Private=false
1>                    PublicKeyToken=b03f5f7f11d50a3a
1>            C:\Users\hansnguyen\.nuget\packages\microsoft.netcore.app.ref\3.0.0\ref\netcoreapp3.0\System.Net.Ping.dll
1>                    AssemblyVersion=4.1.1.0
1>                    ExternallyResolved=true
1>                    FileVersion=4.700.19.46214
1>                    FrameworkReferenceName=Microsoft.NETCore.App
1>                    FrameworkReferenceVersion=3.0.0
1>                    NuGetPackageId=Microsoft.NETCore.App.Ref
1>                    NuGetPackageVersion=3.0.0
1>                    Private=false
1>                    PublicKeyToken=b03f5f7f11d50a3a
1>            C:\Users\hansnguyen\.nuget\packages\microsoft.netcore.app.ref\3.0.0\ref\netcoreapp3.0\System.Net.Primitives.dll
1>                    AssemblyVersion=4.1.1.0
1>                    ExternallyResolved=true
1>                    FileVersion=4.700.19.46214
1>                    FrameworkReferenceName=Microsoft.NETCore.App
1>                    FrameworkReferenceVersion=3.0.0
1>                    NuGetPackageId=Microsoft.NETCore.App.Ref
1>                    NuGetPackageVersion=3.0.0
1>                    Private=false
1>                    PublicKeyToken=b03f5f7f11d50a3a
1>            C:\Users\hansnguyen\.nuget\packages\microsoft.netcore.app.ref\3.0.0\ref\netcoreapp3.0\System.Net.Requests.dll
1>                    AssemblyVersion=4.1.1.0
1>                    ExternallyResolved=true
1>                    FileVersion=4.700.19.46214
1>                    FrameworkReferenceName=Microsoft.NETCore.App
1>                    FrameworkReferenceVersion=3.0.0
1>                    NuGetPackageId=Microsoft.NETCore.App.Ref
1>                    NuGetPackageVersion=3.0.0
1>                    Private=false
1>                    PublicKeyToken=b03f5f7f11d50a3a
1>            C:\Users\hansnguyen\.nuget\packages\microsoft.netcore.app.ref\3.0.0\ref\netcoreapp3.0\System.Net.Security.dll
1>                    AssemblyVersion=4.1.1.0
1>                    ExternallyResolved=true
1>                    FileVersion=4.700.19.46214
1>                    FrameworkReferenceName=Microsoft.NETCore.App
1>                    FrameworkReferenceVersion=3.0.0
1>                    NuGetPackageId=Microsoft.NETCore.App.Ref
1>                    NuGetPackageVersion=3.0.0
1>                    Private=false
1>                    PublicKeyToken=b03f5f7f11d50a3a
1>            C:\Users\hansnguyen\.nuget\packages\microsoft.netcore.app.ref\3.0.0\ref\netcoreapp3.0\System.Net.ServicePoint.dll
1>                    AssemblyVersion=4.0.1.0
1>                    ExternallyResolved=true
1>                    FileVersion=4.700.19.46214
1>                    FrameworkReferenceName=Microsoft.NETCore.App
1>                    FrameworkReferenceVersion=3.0.0
1>                    NuGetPackageId=Microsoft.NETCore.App.Ref
1>                    NuGetPackageVersion=3.0.0
1>                    Private=false
1>                    PublicKeyToken=cc7b13ffcd2ddd51
1>            C:\Users\hansnguyen\.nuget\packages\microsoft.netcore.app.ref\3.0.0\ref\netcoreapp3.0\System.Net.Sockets.dll
1>                    AssemblyVersion=4.2.1.0
1>                    ExternallyResolved=true
1>                    FileVersion=4.700.19.46214
1>                    FrameworkReferenceName=Microsoft.NETCore.App
1>                    FrameworkReferenceVersion=3.0.0
1>                    NuGetPackageId=Microsoft.NETCore.App.Ref
1>                    NuGetPackageVersion=3.0.0
1>                    Private=false
1>                    PublicKeyToken=b03f5f7f11d50a3a
1>            C:\Users\hansnguyen\.nuget\packages\microsoft.netcore.app.ref\3.0.0\ref\netcoreapp3.0\System.Net.WebClient.dll
1>                    AssemblyVersion=4.0.1.0
1>                    ExternallyResolved=true
1>                    FileVersion=4.700.19.46214
1>                    FrameworkReferenceName=Microsoft.NETCore.App
1>                    FrameworkReferenceVersion=3.0.0
1>                    NuGetPackageId=Microsoft.NETCore.App.Ref
1>                    NuGetPackageVersion=3.0.0
1>                    Private=false
1>                    PublicKeyToken=cc7b13ffcd2ddd51
1>            C:\Users\hansnguyen\.nuget\packages\microsoft.netcore.app.ref\3.0.0\ref\netcoreapp3.0\System.Net.WebHeaderCollection.dll
1>                    AssemblyVersion=4.1.1.0
1>                    ExternallyResolved=true
1>                    FileVersion=4.700.19.46214
1>                    FrameworkReferenceName=Microsoft.NETCore.App
1>                    FrameworkReferenceVersion=3.0.0
1>                    NuGetPackageId=Microsoft.NETCore.App.Ref
1>                    NuGetPackageVersion=3.0.0
1>                    Private=false
1>                    PublicKeyToken=b03f5f7f11d50a3a
1>            C:\Users\hansnguyen\.nuget\packages\microsoft.netcore.app.ref\3.0.0\ref\netcoreapp3.0\System.Net.WebProxy.dll
1>                    AssemblyVersion=4.0.1.0
1>                    ExternallyResolved=true
1>                    FileVersion=4.700.19.46214
1>                    FrameworkReferenceName=Microsoft.NETCore.App
1>                    FrameworkReferenceVersion=3.0.0
1>                    NuGetPackageId=Microsoft.NETCore.App.Ref
1>                    NuGetPackageVersion=3.0.0
1>                    Private=false
1>                    PublicKeyToken=cc7b13ffcd2ddd51
1>            C:\Users\hansnguyen\.nuget\packages\microsoft.netcore.app.ref\3.0.0\ref\netcoreapp3.0\System.Net.WebSockets.Client.dll
1>                    AssemblyVersion=4.1.1.0
1>                    ExternallyResolved=true
1>                    FileVersion=4.700.19.46214
1>                    FrameworkReferenceName=Microsoft.NETCore.App
1>                    FrameworkReferenceVersion=3.0.0
1>                    NuGetPackageId=Microsoft.NETCore.App.Ref
1>                    NuGetPackageVersion=3.0.0
1>                    Private=false
1>                    PublicKeyToken=b03f5f7f11d50a3a
1>            C:\Users\hansnguyen\.nuget\packages\microsoft.netcore.app.ref\3.0.0\ref\netcoreapp3.0\System.Net.WebSockets.dll
1>                    AssemblyVersion=4.1.1.0
1>                    ExternallyResolved=true
1>                    FileVersion=4.700.19.46214
1>                    FrameworkReferenceName=Microsoft.NETCore.App
1>                    FrameworkReferenceVersion=3.0.0
1>                    NuGetPackageId=Microsoft.NETCore.App.Ref
1>                    NuGetPackageVersion=3.0.0
1>                    Private=false
1>                    PublicKeyToken=b03f5f7f11d50a3a
1>            C:\Users\hansnguyen\.nuget\packages\microsoft.netcore.app.ref\3.0.0\ref\netcoreapp3.0\System.Net.dll
1>                    AssemblyVersion=4.0.0.0
1>                    ExternallyResolved=true
1>                    FileVersion=4.700.19.46214
1>                    FrameworkReferenceName=Microsoft.NETCore.App
1>                    FrameworkReferenceVersion=3.0.0
1>                    NuGetPackageId=Microsoft.NETCore.App.Ref
1>                    NuGetPackageVersion=3.0.0
1>                    Private=false
1>                    PublicKeyToken=b03f5f7f11d50a3a
1>            C:\Users\hansnguyen\.nuget\packages\microsoft.netcore.app.ref\3.0.0\ref\netcoreapp3.0\System.Numerics.Vectors.dll
1>                    AssemblyVersion=4.1.5.0
1>                    ExternallyResolved=true
1>                    FileVersion=4.700.19.46214
1>                    FrameworkReferenceName=Microsoft.NETCore.App
1>                    FrameworkReferenceVersion=3.0.0
1>                    NuGetPackageId=Microsoft.NETCore.App.Ref
1>                    NuGetPackageVersion=3.0.0
1>                    Private=false
1>                    PublicKeyToken=b03f5f7f11d50a3a
1>            C:\Users\hansnguyen\.nuget\packages\microsoft.netcore.app.ref\3.0.0\ref\netcoreapp3.0\System.Numerics.dll
1>                    AssemblyVersion=4.0.0.0
1>                    ExternallyResolved=true
1>                    FileVersion=4.700.19.46214
1>                    FrameworkReferenceName=Microsoft.NETCore.App
1>                    FrameworkReferenceVersion=3.0.0
1>                    NuGetPackageId=Microsoft.NETCore.App.Ref
1>                    NuGetPackageVersion=3.0.0
1>                    Private=false
1>                    PublicKeyToken=b77a5c561934e089
1>            C:\Users\hansnguyen\.nuget\packages\microsoft.netcore.app.ref\3.0.0\ref\netcoreapp3.0\System.ObjectModel.dll
1>                    AssemblyVersion=4.1.1.0
1>                    ExternallyResolved=true
1>                    FileVersion=4.700.19.46214
1>                    FrameworkReferenceName=Microsoft.NETCore.App
1>                    FrameworkReferenceVersion=3.0.0
1>                    NuGetPackageId=Microsoft.NETCore.App.Ref
1>                    NuGetPackageVersion=3.0.0
1>                    Private=false
1>                    PublicKeyToken=b03f5f7f11d50a3a
1>            C:\Users\hansnguyen\.nuget\packages\microsoft.netcore.app.ref\3.0.0\ref\netcoreapp3.0\System.Reflection.DispatchProxy.dll
1>                    AssemblyVersion=4.0.5.0
1>                    ExternallyResolved=true
1>                    FileVersion=4.700.19.46214
1>                    FrameworkReferenceName=Microsoft.NETCore.App
1>                    FrameworkReferenceVersion=3.0.0
1>                    NuGetPackageId=Microsoft.NETCore.App.Ref
1>                    NuGetPackageVersion=3.0.0
1>                    Private=false
1>                    PublicKeyToken=b03f5f7f11d50a3a
1>            C:\Users\hansnguyen\.nuget\packages\microsoft.netcore.app.ref\3.0.0\ref\netcoreapp3.0\System.Reflection.Emit.ILGeneration.dll
1>                    AssemblyVersion=4.1.0.0
1>                    ExternallyResolved=true
1>                    FileVersion=4.700.19.46214
1>                    FrameworkReferenceName=Microsoft.NETCore.App
1>                    FrameworkReferenceVersion=3.0.0
1>                    NuGetPackageId=Microsoft.NETCore.App.Ref
1>                    NuGetPackageVersion=3.0.0
1>                    Private=false
1>                    PublicKeyToken=b03f5f7f11d50a3a
1>            C:\Users\hansnguyen\.nuget\packages\microsoft.netcore.app.ref\3.0.0\ref\netcoreapp3.0\System.Reflection.Emit.Lightweight.dll
1>                    AssemblyVersion=4.1.0.0
1>                    ExternallyResolved=true
1>                    FileVersion=4.700.19.46214
1>                    FrameworkReferenceName=Microsoft.NETCore.App
1>                    FrameworkReferenceVersion=3.0.0
1>                    NuGetPackageId=Microsoft.NETCore.App.Ref
1>                    NuGetPackageVersion=3.0.0
1>                    Private=false
1>                    PublicKeyToken=b03f5f7f11d50a3a
1>            C:\Users\hansnguyen\.nuget\packages\microsoft.netcore.app.ref\3.0.0\ref\netcoreapp3.0\System.Reflection.Emit.dll
1>                    AssemblyVersion=4.1.1.0
1>                    ExternallyResolved=true
1>                    FileVersion=4.700.19.46214
1>                    FrameworkReferenceName=Microsoft.NETCore.App
1>                    FrameworkReferenceVersion=3.0.0
1>                    NuGetPackageId=Microsoft.NETCore.App.Ref
1>                    NuGetPackageVersion=3.0.0
1>                    Private=false
1>                    PublicKeyToken=b03f5f7f11d50a3a
1>            C:\Users\hansnguyen\.nuget\packages\microsoft.netcore.app.ref\3.0.0\ref\netcoreapp3.0\System.Reflection.Extensions.dll
1>                    AssemblyVersion=4.1.1.0
1>                    ExternallyResolved=true
1>                    FileVersion=4.700.19.46214
1>                    FrameworkReferenceName=Microsoft.NETCore.App
1>                    FrameworkReferenceVersion=3.0.0
1>                    NuGetPackageId=Microsoft.NETCore.App.Ref
1>                    NuGetPackageVersion=3.0.0
1>                    Private=false
1>                    PublicKeyToken=b03f5f7f11d50a3a
1>            C:\Users\hansnguyen\.nuget\packages\microsoft.netcore.app.ref\3.0.0\ref\netcoreapp3.0\System.Reflection.Metadata.dll
1>                    AssemblyVersion=1.4.4.0
1>                    ExternallyResolved=true
1>                    FileVersion=4.700.19.46214
1>                    FrameworkReferenceName=Microsoft.NETCore.App
1>                    FrameworkReferenceVersion=3.0.0
1>                    NuGetPackageId=Microsoft.NETCore.App.Ref
1>                    NuGetPackageVersion=3.0.0
1>                    Private=false
1>                    PublicKeyToken=b03f5f7f11d50a3a
1>            C:\Users\hansnguyen\.nuget\packages\microsoft.netcore.app.ref\3.0.0\ref\netcoreapp3.0\System.Reflection.Primitives.dll
1>                    AssemblyVersion=4.1.1.0
1>                    ExternallyResolved=true
1>                    FileVersion=4.700.19.46214
1>                    FrameworkReferenceName=Microsoft.NETCore.App
1>                    FrameworkReferenceVersion=3.0.0
1>                    NuGetPackageId=Microsoft.NETCore.App.Ref
1>                    NuGetPackageVersion=3.0.0
1>                    Private=false
1>                    PublicKeyToken=b03f5f7f11d50a3a
1>            C:\Users\hansnguyen\.nuget\packages\microsoft.netcore.app.ref\3.0.0\ref\netcoreapp3.0\System.Reflection.TypeExtensions.dll
1>                    AssemblyVersion=4.1.2.0
1>                    ExternallyResolved=true
1>                    FileVersion=4.700.19.46214
1>                    FrameworkReferenceName=Microsoft.NETCore.App
1>                    FrameworkReferenceVersion=3.0.0
1>                    NuGetPackageId=Microsoft.NETCore.App.Ref
1>                    NuGetPackageVersion=3.0.0
1>                    Private=false
1>                    PublicKeyToken=b03f5f7f11d50a3a
1>            C:\Users\hansnguyen\.nuget\packages\microsoft.netcore.app.ref\3.0.0\ref\netcoreapp3.0\System.Reflection.dll
1>                    AssemblyVersion=4.2.1.0
1>                    ExternallyResolved=true
1>                    FileVersion=4.700.19.46214
1>                    FrameworkReferenceName=Microsoft.NETCore.App
1>                    FrameworkReferenceVersion=3.0.0
1>                    NuGetPackageId=Microsoft.NETCore.App.Ref
1>                    NuGetPackageVersion=3.0.0
1>                    Private=false
1>                    PublicKeyToken=b03f5f7f11d50a3a
1>            C:\Users\hansnguyen\.nuget\packages\microsoft.netcore.app.ref\3.0.0\ref\netcoreapp3.0\System.Resources.Reader.dll
1>                    AssemblyVersion=4.1.1.0
1>                    ExternallyResolved=true
1>                    FileVersion=4.700.19.46214
1>                    FrameworkReferenceName=Microsoft.NETCore.App
1>                    FrameworkReferenceVersion=3.0.0
1>                    NuGetPackageId=Microsoft.NETCore.App.Ref
1>                    NuGetPackageVersion=3.0.0
1>                    Private=false
1>                    PublicKeyToken=b03f5f7f11d50a3a
1>            C:\Users\hansnguyen\.nuget\packages\microsoft.netcore.app.ref\3.0.0\ref\netcoreapp3.0\System.Resources.ResourceManager.dll
1>                    AssemblyVersion=4.1.1.0
1>                    ExternallyResolved=true
1>                    FileVersion=4.700.19.46214
1>                    FrameworkReferenceName=Microsoft.NETCore.App
1>                    FrameworkReferenceVersion=3.0.0
1>                    NuGetPackageId=Microsoft.NETCore.App.Ref
1>                    NuGetPackageVersion=3.0.0
1>                    Private=false
1>                    PublicKeyToken=b03f5f7f11d50a3a
1>            C:\Users\hansnguyen\.nuget\packages\microsoft.netcore.app.ref\3.0.0\ref\netcoreapp3.0\System.Resources.Writer.dll
1>                    AssemblyVersion=4.1.1.0
1>                    ExternallyResolved=true
1>                    FileVersion=4.700.19.46214
1>                    FrameworkReferenceName=Microsoft.NETCore.App
1>                    FrameworkReferenceVersion=3.0.0
1>                    NuGetPackageId=Microsoft.NETCore.App.Ref
1>                    NuGetPackageVersion=3.0.0
1>                    Private=false
1>                    PublicKeyToken=b03f5f7f11d50a3a
1>            C:\Users\hansnguyen\.nuget\packages\microsoft.netcore.app.ref\3.0.0\ref\netcoreapp3.0\System.Runtime.CompilerServices.Unsafe.dll
1>                    AssemblyVersion=4.0.5.0
1>                    ExternallyResolved=true
1>                    FileVersion=4.700.19.46214
1>                    FrameworkReferenceName=Microsoft.NETCore.App
1>                    FrameworkReferenceVersion=3.0.0
1>                    NuGetPackageId=Microsoft.NETCore.App.Ref
1>                    NuGetPackageVersion=3.0.0
1>                    Private=false
1>                    PublicKeyToken=b03f5f7f11d50a3a
1>            C:\Users\hansnguyen\.nuget\packages\microsoft.netcore.app.ref\3.0.0\ref\netcoreapp3.0\System.Runtime.CompilerServices.VisualC.dll
1>                    AssemblyVersion=4.1.1.0
1>                    ExternallyResolved=true
1>                    FileVersion=4.700.19.46214
1>                    FrameworkReferenceName=Microsoft.NETCore.App
1>                    FrameworkReferenceVersion=3.0.0
1>                    NuGetPackageId=Microsoft.NETCore.App.Ref
1>                    NuGetPackageVersion=3.0.0
1>                    Private=false
1>                    PublicKeyToken=b03f5f7f11d50a3a
1>            C:\Users\hansnguyen\.nuget\packages\microsoft.netcore.app.ref\3.0.0\ref\netcoreapp3.0\System.Runtime.Extensions.dll
1>                    AssemblyVersion=4.2.1.0
1>                    ExternallyResolved=true
1>                    FileVersion=4.700.19.46214
1>                    FrameworkReferenceName=Microsoft.NETCore.App
1>                    FrameworkReferenceVersion=3.0.0
1>                    NuGetPackageId=Microsoft.NETCore.App.Ref
1>                    NuGetPackageVersion=3.0.0
1>                    Private=false
1>                    PublicKeyToken=b03f5f7f11d50a3a
1>            C:\Users\hansnguyen\.nuget\packages\microsoft.netcore.app.ref\3.0.0\ref\netcoreapp3.0\System.Runtime.Handles.dll
1>                    AssemblyVersion=4.1.1.0
1>                    ExternallyResolved=true
1>                    FileVersion=4.700.19.46214
1>                    FrameworkReferenceName=Microsoft.NETCore.App
1>                    FrameworkReferenceVersion=3.0.0
1>                    NuGetPackageId=Microsoft.NETCore.App.Ref
1>                    NuGetPackageVersion=3.0.0
1>                    Private=false
1>                    PublicKeyToken=b03f5f7f11d50a3a
1>            C:\Users\hansnguyen\.nuget\packages\microsoft.netcore.app.ref\3.0.0\ref\netcoreapp3.0\System.Runtime.InteropServices.RuntimeInformation.dll
1>                    AssemblyVersion=4.0.3.0
1>                    ExternallyResolved=true
1>                    FileVersion=4.700.19.46214
1>                    FrameworkReferenceName=Microsoft.NETCore.App
1>                    FrameworkReferenceVersion=3.0.0
1>                    NuGetPackageId=Microsoft.NETCore.App.Ref
1>                    NuGetPackageVersion=3.0.0
1>                    Private=false
1>                    PublicKeyToken=b03f5f7f11d50a3a
1>            C:\Users\hansnguyen\.nuget\packages\microsoft.netcore.app.ref\3.0.0\ref\netcoreapp3.0\System.Runtime.InteropServices.WindowsRuntime.dll
1>                    AssemblyVersion=4.0.3.0
1>                    ExternallyResolved=true
1>                    FileVersion=4.700.19.46214
1>                    FrameworkReferenceName=Microsoft.NETCore.App
1>                    FrameworkReferenceVersion=3.0.0
1>                    NuGetPackageId=Microsoft.NETCore.App.Ref
1>                    NuGetPackageVersion=3.0.0
1>                    Private=false
1>                    PublicKeyToken=b03f5f7f11d50a3a
1>            C:\Users\hansnguyen\.nuget\packages\microsoft.netcore.app.ref\3.0.0\ref\netcoreapp3.0\System.Runtime.InteropServices.dll
1>                    AssemblyVersion=4.2.1.0
1>                    ExternallyResolved=true
1>                    FileVersion=4.700.19.46214
1>                    FrameworkReferenceName=Microsoft.NETCore.App
1>                    FrameworkReferenceVersion=3.0.0
1>                    NuGetPackageId=Microsoft.NETCore.App.Ref
1>                    NuGetPackageVersion=3.0.0
1>                    Private=false
1>                    PublicKeyToken=b03f5f7f11d50a3a
1>            C:\Users\hansnguyen\.nuget\packages\microsoft.netcore.app.ref\3.0.0\ref\netcoreapp3.0\System.Runtime.Intrinsics.dll
1>                    AssemblyVersion=4.0.0.0
1>                    ExternallyResolved=true
1>                    FileVersion=4.700.19.46214
1>                    FrameworkReferenceName=Microsoft.NETCore.App
1>                    FrameworkReferenceVersion=3.0.0
1>                    NuGetPackageId=Microsoft.NETCore.App.Ref
1>                    NuGetPackageVersion=3.0.0
1>                    Private=false
1>                    PublicKeyToken=cc7b13ffcd2ddd51
1>            C:\Users\hansnguyen\.nuget\packages\microsoft.netcore.app.ref\3.0.0\ref\netcoreapp3.0\System.Runtime.Loader.dll
1>                    AssemblyVersion=4.1.0.0
1>                    ExternallyResolved=true
1>                    FileVersion=4.700.19.46214
1>                    FrameworkReferenceName=Microsoft.NETCore.App
1>                    FrameworkReferenceVersion=3.0.0
1>                    NuGetPackageId=Microsoft.NETCore.App.Ref
1>                    NuGetPackageVersion=3.0.0
1>                    Private=false
1>                    PublicKeyToken=b03f5f7f11d50a3a
1>            C:\Users\hansnguyen\.nuget\packages\microsoft.netcore.app.ref\3.0.0\ref\netcoreapp3.0\System.Runtime.Numerics.dll
1>                    AssemblyVersion=4.1.1.0
1>                    ExternallyResolved=true
1>                    FileVersion=4.700.19.46214
1>                    FrameworkReferenceName=Microsoft.NETCore.App
1>                    FrameworkReferenceVersion=3.0.0
1>                    NuGetPackageId=Microsoft.NETCore.App.Ref
1>                    NuGetPackageVersion=3.0.0
1>                    Private=false
1>                    PublicKeyToken=b03f5f7f11d50a3a
1>            C:\Users\hansnguyen\.nuget\packages\microsoft.netcore.app.ref\3.0.0\ref\netcoreapp3.0\System.Runtime.Serialization.Formatters.dll
1>                    AssemblyVersion=4.0.3.0
1>                    ExternallyResolved=true
1>                    FileVersion=4.700.19.46214
1>                    FrameworkReferenceName=Microsoft.NETCore.App
1>                    FrameworkReferenceVersion=3.0.0
1>                    NuGetPackageId=Microsoft.NETCore.App.Ref
1>                    NuGetPackageVersion=3.0.0
1>                    Private=false
1>                    PublicKeyToken=b03f5f7f11d50a3a
1>            C:\Users\hansnguyen\.nuget\packages\microsoft.netcore.app.ref\3.0.0\ref\netcoreapp3.0\System.Runtime.Serialization.Json.dll
1>                    AssemblyVersion=4.0.4.0
1>                    ExternallyResolved=true
1>                    FileVersion=4.700.19.46214
1>                    FrameworkReferenceName=Microsoft.NETCore.App
1>                    FrameworkReferenceVersion=3.0.0
1>                    NuGetPackageId=Microsoft.NETCore.App.Ref
1>                    NuGetPackageVersion=3.0.0
1>                    Private=false
1>                    PublicKeyToken=b03f5f7f11d50a3a
1>            C:\Users\hansnguyen\.nuget\packages\microsoft.netcore.app.ref\3.0.0\ref\netcoreapp3.0\System.Runtime.Serialization.Primitives.dll
1>                    AssemblyVersion=4.2.1.0
1>                    ExternallyResolved=true
1>                    FileVersion=4.700.19.46214
1>                    FrameworkReferenceName=Microsoft.NETCore.App
1>                    FrameworkReferenceVersion=3.0.0
1>                    NuGetPackageId=Microsoft.NETCore.App.Ref
1>                    NuGetPackageVersion=3.0.0
1>                    Private=false
1>                    PublicKeyToken=b03f5f7f11d50a3a
1>            C:\Users\hansnguyen\.nuget\packages\microsoft.netcore.app.ref\3.0.0\ref\netcoreapp3.0\System.Runtime.Serialization.Xml.dll
1>                    AssemblyVersion=4.1.4.0
1>                    ExternallyResolved=true
1>                    FileVersion=4.700.19.46214
1>                    FrameworkReferenceName=Microsoft.NETCore.App
1>                    FrameworkReferenceVersion=3.0.0
1>                    NuGetPackageId=Microsoft.NETCore.App.Ref
1>                    NuGetPackageVersion=3.0.0
1>                    Private=false
1>                    PublicKeyToken=b03f5f7f11d50a3a
1>            C:\Users\hansnguyen\.nuget\packages\microsoft.netcore.app.ref\3.0.0\ref\netcoreapp3.0\System.Runtime.Serialization.dll
1>                    AssemblyVersion=4.0.0.0
1>                    ExternallyResolved=true
1>                    FileVersion=4.700.19.46214
1>                    FrameworkReferenceName=Microsoft.NETCore.App
1>                    FrameworkReferenceVersion=3.0.0
1>                    NuGetPackageId=Microsoft.NETCore.App.Ref
1>                    NuGetPackageVersion=3.0.0
1>                    Private=false
1>                    PublicKeyToken=b77a5c561934e089
1>            C:\Users\hansnguyen\.nuget\packages\microsoft.netcore.app.ref\3.0.0\ref\netcoreapp3.0\System.Runtime.dll
1>                    AssemblyVersion=4.2.1.0
1>                    ExternallyResolved=true
1>                    FileVersion=4.700.19.46214
1>                    FrameworkReferenceName=Microsoft.NETCore.App
1>                    FrameworkReferenceVersion=3.0.0
1>                    NuGetPackageId=Microsoft.NETCore.App.Ref
1>                    NuGetPackageVersion=3.0.0
1>                    Private=false
1>                    PublicKeyToken=b03f5f7f11d50a3a
1>            C:\Users\hansnguyen\.nuget\packages\microsoft.netcore.app.ref\3.0.0\ref\netcoreapp3.0\System.Security.Claims.dll
1>                    AssemblyVersion=4.1.1.0
1>                    ExternallyResolved=true
1>                    FileVersion=4.700.19.46214
1>                    FrameworkReferenceName=Microsoft.NETCore.App
1>                    FrameworkReferenceVersion=3.0.0
1>                    NuGetPackageId=Microsoft.NETCore.App.Ref
1>                    NuGetPackageVersion=3.0.0
1>                    Private=false
1>                    PublicKeyToken=b03f5f7f11d50a3a
1>            C:\Users\hansnguyen\.nuget\packages\microsoft.netcore.app.ref\3.0.0\ref\netcoreapp3.0\System.Security.Cryptography.Algorithms.dll
1>                    AssemblyVersion=4.3.1.0
1>                    ExternallyResolved=true
1>                    FileVersion=4.700.19.46214
1>                    FrameworkReferenceName=Microsoft.NETCore.App
1>                    FrameworkReferenceVersion=3.0.0
1>                    NuGetPackageId=Microsoft.NETCore.App.Ref
1>                    NuGetPackageVersion=3.0.0
1>                    Private=false
1>                    PublicKeyToken=b03f5f7f11d50a3a
1>            C:\Users\hansnguyen\.nuget\packages\microsoft.netcore.app.ref\3.0.0\ref\netcoreapp3.0\System.Security.Cryptography.Csp.dll
1>                    AssemblyVersion=4.1.1.0
1>                    ExternallyResolved=true
1>                    FileVersion=4.700.19.46214
1>                    FrameworkReferenceName=Microsoft.NETCore.App
1>                    FrameworkReferenceVersion=3.0.0
1>                    NuGetPackageId=Microsoft.NETCore.App.Ref
1>                    NuGetPackageVersion=3.0.0
1>                    Private=false
1>                    PublicKeyToken=b03f5f7f11d50a3a
1>            C:\Users\hansnguyen\.nuget\packages\microsoft.netcore.app.ref\3.0.0\ref\netcoreapp3.0\System.Security.Cryptography.Encoding.dll
1>                    AssemblyVersion=4.1.1.0
1>                    ExternallyResolved=true
1>                    FileVersion=4.700.19.46214
1>                    FrameworkReferenceName=Microsoft.NETCore.App
1>                    FrameworkReferenceVersion=3.0.0
1>                    NuGetPackageId=Microsoft.NETCore.App.Ref
1>                    NuGetPackageVersion=3.0.0
1>                    Private=false
1>                    PublicKeyToken=b03f5f7f11d50a3a
1>            C:\Users\hansnguyen\.nuget\packages\microsoft.netcore.app.ref\3.0.0\ref\netcoreapp3.0\System.Security.Cryptography.Primitives.dll
1>                    AssemblyVersion=4.1.1.0
1>                    ExternallyResolved=true
1>                    FileVersion=4.700.19.46214
1>                    FrameworkReferenceName=Microsoft.NETCore.App
1>                    FrameworkReferenceVersion=3.0.0
1>                    NuGetPackageId=Microsoft.NETCore.App.Ref
1>                    NuGetPackageVersion=3.0.0
1>                    Private=false
1>                    PublicKeyToken=b03f5f7f11d50a3a
1>            C:\Users\hansnguyen\.nuget\packages\microsoft.netcore.app.ref\3.0.0\ref\netcoreapp3.0\System.Security.Cryptography.X509Certificates.dll
1>                    AssemblyVersion=4.2.1.0
1>                    ExternallyResolved=true
1>                    FileVersion=4.700.19.46214
1>                    FrameworkReferenceName=Microsoft.NETCore.App
1>                    FrameworkReferenceVersion=3.0.0
1>                    NuGetPackageId=Microsoft.NETCore.App.Ref
1>                    NuGetPackageVersion=3.0.0
1>                    Private=false
1>                    PublicKeyToken=b03f5f7f11d50a3a
1>            C:\Users\hansnguyen\.nuget\packages\microsoft.netcore.app.ref\3.0.0\ref\netcoreapp3.0\System.Security.Principal.dll
1>                    AssemblyVersion=4.1.1.0
1>                    ExternallyResolved=true
1>                    FileVersion=4.700.19.46214
1>                    FrameworkReferenceName=Microsoft.NETCore.App
1>                    FrameworkReferenceVersion=3.0.0
1>                    NuGetPackageId=Microsoft.NETCore.App.Ref
1>                    NuGetPackageVersion=3.0.0
1>                    Private=false
1>                    PublicKeyToken=b03f5f7f11d50a3a
1>            C:\Users\hansnguyen\.nuget\packages\microsoft.netcore.app.ref\3.0.0\ref\netcoreapp3.0\System.Security.SecureString.dll
1>                    AssemblyVersion=4.1.1.0
1>                    ExternallyResolved=true
1>                    FileVersion=4.700.19.46214
1>                    FrameworkReferenceName=Microsoft.NETCore.App
1>                    FrameworkReferenceVersion=3.0.0
1>                    NuGetPackageId=Microsoft.NETCore.App.Ref
1>                    NuGetPackageVersion=3.0.0
1>                    Private=false
1>                    PublicKeyToken=b03f5f7f11d50a3a
1>            C:\Users\hansnguyen\.nuget\packages\microsoft.netcore.app.ref\3.0.0\ref\netcoreapp3.0\System.Security.dll
1>                    AssemblyVersion=4.0.0.0
1>                    ExternallyResolved=true
1>                    FileVersion=4.700.19.46214
1>                    FrameworkReferenceName=Microsoft.NETCore.App
1>                    FrameworkReferenceVersion=3.0.0
1>                    NuGetPackageId=Microsoft.NETCore.App.Ref
1>                    NuGetPackageVersion=3.0.0
1>                    Private=false
1>                    PublicKeyToken=b03f5f7f11d50a3a
1>            C:\Users\hansnguyen\.nuget\packages\microsoft.netcore.app.ref\3.0.0\ref\netcoreapp3.0\System.ServiceModel.Web.dll
1>                    AssemblyVersion=4.0.0.0
1>                    ExternallyResolved=true
1>                    FileVersion=4.700.19.46214
1>                    FrameworkReferenceName=Microsoft.NETCore.App
1>                    FrameworkReferenceVersion=3.0.0
1>                    NuGetPackageId=Microsoft.NETCore.App.Ref
1>                    NuGetPackageVersion=3.0.0
1>                    Private=false
1>                    PublicKeyToken=31bf3856ad364e35
1>            C:\Users\hansnguyen\.nuget\packages\microsoft.netcore.app.ref\3.0.0\ref\netcoreapp3.0\System.ServiceProcess.dll
1>                    AssemblyVersion=4.0.0.0
1>                    ExternallyResolved=true
1>                    FileVersion=4.700.19.46214
1>                    FrameworkReferenceName=Microsoft.NETCore.App
1>                    FrameworkReferenceVersion=3.0.0
1>                    NuGetPackageId=Microsoft.NETCore.App.Ref
1>                    NuGetPackageVersion=3.0.0
1>                    Private=false
1>                    PublicKeyToken=b03f5f7f11d50a3a
1>            C:\Users\hansnguyen\.nuget\packages\microsoft.netcore.app.ref\3.0.0\ref\netcoreapp3.0\System.Text.Encoding.CodePages.dll
1>                    AssemblyVersion=4.1.2.0
1>                    ExternallyResolved=true
1>                    FileVersion=4.700.19.46214
1>                    FrameworkReferenceName=Microsoft.NETCore.App
1>                    FrameworkReferenceVersion=3.0.0
1>                    NuGetPackageId=Microsoft.NETCore.App.Ref
1>                    NuGetPackageVersion=3.0.0
1>                    Private=false
1>                    PublicKeyToken=b03f5f7f11d50a3a
1>            C:\Users\hansnguyen\.nuget\packages\microsoft.netcore.app.ref\3.0.0\ref\netcoreapp3.0\System.Text.Encoding.Extensions.dll
1>                    AssemblyVersion=4.1.1.0
1>                    ExternallyResolved=true
1>                    FileVersion=4.700.19.46214
1>                    FrameworkReferenceName=Microsoft.NETCore.App
1>                    FrameworkReferenceVersion=3.0.0
1>                    NuGetPackageId=Microsoft.NETCore.App.Ref
1>                    NuGetPackageVersion=3.0.0
1>                    Private=false
1>                    PublicKeyToken=b03f5f7f11d50a3a
1>            C:\Users\hansnguyen\.nuget\packages\microsoft.netcore.app.ref\3.0.0\ref\netcoreapp3.0\System.Text.Encoding.dll
1>                    AssemblyVersion=4.1.1.0
1>                    ExternallyResolved=true
1>                    FileVersion=4.700.19.46214
1>                    FrameworkReferenceName=Microsoft.NETCore.App
1>                    FrameworkReferenceVersion=3.0.0
1>                    NuGetPackageId=Microsoft.NETCore.App.Ref
1>                    NuGetPackageVersion=3.0.0
1>                    Private=false
1>                    PublicKeyToken=b03f5f7f11d50a3a
1>            C:\Users\hansnguyen\.nuget\packages\microsoft.netcore.app.ref\3.0.0\ref\netcoreapp3.0\System.Text.Encodings.Web.dll
1>                    AssemblyVersion=4.0.4.0
1>                    ExternallyResolved=true
1>                    FileVersion=4.700.19.46214
1>                    FrameworkReferenceName=Microsoft.NETCore.App
1>                    FrameworkReferenceVersion=3.0.0
1>                    NuGetPackageId=Microsoft.NETCore.App.Ref
1>                    NuGetPackageVersion=3.0.0
1>                    Private=false
1>                    PublicKeyToken=cc7b13ffcd2ddd51
1>            C:\Users\hansnguyen\.nuget\packages\microsoft.netcore.app.ref\3.0.0\ref\netcoreapp3.0\System.Text.Json.dll
1>                    AssemblyVersion=4.0.0.0
1>                    ExternallyResolved=true
1>                    FileVersion=4.700.19.46214
1>                    FrameworkReferenceName=Microsoft.NETCore.App
1>                    FrameworkReferenceVersion=3.0.0
1>                    NuGetPackageId=Microsoft.NETCore.App.Ref
1>                    NuGetPackageVersion=3.0.0
1>                    Private=false
1>                    PublicKeyToken=cc7b13ffcd2ddd51
1>            C:\Users\hansnguyen\.nuget\packages\microsoft.netcore.app.ref\3.0.0\ref\netcoreapp3.0\System.Text.RegularExpressions.dll
1>                    AssemblyVersion=4.2.1.0
1>                    ExternallyResolved=true
1>                    FileVersion=4.700.19.46214
1>                    FrameworkReferenceName=Microsoft.NETCore.App
1>                    FrameworkReferenceVersion=3.0.0
1>                    NuGetPackageId=Microsoft.NETCore.App.Ref
1>                    NuGetPackageVersion=3.0.0
1>                    Private=false
1>                    PublicKeyToken=b03f5f7f11d50a3a
1>            C:\Users\hansnguyen\.nuget\packages\microsoft.netcore.app.ref\3.0.0\ref\netcoreapp3.0\System.Threading.Channels.dll
1>                    AssemblyVersion=4.0.1.0
1>                    ExternallyResolved=true
1>                    FileVersion=4.700.19.46214
1>                    FrameworkReferenceName=Microsoft.NETCore.App
1>                    FrameworkReferenceVersion=3.0.0
1>                    NuGetPackageId=Microsoft.NETCore.App.Ref
1>                    NuGetPackageVersion=3.0.0
1>                    Private=false
1>                    PublicKeyToken=cc7b13ffcd2ddd51
1>            C:\Users\hansnguyen\.nuget\packages\microsoft.netcore.app.ref\3.0.0\ref\netcoreapp3.0\System.Threading.Overlapped.dll
1>                    AssemblyVersion=4.1.1.0
1>                    ExternallyResolved=true
1>                    FileVersion=4.700.19.46214
1>                    FrameworkReferenceName=Microsoft.NETCore.App
1>                    FrameworkReferenceVersion=3.0.0
1>                    NuGetPackageId=Microsoft.NETCore.App.Ref
1>                    NuGetPackageVersion=3.0.0
1>                    Private=false
1>                    PublicKeyToken=b03f5f7f11d50a3a
1>            C:\Users\hansnguyen\.nuget\packages\microsoft.netcore.app.ref\3.0.0\ref\netcoreapp3.0\System.Threading.Tasks.Dataflow.dll
1>                    AssemblyVersion=4.6.4.0
1>                    ExternallyResolved=true
1>                    FileVersion=4.700.19.46214
1>                    FrameworkReferenceName=Microsoft.NETCore.App
1>                    FrameworkReferenceVersion=3.0.0
1>                    NuGetPackageId=Microsoft.NETCore.App.Ref
1>                    NuGetPackageVersion=3.0.0
1>                    Private=false
1>                    PublicKeyToken=b03f5f7f11d50a3a
1>            C:\Users\hansnguyen\.nuget\packages\microsoft.netcore.app.ref\3.0.0\ref\netcoreapp3.0\System.Threading.Tasks.Extensions.dll
1>                    AssemblyVersion=4.3.0.0
1>                    ExternallyResolved=true
1>                    FileVersion=4.700.19.46214
1>                    FrameworkReferenceName=Microsoft.NETCore.App
1>                    FrameworkReferenceVersion=3.0.0
1>                    NuGetPackageId=Microsoft.NETCore.App.Ref
1>                    NuGetPackageVersion=3.0.0
1>                    Private=false
1>                    PublicKeyToken=cc7b13ffcd2ddd51
1>            C:\Users\hansnguyen\.nuget\packages\microsoft.netcore.app.ref\3.0.0\ref\netcoreapp3.0\System.Threading.Tasks.Parallel.dll
1>                    AssemblyVersion=4.0.3.0
1>                    ExternallyResolved=true
1>                    FileVersion=4.700.19.46214
1>                    FrameworkReferenceName=Microsoft.NETCore.App
1>                    FrameworkReferenceVersion=3.0.0
1>                    NuGetPackageId=Microsoft.NETCore.App.Ref
1>                    NuGetPackageVersion=3.0.0
1>                    Private=false
1>                    PublicKeyToken=b03f5f7f11d50a3a
1>            C:\Users\hansnguyen\.nuget\packages\microsoft.netcore.app.ref\3.0.0\ref\netcoreapp3.0\System.Threading.Tasks.dll
1>                    AssemblyVersion=4.1.1.0
1>                    ExternallyResolved=true
1>                    FileVersion=4.700.19.46214
1>                    FrameworkReferenceName=Microsoft.NETCore.App
1>                    FrameworkReferenceVersion=3.0.0
1>                    NuGetPackageId=Microsoft.NETCore.App.Ref
1>                    NuGetPackageVersion=3.0.0
1>                    Private=false
1>                    PublicKeyToken=b03f5f7f11d50a3a
1>            C:\Users\hansnguyen\.nuget\packages\microsoft.netcore.app.ref\3.0.0\ref\netcoreapp3.0\System.Threading.Thread.dll
1>                    AssemblyVersion=4.1.1.0
1>                    ExternallyResolved=true
1>                    FileVersion=4.700.19.46214
1>                    FrameworkReferenceName=Microsoft.NETCore.App
1>                    FrameworkReferenceVersion=3.0.0
1>                    NuGetPackageId=Microsoft.NETCore.App.Ref
1>                    NuGetPackageVersion=3.0.0
1>                    Private=false
1>                    PublicKeyToken=b03f5f7f11d50a3a
1>            C:\Users\hansnguyen\.nuget\packages\microsoft.netcore.app.ref\3.0.0\ref\netcoreapp3.0\System.Threading.ThreadPool.dll
1>                    AssemblyVersion=4.1.1.0
1>                    ExternallyResolved=true
1>                    FileVersion=4.700.19.46214
1>                    FrameworkReferenceName=Microsoft.NETCore.App
1>                    FrameworkReferenceVersion=3.0.0
1>                    NuGetPackageId=Microsoft.NETCore.App.Ref
1>                    NuGetPackageVersion=3.0.0
1>                    Private=false
1>                    PublicKeyToken=b03f5f7f11d50a3a
1>            C:\Users\hansnguyen\.nuget\packages\microsoft.netcore.app.ref\3.0.0\ref\netcoreapp3.0\System.Threading.Timer.dll
1>                    AssemblyVersion=4.1.1.0
1>                    ExternallyResolved=true
1>                    FileVersion=4.700.19.46214
1>                    FrameworkReferenceName=Microsoft.NETCore.App
1>                    FrameworkReferenceVersion=3.0.0
1>                    NuGetPackageId=Microsoft.NETCore.App.Ref
1>                    NuGetPackageVersion=3.0.0
1>                    Private=false
1>                    PublicKeyToken=b03f5f7f11d50a3a
1>            C:\Users\hansnguyen\.nuget\packages\microsoft.netcore.app.ref\3.0.0\ref\netcoreapp3.0\System.Threading.dll
1>                    AssemblyVersion=4.1.1.0
1>                    ExternallyResolved=true
1>                    FileVersion=4.700.19.46214
1>                    FrameworkReferenceName=Microsoft.NETCore.App
1>                    FrameworkReferenceVersion=3.0.0
1>                    NuGetPackageId=Microsoft.NETCore.App.Ref
1>                    NuGetPackageVersion=3.0.0
1>                    Private=false
1>                    PublicKeyToken=b03f5f7f11d50a3a
1>            C:\Users\hansnguyen\.nuget\packages\microsoft.netcore.app.ref\3.0.0\ref\netcoreapp3.0\System.Transactions.Local.dll
1>                    AssemblyVersion=4.0.1.0
1>                    ExternallyResolved=true
1>                    FileVersion=4.700.19.46214
1>                    FrameworkReferenceName=Microsoft.NETCore.App
1>                    FrameworkReferenceVersion=3.0.0
1>                    NuGetPackageId=Microsoft.NETCore.App.Ref
1>                    NuGetPackageVersion=3.0.0
1>                    Private=false
1>                    PublicKeyToken=cc7b13ffcd2ddd51
1>            C:\Users\hansnguyen\.nuget\packages\microsoft.netcore.app.ref\3.0.0\ref\netcoreapp3.0\System.Transactions.dll
1>                    AssemblyVersion=4.0.0.0
1>                    ExternallyResolved=true
1>                    FileVersion=4.700.19.46214
1>                    FrameworkReferenceName=Microsoft.NETCore.App
1>                    FrameworkReferenceVersion=3.0.0
1>                    NuGetPackageId=Microsoft.NETCore.App.Ref
1>                    NuGetPackageVersion=3.0.0
1>                    Private=false
1>                    PublicKeyToken=b77a5c561934e089
1>            C:\Users\hansnguyen\.nuget\packages\microsoft.netcore.app.ref\3.0.0\ref\netcoreapp3.0\System.ValueTuple.dll
1>                    AssemblyVersion=4.0.3.0
1>                    ExternallyResolved=true
1>                    FileVersion=4.700.19.46214
1>                    FrameworkReferenceName=Microsoft.NETCore.App
1>                    FrameworkReferenceVersion=3.0.0
1>                    NuGetPackageId=Microsoft.NETCore.App.Ref
1>                    NuGetPackageVersion=3.0.0
1>                    Private=false
1>                    PublicKeyToken=cc7b13ffcd2ddd51
1>            C:\Users\hansnguyen\.nuget\packages\microsoft.netcore.app.ref\3.0.0\ref\netcoreapp3.0\System.Web.HttpUtility.dll
1>                    AssemblyVersion=4.0.1.0
1>                    ExternallyResolved=true
1>                    FileVersion=4.700.19.46214
1>                    FrameworkReferenceName=Microsoft.NETCore.App
1>                    FrameworkReferenceVersion=3.0.0
1>                    NuGetPackageId=Microsoft.NETCore.App.Ref
1>                    NuGetPackageVersion=3.0.0
1>                    Private=false
1>                    PublicKeyToken=cc7b13ffcd2ddd51
1>            C:\Users\hansnguyen\.nuget\packages\microsoft.netcore.app.ref\3.0.0\ref\netcoreapp3.0\System.Web.dll
1>                    AssemblyVersion=4.0.0.0
1>                    ExternallyResolved=true
1>                    FileVersion=4.700.19.46214
1>                    FrameworkReferenceName=Microsoft.NETCore.App
1>                    FrameworkReferenceVersion=3.0.0
1>                    NuGetPackageId=Microsoft.NETCore.App.Ref
1>                    NuGetPackageVersion=3.0.0
1>                    Private=false
1>                    PublicKeyToken=b03f5f7f11d50a3a
1>            C:\Users\hansnguyen\.nuget\packages\microsoft.netcore.app.ref\3.0.0\ref\netcoreapp3.0\System.Windows.dll
1>                    AssemblyVersion=4.0.0.0
1>                    ExternallyResolved=true
1>                    FileVersion=4.700.19.46214
1>                    FrameworkReferenceName=Microsoft.NETCore.App
1>                    FrameworkReferenceVersion=3.0.0
1>                    NuGetPackageId=Microsoft.NETCore.App.Ref
1>                    NuGetPackageVersion=3.0.0
1>                    Private=false
1>                    PublicKeyToken=b03f5f7f11d50a3a
1>            C:\Users\hansnguyen\.nuget\packages\microsoft.netcore.app.ref\3.0.0\ref\netcoreapp3.0\System.Xml.Linq.dll
1>                    AssemblyVersion=4.0.0.0
1>                    ExternallyResolved=true
1>                    FileVersion=4.700.19.46214
1>                    FrameworkReferenceName=Microsoft.NETCore.App
1>                    FrameworkReferenceVersion=3.0.0
1>                    NuGetPackageId=Microsoft.NETCore.App.Ref
1>                    NuGetPackageVersion=3.0.0
1>                    Private=false
1>                    PublicKeyToken=b77a5c561934e089
1>            C:\Users\hansnguyen\.nuget\packages\microsoft.netcore.app.ref\3.0.0\ref\netcoreapp3.0\System.Xml.ReaderWriter.dll
1>                    AssemblyVersion=4.2.1.0
1>                    ExternallyResolved=true
1>                    FileVersion=4.700.19.46214
1>                    FrameworkReferenceName=Microsoft.NETCore.App
1>                    FrameworkReferenceVersion=3.0.0
1>                    NuGetPackageId=Microsoft.NETCore.App.Ref
1>                    NuGetPackageVersion=3.0.0
1>                    Private=false
1>                    PublicKeyToken=b03f5f7f11d50a3a
1>            C:\Users\hansnguyen\.nuget\packages\microsoft.netcore.app.ref\3.0.0\ref\netcoreapp3.0\System.Xml.Serialization.dll
1>                    AssemblyVersion=4.0.0.0
1>                    ExternallyResolved=true
1>                    FileVersion=4.700.19.46214
1>                    FrameworkReferenceName=Microsoft.NETCore.App
1>                    FrameworkReferenceVersion=3.0.0
1>                    NuGetPackageId=Microsoft.NETCore.App.Ref
1>                    NuGetPackageVersion=3.0.0
1>                    Private=false
1>                    PublicKeyToken=b77a5c561934e089
1>            C:\Users\hansnguyen\.nuget\packages\microsoft.netcore.app.ref\3.0.0\ref\netcoreapp3.0\System.Xml.XDocument.dll
1>                    AssemblyVersion=4.1.1.0
1>                    ExternallyResolved=true
1>                    FileVersion=4.700.19.46214
1>                    FrameworkReferenceName=Microsoft.NETCore.App
1>                    FrameworkReferenceVersion=3.0.0
1>                    NuGetPackageId=Microsoft.NETCore.App.Ref
1>                    NuGetPackageVersion=3.0.0
1>                    Private=false
1>                    PublicKeyToken=b03f5f7f11d50a3a
1>            C:\Users\hansnguyen\.nuget\packages\microsoft.netcore.app.ref\3.0.0\ref\netcoreapp3.0\System.Xml.XPath.XDocument.dll
1>                    AssemblyVersion=4.1.1.0
1>                    ExternallyResolved=true
1>                    FileVersion=4.700.19.46214
1>                    FrameworkReferenceName=Microsoft.NETCore.App
1>                    FrameworkReferenceVersion=3.0.0
1>                    NuGetPackageId=Microsoft.NETCore.App.Ref
1>                    NuGetPackageVersion=3.0.0
1>                    Private=false
1>                    PublicKeyToken=b03f5f7f11d50a3a
1>            C:\Users\hansnguyen\.nuget\packages\microsoft.netcore.app.ref\3.0.0\ref\netcoreapp3.0\System.Xml.XPath.dll
1>                    AssemblyVersion=4.1.1.0
1>                    ExternallyResolved=true
1>                    FileVersion=4.700.19.46214
1>                    FrameworkReferenceName=Microsoft.NETCore.App
1>                    FrameworkReferenceVersion=3.0.0
1>                    NuGetPackageId=Microsoft.NETCore.App.Ref
1>                    NuGetPackageVersion=3.0.0
1>                    Private=false
1>                    PublicKeyToken=b03f5f7f11d50a3a
1>            C:\Users\hansnguyen\.nuget\packages\microsoft.netcore.app.ref\3.0.0\ref\netcoreapp3.0\System.Xml.XmlDocument.dll
1>                    AssemblyVersion=4.1.1.0
1>                    ExternallyResolved=true
1>                    FileVersion=4.700.19.46214
1>                    FrameworkReferenceName=Microsoft.NETCore.App
1>                    FrameworkReferenceVersion=3.0.0
1>                    NuGetPackageId=Microsoft.NETCore.App.Ref
1>                    NuGetPackageVersion=3.0.0
1>                    Private=false
1>                    PublicKeyToken=b03f5f7f11d50a3a
1>            C:\Users\hansnguyen\.nuget\packages\microsoft.netcore.app.ref\3.0.0\ref\netcoreapp3.0\System.Xml.XmlSerializer.dll
1>                    AssemblyVersion=4.1.1.0
1>                    ExternallyResolved=true
1>                    FileVersion=4.700.19.46214
1>                    FrameworkReferenceName=Microsoft.NETCore.App
1>                    FrameworkReferenceVersion=3.0.0
1>                    NuGetPackageId=Microsoft.NETCore.App.Ref
1>                    NuGetPackageVersion=3.0.0
1>                    Private=false
1>                    PublicKeyToken=b03f5f7f11d50a3a
1>            C:\Users\hansnguyen\.nuget\packages\microsoft.netcore.app.ref\3.0.0\ref\netcoreapp3.0\System.Xml.dll
1>                    AssemblyVersion=4.0.0.0
1>                    ExternallyResolved=true
1>                    FileVersion=4.700.19.46214
1>                    FrameworkReferenceName=Microsoft.NETCore.App
1>                    FrameworkReferenceVersion=3.0.0
1>                    NuGetPackageId=Microsoft.NETCore.App.Ref
1>                    NuGetPackageVersion=3.0.0
1>                    Private=false
1>                    PublicKeyToken=b77a5c561934e089
1>            C:\Users\hansnguyen\.nuget\packages\microsoft.netcore.app.ref\3.0.0\ref\netcoreapp3.0\System.dll
1>                    AssemblyVersion=4.0.0.0
1>                    ExternallyResolved=true
1>                    FileVersion=4.700.19.46214
1>                    FrameworkReferenceName=Microsoft.NETCore.App
1>                    FrameworkReferenceVersion=3.0.0
1>                    NuGetPackageId=Microsoft.NETCore.App.Ref
1>                    NuGetPackageVersion=3.0.0
1>                    Private=false
1>                    PublicKeyToken=b77a5c561934e089
1>            C:\Users\hansnguyen\.nuget\packages\microsoft.netcore.app.ref\3.0.0\ref\netcoreapp3.0\mscorlib.dll
1>                    AssemblyVersion=4.0.0.0
1>                    ExternallyResolved=true
1>                    FileVersion=4.700.19.46214
1>                    FrameworkReferenceName=Microsoft.NETCore.App
1>                    FrameworkReferenceVersion=3.0.0
1>                    NuGetPackageId=Microsoft.NETCore.App.Ref
1>                    NuGetPackageVersion=3.0.0
1>                    Private=false
1>                    PublicKeyToken=b77a5c561934e089
1>            C:\Users\hansnguyen\.nuget\packages\microsoft.netcore.app.ref\3.0.0\ref\netcoreapp3.0\netstandard.dll
1>                    AssemblyVersion=2.1.0.0
1>                    ExternallyResolved=true
1>                    FileVersion=4.700.19.46214
1>                    FrameworkReferenceName=Microsoft.NETCore.App
1>                    FrameworkReferenceVersion=3.0.0
1>                    NuGetPackageId=Microsoft.NETCore.App.Ref
1>                    NuGetPackageVersion=3.0.0
1>                    Private=false
1>                    PublicKeyToken=cc7b13ffcd2ddd51
1>            C:\Users\hansnguyen\.nuget\packages\microsoft.windowsdesktop.app.ref\3.0.0\ref\netcoreapp3.0\Accessibility.dll
1>                    AssemblyVersion=4.0.0.0
1>                    ExternallyResolved=true
1>                    FileVersion=4.800.19.46210
1>                    FrameworkReferenceName=Microsoft.WindowsDesktop.App.WPF
1>                    FrameworkReferenceVersion=3.0.0
1>                    NuGetPackageId=Microsoft.WindowsDesktop.App.Ref
1>                    NuGetPackageVersion=3.0.0
1>                    Private=false
1>                    PublicKeyToken=31bf3856ad364e35
1>            C:\Users\hansnguyen\.nuget\packages\microsoft.windowsdesktop.app.ref\3.0.0\ref\netcoreapp3.0\Microsoft.Win32.Registry.AccessControl.dll
1>                    AssemblyVersion=4.0.4.0
1>                    ExternallyResolved=true
1>                    FileVersion=4.700.19.46214
1>                    FrameworkReferenceName=Microsoft.WindowsDesktop.App.WPF
1>                    FrameworkReferenceVersion=3.0.0
1>                    NuGetPackageId=Microsoft.WindowsDesktop.App.Ref
1>                    NuGetPackageVersion=3.0.0
1>                    Private=false
1>                    PublicKeyToken=b03f5f7f11d50a3a
1>            C:\Users\hansnguyen\.nuget\packages\microsoft.windowsdesktop.app.ref\3.0.0\ref\netcoreapp3.0\Microsoft.Win32.Registry.dll
1>                    AssemblyVersion=4.1.2.0
1>                    ExternallyResolved=true
1>                    FileVersion=4.700.19.46214
1>                    FrameworkReferenceName=Microsoft.WindowsDesktop.App.WPF
1>                    FrameworkReferenceVersion=3.0.0
1>                    NuGetPackageId=Microsoft.WindowsDesktop.App.Ref
1>                    NuGetPackageVersion=3.0.0
1>                    Private=false
1>                    PublicKeyToken=b03f5f7f11d50a3a
1>            C:\Users\hansnguyen\.nuget\packages\microsoft.windowsdesktop.app.ref\3.0.0\ref\netcoreapp3.0\Microsoft.Win32.SystemEvents.dll
1>                    AssemblyVersion=4.0.1.0
1>                    ExternallyResolved=true
1>                    FileVersion=4.700.19.46214
1>                    FrameworkReferenceName=Microsoft.WindowsDesktop.App.WPF
1>                    FrameworkReferenceVersion=3.0.0
1>                    NuGetPackageId=Microsoft.WindowsDesktop.App.Ref
1>                    NuGetPackageVersion=3.0.0
1>                    Private=false
1>                    PublicKeyToken=cc7b13ffcd2ddd51
1>            C:\Users\hansnguyen\.nuget\packages\microsoft.windowsdesktop.app.ref\3.0.0\ref\netcoreapp3.0\PresentationCore.dll
1>                    AssemblyVersion=4.0.0.0
1>                    ExternallyResolved=true
1>                    FileVersion=4.800.19.46214
1>                    FrameworkReferenceName=Microsoft.WindowsDesktop.App.WPF
1>                    FrameworkReferenceVersion=3.0.0
1>                    NuGetPackageId=Microsoft.WindowsDesktop.App.Ref
1>                    NuGetPackageVersion=3.0.0
1>                    Private=false
1>                    PublicKeyToken=31bf3856ad364e35
1>            C:\Users\hansnguyen\.nuget\packages\microsoft.windowsdesktop.app.ref\3.0.0\ref\netcoreapp3.0\PresentationFramework.Aero.dll
1>                    AssemblyVersion=4.0.0.0
1>                    ExternallyResolved=true
1>                    FileVersion=4.800.19.46214
1>                    FrameworkReferenceName=Microsoft.WindowsDesktop.App.WPF
1>                    FrameworkReferenceVersion=3.0.0
1>                    NuGetPackageId=Microsoft.WindowsDesktop.App.Ref
1>                    NuGetPackageVersion=3.0.0
1>                    Private=false
1>                    PublicKeyToken=31bf3856ad364e35
1>            C:\Users\hansnguyen\.nuget\packages\microsoft.windowsdesktop.app.ref\3.0.0\ref\netcoreapp3.0\PresentationFramework.Aero2.dll
1>                    AssemblyVersion=4.0.0.0
1>                    ExternallyResolved=true
1>                    FileVersion=4.800.19.46214
1>                    FrameworkReferenceName=Microsoft.WindowsDesktop.App.WPF
1>                    FrameworkReferenceVersion=3.0.0
1>                    NuGetPackageId=Microsoft.WindowsDesktop.App.Ref
1>                    NuGetPackageVersion=3.0.0
1>                    Private=false
1>                    PublicKeyToken=31bf3856ad364e35
1>            C:\Users\hansnguyen\.nuget\packages\microsoft.windowsdesktop.app.ref\3.0.0\ref\netcoreapp3.0\PresentationFramework.AeroLite.dll
1>                    AssemblyVersion=4.0.0.0
1>                    ExternallyResolved=true
1>                    FileVersion=4.800.19.46214
1>                    FrameworkReferenceName=Microsoft.WindowsDesktop.App.WPF
1>                    FrameworkReferenceVersion=3.0.0
1>                    NuGetPackageId=Microsoft.WindowsDesktop.App.Ref
1>                    NuGetPackageVersion=3.0.0
1>                    Private=false
1>                    PublicKeyToken=31bf3856ad364e35
1>            C:\Users\hansnguyen\.nuget\packages\microsoft.windowsdesktop.app.ref\3.0.0\ref\netcoreapp3.0\PresentationFramework.Classic.dll
1>                    AssemblyVersion=4.0.0.0
1>                    ExternallyResolved=true
1>                    FileVersion=4.800.19.46214
1>                    FrameworkReferenceName=Microsoft.WindowsDesktop.App.WPF
1>                    FrameworkReferenceVersion=3.0.0
1>                    NuGetPackageId=Microsoft.WindowsDesktop.App.Ref
1>                    NuGetPackageVersion=3.0.0
1>                    Private=false
1>                    PublicKeyToken=31bf3856ad364e35
1>            C:\Users\hansnguyen\.nuget\packages\microsoft.windowsdesktop.app.ref\3.0.0\ref\netcoreapp3.0\PresentationFramework.Luna.dll
1>                    AssemblyVersion=4.0.0.0
1>                    ExternallyResolved=true
1>                    FileVersion=4.800.19.46214
1>                    FrameworkReferenceName=Microsoft.WindowsDesktop.App.WPF
1>                    FrameworkReferenceVersion=3.0.0
1>                    NuGetPackageId=Microsoft.WindowsDesktop.App.Ref
1>                    NuGetPackageVersion=3.0.0
1>                    Private=false
1>                    PublicKeyToken=31bf3856ad364e35
1>            C:\Users\hansnguyen\.nuget\packages\microsoft.windowsdesktop.app.ref\3.0.0\ref\netcoreapp3.0\PresentationFramework.Royale.dll
1>                    AssemblyVersion=4.0.0.0
1>                    ExternallyResolved=true
1>                    FileVersion=4.800.19.46214
1>                    FrameworkReferenceName=Microsoft.WindowsDesktop.App.WPF
1>                    FrameworkReferenceVersion=3.0.0
1>                    NuGetPackageId=Microsoft.WindowsDesktop.App.Ref
1>                    NuGetPackageVersion=3.0.0
1>                    Private=false
1>                    PublicKeyToken=31bf3856ad364e35
1>            C:\Users\hansnguyen\.nuget\packages\microsoft.windowsdesktop.app.ref\3.0.0\ref\netcoreapp3.0\PresentationFramework.dll
1>                    AssemblyVersion=4.0.0.0
1>                    ExternallyResolved=true
1>                    FileVersion=4.800.19.46214
1>                    FrameworkReferenceName=Microsoft.WindowsDesktop.App.WPF
1>                    FrameworkReferenceVersion=3.0.0
1>                    NuGetPackageId=Microsoft.WindowsDesktop.App.Ref
1>                    NuGetPackageVersion=3.0.0
1>                    Private=false
1>                    PublicKeyToken=31bf3856ad364e35
1>            C:\Users\hansnguyen\.nuget\packages\microsoft.windowsdesktop.app.ref\3.0.0\ref\netcoreapp3.0\PresentationUI.dll
1>                    AssemblyVersion=4.0.0.0
1>                    ExternallyResolved=true
1>                    FileVersion=4.800.19.46214
1>                    FrameworkReferenceName=Microsoft.WindowsDesktop.App.WPF
1>                    FrameworkReferenceVersion=3.0.0
1>                    NuGetPackageId=Microsoft.WindowsDesktop.App.Ref
1>                    NuGetPackageVersion=3.0.0
1>                    Private=false
1>                    PublicKeyToken=b77a5c561934e089
1>            C:\Users\hansnguyen\.nuget\packages\microsoft.windowsdesktop.app.ref\3.0.0\ref\netcoreapp3.0\ReachFramework.dll
1>                    AssemblyVersion=4.0.0.0
1>                    ExternallyResolved=true
1>                    FileVersion=4.800.19.46214
1>                    FrameworkReferenceName=Microsoft.WindowsDesktop.App.WPF
1>                    FrameworkReferenceVersion=3.0.0
1>                    NuGetPackageId=Microsoft.WindowsDesktop.App.Ref
1>                    NuGetPackageVersion=3.0.0
1>                    Private=false
1>                    PublicKeyToken=31bf3856ad364e35
1>            C:\Users\hansnguyen\.nuget\packages\microsoft.windowsdesktop.app.ref\3.0.0\ref\netcoreapp3.0\System.CodeDom.dll
1>                    AssemblyVersion=4.0.2.0
1>                    ExternallyResolved=true
1>                    FileVersion=4.700.19.46214
1>                    FrameworkReferenceName=Microsoft.WindowsDesktop.App.WPF
1>                    FrameworkReferenceVersion=3.0.0
1>                    NuGetPackageId=Microsoft.WindowsDesktop.App.Ref
1>                    NuGetPackageVersion=3.0.0
1>                    Private=false
1>                    PublicKeyToken=cc7b13ffcd2ddd51
1>            C:\Users\hansnguyen\.nuget\packages\microsoft.windowsdesktop.app.ref\3.0.0\ref\netcoreapp3.0\System.Configuration.ConfigurationManager.dll
1>                    AssemblyVersion=4.0.2.0
1>                    ExternallyResolved=true
1>                    FileVersion=4.700.19.46214
1>                    FrameworkReferenceName=Microsoft.WindowsDesktop.App.WPF
1>                    FrameworkReferenceVersion=3.0.0
1>                    NuGetPackageId=Microsoft.WindowsDesktop.App.Ref
1>                    NuGetPackageVersion=3.0.0
1>                    Private=false
1>                    PublicKeyToken=cc7b13ffcd2ddd51
1>            C:\Users\hansnguyen\.nuget\packages\microsoft.windowsdesktop.app.ref\3.0.0\ref\netcoreapp3.0\System.Diagnostics.EventLog.dll
1>                    AssemblyVersion=4.0.1.0
1>                    ExternallyResolved=true
1>                    FileVersion=4.700.19.46214
1>                    FrameworkReferenceName=Microsoft.WindowsDesktop.App.WPF
1>                    FrameworkReferenceVersion=3.0.0
1>                    NuGetPackageId=Microsoft.WindowsDesktop.App.Ref
1>                    NuGetPackageVersion=3.0.0
1>                    Private=false
1>                    PublicKeyToken=cc7b13ffcd2ddd51
1>            C:\Users\hansnguyen\.nuget\packages\microsoft.windowsdesktop.app.ref\3.0.0\ref\netcoreapp3.0\System.Diagnostics.PerformanceCounter.dll
1>                    AssemblyVersion=4.0.1.0
1>                    ExternallyResolved=true
1>                    FileVersion=4.700.19.37515
1>                    FrameworkReferenceName=Microsoft.WindowsDesktop.App.WPF
1>                    FrameworkReferenceVersion=3.0.0
1>                    NuGetPackageId=Microsoft.WindowsDesktop.App.Ref
1>                    NuGetPackageVersion=3.0.0
1>                    Private=false
1>                    PublicKeyToken=cc7b13ffcd2ddd51
1>            C:\Users\hansnguyen\.nuget\packages\microsoft.windowsdesktop.app.ref\3.0.0\ref\netcoreapp3.0\System.DirectoryServices.dll
1>                    AssemblyVersion=4.0.0.0
1>                    ExternallyResolved=true
1>                    FileVersion=4.700.19.46214
1>                    FrameworkReferenceName=Microsoft.WindowsDesktop.App.WPF
1>                    FrameworkReferenceVersion=3.0.0
1>                    NuGetPackageId=Microsoft.WindowsDesktop.App.Ref
1>                    NuGetPackageVersion=3.0.0
1>                    Private=false
1>                    PublicKeyToken=b03f5f7f11d50a3a
1>            C:\Users\hansnguyen\.nuget\packages\microsoft.windowsdesktop.app.ref\3.0.0\ref\netcoreapp3.0\System.IO.FileSystem.AccessControl.dll
1>                    AssemblyVersion=4.0.4.0
1>                    ExternallyResolved=true
1>                    FileVersion=4.700.19.46214
1>                    FrameworkReferenceName=Microsoft.WindowsDesktop.App.WPF
1>                    FrameworkReferenceVersion=3.0.0
1>                    NuGetPackageId=Microsoft.WindowsDesktop.App.Ref
1>                    NuGetPackageVersion=3.0.0
1>                    Private=false
1>                    PublicKeyToken=b03f5f7f11d50a3a
1>            C:\Users\hansnguyen\.nuget\packages\microsoft.windowsdesktop.app.ref\3.0.0\ref\netcoreapp3.0\System.IO.Packaging.dll
1>                    AssemblyVersion=4.0.4.0
1>                    ExternallyResolved=true
1>                    FileVersion=4.700.19.46214
1>                    FrameworkReferenceName=Microsoft.WindowsDesktop.App.WPF
1>                    FrameworkReferenceVersion=3.0.0
1>                    NuGetPackageId=Microsoft.WindowsDesktop.App.Ref
1>                    NuGetPackageVersion=3.0.0
1>                    Private=false
1>                    PublicKeyToken=b03f5f7f11d50a3a
1>            C:\Users\hansnguyen\.nuget\packages\microsoft.windowsdesktop.app.ref\3.0.0\ref\netcoreapp3.0\System.IO.Pipes.AccessControl.dll
1>                    AssemblyVersion=4.0.3.0
1>                    ExternallyResolved=true
1>                    FileVersion=4.6.26606.5
1>                    FrameworkReferenceName=Microsoft.WindowsDesktop.App.WPF
1>                    FrameworkReferenceVersion=3.0.0
1>                    NuGetPackageId=Microsoft.WindowsDesktop.App.Ref
1>                    NuGetPackageVersion=3.0.0
1>                    Private=false
1>                    PublicKeyToken=b03f5f7f11d50a3a
1>            C:\Users\hansnguyen\.nuget\packages\microsoft.windowsdesktop.app.ref\3.0.0\ref\netcoreapp3.0\System.Printing.dll
1>                    AssemblyVersion=4.0.0.0
1>                    ExternallyResolved=true
1>                    FileVersion=4.800.19.46214
1>                    FrameworkReferenceName=Microsoft.WindowsDesktop.App.WPF
1>                    FrameworkReferenceVersion=3.0.0
1>                    NuGetPackageId=Microsoft.WindowsDesktop.App.Ref
1>                    NuGetPackageVersion=3.0.0
1>                    Private=false
1>                    PublicKeyToken=31bf3856ad364e35
1>            C:\Users\hansnguyen\.nuget\packages\microsoft.windowsdesktop.app.ref\3.0.0\ref\netcoreapp3.0\System.Resources.Extensions.dll
1>                    AssemblyVersion=4.0.0.0
1>                    ExternallyResolved=true
1>                    FileVersion=4.700.19.46214
1>                    FrameworkReferenceName=Microsoft.WindowsDesktop.App.WPF
1>                    FrameworkReferenceVersion=3.0.0
1>                    NuGetPackageId=Microsoft.WindowsDesktop.App.Ref
1>                    NuGetPackageVersion=3.0.0
1>                    Private=false
1>                    PublicKeyToken=cc7b13ffcd2ddd51
1>            C:\Users\hansnguyen\.nuget\packages\microsoft.windowsdesktop.app.ref\3.0.0\ref\netcoreapp3.0\System.Security.AccessControl.dll
1>                    AssemblyVersion=4.1.1.0
1>                    ExternallyResolved=true
1>                    FileVersion=4.700.19.46214
1>                    FrameworkReferenceName=Microsoft.WindowsDesktop.App.WPF
1>                    FrameworkReferenceVersion=3.0.0
1>                    NuGetPackageId=Microsoft.WindowsDesktop.App.Ref
1>                    NuGetPackageVersion=3.0.0
1>                    Private=false
1>                    PublicKeyToken=b03f5f7f11d50a3a
1>            C:\Users\hansnguyen\.nuget\packages\microsoft.windowsdesktop.app.ref\3.0.0\ref\netcoreapp3.0\System.Security.Cryptography.Cng.dll
1>                    AssemblyVersion=4.3.2.0
1>                    ExternallyResolved=true
1>                    FileVersion=4.700.19.46214
1>                    FrameworkReferenceName=Microsoft.WindowsDesktop.App.WPF
1>                    FrameworkReferenceVersion=3.0.0
1>                    NuGetPackageId=Microsoft.WindowsDesktop.App.Ref
1>                    NuGetPackageVersion=3.0.0
1>                    Private=false
1>                    PublicKeyToken=b03f5f7f11d50a3a
1>            C:\Users\hansnguyen\.nuget\packages\microsoft.windowsdesktop.app.ref\3.0.0\ref\netcoreapp3.0\System.Security.Cryptography.Pkcs.dll
1>                    AssemblyVersion=4.1.0.0
1>                    ExternallyResolved=true
1>                    FileVersion=4.700.19.46214
1>                    FrameworkReferenceName=Microsoft.WindowsDesktop.App.WPF
1>                    FrameworkReferenceVersion=3.0.0
1>                    NuGetPackageId=Microsoft.WindowsDesktop.App.Ref
1>                    NuGetPackageVersion=3.0.0
1>                    Private=false
1>                    PublicKeyToken=b03f5f7f11d50a3a
1>            C:\Users\hansnguyen\.nuget\packages\microsoft.windowsdesktop.app.ref\3.0.0\ref\netcoreapp3.0\System.Security.Cryptography.ProtectedData.dll
1>                    AssemblyVersion=4.0.4.0
1>                    ExternallyResolved=true
1>                    FileVersion=4.700.19.46214
1>                    FrameworkReferenceName=Microsoft.WindowsDesktop.App.WPF
1>                    FrameworkReferenceVersion=3.0.0
1>                    NuGetPackageId=Microsoft.WindowsDesktop.App.Ref
1>                    NuGetPackageVersion=3.0.0
1>                    Private=false
1>                    PublicKeyToken=b03f5f7f11d50a3a
1>            C:\Users\hansnguyen\.nuget\packages\microsoft.windowsdesktop.app.ref\3.0.0\ref\netcoreapp3.0\System.Security.Cryptography.Xml.dll
1>                    AssemblyVersion=4.0.2.0
1>                    ExternallyResolved=true
1>                    FileVersion=4.700.19.46214
1>                    FrameworkReferenceName=Microsoft.WindowsDesktop.App.WPF
1>                    FrameworkReferenceVersion=3.0.0
1>                    NuGetPackageId=Microsoft.WindowsDesktop.App.Ref
1>                    NuGetPackageVersion=3.0.0
1>                    Private=false
1>                    PublicKeyToken=cc7b13ffcd2ddd51
1>            C:\Users\hansnguyen\.nuget\packages\microsoft.windowsdesktop.app.ref\3.0.0\ref\netcoreapp3.0\System.Security.Permissions.dll
1>                    AssemblyVersion=4.0.2.0
1>                    ExternallyResolved=true
1>                    FileVersion=4.700.19.46214
1>                    FrameworkReferenceName=Microsoft.WindowsDesktop.App.WPF
1>                    FrameworkReferenceVersion=3.0.0
1>                    NuGetPackageId=Microsoft.WindowsDesktop.App.Ref
1>                    NuGetPackageVersion=3.0.0
1>                    Private=false
1>                    PublicKeyToken=cc7b13ffcd2ddd51
1>            C:\Users\hansnguyen\.nuget\packages\microsoft.windowsdesktop.app.ref\3.0.0\ref\netcoreapp3.0\System.Security.Principal.Windows.dll
1>                    AssemblyVersion=4.1.1.0
1>                    ExternallyResolved=true
1>                    FileVersion=4.700.19.46214
1>                    FrameworkReferenceName=Microsoft.WindowsDesktop.App.WPF
1>                    FrameworkReferenceVersion=3.0.0
1>                    NuGetPackageId=Microsoft.WindowsDesktop.App.Ref
1>                    NuGetPackageVersion=3.0.0
1>                    Private=false
1>                    PublicKeyToken=b03f5f7f11d50a3a
1>            C:\Users\hansnguyen\.nuget\packages\microsoft.windowsdesktop.app.ref\3.0.0\ref\netcoreapp3.0\System.Threading.AccessControl.dll
1>                    AssemblyVersion=4.0.4.0
1>                    ExternallyResolved=true
1>                    FileVersion=4.700.19.46214
1>                    FrameworkReferenceName=Microsoft.WindowsDesktop.App.WPF
1>                    FrameworkReferenceVersion=3.0.0
1>                    NuGetPackageId=Microsoft.WindowsDesktop.App.Ref
1>                    NuGetPackageVersion=3.0.0
1>                    Private=false
1>                    PublicKeyToken=b03f5f7f11d50a3a
1>            C:\Users\hansnguyen\.nuget\packages\microsoft.windowsdesktop.app.ref\3.0.0\ref\netcoreapp3.0\System.Windows.Controls.Ribbon.dll
1>                    AssemblyVersion=4.0.0.0
1>                    ExternallyResolved=true
1>                    FileVersion=4.800.19.46214
1>                    FrameworkReferenceName=Microsoft.WindowsDesktop.App.WPF
1>                    FrameworkReferenceVersion=3.0.0
1>                    NuGetPackageId=Microsoft.WindowsDesktop.App.Ref
1>                    NuGetPackageVersion=3.0.0
1>                    Private=false
1>                    PublicKeyToken=b77a5c561934e089
1>            C:\Users\hansnguyen\.nuget\packages\microsoft.windowsdesktop.app.ref\3.0.0\ref\netcoreapp3.0\System.Windows.Extensions.dll
1>                    AssemblyVersion=4.0.0.0
1>                    ExternallyResolved=true
1>                    FileVersion=4.700.19.46214
1>                    FrameworkReferenceName=Microsoft.WindowsDesktop.App.WPF
1>                    FrameworkReferenceVersion=3.0.0
1>                    NuGetPackageId=Microsoft.WindowsDesktop.App.Ref
1>                    NuGetPackageVersion=3.0.0
1>                    Private=false
1>                    PublicKeyToken=cc7b13ffcd2ddd51
1>            C:\Users\hansnguyen\.nuget\packages\microsoft.windowsdesktop.app.ref\3.0.0\ref\netcoreapp3.0\System.Windows.Input.Manipulations.dll
1>                    AssemblyVersion=4.0.0.0
1>                    ExternallyResolved=true
1>                    FileVersion=4.800.19.46214
1>                    FrameworkReferenceName=Microsoft.WindowsDesktop.App.WPF
1>                    FrameworkReferenceVersion=3.0.0
1>                    NuGetPackageId=Microsoft.WindowsDesktop.App.Ref
1>                    NuGetPackageVersion=3.0.0
1>                    Private=false
1>                    PublicKeyToken=b77a5c561934e089
1>            C:\Users\hansnguyen\.nuget\packages\microsoft.windowsdesktop.app.ref\3.0.0\ref\netcoreapp3.0\System.Windows.Presentation.dll
1>                    AssemblyVersion=4.0.0.0
1>                    ExternallyResolved=true
1>                    FileVersion=4.800.19.46214
1>                    FrameworkReferenceName=Microsoft.WindowsDesktop.App.WPF
1>                    FrameworkReferenceVersion=3.0.0
1>                    NuGetPackageId=Microsoft.WindowsDesktop.App.Ref
1>                    NuGetPackageVersion=3.0.0
1>                    Private=false
1>                    PublicKeyToken=b77a5c561934e089
1>            C:\Users\hansnguyen\.nuget\packages\microsoft.windowsdesktop.app.ref\3.0.0\ref\netcoreapp3.0\System.Xaml.dll
1>                    AssemblyVersion=4.0.0.0
1>                    ExternallyResolved=true
1>                    FileVersion=4.800.19.46214
1>                    FrameworkReferenceName=Microsoft.WindowsDesktop.App.WPF
1>                    FrameworkReferenceVersion=3.0.0
1>                    NuGetPackageId=Microsoft.WindowsDesktop.App.Ref
1>                    NuGetPackageVersion=3.0.0
1>                    Private=false
1>                    PublicKeyToken=b77a5c561934e089
1>            C:\Users\hansnguyen\.nuget\packages\microsoft.windowsdesktop.app.ref\3.0.0\ref\netcoreapp3.0\UIAutomationClient.dll
1>                    AssemblyVersion=4.0.0.0
1>                    ExternallyResolved=true
1>                    FileVersion=4.800.19.46214
1>                    FrameworkReferenceName=Microsoft.WindowsDesktop.App.WPF
1>                    FrameworkReferenceVersion=3.0.0
1>                    NuGetPackageId=Microsoft.WindowsDesktop.App.Ref
1>                    NuGetPackageVersion=3.0.0
1>                    Private=false
1>                    PublicKeyToken=31bf3856ad364e35
1>            C:\Users\hansnguyen\.nuget\packages\microsoft.windowsdesktop.app.ref\3.0.0\ref\netcoreapp3.0\UIAutomationClientSideProviders.dll
1>                    AssemblyVersion=4.0.0.0
1>                    ExternallyResolved=true
1>                    FileVersion=4.800.19.46214
1>                    FrameworkReferenceName=Microsoft.WindowsDesktop.App.WPF
1>                    FrameworkReferenceVersion=3.0.0
1>                    NuGetPackageId=Microsoft.WindowsDesktop.App.Ref
1>                    NuGetPackageVersion=3.0.0
1>                    Private=false
1>                    PublicKeyToken=b77a5c561934e089
1>            C:\Users\hansnguyen\.nuget\packages\microsoft.windowsdesktop.app.ref\3.0.0\ref\netcoreapp3.0\UIAutomationProvider.dll
1>                    AssemblyVersion=4.0.0.0
1>                    ExternallyResolved=true
1>                    FileVersion=4.800.19.46214
1>                    FrameworkReferenceName=Microsoft.WindowsDesktop.App.WPF
1>                    FrameworkReferenceVersion=3.0.0
1>                    NuGetPackageId=Microsoft.WindowsDesktop.App.Ref
1>                    NuGetPackageVersion=3.0.0
1>                    Private=false
1>                    PublicKeyToken=31bf3856ad364e35
1>            C:\Users\hansnguyen\.nuget\packages\microsoft.windowsdesktop.app.ref\3.0.0\ref\netcoreapp3.0\UIAutomationTypes.dll
1>                    AssemblyVersion=4.0.0.0
1>                    ExternallyResolved=true
1>                    FileVersion=4.800.19.46214
1>                    FrameworkReferenceName=Microsoft.WindowsDesktop.App.WPF
1>                    FrameworkReferenceVersion=3.0.0
1>                    NuGetPackageId=Microsoft.WindowsDesktop.App.Ref
1>                    NuGetPackageVersion=3.0.0
1>                    Private=false
1>                    PublicKeyToken=31bf3856ad364e35
1>            C:\Users\hansnguyen\.nuget\packages\microsoft.windowsdesktop.app.ref\3.0.0\ref\netcoreapp3.0\WindowsBase.dll
1>                    AssemblyVersion=4.0.0.0
1>                    ExternallyResolved=true
1>                    FileVersion=4.800.19.46214
1>                    FrameworkReferenceName=Microsoft.WindowsDesktop.App.WPF
1>                    FrameworkReferenceVersion=3.0.0
1>                    NuGetPackageId=Microsoft.WindowsDesktop.App.Ref
1>                    NuGetPackageVersion=3.0.0
1>                    Private=false
1>                    PublicKeyToken=31bf3856ad364e35
1>    Output Item(s): 
1>        _ReferenceCopyLocalPathsWithoutConflicts=
1>            C:\Users\hansnguyen\.nuget\packages\c1.xaml.wpf\4.5.20213.749\lib\netcoreapp3.0\C1.WPF.4.5.2.dll
1>                    AssetType=runtime
1>                    CopyLocal=true
1>                    DestinationSubPath=C1.WPF.4.5.2.dll
1>                    NuGetPackageId=C1.Xaml.WPF
1>                    NuGetPackageVersion=4.5.20213.749
1>                    PathInPackage=lib/netcoreapp3.0/C1.WPF.4.5.2.dll
1>            C:\Users\hansnguyen\.nuget\packages\c1.xaml.wpf.datetimeeditors\4.5.20213.749\lib\netcoreapp3.0\C1.WPF.DateTimeEditors.4.5.2.dll
1>                    AssetType=runtime
1>                    CopyLocal=true
1>                    DestinationSubPath=C1.WPF.DateTimeEditors.4.5.2.dll
1>                    NuGetPackageId=C1.Xaml.WPF.DateTimeEditors
1>                    NuGetPackageVersion=4.5.20213.749
1>                    PathInPackage=lib/netcoreapp3.0/C1.WPF.DateTimeEditors.4.5.2.dll
1>            C:\Users\hansnguyen\.nuget\packages\c1.xaml.wpf.flexgrid\4.5.20213.749\lib\netcoreapp3.0\C1.WPF.FlexGrid.4.5.2.dll
1>                    AssetType=runtime
1>                    CopyLocal=true
1>                    DestinationSubPath=C1.WPF.FlexGrid.4.5.2.dll
1>                    NuGetPackageId=C1.Xaml.WPF.FlexGrid
1>                    NuGetPackageVersion=4.5.20213.749
1>                    PathInPackage=lib/netcoreapp3.0/C1.WPF.FlexGrid.4.5.2.dll
1>            C:\Users\hansnguyen\.nuget\packages\c1.xaml.wpf.flexgrid.grouppanel\4.5.20213.749\lib\netcoreapp3.0\C1.WPF.FlexGrid.GroupPanel.4.5.2.dll
1>                    AssetType=runtime
1>                    CopyLocal=true
1>                    DestinationSubPath=C1.WPF.FlexGrid.GroupPanel.4.5.2.dll
1>                    NuGetPackageId=C1.Xaml.WPF.FlexGrid.GroupPanel
1>                    NuGetPackageVersion=4.5.20213.749
1>                    PathInPackage=lib/netcoreapp3.0/C1.WPF.FlexGrid.GroupPanel.4.5.2.dll
1>            C:\Users\hansnguyen\.nuget\packages\c1.xaml.wpf.flexgridfilter\4.5.20213.749\lib\netcoreapp3.0\C1.WPF.FlexGridFilter.4.5.2.dll
1>                    AssetType=runtime
1>                    CopyLocal=true
1>                    DestinationSubPath=C1.WPF.FlexGridFilter.4.5.2.dll
1>                    NuGetPackageId=C1.Xaml.WPF.FlexGridFilter
1>                    NuGetPackageVersion=4.5.20213.749
1>                    PathInPackage=lib/netcoreapp3.0/C1.WPF.FlexGridFilter.4.5.2.dll
1>            C:\Users\hansnguyen\.nuget\packages\c1.xaml.wpf.toolbar\4.5.20213.749\lib\netcoreapp3.0\C1.WPF.Toolbar.4.5.2.dll
1>                    AssetType=runtime
1>                    CopyLocal=true
1>                    DestinationSubPath=C1.WPF.Toolbar.4.5.2.dll
1>                    NuGetPackageId=C1.Xaml.WPF.Toolbar
1>                    NuGetPackageVersion=4.5.20213.749
1>                    PathInPackage=lib/netcoreapp3.0/C1.WPF.Toolbar.4.5.2.dll
1>            C:\Users\hansnguyen\.nuget\packages\c1.xaml.wpf\4.5.20213.749\lib\netcoreapp3.0\ar\C1.WPF.4.5.2.resources.dll
1>                    AssetType=resources
1>                    CopyLocal=true
1>                    Culture=ar
1>                    DestinationSubDirectory=ar\
1>                    DestinationSubPath=ar\C1.WPF.4.5.2.resources.dll
1>                    NuGetPackageId=C1.Xaml.WPF
1>                    NuGetPackageVersion=4.5.20213.749
1>                    PathInPackage=lib/netcoreapp3.0/ar/C1.WPF.4.5.2.resources.dll
1>            C:\Users\hansnguyen\.nuget\packages\c1.xaml.wpf\4.5.20213.749\lib\netcoreapp3.0\cs\C1.WPF.4.5.2.resources.dll
1>                    AssetType=resources
1>                    CopyLocal=true
1>                    Culture=cs
1>                    DestinationSubDirectory=cs\
1>                    DestinationSubPath=cs\C1.WPF.4.5.2.resources.dll
1>                    NuGetPackageId=C1.Xaml.WPF
1>                    NuGetPackageVersion=4.5.20213.749
1>                    PathInPackage=lib/netcoreapp3.0/cs/C1.WPF.4.5.2.resources.dll
1>            C:\Users\hansnguyen\.nuget\packages\c1.xaml.wpf\4.5.20213.749\lib\netcoreapp3.0\da\C1.WPF.4.5.2.resources.dll
1>                    AssetType=resources
1>                    CopyLocal=true
1>                    Culture=da
1>                    DestinationSubDirectory=da\
1>                    DestinationSubPath=da\C1.WPF.4.5.2.resources.dll
1>                    NuGetPackageId=C1.Xaml.WPF
1>                    NuGetPackageVersion=4.5.20213.749
1>                    PathInPackage=lib/netcoreapp3.0/da/C1.WPF.4.5.2.resources.dll
1>            C:\Users\hansnguyen\.nuget\packages\c1.xaml.wpf\4.5.20213.749\lib\netcoreapp3.0\de\C1.WPF.4.5.2.resources.dll
1>                    AssetType=resources
1>                    CopyLocal=true
1>                    Culture=de
1>                    DestinationSubDirectory=de\
1>                    DestinationSubPath=de\C1.WPF.4.5.2.resources.dll
1>                    NuGetPackageId=C1.Xaml.WPF
1>                    NuGetPackageVersion=4.5.20213.749
1>                    PathInPackage=lib/netcoreapp3.0/de/C1.WPF.4.5.2.resources.dll
1>            C:\Users\hansnguyen\.nuget\packages\c1.xaml.wpf\4.5.20213.749\lib\netcoreapp3.0\el\C1.WPF.4.5.2.resources.dll
1>                    AssetType=resources
1>                    CopyLocal=true
1>                    Culture=el
1>                    DestinationSubDirectory=el\
1>                    DestinationSubPath=el\C1.WPF.4.5.2.resources.dll
1>                    NuGetPackageId=C1.Xaml.WPF
1>                    NuGetPackageVersion=4.5.20213.749
1>                    PathInPackage=lib/netcoreapp3.0/el/C1.WPF.4.5.2.resources.dll
1>            C:\Users\hansnguyen\.nuget\packages\c1.xaml.wpf\4.5.20213.749\lib\netcoreapp3.0\es\C1.WPF.4.5.2.resources.dll
1>                    AssetType=resources
1>                    CopyLocal=true
1>                    Culture=es
1>                    DestinationSubDirectory=es\
1>                    DestinationSubPath=es\C1.WPF.4.5.2.resources.dll
1>                    NuGetPackageId=C1.Xaml.WPF
1>                    NuGetPackageVersion=4.5.20213.749
1>                    PathInPackage=lib/netcoreapp3.0/es/C1.WPF.4.5.2.resources.dll
1>            C:\Users\hansnguyen\.nuget\packages\c1.xaml.wpf\4.5.20213.749\lib\netcoreapp3.0\fi\C1.WPF.4.5.2.resources.dll
1>                    AssetType=resources
1>                    CopyLocal=true
1>                    Culture=fi
1>                    DestinationSubDirectory=fi\
1>                    DestinationSubPath=fi\C1.WPF.4.5.2.resources.dll
1>                    NuGetPackageId=C1.Xaml.WPF
1>                    NuGetPackageVersion=4.5.20213.749
1>                    PathInPackage=lib/netcoreapp3.0/fi/C1.WPF.4.5.2.resources.dll
1>            C:\Users\hansnguyen\.nuget\packages\c1.xaml.wpf\4.5.20213.749\lib\netcoreapp3.0\fr\C1.WPF.4.5.2.resources.dll
1>                    AssetType=resources
1>                    CopyLocal=true
1>                    Culture=fr
1>                    DestinationSubDirectory=fr\
1>                    DestinationSubPath=fr\C1.WPF.4.5.2.resources.dll
1>                    NuGetPackageId=C1.Xaml.WPF
1>                    NuGetPackageVersion=4.5.20213.749
1>                    PathInPackage=lib/netcoreapp3.0/fr/C1.WPF.4.5.2.resources.dll
1>            C:\Users\hansnguyen\.nuget\packages\c1.xaml.wpf\4.5.20213.749\lib\netcoreapp3.0\he\C1.WPF.4.5.2.resources.dll
1>                    AssetType=resources
1>                    CopyLocal=true
1>                    Culture=he
1>                    DestinationSubDirectory=he\
1>                    DestinationSubPath=he\C1.WPF.4.5.2.resources.dll
1>                    NuGetPackageId=C1.Xaml.WPF
1>                    NuGetPackageVersion=4.5.20213.749
1>                    PathInPackage=lib/netcoreapp3.0/he/C1.WPF.4.5.2.resources.dll
1>            C:\Users\hansnguyen\.nuget\packages\c1.xaml.wpf\4.5.20213.749\lib\netcoreapp3.0\it\C1.WPF.4.5.2.resources.dll
1>                    AssetType=resources
1>                    CopyLocal=true
1>                    Culture=it
1>                    DestinationSubDirectory=it\
1>                    DestinationSubPath=it\C1.WPF.4.5.2.resources.dll
1>                    NuGetPackageId=C1.Xaml.WPF
1>                    NuGetPackageVersion=4.5.20213.749
1>                    PathInPackage=lib/netcoreapp3.0/it/C1.WPF.4.5.2.resources.dll
1>            C:\Users\hansnguyen\.nuget\packages\c1.xaml.wpf\4.5.20213.749\lib\netcoreapp3.0\ja\C1.WPF.4.5.2.resources.dll
1>                    AssetType=resources
1>                    CopyLocal=true
1>                    Culture=ja
1>                    DestinationSubDirectory=ja\
1>                    DestinationSubPath=ja\C1.WPF.4.5.2.resources.dll
1>                    NuGetPackageId=C1.Xaml.WPF
1>                    NuGetPackageVersion=4.5.20213.749
1>                    PathInPackage=lib/netcoreapp3.0/ja/C1.WPF.4.5.2.resources.dll
1>            C:\Users\hansnguyen\.nuget\packages\c1.xaml.wpf\4.5.20213.749\lib\netcoreapp3.0\ko\C1.WPF.4.5.2.resources.dll
1>                    AssetType=resources
1>                    CopyLocal=true
1>                    Culture=ko
1>                    DestinationSubDirectory=ko\
1>                    DestinationSubPath=ko\C1.WPF.4.5.2.resources.dll
1>                    NuGetPackageId=C1.Xaml.WPF
1>                    NuGetPackageVersion=4.5.20213.749
1>                    PathInPackage=lib/netcoreapp3.0/ko/C1.WPF.4.5.2.resources.dll
1>            C:\Users\hansnguyen\.nuget\packages\c1.xaml.wpf\4.5.20213.749\lib\netcoreapp3.0\nl\C1.WPF.4.5.2.resources.dll
1>                    AssetType=resources
1>                    CopyLocal=true
1>                    Culture=nl
1>                    DestinationSubDirectory=nl\
1>                    DestinationSubPath=nl\C1.WPF.4.5.2.resources.dll
1>                    NuGetPackageId=C1.Xaml.WPF
1>                    NuGetPackageVersion=4.5.20213.749
1>                    PathInPackage=lib/netcoreapp3.0/nl/C1.WPF.4.5.2.resources.dll
1>            C:\Users\hansnguyen\.nuget\packages\c1.xaml.wpf\4.5.20213.749\lib\netcoreapp3.0\no\C1.WPF.4.5.2.resources.dll
1>                    AssetType=resources
1>                    CopyLocal=true
1>                    Culture=no
1>                    DestinationSubDirectory=no\
1>                    DestinationSubPath=no\C1.WPF.4.5.2.resources.dll
1>                    NuGetPackageId=C1.Xaml.WPF
1>                    NuGetPackageVersion=4.5.20213.749
1>                    PathInPackage=lib/netcoreapp3.0/no/C1.WPF.4.5.2.resources.dll
1>            C:\Users\hansnguyen\.nuget\packages\c1.xaml.wpf\4.5.20213.749\lib\netcoreapp3.0\pl\C1.WPF.4.5.2.resources.dll
1>                    AssetType=resources
1>                    CopyLocal=true
1>                    Culture=pl
1>                    DestinationSubDirectory=pl\
1>                    DestinationSubPath=pl\C1.WPF.4.5.2.resources.dll
1>                    NuGetPackageId=C1.Xaml.WPF
1>                    NuGetPackageVersion=4.5.20213.749
1>                    PathInPackage=lib/netcoreapp3.0/pl/C1.WPF.4.5.2.resources.dll
1>            C:\Users\hansnguyen\.nuget\packages\c1.xaml.wpf\4.5.20213.749\lib\netcoreapp3.0\pt\C1.WPF.4.5.2.resources.dll
1>                    AssetType=resources
1>                    CopyLocal=true
1>                    Culture=pt
1>                    DestinationSubDirectory=pt\
1>                    DestinationSubPath=pt\C1.WPF.4.5.2.resources.dll
1>                    NuGetPackageId=C1.Xaml.WPF
1>                    NuGetPackageVersion=4.5.20213.749
1>                    PathInPackage=lib/netcoreapp3.0/pt/C1.WPF.4.5.2.resources.dll
1>            C:\Users\hansnguyen\.nuget\packages\c1.xaml.wpf\4.5.20213.749\lib\netcoreapp3.0\ro\C1.WPF.4.5.2.resources.dll
1>                    AssetType=resources
1>                    CopyLocal=true
1>                    Culture=ro
1>                    DestinationSubDirectory=ro\
1>                    DestinationSubPath=ro\C1.WPF.4.5.2.resources.dll
1>                    NuGetPackageId=C1.Xaml.WPF
1>                    NuGetPackageVersion=4.5.20213.749
1>                    PathInPackage=lib/netcoreapp3.0/ro/C1.WPF.4.5.2.resources.dll
1>            C:\Users\hansnguyen\.nuget\packages\c1.xaml.wpf\4.5.20213.749\lib\netcoreapp3.0\ru\C1.WPF.4.5.2.resources.dll
1>                    AssetType=resources
1>                    CopyLocal=true
1>                    Culture=ru
1>                    DestinationSubDirectory=ru\
1>                    DestinationSubPath=ru\C1.WPF.4.5.2.resources.dll
1>                    NuGetPackageId=C1.Xaml.WPF
1>                    NuGetPackageVersion=4.5.20213.749
1>                    PathInPackage=lib/netcoreapp3.0/ru/C1.WPF.4.5.2.resources.dll
1>            C:\Users\hansnguyen\.nuget\packages\c1.xaml.wpf\4.5.20213.749\lib\netcoreapp3.0\sk\C1.WPF.4.5.2.resources.dll
1>                    AssetType=resources
1>                    CopyLocal=true
1>                    Culture=sk
1>                    DestinationSubDirectory=sk\
1>                    DestinationSubPath=sk\C1.WPF.4.5.2.resources.dll
1>                    NuGetPackageId=C1.Xaml.WPF
1>                    NuGetPackageVersion=4.5.20213.749
1>                    PathInPackage=lib/netcoreapp3.0/sk/C1.WPF.4.5.2.resources.dll
1>            C:\Users\hansnguyen\.nuget\packages\c1.xaml.wpf\4.5.20213.749\lib\netcoreapp3.0\sv\C1.WPF.4.5.2.resources.dll
1>                    AssetType=resources
1>                    CopyLocal=true
1>                    Culture=sv
1>                    DestinationSubDirectory=sv\
1>                    DestinationSubPath=sv\C1.WPF.4.5.2.resources.dll
1>                    NuGetPackageId=C1.Xaml.WPF
1>                    NuGetPackageVersion=4.5.20213.749
1>                    PathInPackage=lib/netcoreapp3.0/sv/C1.WPF.4.5.2.resources.dll
1>            C:\Users\hansnguyen\.nuget\packages\c1.xaml.wpf\4.5.20213.749\lib\netcoreapp3.0\tr\C1.WPF.4.5.2.resources.dll
1>                    AssetType=resources
1>                    CopyLocal=true
1>                    Culture=tr
1>                    DestinationSubDirectory=tr\
1>                    DestinationSubPath=tr\C1.WPF.4.5.2.resources.dll
1>                    NuGetPackageId=C1.Xaml.WPF
1>                    NuGetPackageVersion=4.5.20213.749
1>                    PathInPackage=lib/netcoreapp3.0/tr/C1.WPF.4.5.2.resources.dll
1>            C:\Users\hansnguyen\.nuget\packages\c1.xaml.wpf\4.5.20213.749\lib\netcoreapp3.0\zh-Hans\C1.WPF.4.5.2.resources.dll
1>                    AssetType=resources
1>                    CopyLocal=true
1>                    Culture=zh-Hans
1>                    DestinationSubDirectory=zh-Hans\
1>                    DestinationSubPath=zh-Hans\C1.WPF.4.5.2.resources.dll
1>                    NuGetPackageId=C1.Xaml.WPF
1>                    NuGetPackageVersion=4.5.20213.749
1>                    PathInPackage=lib/netcoreapp3.0/zh-Hans/C1.WPF.4.5.2.resources.dll
1>            C:\Users\hansnguyen\.nuget\packages\c1.xaml.wpf\4.5.20213.749\lib\netcoreapp3.0\zh-Hant\C1.WPF.4.5.2.resources.dll
1>                    AssetType=resources
1>                    CopyLocal=true
1>                    Culture=zh-Hant
1>                    DestinationSubDirectory=zh-Hant\
1>                    DestinationSubPath=zh-Hant\C1.WPF.4.5.2.resources.dll
1>                    NuGetPackageId=C1.Xaml.WPF
1>                    NuGetPackageVersion=4.5.20213.749
1>                    PathInPackage=lib/netcoreapp3.0/zh-Hant/C1.WPF.4.5.2.resources.dll
1>            C:\Users\hansnguyen\.nuget\packages\c1.xaml.wpf\4.5.20213.749\lib\netcoreapp3.0\zh\C1.WPF.4.5.2.resources.dll
1>                    AssetType=resources
1>                    CopyLocal=true
1>                    Culture=zh
1>                    DestinationSubDirectory=zh\
1>                    DestinationSubPath=zh\C1.WPF.4.5.2.resources.dll
1>                    NuGetPackageId=C1.Xaml.WPF
1>                    NuGetPackageVersion=4.5.20213.749
1>                    PathInPackage=lib/netcoreapp3.0/zh/C1.WPF.4.5.2.resources.dll
1>            C:\Users\hansnguyen\.nuget\packages\c1.xaml.wpf.flexgrid.grouppanel\4.5.20213.749\lib\netcoreapp3.0\ar\C1.WPF.FlexGrid.GroupPanel.4.5.2.resources.dll
1>                    AssetType=resources
1>                    CopyLocal=true
1>                    Culture=ar
1>                    DestinationSubDirectory=ar\
1>                    DestinationSubPath=ar\C1.WPF.FlexGrid.GroupPanel.4.5.2.resources.dll
1>                    NuGetPackageId=C1.Xaml.WPF.FlexGrid.GroupPanel
1>                    NuGetPackageVersion=4.5.20213.749
1>                    PathInPackage=lib/netcoreapp3.0/ar/C1.WPF.FlexGrid.GroupPanel.4.5.2.resources.dll
1>            C:\Users\hansnguyen\.nuget\packages\c1.xaml.wpf.flexgrid.grouppanel\4.5.20213.749\lib\netcoreapp3.0\cs\C1.WPF.FlexGrid.GroupPanel.4.5.2.resources.dll
1>                    AssetType=resources
1>                    CopyLocal=true
1>                    Culture=cs
1>                    DestinationSubDirectory=cs\
1>                    DestinationSubPath=cs\C1.WPF.FlexGrid.GroupPanel.4.5.2.resources.dll
1>                    NuGetPackageId=C1.Xaml.WPF.FlexGrid.GroupPanel
1>                    NuGetPackageVersion=4.5.20213.749
1>                    PathInPackage=lib/netcoreapp3.0/cs/C1.WPF.FlexGrid.GroupPanel.4.5.2.resources.dll
1>            C:\Users\hansnguyen\.nuget\packages\c1.xaml.wpf.flexgrid.grouppanel\4.5.20213.749\lib\netcoreapp3.0\da\C1.WPF.FlexGrid.GroupPanel.4.5.2.resources.dll
1>                    AssetType=resources
1>                    CopyLocal=true
1>                    Culture=da
1>                    DestinationSubDirectory=da\
1>                    DestinationSubPath=da\C1.WPF.FlexGrid.GroupPanel.4.5.2.resources.dll
1>                    NuGetPackageId=C1.Xaml.WPF.FlexGrid.GroupPanel
1>                    NuGetPackageVersion=4.5.20213.749
1>                    PathInPackage=lib/netcoreapp3.0/da/C1.WPF.FlexGrid.GroupPanel.4.5.2.resources.dll
1>            C:\Users\hansnguyen\.nuget\packages\c1.xaml.wpf.flexgrid.grouppanel\4.5.20213.749\lib\netcoreapp3.0\de\C1.WPF.FlexGrid.GroupPanel.4.5.2.resources.dll
1>                    AssetType=resources
1>                    CopyLocal=true
1>                    Culture=de
1>                    DestinationSubDirectory=de\
1>                    DestinationSubPath=de\C1.WPF.FlexGrid.GroupPanel.4.5.2.resources.dll
1>                    NuGetPackageId=C1.Xaml.WPF.FlexGrid.GroupPanel
1>                    NuGetPackageVersion=4.5.20213.749
1>                    PathInPackage=lib/netcoreapp3.0/de/C1.WPF.FlexGrid.GroupPanel.4.5.2.resources.dll
1>            C:\Users\hansnguyen\.nuget\packages\c1.xaml.wpf.flexgrid.grouppanel\4.5.20213.749\lib\netcoreapp3.0\el\C1.WPF.FlexGrid.GroupPanel.4.5.2.resources.dll
1>                    AssetType=resources
1>                    CopyLocal=true
1>                    Culture=el
1>                    DestinationSubDirectory=el\
1>                    DestinationSubPath=el\C1.WPF.FlexGrid.GroupPanel.4.5.2.resources.dll
1>                    NuGetPackageId=C1.Xaml.WPF.FlexGrid.GroupPanel
1>                    NuGetPackageVersion=4.5.20213.749
1>                    PathInPackage=lib/netcoreapp3.0/el/C1.WPF.FlexGrid.GroupPanel.4.5.2.resources.dll
1>            C:\Users\hansnguyen\.nuget\packages\c1.xaml.wpf.flexgrid.grouppanel\4.5.20213.749\lib\netcoreapp3.0\es\C1.WPF.FlexGrid.GroupPanel.4.5.2.resources.dll
1>                    AssetType=resources
1>                    CopyLocal=true
1>                    Culture=es
1>                    DestinationSubDirectory=es\
1>                    DestinationSubPath=es\C1.WPF.FlexGrid.GroupPanel.4.5.2.resources.dll
1>                    NuGetPackageId=C1.Xaml.WPF.FlexGrid.GroupPanel
1>                    NuGetPackageVersion=4.5.20213.749
1>                    PathInPackage=lib/netcoreapp3.0/es/C1.WPF.FlexGrid.GroupPanel.4.5.2.resources.dll
1>            C:\Users\hansnguyen\.nuget\packages\c1.xaml.wpf.flexgrid.grouppanel\4.5.20213.749\lib\netcoreapp3.0\fi\C1.WPF.FlexGrid.GroupPanel.4.5.2.resources.dll
1>                    AssetType=resources
1>                    CopyLocal=true
1>                    Culture=fi
1>                    DestinationSubDirectory=fi\
1>                    DestinationSubPath=fi\C1.WPF.FlexGrid.GroupPanel.4.5.2.resources.dll
1>                    NuGetPackageId=C1.Xaml.WPF.FlexGrid.GroupPanel
1>                    NuGetPackageVersion=4.5.20213.749
1>                    PathInPackage=lib/netcoreapp3.0/fi/C1.WPF.FlexGrid.GroupPanel.4.5.2.resources.dll
1>            C:\Users\hansnguyen\.nuget\packages\c1.xaml.wpf.flexgrid.grouppanel\4.5.20213.749\lib\netcoreapp3.0\fr\C1.WPF.FlexGrid.GroupPanel.4.5.2.resources.dll
1>                    AssetType=resources
1>                    CopyLocal=true
1>                    Culture=fr
1>                    DestinationSubDirectory=fr\
1>                    DestinationSubPath=fr\C1.WPF.FlexGrid.GroupPanel.4.5.2.resources.dll
1>                    NuGetPackageId=C1.Xaml.WPF.FlexGrid.GroupPanel
1>                    NuGetPackageVersion=4.5.20213.749
1>                    PathInPackage=lib/netcoreapp3.0/fr/C1.WPF.FlexGrid.GroupPanel.4.5.2.resources.dll
1>            C:\Users\hansnguyen\.nuget\packages\c1.xaml.wpf.flexgrid.grouppanel\4.5.20213.749\lib\netcoreapp3.0\he\C1.WPF.FlexGrid.GroupPanel.4.5.2.resources.dll
1>                    AssetType=resources
1>                    CopyLocal=true
1>                    Culture=he
1>                    DestinationSubDirectory=he\
1>                    DestinationSubPath=he\C1.WPF.FlexGrid.GroupPanel.4.5.2.resources.dll
1>                    NuGetPackageId=C1.Xaml.WPF.FlexGrid.GroupPanel
1>                    NuGetPackageVersion=4.5.20213.749
1>                    PathInPackage=lib/netcoreapp3.0/he/C1.WPF.FlexGrid.GroupPanel.4.5.2.resources.dll
1>            C:\Users\hansnguyen\.nuget\packages\c1.xaml.wpf.flexgrid.grouppanel\4.5.20213.749\lib\netcoreapp3.0\hi\C1.WPF.FlexGrid.GroupPanel.4.5.2.resources.dll
1>                    AssetType=resources
1>                    CopyLocal=true
1>                    Culture=hi
1>                    DestinationSubDirectory=hi\
1>                    DestinationSubPath=hi\C1.WPF.FlexGrid.GroupPanel.4.5.2.resources.dll
1>                    NuGetPackageId=C1.Xaml.WPF.FlexGrid.GroupPanel
1>                    NuGetPackageVersion=4.5.20213.749
1>                    PathInPackage=lib/netcoreapp3.0/hi/C1.WPF.FlexGrid.GroupPanel.4.5.2.resources.dll
1>            C:\Users\hansnguyen\.nuget\packages\c1.xaml.wpf.flexgrid.grouppanel\4.5.20213.749\lib\netcoreapp3.0\it\C1.WPF.FlexGrid.GroupPanel.4.5.2.resources.dll
1>                    AssetType=resources
1>                    CopyLocal=true
1>                    Culture=it
1>                    DestinationSubDirectory=it\
1>                    DestinationSubPath=it\C1.WPF.FlexGrid.GroupPanel.4.5.2.resources.dll
1>                    NuGetPackageId=C1.Xaml.WPF.FlexGrid.GroupPanel
1>                    NuGetPackageVersion=4.5.20213.749
1>                    PathInPackage=lib/netcoreapp3.0/it/C1.WPF.FlexGrid.GroupPanel.4.5.2.resources.dll
1>            C:\Users\hansnguyen\.nuget\packages\c1.xaml.wpf.flexgrid.grouppanel\4.5.20213.749\lib\netcoreapp3.0\ja\C1.WPF.FlexGrid.GroupPanel.4.5.2.resources.dll
1>                    AssetType=resources
1>                    CopyLocal=true
1>                    Culture=ja
1>                    DestinationSubDirectory=ja\
1>                    DestinationSubPath=ja\C1.WPF.FlexGrid.GroupPanel.4.5.2.resources.dll
1>                    NuGetPackageId=C1.Xaml.WPF.FlexGrid.GroupPanel
1>                    NuGetPackageVersion=4.5.20213.749
1>                    PathInPackage=lib/netcoreapp3.0/ja/C1.WPF.FlexGrid.GroupPanel.4.5.2.resources.dll
1>            C:\Users\hansnguyen\.nuget\packages\c1.xaml.wpf.flexgrid.grouppanel\4.5.20213.749\lib\netcoreapp3.0\ko\C1.WPF.FlexGrid.GroupPanel.4.5.2.resources.dll
1>                    AssetType=resources
1>                    CopyLocal=true
1>                    Culture=ko
1>                    DestinationSubDirectory=ko\
1>                    DestinationSubPath=ko\C1.WPF.FlexGrid.GroupPanel.4.5.2.resources.dll
1>                    NuGetPackageId=C1.Xaml.WPF.FlexGrid.GroupPanel
1>                    NuGetPackageVersion=4.5.20213.749
1>                    PathInPackage=lib/netcoreapp3.0/ko/C1.WPF.FlexGrid.GroupPanel.4.5.2.resources.dll
1>            C:\Users\hansnguyen\.nuget\packages\c1.xaml.wpf.flexgrid.grouppanel\4.5.20213.749\lib\netcoreapp3.0\nl\C1.WPF.FlexGrid.GroupPanel.4.5.2.resources.dll
1>                    AssetType=resources
1>                    CopyLocal=true
1>                    Culture=nl
1>                    DestinationSubDirectory=nl\
1>                    DestinationSubPath=nl\C1.WPF.FlexGrid.GroupPanel.4.5.2.resources.dll
1>                    NuGetPackageId=C1.Xaml.WPF.FlexGrid.GroupPanel
1>                    NuGetPackageVersion=4.5.20213.749
1>                    PathInPackage=lib/netcoreapp3.0/nl/C1.WPF.FlexGrid.GroupPanel.4.5.2.resources.dll
1>            C:\Users\hansnguyen\.nuget\packages\c1.xaml.wpf.flexgrid.grouppanel\4.5.20213.749\lib\netcoreapp3.0\no\C1.WPF.FlexGrid.GroupPanel.4.5.2.resources.dll
1>                    AssetType=resources
1>                    CopyLocal=true
1>                    Culture=no
1>                    DestinationSubDirectory=no\
1>                    DestinationSubPath=no\C1.WPF.FlexGrid.GroupPanel.4.5.2.resources.dll
1>                    NuGetPackageId=C1.Xaml.WPF.FlexGrid.GroupPanel
1>                    NuGetPackageVersion=4.5.20213.749
1>                    PathInPackage=lib/netcoreapp3.0/no/C1.WPF.FlexGrid.GroupPanel.4.5.2.resources.dll
1>            C:\Users\hansnguyen\.nuget\packages\c1.xaml.wpf.flexgrid.grouppanel\4.5.20213.749\lib\netcoreapp3.0\pl\C1.WPF.FlexGrid.GroupPanel.4.5.2.resources.dll
1>                    AssetType=resources
1>                    CopyLocal=true
1>                    Culture=pl
1>                    DestinationSubDirectory=pl\
1>                    DestinationSubPath=pl\C1.WPF.FlexGrid.GroupPanel.4.5.2.resources.dll
1>                    NuGetPackageId=C1.Xaml.WPF.FlexGrid.GroupPanel
1>                    NuGetPackageVersion=4.5.20213.749
1>                    PathInPackage=lib/netcoreapp3.0/pl/C1.WPF.FlexGrid.GroupPanel.4.5.2.resources.dll
1>            C:\Users\hansnguyen\.nuget\packages\c1.xaml.wpf.flexgrid.grouppanel\4.5.20213.749\lib\netcoreapp3.0\pt\C1.WPF.FlexGrid.GroupPanel.4.5.2.resources.dll
1>                    AssetType=resources
1>                    CopyLocal=true
1>                    Culture=pt
1>                    DestinationSubDirectory=pt\
1>                    DestinationSubPath=pt\C1.WPF.FlexGrid.GroupPanel.4.5.2.resources.dll
1>                    NuGetPackageId=C1.Xaml.WPF.FlexGrid.GroupPanel
1>                    NuGetPackageVersion=4.5.20213.749
1>                    PathInPackage=lib/netcoreapp3.0/pt/C1.WPF.FlexGrid.GroupPanel.4.5.2.resources.dll
1>            C:\Users\hansnguyen\.nuget\packages\c1.xaml.wpf.flexgrid.grouppanel\4.5.20213.749\lib\netcoreapp3.0\ro\C1.WPF.FlexGrid.GroupPanel.4.5.2.resources.dll
1>                    AssetType=resources
1>                    CopyLocal=true
1>                    Culture=ro
1>                    DestinationSubDirectory=ro\
1>                    DestinationSubPath=ro\C1.WPF.FlexGrid.GroupPanel.4.5.2.resources.dll
1>                    NuGetPackageId=C1.Xaml.WPF.FlexGrid.GroupPanel
1>                    NuGetPackageVersion=4.5.20213.749
1>                    PathInPackage=lib/netcoreapp3.0/ro/C1.WPF.FlexGrid.GroupPanel.4.5.2.resources.dll
1>            C:\Users\hansnguyen\.nuget\packages\c1.xaml.wpf.flexgrid.grouppanel\4.5.20213.749\lib\netcoreapp3.0\ru\C1.WPF.FlexGrid.GroupPanel.4.5.2.resources.dll
1>                    AssetType=resources
1>                    CopyLocal=true
1>                    Culture=ru
1>                    DestinationSubDirectory=ru\
1>                    DestinationSubPath=ru\C1.WPF.FlexGrid.GroupPanel.4.5.2.resources.dll
1>                    NuGetPackageId=C1.Xaml.WPF.FlexGrid.GroupPanel
1>                    NuGetPackageVersion=4.5.20213.749
1>                    PathInPackage=lib/netcoreapp3.0/ru/C1.WPF.FlexGrid.GroupPanel.4.5.2.resources.dll
1>            C:\Users\hansnguyen\.nuget\packages\c1.xaml.wpf.flexgrid.grouppanel\4.5.20213.749\lib\netcoreapp3.0\sk\C1.WPF.FlexGrid.GroupPanel.4.5.2.resources.dll
1>                    AssetType=resources
1>                    CopyLocal=true
1>                    Culture=sk
1>                    DestinationSubDirectory=sk\
1>                    DestinationSubPath=sk\C1.WPF.FlexGrid.GroupPanel.4.5.2.resources.dll
1>                    NuGetPackageId=C1.Xaml.WPF.FlexGrid.GroupPanel
1>                    NuGetPackageVersion=4.5.20213.749
1>                    PathInPackage=lib/netcoreapp3.0/sk/C1.WPF.FlexGrid.GroupPanel.4.5.2.resources.dll
1>            C:\Users\hansnguyen\.nuget\packages\c1.xaml.wpf.flexgrid.grouppanel\4.5.20213.749\lib\netcoreapp3.0\sv\C1.WPF.FlexGrid.GroupPanel.4.5.2.resources.dll
1>                    AssetType=resources
1>                    CopyLocal=true
1>                    Culture=sv
1>                    DestinationSubDirectory=sv\
1>                    DestinationSubPath=sv\C1.WPF.FlexGrid.GroupPanel.4.5.2.resources.dll
1>                    NuGetPackageId=C1.Xaml.WPF.FlexGrid.GroupPanel
1>                    NuGetPackageVersion=4.5.20213.749
1>                    PathInPackage=lib/netcoreapp3.0/sv/C1.WPF.FlexGrid.GroupPanel.4.5.2.resources.dll
1>            C:\Users\hansnguyen\.nuget\packages\c1.xaml.wpf.flexgrid.grouppanel\4.5.20213.749\lib\netcoreapp3.0\tr\C1.WPF.FlexGrid.GroupPanel.4.5.2.resources.dll
1>                    AssetType=resources
1>                    CopyLocal=true
1>                    Culture=tr
1>                    DestinationSubDirectory=tr\
1>                    DestinationSubPath=tr\C1.WPF.FlexGrid.GroupPanel.4.5.2.resources.dll
1>                    NuGetPackageId=C1.Xaml.WPF.FlexGrid.GroupPanel
1>                    NuGetPackageVersion=4.5.20213.749
1>                    PathInPackage=lib/netcoreapp3.0/tr/C1.WPF.FlexGrid.GroupPanel.4.5.2.resources.dll
1>            C:\Users\hansnguyen\.nuget\packages\c1.xaml.wpf.flexgrid.grouppanel\4.5.20213.749\lib\netcoreapp3.0\zh-Hans\C1.WPF.FlexGrid.GroupPanel.4.5.2.resources.dll
1>                    AssetType=resources
1>                    CopyLocal=true
1>                    Culture=zh-Hans
1>                    DestinationSubDirectory=zh-Hans\
1>                    DestinationSubPath=zh-Hans\C1.WPF.FlexGrid.GroupPanel.4.5.2.resources.dll
1>                    NuGetPackageId=C1.Xaml.WPF.FlexGrid.GroupPanel
1>                    NuGetPackageVersion=4.5.20213.749
1>                    PathInPackage=lib/netcoreapp3.0/zh-Hans/C1.WPF.FlexGrid.GroupPanel.4.5.2.resources.dll
1>            C:\Users\hansnguyen\.nuget\packages\c1.xaml.wpf.flexgrid.grouppanel\4.5.20213.749\lib\netcoreapp3.0\zh-Hant\C1.WPF.FlexGrid.GroupPanel.4.5.2.resources.dll
1>                    AssetType=resources
1>                    CopyLocal=true
1>                    Culture=zh-Hant
1>                    DestinationSubDirectory=zh-Hant\
1>                    DestinationSubPath=zh-Hant\C1.WPF.FlexGrid.GroupPanel.4.5.2.resources.dll
1>                    NuGetPackageId=C1.Xaml.WPF.FlexGrid.GroupPanel
1>                    NuGetPackageVersion=4.5.20213.749
1>                    PathInPackage=lib/netcoreapp3.0/zh-Hant/C1.WPF.FlexGrid.GroupPanel.4.5.2.resources.dll
1>            C:\Users\hansnguyen\.nuget\packages\c1.xaml.wpf.flexgrid.grouppanel\4.5.20213.749\lib\netcoreapp3.0\zh\C1.WPF.FlexGrid.GroupPanel.4.5.2.resources.dll
1>                    AssetType=resources
1>                    CopyLocal=true
1>                    Culture=zh
1>                    DestinationSubDirectory=zh\
1>                    DestinationSubPath=zh\C1.WPF.FlexGrid.GroupPanel.4.5.2.resources.dll
1>                    NuGetPackageId=C1.Xaml.WPF.FlexGrid.GroupPanel
1>                    NuGetPackageVersion=4.5.20213.749
1>                    PathInPackage=lib/netcoreapp3.0/zh/C1.WPF.FlexGrid.GroupPanel.4.5.2.resources.dll
1>            C:\Users\hansnguyen\.nuget\packages\c1.xaml.wpf.flexgridfilter\4.5.20213.749\lib\netcoreapp3.0\ar\C1.WPF.FlexGridFilter.4.5.2.resources.dll
1>                    AssetType=resources
1>                    CopyLocal=true
1>                    Culture=ar
1>                    DestinationSubDirectory=ar\
1>                    DestinationSubPath=ar\C1.WPF.FlexGridFilter.4.5.2.resources.dll
1>                    NuGetPackageId=C1.Xaml.WPF.FlexGridFilter
1>                    NuGetPackageVersion=4.5.20213.749
1>                    PathInPackage=lib/netcoreapp3.0/ar/C1.WPF.FlexGridFilter.4.5.2.resources.dll
1>            C:\Users\hansnguyen\.nuget\packages\c1.xaml.wpf.flexgridfilter\4.5.20213.749\lib\netcoreapp3.0\cs\C1.WPF.FlexGridFilter.4.5.2.resources.dll
1>                    AssetType=resources
1>                    CopyLocal=true
1>                    Culture=cs
1>                    DestinationSubDirectory=cs\
1>                    DestinationSubPath=cs\C1.WPF.FlexGridFilter.4.5.2.resources.dll
1>                    NuGetPackageId=C1.Xaml.WPF.FlexGridFilter
1>                    NuGetPackageVersion=4.5.20213.749
1>                    PathInPackage=lib/netcoreapp3.0/cs/C1.WPF.FlexGridFilter.4.5.2.resources.dll
1>            C:\Users\hansnguyen\.nuget\packages\c1.xaml.wpf.flexgridfilter\4.5.20213.749\lib\netcoreapp3.0\da\C1.WPF.FlexGridFilter.4.5.2.resources.dll
1>                    AssetType=resources
1>                    CopyLocal=true
1>                    Culture=da
1>                    DestinationSubDirectory=da\
1>                    DestinationSubPath=da\C1.WPF.FlexGridFilter.4.5.2.resources.dll
1>                    NuGetPackageId=C1.Xaml.WPF.FlexGridFilter
1>                    NuGetPackageVersion=4.5.20213.749
1>                    PathInPackage=lib/netcoreapp3.0/da/C1.WPF.FlexGridFilter.4.5.2.resources.dll
1>            C:\Users\hansnguyen\.nuget\packages\c1.xaml.wpf.flexgridfilter\4.5.20213.749\lib\netcoreapp3.0\de\C1.WPF.FlexGridFilter.4.5.2.resources.dll
1>                    AssetType=resources
1>                    CopyLocal=true
1>                    Culture=de
1>                    DestinationSubDirectory=de\
1>                    DestinationSubPath=de\C1.WPF.FlexGridFilter.4.5.2.resources.dll
1>                    NuGetPackageId=C1.Xaml.WPF.FlexGridFilter
1>                    NuGetPackageVersion=4.5.20213.749
1>                    PathInPackage=lib/netcoreapp3.0/de/C1.WPF.FlexGridFilter.4.5.2.resources.dll
1>            C:\Users\hansnguyen\.nuget\packages\c1.xaml.wpf.flexgridfilter\4.5.20213.749\lib\netcoreapp3.0\el\C1.WPF.FlexGridFilter.4.5.2.resources.dll
1>                    AssetType=resources
1>                    CopyLocal=true
1>                    Culture=el
1>                    DestinationSubDirectory=el\
1>                    DestinationSubPath=el\C1.WPF.FlexGridFilter.4.5.2.resources.dll
1>                    NuGetPackageId=C1.Xaml.WPF.FlexGridFilter
1>                    NuGetPackageVersion=4.5.20213.749
1>                    PathInPackage=lib/netcoreapp3.0/el/C1.WPF.FlexGridFilter.4.5.2.resources.dll
1>            C:\Users\hansnguyen\.nuget\packages\c1.xaml.wpf.flexgridfilter\4.5.20213.749\lib\netcoreapp3.0\es\C1.WPF.FlexGridFilter.4.5.2.resources.dll
1>                    AssetType=resources
1>                    CopyLocal=true
1>                    Culture=es
1>                    DestinationSubDirectory=es\
1>                    DestinationSubPath=es\C1.WPF.FlexGridFilter.4.5.2.resources.dll
1>                    NuGetPackageId=C1.Xaml.WPF.FlexGridFilter
1>                    NuGetPackageVersion=4.5.20213.749
1>                    PathInPackage=lib/netcoreapp3.0/es/C1.WPF.FlexGridFilter.4.5.2.resources.dll
1>            C:\Users\hansnguyen\.nuget\packages\c1.xaml.wpf.flexgridfilter\4.5.20213.749\lib\netcoreapp3.0\fi\C1.WPF.FlexGridFilter.4.5.2.resources.dll
1>                    AssetType=resources
1>                    CopyLocal=true
1>                    Culture=fi
1>                    DestinationSubDirectory=fi\
1>                    DestinationSubPath=fi\C1.WPF.FlexGridFilter.4.5.2.resources.dll
1>                    NuGetPackageId=C1.Xaml.WPF.FlexGridFilter
1>                    NuGetPackageVersion=4.5.20213.749
1>                    PathInPackage=lib/netcoreapp3.0/fi/C1.WPF.FlexGridFilter.4.5.2.resources.dll
1>            C:\Users\hansnguyen\.nuget\packages\c1.xaml.wpf.flexgridfilter\4.5.20213.749\lib\netcoreapp3.0\fr\C1.WPF.FlexGridFilter.4.5.2.resources.dll
1>                    AssetType=resources
1>                    CopyLocal=true
1>                    Culture=fr
1>                    DestinationSubDirectory=fr\
1>                    DestinationSubPath=fr\C1.WPF.FlexGridFilter.4.5.2.resources.dll
1>                    NuGetPackageId=C1.Xaml.WPF.FlexGridFilter
1>                    NuGetPackageVersion=4.5.20213.749
1>                    PathInPackage=lib/netcoreapp3.0/fr/C1.WPF.FlexGridFilter.4.5.2.resources.dll
1>            C:\Users\hansnguyen\.nuget\packages\c1.xaml.wpf.flexgridfilter\4.5.20213.749\lib\netcoreapp3.0\he\C1.WPF.FlexGridFilter.4.5.2.resources.dll
1>                    AssetType=resources
1>                    CopyLocal=true
1>                    Culture=he
1>                    DestinationSubDirectory=he\
1>                    DestinationSubPath=he\C1.WPF.FlexGridFilter.4.5.2.resources.dll
1>                    NuGetPackageId=C1.Xaml.WPF.FlexGridFilter
1>                    NuGetPackageVersion=4.5.20213.749
1>                    PathInPackage=lib/netcoreapp3.0/he/C1.WPF.FlexGridFilter.4.5.2.resources.dll
1>            C:\Users\hansnguyen\.nuget\packages\c1.xaml.wpf.flexgridfilter\4.5.20213.749\lib\netcoreapp3.0\it\C1.WPF.FlexGridFilter.4.5.2.resources.dll
1>                    AssetType=resources
1>                    CopyLocal=true
1>                    Culture=it
1>                    DestinationSubDirectory=it\
1>                    DestinationSubPath=it\C1.WPF.FlexGridFilter.4.5.2.resources.dll
1>                    NuGetPackageId=C1.Xaml.WPF.FlexGridFilter
1>                    NuGetPackageVersion=4.5.20213.749
1>                    PathInPackage=lib/netcoreapp3.0/it/C1.WPF.FlexGridFilter.4.5.2.resources.dll
1>            C:\Users\hansnguyen\.nuget\packages\c1.xaml.wpf.flexgridfilter\4.5.20213.749\lib\netcoreapp3.0\ja\C1.WPF.FlexGridFilter.4.5.2.resources.dll
1>                    AssetType=resources
1>                    CopyLocal=true
1>                    Culture=ja
1>                    DestinationSubDirectory=ja\
1>                    DestinationSubPath=ja\C1.WPF.FlexGridFilter.4.5.2.resources.dll
1>                    NuGetPackageId=C1.Xaml.WPF.FlexGridFilter
1>                    NuGetPackageVersion=4.5.20213.749
1>                    PathInPackage=lib/netcoreapp3.0/ja/C1.WPF.FlexGridFilter.4.5.2.resources.dll
1>            C:\Users\hansnguyen\.nuget\packages\c1.xaml.wpf.flexgridfilter\4.5.20213.749\lib\netcoreapp3.0\ko\C1.WPF.FlexGridFilter.4.5.2.resources.dll
1>                    AssetType=resources
1>                    CopyLocal=true
1>                    Culture=ko
1>                    DestinationSubDirectory=ko\
1>                    DestinationSubPath=ko\C1.WPF.FlexGridFilter.4.5.2.resources.dll
1>                    NuGetPackageId=C1.Xaml.WPF.FlexGridFilter
1>                    NuGetPackageVersion=4.5.20213.749
1>                    PathInPackage=lib/netcoreapp3.0/ko/C1.WPF.FlexGridFilter.4.5.2.resources.dll
1>            C:\Users\hansnguyen\.nuget\packages\c1.xaml.wpf.flexgridfilter\4.5.20213.749\lib\netcoreapp3.0\nl\C1.WPF.FlexGridFilter.4.5.2.resources.dll
1>                    AssetType=resources
1>                    CopyLocal=true
1>                    Culture=nl
1>                    DestinationSubDirectory=nl\
1>                    DestinationSubPath=nl\C1.WPF.FlexGridFilter.4.5.2.resources.dll
1>                    NuGetPackageId=C1.Xaml.WPF.FlexGridFilter
1>                    NuGetPackageVersion=4.5.20213.749
1>                    PathInPackage=lib/netcoreapp3.0/nl/C1.WPF.FlexGridFilter.4.5.2.resources.dll
1>            C:\Users\hansnguyen\.nuget\packages\c1.xaml.wpf.flexgridfilter\4.5.20213.749\lib\netcoreapp3.0\no\C1.WPF.FlexGridFilter.4.5.2.resources.dll
1>                    AssetType=resources
1>                    CopyLocal=true
1>                    Culture=no
1>                    DestinationSubDirectory=no\
1>                    DestinationSubPath=no\C1.WPF.FlexGridFilter.4.5.2.resources.dll
1>                    NuGetPackageId=C1.Xaml.WPF.FlexGridFilter
1>                    NuGetPackageVersion=4.5.20213.749
1>                    PathInPackage=lib/netcoreapp3.0/no/C1.WPF.FlexGridFilter.4.5.2.resources.dll
1>            C:\Users\hansnguyen\.nuget\packages\c1.xaml.wpf.flexgridfilter\4.5.20213.749\lib\netcoreapp3.0\pl\C1.WPF.FlexGridFilter.4.5.2.resources.dll
1>                    AssetType=resources
1>                    CopyLocal=true
1>                    Culture=pl
1>                    DestinationSubDirectory=pl\
1>                    DestinationSubPath=pl\C1.WPF.FlexGridFilter.4.5.2.resources.dll
1>                    NuGetPackageId=C1.Xaml.WPF.FlexGridFilter
1>                    NuGetPackageVersion=4.5.20213.749
1>                    PathInPackage=lib/netcoreapp3.0/pl/C1.WPF.FlexGridFilter.4.5.2.resources.dll
1>            C:\Users\hansnguyen\.nuget\packages\c1.xaml.wpf.flexgridfilter\4.5.20213.749\lib\netcoreapp3.0\pt\C1.WPF.FlexGridFilter.4.5.2.resources.dll
1>                    AssetType=resources
1>                    CopyLocal=true
1>                    Culture=pt
1>                    DestinationSubDirectory=pt\
1>                    DestinationSubPath=pt\C1.WPF.FlexGridFilter.4.5.2.resources.dll
1>                    NuGetPackageId=C1.Xaml.WPF.FlexGridFilter
1>                    NuGetPackageVersion=4.5.20213.749
1>                    PathInPackage=lib/netcoreapp3.0/pt/C1.WPF.FlexGridFilter.4.5.2.resources.dll
1>            C:\Users\hansnguyen\.nuget\packages\c1.xaml.wpf.flexgridfilter\4.5.20213.749\lib\netcoreapp3.0\ro\C1.WPF.FlexGridFilter.4.5.2.resources.dll
1>                    AssetType=resources
1>                    CopyLocal=true
1>                    Culture=ro
1>                    DestinationSubDirectory=ro\
1>                    DestinationSubPath=ro\C1.WPF.FlexGridFilter.4.5.2.resources.dll
1>                    NuGetPackageId=C1.Xaml.WPF.FlexGridFilter
1>                    NuGetPackageVersion=4.5.20213.749
1>                    PathInPackage=lib/netcoreapp3.0/ro/C1.WPF.FlexGridFilter.4.5.2.resources.dll
1>            C:\Users\hansnguyen\.nuget\packages\c1.xaml.wpf.flexgridfilter\4.5.20213.749\lib\netcoreapp3.0\ru\C1.WPF.FlexGridFilter.4.5.2.resources.dll
1>                    AssetType=resources
1>                    CopyLocal=true
1>                    Culture=ru
1>                    DestinationSubDirectory=ru\
1>                    DestinationSubPath=ru\C1.WPF.FlexGridFilter.4.5.2.resources.dll
1>                    NuGetPackageId=C1.Xaml.WPF.FlexGridFilter
1>                    NuGetPackageVersion=4.5.20213.749
1>                    PathInPackage=lib/netcoreapp3.0/ru/C1.WPF.FlexGridFilter.4.5.2.resources.dll
1>            C:\Users\hansnguyen\.nuget\packages\c1.xaml.wpf.flexgridfilter\4.5.20213.749\lib\netcoreapp3.0\sk\C1.WPF.FlexGridFilter.4.5.2.resources.dll
1>                    AssetType=resources
1>                    CopyLocal=true
1>                    Culture=sk
1>                    DestinationSubDirectory=sk\
1>                    DestinationSubPath=sk\C1.WPF.FlexGridFilter.4.5.2.resources.dll
1>                    NuGetPackageId=C1.Xaml.WPF.FlexGridFilter
1>                    NuGetPackageVersion=4.5.20213.749
1>                    PathInPackage=lib/netcoreapp3.0/sk/C1.WPF.FlexGridFilter.4.5.2.resources.dll
1>            C:\Users\hansnguyen\.nuget\packages\c1.xaml.wpf.flexgridfilter\4.5.20213.749\lib\netcoreapp3.0\sv\C1.WPF.FlexGridFilter.4.5.2.resources.dll
1>                    AssetType=resources
1>                    CopyLocal=true
1>                    Culture=sv
1>                    DestinationSubDirectory=sv\
1>                    DestinationSubPath=sv\C1.WPF.FlexGridFilter.4.5.2.resources.dll
1>                    NuGetPackageId=C1.Xaml.WPF.FlexGridFilter
1>                    NuGetPackageVersion=4.5.20213.749
1>                    PathInPackage=lib/netcoreapp3.0/sv/C1.WPF.FlexGridFilter.4.5.2.resources.dll
1>            C:\Users\hansnguyen\.nuget\packages\c1.xaml.wpf.flexgridfilter\4.5.20213.749\lib\netcoreapp3.0\tr\C1.WPF.FlexGridFilter.4.5.2.resources.dll
1>                    AssetType=resources
1>                    CopyLocal=true
1>                    Culture=tr
1>                    DestinationSubDirectory=tr\
1>                    DestinationSubPath=tr\C1.WPF.FlexGridFilter.4.5.2.resources.dll
1>                    NuGetPackageId=C1.Xaml.WPF.FlexGridFilter
1>                    NuGetPackageVersion=4.5.20213.749
1>                    PathInPackage=lib/netcoreapp3.0/tr/C1.WPF.FlexGridFilter.4.5.2.resources.dll
1>            C:\Users\hansnguyen\.nuget\packages\c1.xaml.wpf.flexgridfilter\4.5.20213.749\lib\netcoreapp3.0\zh-Hans\C1.WPF.FlexGridFilter.4.5.2.resources.dll
1>                    AssetType=resources
1>                    CopyLocal=true
1>                    Culture=zh-Hans
1>                    DestinationSubDirectory=zh-Hans\
1>                    DestinationSubPath=zh-Hans\C1.WPF.FlexGridFilter.4.5.2.resources.dll
1>                    NuGetPackageId=C1.Xaml.WPF.FlexGridFilter
1>                    NuGetPackageVersion=4.5.20213.749
1>                    PathInPackage=lib/netcoreapp3.0/zh-Hans/C1.WPF.FlexGridFilter.4.5.2.resources.dll
1>            C:\Users\hansnguyen\.nuget\packages\c1.xaml.wpf.flexgridfilter\4.5.20213.749\lib\netcoreapp3.0\zh-Hant\C1.WPF.FlexGridFilter.4.5.2.resources.dll
1>                    AssetType=resources
1>                    CopyLocal=true
1>                    Culture=zh-Hant
1>                    DestinationSubDirectory=zh-Hant\
1>                    DestinationSubPath=zh-Hant\C1.WPF.FlexGridFilter.4.5.2.resources.dll
1>                    NuGetPackageId=C1.Xaml.WPF.FlexGridFilter
1>                    NuGetPackageVersion=4.5.20213.749
1>                    PathInPackage=lib/netcoreapp3.0/zh-Hant/C1.WPF.FlexGridFilter.4.5.2.resources.dll
1>            C:\Users\hansnguyen\.nuget\packages\c1.xaml.wpf.flexgridfilter\4.5.20213.749\lib\netcoreapp3.0\zh\C1.WPF.FlexGridFilter.4.5.2.resources.dll
1>                    AssetType=resources
1>                    CopyLocal=true
1>                    Culture=zh
1>                    DestinationSubDirectory=zh\
1>                    DestinationSubPath=zh\C1.WPF.FlexGridFilter.4.5.2.resources.dll
1>                    NuGetPackageId=C1.Xaml.WPF.FlexGridFilter
1>                    NuGetPackageVersion=4.5.20213.749
1>                    PathInPackage=lib/netcoreapp3.0/zh/C1.WPF.FlexGridFilter.4.5.2.resources.dll
1>    Output Item(s): 
1>        _ConflictPackageFiles=
1>            C:\Users\hansnguyen\.nuget\packages\microsoft.netcore.app.ref\3.0.0\ref\netcoreapp3.0\WindowsBase.dll
1>                    ConflictItemType=Reference
1>                    NuGetPackageId=Microsoft.NETCore.App.Ref
1>  Done executing task "ResolvePackageFileConflicts".
1>  Removed Item(s): 
1>      Reference=
1>          C:\Users\hansnguyen\.nuget\packages\c1.xaml.wpf\4.5.20213.749\lib\netcoreapp3.0\C1.WPF.4.5.2.dll
1>                  ExternallyResolved=true
1>                  HintPath=C:\Users\hansnguyen\.nuget\packages\c1.xaml.wpf\4.5.20213.749\lib\netcoreapp3.0\C1.WPF.4.5.2.dll
1>                  NuGetPackageId=C1.Xaml.WPF
1>                  NuGetPackageVersion=4.5.20213.749
1>                  NuGetSourceType=Package
1>                  PathInPackage=lib/netcoreapp3.0/C1.WPF.4.5.2.dll
1>                  Private=false
1>          C:\Users\hansnguyen\.nuget\packages\c1.xaml.wpf.datetimeeditors\4.5.20213.749\lib\netcoreapp3.0\C1.WPF.DateTimeEditors.4.5.2.dll
1>                  ExternallyResolved=true
1>                  HintPath=C:\Users\hansnguyen\.nuget\packages\c1.xaml.wpf.datetimeeditors\4.5.20213.749\lib\netcoreapp3.0\C1.WPF.DateTimeEditors.4.5.2.dll
1>                  NuGetPackageId=C1.Xaml.WPF.DateTimeEditors
1>                  NuGetPackageVersion=4.5.20213.749
1>                  NuGetSourceType=Package
1>                  PathInPackage=lib/netcoreapp3.0/C1.WPF.DateTimeEditors.4.5.2.dll
1>                  Private=false
1>          C:\Users\hansnguyen\.nuget\packages\c1.xaml.wpf.flexgrid\4.5.20213.749\lib\netcoreapp3.0\C1.WPF.FlexGrid.4.5.2.dll
1>                  ExternallyResolved=true
1>                  HintPath=C:\Users\hansnguyen\.nuget\packages\c1.xaml.wpf.flexgrid\4.5.20213.749\lib\netcoreapp3.0\C1.WPF.FlexGrid.4.5.2.dll
1>                  NuGetPackageId=C1.Xaml.WPF.FlexGrid
1>                  NuGetPackageVersion=4.5.20213.749
1>                  NuGetSourceType=Package
1>                  PathInPackage=lib/netcoreapp3.0/C1.WPF.FlexGrid.4.5.2.dll
1>                  Private=false
1>          C:\Users\hansnguyen\.nuget\packages\c1.xaml.wpf.flexgrid.grouppanel\4.5.20213.749\lib\netcoreapp3.0\C1.WPF.FlexGrid.GroupPanel.4.5.2.dll
1>                  ExternallyResolved=true
1>                  HintPath=C:\Users\hansnguyen\.nuget\packages\c1.xaml.wpf.flexgrid.grouppanel\4.5.20213.749\lib\netcoreapp3.0\C1.WPF.FlexGrid.GroupPanel.4.5.2.dll
1>                  NuGetPackageId=C1.Xaml.WPF.FlexGrid.GroupPanel
1>                  NuGetPackageVersion=4.5.20213.749
1>                  NuGetSourceType=Package
1>                  PathInPackage=lib/netcoreapp3.0/C1.WPF.FlexGrid.GroupPanel.4.5.2.dll
1>                  Private=false
1>          C:\Users\hansnguyen\.nuget\packages\c1.xaml.wpf.flexgridfilter\4.5.20213.749\lib\netcoreapp3.0\C1.WPF.FlexGridFilter.4.5.2.dll
1>                  ExternallyResolved=true
1>                  HintPath=C:\Users\hansnguyen\.nuget\packages\c1.xaml.wpf.flexgridfilter\4.5.20213.749\lib\netcoreapp3.0\C1.WPF.FlexGridFilter.4.5.2.dll
1>                  NuGetPackageId=C1.Xaml.WPF.FlexGridFilter
1>                  NuGetPackageVersion=4.5.20213.749
1>                  NuGetSourceType=Package
1>                  PathInPackage=lib/netcoreapp3.0/C1.WPF.FlexGridFilter.4.5.2.dll
1>                  Private=false
1>          C:\Users\hansnguyen\.nuget\packages\c1.xaml.wpf.toolbar\4.5.20213.749\lib\netcoreapp3.0\C1.WPF.Toolbar.4.5.2.dll
1>                  ExternallyResolved=true
1>                  HintPath=C:\Users\hansnguyen\.nuget\packages\c1.xaml.wpf.toolbar\4.5.20213.749\lib\netcoreapp3.0\C1.WPF.Toolbar.4.5.2.dll
1>                  NuGetPackageId=C1.Xaml.WPF.Toolbar
1>                  NuGetPackageVersion=4.5.20213.749
1>                  NuGetSourceType=Package
1>                  PathInPackage=lib/netcoreapp3.0/C1.WPF.Toolbar.4.5.2.dll
1>                  Private=false
1>          C:\Users\hansnguyen\.nuget\packages\microsoft.netcore.app.ref\3.0.0\ref\netcoreapp3.0\Microsoft.CSharp.dll
1>                  AssemblyVersion=4.0.0.0
1>                  ExternallyResolved=true
1>                  FileVersion=4.700.19.46214
1>                  FrameworkReferenceName=Microsoft.NETCore.App
1>                  FrameworkReferenceVersion=3.0.0
1>                  NuGetPackageId=Microsoft.NETCore.App.Ref
1>                  NuGetPackageVersion=3.0.0
1>                  Private=false
1>                  PublicKeyToken=b03f5f7f11d50a3a
1>          C:\Users\hansnguyen\.nuget\packages\microsoft.netcore.app.ref\3.0.0\ref\netcoreapp3.0\Microsoft.VisualBasic.Core.dll
1>                  AssemblyVersion=10.0.4.0
1>                  ExternallyResolved=true
1>                  FileVersion=4.700.19.46214
1>                  FrameworkReferenceName=Microsoft.NETCore.App
1>                  FrameworkReferenceVersion=3.0.0
1>                  NuGetPackageId=Microsoft.NETCore.App.Ref
1>                  NuGetPackageVersion=3.0.0
1>                  Private=false
1>                  PublicKeyToken=b03f5f7f11d50a3a
1>          C:\Users\hansnguyen\.nuget\packages\microsoft.netcore.app.ref\3.0.0\ref\netcoreapp3.0\Microsoft.VisualBasic.dll
1>                  AssemblyVersion=10.0.0.0
1>                  ExternallyResolved=true
1>                  FileVersion=4.700.19.46214
1>                  FrameworkReferenceName=Microsoft.NETCore.App
1>                  FrameworkReferenceVersion=3.0.0
1>                  NuGetPackageId=Microsoft.NETCore.App.Ref
1>                  NuGetPackageVersion=3.0.0
1>                  Private=false
1>                  PublicKeyToken=b03f5f7f11d50a3a
1>          C:\Users\hansnguyen\.nuget\packages\microsoft.netcore.app.ref\3.0.0\ref\netcoreapp3.0\Microsoft.Win32.Primitives.dll
1>                  AssemblyVersion=4.1.1.0
1>                  ExternallyResolved=true
1>                  FileVersion=4.700.19.46214
1>                  FrameworkReferenceName=Microsoft.NETCore.App
1>                  FrameworkReferenceVersion=3.0.0
1>                  NuGetPackageId=Microsoft.NETCore.App.Ref
1>                  NuGetPackageVersion=3.0.0
1>                  Private=false
1>                  PublicKeyToken=b03f5f7f11d50a3a
1>          C:\Users\hansnguyen\.nuget\packages\microsoft.netcore.app.ref\3.0.0\ref\netcoreapp3.0\System.AppContext.dll
1>                  AssemblyVersion=4.2.1.0
1>                  ExternallyResolved=true
1>                  FileVersion=4.700.19.46214
1>                  FrameworkReferenceName=Microsoft.NETCore.App
1>                  FrameworkReferenceVersion=3.0.0
1>                  NuGetPackageId=Microsoft.NETCore.App.Ref
1>                  NuGetPackageVersion=3.0.0
1>                  Private=false
1>                  PublicKeyToken=b03f5f7f11d50a3a
1>          C:\Users\hansnguyen\.nuget\packages\microsoft.netcore.app.ref\3.0.0\ref\netcoreapp3.0\System.Buffers.dll
1>                  AssemblyVersion=4.0.2.0
1>                  ExternallyResolved=true
1>                  FileVersion=4.700.19.46214
1>                  FrameworkReferenceName=Microsoft.NETCore.App
1>                  FrameworkReferenceVersion=3.0.0
1>                  NuGetPackageId=Microsoft.NETCore.App.Ref
1>                  NuGetPackageVersion=3.0.0
1>                  Private=false
1>                  PublicKeyToken=cc7b13ffcd2ddd51
1>          C:\Users\hansnguyen\.nuget\packages\microsoft.netcore.app.ref\3.0.0\ref\netcoreapp3.0\System.Collections.Concurrent.dll
1>                  AssemblyVersion=4.0.14.0
1>                  ExternallyResolved=true
1>                  FileVersion=4.700.19.46214
1>                  FrameworkReferenceName=Microsoft.NETCore.App
1>                  FrameworkReferenceVersion=3.0.0
1>                  NuGetPackageId=Microsoft.NETCore.App.Ref
1>                  NuGetPackageVersion=3.0.0
1>                  Private=false
1>                  PublicKeyToken=b03f5f7f11d50a3a
1>          C:\Users\hansnguyen\.nuget\packages\microsoft.netcore.app.ref\3.0.0\ref\netcoreapp3.0\System.Collections.Immutable.dll
1>                  AssemblyVersion=1.2.4.0
1>                  ExternallyResolved=true
1>                  FileVersion=4.700.19.46214
1>                  FrameworkReferenceName=Microsoft.NETCore.App
1>                  FrameworkReferenceVersion=3.0.0
1>                  NuGetPackageId=Microsoft.NETCore.App.Ref
1>                  NuGetPackageVersion=3.0.0
1>                  Private=false
1>                  PublicKeyToken=b03f5f7f11d50a3a
1>          C:\Users\hansnguyen\.nuget\packages\microsoft.netcore.app.ref\3.0.0\ref\netcoreapp3.0\System.Collections.NonGeneric.dll
1>                  AssemblyVersion=4.1.1.0
1>                  ExternallyResolved=true
1>                  FileVersion=4.700.19.46214
1>                  FrameworkReferenceName=Microsoft.NETCore.App
1>                  FrameworkReferenceVersion=3.0.0
1>                  NuGetPackageId=Microsoft.NETCore.App.Ref
1>                  NuGetPackageVersion=3.0.0
1>                  Private=false
1>                  PublicKeyToken=b03f5f7f11d50a3a
1>          C:\Users\hansnguyen\.nuget\packages\microsoft.netcore.app.ref\3.0.0\ref\netcoreapp3.0\System.Collections.Specialized.dll
1>                  AssemblyVersion=4.1.1.0
1>                  ExternallyResolved=true
1>                  FileVersion=4.700.19.46214
1>                  FrameworkReferenceName=Microsoft.NETCore.App
1>                  FrameworkReferenceVersion=3.0.0
1>                  NuGetPackageId=Microsoft.NETCore.App.Ref
1>                  NuGetPackageVersion=3.0.0
1>                  Private=false
1>                  PublicKeyToken=b03f5f7f11d50a3a
1>          C:\Users\hansnguyen\.nuget\packages\microsoft.netcore.app.ref\3.0.0\ref\netcoreapp3.0\System.Collections.dll
1>                  AssemblyVersion=4.1.1.0
1>                  ExternallyResolved=true
1>                  FileVersion=4.700.19.46214
1>                  FrameworkReferenceName=Microsoft.NETCore.App
1>                  FrameworkReferenceVersion=3.0.0
1>                  NuGetPackageId=Microsoft.NETCore.App.Ref
1>                  NuGetPackageVersion=3.0.0
1>                  Private=false
1>                  PublicKeyToken=b03f5f7f11d50a3a
1>          C:\Users\hansnguyen\.nuget\packages\microsoft.netcore.app.ref\3.0.0\ref\netcoreapp3.0\System.ComponentModel.Annotations.dll
1>                  AssemblyVersion=4.3.0.0
1>                  ExternallyResolved=true
1>                  FileVersion=4.700.19.46214
1>                  FrameworkReferenceName=Microsoft.NETCore.App
1>                  FrameworkReferenceVersion=3.0.0
1>                  NuGetPackageId=Microsoft.NETCore.App.Ref
1>                  NuGetPackageVersion=3.0.0
1>                  Private=false
1>                  PublicKeyToken=b03f5f7f11d50a3a
1>          C:\Users\hansnguyen\.nuget\packages\microsoft.netcore.app.ref\3.0.0\ref\netcoreapp3.0\System.ComponentModel.DataAnnotations.dll
1>                  AssemblyVersion=4.0.0.0
1>                  ExternallyResolved=true
1>                  FileVersion=4.700.19.46214
1>                  FrameworkReferenceName=Microsoft.NETCore.App
1>                  FrameworkReferenceVersion=3.0.0
1>                  NuGetPackageId=Microsoft.NETCore.App.Ref
1>                  NuGetPackageVersion=3.0.0
1>                  Private=false
1>                  PublicKeyToken=31bf3856ad364e35
1>          C:\Users\hansnguyen\.nuget\packages\microsoft.netcore.app.ref\3.0.0\ref\netcoreapp3.0\System.ComponentModel.EventBasedAsync.dll
1>                  AssemblyVersion=4.1.1.0
1>                  ExternallyResolved=true
1>                  FileVersion=4.700.19.46214
1>                  FrameworkReferenceName=Microsoft.NETCore.App
1>                  FrameworkReferenceVersion=3.0.0
1>                  NuGetPackageId=Microsoft.NETCore.App.Ref
1>                  NuGetPackageVersion=3.0.0
1>                  Private=false
1>                  PublicKeyToken=b03f5f7f11d50a3a
1>          C:\Users\hansnguyen\.nuget\packages\microsoft.netcore.app.ref\3.0.0\ref\netcoreapp3.0\System.ComponentModel.Primitives.dll
1>                  AssemblyVersion=4.2.1.0
1>                  ExternallyResolved=true
1>                  FileVersion=4.700.19.46214
1>                  FrameworkReferenceName=Microsoft.NETCore.App
1>                  FrameworkReferenceVersion=3.0.0
1>                  NuGetPackageId=Microsoft.NETCore.App.Ref
1>                  NuGetPackageVersion=3.0.0
1>                  Private=false
1>                  PublicKeyToken=b03f5f7f11d50a3a
1>          C:\Users\hansnguyen\.nuget\packages\microsoft.netcore.app.ref\3.0.0\ref\netcoreapp3.0\System.ComponentModel.TypeConverter.dll
1>                  AssemblyVersion=4.2.1.0
1>                  ExternallyResolved=true
1>                  FileVersion=4.700.19.46214
1>                  FrameworkReferenceName=Microsoft.NETCore.App
1>                  FrameworkReferenceVersion=3.0.0
1>                  NuGetPackageId=Microsoft.NETCore.App.Ref
1>                  NuGetPackageVersion=3.0.0
1>                  Private=false
1>                  PublicKeyToken=b03f5f7f11d50a3a
1>          C:\Users\hansnguyen\.nuget\packages\microsoft.netcore.app.ref\3.0.0\ref\netcoreapp3.0\System.ComponentModel.dll
1>                  AssemblyVersion=4.0.3.0
1>                  ExternallyResolved=true
1>                  FileVersion=4.700.19.46214
1>                  FrameworkReferenceName=Microsoft.NETCore.App
1>                  FrameworkReferenceVersion=3.0.0
1>                  NuGetPackageId=Microsoft.NETCore.App.Ref
1>                  NuGetPackageVersion=3.0.0
1>                  Private=false
1>                  PublicKeyToken=b03f5f7f11d50a3a
1>          C:\Users\hansnguyen\.nuget\packages\microsoft.netcore.app.ref\3.0.0\ref\netcoreapp3.0\System.Configuration.dll
1>                  AssemblyVersion=4.0.0.0
1>                  ExternallyResolved=true
1>                  FileVersion=4.700.19.46214
1>                  FrameworkReferenceName=Microsoft.NETCore.App
1>                  FrameworkReferenceVersion=3.0.0
1>                  NuGetPackageId=Microsoft.NETCore.App.Ref
1>                  NuGetPackageVersion=3.0.0
1>                  Private=false
1>                  PublicKeyToken=b03f5f7f11d50a3a
1>          C:\Users\hansnguyen\.nuget\packages\microsoft.netcore.app.ref\3.0.0\ref\netcoreapp3.0\System.Console.dll
1>                  AssemblyVersion=4.1.1.0
1>                  ExternallyResolved=true
1>                  FileVersion=4.700.19.46214
1>                  FrameworkReferenceName=Microsoft.NETCore.App
1>                  FrameworkReferenceVersion=3.0.0
1>                  NuGetPackageId=Microsoft.NETCore.App.Ref
1>                  NuGetPackageVersion=3.0.0
1>                  Private=false
1>                  PublicKeyToken=b03f5f7f11d50a3a
1>          C:\Users\hansnguyen\.nuget\packages\microsoft.netcore.app.ref\3.0.0\ref\netcoreapp3.0\System.Core.dll
1>                  AssemblyVersion=4.0.0.0
1>                  ExternallyResolved=true
1>                  FileVersion=4.700.19.46214
1>                  FrameworkReferenceName=Microsoft.NETCore.App
1>                  FrameworkReferenceVersion=3.0.0
1>                  NuGetPackageId=Microsoft.NETCore.App.Ref
1>                  NuGetPackageVersion=3.0.0
1>                  Private=false
1>                  PublicKeyToken=b77a5c561934e089
1>          C:\Users\hansnguyen\.nuget\packages\microsoft.netcore.app.ref\3.0.0\ref\netcoreapp3.0\System.Data.Common.dll
1>                  AssemblyVersion=4.2.1.0
1>                  ExternallyResolved=true
1>                  FileVersion=4.700.19.46214
1>                  FrameworkReferenceName=Microsoft.NETCore.App
1>                  FrameworkReferenceVersion=3.0.0
1>                  NuGetPackageId=Microsoft.NETCore.App.Ref
1>                  NuGetPackageVersion=3.0.0
1>                  Private=false
1>                  PublicKeyToken=b03f5f7f11d50a3a
1>          C:\Users\hansnguyen\.nuget\packages\microsoft.netcore.app.ref\3.0.0\ref\netcoreapp3.0\System.Data.DataSetExtensions.dll
1>                  AssemblyVersion=4.0.0.0
1>                  ExternallyResolved=true
1>                  FileVersion=4.700.19.46214
1>                  FrameworkReferenceName=Microsoft.NETCore.App
1>                  FrameworkReferenceVersion=3.0.0
1>                  NuGetPackageId=Microsoft.NETCore.App.Ref
1>                  NuGetPackageVersion=3.0.0
1>                  Private=false
1>                  PublicKeyToken=b77a5c561934e089
1>          C:\Users\hansnguyen\.nuget\packages\microsoft.netcore.app.ref\3.0.0\ref\netcoreapp3.0\System.Data.dll
1>                  AssemblyVersion=4.0.0.0
1>                  ExternallyResolved=true
1>                  FileVersion=4.700.19.46214
1>                  FrameworkReferenceName=Microsoft.NETCore.App
1>                  FrameworkReferenceVersion=3.0.0
1>                  NuGetPackageId=Microsoft.NETCore.App.Ref
1>                  NuGetPackageVersion=3.0.0
1>                  Private=false
1>                  PublicKeyToken=b77a5c561934e089
1>          C:\Users\hansnguyen\.nuget\packages\microsoft.netcore.app.ref\3.0.0\ref\netcoreapp3.0\System.Diagnostics.Contracts.dll
1>                  AssemblyVersion=4.0.3.0
1>                  ExternallyResolved=true
1>                  FileVersion=4.700.19.46214
1>                  FrameworkReferenceName=Microsoft.NETCore.App
1>                  FrameworkReferenceVersion=3.0.0
1>                  NuGetPackageId=Microsoft.NETCore.App.Ref
1>                  NuGetPackageVersion=3.0.0
1>                  Private=false
1>                  PublicKeyToken=b03f5f7f11d50a3a
1>          C:\Users\hansnguyen\.nuget\packages\microsoft.netcore.app.ref\3.0.0\ref\netcoreapp3.0\System.Diagnostics.Debug.dll
1>                  AssemblyVersion=4.1.1.0
1>                  ExternallyResolved=true
1>                  FileVersion=4.700.19.46214
1>                  FrameworkReferenceName=Microsoft.NETCore.App
1>                  FrameworkReferenceVersion=3.0.0
1>                  NuGetPackageId=Microsoft.NETCore.App.Ref
1>                  NuGetPackageVersion=3.0.0
1>                  Private=false
1>                  PublicKeyToken=b03f5f7f11d50a3a
1>          C:\Users\hansnguyen\.nuget\packages\microsoft.netcore.app.ref\3.0.0\ref\netcoreapp3.0\System.Diagnostics.DiagnosticSource.dll
1>                  AssemblyVersion=4.0.4.0
1>                  ExternallyResolved=true
1>                  FileVersion=4.700.19.46214
1>                  FrameworkReferenceName=Microsoft.NETCore.App
1>                  FrameworkReferenceVersion=3.0.0
1>                  NuGetPackageId=Microsoft.NETCore.App.Ref
1>                  NuGetPackageVersion=3.0.0
1>                  Private=false
1>                  PublicKeyToken=cc7b13ffcd2ddd51
1>          C:\Users\hansnguyen\.nuget\packages\microsoft.netcore.app.ref\3.0.0\ref\netcoreapp3.0\System.Diagnostics.FileVersionInfo.dll
1>                  AssemblyVersion=4.0.3.0
1>                  ExternallyResolved=true
1>                  FileVersion=4.700.19.46214
1>                  FrameworkReferenceName=Microsoft.NETCore.App
1>                  FrameworkReferenceVersion=3.0.0
1>                  NuGetPackageId=Microsoft.NETCore.App.Ref
1>                  NuGetPackageVersion=3.0.0
1>                  Private=false
1>                  PublicKeyToken=b03f5f7f11d50a3a
1>          C:\Users\hansnguyen\.nuget\packages\microsoft.netcore.app.ref\3.0.0\ref\netcoreapp3.0\System.Diagnostics.Process.dll
1>                  AssemblyVersion=4.2.1.0
1>                  ExternallyResolved=true
1>                  FileVersion=4.700.19.46214
1>                  FrameworkReferenceName=Microsoft.NETCore.App
1>                  FrameworkReferenceVersion=3.0.0
1>                  NuGetPackageId=Microsoft.NETCore.App.Ref
1>                  NuGetPackageVersion=3.0.0
1>                  Private=false
1>                  PublicKeyToken=b03f5f7f11d50a3a
1>          C:\Users\hansnguyen\.nuget\packages\microsoft.netcore.app.ref\3.0.0\ref\netcoreapp3.0\System.Diagnostics.StackTrace.dll
1>                  AssemblyVersion=4.1.1.0
1>                  ExternallyResolved=true
1>                  FileVersion=4.700.19.46214
1>                  FrameworkReferenceName=Microsoft.NETCore.App
1>                  FrameworkReferenceVersion=3.0.0
1>                  NuGetPackageId=Microsoft.NETCore.App.Ref
1>                  NuGetPackageVersion=3.0.0
1>                  Private=false
1>                  PublicKeyToken=b03f5f7f11d50a3a
1>          C:\Users\hansnguyen\.nuget\packages\microsoft.netcore.app.ref\3.0.0\ref\netcoreapp3.0\System.Diagnostics.TextWriterTraceListener.dll
1>                  AssemblyVersion=4.1.1.0
1>                  ExternallyResolved=true
1>                  FileVersion=4.700.19.46214
1>                  FrameworkReferenceName=Microsoft.NETCore.App
1>                  FrameworkReferenceVersion=3.0.0
1>                  NuGetPackageId=Microsoft.NETCore.App.Ref
1>                  NuGetPackageVersion=3.0.0
1>                  Private=false
1>                  PublicKeyToken=b03f5f7f11d50a3a
1>          C:\Users\hansnguyen\.nuget\packages\microsoft.netcore.app.ref\3.0.0\ref\netcoreapp3.0\System.Diagnostics.Tools.dll
1>                  AssemblyVersion=4.1.1.0
1>                  ExternallyResolved=true
1>                  FileVersion=4.700.19.46214
1>                  FrameworkReferenceName=Microsoft.NETCore.App
1>                  FrameworkReferenceVersion=3.0.0
1>                  NuGetPackageId=Microsoft.NETCore.App.Ref
1>                  NuGetPackageVersion=3.0.0
1>                  Private=false
1>                  PublicKeyToken=b03f5f7f11d50a3a
1>          C:\Users\hansnguyen\.nuget\packages\microsoft.netcore.app.ref\3.0.0\ref\netcoreapp3.0\System.Diagnostics.TraceSource.dll
1>                  AssemblyVersion=4.1.1.0
1>                  ExternallyResolved=true
1>                  FileVersion=4.700.19.46214
1>                  FrameworkReferenceName=Microsoft.NETCore.App
1>                  FrameworkReferenceVersion=3.0.0
1>                  NuGetPackageId=Microsoft.NETCore.App.Ref
1>                  NuGetPackageVersion=3.0.0
1>                  Private=false
1>                  PublicKeyToken=b03f5f7f11d50a3a
1>          C:\Users\hansnguyen\.nuget\packages\microsoft.netcore.app.ref\3.0.0\ref\netcoreapp3.0\System.Diagnostics.Tracing.dll
1>                  AssemblyVersion=4.2.1.0
1>                  ExternallyResolved=true
1>                  FileVersion=4.700.19.46214
1>                  FrameworkReferenceName=Microsoft.NETCore.App
1>                  FrameworkReferenceVersion=3.0.0
1>                  NuGetPackageId=Microsoft.NETCore.App.Ref
1>                  NuGetPackageVersion=3.0.0
1>                  Private=false
1>                  PublicKeyToken=b03f5f7f11d50a3a
1>          C:\Users\hansnguyen\.nuget\packages\microsoft.netcore.app.ref\3.0.0\ref\netcoreapp3.0\System.Drawing.Primitives.dll
1>                  AssemblyVersion=4.2.0.0
1>                  ExternallyResolved=true
1>                  FileVersion=4.700.19.46214
1>                  FrameworkReferenceName=Microsoft.NETCore.App
1>                  FrameworkReferenceVersion=3.0.0
1>                  NuGetPackageId=Microsoft.NETCore.App.Ref
1>                  NuGetPackageVersion=3.0.0
1>                  Private=false
1>                  PublicKeyToken=b03f5f7f11d50a3a
1>          C:\Users\hansnguyen\.nuget\packages\microsoft.netcore.app.ref\3.0.0\ref\netcoreapp3.0\System.Drawing.dll
1>                  AssemblyVersion=4.0.0.0
1>                  ExternallyResolved=true
1>                  FileVersion=4.700.19.46214
1>                  FrameworkReferenceName=Microsoft.NETCore.App
1>                  FrameworkReferenceVersion=3.0.0
1>                  NuGetPackageId=Microsoft.NETCore.App.Ref
1>                  NuGetPackageVersion=3.0.0
1>                  Private=false
1>                  PublicKeyToken=b03f5f7f11d50a3a
1>          C:\Users\hansnguyen\.nuget\packages\microsoft.netcore.app.ref\3.0.0\ref\netcoreapp3.0\System.Dynamic.Runtime.dll
1>                  AssemblyVersion=4.1.1.0
1>                  ExternallyResolved=true
1>                  FileVersion=4.700.19.46214
1>                  FrameworkReferenceName=Microsoft.NETCore.App
1>                  FrameworkReferenceVersion=3.0.0
1>                  NuGetPackageId=Microsoft.NETCore.App.Ref
1>                  NuGetPackageVersion=3.0.0
1>                  Private=false
1>                  PublicKeyToken=b03f5f7f11d50a3a
1>          C:\Users\hansnguyen\.nuget\packages\microsoft.netcore.app.ref\3.0.0\ref\netcoreapp3.0\System.Globalization.Calendars.dll
1>                  AssemblyVersion=4.1.1.0
1>                  ExternallyResolved=true
1>                  FileVersion=4.700.19.46214
1>                  FrameworkReferenceName=Microsoft.NETCore.App
1>                  FrameworkReferenceVersion=3.0.0
1>                  NuGetPackageId=Microsoft.NETCore.App.Ref
1>                  NuGetPackageVersion=3.0.0
1>                  Private=false
1>                  PublicKeyToken=b03f5f7f11d50a3a
1>          C:\Users\hansnguyen\.nuget\packages\microsoft.netcore.app.ref\3.0.0\ref\netcoreapp3.0\System.Globalization.Extensions.dll
1>                  AssemblyVersion=4.1.1.0
1>                  ExternallyResolved=true
1>                  FileVersion=4.700.19.46214
1>                  FrameworkReferenceName=Microsoft.NETCore.App
1>                  FrameworkReferenceVersion=3.0.0
1>                  NuGetPackageId=Microsoft.NETCore.App.Ref
1>                  NuGetPackageVersion=3.0.0
1>                  Private=false
1>                  PublicKeyToken=b03f5f7f11d50a3a
1>          C:\Users\hansnguyen\.nuget\packages\microsoft.netcore.app.ref\3.0.0\ref\netcoreapp3.0\System.Globalization.dll
1>                  AssemblyVersion=4.1.1.0
1>                  ExternallyResolved=true
1>                  FileVersion=4.700.19.46214
1>                  FrameworkReferenceName=Microsoft.NETCore.App
1>                  FrameworkReferenceVersion=3.0.0
1>                  NuGetPackageId=Microsoft.NETCore.App.Ref
1>                  NuGetPackageVersion=3.0.0
1>                  Private=false
1>                  PublicKeyToken=b03f5f7f11d50a3a
1>          C:\Users\hansnguyen\.nuget\packages\microsoft.netcore.app.ref\3.0.0\ref\netcoreapp3.0\System.IO.Compression.Brotli.dll
1>                  AssemblyVersion=4.2.1.0
1>                  ExternallyResolved=true
1>                  FileVersion=4.700.19.46214
1>                  FrameworkReferenceName=Microsoft.NETCore.App
1>                  FrameworkReferenceVersion=3.0.0
1>                  NuGetPackageId=Microsoft.NETCore.App.Ref
1>                  NuGetPackageVersion=3.0.0
1>                  Private=false
1>                  PublicKeyToken=b77a5c561934e089
1>          C:\Users\hansnguyen\.nuget\packages\microsoft.netcore.app.ref\3.0.0\ref\netcoreapp3.0\System.IO.Compression.FileSystem.dll
1>                  AssemblyVersion=4.0.0.0
1>                  ExternallyResolved=true
1>                  FileVersion=4.700.19.46214
1>                  FrameworkReferenceName=Microsoft.NETCore.App
1>                  FrameworkReferenceVersion=3.0.0
1>                  NuGetPackageId=Microsoft.NETCore.App.Ref
1>                  NuGetPackageVersion=3.0.0
1>                  Private=false
1>                  PublicKeyToken=b77a5c561934e089
1>          C:\Users\hansnguyen\.nuget\packages\microsoft.netcore.app.ref\3.0.0\ref\netcoreapp3.0\System.IO.Compression.ZipFile.dll
1>                  AssemblyVersion=4.0.4.0
1>                  ExternallyResolved=true
1>                  FileVersion=4.700.19.46214
1>                  FrameworkReferenceName=Microsoft.NETCore.App
1>                  FrameworkReferenceVersion=3.0.0
1>                  NuGetPackageId=Microsoft.NETCore.App.Ref
1>                  NuGetPackageVersion=3.0.0
1>                  Private=false
1>                  PublicKeyToken=b77a5c561934e089
1>          C:\Users\hansnguyen\.nuget\packages\microsoft.netcore.app.ref\3.0.0\ref\netcoreapp3.0\System.IO.Compression.dll
1>                  AssemblyVersion=4.2.1.0
1>                  ExternallyResolved=true
1>                  FileVersion=4.700.19.46214
1>                  FrameworkReferenceName=Microsoft.NETCore.App
1>                  FrameworkReferenceVersion=3.0.0
1>                  NuGetPackageId=Microsoft.NETCore.App.Ref
1>                  NuGetPackageVersion=3.0.0
1>                  Private=false
1>                  PublicKeyToken=b77a5c561934e089
1>          C:\Users\hansnguyen\.nuget\packages\microsoft.netcore.app.ref\3.0.0\ref\netcoreapp3.0\System.IO.FileSystem.DriveInfo.dll
1>                  AssemblyVersion=4.1.1.0
1>                  ExternallyResolved=true
1>                  FileVersion=4.700.19.46214
1>                  FrameworkReferenceName=Microsoft.NETCore.App
1>                  FrameworkReferenceVersion=3.0.0
1>                  NuGetPackageId=Microsoft.NETCore.App.Ref
1>                  NuGetPackageVersion=3.0.0
1>                  Private=false
1>                  PublicKeyToken=b03f5f7f11d50a3a
1>          C:\Users\hansnguyen\.nuget\packages\microsoft.netcore.app.ref\3.0.0\ref\netcoreapp3.0\System.IO.FileSystem.Primitives.dll
1>                  AssemblyVersion=4.1.1.0
1>                  ExternallyResolved=true
1>                  FileVersion=4.700.19.46214
1>                  FrameworkReferenceName=Microsoft.NETCore.App
1>                  FrameworkReferenceVersion=3.0.0
1>                  NuGetPackageId=Microsoft.NETCore.App.Ref
1>                  NuGetPackageVersion=3.0.0
1>                  Private=false
1>                  PublicKeyToken=b03f5f7f11d50a3a
1>          C:\Users\hansnguyen\.nuget\packages\microsoft.netcore.app.ref\3.0.0\ref\netcoreapp3.0\System.IO.FileSystem.Watcher.dll
1>                  AssemblyVersion=4.1.1.0
1>                  ExternallyResolved=true
1>                  FileVersion=4.700.19.46214
1>                  FrameworkReferenceName=Microsoft.NETCore.App
1>                  FrameworkReferenceVersion=3.0.0
1>                  NuGetPackageId=Microsoft.NETCore.App.Ref
1>                  NuGetPackageVersion=3.0.0
1>                  Private=false
1>                  PublicKeyToken=b03f5f7f11d50a3a
1>          C:\Users\hansnguyen\.nuget\packages\microsoft.netcore.app.ref\3.0.0\ref\netcoreapp3.0\System.IO.FileSystem.dll
1>                  AssemblyVersion=4.1.1.0
1>                  ExternallyResolved=true
1>                  FileVersion=4.700.19.46214
1>                  FrameworkReferenceName=Microsoft.NETCore.App
1>                  FrameworkReferenceVersion=3.0.0
1>                  NuGetPackageId=Microsoft.NETCore.App.Ref
1>                  NuGetPackageVersion=3.0.0
1>                  Private=false
1>                  PublicKeyToken=b03f5f7f11d50a3a
1>          C:\Users\hansnguyen\.nuget\packages\microsoft.netcore.app.ref\3.0.0\ref\netcoreapp3.0\System.IO.IsolatedStorage.dll
1>                  AssemblyVersion=4.1.1.0
1>                  ExternallyResolved=true
1>                  FileVersion=4.700.19.46214
1>                  FrameworkReferenceName=Microsoft.NETCore.App
1>                  FrameworkReferenceVersion=3.0.0
1>                  NuGetPackageId=Microsoft.NETCore.App.Ref
1>                  NuGetPackageVersion=3.0.0
1>                  Private=false
1>                  PublicKeyToken=b03f5f7f11d50a3a
1>          C:\Users\hansnguyen\.nuget\packages\microsoft.netcore.app.ref\3.0.0\ref\netcoreapp3.0\System.IO.MemoryMappedFiles.dll
1>                  AssemblyVersion=4.1.1.0
1>                  ExternallyResolved=true
1>                  FileVersion=4.700.19.46214
1>                  FrameworkReferenceName=Microsoft.NETCore.App
1>                  FrameworkReferenceVersion=3.0.0
1>                  NuGetPackageId=Microsoft.NETCore.App.Ref
1>                  NuGetPackageVersion=3.0.0
1>                  Private=false
1>                  PublicKeyToken=b03f5f7f11d50a3a
1>          C:\Users\hansnguyen\.nuget\packages\microsoft.netcore.app.ref\3.0.0\ref\netcoreapp3.0\System.IO.Pipes.dll
1>                  AssemblyVersion=4.1.1.0
1>                  ExternallyResolved=true
1>                  FileVersion=4.700.19.46214
1>                  FrameworkReferenceName=Microsoft.NETCore.App
1>                  FrameworkReferenceVersion=3.0.0
1>                  NuGetPackageId=Microsoft.NETCore.App.Ref
1>                  NuGetPackageVersion=3.0.0
1>                  Private=false
1>                  PublicKeyToken=b03f5f7f11d50a3a
1>          C:\Users\hansnguyen\.nuget\packages\microsoft.netcore.app.ref\3.0.0\ref\netcoreapp3.0\System.IO.UnmanagedMemoryStream.dll
1>                  AssemblyVersion=4.1.1.0
1>                  ExternallyResolved=true
1>                  FileVersion=4.700.19.46214
1>                  FrameworkReferenceName=Microsoft.NETCore.App
1>                  FrameworkReferenceVersion=3.0.0
1>                  NuGetPackageId=Microsoft.NETCore.App.Ref
1>                  NuGetPackageVersion=3.0.0
1>                  Private=false
1>                  PublicKeyToken=b03f5f7f11d50a3a
1>          C:\Users\hansnguyen\.nuget\packages\microsoft.netcore.app.ref\3.0.0\ref\netcoreapp3.0\System.IO.dll
1>                  AssemblyVersion=4.2.1.0
1>                  ExternallyResolved=true
1>                  FileVersion=4.700.19.46214
1>                  FrameworkReferenceName=Microsoft.NETCore.App
1>                  FrameworkReferenceVersion=3.0.0
1>                  NuGetPackageId=Microsoft.NETCore.App.Ref
1>                  NuGetPackageVersion=3.0.0
1>                  Private=false
1>                  PublicKeyToken=b03f5f7f11d50a3a
1>          C:\Users\hansnguyen\.nuget\packages\microsoft.netcore.app.ref\3.0.0\ref\netcoreapp3.0\System.Linq.Expressions.dll
1>                  AssemblyVersion=4.2.1.0
1>                  ExternallyResolved=true
1>                  FileVersion=4.700.19.46214
1>                  FrameworkReferenceName=Microsoft.NETCore.App
1>                  FrameworkReferenceVersion=3.0.0
1>                  NuGetPackageId=Microsoft.NETCore.App.Ref
1>                  NuGetPackageVersion=3.0.0
1>                  Private=false
1>                  PublicKeyToken=b03f5f7f11d50a3a
1>          C:\Users\hansnguyen\.nuget\packages\microsoft.netcore.app.ref\3.0.0\ref\netcoreapp3.0\System.Linq.Parallel.dll
1>                  AssemblyVersion=4.0.3.0
1>                  ExternallyResolved=true
1>                  FileVersion=4.700.19.46214
1>                  FrameworkReferenceName=Microsoft.NETCore.App
1>                  FrameworkReferenceVersion=3.0.0
1>                  NuGetPackageId=Microsoft.NETCore.App.Ref
1>                  NuGetPackageVersion=3.0.0
1>                  Private=false
1>                  PublicKeyToken=b03f5f7f11d50a3a
1>          C:\Users\hansnguyen\.nuget\packages\microsoft.netcore.app.ref\3.0.0\ref\netcoreapp3.0\System.Linq.Queryable.dll
1>                  AssemblyVersion=4.0.3.0
1>                  ExternallyResolved=true
1>                  FileVersion=4.700.19.46214
1>                  FrameworkReferenceName=Microsoft.NETCore.App
1>                  FrameworkReferenceVersion=3.0.0
1>                  NuGetPackageId=Microsoft.NETCore.App.Ref
1>                  NuGetPackageVersion=3.0.0
1>                  Private=false
1>                  PublicKeyToken=b03f5f7f11d50a3a
1>          C:\Users\hansnguyen\.nuget\packages\microsoft.netcore.app.ref\3.0.0\ref\netcoreapp3.0\System.Linq.dll
1>                  AssemblyVersion=4.2.1.0
1>                  ExternallyResolved=true
1>                  FileVersion=4.700.19.46214
1>                  FrameworkReferenceName=Microsoft.NETCore.App
1>                  FrameworkReferenceVersion=3.0.0
1>                  NuGetPackageId=Microsoft.NETCore.App.Ref
1>                  NuGetPackageVersion=3.0.0
1>                  Private=false
1>                  PublicKeyToken=b03f5f7f11d50a3a
1>          C:\Users\hansnguyen\.nuget\packages\microsoft.netcore.app.ref\3.0.0\ref\netcoreapp3.0\System.Memory.dll
1>                  AssemblyVersion=4.2.0.0
1>                  ExternallyResolved=true
1>                  FileVersion=4.700.19.46214
1>                  FrameworkReferenceName=Microsoft.NETCore.App
1>                  FrameworkReferenceVersion=3.0.0
1>                  NuGetPackageId=Microsoft.NETCore.App.Ref
1>                  NuGetPackageVersion=3.0.0
1>                  Private=false
1>                  PublicKeyToken=cc7b13ffcd2ddd51
1>          C:\Users\hansnguyen\.nuget\packages\microsoft.netcore.app.ref\3.0.0\ref\netcoreapp3.0\System.Net.Http.dll
1>                  AssemblyVersion=4.2.1.0
1>                  ExternallyResolved=true
1>                  FileVersion=4.700.19.46214
1>                  FrameworkReferenceName=Microsoft.NETCore.App
1>                  FrameworkReferenceVersion=3.0.0
1>                  NuGetPackageId=Microsoft.NETCore.App.Ref
1>                  NuGetPackageVersion=3.0.0
1>                  Private=false
1>                  PublicKeyToken=b03f5f7f11d50a3a
1>          C:\Users\hansnguyen\.nuget\packages\microsoft.netcore.app.ref\3.0.0\ref\netcoreapp3.0\System.Net.HttpListener.dll
1>                  AssemblyVersion=4.0.1.0
1>                  ExternallyResolved=true
1>                  FileVersion=4.700.19.46214
1>                  FrameworkReferenceName=Microsoft.NETCore.App
1>                  FrameworkReferenceVersion=3.0.0
1>                  NuGetPackageId=Microsoft.NETCore.App.Ref
1>                  NuGetPackageVersion=3.0.0
1>                  Private=false
1>                  PublicKeyToken=cc7b13ffcd2ddd51
1>          C:\Users\hansnguyen\.nuget\packages\microsoft.netcore.app.ref\3.0.0\ref\netcoreapp3.0\System.Net.Mail.dll
1>                  AssemblyVersion=4.0.1.0
1>                  ExternallyResolved=true
1>                  FileVersion=4.700.19.46214
1>                  FrameworkReferenceName=Microsoft.NETCore.App
1>                  FrameworkReferenceVersion=3.0.0
1>                  NuGetPackageId=Microsoft.NETCore.App.Ref
1>                  NuGetPackageVersion=3.0.0
1>                  Private=false
1>                  PublicKeyToken=cc7b13ffcd2ddd51
1>          C:\Users\hansnguyen\.nuget\packages\microsoft.netcore.app.ref\3.0.0\ref\netcoreapp3.0\System.Net.NameResolution.dll
1>                  AssemblyVersion=4.1.1.0
1>                  ExternallyResolved=true
1>                  FileVersion=4.700.19.46214
1>                  FrameworkReferenceName=Microsoft.NETCore.App
1>                  FrameworkReferenceVersion=3.0.0
1>                  NuGetPackageId=Microsoft.NETCore.App.Ref
1>                  NuGetPackageVersion=3.0.0
1>                  Private=false
1>                  PublicKeyToken=b03f5f7f11d50a3a
1>          C:\Users\hansnguyen\.nuget\packages\microsoft.netcore.app.ref\3.0.0\ref\netcoreapp3.0\System.Net.NetworkInformation.dll
1>                  AssemblyVersion=4.2.1.0
1>                  ExternallyResolved=true
1>                  FileVersion=4.700.19.46214
1>                  FrameworkReferenceName=Microsoft.NETCore.App
1>                  FrameworkReferenceVersion=3.0.0
1>                  NuGetPackageId=Microsoft.NETCore.App.Ref
1>                  NuGetPackageVersion=3.0.0
1>                  Private=false
1>                  PublicKeyToken=b03f5f7f11d50a3a
1>          C:\Users\hansnguyen\.nuget\packages\microsoft.netcore.app.ref\3.0.0\ref\netcoreapp3.0\System.Net.Ping.dll
1>                  AssemblyVersion=4.1.1.0
1>                  ExternallyResolved=true
1>                  FileVersion=4.700.19.46214
1>                  FrameworkReferenceName=Microsoft.NETCore.App
1>                  FrameworkReferenceVersion=3.0.0
1>                  NuGetPackageId=Microsoft.NETCore.App.Ref
1>                  NuGetPackageVersion=3.0.0
1>                  Private=false
1>                  PublicKeyToken=b03f5f7f11d50a3a
1>          C:\Users\hansnguyen\.nuget\packages\microsoft.netcore.app.ref\3.0.0\ref\netcoreapp3.0\System.Net.Primitives.dll
1>                  AssemblyVersion=4.1.1.0
1>                  ExternallyResolved=true
1>                  FileVersion=4.700.19.46214
1>                  FrameworkReferenceName=Microsoft.NETCore.App
1>                  FrameworkReferenceVersion=3.0.0
1>                  NuGetPackageId=Microsoft.NETCore.App.Ref
1>                  NuGetPackageVersion=3.0.0
1>                  Private=false
1>                  PublicKeyToken=b03f5f7f11d50a3a
1>          C:\Users\hansnguyen\.nuget\packages\microsoft.netcore.app.ref\3.0.0\ref\netcoreapp3.0\System.Net.Requests.dll
1>                  AssemblyVersion=4.1.1.0
1>                  ExternallyResolved=true
1>                  FileVersion=4.700.19.46214
1>                  FrameworkReferenceName=Microsoft.NETCore.App
1>                  FrameworkReferenceVersion=3.0.0
1>                  NuGetPackageId=Microsoft.NETCore.App.Ref
1>                  NuGetPackageVersion=3.0.0
1>                  Private=false
1>                  PublicKeyToken=b03f5f7f11d50a3a
1>          C:\Users\hansnguyen\.nuget\packages\microsoft.netcore.app.ref\3.0.0\ref\netcoreapp3.0\System.Net.Security.dll
1>                  AssemblyVersion=4.1.1.0
1>                  ExternallyResolved=true
1>                  FileVersion=4.700.19.46214
1>                  FrameworkReferenceName=Microsoft.NETCore.App
1>                  FrameworkReferenceVersion=3.0.0
1>                  NuGetPackageId=Microsoft.NETCore.App.Ref
1>                  NuGetPackageVersion=3.0.0
1>                  Private=false
1>                  PublicKeyToken=b03f5f7f11d50a3a
1>          C:\Users\hansnguyen\.nuget\packages\microsoft.netcore.app.ref\3.0.0\ref\netcoreapp3.0\System.Net.ServicePoint.dll
1>                  AssemblyVersion=4.0.1.0
1>                  ExternallyResolved=true
1>                  FileVersion=4.700.19.46214
1>                  FrameworkReferenceName=Microsoft.NETCore.App
1>                  FrameworkReferenceVersion=3.0.0
1>                  NuGetPackageId=Microsoft.NETCore.App.Ref
1>                  NuGetPackageVersion=3.0.0
1>                  Private=false
1>                  PublicKeyToken=cc7b13ffcd2ddd51
1>          C:\Users\hansnguyen\.nuget\packages\microsoft.netcore.app.ref\3.0.0\ref\netcoreapp3.0\System.Net.Sockets.dll
1>                  AssemblyVersion=4.2.1.0
1>                  ExternallyResolved=true
1>                  FileVersion=4.700.19.46214
1>                  FrameworkReferenceName=Microsoft.NETCore.App
1>                  FrameworkReferenceVersion=3.0.0
1>                  NuGetPackageId=Microsoft.NETCore.App.Ref
1>                  NuGetPackageVersion=3.0.0
1>                  Private=false
1>                  PublicKeyToken=b03f5f7f11d50a3a
1>          C:\Users\hansnguyen\.nuget\packages\microsoft.netcore.app.ref\3.0.0\ref\netcoreapp3.0\System.Net.WebClient.dll
1>                  AssemblyVersion=4.0.1.0
1>                  ExternallyResolved=true
1>                  FileVersion=4.700.19.46214
1>                  FrameworkReferenceName=Microsoft.NETCore.App
1>                  FrameworkReferenceVersion=3.0.0
1>                  NuGetPackageId=Microsoft.NETCore.App.Ref
1>                  NuGetPackageVersion=3.0.0
1>                  Private=false
1>                  PublicKeyToken=cc7b13ffcd2ddd51
1>          C:\Users\hansnguyen\.nuget\packages\microsoft.netcore.app.ref\3.0.0\ref\netcoreapp3.0\System.Net.WebHeaderCollection.dll
1>                  AssemblyVersion=4.1.1.0
1>                  ExternallyResolved=true
1>                  FileVersion=4.700.19.46214
1>                  FrameworkReferenceName=Microsoft.NETCore.App
1>                  FrameworkReferenceVersion=3.0.0
1>                  NuGetPackageId=Microsoft.NETCore.App.Ref
1>                  NuGetPackageVersion=3.0.0
1>                  Private=false
1>                  PublicKeyToken=b03f5f7f11d50a3a
1>          C:\Users\hansnguyen\.nuget\packages\microsoft.netcore.app.ref\3.0.0\ref\netcoreapp3.0\System.Net.WebProxy.dll
1>                  AssemblyVersion=4.0.1.0
1>                  ExternallyResolved=true
1>                  FileVersion=4.700.19.46214
1>                  FrameworkReferenceName=Microsoft.NETCore.App
1>                  FrameworkReferenceVersion=3.0.0
1>                  NuGetPackageId=Microsoft.NETCore.App.Ref
1>                  NuGetPackageVersion=3.0.0
1>                  Private=false
1>                  PublicKeyToken=cc7b13ffcd2ddd51
1>          C:\Users\hansnguyen\.nuget\packages\microsoft.netcore.app.ref\3.0.0\ref\netcoreapp3.0\System.Net.WebSockets.Client.dll
1>                  AssemblyVersion=4.1.1.0
1>                  ExternallyResolved=true
1>                  FileVersion=4.700.19.46214
1>                  FrameworkReferenceName=Microsoft.NETCore.App
1>                  FrameworkReferenceVersion=3.0.0
1>                  NuGetPackageId=Microsoft.NETCore.App.Ref
1>                  NuGetPackageVersion=3.0.0
1>                  Private=false
1>                  PublicKeyToken=b03f5f7f11d50a3a
1>          C:\Users\hansnguyen\.nuget\packages\microsoft.netcore.app.ref\3.0.0\ref\netcoreapp3.0\System.Net.WebSockets.dll
1>                  AssemblyVersion=4.1.1.0
1>                  ExternallyResolved=true
1>                  FileVersion=4.700.19.46214
1>                  FrameworkReferenceName=Microsoft.NETCore.App
1>                  FrameworkReferenceVersion=3.0.0
1>                  NuGetPackageId=Microsoft.NETCore.App.Ref
1>                  NuGetPackageVersion=3.0.0
1>                  Private=false
1>                  PublicKeyToken=b03f5f7f11d50a3a
1>          C:\Users\hansnguyen\.nuget\packages\microsoft.netcore.app.ref\3.0.0\ref\netcoreapp3.0\System.Net.dll
1>                  AssemblyVersion=4.0.0.0
1>                  ExternallyResolved=true
1>                  FileVersion=4.700.19.46214
1>                  FrameworkReferenceName=Microsoft.NETCore.App
1>                  FrameworkReferenceVersion=3.0.0
1>                  NuGetPackageId=Microsoft.NETCore.App.Ref
1>                  NuGetPackageVersion=3.0.0
1>                  Private=false
1>                  PublicKeyToken=b03f5f7f11d50a3a
1>          C:\Users\hansnguyen\.nuget\packages\microsoft.netcore.app.ref\3.0.0\ref\netcoreapp3.0\System.Numerics.Vectors.dll
1>                  AssemblyVersion=4.1.5.0
1>                  ExternallyResolved=true
1>                  FileVersion=4.700.19.46214
1>                  FrameworkReferenceName=Microsoft.NETCore.App
1>                  FrameworkReferenceVersion=3.0.0
1>                  NuGetPackageId=Microsoft.NETCore.App.Ref
1>                  NuGetPackageVersion=3.0.0
1>                  Private=false
1>                  PublicKeyToken=b03f5f7f11d50a3a
1>          C:\Users\hansnguyen\.nuget\packages\microsoft.netcore.app.ref\3.0.0\ref\netcoreapp3.0\System.Numerics.dll
1>                  AssemblyVersion=4.0.0.0
1>                  ExternallyResolved=true
1>                  FileVersion=4.700.19.46214
1>                  FrameworkReferenceName=Microsoft.NETCore.App
1>                  FrameworkReferenceVersion=3.0.0
1>                  NuGetPackageId=Microsoft.NETCore.App.Ref
1>                  NuGetPackageVersion=3.0.0
1>                  Private=false
1>                  PublicKeyToken=b77a5c561934e089
1>          C:\Users\hansnguyen\.nuget\packages\microsoft.netcore.app.ref\3.0.0\ref\netcoreapp3.0\System.ObjectModel.dll
1>                  AssemblyVersion=4.1.1.0
1>                  ExternallyResolved=true
1>                  FileVersion=4.700.19.46214
1>                  FrameworkReferenceName=Microsoft.NETCore.App
1>                  FrameworkReferenceVersion=3.0.0
1>                  NuGetPackageId=Microsoft.NETCore.App.Ref
1>                  NuGetPackageVersion=3.0.0
1>                  Private=false
1>                  PublicKeyToken=b03f5f7f11d50a3a
1>          C:\Users\hansnguyen\.nuget\packages\microsoft.netcore.app.ref\3.0.0\ref\netcoreapp3.0\System.Reflection.DispatchProxy.dll
1>                  AssemblyVersion=4.0.5.0
1>                  ExternallyResolved=true
1>                  FileVersion=4.700.19.46214
1>                  FrameworkReferenceName=Microsoft.NETCore.App
1>                  FrameworkReferenceVersion=3.0.0
1>                  NuGetPackageId=Microsoft.NETCore.App.Ref
1>                  NuGetPackageVersion=3.0.0
1>                  Private=false
1>                  PublicKeyToken=b03f5f7f11d50a3a
1>          C:\Users\hansnguyen\.nuget\packages\microsoft.netcore.app.ref\3.0.0\ref\netcoreapp3.0\System.Reflection.Emit.ILGeneration.dll
1>                  AssemblyVersion=4.1.0.0
1>                  ExternallyResolved=true
1>                  FileVersion=4.700.19.46214
1>                  FrameworkReferenceName=Microsoft.NETCore.App
1>                  FrameworkReferenceVersion=3.0.0
1>                  NuGetPackageId=Microsoft.NETCore.App.Ref
1>                  NuGetPackageVersion=3.0.0
1>                  Private=false
1>                  PublicKeyToken=b03f5f7f11d50a3a
1>          C:\Users\hansnguyen\.nuget\packages\microsoft.netcore.app.ref\3.0.0\ref\netcoreapp3.0\System.Reflection.Emit.Lightweight.dll
1>                  AssemblyVersion=4.1.0.0
1>                  ExternallyResolved=true
1>                  FileVersion=4.700.19.46214
1>                  FrameworkReferenceName=Microsoft.NETCore.App
1>                  FrameworkReferenceVersion=3.0.0
1>                  NuGetPackageId=Microsoft.NETCore.App.Ref
1>                  NuGetPackageVersion=3.0.0
1>                  Private=false
1>                  PublicKeyToken=b03f5f7f11d50a3a
1>          C:\Users\hansnguyen\.nuget\packages\microsoft.netcore.app.ref\3.0.0\ref\netcoreapp3.0\System.Reflection.Emit.dll
1>                  AssemblyVersion=4.1.1.0
1>                  ExternallyResolved=true
1>                  FileVersion=4.700.19.46214
1>                  FrameworkReferenceName=Microsoft.NETCore.App
1>                  FrameworkReferenceVersion=3.0.0
1>                  NuGetPackageId=Microsoft.NETCore.App.Ref
1>                  NuGetPackageVersion=3.0.0
1>                  Private=false
1>                  PublicKeyToken=b03f5f7f11d50a3a
1>          C:\Users\hansnguyen\.nuget\packages\microsoft.netcore.app.ref\3.0.0\ref\netcoreapp3.0\System.Reflection.Extensions.dll
1>                  AssemblyVersion=4.1.1.0
1>                  ExternallyResolved=true
1>                  FileVersion=4.700.19.46214
1>                  FrameworkReferenceName=Microsoft.NETCore.App
1>                  FrameworkReferenceVersion=3.0.0
1>                  NuGetPackageId=Microsoft.NETCore.App.Ref
1>                  NuGetPackageVersion=3.0.0
1>                  Private=false
1>                  PublicKeyToken=b03f5f7f11d50a3a
1>          C:\Users\hansnguyen\.nuget\packages\microsoft.netcore.app.ref\3.0.0\ref\netcoreapp3.0\System.Reflection.Metadata.dll
1>                  AssemblyVersion=1.4.4.0
1>                  ExternallyResolved=true
1>                  FileVersion=4.700.19.46214
1>                  FrameworkReferenceName=Microsoft.NETCore.App
1>                  FrameworkReferenceVersion=3.0.0
1>                  NuGetPackageId=Microsoft.NETCore.App.Ref
1>                  NuGetPackageVersion=3.0.0
1>                  Private=false
1>                  PublicKeyToken=b03f5f7f11d50a3a
1>          C:\Users\hansnguyen\.nuget\packages\microsoft.netcore.app.ref\3.0.0\ref\netcoreapp3.0\System.Reflection.Primitives.dll
1>                  AssemblyVersion=4.1.1.0
1>                  ExternallyResolved=true
1>                  FileVersion=4.700.19.46214
1>                  FrameworkReferenceName=Microsoft.NETCore.App
1>                  FrameworkReferenceVersion=3.0.0
1>                  NuGetPackageId=Microsoft.NETCore.App.Ref
1>                  NuGetPackageVersion=3.0.0
1>                  Private=false
1>                  PublicKeyToken=b03f5f7f11d50a3a
1>          C:\Users\hansnguyen\.nuget\packages\microsoft.netcore.app.ref\3.0.0\ref\netcoreapp3.0\System.Reflection.TypeExtensions.dll
1>                  AssemblyVersion=4.1.2.0
1>                  ExternallyResolved=true
1>                  FileVersion=4.700.19.46214
1>                  FrameworkReferenceName=Microsoft.NETCore.App
1>                  FrameworkReferenceVersion=3.0.0
1>                  NuGetPackageId=Microsoft.NETCore.App.Ref
1>                  NuGetPackageVersion=3.0.0
1>                  Private=false
1>                  PublicKeyToken=b03f5f7f11d50a3a
1>          C:\Users\hansnguyen\.nuget\packages\microsoft.netcore.app.ref\3.0.0\ref\netcoreapp3.0\System.Reflection.dll
1>                  AssemblyVersion=4.2.1.0
1>                  ExternallyResolved=true
1>                  FileVersion=4.700.19.46214
1>                  FrameworkReferenceName=Microsoft.NETCore.App
1>                  FrameworkReferenceVersion=3.0.0
1>                  NuGetPackageId=Microsoft.NETCore.App.Ref
1>                  NuGetPackageVersion=3.0.0
1>                  Private=false
1>                  PublicKeyToken=b03f5f7f11d50a3a
1>          C:\Users\hansnguyen\.nuget\packages\microsoft.netcore.app.ref\3.0.0\ref\netcoreapp3.0\System.Resources.Reader.dll
1>                  AssemblyVersion=4.1.1.0
1>                  ExternallyResolved=true
1>                  FileVersion=4.700.19.46214
1>                  FrameworkReferenceName=Microsoft.NETCore.App
1>                  FrameworkReferenceVersion=3.0.0
1>                  NuGetPackageId=Microsoft.NETCore.App.Ref
1>                  NuGetPackageVersion=3.0.0
1>                  Private=false
1>                  PublicKeyToken=b03f5f7f11d50a3a
1>          C:\Users\hansnguyen\.nuget\packages\microsoft.netcore.app.ref\3.0.0\ref\netcoreapp3.0\System.Resources.ResourceManager.dll
1>                  AssemblyVersion=4.1.1.0
1>                  ExternallyResolved=true
1>                  FileVersion=4.700.19.46214
1>                  FrameworkReferenceName=Microsoft.NETCore.App
1>                  FrameworkReferenceVersion=3.0.0
1>                  NuGetPackageId=Microsoft.NETCore.App.Ref
1>                  NuGetPackageVersion=3.0.0
1>                  Private=false
1>                  PublicKeyToken=b03f5f7f11d50a3a
1>          C:\Users\hansnguyen\.nuget\packages\microsoft.netcore.app.ref\3.0.0\ref\netcoreapp3.0\System.Resources.Writer.dll
1>                  AssemblyVersion=4.1.1.0
1>                  ExternallyResolved=true
1>                  FileVersion=4.700.19.46214
1>                  FrameworkReferenceName=Microsoft.NETCore.App
1>                  FrameworkReferenceVersion=3.0.0
1>                  NuGetPackageId=Microsoft.NETCore.App.Ref
1>                  NuGetPackageVersion=3.0.0
1>                  Private=false
1>                  PublicKeyToken=b03f5f7f11d50a3a
1>          C:\Users\hansnguyen\.nuget\packages\microsoft.netcore.app.ref\3.0.0\ref\netcoreapp3.0\System.Runtime.CompilerServices.Unsafe.dll
1>                  AssemblyVersion=4.0.5.0
1>                  ExternallyResolved=true
1>                  FileVersion=4.700.19.46214
1>                  FrameworkReferenceName=Microsoft.NETCore.App
1>                  FrameworkReferenceVersion=3.0.0
1>                  NuGetPackageId=Microsoft.NETCore.App.Ref
1>                  NuGetPackageVersion=3.0.0
1>                  Private=false
1>                  PublicKeyToken=b03f5f7f11d50a3a
1>          C:\Users\hansnguyen\.nuget\packages\microsoft.netcore.app.ref\3.0.0\ref\netcoreapp3.0\System.Runtime.CompilerServices.VisualC.dll
1>                  AssemblyVersion=4.1.1.0
1>                  ExternallyResolved=true
1>                  FileVersion=4.700.19.46214
1>                  FrameworkReferenceName=Microsoft.NETCore.App
1>                  FrameworkReferenceVersion=3.0.0
1>                  NuGetPackageId=Microsoft.NETCore.App.Ref
1>                  NuGetPackageVersion=3.0.0
1>                  Private=false
1>                  PublicKeyToken=b03f5f7f11d50a3a
1>          C:\Users\hansnguyen\.nuget\packages\microsoft.netcore.app.ref\3.0.0\ref\netcoreapp3.0\System.Runtime.Extensions.dll
1>                  AssemblyVersion=4.2.1.0
1>                  ExternallyResolved=true
1>                  FileVersion=4.700.19.46214
1>                  FrameworkReferenceName=Microsoft.NETCore.App
1>                  FrameworkReferenceVersion=3.0.0
1>                  NuGetPackageId=Microsoft.NETCore.App.Ref
1>                  NuGetPackageVersion=3.0.0
1>                  Private=false
1>                  PublicKeyToken=b03f5f7f11d50a3a
1>          C:\Users\hansnguyen\.nuget\packages\microsoft.netcore.app.ref\3.0.0\ref\netcoreapp3.0\System.Runtime.Handles.dll
1>                  AssemblyVersion=4.1.1.0
1>                  ExternallyResolved=true
1>                  FileVersion=4.700.19.46214
1>                  FrameworkReferenceName=Microsoft.NETCore.App
1>                  FrameworkReferenceVersion=3.0.0
1>                  NuGetPackageId=Microsoft.NETCore.App.Ref
1>                  NuGetPackageVersion=3.0.0
1>                  Private=false
1>                  PublicKeyToken=b03f5f7f11d50a3a
1>          C:\Users\hansnguyen\.nuget\packages\microsoft.netcore.app.ref\3.0.0\ref\netcoreapp3.0\System.Runtime.InteropServices.RuntimeInformation.dll
1>                  AssemblyVersion=4.0.3.0
1>                  ExternallyResolved=true
1>                  FileVersion=4.700.19.46214
1>                  FrameworkReferenceName=Microsoft.NETCore.App
1>                  FrameworkReferenceVersion=3.0.0
1>                  NuGetPackageId=Microsoft.NETCore.App.Ref
1>                  NuGetPackageVersion=3.0.0
1>                  Private=false
1>                  PublicKeyToken=b03f5f7f11d50a3a
1>          C:\Users\hansnguyen\.nuget\packages\microsoft.netcore.app.ref\3.0.0\ref\netcoreapp3.0\System.Runtime.InteropServices.WindowsRuntime.dll
1>                  AssemblyVersion=4.0.3.0
1>                  ExternallyResolved=true
1>                  FileVersion=4.700.19.46214
1>                  FrameworkReferenceName=Microsoft.NETCore.App
1>                  FrameworkReferenceVersion=3.0.0
1>                  NuGetPackageId=Microsoft.NETCore.App.Ref
1>                  NuGetPackageVersion=3.0.0
1>                  Private=false
1>                  PublicKeyToken=b03f5f7f11d50a3a
1>          C:\Users\hansnguyen\.nuget\packages\microsoft.netcore.app.ref\3.0.0\ref\netcoreapp3.0\System.Runtime.InteropServices.dll
1>                  AssemblyVersion=4.2.1.0
1>                  ExternallyResolved=true
1>                  FileVersion=4.700.19.46214
1>                  FrameworkReferenceName=Microsoft.NETCore.App
1>                  FrameworkReferenceVersion=3.0.0
1>                  NuGetPackageId=Microsoft.NETCore.App.Ref
1>                  NuGetPackageVersion=3.0.0
1>                  Private=false
1>                  PublicKeyToken=b03f5f7f11d50a3a
1>          C:\Users\hansnguyen\.nuget\packages\microsoft.netcore.app.ref\3.0.0\ref\netcoreapp3.0\System.Runtime.Intrinsics.dll
1>                  AssemblyVersion=4.0.0.0
1>                  ExternallyResolved=true
1>                  FileVersion=4.700.19.46214
1>                  FrameworkReferenceName=Microsoft.NETCore.App
1>                  FrameworkReferenceVersion=3.0.0
1>                  NuGetPackageId=Microsoft.NETCore.App.Ref
1>                  NuGetPackageVersion=3.0.0
1>                  Private=false
1>                  PublicKeyToken=cc7b13ffcd2ddd51
1>          C:\Users\hansnguyen\.nuget\packages\microsoft.netcore.app.ref\3.0.0\ref\netcoreapp3.0\System.Runtime.Loader.dll
1>                  AssemblyVersion=4.1.0.0
1>                  ExternallyResolved=true
1>                  FileVersion=4.700.19.46214
1>                  FrameworkReferenceName=Microsoft.NETCore.App
1>                  FrameworkReferenceVersion=3.0.0
1>                  NuGetPackageId=Microsoft.NETCore.App.Ref
1>                  NuGetPackageVersion=3.0.0
1>                  Private=false
1>                  PublicKeyToken=b03f5f7f11d50a3a
1>          C:\Users\hansnguyen\.nuget\packages\microsoft.netcore.app.ref\3.0.0\ref\netcoreapp3.0\System.Runtime.Numerics.dll
1>                  AssemblyVersion=4.1.1.0
1>                  ExternallyResolved=true
1>                  FileVersion=4.700.19.46214
1>                  FrameworkReferenceName=Microsoft.NETCore.App
1>                  FrameworkReferenceVersion=3.0.0
1>                  NuGetPackageId=Microsoft.NETCore.App.Ref
1>                  NuGetPackageVersion=3.0.0
1>                  Private=false
1>                  PublicKeyToken=b03f5f7f11d50a3a
1>          C:\Users\hansnguyen\.nuget\packages\microsoft.netcore.app.ref\3.0.0\ref\netcoreapp3.0\System.Runtime.Serialization.Formatters.dll
1>                  AssemblyVersion=4.0.3.0
1>                  ExternallyResolved=true
1>                  FileVersion=4.700.19.46214
1>                  FrameworkReferenceName=Microsoft.NETCore.App
1>                  FrameworkReferenceVersion=3.0.0
1>                  NuGetPackageId=Microsoft.NETCore.App.Ref
1>                  NuGetPackageVersion=3.0.0
1>                  Private=false
1>                  PublicKeyToken=b03f5f7f11d50a3a
1>          C:\Users\hansnguyen\.nuget\packages\microsoft.netcore.app.ref\3.0.0\ref\netcoreapp3.0\System.Runtime.Serialization.Json.dll
1>                  AssemblyVersion=4.0.4.0
1>                  ExternallyResolved=true
1>                  FileVersion=4.700.19.46214
1>                  FrameworkReferenceName=Microsoft.NETCore.App
1>                  FrameworkReferenceVersion=3.0.0
1>                  NuGetPackageId=Microsoft.NETCore.App.Ref
1>                  NuGetPackageVersion=3.0.0
1>                  Private=false
1>                  PublicKeyToken=b03f5f7f11d50a3a
1>          C:\Users\hansnguyen\.nuget\packages\microsoft.netcore.app.ref\3.0.0\ref\netcoreapp3.0\System.Runtime.Serialization.Primitives.dll
1>                  AssemblyVersion=4.2.1.0
1>                  ExternallyResolved=true
1>                  FileVersion=4.700.19.46214
1>                  FrameworkReferenceName=Microsoft.NETCore.App
1>                  FrameworkReferenceVersion=3.0.0
1>                  NuGetPackageId=Microsoft.NETCore.App.Ref
1>                  NuGetPackageVersion=3.0.0
1>                  Private=false
1>                  PublicKeyToken=b03f5f7f11d50a3a
1>          C:\Users\hansnguyen\.nuget\packages\microsoft.netcore.app.ref\3.0.0\ref\netcoreapp3.0\System.Runtime.Serialization.Xml.dll
1>                  AssemblyVersion=4.1.4.0
1>                  ExternallyResolved=true
1>                  FileVersion=4.700.19.46214
1>                  FrameworkReferenceName=Microsoft.NETCore.App
1>                  FrameworkReferenceVersion=3.0.0
1>                  NuGetPackageId=Microsoft.NETCore.App.Ref
1>                  NuGetPackageVersion=3.0.0
1>                  Private=false
1>                  PublicKeyToken=b03f5f7f11d50a3a
1>          C:\Users\hansnguyen\.nuget\packages\microsoft.netcore.app.ref\3.0.0\ref\netcoreapp3.0\System.Runtime.Serialization.dll
1>                  AssemblyVersion=4.0.0.0
1>                  ExternallyResolved=true
1>                  FileVersion=4.700.19.46214
1>                  FrameworkReferenceName=Microsoft.NETCore.App
1>                  FrameworkReferenceVersion=3.0.0
1>                  NuGetPackageId=Microsoft.NETCore.App.Ref
1>                  NuGetPackageVersion=3.0.0
1>                  Private=false
1>                  PublicKeyToken=b77a5c561934e089
1>          C:\Users\hansnguyen\.nuget\packages\microsoft.netcore.app.ref\3.0.0\ref\netcoreapp3.0\System.Runtime.dll
1>                  AssemblyVersion=4.2.1.0
1>                  ExternallyResolved=true
1>                  FileVersion=4.700.19.46214
1>                  FrameworkReferenceName=Microsoft.NETCore.App
1>                  FrameworkReferenceVersion=3.0.0
1>                  NuGetPackageId=Microsoft.NETCore.App.Ref
1>                  NuGetPackageVersion=3.0.0
1>                  Private=false
1>                  PublicKeyToken=b03f5f7f11d50a3a
1>          C:\Users\hansnguyen\.nuget\packages\microsoft.netcore.app.ref\3.0.0\ref\netcoreapp3.0\System.Security.Claims.dll
1>                  AssemblyVersion=4.1.1.0
1>                  ExternallyResolved=true
1>                  FileVersion=4.700.19.46214
1>                  FrameworkReferenceName=Microsoft.NETCore.App
1>                  FrameworkReferenceVersion=3.0.0
1>                  NuGetPackageId=Microsoft.NETCore.App.Ref
1>                  NuGetPackageVersion=3.0.0
1>                  Private=false
1>                  PublicKeyToken=b03f5f7f11d50a3a
1>          C:\Users\hansnguyen\.nuget\packages\microsoft.netcore.app.ref\3.0.0\ref\netcoreapp3.0\System.Security.Cryptography.Algorithms.dll
1>                  AssemblyVersion=4.3.1.0
1>                  ExternallyResolved=true
1>                  FileVersion=4.700.19.46214
1>                  FrameworkReferenceName=Microsoft.NETCore.App
1>                  FrameworkReferenceVersion=3.0.0
1>                  NuGetPackageId=Microsoft.NETCore.App.Ref
1>                  NuGetPackageVersion=3.0.0
1>                  Private=false
1>                  PublicKeyToken=b03f5f7f11d50a3a
1>          C:\Users\hansnguyen\.nuget\packages\microsoft.netcore.app.ref\3.0.0\ref\netcoreapp3.0\System.Security.Cryptography.Csp.dll
1>                  AssemblyVersion=4.1.1.0
1>                  ExternallyResolved=true
1>                  FileVersion=4.700.19.46214
1>                  FrameworkReferenceName=Microsoft.NETCore.App
1>                  FrameworkReferenceVersion=3.0.0
1>                  NuGetPackageId=Microsoft.NETCore.App.Ref
1>                  NuGetPackageVersion=3.0.0
1>                  Private=false
1>                  PublicKeyToken=b03f5f7f11d50a3a
1>          C:\Users\hansnguyen\.nuget\packages\microsoft.netcore.app.ref\3.0.0\ref\netcoreapp3.0\System.Security.Cryptography.Encoding.dll
1>                  AssemblyVersion=4.1.1.0
1>                  ExternallyResolved=true
1>                  FileVersion=4.700.19.46214
1>                  FrameworkReferenceName=Microsoft.NETCore.App
1>                  FrameworkReferenceVersion=3.0.0
1>                  NuGetPackageId=Microsoft.NETCore.App.Ref
1>                  NuGetPackageVersion=3.0.0
1>                  Private=false
1>                  PublicKeyToken=b03f5f7f11d50a3a
1>          C:\Users\hansnguyen\.nuget\packages\microsoft.netcore.app.ref\3.0.0\ref\netcoreapp3.0\System.Security.Cryptography.Primitives.dll
1>                  AssemblyVersion=4.1.1.0
1>                  ExternallyResolved=true
1>                  FileVersion=4.700.19.46214
1>                  FrameworkReferenceName=Microsoft.NETCore.App
1>                  FrameworkReferenceVersion=3.0.0
1>                  NuGetPackageId=Microsoft.NETCore.App.Ref
1>                  NuGetPackageVersion=3.0.0
1>                  Private=false
1>                  PublicKeyToken=b03f5f7f11d50a3a
1>          C:\Users\hansnguyen\.nuget\packages\microsoft.netcore.app.ref\3.0.0\ref\netcoreapp3.0\System.Security.Cryptography.X509Certificates.dll
1>                  AssemblyVersion=4.2.1.0
1>                  ExternallyResolved=true
1>                  FileVersion=4.700.19.46214
1>                  FrameworkReferenceName=Microsoft.NETCore.App
1>                  FrameworkReferenceVersion=3.0.0
1>                  NuGetPackageId=Microsoft.NETCore.App.Ref
1>                  NuGetPackageVersion=3.0.0
1>                  Private=false
1>                  PublicKeyToken=b03f5f7f11d50a3a
1>          C:\Users\hansnguyen\.nuget\packages\microsoft.netcore.app.ref\3.0.0\ref\netcoreapp3.0\System.Security.Principal.dll
1>                  AssemblyVersion=4.1.1.0
1>                  ExternallyResolved=true
1>                  FileVersion=4.700.19.46214
1>                  FrameworkReferenceName=Microsoft.NETCore.App
1>                  FrameworkReferenceVersion=3.0.0
1>                  NuGetPackageId=Microsoft.NETCore.App.Ref
1>                  NuGetPackageVersion=3.0.0
1>                  Private=false
1>                  PublicKeyToken=b03f5f7f11d50a3a
1>          C:\Users\hansnguyen\.nuget\packages\microsoft.netcore.app.ref\3.0.0\ref\netcoreapp3.0\System.Security.SecureString.dll
1>                  AssemblyVersion=4.1.1.0
1>                  ExternallyResolved=true
1>                  FileVersion=4.700.19.46214
1>                  FrameworkReferenceName=Microsoft.NETCore.App
1>                  FrameworkReferenceVersion=3.0.0
1>                  NuGetPackageId=Microsoft.NETCore.App.Ref
1>                  NuGetPackageVersion=3.0.0
1>                  Private=false
1>                  PublicKeyToken=b03f5f7f11d50a3a
1>          C:\Users\hansnguyen\.nuget\packages\microsoft.netcore.app.ref\3.0.0\ref\netcoreapp3.0\System.Security.dll
1>                  AssemblyVersion=4.0.0.0
1>                  ExternallyResolved=true
1>                  FileVersion=4.700.19.46214
1>                  FrameworkReferenceName=Microsoft.NETCore.App
1>                  FrameworkReferenceVersion=3.0.0
1>                  NuGetPackageId=Microsoft.NETCore.App.Ref
1>                  NuGetPackageVersion=3.0.0
1>                  Private=false
1>                  PublicKeyToken=b03f5f7f11d50a3a
1>          C:\Users\hansnguyen\.nuget\packages\microsoft.netcore.app.ref\3.0.0\ref\netcoreapp3.0\System.ServiceModel.Web.dll
1>                  AssemblyVersion=4.0.0.0
1>                  ExternallyResolved=true
1>                  FileVersion=4.700.19.46214
1>                  FrameworkReferenceName=Microsoft.NETCore.App
1>                  FrameworkReferenceVersion=3.0.0
1>                  NuGetPackageId=Microsoft.NETCore.App.Ref
1>                  NuGetPackageVersion=3.0.0
1>                  Private=false
1>                  PublicKeyToken=31bf3856ad364e35
1>          C:\Users\hansnguyen\.nuget\packages\microsoft.netcore.app.ref\3.0.0\ref\netcoreapp3.0\System.ServiceProcess.dll
1>                  AssemblyVersion=4.0.0.0
1>                  ExternallyResolved=true
1>                  FileVersion=4.700.19.46214
1>                  FrameworkReferenceName=Microsoft.NETCore.App
1>                  FrameworkReferenceVersion=3.0.0
1>                  NuGetPackageId=Microsoft.NETCore.App.Ref
1>                  NuGetPackageVersion=3.0.0
1>                  Private=false
1>                  PublicKeyToken=b03f5f7f11d50a3a
1>          C:\Users\hansnguyen\.nuget\packages\microsoft.netcore.app.ref\3.0.0\ref\netcoreapp3.0\System.Text.Encoding.CodePages.dll
1>                  AssemblyVersion=4.1.2.0
1>                  ExternallyResolved=true
1>                  FileVersion=4.700.19.46214
1>                  FrameworkReferenceName=Microsoft.NETCore.App
1>                  FrameworkReferenceVersion=3.0.0
1>                  NuGetPackageId=Microsoft.NETCore.App.Ref
1>                  NuGetPackageVersion=3.0.0
1>                  Private=false
1>                  PublicKeyToken=b03f5f7f11d50a3a
1>          C:\Users\hansnguyen\.nuget\packages\microsoft.netcore.app.ref\3.0.0\ref\netcoreapp3.0\System.Text.Encoding.Extensions.dll
1>                  AssemblyVersion=4.1.1.0
1>                  ExternallyResolved=true
1>                  FileVersion=4.700.19.46214
1>                  FrameworkReferenceName=Microsoft.NETCore.App
1>                  FrameworkReferenceVersion=3.0.0
1>                  NuGetPackageId=Microsoft.NETCore.App.Ref
1>                  NuGetPackageVersion=3.0.0
1>                  Private=false
1>                  PublicKeyToken=b03f5f7f11d50a3a
1>          C:\Users\hansnguyen\.nuget\packages\microsoft.netcore.app.ref\3.0.0\ref\netcoreapp3.0\System.Text.Encoding.dll
1>                  AssemblyVersion=4.1.1.0
1>                  ExternallyResolved=true
1>                  FileVersion=4.700.19.46214
1>                  FrameworkReferenceName=Microsoft.NETCore.App
1>                  FrameworkReferenceVersion=3.0.0
1>                  NuGetPackageId=Microsoft.NETCore.App.Ref
1>                  NuGetPackageVersion=3.0.0
1>                  Private=false
1>                  PublicKeyToken=b03f5f7f11d50a3a
1>          C:\Users\hansnguyen\.nuget\packages\microsoft.netcore.app.ref\3.0.0\ref\netcoreapp3.0\System.Text.Encodings.Web.dll
1>                  AssemblyVersion=4.0.4.0
1>                  ExternallyResolved=true
1>                  FileVersion=4.700.19.46214
1>                  FrameworkReferenceName=Microsoft.NETCore.App
1>                  FrameworkReferenceVersion=3.0.0
1>                  NuGetPackageId=Microsoft.NETCore.App.Ref
1>                  NuGetPackageVersion=3.0.0
1>                  Private=false
1>                  PublicKeyToken=cc7b13ffcd2ddd51
1>          C:\Users\hansnguyen\.nuget\packages\microsoft.netcore.app.ref\3.0.0\ref\netcoreapp3.0\System.Text.Json.dll
1>                  AssemblyVersion=4.0.0.0
1>                  ExternallyResolved=true
1>                  FileVersion=4.700.19.46214
1>                  FrameworkReferenceName=Microsoft.NETCore.App
1>                  FrameworkReferenceVersion=3.0.0
1>                  NuGetPackageId=Microsoft.NETCore.App.Ref
1>                  NuGetPackageVersion=3.0.0
1>                  Private=false
1>                  PublicKeyToken=cc7b13ffcd2ddd51
1>          C:\Users\hansnguyen\.nuget\packages\microsoft.netcore.app.ref\3.0.0\ref\netcoreapp3.0\System.Text.RegularExpressions.dll
1>                  AssemblyVersion=4.2.1.0
1>                  ExternallyResolved=true
1>                  FileVersion=4.700.19.46214
1>                  FrameworkReferenceName=Microsoft.NETCore.App
1>                  FrameworkReferenceVersion=3.0.0
1>                  NuGetPackageId=Microsoft.NETCore.App.Ref
1>                  NuGetPackageVersion=3.0.0
1>                  Private=false
1>                  PublicKeyToken=b03f5f7f11d50a3a
1>          C:\Users\hansnguyen\.nuget\packages\microsoft.netcore.app.ref\3.0.0\ref\netcoreapp3.0\System.Threading.Channels.dll
1>                  AssemblyVersion=4.0.1.0
1>                  ExternallyResolved=true
1>                  FileVersion=4.700.19.46214
1>                  FrameworkReferenceName=Microsoft.NETCore.App
1>                  FrameworkReferenceVersion=3.0.0
1>                  NuGetPackageId=Microsoft.NETCore.App.Ref
1>                  NuGetPackageVersion=3.0.0
1>                  Private=false
1>                  PublicKeyToken=cc7b13ffcd2ddd51
1>          C:\Users\hansnguyen\.nuget\packages\microsoft.netcore.app.ref\3.0.0\ref\netcoreapp3.0\System.Threading.Overlapped.dll
1>                  AssemblyVersion=4.1.1.0
1>                  ExternallyResolved=true
1>                  FileVersion=4.700.19.46214
1>                  FrameworkReferenceName=Microsoft.NETCore.App
1>                  FrameworkReferenceVersion=3.0.0
1>                  NuGetPackageId=Microsoft.NETCore.App.Ref
1>                  NuGetPackageVersion=3.0.0
1>                  Private=false
1>                  PublicKeyToken=b03f5f7f11d50a3a
1>          C:\Users\hansnguyen\.nuget\packages\microsoft.netcore.app.ref\3.0.0\ref\netcoreapp3.0\System.Threading.Tasks.Dataflow.dll
1>                  AssemblyVersion=4.6.4.0
1>                  ExternallyResolved=true
1>                  FileVersion=4.700.19.46214
1>                  FrameworkReferenceName=Microsoft.NETCore.App
1>                  FrameworkReferenceVersion=3.0.0
1>                  NuGetPackageId=Microsoft.NETCore.App.Ref
1>                  NuGetPackageVersion=3.0.0
1>                  Private=false
1>                  PublicKeyToken=b03f5f7f11d50a3a
1>          C:\Users\hansnguyen\.nuget\packages\microsoft.netcore.app.ref\3.0.0\ref\netcoreapp3.0\System.Threading.Tasks.Extensions.dll
1>                  AssemblyVersion=4.3.0.0
1>                  ExternallyResolved=true
1>                  FileVersion=4.700.19.46214
1>                  FrameworkReferenceName=Microsoft.NETCore.App
1>                  FrameworkReferenceVersion=3.0.0
1>                  NuGetPackageId=Microsoft.NETCore.App.Ref
1>                  NuGetPackageVersion=3.0.0
1>                  Private=false
1>                  PublicKeyToken=cc7b13ffcd2ddd51
1>          C:\Users\hansnguyen\.nuget\packages\microsoft.netcore.app.ref\3.0.0\ref\netcoreapp3.0\System.Threading.Tasks.Parallel.dll
1>                  AssemblyVersion=4.0.3.0
1>                  ExternallyResolved=true
1>                  FileVersion=4.700.19.46214
1>                  FrameworkReferenceName=Microsoft.NETCore.App
1>                  FrameworkReferenceVersion=3.0.0
1>                  NuGetPackageId=Microsoft.NETCore.App.Ref
1>                  NuGetPackageVersion=3.0.0
1>                  Private=false
1>                  PublicKeyToken=b03f5f7f11d50a3a
1>          C:\Users\hansnguyen\.nuget\packages\microsoft.netcore.app.ref\3.0.0\ref\netcoreapp3.0\System.Threading.Tasks.dll
1>                  AssemblyVersion=4.1.1.0
1>                  ExternallyResolved=true
1>                  FileVersion=4.700.19.46214
1>                  FrameworkReferenceName=Microsoft.NETCore.App
1>                  FrameworkReferenceVersion=3.0.0
1>                  NuGetPackageId=Microsoft.NETCore.App.Ref
1>                  NuGetPackageVersion=3.0.0
1>                  Private=false
1>                  PublicKeyToken=b03f5f7f11d50a3a
1>          C:\Users\hansnguyen\.nuget\packages\microsoft.netcore.app.ref\3.0.0\ref\netcoreapp3.0\System.Threading.Thread.dll
1>                  AssemblyVersion=4.1.1.0
1>                  ExternallyResolved=true
1>                  FileVersion=4.700.19.46214
1>                  FrameworkReferenceName=Microsoft.NETCore.App
1>                  FrameworkReferenceVersion=3.0.0
1>                  NuGetPackageId=Microsoft.NETCore.App.Ref
1>                  NuGetPackageVersion=3.0.0
1>                  Private=false
1>                  PublicKeyToken=b03f5f7f11d50a3a
1>          C:\Users\hansnguyen\.nuget\packages\microsoft.netcore.app.ref\3.0.0\ref\netcoreapp3.0\System.Threading.ThreadPool.dll
1>                  AssemblyVersion=4.1.1.0
1>                  ExternallyResolved=true
1>                  FileVersion=4.700.19.46214
1>                  FrameworkReferenceName=Microsoft.NETCore.App
1>                  FrameworkReferenceVersion=3.0.0
1>                  NuGetPackageId=Microsoft.NETCore.App.Ref
1>                  NuGetPackageVersion=3.0.0
1>                  Private=false
1>                  PublicKeyToken=b03f5f7f11d50a3a
1>          C:\Users\hansnguyen\.nuget\packages\microsoft.netcore.app.ref\3.0.0\ref\netcoreapp3.0\System.Threading.Timer.dll
1>                  AssemblyVersion=4.1.1.0
1>                  ExternallyResolved=true
1>                  FileVersion=4.700.19.46214
1>                  FrameworkReferenceName=Microsoft.NETCore.App
1>                  FrameworkReferenceVersion=3.0.0
1>                  NuGetPackageId=Microsoft.NETCore.App.Ref
1>                  NuGetPackageVersion=3.0.0
1>                  Private=false
1>                  PublicKeyToken=b03f5f7f11d50a3a
1>          C:\Users\hansnguyen\.nuget\packages\microsoft.netcore.app.ref\3.0.0\ref\netcoreapp3.0\System.Threading.dll
1>                  AssemblyVersion=4.1.1.0
1>                  ExternallyResolved=true
1>                  FileVersion=4.700.19.46214
1>                  FrameworkReferenceName=Microsoft.NETCore.App
1>                  FrameworkReferenceVersion=3.0.0
1>                  NuGetPackageId=Microsoft.NETCore.App.Ref
1>                  NuGetPackageVersion=3.0.0
1>                  Private=false
1>                  PublicKeyToken=b03f5f7f11d50a3a
1>          C:\Users\hansnguyen\.nuget\packages\microsoft.netcore.app.ref\3.0.0\ref\netcoreapp3.0\System.Transactions.Local.dll
1>                  AssemblyVersion=4.0.1.0
1>                  ExternallyResolved=true
1>                  FileVersion=4.700.19.46214
1>                  FrameworkReferenceName=Microsoft.NETCore.App
1>                  FrameworkReferenceVersion=3.0.0
1>                  NuGetPackageId=Microsoft.NETCore.App.Ref
1>                  NuGetPackageVersion=3.0.0
1>                  Private=false
1>                  PublicKeyToken=cc7b13ffcd2ddd51
1>          C:\Users\hansnguyen\.nuget\packages\microsoft.netcore.app.ref\3.0.0\ref\netcoreapp3.0\System.Transactions.dll
1>                  AssemblyVersion=4.0.0.0
1>                  ExternallyResolved=true
1>                  FileVersion=4.700.19.46214
1>                  FrameworkReferenceName=Microsoft.NETCore.App
1>                  FrameworkReferenceVersion=3.0.0
1>                  NuGetPackageId=Microsoft.NETCore.App.Ref
1>                  NuGetPackageVersion=3.0.0
1>                  Private=false
1>                  PublicKeyToken=b77a5c561934e089
1>          C:\Users\hansnguyen\.nuget\packages\microsoft.netcore.app.ref\3.0.0\ref\netcoreapp3.0\System.ValueTuple.dll
1>                  AssemblyVersion=4.0.3.0
1>                  ExternallyResolved=true
1>                  FileVersion=4.700.19.46214
1>                  FrameworkReferenceName=Microsoft.NETCore.App
1>                  FrameworkReferenceVersion=3.0.0
1>                  NuGetPackageId=Microsoft.NETCore.App.Ref
1>                  NuGetPackageVersion=3.0.0
1>                  Private=false
1>                  PublicKeyToken=cc7b13ffcd2ddd51
1>          C:\Users\hansnguyen\.nuget\packages\microsoft.netcore.app.ref\3.0.0\ref\netcoreapp3.0\System.Web.HttpUtility.dll
1>                  AssemblyVersion=4.0.1.0
1>                  ExternallyResolved=true
1>                  FileVersion=4.700.19.46214
1>                  FrameworkReferenceName=Microsoft.NETCore.App
1>                  FrameworkReferenceVersion=3.0.0
1>                  NuGetPackageId=Microsoft.NETCore.App.Ref
1>                  NuGetPackageVersion=3.0.0
1>                  Private=false
1>                  PublicKeyToken=cc7b13ffcd2ddd51
1>          C:\Users\hansnguyen\.nuget\packages\microsoft.netcore.app.ref\3.0.0\ref\netcoreapp3.0\System.Web.dll
1>                  AssemblyVersion=4.0.0.0
1>                  ExternallyResolved=true
1>                  FileVersion=4.700.19.46214
1>                  FrameworkReferenceName=Microsoft.NETCore.App
1>                  FrameworkReferenceVersion=3.0.0
1>                  NuGetPackageId=Microsoft.NETCore.App.Ref
1>                  NuGetPackageVersion=3.0.0
1>                  Private=false
1>                  PublicKeyToken=b03f5f7f11d50a3a
1>          C:\Users\hansnguyen\.nuget\packages\microsoft.netcore.app.ref\3.0.0\ref\netcoreapp3.0\System.Windows.dll
1>                  AssemblyVersion=4.0.0.0
1>                  ExternallyResolved=true
1>                  FileVersion=4.700.19.46214
1>                  FrameworkReferenceName=Microsoft.NETCore.App
1>                  FrameworkReferenceVersion=3.0.0
1>                  NuGetPackageId=Microsoft.NETCore.App.Ref
1>                  NuGetPackageVersion=3.0.0
1>                  Private=false
1>                  PublicKeyToken=b03f5f7f11d50a3a
1>          C:\Users\hansnguyen\.nuget\packages\microsoft.netcore.app.ref\3.0.0\ref\netcoreapp3.0\System.Xml.Linq.dll
1>                  AssemblyVersion=4.0.0.0
1>                  ExternallyResolved=true
1>                  FileVersion=4.700.19.46214
1>                  FrameworkReferenceName=Microsoft.NETCore.App
1>                  FrameworkReferenceVersion=3.0.0
1>                  NuGetPackageId=Microsoft.NETCore.App.Ref
1>                  NuGetPackageVersion=3.0.0
1>                  Private=false
1>                  PublicKeyToken=b77a5c561934e089
1>          C:\Users\hansnguyen\.nuget\packages\microsoft.netcore.app.ref\3.0.0\ref\netcoreapp3.0\System.Xml.ReaderWriter.dll
1>                  AssemblyVersion=4.2.1.0
1>                  ExternallyResolved=true
1>                  FileVersion=4.700.19.46214
1>                  FrameworkReferenceName=Microsoft.NETCore.App
1>                  FrameworkReferenceVersion=3.0.0
1>                  NuGetPackageId=Microsoft.NETCore.App.Ref
1>                  NuGetPackageVersion=3.0.0
1>                  Private=false
1>                  PublicKeyToken=b03f5f7f11d50a3a
1>          C:\Users\hansnguyen\.nuget\packages\microsoft.netcore.app.ref\3.0.0\ref\netcoreapp3.0\System.Xml.Serialization.dll
1>                  AssemblyVersion=4.0.0.0
1>                  ExternallyResolved=true
1>                  FileVersion=4.700.19.46214
1>                  FrameworkReferenceName=Microsoft.NETCore.App
1>                  FrameworkReferenceVersion=3.0.0
1>                  NuGetPackageId=Microsoft.NETCore.App.Ref
1>                  NuGetPackageVersion=3.0.0
1>                  Private=false
1>                  PublicKeyToken=b77a5c561934e089
1>          C:\Users\hansnguyen\.nuget\packages\microsoft.netcore.app.ref\3.0.0\ref\netcoreapp3.0\System.Xml.XDocument.dll
1>                  AssemblyVersion=4.1.1.0
1>                  ExternallyResolved=true
1>                  FileVersion=4.700.19.46214
1>                  FrameworkReferenceName=Microsoft.NETCore.App
1>                  FrameworkReferenceVersion=3.0.0
1>                  NuGetPackageId=Microsoft.NETCore.App.Ref
1>                  NuGetPackageVersion=3.0.0
1>                  Private=false
1>                  PublicKeyToken=b03f5f7f11d50a3a
1>          C:\Users\hansnguyen\.nuget\packages\microsoft.netcore.app.ref\3.0.0\ref\netcoreapp3.0\System.Xml.XPath.XDocument.dll
1>                  AssemblyVersion=4.1.1.0
1>                  ExternallyResolved=true
1>                  FileVersion=4.700.19.46214
1>                  FrameworkReferenceName=Microsoft.NETCore.App
1>                  FrameworkReferenceVersion=3.0.0
1>                  NuGetPackageId=Microsoft.NETCore.App.Ref
1>                  NuGetPackageVersion=3.0.0
1>                  Private=false
1>                  PublicKeyToken=b03f5f7f11d50a3a
1>          C:\Users\hansnguyen\.nuget\packages\microsoft.netcore.app.ref\3.0.0\ref\netcoreapp3.0\System.Xml.XPath.dll
1>                  AssemblyVersion=4.1.1.0
1>                  ExternallyResolved=true
1>                  FileVersion=4.700.19.46214
1>                  FrameworkReferenceName=Microsoft.NETCore.App
1>                  FrameworkReferenceVersion=3.0.0
1>                  NuGetPackageId=Microsoft.NETCore.App.Ref
1>                  NuGetPackageVersion=3.0.0
1>                  Private=false
1>                  PublicKeyToken=b03f5f7f11d50a3a
1>          C:\Users\hansnguyen\.nuget\packages\microsoft.netcore.app.ref\3.0.0\ref\netcoreapp3.0\System.Xml.XmlDocument.dll
1>                  AssemblyVersion=4.1.1.0
1>                  ExternallyResolved=true
1>                  FileVersion=4.700.19.46214
1>                  FrameworkReferenceName=Microsoft.NETCore.App
1>                  FrameworkReferenceVersion=3.0.0
1>                  NuGetPackageId=Microsoft.NETCore.App.Ref
1>                  NuGetPackageVersion=3.0.0
1>                  Private=false
1>                  PublicKeyToken=b03f5f7f11d50a3a
1>          C:\Users\hansnguyen\.nuget\packages\microsoft.netcore.app.ref\3.0.0\ref\netcoreapp3.0\System.Xml.XmlSerializer.dll
1>                  AssemblyVersion=4.1.1.0
1>                  ExternallyResolved=true
1>                  FileVersion=4.700.19.46214
1>                  FrameworkReferenceName=Microsoft.NETCore.App
1>                  FrameworkReferenceVersion=3.0.0
1>                  NuGetPackageId=Microsoft.NETCore.App.Ref
1>                  NuGetPackageVersion=3.0.0
1>                  Private=false
1>                  PublicKeyToken=b03f5f7f11d50a3a
1>          C:\Users\hansnguyen\.nuget\packages\microsoft.netcore.app.ref\3.0.0\ref\netcoreapp3.0\System.Xml.dll
1>                  AssemblyVersion=4.0.0.0
1>                  ExternallyResolved=true
1>                  FileVersion=4.700.19.46214
1>                  FrameworkReferenceName=Microsoft.NETCore.App
1>                  FrameworkReferenceVersion=3.0.0
1>                  NuGetPackageId=Microsoft.NETCore.App.Ref
1>                  NuGetPackageVersion=3.0.0
1>                  Private=false
1>                  PublicKeyToken=b77a5c561934e089
1>          C:\Users\hansnguyen\.nuget\packages\microsoft.netcore.app.ref\3.0.0\ref\netcoreapp3.0\System.dll
1>                  AssemblyVersion=4.0.0.0
1>                  ExternallyResolved=true
1>                  FileVersion=4.700.19.46214
1>                  FrameworkReferenceName=Microsoft.NETCore.App
1>                  FrameworkReferenceVersion=3.0.0
1>                  NuGetPackageId=Microsoft.NETCore.App.Ref
1>                  NuGetPackageVersion=3.0.0
1>                  Private=false
1>                  PublicKeyToken=b77a5c561934e089
1>          C:\Users\hansnguyen\.nuget\packages\microsoft.netcore.app.ref\3.0.0\ref\netcoreapp3.0\WindowsBase.dll
1>                  AssemblyVersion=4.0.0.0
1>                  ExternallyResolved=true
1>                  FileVersion=4.700.19.46214
1>                  FrameworkReferenceName=Microsoft.NETCore.App
1>                  FrameworkReferenceVersion=3.0.0
1>                  NuGetPackageId=Microsoft.NETCore.App.Ref
1>                  NuGetPackageVersion=3.0.0
1>                  Private=false
1>                  PublicKeyToken=31bf3856ad364e35
1>          C:\Users\hansnguyen\.nuget\packages\microsoft.netcore.app.ref\3.0.0\ref\netcoreapp3.0\mscorlib.dll
1>                  AssemblyVersion=4.0.0.0
1>                  ExternallyResolved=true
1>                  FileVersion=4.700.19.46214
1>                  FrameworkReferenceName=Microsoft.NETCore.App
1>                  FrameworkReferenceVersion=3.0.0
1>                  NuGetPackageId=Microsoft.NETCore.App.Ref
1>                  NuGetPackageVersion=3.0.0
1>                  Private=false
1>                  PublicKeyToken=b77a5c561934e089
1>          C:\Users\hansnguyen\.nuget\packages\microsoft.netcore.app.ref\3.0.0\ref\netcoreapp3.0\netstandard.dll
1>                  AssemblyVersion=2.1.0.0
1>                  ExternallyResolved=true
1>                  FileVersion=4.700.19.46214
1>                  FrameworkReferenceName=Microsoft.NETCore.App
1>                  FrameworkReferenceVersion=3.0.0
1>                  NuGetPackageId=Microsoft.NETCore.App.Ref
1>                  NuGetPackageVersion=3.0.0
1>                  Private=false
1>                  PublicKeyToken=cc7b13ffcd2ddd51
1>          C:\Users\hansnguyen\.nuget\packages\microsoft.windowsdesktop.app.ref\3.0.0\ref\netcoreapp3.0\Accessibility.dll
1>                  AssemblyVersion=4.0.0.0
1>                  ExternallyResolved=true
1>                  FileVersion=4.800.19.46210
1>                  FrameworkReferenceName=Microsoft.WindowsDesktop.App.WPF
1>                  FrameworkReferenceVersion=3.0.0
1>                  NuGetPackageId=Microsoft.WindowsDesktop.App.Ref
1>                  NuGetPackageVersion=3.0.0
1>                  Private=false
1>                  PublicKeyToken=31bf3856ad364e35
1>          C:\Users\hansnguyen\.nuget\packages\microsoft.windowsdesktop.app.ref\3.0.0\ref\netcoreapp3.0\Microsoft.Win32.Registry.AccessControl.dll
1>                  AssemblyVersion=4.0.4.0
1>                  ExternallyResolved=true
1>                  FileVersion=4.700.19.46214
1>                  FrameworkReferenceName=Microsoft.WindowsDesktop.App.WPF
1>                  FrameworkReferenceVersion=3.0.0
1>                  NuGetPackageId=Microsoft.WindowsDesktop.App.Ref
1>                  NuGetPackageVersion=3.0.0
1>                  Private=false
1>                  PublicKeyToken=b03f5f7f11d50a3a
1>          C:\Users\hansnguyen\.nuget\packages\microsoft.windowsdesktop.app.ref\3.0.0\ref\netcoreapp3.0\Microsoft.Win32.Registry.dll
1>                  AssemblyVersion=4.1.2.0
1>                  ExternallyResolved=true
1>                  FileVersion=4.700.19.46214
1>                  FrameworkReferenceName=Microsoft.WindowsDesktop.App.WPF
1>                  FrameworkReferenceVersion=3.0.0
1>                  NuGetPackageId=Microsoft.WindowsDesktop.App.Ref
1>                  NuGetPackageVersion=3.0.0
1>                  Private=false
1>                  PublicKeyToken=b03f5f7f11d50a3a
1>          C:\Users\hansnguyen\.nuget\packages\microsoft.windowsdesktop.app.ref\3.0.0\ref\netcoreapp3.0\Microsoft.Win32.SystemEvents.dll
1>                  AssemblyVersion=4.0.1.0
1>                  ExternallyResolved=true
1>                  FileVersion=4.700.19.46214
1>                  FrameworkReferenceName=Microsoft.WindowsDesktop.App.WPF
1>                  FrameworkReferenceVersion=3.0.0
1>                  NuGetPackageId=Microsoft.WindowsDesktop.App.Ref
1>                  NuGetPackageVersion=3.0.0
1>                  Private=false
1>                  PublicKeyToken=cc7b13ffcd2ddd51
1>          C:\Users\hansnguyen\.nuget\packages\microsoft.windowsdesktop.app.ref\3.0.0\ref\netcoreapp3.0\PresentationCore.dll
1>                  AssemblyVersion=4.0.0.0
1>                  ExternallyResolved=true
1>                  FileVersion=4.800.19.46214
1>                  FrameworkReferenceName=Microsoft.WindowsDesktop.App.WPF
1>                  FrameworkReferenceVersion=3.0.0
1>                  NuGetPackageId=Microsoft.WindowsDesktop.App.Ref
1>                  NuGetPackageVersion=3.0.0
1>                  Private=false
1>                  PublicKeyToken=31bf3856ad364e35
1>          C:\Users\hansnguyen\.nuget\packages\microsoft.windowsdesktop.app.ref\3.0.0\ref\netcoreapp3.0\PresentationFramework.Aero.dll
1>                  AssemblyVersion=4.0.0.0
1>                  ExternallyResolved=true
1>                  FileVersion=4.800.19.46214
1>                  FrameworkReferenceName=Microsoft.WindowsDesktop.App.WPF
1>                  FrameworkReferenceVersion=3.0.0
1>                  NuGetPackageId=Microsoft.WindowsDesktop.App.Ref
1>                  NuGetPackageVersion=3.0.0
1>                  Private=false
1>                  PublicKeyToken=31bf3856ad364e35
1>          C:\Users\hansnguyen\.nuget\packages\microsoft.windowsdesktop.app.ref\3.0.0\ref\netcoreapp3.0\PresentationFramework.Aero2.dll
1>                  AssemblyVersion=4.0.0.0
1>                  ExternallyResolved=true
1>                  FileVersion=4.800.19.46214
1>                  FrameworkReferenceName=Microsoft.WindowsDesktop.App.WPF
1>                  FrameworkReferenceVersion=3.0.0
1>                  NuGetPackageId=Microsoft.WindowsDesktop.App.Ref
1>                  NuGetPackageVersion=3.0.0
1>                  Private=false
1>                  PublicKeyToken=31bf3856ad364e35
1>          C:\Users\hansnguyen\.nuget\packages\microsoft.windowsdesktop.app.ref\3.0.0\ref\netcoreapp3.0\PresentationFramework.AeroLite.dll
1>                  AssemblyVersion=4.0.0.0
1>                  ExternallyResolved=true
1>                  FileVersion=4.800.19.46214
1>                  FrameworkReferenceName=Microsoft.WindowsDesktop.App.WPF
1>                  FrameworkReferenceVersion=3.0.0
1>                  NuGetPackageId=Microsoft.WindowsDesktop.App.Ref
1>                  NuGetPackageVersion=3.0.0
1>                  Private=false
1>                  PublicKeyToken=31bf3856ad364e35
1>          C:\Users\hansnguyen\.nuget\packages\microsoft.windowsdesktop.app.ref\3.0.0\ref\netcoreapp3.0\PresentationFramework.Classic.dll
1>                  AssemblyVersion=4.0.0.0
1>                  ExternallyResolved=true
1>                  FileVersion=4.800.19.46214
1>                  FrameworkReferenceName=Microsoft.WindowsDesktop.App.WPF
1>                  FrameworkReferenceVersion=3.0.0
1>                  NuGetPackageId=Microsoft.WindowsDesktop.App.Ref
1>                  NuGetPackageVersion=3.0.0
1>                  Private=false
1>                  PublicKeyToken=31bf3856ad364e35
1>          C:\Users\hansnguyen\.nuget\packages\microsoft.windowsdesktop.app.ref\3.0.0\ref\netcoreapp3.0\PresentationFramework.Luna.dll
1>                  AssemblyVersion=4.0.0.0
1>                  ExternallyResolved=true
1>                  FileVersion=4.800.19.46214
1>                  FrameworkReferenceName=Microsoft.WindowsDesktop.App.WPF
1>                  FrameworkReferenceVersion=3.0.0
1>                  NuGetPackageId=Microsoft.WindowsDesktop.App.Ref
1>                  NuGetPackageVersion=3.0.0
1>                  Private=false
1>                  PublicKeyToken=31bf3856ad364e35
1>          C:\Users\hansnguyen\.nuget\packages\microsoft.windowsdesktop.app.ref\3.0.0\ref\netcoreapp3.0\PresentationFramework.Royale.dll
1>                  AssemblyVersion=4.0.0.0
1>                  ExternallyResolved=true
1>                  FileVersion=4.800.19.46214
1>                  FrameworkReferenceName=Microsoft.WindowsDesktop.App.WPF
1>                  FrameworkReferenceVersion=3.0.0
1>                  NuGetPackageId=Microsoft.WindowsDesktop.App.Ref
1>                  NuGetPackageVersion=3.0.0
1>                  Private=false
1>                  PublicKeyToken=31bf3856ad364e35
1>          C:\Users\hansnguyen\.nuget\packages\microsoft.windowsdesktop.app.ref\3.0.0\ref\netcoreapp3.0\PresentationFramework.dll
1>                  AssemblyVersion=4.0.0.0
1>                  ExternallyResolved=true
1>                  FileVersion=4.800.19.46214
1>                  FrameworkReferenceName=Microsoft.WindowsDesktop.App.WPF
1>                  FrameworkReferenceVersion=3.0.0
1>                  NuGetPackageId=Microsoft.WindowsDesktop.App.Ref
1>                  NuGetPackageVersion=3.0.0
1>                  Private=false
1>                  PublicKeyToken=31bf3856ad364e35
1>          C:\Users\hansnguyen\.nuget\packages\microsoft.windowsdesktop.app.ref\3.0.0\ref\netcoreapp3.0\PresentationUI.dll
1>                  AssemblyVersion=4.0.0.0
1>                  ExternallyResolved=true
1>                  FileVersion=4.800.19.46214
1>                  FrameworkReferenceName=Microsoft.WindowsDesktop.App.WPF
1>                  FrameworkReferenceVersion=3.0.0
1>                  NuGetPackageId=Microsoft.WindowsDesktop.App.Ref
1>                  NuGetPackageVersion=3.0.0
1>                  Private=false
1>                  PublicKeyToken=b77a5c561934e089
1>          C:\Users\hansnguyen\.nuget\packages\microsoft.windowsdesktop.app.ref\3.0.0\ref\netcoreapp3.0\ReachFramework.dll
1>                  AssemblyVersion=4.0.0.0
1>                  ExternallyResolved=true
1>                  FileVersion=4.800.19.46214
1>                  FrameworkReferenceName=Microsoft.WindowsDesktop.App.WPF
1>                  FrameworkReferenceVersion=3.0.0
1>                  NuGetPackageId=Microsoft.WindowsDesktop.App.Ref
1>                  NuGetPackageVersion=3.0.0
1>                  Private=false
1>                  PublicKeyToken=31bf3856ad364e35
1>          C:\Users\hansnguyen\.nuget\packages\microsoft.windowsdesktop.app.ref\3.0.0\ref\netcoreapp3.0\System.CodeDom.dll
1>                  AssemblyVersion=4.0.2.0
1>                  ExternallyResolved=true
1>                  FileVersion=4.700.19.46214
1>                  FrameworkReferenceName=Microsoft.WindowsDesktop.App.WPF
1>                  FrameworkReferenceVersion=3.0.0
1>                  NuGetPackageId=Microsoft.WindowsDesktop.App.Ref
1>                  NuGetPackageVersion=3.0.0
1>                  Private=false
1>                  PublicKeyToken=cc7b13ffcd2ddd51
1>          C:\Users\hansnguyen\.nuget\packages\microsoft.windowsdesktop.app.ref\3.0.0\ref\netcoreapp3.0\System.Configuration.ConfigurationManager.dll
1>                  AssemblyVersion=4.0.2.0
1>                  ExternallyResolved=true
1>                  FileVersion=4.700.19.46214
1>                  FrameworkReferenceName=Microsoft.WindowsDesktop.App.WPF
1>                  FrameworkReferenceVersion=3.0.0
1>                  NuGetPackageId=Microsoft.WindowsDesktop.App.Ref
1>                  NuGetPackageVersion=3.0.0
1>                  Private=false
1>                  PublicKeyToken=cc7b13ffcd2ddd51
1>          C:\Users\hansnguyen\.nuget\packages\microsoft.windowsdesktop.app.ref\3.0.0\ref\netcoreapp3.0\System.Diagnostics.EventLog.dll
1>                  AssemblyVersion=4.0.1.0
1>                  ExternallyResolved=true
1>                  FileVersion=4.700.19.46214
1>                  FrameworkReferenceName=Microsoft.WindowsDesktop.App.WPF
1>                  FrameworkReferenceVersion=3.0.0
1>                  NuGetPackageId=Microsoft.WindowsDesktop.App.Ref
1>                  NuGetPackageVersion=3.0.0
1>                  Private=false
1>                  PublicKeyToken=cc7b13ffcd2ddd51
1>          C:\Users\hansnguyen\.nuget\packages\microsoft.windowsdesktop.app.ref\3.0.0\ref\netcoreapp3.0\System.Diagnostics.PerformanceCounter.dll
1>                  AssemblyVersion=4.0.1.0
1>                  ExternallyResolved=true
1>                  FileVersion=4.700.19.37515
1>                  FrameworkReferenceName=Microsoft.WindowsDesktop.App.WPF
1>                  FrameworkReferenceVersion=3.0.0
1>                  NuGetPackageId=Microsoft.WindowsDesktop.App.Ref
1>                  NuGetPackageVersion=3.0.0
1>                  Private=false
1>                  PublicKeyToken=cc7b13ffcd2ddd51
1>          C:\Users\hansnguyen\.nuget\packages\microsoft.windowsdesktop.app.ref\3.0.0\ref\netcoreapp3.0\System.DirectoryServices.dll
1>                  AssemblyVersion=4.0.0.0
1>                  ExternallyResolved=true
1>                  FileVersion=4.700.19.46214
1>                  FrameworkReferenceName=Microsoft.WindowsDesktop.App.WPF
1>                  FrameworkReferenceVersion=3.0.0
1>                  NuGetPackageId=Microsoft.WindowsDesktop.App.Ref
1>                  NuGetPackageVersion=3.0.0
1>                  Private=false
1>                  PublicKeyToken=b03f5f7f11d50a3a
1>          C:\Users\hansnguyen\.nuget\packages\microsoft.windowsdesktop.app.ref\3.0.0\ref\netcoreapp3.0\System.IO.FileSystem.AccessControl.dll
1>                  AssemblyVersion=4.0.4.0
1>                  ExternallyResolved=true
1>                  FileVersion=4.700.19.46214
1>                  FrameworkReferenceName=Microsoft.WindowsDesktop.App.WPF
1>                  FrameworkReferenceVersion=3.0.0
1>                  NuGetPackageId=Microsoft.WindowsDesktop.App.Ref
1>                  NuGetPackageVersion=3.0.0
1>                  Private=false
1>                  PublicKeyToken=b03f5f7f11d50a3a
1>          C:\Users\hansnguyen\.nuget\packages\microsoft.windowsdesktop.app.ref\3.0.0\ref\netcoreapp3.0\System.IO.Packaging.dll
1>                  AssemblyVersion=4.0.4.0
1>                  ExternallyResolved=true
1>                  FileVersion=4.700.19.46214
1>                  FrameworkReferenceName=Microsoft.WindowsDesktop.App.WPF
1>                  FrameworkReferenceVersion=3.0.0
1>                  NuGetPackageId=Microsoft.WindowsDesktop.App.Ref
1>                  NuGetPackageVersion=3.0.0
1>                  Private=false
1>                  PublicKeyToken=b03f5f7f11d50a3a
1>          C:\Users\hansnguyen\.nuget\packages\microsoft.windowsdesktop.app.ref\3.0.0\ref\netcoreapp3.0\System.IO.Pipes.AccessControl.dll
1>                  AssemblyVersion=4.0.3.0
1>                  ExternallyResolved=true
1>                  FileVersion=4.6.26606.5
1>                  FrameworkReferenceName=Microsoft.WindowsDesktop.App.WPF
1>                  FrameworkReferenceVersion=3.0.0
1>                  NuGetPackageId=Microsoft.WindowsDesktop.App.Ref
1>                  NuGetPackageVersion=3.0.0
1>                  Private=false
1>                  PublicKeyToken=b03f5f7f11d50a3a
1>          C:\Users\hansnguyen\.nuget\packages\microsoft.windowsdesktop.app.ref\3.0.0\ref\netcoreapp3.0\System.Printing.dll
1>                  AssemblyVersion=4.0.0.0
1>                  ExternallyResolved=true
1>                  FileVersion=4.800.19.46214
1>                  FrameworkReferenceName=Microsoft.WindowsDesktop.App.WPF
1>                  FrameworkReferenceVersion=3.0.0
1>                  NuGetPackageId=Microsoft.WindowsDesktop.App.Ref
1>                  NuGetPackageVersion=3.0.0
1>                  Private=false
1>                  PublicKeyToken=31bf3856ad364e35
1>          C:\Users\hansnguyen\.nuget\packages\microsoft.windowsdesktop.app.ref\3.0.0\ref\netcoreapp3.0\System.Resources.Extensions.dll
1>                  AssemblyVersion=4.0.0.0
1>                  ExternallyResolved=true
1>                  FileVersion=4.700.19.46214
1>                  FrameworkReferenceName=Microsoft.WindowsDesktop.App.WPF
1>                  FrameworkReferenceVersion=3.0.0
1>                  NuGetPackageId=Microsoft.WindowsDesktop.App.Ref
1>                  NuGetPackageVersion=3.0.0
1>                  Private=false
1>                  PublicKeyToken=cc7b13ffcd2ddd51
1>          C:\Users\hansnguyen\.nuget\packages\microsoft.windowsdesktop.app.ref\3.0.0\ref\netcoreapp3.0\System.Security.AccessControl.dll
1>                  AssemblyVersion=4.1.1.0
1>                  ExternallyResolved=true
1>                  FileVersion=4.700.19.46214
1>                  FrameworkReferenceName=Microsoft.WindowsDesktop.App.WPF
1>                  FrameworkReferenceVersion=3.0.0
1>                  NuGetPackageId=Microsoft.WindowsDesktop.App.Ref
1>                  NuGetPackageVersion=3.0.0
1>                  Private=false
1>                  PublicKeyToken=b03f5f7f11d50a3a
1>          C:\Users\hansnguyen\.nuget\packages\microsoft.windowsdesktop.app.ref\3.0.0\ref\netcoreapp3.0\System.Security.Cryptography.Cng.dll
1>                  AssemblyVersion=4.3.2.0
1>                  ExternallyResolved=true
1>                  FileVersion=4.700.19.46214
1>                  FrameworkReferenceName=Microsoft.WindowsDesktop.App.WPF
1>                  FrameworkReferenceVersion=3.0.0
1>                  NuGetPackageId=Microsoft.WindowsDesktop.App.Ref
1>                  NuGetPackageVersion=3.0.0
1>                  Private=false
1>                  PublicKeyToken=b03f5f7f11d50a3a
1>          C:\Users\hansnguyen\.nuget\packages\microsoft.windowsdesktop.app.ref\3.0.0\ref\netcoreapp3.0\System.Security.Cryptography.Pkcs.dll
1>                  AssemblyVersion=4.1.0.0
1>                  ExternallyResolved=true
1>                  FileVersion=4.700.19.46214
1>                  FrameworkReferenceName=Microsoft.WindowsDesktop.App.WPF
1>                  FrameworkReferenceVersion=3.0.0
1>                  NuGetPackageId=Microsoft.WindowsDesktop.App.Ref
1>                  NuGetPackageVersion=3.0.0
1>                  Private=false
1>                  PublicKeyToken=b03f5f7f11d50a3a
1>          C:\Users\hansnguyen\.nuget\packages\microsoft.windowsdesktop.app.ref\3.0.0\ref\netcoreapp3.0\System.Security.Cryptography.ProtectedData.dll
1>                  AssemblyVersion=4.0.4.0
1>                  ExternallyResolved=true
1>                  FileVersion=4.700.19.46214
1>                  FrameworkReferenceName=Microsoft.WindowsDesktop.App.WPF
1>                  FrameworkReferenceVersion=3.0.0
1>                  NuGetPackageId=Microsoft.WindowsDesktop.App.Ref
1>                  NuGetPackageVersion=3.0.0
1>                  Private=false
1>                  PublicKeyToken=b03f5f7f11d50a3a
1>          C:\Users\hansnguyen\.nuget\packages\microsoft.windowsdesktop.app.ref\3.0.0\ref\netcoreapp3.0\System.Security.Cryptography.Xml.dll
1>                  AssemblyVersion=4.0.2.0
1>                  ExternallyResolved=true
1>                  FileVersion=4.700.19.46214
1>                  FrameworkReferenceName=Microsoft.WindowsDesktop.App.WPF
1>                  FrameworkReferenceVersion=3.0.0
1>                  NuGetPackageId=Microsoft.WindowsDesktop.App.Ref
1>                  NuGetPackageVersion=3.0.0
1>                  Private=false
1>                  PublicKeyToken=cc7b13ffcd2ddd51
1>          C:\Users\hansnguyen\.nuget\packages\microsoft.windowsdesktop.app.ref\3.0.0\ref\netcoreapp3.0\System.Security.Permissions.dll
1>                  AssemblyVersion=4.0.2.0
1>                  ExternallyResolved=true
1>                  FileVersion=4.700.19.46214
1>                  FrameworkReferenceName=Microsoft.WindowsDesktop.App.WPF
1>                  FrameworkReferenceVersion=3.0.0
1>                  NuGetPackageId=Microsoft.WindowsDesktop.App.Ref
1>                  NuGetPackageVersion=3.0.0
1>                  Private=false
1>                  PublicKeyToken=cc7b13ffcd2ddd51
1>          C:\Users\hansnguyen\.nuget\packages\microsoft.windowsdesktop.app.ref\3.0.0\ref\netcoreapp3.0\System.Security.Principal.Windows.dll
1>                  AssemblyVersion=4.1.1.0
1>                  ExternallyResolved=true
1>                  FileVersion=4.700.19.46214
1>                  FrameworkReferenceName=Microsoft.WindowsDesktop.App.WPF
1>                  FrameworkReferenceVersion=3.0.0
1>                  NuGetPackageId=Microsoft.WindowsDesktop.App.Ref
1>                  NuGetPackageVersion=3.0.0
1>                  Private=false
1>                  PublicKeyToken=b03f5f7f11d50a3a
1>          C:\Users\hansnguyen\.nuget\packages\microsoft.windowsdesktop.app.ref\3.0.0\ref\netcoreapp3.0\System.Threading.AccessControl.dll
1>                  AssemblyVersion=4.0.4.0
1>                  ExternallyResolved=true
1>                  FileVersion=4.700.19.46214
1>                  FrameworkReferenceName=Microsoft.WindowsDesktop.App.WPF
1>                  FrameworkReferenceVersion=3.0.0
1>                  NuGetPackageId=Microsoft.WindowsDesktop.App.Ref
1>                  NuGetPackageVersion=3.0.0
1>                  Private=false
1>                  PublicKeyToken=b03f5f7f11d50a3a
1>          C:\Users\hansnguyen\.nuget\packages\microsoft.windowsdesktop.app.ref\3.0.0\ref\netcoreapp3.0\System.Windows.Controls.Ribbon.dll
1>                  AssemblyVersion=4.0.0.0
1>                  ExternallyResolved=true
1>                  FileVersion=4.800.19.46214
1>                  FrameworkReferenceName=Microsoft.WindowsDesktop.App.WPF
1>                  FrameworkReferenceVersion=3.0.0
1>                  NuGetPackageId=Microsoft.WindowsDesktop.App.Ref
1>                  NuGetPackageVersion=3.0.0
1>                  Private=false
1>                  PublicKeyToken=b77a5c561934e089
1>          C:\Users\hansnguyen\.nuget\packages\microsoft.windowsdesktop.app.ref\3.0.0\ref\netcoreapp3.0\System.Windows.Extensions.dll
1>                  AssemblyVersion=4.0.0.0
1>                  ExternallyResolved=true
1>                  FileVersion=4.700.19.46214
1>                  FrameworkReferenceName=Microsoft.WindowsDesktop.App.WPF
1>                  FrameworkReferenceVersion=3.0.0
1>                  NuGetPackageId=Microsoft.WindowsDesktop.App.Ref
1>                  NuGetPackageVersion=3.0.0
1>                  Private=false
1>                  PublicKeyToken=cc7b13ffcd2ddd51
1>          C:\Users\hansnguyen\.nuget\packages\microsoft.windowsdesktop.app.ref\3.0.0\ref\netcoreapp3.0\System.Windows.Input.Manipulations.dll
1>                  AssemblyVersion=4.0.0.0
1>                  ExternallyResolved=true
1>                  FileVersion=4.800.19.46214
1>                  FrameworkReferenceName=Microsoft.WindowsDesktop.App.WPF
1>                  FrameworkReferenceVersion=3.0.0
1>                  NuGetPackageId=Microsoft.WindowsDesktop.App.Ref
1>                  NuGetPackageVersion=3.0.0
1>                  Private=false
1>                  PublicKeyToken=b77a5c561934e089
1>          C:\Users\hansnguyen\.nuget\packages\microsoft.windowsdesktop.app.ref\3.0.0\ref\netcoreapp3.0\System.Windows.Presentation.dll
1>                  AssemblyVersion=4.0.0.0
1>                  ExternallyResolved=true
1>                  FileVersion=4.800.19.46214
1>                  FrameworkReferenceName=Microsoft.WindowsDesktop.App.WPF
1>                  FrameworkReferenceVersion=3.0.0
1>                  NuGetPackageId=Microsoft.WindowsDesktop.App.Ref
1>                  NuGetPackageVersion=3.0.0
1>                  Private=false
1>                  PublicKeyToken=b77a5c561934e089
1>          C:\Users\hansnguyen\.nuget\packages\microsoft.windowsdesktop.app.ref\3.0.0\ref\netcoreapp3.0\System.Xaml.dll
1>                  AssemblyVersion=4.0.0.0
1>                  ExternallyResolved=true
1>                  FileVersion=4.800.19.46214
1>                  FrameworkReferenceName=Microsoft.WindowsDesktop.App.WPF
1>                  FrameworkReferenceVersion=3.0.0
1>                  NuGetPackageId=Microsoft.WindowsDesktop.App.Ref
1>                  NuGetPackageVersion=3.0.0
1>                  Private=false
1>                  PublicKeyToken=b77a5c561934e089
1>          C:\Users\hansnguyen\.nuget\packages\microsoft.windowsdesktop.app.ref\3.0.0\ref\netcoreapp3.0\UIAutomationClient.dll
1>                  AssemblyVersion=4.0.0.0
1>                  ExternallyResolved=true
1>                  FileVersion=4.800.19.46214
1>                  FrameworkReferenceName=Microsoft.WindowsDesktop.App.WPF
1>                  FrameworkReferenceVersion=3.0.0
1>                  NuGetPackageId=Microsoft.WindowsDesktop.App.Ref
1>                  NuGetPackageVersion=3.0.0
1>                  Private=false
1>                  PublicKeyToken=31bf3856ad364e35
1>          C:\Users\hansnguyen\.nuget\packages\microsoft.windowsdesktop.app.ref\3.0.0\ref\netcoreapp3.0\UIAutomationClientSideProviders.dll
1>                  AssemblyVersion=4.0.0.0
1>                  ExternallyResolved=true
1>                  FileVersion=4.800.19.46214
1>                  FrameworkReferenceName=Microsoft.WindowsDesktop.App.WPF
1>                  FrameworkReferenceVersion=3.0.0
1>                  NuGetPackageId=Microsoft.WindowsDesktop.App.Ref
1>                  NuGetPackageVersion=3.0.0
1>                  Private=false
1>                  PublicKeyToken=b77a5c561934e089
1>          C:\Users\hansnguyen\.nuget\packages\microsoft.windowsdesktop.app.ref\3.0.0\ref\netcoreapp3.0\UIAutomationProvider.dll
1>                  AssemblyVersion=4.0.0.0
1>                  ExternallyResolved=true
1>                  FileVersion=4.800.19.46214
1>                  FrameworkReferenceName=Microsoft.WindowsDesktop.App.WPF
1>                  FrameworkReferenceVersion=3.0.0
1>                  NuGetPackageId=Microsoft.WindowsDesktop.App.Ref
1>                  NuGetPackageVersion=3.0.0
1>                  Private=false
1>                  PublicKeyToken=31bf3856ad364e35
1>          C:\Users\hansnguyen\.nuget\packages\microsoft.windowsdesktop.app.ref\3.0.0\ref\netcoreapp3.0\UIAutomationTypes.dll
1>                  AssemblyVersion=4.0.0.0
1>                  ExternallyResolved=true
1>                  FileVersion=4.800.19.46214
1>                  FrameworkReferenceName=Microsoft.WindowsDesktop.App.WPF
1>                  FrameworkReferenceVersion=3.0.0
1>                  NuGetPackageId=Microsoft.WindowsDesktop.App.Ref
1>                  NuGetPackageVersion=3.0.0
1>                  Private=false
1>                  PublicKeyToken=31bf3856ad364e35
1>          C:\Users\hansnguyen\.nuget\packages\microsoft.windowsdesktop.app.ref\3.0.0\ref\netcoreapp3.0\WindowsBase.dll
1>                  AssemblyVersion=4.0.0.0
1>                  ExternallyResolved=true
1>                  FileVersion=4.800.19.46214
1>                  FrameworkReferenceName=Microsoft.WindowsDesktop.App.WPF
1>                  FrameworkReferenceVersion=3.0.0
1>                  NuGetPackageId=Microsoft.WindowsDesktop.App.Ref
1>                  NuGetPackageVersion=3.0.0
1>                  Private=false
1>                  PublicKeyToken=31bf3856ad364e35
1>  Added Item(s): 
1>      Reference=
1>          C:\Users\hansnguyen\.nuget\packages\c1.xaml.wpf\4.5.20213.749\lib\netcoreapp3.0\C1.WPF.4.5.2.dll
1>                  ExternallyResolved=true
1>                  HintPath=C:\Users\hansnguyen\.nuget\packages\c1.xaml.wpf\4.5.20213.749\lib\netcoreapp3.0\C1.WPF.4.5.2.dll
1>                  NuGetPackageId=C1.Xaml.WPF
1>                  NuGetPackageVersion=4.5.20213.749
1>                  NuGetSourceType=Package
1>                  PathInPackage=lib/netcoreapp3.0/C1.WPF.4.5.2.dll
1>                  Private=false
1>          C:\Users\hansnguyen\.nuget\packages\c1.xaml.wpf.datetimeeditors\4.5.20213.749\lib\netcoreapp3.0\C1.WPF.DateTimeEditors.4.5.2.dll
1>                  ExternallyResolved=true
1>                  HintPath=C:\Users\hansnguyen\.nuget\packages\c1.xaml.wpf.datetimeeditors\4.5.20213.749\lib\netcoreapp3.0\C1.WPF.DateTimeEditors.4.5.2.dll
1>                  NuGetPackageId=C1.Xaml.WPF.DateTimeEditors
1>                  NuGetPackageVersion=4.5.20213.749
1>                  NuGetSourceType=Package
1>                  PathInPackage=lib/netcoreapp3.0/C1.WPF.DateTimeEditors.4.5.2.dll
1>                  Private=false
1>          C:\Users\hansnguyen\.nuget\packages\c1.xaml.wpf.flexgrid\4.5.20213.749\lib\netcoreapp3.0\C1.WPF.FlexGrid.4.5.2.dll
1>                  ExternallyResolved=true
1>                  HintPath=C:\Users\hansnguyen\.nuget\packages\c1.xaml.wpf.flexgrid\4.5.20213.749\lib\netcoreapp3.0\C1.WPF.FlexGrid.4.5.2.dll
1>                  NuGetPackageId=C1.Xaml.WPF.FlexGrid
1>                  NuGetPackageVersion=4.5.20213.749
1>                  NuGetSourceType=Package
1>                  PathInPackage=lib/netcoreapp3.0/C1.WPF.FlexGrid.4.5.2.dll
1>                  Private=false
1>          C:\Users\hansnguyen\.nuget\packages\c1.xaml.wpf.flexgrid.grouppanel\4.5.20213.749\lib\netcoreapp3.0\C1.WPF.FlexGrid.GroupPanel.4.5.2.dll
1>                  ExternallyResolved=true
1>                  HintPath=C:\Users\hansnguyen\.nuget\packages\c1.xaml.wpf.flexgrid.grouppanel\4.5.20213.749\lib\netcoreapp3.0\C1.WPF.FlexGrid.GroupPanel.4.5.2.dll
1>                  NuGetPackageId=C1.Xaml.WPF.FlexGrid.GroupPanel
1>                  NuGetPackageVersion=4.5.20213.749
1>                  NuGetSourceType=Package
1>                  PathInPackage=lib/netcoreapp3.0/C1.WPF.FlexGrid.GroupPanel.4.5.2.dll
1>                  Private=false
1>          C:\Users\hansnguyen\.nuget\packages\c1.xaml.wpf.flexgridfilter\4.5.20213.749\lib\netcoreapp3.0\C1.WPF.FlexGridFilter.4.5.2.dll
1>                  ExternallyResolved=true
1>                  HintPath=C:\Users\hansnguyen\.nuget\packages\c1.xaml.wpf.flexgridfilter\4.5.20213.749\lib\netcoreapp3.0\C1.WPF.FlexGridFilter.4.5.2.dll
1>                  NuGetPackageId=C1.Xaml.WPF.FlexGridFilter
1>                  NuGetPackageVersion=4.5.20213.749
1>                  NuGetSourceType=Package
1>                  PathInPackage=lib/netcoreapp3.0/C1.WPF.FlexGridFilter.4.5.2.dll
1>                  Private=false
1>          C:\Users\hansnguyen\.nuget\packages\c1.xaml.wpf.toolbar\4.5.20213.749\lib\netcoreapp3.0\C1.WPF.Toolbar.4.5.2.dll
1>                  ExternallyResolved=true
1>                  HintPath=C:\Users\hansnguyen\.nuget\packages\c1.xaml.wpf.toolbar\4.5.20213.749\lib\netcoreapp3.0\C1.WPF.Toolbar.4.5.2.dll
1>                  NuGetPackageId=C1.Xaml.WPF.Toolbar
1>                  NuGetPackageVersion=4.5.20213.749
1>                  NuGetSourceType=Package
1>                  PathInPackage=lib/netcoreapp3.0/C1.WPF.Toolbar.4.5.2.dll
1>                  Private=false
1>          C:\Users\hansnguyen\.nuget\packages\microsoft.netcore.app.ref\3.0.0\ref\netcoreapp3.0\Microsoft.CSharp.dll
1>                  AssemblyVersion=4.0.0.0
1>                  ExternallyResolved=true
1>                  FileVersion=4.700.19.46214
1>                  FrameworkReferenceName=Microsoft.NETCore.App
1>                  FrameworkReferenceVersion=3.0.0
1>                  NuGetPackageId=Microsoft.NETCore.App.Ref
1>                  NuGetPackageVersion=3.0.0
1>                  Private=false
1>                  PublicKeyToken=b03f5f7f11d50a3a
1>          C:\Users\hansnguyen\.nuget\packages\microsoft.netcore.app.ref\3.0.0\ref\netcoreapp3.0\Microsoft.VisualBasic.Core.dll
1>                  AssemblyVersion=10.0.4.0
1>                  ExternallyResolved=true
1>                  FileVersion=4.700.19.46214
1>                  FrameworkReferenceName=Microsoft.NETCore.App
1>                  FrameworkReferenceVersion=3.0.0
1>                  NuGetPackageId=Microsoft.NETCore.App.Ref
1>                  NuGetPackageVersion=3.0.0
1>                  Private=false
1>                  PublicKeyToken=b03f5f7f11d50a3a
1>          C:\Users\hansnguyen\.nuget\packages\microsoft.netcore.app.ref\3.0.0\ref\netcoreapp3.0\Microsoft.VisualBasic.dll
1>                  AssemblyVersion=10.0.0.0
1>                  ExternallyResolved=true
1>                  FileVersion=4.700.19.46214
1>                  FrameworkReferenceName=Microsoft.NETCore.App
1>                  FrameworkReferenceVersion=3.0.0
1>                  NuGetPackageId=Microsoft.NETCore.App.Ref
1>                  NuGetPackageVersion=3.0.0
1>                  Private=false
1>                  PublicKeyToken=b03f5f7f11d50a3a
1>          C:\Users\hansnguyen\.nuget\packages\microsoft.netcore.app.ref\3.0.0\ref\netcoreapp3.0\Microsoft.Win32.Primitives.dll
1>                  AssemblyVersion=4.1.1.0
1>                  ExternallyResolved=true
1>                  FileVersion=4.700.19.46214
1>                  FrameworkReferenceName=Microsoft.NETCore.App
1>                  FrameworkReferenceVersion=3.0.0
1>                  NuGetPackageId=Microsoft.NETCore.App.Ref
1>                  NuGetPackageVersion=3.0.0
1>                  Private=false
1>                  PublicKeyToken=b03f5f7f11d50a3a
1>          C:\Users\hansnguyen\.nuget\packages\microsoft.netcore.app.ref\3.0.0\ref\netcoreapp3.0\System.AppContext.dll
1>                  AssemblyVersion=4.2.1.0
1>                  ExternallyResolved=true
1>                  FileVersion=4.700.19.46214
1>                  FrameworkReferenceName=Microsoft.NETCore.App
1>                  FrameworkReferenceVersion=3.0.0
1>                  NuGetPackageId=Microsoft.NETCore.App.Ref
1>                  NuGetPackageVersion=3.0.0
1>                  Private=false
1>                  PublicKeyToken=b03f5f7f11d50a3a
1>          C:\Users\hansnguyen\.nuget\packages\microsoft.netcore.app.ref\3.0.0\ref\netcoreapp3.0\System.Buffers.dll
1>                  AssemblyVersion=4.0.2.0
1>                  ExternallyResolved=true
1>                  FileVersion=4.700.19.46214
1>                  FrameworkReferenceName=Microsoft.NETCore.App
1>                  FrameworkReferenceVersion=3.0.0
1>                  NuGetPackageId=Microsoft.NETCore.App.Ref
1>                  NuGetPackageVersion=3.0.0
1>                  Private=false
1>                  PublicKeyToken=cc7b13ffcd2ddd51
1>          C:\Users\hansnguyen\.nuget\packages\microsoft.netcore.app.ref\3.0.0\ref\netcoreapp3.0\System.Collections.Concurrent.dll
1>                  AssemblyVersion=4.0.14.0
1>                  ExternallyResolved=true
1>                  FileVersion=4.700.19.46214
1>                  FrameworkReferenceName=Microsoft.NETCore.App
1>                  FrameworkReferenceVersion=3.0.0
1>                  NuGetPackageId=Microsoft.NETCore.App.Ref
1>                  NuGetPackageVersion=3.0.0
1>                  Private=false
1>                  PublicKeyToken=b03f5f7f11d50a3a
1>          C:\Users\hansnguyen\.nuget\packages\microsoft.netcore.app.ref\3.0.0\ref\netcoreapp3.0\System.Collections.Immutable.dll
1>                  AssemblyVersion=1.2.4.0
1>                  ExternallyResolved=true
1>                  FileVersion=4.700.19.46214
1>                  FrameworkReferenceName=Microsoft.NETCore.App
1>                  FrameworkReferenceVersion=3.0.0
1>                  NuGetPackageId=Microsoft.NETCore.App.Ref
1>                  NuGetPackageVersion=3.0.0
1>                  Private=false
1>                  PublicKeyToken=b03f5f7f11d50a3a
1>          C:\Users\hansnguyen\.nuget\packages\microsoft.netcore.app.ref\3.0.0\ref\netcoreapp3.0\System.Collections.NonGeneric.dll
1>                  AssemblyVersion=4.1.1.0
1>                  ExternallyResolved=true
1>                  FileVersion=4.700.19.46214
1>                  FrameworkReferenceName=Microsoft.NETCore.App
1>                  FrameworkReferenceVersion=3.0.0
1>                  NuGetPackageId=Microsoft.NETCore.App.Ref
1>                  NuGetPackageVersion=3.0.0
1>                  Private=false
1>                  PublicKeyToken=b03f5f7f11d50a3a
1>          C:\Users\hansnguyen\.nuget\packages\microsoft.netcore.app.ref\3.0.0\ref\netcoreapp3.0\System.Collections.Specialized.dll
1>                  AssemblyVersion=4.1.1.0
1>                  ExternallyResolved=true
1>                  FileVersion=4.700.19.46214
1>                  FrameworkReferenceName=Microsoft.NETCore.App
1>                  FrameworkReferenceVersion=3.0.0
1>                  NuGetPackageId=Microsoft.NETCore.App.Ref
1>                  NuGetPackageVersion=3.0.0
1>                  Private=false
1>                  PublicKeyToken=b03f5f7f11d50a3a
1>          C:\Users\hansnguyen\.nuget\packages\microsoft.netcore.app.ref\3.0.0\ref\netcoreapp3.0\System.Collections.dll
1>                  AssemblyVersion=4.1.1.0
1>                  ExternallyResolved=true
1>                  FileVersion=4.700.19.46214
1>                  FrameworkReferenceName=Microsoft.NETCore.App
1>                  FrameworkReferenceVersion=3.0.0
1>                  NuGetPackageId=Microsoft.NETCore.App.Ref
1>                  NuGetPackageVersion=3.0.0
1>                  Private=false
1>                  PublicKeyToken=b03f5f7f11d50a3a
1>          C:\Users\hansnguyen\.nuget\packages\microsoft.netcore.app.ref\3.0.0\ref\netcoreapp3.0\System.ComponentModel.Annotations.dll
1>                  AssemblyVersion=4.3.0.0
1>                  ExternallyResolved=true
1>                  FileVersion=4.700.19.46214
1>                  FrameworkReferenceName=Microsoft.NETCore.App
1>                  FrameworkReferenceVersion=3.0.0
1>                  NuGetPackageId=Microsoft.NETCore.App.Ref
1>                  NuGetPackageVersion=3.0.0
1>                  Private=false
1>                  PublicKeyToken=b03f5f7f11d50a3a
1>          C:\Users\hansnguyen\.nuget\packages\microsoft.netcore.app.ref\3.0.0\ref\netcoreapp3.0\System.ComponentModel.DataAnnotations.dll
1>                  AssemblyVersion=4.0.0.0
1>                  ExternallyResolved=true
1>                  FileVersion=4.700.19.46214
1>                  FrameworkReferenceName=Microsoft.NETCore.App
1>                  FrameworkReferenceVersion=3.0.0
1>                  NuGetPackageId=Microsoft.NETCore.App.Ref
1>                  NuGetPackageVersion=3.0.0
1>                  Private=false
1>                  PublicKeyToken=31bf3856ad364e35
1>          C:\Users\hansnguyen\.nuget\packages\microsoft.netcore.app.ref\3.0.0\ref\netcoreapp3.0\System.ComponentModel.EventBasedAsync.dll
1>                  AssemblyVersion=4.1.1.0
1>                  ExternallyResolved=true
1>                  FileVersion=4.700.19.46214
1>                  FrameworkReferenceName=Microsoft.NETCore.App
1>                  FrameworkReferenceVersion=3.0.0
1>                  NuGetPackageId=Microsoft.NETCore.App.Ref
1>                  NuGetPackageVersion=3.0.0
1>                  Private=false
1>                  PublicKeyToken=b03f5f7f11d50a3a
1>          C:\Users\hansnguyen\.nuget\packages\microsoft.netcore.app.ref\3.0.0\ref\netcoreapp3.0\System.ComponentModel.Primitives.dll
1>                  AssemblyVersion=4.2.1.0
1>                  ExternallyResolved=true
1>                  FileVersion=4.700.19.46214
1>                  FrameworkReferenceName=Microsoft.NETCore.App
1>                  FrameworkReferenceVersion=3.0.0
1>                  NuGetPackageId=Microsoft.NETCore.App.Ref
1>                  NuGetPackageVersion=3.0.0
1>                  Private=false
1>                  PublicKeyToken=b03f5f7f11d50a3a
1>          C:\Users\hansnguyen\.nuget\packages\microsoft.netcore.app.ref\3.0.0\ref\netcoreapp3.0\System.ComponentModel.TypeConverter.dll
1>                  AssemblyVersion=4.2.1.0
1>                  ExternallyResolved=true
1>                  FileVersion=4.700.19.46214
1>                  FrameworkReferenceName=Microsoft.NETCore.App
1>                  FrameworkReferenceVersion=3.0.0
1>                  NuGetPackageId=Microsoft.NETCore.App.Ref
1>                  NuGetPackageVersion=3.0.0
1>                  Private=false
1>                  PublicKeyToken=b03f5f7f11d50a3a
1>          C:\Users\hansnguyen\.nuget\packages\microsoft.netcore.app.ref\3.0.0\ref\netcoreapp3.0\System.ComponentModel.dll
1>                  AssemblyVersion=4.0.3.0
1>                  ExternallyResolved=true
1>                  FileVersion=4.700.19.46214
1>                  FrameworkReferenceName=Microsoft.NETCore.App
1>                  FrameworkReferenceVersion=3.0.0
1>                  NuGetPackageId=Microsoft.NETCore.App.Ref
1>                  NuGetPackageVersion=3.0.0
1>                  Private=false
1>                  PublicKeyToken=b03f5f7f11d50a3a
1>          C:\Users\hansnguyen\.nuget\packages\microsoft.netcore.app.ref\3.0.0\ref\netcoreapp3.0\System.Configuration.dll
1>                  AssemblyVersion=4.0.0.0
1>                  ExternallyResolved=true
1>                  FileVersion=4.700.19.46214
1>                  FrameworkReferenceName=Microsoft.NETCore.App
1>                  FrameworkReferenceVersion=3.0.0
1>                  NuGetPackageId=Microsoft.NETCore.App.Ref
1>                  NuGetPackageVersion=3.0.0
1>                  Private=false
1>                  PublicKeyToken=b03f5f7f11d50a3a
1>          C:\Users\hansnguyen\.nuget\packages\microsoft.netcore.app.ref\3.0.0\ref\netcoreapp3.0\System.Console.dll
1>                  AssemblyVersion=4.1.1.0
1>                  ExternallyResolved=true
1>                  FileVersion=4.700.19.46214
1>                  FrameworkReferenceName=Microsoft.NETCore.App
1>                  FrameworkReferenceVersion=3.0.0
1>                  NuGetPackageId=Microsoft.NETCore.App.Ref
1>                  NuGetPackageVersion=3.0.0
1>                  Private=false
1>                  PublicKeyToken=b03f5f7f11d50a3a
1>          C:\Users\hansnguyen\.nuget\packages\microsoft.netcore.app.ref\3.0.0\ref\netcoreapp3.0\System.Core.dll
1>                  AssemblyVersion=4.0.0.0
1>                  ExternallyResolved=true
1>                  FileVersion=4.700.19.46214
1>                  FrameworkReferenceName=Microsoft.NETCore.App
1>                  FrameworkReferenceVersion=3.0.0
1>                  NuGetPackageId=Microsoft.NETCore.App.Ref
1>                  NuGetPackageVersion=3.0.0
1>                  Private=false
1>                  PublicKeyToken=b77a5c561934e089
1>          C:\Users\hansnguyen\.nuget\packages\microsoft.netcore.app.ref\3.0.0\ref\netcoreapp3.0\System.Data.Common.dll
1>                  AssemblyVersion=4.2.1.0
1>                  ExternallyResolved=true
1>                  FileVersion=4.700.19.46214
1>                  FrameworkReferenceName=Microsoft.NETCore.App
1>                  FrameworkReferenceVersion=3.0.0
1>                  NuGetPackageId=Microsoft.NETCore.App.Ref
1>                  NuGetPackageVersion=3.0.0
1>                  Private=false
1>                  PublicKeyToken=b03f5f7f11d50a3a
1>          C:\Users\hansnguyen\.nuget\packages\microsoft.netcore.app.ref\3.0.0\ref\netcoreapp3.0\System.Data.DataSetExtensions.dll
1>                  AssemblyVersion=4.0.0.0
1>                  ExternallyResolved=true
1>                  FileVersion=4.700.19.46214
1>                  FrameworkReferenceName=Microsoft.NETCore.App
1>                  FrameworkReferenceVersion=3.0.0
1>                  NuGetPackageId=Microsoft.NETCore.App.Ref
1>                  NuGetPackageVersion=3.0.0
1>                  Private=false
1>                  PublicKeyToken=b77a5c561934e089
1>          C:\Users\hansnguyen\.nuget\packages\microsoft.netcore.app.ref\3.0.0\ref\netcoreapp3.0\System.Data.dll
1>                  AssemblyVersion=4.0.0.0
1>                  ExternallyResolved=true
1>                  FileVersion=4.700.19.46214
1>                  FrameworkReferenceName=Microsoft.NETCore.App
1>                  FrameworkReferenceVersion=3.0.0
1>                  NuGetPackageId=Microsoft.NETCore.App.Ref
1>                  NuGetPackageVersion=3.0.0
1>                  Private=false
1>                  PublicKeyToken=b77a5c561934e089
1>          C:\Users\hansnguyen\.nuget\packages\microsoft.netcore.app.ref\3.0.0\ref\netcoreapp3.0\System.Diagnostics.Contracts.dll
1>                  AssemblyVersion=4.0.3.0
1>                  ExternallyResolved=true
1>                  FileVersion=4.700.19.46214
1>                  FrameworkReferenceName=Microsoft.NETCore.App
1>                  FrameworkReferenceVersion=3.0.0
1>                  NuGetPackageId=Microsoft.NETCore.App.Ref
1>                  NuGetPackageVersion=3.0.0
1>                  Private=false
1>                  PublicKeyToken=b03f5f7f11d50a3a
1>          C:\Users\hansnguyen\.nuget\packages\microsoft.netcore.app.ref\3.0.0\ref\netcoreapp3.0\System.Diagnostics.Debug.dll
1>                  AssemblyVersion=4.1.1.0
1>                  ExternallyResolved=true
1>                  FileVersion=4.700.19.46214
1>                  FrameworkReferenceName=Microsoft.NETCore.App
1>                  FrameworkReferenceVersion=3.0.0
1>                  NuGetPackageId=Microsoft.NETCore.App.Ref
1>                  NuGetPackageVersion=3.0.0
1>                  Private=false
1>                  PublicKeyToken=b03f5f7f11d50a3a
1>          C:\Users\hansnguyen\.nuget\packages\microsoft.netcore.app.ref\3.0.0\ref\netcoreapp3.0\System.Diagnostics.DiagnosticSource.dll
1>                  AssemblyVersion=4.0.4.0
1>                  ExternallyResolved=true
1>                  FileVersion=4.700.19.46214
1>                  FrameworkReferenceName=Microsoft.NETCore.App
1>                  FrameworkReferenceVersion=3.0.0
1>                  NuGetPackageId=Microsoft.NETCore.App.Ref
1>                  NuGetPackageVersion=3.0.0
1>                  Private=false
1>                  PublicKeyToken=cc7b13ffcd2ddd51
1>          C:\Users\hansnguyen\.nuget\packages\microsoft.netcore.app.ref\3.0.0\ref\netcoreapp3.0\System.Diagnostics.FileVersionInfo.dll
1>                  AssemblyVersion=4.0.3.0
1>                  ExternallyResolved=true
1>                  FileVersion=4.700.19.46214
1>                  FrameworkReferenceName=Microsoft.NETCore.App
1>                  FrameworkReferenceVersion=3.0.0
1>                  NuGetPackageId=Microsoft.NETCore.App.Ref
1>                  NuGetPackageVersion=3.0.0
1>                  Private=false
1>                  PublicKeyToken=b03f5f7f11d50a3a
1>          C:\Users\hansnguyen\.nuget\packages\microsoft.netcore.app.ref\3.0.0\ref\netcoreapp3.0\System.Diagnostics.Process.dll
1>                  AssemblyVersion=4.2.1.0
1>                  ExternallyResolved=true
1>                  FileVersion=4.700.19.46214
1>                  FrameworkReferenceName=Microsoft.NETCore.App
1>                  FrameworkReferenceVersion=3.0.0
1>                  NuGetPackageId=Microsoft.NETCore.App.Ref
1>                  NuGetPackageVersion=3.0.0
1>                  Private=false
1>                  PublicKeyToken=b03f5f7f11d50a3a
1>          C:\Users\hansnguyen\.nuget\packages\microsoft.netcore.app.ref\3.0.0\ref\netcoreapp3.0\System.Diagnostics.StackTrace.dll
1>                  AssemblyVersion=4.1.1.0
1>                  ExternallyResolved=true
1>                  FileVersion=4.700.19.46214
1>                  FrameworkReferenceName=Microsoft.NETCore.App
1>                  FrameworkReferenceVersion=3.0.0
1>                  NuGetPackageId=Microsoft.NETCore.App.Ref
1>                  NuGetPackageVersion=3.0.0
1>                  Private=false
1>                  PublicKeyToken=b03f5f7f11d50a3a
1>          C:\Users\hansnguyen\.nuget\packages\microsoft.netcore.app.ref\3.0.0\ref\netcoreapp3.0\System.Diagnostics.TextWriterTraceListener.dll
1>                  AssemblyVersion=4.1.1.0
1>                  ExternallyResolved=true
1>                  FileVersion=4.700.19.46214
1>                  FrameworkReferenceName=Microsoft.NETCore.App
1>                  FrameworkReferenceVersion=3.0.0
1>                  NuGetPackageId=Microsoft.NETCore.App.Ref
1>                  NuGetPackageVersion=3.0.0
1>                  Private=false
1>                  PublicKeyToken=b03f5f7f11d50a3a
1>          C:\Users\hansnguyen\.nuget\packages\microsoft.netcore.app.ref\3.0.0\ref\netcoreapp3.0\System.Diagnostics.Tools.dll
1>                  AssemblyVersion=4.1.1.0
1>                  ExternallyResolved=true
1>                  FileVersion=4.700.19.46214
1>                  FrameworkReferenceName=Microsoft.NETCore.App
1>                  FrameworkReferenceVersion=3.0.0
1>                  NuGetPackageId=Microsoft.NETCore.App.Ref
1>                  NuGetPackageVersion=3.0.0
1>                  Private=false
1>                  PublicKeyToken=b03f5f7f11d50a3a
1>          C:\Users\hansnguyen\.nuget\packages\microsoft.netcore.app.ref\3.0.0\ref\netcoreapp3.0\System.Diagnostics.TraceSource.dll
1>                  AssemblyVersion=4.1.1.0
1>                  ExternallyResolved=true
1>                  FileVersion=4.700.19.46214
1>                  FrameworkReferenceName=Microsoft.NETCore.App
1>                  FrameworkReferenceVersion=3.0.0
1>                  NuGetPackageId=Microsoft.NETCore.App.Ref
1>                  NuGetPackageVersion=3.0.0
1>                  Private=false
1>                  PublicKeyToken=b03f5f7f11d50a3a
1>          C:\Users\hansnguyen\.nuget\packages\microsoft.netcore.app.ref\3.0.0\ref\netcoreapp3.0\System.Diagnostics.Tracing.dll
1>                  AssemblyVersion=4.2.1.0
1>                  ExternallyResolved=true
1>                  FileVersion=4.700.19.46214
1>                  FrameworkReferenceName=Microsoft.NETCore.App
1>                  FrameworkReferenceVersion=3.0.0
1>                  NuGetPackageId=Microsoft.NETCore.App.Ref
1>                  NuGetPackageVersion=3.0.0
1>                  Private=false
1>                  PublicKeyToken=b03f5f7f11d50a3a
1>          C:\Users\hansnguyen\.nuget\packages\microsoft.netcore.app.ref\3.0.0\ref\netcoreapp3.0\System.Drawing.Primitives.dll
1>                  AssemblyVersion=4.2.0.0
1>                  ExternallyResolved=true
1>                  FileVersion=4.700.19.46214
1>                  FrameworkReferenceName=Microsoft.NETCore.App
1>                  FrameworkReferenceVersion=3.0.0
1>                  NuGetPackageId=Microsoft.NETCore.App.Ref
1>                  NuGetPackageVersion=3.0.0
1>                  Private=false
1>                  PublicKeyToken=b03f5f7f11d50a3a
1>          C:\Users\hansnguyen\.nuget\packages\microsoft.netcore.app.ref\3.0.0\ref\netcoreapp3.0\System.Drawing.dll
1>                  AssemblyVersion=4.0.0.0
1>                  ExternallyResolved=true
1>                  FileVersion=4.700.19.46214
1>                  FrameworkReferenceName=Microsoft.NETCore.App
1>                  FrameworkReferenceVersion=3.0.0
1>                  NuGetPackageId=Microsoft.NETCore.App.Ref
1>                  NuGetPackageVersion=3.0.0
1>                  Private=false
1>                  PublicKeyToken=b03f5f7f11d50a3a
1>          C:\Users\hansnguyen\.nuget\packages\microsoft.netcore.app.ref\3.0.0\ref\netcoreapp3.0\System.Dynamic.Runtime.dll
1>                  AssemblyVersion=4.1.1.0
1>                  ExternallyResolved=true
1>                  FileVersion=4.700.19.46214
1>                  FrameworkReferenceName=Microsoft.NETCore.App
1>                  FrameworkReferenceVersion=3.0.0
1>                  NuGetPackageId=Microsoft.NETCore.App.Ref
1>                  NuGetPackageVersion=3.0.0
1>                  Private=false
1>                  PublicKeyToken=b03f5f7f11d50a3a
1>          C:\Users\hansnguyen\.nuget\packages\microsoft.netcore.app.ref\3.0.0\ref\netcoreapp3.0\System.Globalization.Calendars.dll
1>                  AssemblyVersion=4.1.1.0
1>                  ExternallyResolved=true
1>                  FileVersion=4.700.19.46214
1>                  FrameworkReferenceName=Microsoft.NETCore.App
1>                  FrameworkReferenceVersion=3.0.0
1>                  NuGetPackageId=Microsoft.NETCore.App.Ref
1>                  NuGetPackageVersion=3.0.0
1>                  Private=false
1>                  PublicKeyToken=b03f5f7f11d50a3a
1>          C:\Users\hansnguyen\.nuget\packages\microsoft.netcore.app.ref\3.0.0\ref\netcoreapp3.0\System.Globalization.Extensions.dll
1>                  AssemblyVersion=4.1.1.0
1>                  ExternallyResolved=true
1>                  FileVersion=4.700.19.46214
1>                  FrameworkReferenceName=Microsoft.NETCore.App
1>                  FrameworkReferenceVersion=3.0.0
1>                  NuGetPackageId=Microsoft.NETCore.App.Ref
1>                  NuGetPackageVersion=3.0.0
1>                  Private=false
1>                  PublicKeyToken=b03f5f7f11d50a3a
1>          C:\Users\hansnguyen\.nuget\packages\microsoft.netcore.app.ref\3.0.0\ref\netcoreapp3.0\System.Globalization.dll
1>                  AssemblyVersion=4.1.1.0
1>                  ExternallyResolved=true
1>                  FileVersion=4.700.19.46214
1>                  FrameworkReferenceName=Microsoft.NETCore.App
1>                  FrameworkReferenceVersion=3.0.0
1>                  NuGetPackageId=Microsoft.NETCore.App.Ref
1>                  NuGetPackageVersion=3.0.0
1>                  Private=false
1>                  PublicKeyToken=b03f5f7f11d50a3a
1>          C:\Users\hansnguyen\.nuget\packages\microsoft.netcore.app.ref\3.0.0\ref\netcoreapp3.0\System.IO.Compression.Brotli.dll
1>                  AssemblyVersion=4.2.1.0
1>                  ExternallyResolved=true
1>                  FileVersion=4.700.19.46214
1>                  FrameworkReferenceName=Microsoft.NETCore.App
1>                  FrameworkReferenceVersion=3.0.0
1>                  NuGetPackageId=Microsoft.NETCore.App.Ref
1>                  NuGetPackageVersion=3.0.0
1>                  Private=false
1>                  PublicKeyToken=b77a5c561934e089
1>          C:\Users\hansnguyen\.nuget\packages\microsoft.netcore.app.ref\3.0.0\ref\netcoreapp3.0\System.IO.Compression.FileSystem.dll
1>                  AssemblyVersion=4.0.0.0
1>                  ExternallyResolved=true
1>                  FileVersion=4.700.19.46214
1>                  FrameworkReferenceName=Microsoft.NETCore.App
1>                  FrameworkReferenceVersion=3.0.0
1>                  NuGetPackageId=Microsoft.NETCore.App.Ref
1>                  NuGetPackageVersion=3.0.0
1>                  Private=false
1>                  PublicKeyToken=b77a5c561934e089
1>          C:\Users\hansnguyen\.nuget\packages\microsoft.netcore.app.ref\3.0.0\ref\netcoreapp3.0\System.IO.Compression.ZipFile.dll
1>                  AssemblyVersion=4.0.4.0
1>                  ExternallyResolved=true
1>                  FileVersion=4.700.19.46214
1>                  FrameworkReferenceName=Microsoft.NETCore.App
1>                  FrameworkReferenceVersion=3.0.0
1>                  NuGetPackageId=Microsoft.NETCore.App.Ref
1>                  NuGetPackageVersion=3.0.0
1>                  Private=false
1>                  PublicKeyToken=b77a5c561934e089
1>          C:\Users\hansnguyen\.nuget\packages\microsoft.netcore.app.ref\3.0.0\ref\netcoreapp3.0\System.IO.Compression.dll
1>                  AssemblyVersion=4.2.1.0
1>                  ExternallyResolved=true
1>                  FileVersion=4.700.19.46214
1>                  FrameworkReferenceName=Microsoft.NETCore.App
1>                  FrameworkReferenceVersion=3.0.0
1>                  NuGetPackageId=Microsoft.NETCore.App.Ref
1>                  NuGetPackageVersion=3.0.0
1>                  Private=false
1>                  PublicKeyToken=b77a5c561934e089
1>          C:\Users\hansnguyen\.nuget\packages\microsoft.netcore.app.ref\3.0.0\ref\netcoreapp3.0\System.IO.FileSystem.DriveInfo.dll
1>                  AssemblyVersion=4.1.1.0
1>                  ExternallyResolved=true
1>                  FileVersion=4.700.19.46214
1>                  FrameworkReferenceName=Microsoft.NETCore.App
1>                  FrameworkReferenceVersion=3.0.0
1>                  NuGetPackageId=Microsoft.NETCore.App.Ref
1>                  NuGetPackageVersion=3.0.0
1>                  Private=false
1>                  PublicKeyToken=b03f5f7f11d50a3a
1>          C:\Users\hansnguyen\.nuget\packages\microsoft.netcore.app.ref\3.0.0\ref\netcoreapp3.0\System.IO.FileSystem.Primitives.dll
1>                  AssemblyVersion=4.1.1.0
1>                  ExternallyResolved=true
1>                  FileVersion=4.700.19.46214
1>                  FrameworkReferenceName=Microsoft.NETCore.App
1>                  FrameworkReferenceVersion=3.0.0
1>                  NuGetPackageId=Microsoft.NETCore.App.Ref
1>                  NuGetPackageVersion=3.0.0
1>                  Private=false
1>                  PublicKeyToken=b03f5f7f11d50a3a
1>          C:\Users\hansnguyen\.nuget\packages\microsoft.netcore.app.ref\3.0.0\ref\netcoreapp3.0\System.IO.FileSystem.Watcher.dll
1>                  AssemblyVersion=4.1.1.0
1>                  ExternallyResolved=true
1>                  FileVersion=4.700.19.46214
1>                  FrameworkReferenceName=Microsoft.NETCore.App
1>                  FrameworkReferenceVersion=3.0.0
1>                  NuGetPackageId=Microsoft.NETCore.App.Ref
1>                  NuGetPackageVersion=3.0.0
1>                  Private=false
1>                  PublicKeyToken=b03f5f7f11d50a3a
1>          C:\Users\hansnguyen\.nuget\packages\microsoft.netcore.app.ref\3.0.0\ref\netcoreapp3.0\System.IO.FileSystem.dll
1>                  AssemblyVersion=4.1.1.0
1>                  ExternallyResolved=true
1>                  FileVersion=4.700.19.46214
1>                  FrameworkReferenceName=Microsoft.NETCore.App
1>                  FrameworkReferenceVersion=3.0.0
1>                  NuGetPackageId=Microsoft.NETCore.App.Ref
1>                  NuGetPackageVersion=3.0.0
1>                  Private=false
1>                  PublicKeyToken=b03f5f7f11d50a3a
1>          C:\Users\hansnguyen\.nuget\packages\microsoft.netcore.app.ref\3.0.0\ref\netcoreapp3.0\System.IO.IsolatedStorage.dll
1>                  AssemblyVersion=4.1.1.0
1>                  ExternallyResolved=true
1>                  FileVersion=4.700.19.46214
1>                  FrameworkReferenceName=Microsoft.NETCore.App
1>                  FrameworkReferenceVersion=3.0.0
1>                  NuGetPackageId=Microsoft.NETCore.App.Ref
1>                  NuGetPackageVersion=3.0.0
1>                  Private=false
1>                  PublicKeyToken=b03f5f7f11d50a3a
1>          C:\Users\hansnguyen\.nuget\packages\microsoft.netcore.app.ref\3.0.0\ref\netcoreapp3.0\System.IO.MemoryMappedFiles.dll
1>                  AssemblyVersion=4.1.1.0
1>                  ExternallyResolved=true
1>                  FileVersion=4.700.19.46214
1>                  FrameworkReferenceName=Microsoft.NETCore.App
1>                  FrameworkReferenceVersion=3.0.0
1>                  NuGetPackageId=Microsoft.NETCore.App.Ref
1>                  NuGetPackageVersion=3.0.0
1>                  Private=false
1>                  PublicKeyToken=b03f5f7f11d50a3a
1>          C:\Users\hansnguyen\.nuget\packages\microsoft.netcore.app.ref\3.0.0\ref\netcoreapp3.0\System.IO.Pipes.dll
1>                  AssemblyVersion=4.1.1.0
1>                  ExternallyResolved=true
1>                  FileVersion=4.700.19.46214
1>                  FrameworkReferenceName=Microsoft.NETCore.App
1>                  FrameworkReferenceVersion=3.0.0
1>                  NuGetPackageId=Microsoft.NETCore.App.Ref
1>                  NuGetPackageVersion=3.0.0
1>                  Private=false
1>                  PublicKeyToken=b03f5f7f11d50a3a
1>          C:\Users\hansnguyen\.nuget\packages\microsoft.netcore.app.ref\3.0.0\ref\netcoreapp3.0\System.IO.UnmanagedMemoryStream.dll
1>                  AssemblyVersion=4.1.1.0
1>                  ExternallyResolved=true
1>                  FileVersion=4.700.19.46214
1>                  FrameworkReferenceName=Microsoft.NETCore.App
1>                  FrameworkReferenceVersion=3.0.0
1>                  NuGetPackageId=Microsoft.NETCore.App.Ref
1>                  NuGetPackageVersion=3.0.0
1>                  Private=false
1>                  PublicKeyToken=b03f5f7f11d50a3a
1>          C:\Users\hansnguyen\.nuget\packages\microsoft.netcore.app.ref\3.0.0\ref\netcoreapp3.0\System.IO.dll
1>                  AssemblyVersion=4.2.1.0
1>                  ExternallyResolved=true
1>                  FileVersion=4.700.19.46214
1>                  FrameworkReferenceName=Microsoft.NETCore.App
1>                  FrameworkReferenceVersion=3.0.0
1>                  NuGetPackageId=Microsoft.NETCore.App.Ref
1>                  NuGetPackageVersion=3.0.0
1>                  Private=false
1>                  PublicKeyToken=b03f5f7f11d50a3a
1>          C:\Users\hansnguyen\.nuget\packages\microsoft.netcore.app.ref\3.0.0\ref\netcoreapp3.0\System.Linq.Expressions.dll
1>                  AssemblyVersion=4.2.1.0
1>                  ExternallyResolved=true
1>                  FileVersion=4.700.19.46214
1>                  FrameworkReferenceName=Microsoft.NETCore.App
1>                  FrameworkReferenceVersion=3.0.0
1>                  NuGetPackageId=Microsoft.NETCore.App.Ref
1>                  NuGetPackageVersion=3.0.0
1>                  Private=false
1>                  PublicKeyToken=b03f5f7f11d50a3a
1>          C:\Users\hansnguyen\.nuget\packages\microsoft.netcore.app.ref\3.0.0\ref\netcoreapp3.0\System.Linq.Parallel.dll
1>                  AssemblyVersion=4.0.3.0
1>                  ExternallyResolved=true
1>                  FileVersion=4.700.19.46214
1>                  FrameworkReferenceName=Microsoft.NETCore.App
1>                  FrameworkReferenceVersion=3.0.0
1>                  NuGetPackageId=Microsoft.NETCore.App.Ref
1>                  NuGetPackageVersion=3.0.0
1>                  Private=false
1>                  PublicKeyToken=b03f5f7f11d50a3a
1>          C:\Users\hansnguyen\.nuget\packages\microsoft.netcore.app.ref\3.0.0\ref\netcoreapp3.0\System.Linq.Queryable.dll
1>                  AssemblyVersion=4.0.3.0
1>                  ExternallyResolved=true
1>                  FileVersion=4.700.19.46214
1>                  FrameworkReferenceName=Microsoft.NETCore.App
1>                  FrameworkReferenceVersion=3.0.0
1>                  NuGetPackageId=Microsoft.NETCore.App.Ref
1>                  NuGetPackageVersion=3.0.0
1>                  Private=false
1>                  PublicKeyToken=b03f5f7f11d50a3a
1>          C:\Users\hansnguyen\.nuget\packages\microsoft.netcore.app.ref\3.0.0\ref\netcoreapp3.0\System.Linq.dll
1>                  AssemblyVersion=4.2.1.0
1>                  ExternallyResolved=true
1>                  FileVersion=4.700.19.46214
1>                  FrameworkReferenceName=Microsoft.NETCore.App
1>                  FrameworkReferenceVersion=3.0.0
1>                  NuGetPackageId=Microsoft.NETCore.App.Ref
1>                  NuGetPackageVersion=3.0.0
1>                  Private=false
1>                  PublicKeyToken=b03f5f7f11d50a3a
1>          C:\Users\hansnguyen\.nuget\packages\microsoft.netcore.app.ref\3.0.0\ref\netcoreapp3.0\System.Memory.dll
1>                  AssemblyVersion=4.2.0.0
1>                  ExternallyResolved=true
1>                  FileVersion=4.700.19.46214
1>                  FrameworkReferenceName=Microsoft.NETCore.App
1>                  FrameworkReferenceVersion=3.0.0
1>                  NuGetPackageId=Microsoft.NETCore.App.Ref
1>                  NuGetPackageVersion=3.0.0
1>                  Private=false
1>                  PublicKeyToken=cc7b13ffcd2ddd51
1>          C:\Users\hansnguyen\.nuget\packages\microsoft.netcore.app.ref\3.0.0\ref\netcoreapp3.0\System.Net.Http.dll
1>                  AssemblyVersion=4.2.1.0
1>                  ExternallyResolved=true
1>                  FileVersion=4.700.19.46214
1>                  FrameworkReferenceName=Microsoft.NETCore.App
1>                  FrameworkReferenceVersion=3.0.0
1>                  NuGetPackageId=Microsoft.NETCore.App.Ref
1>                  NuGetPackageVersion=3.0.0
1>                  Private=false
1>                  PublicKeyToken=b03f5f7f11d50a3a
1>          C:\Users\hansnguyen\.nuget\packages\microsoft.netcore.app.ref\3.0.0\ref\netcoreapp3.0\System.Net.HttpListener.dll
1>                  AssemblyVersion=4.0.1.0
1>                  ExternallyResolved=true
1>                  FileVersion=4.700.19.46214
1>                  FrameworkReferenceName=Microsoft.NETCore.App
1>                  FrameworkReferenceVersion=3.0.0
1>                  NuGetPackageId=Microsoft.NETCore.App.Ref
1>                  NuGetPackageVersion=3.0.0
1>                  Private=false
1>                  PublicKeyToken=cc7b13ffcd2ddd51
1>          C:\Users\hansnguyen\.nuget\packages\microsoft.netcore.app.ref\3.0.0\ref\netcoreapp3.0\System.Net.Mail.dll
1>                  AssemblyVersion=4.0.1.0
1>                  ExternallyResolved=true
1>                  FileVersion=4.700.19.46214
1>                  FrameworkReferenceName=Microsoft.NETCore.App
1>                  FrameworkReferenceVersion=3.0.0
1>                  NuGetPackageId=Microsoft.NETCore.App.Ref
1>                  NuGetPackageVersion=3.0.0
1>                  Private=false
1>                  PublicKeyToken=cc7b13ffcd2ddd51
1>          C:\Users\hansnguyen\.nuget\packages\microsoft.netcore.app.ref\3.0.0\ref\netcoreapp3.0\System.Net.NameResolution.dll
1>                  AssemblyVersion=4.1.1.0
1>                  ExternallyResolved=true
1>                  FileVersion=4.700.19.46214
1>                  FrameworkReferenceName=Microsoft.NETCore.App
1>                  FrameworkReferenceVersion=3.0.0
1>                  NuGetPackageId=Microsoft.NETCore.App.Ref
1>                  NuGetPackageVersion=3.0.0
1>                  Private=false
1>                  PublicKeyToken=b03f5f7f11d50a3a
1>          C:\Users\hansnguyen\.nuget\packages\microsoft.netcore.app.ref\3.0.0\ref\netcoreapp3.0\System.Net.NetworkInformation.dll
1>                  AssemblyVersion=4.2.1.0
1>                  ExternallyResolved=true
1>                  FileVersion=4.700.19.46214
1>                  FrameworkReferenceName=Microsoft.NETCore.App
1>                  FrameworkReferenceVersion=3.0.0
1>                  NuGetPackageId=Microsoft.NETCore.App.Ref
1>                  NuGetPackageVersion=3.0.0
1>                  Private=false
1>                  PublicKeyToken=b03f5f7f11d50a3a
1>          C:\Users\hansnguyen\.nuget\packages\microsoft.netcore.app.ref\3.0.0\ref\netcoreapp3.0\System.Net.Ping.dll
1>                  AssemblyVersion=4.1.1.0
1>                  ExternallyResolved=true
1>                  FileVersion=4.700.19.46214
1>                  FrameworkReferenceName=Microsoft.NETCore.App
1>                  FrameworkReferenceVersion=3.0.0
1>                  NuGetPackageId=Microsoft.NETCore.App.Ref
1>                  NuGetPackageVersion=3.0.0
1>                  Private=false
1>                  PublicKeyToken=b03f5f7f11d50a3a
1>          C:\Users\hansnguyen\.nuget\packages\microsoft.netcore.app.ref\3.0.0\ref\netcoreapp3.0\System.Net.Primitives.dll
1>                  AssemblyVersion=4.1.1.0
1>                  ExternallyResolved=true
1>                  FileVersion=4.700.19.46214
1>                  FrameworkReferenceName=Microsoft.NETCore.App
1>                  FrameworkReferenceVersion=3.0.0
1>                  NuGetPackageId=Microsoft.NETCore.App.Ref
1>                  NuGetPackageVersion=3.0.0
1>                  Private=false
1>                  PublicKeyToken=b03f5f7f11d50a3a
1>          C:\Users\hansnguyen\.nuget\packages\microsoft.netcore.app.ref\3.0.0\ref\netcoreapp3.0\System.Net.Requests.dll
1>                  AssemblyVersion=4.1.1.0
1>                  ExternallyResolved=true
1>                  FileVersion=4.700.19.46214
1>                  FrameworkReferenceName=Microsoft.NETCore.App
1>                  FrameworkReferenceVersion=3.0.0
1>                  NuGetPackageId=Microsoft.NETCore.App.Ref
1>                  NuGetPackageVersion=3.0.0
1>                  Private=false
1>                  PublicKeyToken=b03f5f7f11d50a3a
1>          C:\Users\hansnguyen\.nuget\packages\microsoft.netcore.app.ref\3.0.0\ref\netcoreapp3.0\System.Net.Security.dll
1>                  AssemblyVersion=4.1.1.0
1>                  ExternallyResolved=true
1>                  FileVersion=4.700.19.46214
1>                  FrameworkReferenceName=Microsoft.NETCore.App
1>                  FrameworkReferenceVersion=3.0.0
1>                  NuGetPackageId=Microsoft.NETCore.App.Ref
1>                  NuGetPackageVersion=3.0.0
1>                  Private=false
1>                  PublicKeyToken=b03f5f7f11d50a3a
1>          C:\Users\hansnguyen\.nuget\packages\microsoft.netcore.app.ref\3.0.0\ref\netcoreapp3.0\System.Net.ServicePoint.dll
1>                  AssemblyVersion=4.0.1.0
1>                  ExternallyResolved=true
1>                  FileVersion=4.700.19.46214
1>                  FrameworkReferenceName=Microsoft.NETCore.App
1>                  FrameworkReferenceVersion=3.0.0
1>                  NuGetPackageId=Microsoft.NETCore.App.Ref
1>                  NuGetPackageVersion=3.0.0
1>                  Private=false
1>                  PublicKeyToken=cc7b13ffcd2ddd51
1>          C:\Users\hansnguyen\.nuget\packages\microsoft.netcore.app.ref\3.0.0\ref\netcoreapp3.0\System.Net.Sockets.dll
1>                  AssemblyVersion=4.2.1.0
1>                  ExternallyResolved=true
1>                  FileVersion=4.700.19.46214
1>                  FrameworkReferenceName=Microsoft.NETCore.App
1>                  FrameworkReferenceVersion=3.0.0
1>                  NuGetPackageId=Microsoft.NETCore.App.Ref
1>                  NuGetPackageVersion=3.0.0
1>                  Private=false
1>                  PublicKeyToken=b03f5f7f11d50a3a
1>          C:\Users\hansnguyen\.nuget\packages\microsoft.netcore.app.ref\3.0.0\ref\netcoreapp3.0\System.Net.WebClient.dll
1>                  AssemblyVersion=4.0.1.0
1>                  ExternallyResolved=true
1>                  FileVersion=4.700.19.46214
1>                  FrameworkReferenceName=Microsoft.NETCore.App
1>                  FrameworkReferenceVersion=3.0.0
1>                  NuGetPackageId=Microsoft.NETCore.App.Ref
1>                  NuGetPackageVersion=3.0.0
1>                  Private=false
1>                  PublicKeyToken=cc7b13ffcd2ddd51
1>          C:\Users\hansnguyen\.nuget\packages\microsoft.netcore.app.ref\3.0.0\ref\netcoreapp3.0\System.Net.WebHeaderCollection.dll
1>                  AssemblyVersion=4.1.1.0
1>                  ExternallyResolved=true
1>                  FileVersion=4.700.19.46214
1>                  FrameworkReferenceName=Microsoft.NETCore.App
1>                  FrameworkReferenceVersion=3.0.0
1>                  NuGetPackageId=Microsoft.NETCore.App.Ref
1>                  NuGetPackageVersion=3.0.0
1>                  Private=false
1>                  PublicKeyToken=b03f5f7f11d50a3a
1>          C:\Users\hansnguyen\.nuget\packages\microsoft.netcore.app.ref\3.0.0\ref\netcoreapp3.0\System.Net.WebProxy.dll
1>                  AssemblyVersion=4.0.1.0
1>                  ExternallyResolved=true
1>                  FileVersion=4.700.19.46214
1>                  FrameworkReferenceName=Microsoft.NETCore.App
1>                  FrameworkReferenceVersion=3.0.0
1>                  NuGetPackageId=Microsoft.NETCore.App.Ref
1>                  NuGetPackageVersion=3.0.0
1>                  Private=false
1>                  PublicKeyToken=cc7b13ffcd2ddd51
1>          C:\Users\hansnguyen\.nuget\packages\microsoft.netcore.app.ref\3.0.0\ref\netcoreapp3.0\System.Net.WebSockets.Client.dll
1>                  AssemblyVersion=4.1.1.0
1>                  ExternallyResolved=true
1>                  FileVersion=4.700.19.46214
1>                  FrameworkReferenceName=Microsoft.NETCore.App
1>                  FrameworkReferenceVersion=3.0.0
1>                  NuGetPackageId=Microsoft.NETCore.App.Ref
1>                  NuGetPackageVersion=3.0.0
1>                  Private=false
1>                  PublicKeyToken=b03f5f7f11d50a3a
1>          C:\Users\hansnguyen\.nuget\packages\microsoft.netcore.app.ref\3.0.0\ref\netcoreapp3.0\System.Net.WebSockets.dll
1>                  AssemblyVersion=4.1.1.0
1>                  ExternallyResolved=true
1>                  FileVersion=4.700.19.46214
1>                  FrameworkReferenceName=Microsoft.NETCore.App
1>                  FrameworkReferenceVersion=3.0.0
1>                  NuGetPackageId=Microsoft.NETCore.App.Ref
1>                  NuGetPackageVersion=3.0.0
1>                  Private=false
1>                  PublicKeyToken=b03f5f7f11d50a3a
1>          C:\Users\hansnguyen\.nuget\packages\microsoft.netcore.app.ref\3.0.0\ref\netcoreapp3.0\System.Net.dll
1>                  AssemblyVersion=4.0.0.0
1>                  ExternallyResolved=true
1>                  FileVersion=4.700.19.46214
1>                  FrameworkReferenceName=Microsoft.NETCore.App
1>                  FrameworkReferenceVersion=3.0.0
1>                  NuGetPackageId=Microsoft.NETCore.App.Ref
1>                  NuGetPackageVersion=3.0.0
1>                  Private=false
1>                  PublicKeyToken=b03f5f7f11d50a3a
1>          C:\Users\hansnguyen\.nuget\packages\microsoft.netcore.app.ref\3.0.0\ref\netcoreapp3.0\System.Numerics.Vectors.dll
1>                  AssemblyVersion=4.1.5.0
1>                  ExternallyResolved=true
1>                  FileVersion=4.700.19.46214
1>                  FrameworkReferenceName=Microsoft.NETCore.App
1>                  FrameworkReferenceVersion=3.0.0
1>                  NuGetPackageId=Microsoft.NETCore.App.Ref
1>                  NuGetPackageVersion=3.0.0
1>                  Private=false
1>                  PublicKeyToken=b03f5f7f11d50a3a
1>          C:\Users\hansnguyen\.nuget\packages\microsoft.netcore.app.ref\3.0.0\ref\netcoreapp3.0\System.Numerics.dll
1>                  AssemblyVersion=4.0.0.0
1>                  ExternallyResolved=true
1>                  FileVersion=4.700.19.46214
1>                  FrameworkReferenceName=Microsoft.NETCore.App
1>                  FrameworkReferenceVersion=3.0.0
1>                  NuGetPackageId=Microsoft.NETCore.App.Ref
1>                  NuGetPackageVersion=3.0.0
1>                  Private=false
1>                  PublicKeyToken=b77a5c561934e089
1>          C:\Users\hansnguyen\.nuget\packages\microsoft.netcore.app.ref\3.0.0\ref\netcoreapp3.0\System.ObjectModel.dll
1>                  AssemblyVersion=4.1.1.0
1>                  ExternallyResolved=true
1>                  FileVersion=4.700.19.46214
1>                  FrameworkReferenceName=Microsoft.NETCore.App
1>                  FrameworkReferenceVersion=3.0.0
1>                  NuGetPackageId=Microsoft.NETCore.App.Ref
1>                  NuGetPackageVersion=3.0.0
1>                  Private=false
1>                  PublicKeyToken=b03f5f7f11d50a3a
1>          C:\Users\hansnguyen\.nuget\packages\microsoft.netcore.app.ref\3.0.0\ref\netcoreapp3.0\System.Reflection.DispatchProxy.dll
1>                  AssemblyVersion=4.0.5.0
1>                  ExternallyResolved=true
1>                  FileVersion=4.700.19.46214
1>                  FrameworkReferenceName=Microsoft.NETCore.App
1>                  FrameworkReferenceVersion=3.0.0
1>                  NuGetPackageId=Microsoft.NETCore.App.Ref
1>                  NuGetPackageVersion=3.0.0
1>                  Private=false
1>                  PublicKeyToken=b03f5f7f11d50a3a
1>          C:\Users\hansnguyen\.nuget\packages\microsoft.netcore.app.ref\3.0.0\ref\netcoreapp3.0\System.Reflection.Emit.ILGeneration.dll
1>                  AssemblyVersion=4.1.0.0
1>                  ExternallyResolved=true
1>                  FileVersion=4.700.19.46214
1>                  FrameworkReferenceName=Microsoft.NETCore.App
1>                  FrameworkReferenceVersion=3.0.0
1>                  NuGetPackageId=Microsoft.NETCore.App.Ref
1>                  NuGetPackageVersion=3.0.0
1>                  Private=false
1>                  PublicKeyToken=b03f5f7f11d50a3a
1>          C:\Users\hansnguyen\.nuget\packages\microsoft.netcore.app.ref\3.0.0\ref\netcoreapp3.0\System.Reflection.Emit.Lightweight.dll
1>                  AssemblyVersion=4.1.0.0
1>                  ExternallyResolved=true
1>                  FileVersion=4.700.19.46214
1>                  FrameworkReferenceName=Microsoft.NETCore.App
1>                  FrameworkReferenceVersion=3.0.0
1>                  NuGetPackageId=Microsoft.NETCore.App.Ref
1>                  NuGetPackageVersion=3.0.0
1>                  Private=false
1>                  PublicKeyToken=b03f5f7f11d50a3a
1>          C:\Users\hansnguyen\.nuget\packages\microsoft.netcore.app.ref\3.0.0\ref\netcoreapp3.0\System.Reflection.Emit.dll
1>                  AssemblyVersion=4.1.1.0
1>                  ExternallyResolved=true
1>                  FileVersion=4.700.19.46214
1>                  FrameworkReferenceName=Microsoft.NETCore.App
1>                  FrameworkReferenceVersion=3.0.0
1>                  NuGetPackageId=Microsoft.NETCore.App.Ref
1>                  NuGetPackageVersion=3.0.0
1>                  Private=false
1>                  PublicKeyToken=b03f5f7f11d50a3a
1>          C:\Users\hansnguyen\.nuget\packages\microsoft.netcore.app.ref\3.0.0\ref\netcoreapp3.0\System.Reflection.Extensions.dll
1>                  AssemblyVersion=4.1.1.0
1>                  ExternallyResolved=true
1>                  FileVersion=4.700.19.46214
1>                  FrameworkReferenceName=Microsoft.NETCore.App
1>                  FrameworkReferenceVersion=3.0.0
1>                  NuGetPackageId=Microsoft.NETCore.App.Ref
1>                  NuGetPackageVersion=3.0.0
1>                  Private=false
1>                  PublicKeyToken=b03f5f7f11d50a3a
1>          C:\Users\hansnguyen\.nuget\packages\microsoft.netcore.app.ref\3.0.0\ref\netcoreapp3.0\System.Reflection.Metadata.dll
1>                  AssemblyVersion=1.4.4.0
1>                  ExternallyResolved=true
1>                  FileVersion=4.700.19.46214
1>                  FrameworkReferenceName=Microsoft.NETCore.App
1>                  FrameworkReferenceVersion=3.0.0
1>                  NuGetPackageId=Microsoft.NETCore.App.Ref
1>                  NuGetPackageVersion=3.0.0
1>                  Private=false
1>                  PublicKeyToken=b03f5f7f11d50a3a
1>          C:\Users\hansnguyen\.nuget\packages\microsoft.netcore.app.ref\3.0.0\ref\netcoreapp3.0\System.Reflection.Primitives.dll
1>                  AssemblyVersion=4.1.1.0
1>                  ExternallyResolved=true
1>                  FileVersion=4.700.19.46214
1>                  FrameworkReferenceName=Microsoft.NETCore.App
1>                  FrameworkReferenceVersion=3.0.0
1>                  NuGetPackageId=Microsoft.NETCore.App.Ref
1>                  NuGetPackageVersion=3.0.0
1>                  Private=false
1>                  PublicKeyToken=b03f5f7f11d50a3a
1>          C:\Users\hansnguyen\.nuget\packages\microsoft.netcore.app.ref\3.0.0\ref\netcoreapp3.0\System.Reflection.TypeExtensions.dll
1>                  AssemblyVersion=4.1.2.0
1>                  ExternallyResolved=true
1>                  FileVersion=4.700.19.46214
1>                  FrameworkReferenceName=Microsoft.NETCore.App
1>                  FrameworkReferenceVersion=3.0.0
1>                  NuGetPackageId=Microsoft.NETCore.App.Ref
1>                  NuGetPackageVersion=3.0.0
1>                  Private=false
1>                  PublicKeyToken=b03f5f7f11d50a3a
1>          C:\Users\hansnguyen\.nuget\packages\microsoft.netcore.app.ref\3.0.0\ref\netcoreapp3.0\System.Reflection.dll
1>                  AssemblyVersion=4.2.1.0
1>                  ExternallyResolved=true
1>                  FileVersion=4.700.19.46214
1>                  FrameworkReferenceName=Microsoft.NETCore.App
1>                  FrameworkReferenceVersion=3.0.0
1>                  NuGetPackageId=Microsoft.NETCore.App.Ref
1>                  NuGetPackageVersion=3.0.0
1>                  Private=false
1>                  PublicKeyToken=b03f5f7f11d50a3a
1>          C:\Users\hansnguyen\.nuget\packages\microsoft.netcore.app.ref\3.0.0\ref\netcoreapp3.0\System.Resources.Reader.dll
1>                  AssemblyVersion=4.1.1.0
1>                  ExternallyResolved=true
1>                  FileVersion=4.700.19.46214
1>                  FrameworkReferenceName=Microsoft.NETCore.App
1>                  FrameworkReferenceVersion=3.0.0
1>                  NuGetPackageId=Microsoft.NETCore.App.Ref
1>                  NuGetPackageVersion=3.0.0
1>                  Private=false
1>                  PublicKeyToken=b03f5f7f11d50a3a
1>          C:\Users\hansnguyen\.nuget\packages\microsoft.netcore.app.ref\3.0.0\ref\netcoreapp3.0\System.Resources.ResourceManager.dll
1>                  AssemblyVersion=4.1.1.0
1>                  ExternallyResolved=true
1>                  FileVersion=4.700.19.46214
1>                  FrameworkReferenceName=Microsoft.NETCore.App
1>                  FrameworkReferenceVersion=3.0.0
1>                  NuGetPackageId=Microsoft.NETCore.App.Ref
1>                  NuGetPackageVersion=3.0.0
1>                  Private=false
1>                  PublicKeyToken=b03f5f7f11d50a3a
1>          C:\Users\hansnguyen\.nuget\packages\microsoft.netcore.app.ref\3.0.0\ref\netcoreapp3.0\System.Resources.Writer.dll
1>                  AssemblyVersion=4.1.1.0
1>                  ExternallyResolved=true
1>                  FileVersion=4.700.19.46214
1>                  FrameworkReferenceName=Microsoft.NETCore.App
1>                  FrameworkReferenceVersion=3.0.0
1>                  NuGetPackageId=Microsoft.NETCore.App.Ref
1>                  NuGetPackageVersion=3.0.0
1>                  Private=false
1>                  PublicKeyToken=b03f5f7f11d50a3a
1>          C:\Users\hansnguyen\.nuget\packages\microsoft.netcore.app.ref\3.0.0\ref\netcoreapp3.0\System.Runtime.CompilerServices.Unsafe.dll
1>                  AssemblyVersion=4.0.5.0
1>                  ExternallyResolved=true
1>                  FileVersion=4.700.19.46214
1>                  FrameworkReferenceName=Microsoft.NETCore.App
1>                  FrameworkReferenceVersion=3.0.0
1>                  NuGetPackageId=Microsoft.NETCore.App.Ref
1>                  NuGetPackageVersion=3.0.0
1>                  Private=false
1>                  PublicKeyToken=b03f5f7f11d50a3a
1>          C:\Users\hansnguyen\.nuget\packages\microsoft.netcore.app.ref\3.0.0\ref\netcoreapp3.0\System.Runtime.CompilerServices.VisualC.dll
1>                  AssemblyVersion=4.1.1.0
1>                  ExternallyResolved=true
1>                  FileVersion=4.700.19.46214
1>                  FrameworkReferenceName=Microsoft.NETCore.App
1>                  FrameworkReferenceVersion=3.0.0
1>                  NuGetPackageId=Microsoft.NETCore.App.Ref
1>                  NuGetPackageVersion=3.0.0
1>                  Private=false
1>                  PublicKeyToken=b03f5f7f11d50a3a
1>          C:\Users\hansnguyen\.nuget\packages\microsoft.netcore.app.ref\3.0.0\ref\netcoreapp3.0\System.Runtime.Extensions.dll
1>                  AssemblyVersion=4.2.1.0
1>                  ExternallyResolved=true
1>                  FileVersion=4.700.19.46214
1>                  FrameworkReferenceName=Microsoft.NETCore.App
1>                  FrameworkReferenceVersion=3.0.0
1>                  NuGetPackageId=Microsoft.NETCore.App.Ref
1>                  NuGetPackageVersion=3.0.0
1>                  Private=false
1>                  PublicKeyToken=b03f5f7f11d50a3a
1>          C:\Users\hansnguyen\.nuget\packages\microsoft.netcore.app.ref\3.0.0\ref\netcoreapp3.0\System.Runtime.Handles.dll
1>                  AssemblyVersion=4.1.1.0
1>                  ExternallyResolved=true
1>                  FileVersion=4.700.19.46214
1>                  FrameworkReferenceName=Microsoft.NETCore.App
1>                  FrameworkReferenceVersion=3.0.0
1>                  NuGetPackageId=Microsoft.NETCore.App.Ref
1>                  NuGetPackageVersion=3.0.0
1>                  Private=false
1>                  PublicKeyToken=b03f5f7f11d50a3a
1>          C:\Users\hansnguyen\.nuget\packages\microsoft.netcore.app.ref\3.0.0\ref\netcoreapp3.0\System.Runtime.InteropServices.RuntimeInformation.dll
1>                  AssemblyVersion=4.0.3.0
1>                  ExternallyResolved=true
1>                  FileVersion=4.700.19.46214
1>                  FrameworkReferenceName=Microsoft.NETCore.App
1>                  FrameworkReferenceVersion=3.0.0
1>                  NuGetPackageId=Microsoft.NETCore.App.Ref
1>                  NuGetPackageVersion=3.0.0
1>                  Private=false
1>                  PublicKeyToken=b03f5f7f11d50a3a
1>          C:\Users\hansnguyen\.nuget\packages\microsoft.netcore.app.ref\3.0.0\ref\netcoreapp3.0\System.Runtime.InteropServices.WindowsRuntime.dll
1>                  AssemblyVersion=4.0.3.0
1>                  ExternallyResolved=true
1>                  FileVersion=4.700.19.46214
1>                  FrameworkReferenceName=Microsoft.NETCore.App
1>                  FrameworkReferenceVersion=3.0.0
1>                  NuGetPackageId=Microsoft.NETCore.App.Ref
1>                  NuGetPackageVersion=3.0.0
1>                  Private=false
1>                  PublicKeyToken=b03f5f7f11d50a3a
1>          C:\Users\hansnguyen\.nuget\packages\microsoft.netcore.app.ref\3.0.0\ref\netcoreapp3.0\System.Runtime.InteropServices.dll
1>                  AssemblyVersion=4.2.1.0
1>                  ExternallyResolved=true
1>                  FileVersion=4.700.19.46214
1>                  FrameworkReferenceName=Microsoft.NETCore.App
1>                  FrameworkReferenceVersion=3.0.0
1>                  NuGetPackageId=Microsoft.NETCore.App.Ref
1>                  NuGetPackageVersion=3.0.0
1>                  Private=false
1>                  PublicKeyToken=b03f5f7f11d50a3a
1>          C:\Users\hansnguyen\.nuget\packages\microsoft.netcore.app.ref\3.0.0\ref\netcoreapp3.0\System.Runtime.Intrinsics.dll
1>                  AssemblyVersion=4.0.0.0
1>                  ExternallyResolved=true
1>                  FileVersion=4.700.19.46214
1>                  FrameworkReferenceName=Microsoft.NETCore.App
1>                  FrameworkReferenceVersion=3.0.0
1>                  NuGetPackageId=Microsoft.NETCore.App.Ref
1>                  NuGetPackageVersion=3.0.0
1>                  Private=false
1>                  PublicKeyToken=cc7b13ffcd2ddd51
1>          C:\Users\hansnguyen\.nuget\packages\microsoft.netcore.app.ref\3.0.0\ref\netcoreapp3.0\System.Runtime.Loader.dll
1>                  AssemblyVersion=4.1.0.0
1>                  ExternallyResolved=true
1>                  FileVersion=4.700.19.46214
1>                  FrameworkReferenceName=Microsoft.NETCore.App
1>                  FrameworkReferenceVersion=3.0.0
1>                  NuGetPackageId=Microsoft.NETCore.App.Ref
1>                  NuGetPackageVersion=3.0.0
1>                  Private=false
1>                  PublicKeyToken=b03f5f7f11d50a3a
1>          C:\Users\hansnguyen\.nuget\packages\microsoft.netcore.app.ref\3.0.0\ref\netcoreapp3.0\System.Runtime.Numerics.dll
1>                  AssemblyVersion=4.1.1.0
1>                  ExternallyResolved=true
1>                  FileVersion=4.700.19.46214
1>                  FrameworkReferenceName=Microsoft.NETCore.App
1>                  FrameworkReferenceVersion=3.0.0
1>                  NuGetPackageId=Microsoft.NETCore.App.Ref
1>                  NuGetPackageVersion=3.0.0
1>                  Private=false
1>                  PublicKeyToken=b03f5f7f11d50a3a
1>          C:\Users\hansnguyen\.nuget\packages\microsoft.netcore.app.ref\3.0.0\ref\netcoreapp3.0\System.Runtime.Serialization.Formatters.dll
1>                  AssemblyVersion=4.0.3.0
1>                  ExternallyResolved=true
1>                  FileVersion=4.700.19.46214
1>                  FrameworkReferenceName=Microsoft.NETCore.App
1>                  FrameworkReferenceVersion=3.0.0
1>                  NuGetPackageId=Microsoft.NETCore.App.Ref
1>                  NuGetPackageVersion=3.0.0
1>                  Private=false
1>                  PublicKeyToken=b03f5f7f11d50a3a
1>          C:\Users\hansnguyen\.nuget\packages\microsoft.netcore.app.ref\3.0.0\ref\netcoreapp3.0\System.Runtime.Serialization.Json.dll
1>                  AssemblyVersion=4.0.4.0
1>                  ExternallyResolved=true
1>                  FileVersion=4.700.19.46214
1>                  FrameworkReferenceName=Microsoft.NETCore.App
1>                  FrameworkReferenceVersion=3.0.0
1>                  NuGetPackageId=Microsoft.NETCore.App.Ref
1>                  NuGetPackageVersion=3.0.0
1>                  Private=false
1>                  PublicKeyToken=b03f5f7f11d50a3a
1>          C:\Users\hansnguyen\.nuget\packages\microsoft.netcore.app.ref\3.0.0\ref\netcoreapp3.0\System.Runtime.Serialization.Primitives.dll
1>                  AssemblyVersion=4.2.1.0
1>                  ExternallyResolved=true
1>                  FileVersion=4.700.19.46214
1>                  FrameworkReferenceName=Microsoft.NETCore.App
1>                  FrameworkReferenceVersion=3.0.0
1>                  NuGetPackageId=Microsoft.NETCore.App.Ref
1>                  NuGetPackageVersion=3.0.0
1>                  Private=false
1>                  PublicKeyToken=b03f5f7f11d50a3a
1>          C:\Users\hansnguyen\.nuget\packages\microsoft.netcore.app.ref\3.0.0\ref\netcoreapp3.0\System.Runtime.Serialization.Xml.dll
1>                  AssemblyVersion=4.1.4.0
1>                  ExternallyResolved=true
1>                  FileVersion=4.700.19.46214
1>                  FrameworkReferenceName=Microsoft.NETCore.App
1>                  FrameworkReferenceVersion=3.0.0
1>                  NuGetPackageId=Microsoft.NETCore.App.Ref
1>                  NuGetPackageVersion=3.0.0
1>                  Private=false
1>                  PublicKeyToken=b03f5f7f11d50a3a
1>          C:\Users\hansnguyen\.nuget\packages\microsoft.netcore.app.ref\3.0.0\ref\netcoreapp3.0\System.Runtime.Serialization.dll
1>                  AssemblyVersion=4.0.0.0
1>                  ExternallyResolved=true
1>                  FileVersion=4.700.19.46214
1>                  FrameworkReferenceName=Microsoft.NETCore.App
1>                  FrameworkReferenceVersion=3.0.0
1>                  NuGetPackageId=Microsoft.NETCore.App.Ref
1>                  NuGetPackageVersion=3.0.0
1>                  Private=false
1>                  PublicKeyToken=b77a5c561934e089
1>          C:\Users\hansnguyen\.nuget\packages\microsoft.netcore.app.ref\3.0.0\ref\netcoreapp3.0\System.Runtime.dll
1>                  AssemblyVersion=4.2.1.0
1>                  ExternallyResolved=true
1>                  FileVersion=4.700.19.46214
1>                  FrameworkReferenceName=Microsoft.NETCore.App
1>                  FrameworkReferenceVersion=3.0.0
1>                  NuGetPackageId=Microsoft.NETCore.App.Ref
1>                  NuGetPackageVersion=3.0.0
1>                  Private=false
1>                  PublicKeyToken=b03f5f7f11d50a3a
1>          C:\Users\hansnguyen\.nuget\packages\microsoft.netcore.app.ref\3.0.0\ref\netcoreapp3.0\System.Security.Claims.dll
1>                  AssemblyVersion=4.1.1.0
1>                  ExternallyResolved=true
1>                  FileVersion=4.700.19.46214
1>                  FrameworkReferenceName=Microsoft.NETCore.App
1>                  FrameworkReferenceVersion=3.0.0
1>                  NuGetPackageId=Microsoft.NETCore.App.Ref
1>                  NuGetPackageVersion=3.0.0
1>                  Private=false
1>                  PublicKeyToken=b03f5f7f11d50a3a
1>          C:\Users\hansnguyen\.nuget\packages\microsoft.netcore.app.ref\3.0.0\ref\netcoreapp3.0\System.Security.Cryptography.Algorithms.dll
1>                  AssemblyVersion=4.3.1.0
1>                  ExternallyResolved=true
1>                  FileVersion=4.700.19.46214
1>                  FrameworkReferenceName=Microsoft.NETCore.App
1>                  FrameworkReferenceVersion=3.0.0
1>                  NuGetPackageId=Microsoft.NETCore.App.Ref
1>                  NuGetPackageVersion=3.0.0
1>                  Private=false
1>                  PublicKeyToken=b03f5f7f11d50a3a
1>          C:\Users\hansnguyen\.nuget\packages\microsoft.netcore.app.ref\3.0.0\ref\netcoreapp3.0\System.Security.Cryptography.Csp.dll
1>                  AssemblyVersion=4.1.1.0
1>                  ExternallyResolved=true
1>                  FileVersion=4.700.19.46214
1>                  FrameworkReferenceName=Microsoft.NETCore.App
1>                  FrameworkReferenceVersion=3.0.0
1>                  NuGetPackageId=Microsoft.NETCore.App.Ref
1>                  NuGetPackageVersion=3.0.0
1>                  Private=false
1>                  PublicKeyToken=b03f5f7f11d50a3a
1>          C:\Users\hansnguyen\.nuget\packages\microsoft.netcore.app.ref\3.0.0\ref\netcoreapp3.0\System.Security.Cryptography.Encoding.dll
1>                  AssemblyVersion=4.1.1.0
1>                  ExternallyResolved=true
1>                  FileVersion=4.700.19.46214
1>                  FrameworkReferenceName=Microsoft.NETCore.App
1>                  FrameworkReferenceVersion=3.0.0
1>                  NuGetPackageId=Microsoft.NETCore.App.Ref
1>                  NuGetPackageVersion=3.0.0
1>                  Private=false
1>                  PublicKeyToken=b03f5f7f11d50a3a
1>          C:\Users\hansnguyen\.nuget\packages\microsoft.netcore.app.ref\3.0.0\ref\netcoreapp3.0\System.Security.Cryptography.Primitives.dll
1>                  AssemblyVersion=4.1.1.0
1>                  ExternallyResolved=true
1>                  FileVersion=4.700.19.46214
1>                  FrameworkReferenceName=Microsoft.NETCore.App
1>                  FrameworkReferenceVersion=3.0.0
1>                  NuGetPackageId=Microsoft.NETCore.App.Ref
1>                  NuGetPackageVersion=3.0.0
1>                  Private=false
1>                  PublicKeyToken=b03f5f7f11d50a3a
1>          C:\Users\hansnguyen\.nuget\packages\microsoft.netcore.app.ref\3.0.0\ref\netcoreapp3.0\System.Security.Cryptography.X509Certificates.dll
1>                  AssemblyVersion=4.2.1.0
1>                  ExternallyResolved=true
1>                  FileVersion=4.700.19.46214
1>                  FrameworkReferenceName=Microsoft.NETCore.App
1>                  FrameworkReferenceVersion=3.0.0
1>                  NuGetPackageId=Microsoft.NETCore.App.Ref
1>                  NuGetPackageVersion=3.0.0
1>                  Private=false
1>                  PublicKeyToken=b03f5f7f11d50a3a
1>          C:\Users\hansnguyen\.nuget\packages\microsoft.netcore.app.ref\3.0.0\ref\netcoreapp3.0\System.Security.Principal.dll
1>                  AssemblyVersion=4.1.1.0
1>                  ExternallyResolved=true
1>                  FileVersion=4.700.19.46214
1>                  FrameworkReferenceName=Microsoft.NETCore.App
1>                  FrameworkReferenceVersion=3.0.0
1>                  NuGetPackageId=Microsoft.NETCore.App.Ref
1>                  NuGetPackageVersion=3.0.0
1>                  Private=false
1>                  PublicKeyToken=b03f5f7f11d50a3a
1>          C:\Users\hansnguyen\.nuget\packages\microsoft.netcore.app.ref\3.0.0\ref\netcoreapp3.0\System.Security.SecureString.dll
1>                  AssemblyVersion=4.1.1.0
1>                  ExternallyResolved=true
1>                  FileVersion=4.700.19.46214
1>                  FrameworkReferenceName=Microsoft.NETCore.App
1>                  FrameworkReferenceVersion=3.0.0
1>                  NuGetPackageId=Microsoft.NETCore.App.Ref
1>                  NuGetPackageVersion=3.0.0
1>                  Private=false
1>                  PublicKeyToken=b03f5f7f11d50a3a
1>          C:\Users\hansnguyen\.nuget\packages\microsoft.netcore.app.ref\3.0.0\ref\netcoreapp3.0\System.Security.dll
1>                  AssemblyVersion=4.0.0.0
1>                  ExternallyResolved=true
1>                  FileVersion=4.700.19.46214
1>                  FrameworkReferenceName=Microsoft.NETCore.App
1>                  FrameworkReferenceVersion=3.0.0
1>                  NuGetPackageId=Microsoft.NETCore.App.Ref
1>                  NuGetPackageVersion=3.0.0
1>                  Private=false
1>                  PublicKeyToken=b03f5f7f11d50a3a
1>          C:\Users\hansnguyen\.nuget\packages\microsoft.netcore.app.ref\3.0.0\ref\netcoreapp3.0\System.ServiceModel.Web.dll
1>                  AssemblyVersion=4.0.0.0
1>                  ExternallyResolved=true
1>                  FileVersion=4.700.19.46214
1>                  FrameworkReferenceName=Microsoft.NETCore.App
1>                  FrameworkReferenceVersion=3.0.0
1>                  NuGetPackageId=Microsoft.NETCore.App.Ref
1>                  NuGetPackageVersion=3.0.0
1>                  Private=false
1>                  PublicKeyToken=31bf3856ad364e35
1>          C:\Users\hansnguyen\.nuget\packages\microsoft.netcore.app.ref\3.0.0\ref\netcoreapp3.0\System.ServiceProcess.dll
1>                  AssemblyVersion=4.0.0.0
1>                  ExternallyResolved=true
1>                  FileVersion=4.700.19.46214
1>                  FrameworkReferenceName=Microsoft.NETCore.App
1>                  FrameworkReferenceVersion=3.0.0
1>                  NuGetPackageId=Microsoft.NETCore.App.Ref
1>                  NuGetPackageVersion=3.0.0
1>                  Private=false
1>                  PublicKeyToken=b03f5f7f11d50a3a
1>          C:\Users\hansnguyen\.nuget\packages\microsoft.netcore.app.ref\3.0.0\ref\netcoreapp3.0\System.Text.Encoding.CodePages.dll
1>                  AssemblyVersion=4.1.2.0
1>                  ExternallyResolved=true
1>                  FileVersion=4.700.19.46214
1>                  FrameworkReferenceName=Microsoft.NETCore.App
1>                  FrameworkReferenceVersion=3.0.0
1>                  NuGetPackageId=Microsoft.NETCore.App.Ref
1>                  NuGetPackageVersion=3.0.0
1>                  Private=false
1>                  PublicKeyToken=b03f5f7f11d50a3a
1>          C:\Users\hansnguyen\.nuget\packages\microsoft.netcore.app.ref\3.0.0\ref\netcoreapp3.0\System.Text.Encoding.Extensions.dll
1>                  AssemblyVersion=4.1.1.0
1>                  ExternallyResolved=true
1>                  FileVersion=4.700.19.46214
1>                  FrameworkReferenceName=Microsoft.NETCore.App
1>                  FrameworkReferenceVersion=3.0.0
1>                  NuGetPackageId=Microsoft.NETCore.App.Ref
1>                  NuGetPackageVersion=3.0.0
1>                  Private=false
1>                  PublicKeyToken=b03f5f7f11d50a3a
1>          C:\Users\hansnguyen\.nuget\packages\microsoft.netcore.app.ref\3.0.0\ref\netcoreapp3.0\System.Text.Encoding.dll
1>                  AssemblyVersion=4.1.1.0
1>                  ExternallyResolved=true
1>                  FileVersion=4.700.19.46214
1>                  FrameworkReferenceName=Microsoft.NETCore.App
1>                  FrameworkReferenceVersion=3.0.0
1>                  NuGetPackageId=Microsoft.NETCore.App.Ref
1>                  NuGetPackageVersion=3.0.0
1>                  Private=false
1>                  PublicKeyToken=b03f5f7f11d50a3a
1>          C:\Users\hansnguyen\.nuget\packages\microsoft.netcore.app.ref\3.0.0\ref\netcoreapp3.0\System.Text.Encodings.Web.dll
1>                  AssemblyVersion=4.0.4.0
1>                  ExternallyResolved=true
1>                  FileVersion=4.700.19.46214
1>                  FrameworkReferenceName=Microsoft.NETCore.App
1>                  FrameworkReferenceVersion=3.0.0
1>                  NuGetPackageId=Microsoft.NETCore.App.Ref
1>                  NuGetPackageVersion=3.0.0
1>                  Private=false
1>                  PublicKeyToken=cc7b13ffcd2ddd51
1>          C:\Users\hansnguyen\.nuget\packages\microsoft.netcore.app.ref\3.0.0\ref\netcoreapp3.0\System.Text.Json.dll
1>                  AssemblyVersion=4.0.0.0
1>                  ExternallyResolved=true
1>                  FileVersion=4.700.19.46214
1>                  FrameworkReferenceName=Microsoft.NETCore.App
1>                  FrameworkReferenceVersion=3.0.0
1>                  NuGetPackageId=Microsoft.NETCore.App.Ref
1>                  NuGetPackageVersion=3.0.0
1>                  Private=false
1>                  PublicKeyToken=cc7b13ffcd2ddd51
1>          C:\Users\hansnguyen\.nuget\packages\microsoft.netcore.app.ref\3.0.0\ref\netcoreapp3.0\System.Text.RegularExpressions.dll
1>                  AssemblyVersion=4.2.1.0
1>                  ExternallyResolved=true
1>                  FileVersion=4.700.19.46214
1>                  FrameworkReferenceName=Microsoft.NETCore.App
1>                  FrameworkReferenceVersion=3.0.0
1>                  NuGetPackageId=Microsoft.NETCore.App.Ref
1>                  NuGetPackageVersion=3.0.0
1>                  Private=false
1>                  PublicKeyToken=b03f5f7f11d50a3a
1>          C:\Users\hansnguyen\.nuget\packages\microsoft.netcore.app.ref\3.0.0\ref\netcoreapp3.0\System.Threading.Channels.dll
1>                  AssemblyVersion=4.0.1.0
1>                  ExternallyResolved=true
1>                  FileVersion=4.700.19.46214
1>                  FrameworkReferenceName=Microsoft.NETCore.App
1>                  FrameworkReferenceVersion=3.0.0
1>                  NuGetPackageId=Microsoft.NETCore.App.Ref
1>                  NuGetPackageVersion=3.0.0
1>                  Private=false
1>                  PublicKeyToken=cc7b13ffcd2ddd51
1>          C:\Users\hansnguyen\.nuget\packages\microsoft.netcore.app.ref\3.0.0\ref\netcoreapp3.0\System.Threading.Overlapped.dll
1>                  AssemblyVersion=4.1.1.0
1>                  ExternallyResolved=true
1>                  FileVersion=4.700.19.46214
1>                  FrameworkReferenceName=Microsoft.NETCore.App
1>                  FrameworkReferenceVersion=3.0.0
1>                  NuGetPackageId=Microsoft.NETCore.App.Ref
1>                  NuGetPackageVersion=3.0.0
1>                  Private=false
1>                  PublicKeyToken=b03f5f7f11d50a3a
1>          C:\Users\hansnguyen\.nuget\packages\microsoft.netcore.app.ref\3.0.0\ref\netcoreapp3.0\System.Threading.Tasks.Dataflow.dll
1>                  AssemblyVersion=4.6.4.0
1>                  ExternallyResolved=true
1>                  FileVersion=4.700.19.46214
1>                  FrameworkReferenceName=Microsoft.NETCore.App
1>                  FrameworkReferenceVersion=3.0.0
1>                  NuGetPackageId=Microsoft.NETCore.App.Ref
1>                  NuGetPackageVersion=3.0.0
1>                  Private=false
1>                  PublicKeyToken=b03f5f7f11d50a3a
1>          C:\Users\hansnguyen\.nuget\packages\microsoft.netcore.app.ref\3.0.0\ref\netcoreapp3.0\System.Threading.Tasks.Extensions.dll
1>                  AssemblyVersion=4.3.0.0
1>                  ExternallyResolved=true
1>                  FileVersion=4.700.19.46214
1>                  FrameworkReferenceName=Microsoft.NETCore.App
1>                  FrameworkReferenceVersion=3.0.0
1>                  NuGetPackageId=Microsoft.NETCore.App.Ref
1>                  NuGetPackageVersion=3.0.0
1>                  Private=false
1>                  PublicKeyToken=cc7b13ffcd2ddd51
1>          C:\Users\hansnguyen\.nuget\packages\microsoft.netcore.app.ref\3.0.0\ref\netcoreapp3.0\System.Threading.Tasks.Parallel.dll
1>                  AssemblyVersion=4.0.3.0
1>                  ExternallyResolved=true
1>                  FileVersion=4.700.19.46214
1>                  FrameworkReferenceName=Microsoft.NETCore.App
1>                  FrameworkReferenceVersion=3.0.0
1>                  NuGetPackageId=Microsoft.NETCore.App.Ref
1>                  NuGetPackageVersion=3.0.0
1>                  Private=false
1>                  PublicKeyToken=b03f5f7f11d50a3a
1>          C:\Users\hansnguyen\.nuget\packages\microsoft.netcore.app.ref\3.0.0\ref\netcoreapp3.0\System.Threading.Tasks.dll
1>                  AssemblyVersion=4.1.1.0
1>                  ExternallyResolved=true
1>                  FileVersion=4.700.19.46214
1>                  FrameworkReferenceName=Microsoft.NETCore.App
1>                  FrameworkReferenceVersion=3.0.0
1>                  NuGetPackageId=Microsoft.NETCore.App.Ref
1>                  NuGetPackageVersion=3.0.0
1>                  Private=false
1>                  PublicKeyToken=b03f5f7f11d50a3a
1>          C:\Users\hansnguyen\.nuget\packages\microsoft.netcore.app.ref\3.0.0\ref\netcoreapp3.0\System.Threading.Thread.dll
1>                  AssemblyVersion=4.1.1.0
1>                  ExternallyResolved=true
1>                  FileVersion=4.700.19.46214
1>                  FrameworkReferenceName=Microsoft.NETCore.App
1>                  FrameworkReferenceVersion=3.0.0
1>                  NuGetPackageId=Microsoft.NETCore.App.Ref
1>                  NuGetPackageVersion=3.0.0
1>                  Private=false
1>                  PublicKeyToken=b03f5f7f11d50a3a
1>          C:\Users\hansnguyen\.nuget\packages\microsoft.netcore.app.ref\3.0.0\ref\netcoreapp3.0\System.Threading.ThreadPool.dll
1>                  AssemblyVersion=4.1.1.0
1>                  ExternallyResolved=true
1>                  FileVersion=4.700.19.46214
1>                  FrameworkReferenceName=Microsoft.NETCore.App
1>                  FrameworkReferenceVersion=3.0.0
1>                  NuGetPackageId=Microsoft.NETCore.App.Ref
1>                  NuGetPackageVersion=3.0.0
1>                  Private=false
1>                  PublicKeyToken=b03f5f7f11d50a3a
1>          C:\Users\hansnguyen\.nuget\packages\microsoft.netcore.app.ref\3.0.0\ref\netcoreapp3.0\System.Threading.Timer.dll
1>                  AssemblyVersion=4.1.1.0
1>                  ExternallyResolved=true
1>                  FileVersion=4.700.19.46214
1>                  FrameworkReferenceName=Microsoft.NETCore.App
1>                  FrameworkReferenceVersion=3.0.0
1>                  NuGetPackageId=Microsoft.NETCore.App.Ref
1>                  NuGetPackageVersion=3.0.0
1>                  Private=false
1>                  PublicKeyToken=b03f5f7f11d50a3a
1>          C:\Users\hansnguyen\.nuget\packages\microsoft.netcore.app.ref\3.0.0\ref\netcoreapp3.0\System.Threading.dll
1>                  AssemblyVersion=4.1.1.0
1>                  ExternallyResolved=true
1>                  FileVersion=4.700.19.46214
1>                  FrameworkReferenceName=Microsoft.NETCore.App
1>                  FrameworkReferenceVersion=3.0.0
1>                  NuGetPackageId=Microsoft.NETCore.App.Ref
1>                  NuGetPackageVersion=3.0.0
1>                  Private=false
1>                  PublicKeyToken=b03f5f7f11d50a3a
1>          C:\Users\hansnguyen\.nuget\packages\microsoft.netcore.app.ref\3.0.0\ref\netcoreapp3.0\System.Transactions.Local.dll
1>                  AssemblyVersion=4.0.1.0
1>                  ExternallyResolved=true
1>                  FileVersion=4.700.19.46214
1>                  FrameworkReferenceName=Microsoft.NETCore.App
1>                  FrameworkReferenceVersion=3.0.0
1>                  NuGetPackageId=Microsoft.NETCore.App.Ref
1>                  NuGetPackageVersion=3.0.0
1>                  Private=false
1>                  PublicKeyToken=cc7b13ffcd2ddd51
1>          C:\Users\hansnguyen\.nuget\packages\microsoft.netcore.app.ref\3.0.0\ref\netcoreapp3.0\System.Transactions.dll
1>                  AssemblyVersion=4.0.0.0
1>                  ExternallyResolved=true
1>                  FileVersion=4.700.19.46214
1>                  FrameworkReferenceName=Microsoft.NETCore.App
1>                  FrameworkReferenceVersion=3.0.0
1>                  NuGetPackageId=Microsoft.NETCore.App.Ref
1>                  NuGetPackageVersion=3.0.0
1>                  Private=false
1>                  PublicKeyToken=b77a5c561934e089
1>          C:\Users\hansnguyen\.nuget\packages\microsoft.netcore.app.ref\3.0.0\ref\netcoreapp3.0\System.ValueTuple.dll
1>                  AssemblyVersion=4.0.3.0
1>                  ExternallyResolved=true
1>                  FileVersion=4.700.19.46214
1>                  FrameworkReferenceName=Microsoft.NETCore.App
1>                  FrameworkReferenceVersion=3.0.0
1>                  NuGetPackageId=Microsoft.NETCore.App.Ref
1>                  NuGetPackageVersion=3.0.0
1>                  Private=false
1>                  PublicKeyToken=cc7b13ffcd2ddd51
1>          C:\Users\hansnguyen\.nuget\packages\microsoft.netcore.app.ref\3.0.0\ref\netcoreapp3.0\System.Web.HttpUtility.dll
1>                  AssemblyVersion=4.0.1.0
1>                  ExternallyResolved=true
1>                  FileVersion=4.700.19.46214
1>                  FrameworkReferenceName=Microsoft.NETCore.App
1>                  FrameworkReferenceVersion=3.0.0
1>                  NuGetPackageId=Microsoft.NETCore.App.Ref
1>                  NuGetPackageVersion=3.0.0
1>                  Private=false
1>                  PublicKeyToken=cc7b13ffcd2ddd51
1>          C:\Users\hansnguyen\.nuget\packages\microsoft.netcore.app.ref\3.0.0\ref\netcoreapp3.0\System.Web.dll
1>                  AssemblyVersion=4.0.0.0
1>                  ExternallyResolved=true
1>                  FileVersion=4.700.19.46214
1>                  FrameworkReferenceName=Microsoft.NETCore.App
1>                  FrameworkReferenceVersion=3.0.0
1>                  NuGetPackageId=Microsoft.NETCore.App.Ref
1>                  NuGetPackageVersion=3.0.0
1>                  Private=false
1>                  PublicKeyToken=b03f5f7f11d50a3a
1>          C:\Users\hansnguyen\.nuget\packages\microsoft.netcore.app.ref\3.0.0\ref\netcoreapp3.0\System.Windows.dll
1>                  AssemblyVersion=4.0.0.0
1>                  ExternallyResolved=true
1>                  FileVersion=4.700.19.46214
1>                  FrameworkReferenceName=Microsoft.NETCore.App
1>                  FrameworkReferenceVersion=3.0.0
1>                  NuGetPackageId=Microsoft.NETCore.App.Ref
1>                  NuGetPackageVersion=3.0.0
1>                  Private=false
1>                  PublicKeyToken=b03f5f7f11d50a3a
1>          C:\Users\hansnguyen\.nuget\packages\microsoft.netcore.app.ref\3.0.0\ref\netcoreapp3.0\System.Xml.Linq.dll
1>                  AssemblyVersion=4.0.0.0
1>                  ExternallyResolved=true
1>                  FileVersion=4.700.19.46214
1>                  FrameworkReferenceName=Microsoft.NETCore.App
1>                  FrameworkReferenceVersion=3.0.0
1>                  NuGetPackageId=Microsoft.NETCore.App.Ref
1>                  NuGetPackageVersion=3.0.0
1>                  Private=false
1>                  PublicKeyToken=b77a5c561934e089
1>          C:\Users\hansnguyen\.nuget\packages\microsoft.netcore.app.ref\3.0.0\ref\netcoreapp3.0\System.Xml.ReaderWriter.dll
1>                  AssemblyVersion=4.2.1.0
1>                  ExternallyResolved=true
1>                  FileVersion=4.700.19.46214
1>                  FrameworkReferenceName=Microsoft.NETCore.App
1>                  FrameworkReferenceVersion=3.0.0
1>                  NuGetPackageId=Microsoft.NETCore.App.Ref
1>                  NuGetPackageVersion=3.0.0
1>                  Private=false
1>                  PublicKeyToken=b03f5f7f11d50a3a
1>          C:\Users\hansnguyen\.nuget\packages\microsoft.netcore.app.ref\3.0.0\ref\netcoreapp3.0\System.Xml.Serialization.dll
1>                  AssemblyVersion=4.0.0.0
1>                  ExternallyResolved=true
1>                  FileVersion=4.700.19.46214
1>                  FrameworkReferenceName=Microsoft.NETCore.App
1>                  FrameworkReferenceVersion=3.0.0
1>                  NuGetPackageId=Microsoft.NETCore.App.Ref
1>                  NuGetPackageVersion=3.0.0
1>                  Private=false
1>                  PublicKeyToken=b77a5c561934e089
1>          C:\Users\hansnguyen\.nuget\packages\microsoft.netcore.app.ref\3.0.0\ref\netcoreapp3.0\System.Xml.XDocument.dll
1>                  AssemblyVersion=4.1.1.0
1>                  ExternallyResolved=true
1>                  FileVersion=4.700.19.46214
1>                  FrameworkReferenceName=Microsoft.NETCore.App
1>                  FrameworkReferenceVersion=3.0.0
1>                  NuGetPackageId=Microsoft.NETCore.App.Ref
1>                  NuGetPackageVersion=3.0.0
1>                  Private=false
1>                  PublicKeyToken=b03f5f7f11d50a3a
1>          C:\Users\hansnguyen\.nuget\packages\microsoft.netcore.app.ref\3.0.0\ref\netcoreapp3.0\System.Xml.XPath.XDocument.dll
1>                  AssemblyVersion=4.1.1.0
1>                  ExternallyResolved=true
1>                  FileVersion=4.700.19.46214
1>                  FrameworkReferenceName=Microsoft.NETCore.App
1>                  FrameworkReferenceVersion=3.0.0
1>                  NuGetPackageId=Microsoft.NETCore.App.Ref
1>                  NuGetPackageVersion=3.0.0
1>                  Private=false
1>                  PublicKeyToken=b03f5f7f11d50a3a
1>          C:\Users\hansnguyen\.nuget\packages\microsoft.netcore.app.ref\3.0.0\ref\netcoreapp3.0\System.Xml.XPath.dll
1>                  AssemblyVersion=4.1.1.0
1>                  ExternallyResolved=true
1>                  FileVersion=4.700.19.46214
1>                  FrameworkReferenceName=Microsoft.NETCore.App
1>                  FrameworkReferenceVersion=3.0.0
1>                  NuGetPackageId=Microsoft.NETCore.App.Ref
1>                  NuGetPackageVersion=3.0.0
1>                  Private=false
1>                  PublicKeyToken=b03f5f7f11d50a3a
1>          C:\Users\hansnguyen\.nuget\packages\microsoft.netcore.app.ref\3.0.0\ref\netcoreapp3.0\System.Xml.XmlDocument.dll
1>                  AssemblyVersion=4.1.1.0
1>                  ExternallyResolved=true
1>                  FileVersion=4.700.19.46214
1>                  FrameworkReferenceName=Microsoft.NETCore.App
1>                  FrameworkReferenceVersion=3.0.0
1>                  NuGetPackageId=Microsoft.NETCore.App.Ref
1>                  NuGetPackageVersion=3.0.0
1>                  Private=false
1>                  PublicKeyToken=b03f5f7f11d50a3a
1>          C:\Users\hansnguyen\.nuget\packages\microsoft.netcore.app.ref\3.0.0\ref\netcoreapp3.0\System.Xml.XmlSerializer.dll
1>                  AssemblyVersion=4.1.1.0
1>                  ExternallyResolved=true
1>                  FileVersion=4.700.19.46214
1>                  FrameworkReferenceName=Microsoft.NETCore.App
1>                  FrameworkReferenceVersion=3.0.0
1>                  NuGetPackageId=Microsoft.NETCore.App.Ref
1>                  NuGetPackageVersion=3.0.0
1>                  Private=false
1>                  PublicKeyToken=b03f5f7f11d50a3a
1>          C:\Users\hansnguyen\.nuget\packages\microsoft.netcore.app.ref\3.0.0\ref\netcoreapp3.0\System.Xml.dll
1>                  AssemblyVersion=4.0.0.0
1>                  ExternallyResolved=true
1>                  FileVersion=4.700.19.46214
1>                  FrameworkReferenceName=Microsoft.NETCore.App
1>                  FrameworkReferenceVersion=3.0.0
1>                  NuGetPackageId=Microsoft.NETCore.App.Ref
1>                  NuGetPackageVersion=3.0.0
1>                  Private=false
1>                  PublicKeyToken=b77a5c561934e089
1>          C:\Users\hansnguyen\.nuget\packages\microsoft.netcore.app.ref\3.0.0\ref\netcoreapp3.0\System.dll
1>                  AssemblyVersion=4.0.0.0
1>                  ExternallyResolved=true
1>                  FileVersion=4.700.19.46214
1>                  FrameworkReferenceName=Microsoft.NETCore.App
1>                  FrameworkReferenceVersion=3.0.0
1>                  NuGetPackageId=Microsoft.NETCore.App.Ref
1>                  NuGetPackageVersion=3.0.0
1>                  Private=false
1>                  PublicKeyToken=b77a5c561934e089
1>          C:\Users\hansnguyen\.nuget\packages\microsoft.netcore.app.ref\3.0.0\ref\netcoreapp3.0\mscorlib.dll
1>                  AssemblyVersion=4.0.0.0
1>                  ExternallyResolved=true
1>                  FileVersion=4.700.19.46214
1>                  FrameworkReferenceName=Microsoft.NETCore.App
1>                  FrameworkReferenceVersion=3.0.0
1>                  NuGetPackageId=Microsoft.NETCore.App.Ref
1>                  NuGetPackageVersion=3.0.0
1>                  Private=false
1>                  PublicKeyToken=b77a5c561934e089
1>          C:\Users\hansnguyen\.nuget\packages\microsoft.netcore.app.ref\3.0.0\ref\netcoreapp3.0\netstandard.dll
1>                  AssemblyVersion=2.1.0.0
1>                  ExternallyResolved=true
1>                  FileVersion=4.700.19.46214
1>                  FrameworkReferenceName=Microsoft.NETCore.App
1>                  FrameworkReferenceVersion=3.0.0
1>                  NuGetPackageId=Microsoft.NETCore.App.Ref
1>                  NuGetPackageVersion=3.0.0
1>                  Private=false
1>                  PublicKeyToken=cc7b13ffcd2ddd51
1>          C:\Users\hansnguyen\.nuget\packages\microsoft.windowsdesktop.app.ref\3.0.0\ref\netcoreapp3.0\Accessibility.dll
1>                  AssemblyVersion=4.0.0.0
1>                  ExternallyResolved=true
1>                  FileVersion=4.800.19.46210
1>                  FrameworkReferenceName=Microsoft.WindowsDesktop.App.WPF
1>                  FrameworkReferenceVersion=3.0.0
1>                  NuGetPackageId=Microsoft.WindowsDesktop.App.Ref
1>                  NuGetPackageVersion=3.0.0
1>                  Private=false
1>                  PublicKeyToken=31bf3856ad364e35
1>          C:\Users\hansnguyen\.nuget\packages\microsoft.windowsdesktop.app.ref\3.0.0\ref\netcoreapp3.0\Microsoft.Win32.Registry.AccessControl.dll
1>                  AssemblyVersion=4.0.4.0
1>                  ExternallyResolved=true
1>                  FileVersion=4.700.19.46214
1>                  FrameworkReferenceName=Microsoft.WindowsDesktop.App.WPF
1>                  FrameworkReferenceVersion=3.0.0
1>                  NuGetPackageId=Microsoft.WindowsDesktop.App.Ref
1>                  NuGetPackageVersion=3.0.0
1>                  Private=false
1>                  PublicKeyToken=b03f5f7f11d50a3a
1>          C:\Users\hansnguyen\.nuget\packages\microsoft.windowsdesktop.app.ref\3.0.0\ref\netcoreapp3.0\Microsoft.Win32.Registry.dll
1>                  AssemblyVersion=4.1.2.0
1>                  ExternallyResolved=true
1>                  FileVersion=4.700.19.46214
1>                  FrameworkReferenceName=Microsoft.WindowsDesktop.App.WPF
1>                  FrameworkReferenceVersion=3.0.0
1>                  NuGetPackageId=Microsoft.WindowsDesktop.App.Ref
1>                  NuGetPackageVersion=3.0.0
1>                  Private=false
1>                  PublicKeyToken=b03f5f7f11d50a3a
1>          C:\Users\hansnguyen\.nuget\packages\microsoft.windowsdesktop.app.ref\3.0.0\ref\netcoreapp3.0\Microsoft.Win32.SystemEvents.dll
1>                  AssemblyVersion=4.0.1.0
1>                  ExternallyResolved=true
1>                  FileVersion=4.700.19.46214
1>                  FrameworkReferenceName=Microsoft.WindowsDesktop.App.WPF
1>                  FrameworkReferenceVersion=3.0.0
1>                  NuGetPackageId=Microsoft.WindowsDesktop.App.Ref
1>                  NuGetPackageVersion=3.0.0
1>                  Private=false
1>                  PublicKeyToken=cc7b13ffcd2ddd51
1>          C:\Users\hansnguyen\.nuget\packages\microsoft.windowsdesktop.app.ref\3.0.0\ref\netcoreapp3.0\PresentationCore.dll
1>                  AssemblyVersion=4.0.0.0
1>                  ExternallyResolved=true
1>                  FileVersion=4.800.19.46214
1>                  FrameworkReferenceName=Microsoft.WindowsDesktop.App.WPF
1>                  FrameworkReferenceVersion=3.0.0
1>                  NuGetPackageId=Microsoft.WindowsDesktop.App.Ref
1>                  NuGetPackageVersion=3.0.0
1>                  Private=false
1>                  PublicKeyToken=31bf3856ad364e35
1>          C:\Users\hansnguyen\.nuget\packages\microsoft.windowsdesktop.app.ref\3.0.0\ref\netcoreapp3.0\PresentationFramework.Aero.dll
1>                  AssemblyVersion=4.0.0.0
1>                  ExternallyResolved=true
1>                  FileVersion=4.800.19.46214
1>                  FrameworkReferenceName=Microsoft.WindowsDesktop.App.WPF
1>                  FrameworkReferenceVersion=3.0.0
1>                  NuGetPackageId=Microsoft.WindowsDesktop.App.Ref
1>                  NuGetPackageVersion=3.0.0
1>                  Private=false
1>                  PublicKeyToken=31bf3856ad364e35
1>          C:\Users\hansnguyen\.nuget\packages\microsoft.windowsdesktop.app.ref\3.0.0\ref\netcoreapp3.0\PresentationFramework.Aero2.dll
1>                  AssemblyVersion=4.0.0.0
1>                  ExternallyResolved=true
1>                  FileVersion=4.800.19.46214
1>                  FrameworkReferenceName=Microsoft.WindowsDesktop.App.WPF
1>                  FrameworkReferenceVersion=3.0.0
1>                  NuGetPackageId=Microsoft.WindowsDesktop.App.Ref
1>                  NuGetPackageVersion=3.0.0
1>                  Private=false
1>                  PublicKeyToken=31bf3856ad364e35
1>          C:\Users\hansnguyen\.nuget\packages\microsoft.windowsdesktop.app.ref\3.0.0\ref\netcoreapp3.0\PresentationFramework.AeroLite.dll
1>                  AssemblyVersion=4.0.0.0
1>                  ExternallyResolved=true
1>                  FileVersion=4.800.19.46214
1>                  FrameworkReferenceName=Microsoft.WindowsDesktop.App.WPF
1>                  FrameworkReferenceVersion=3.0.0
1>                  NuGetPackageId=Microsoft.WindowsDesktop.App.Ref
1>                  NuGetPackageVersion=3.0.0
1>                  Private=false
1>                  PublicKeyToken=31bf3856ad364e35
1>          C:\Users\hansnguyen\.nuget\packages\microsoft.windowsdesktop.app.ref\3.0.0\ref\netcoreapp3.0\PresentationFramework.Classic.dll
1>                  AssemblyVersion=4.0.0.0
1>                  ExternallyResolved=true
1>                  FileVersion=4.800.19.46214
1>                  FrameworkReferenceName=Microsoft.WindowsDesktop.App.WPF
1>                  FrameworkReferenceVersion=3.0.0
1>                  NuGetPackageId=Microsoft.WindowsDesktop.App.Ref
1>                  NuGetPackageVersion=3.0.0
1>                  Private=false
1>                  PublicKeyToken=31bf3856ad364e35
1>          C:\Users\hansnguyen\.nuget\packages\microsoft.windowsdesktop.app.ref\3.0.0\ref\netcoreapp3.0\PresentationFramework.Luna.dll
1>                  AssemblyVersion=4.0.0.0
1>                  ExternallyResolved=true
1>                  FileVersion=4.800.19.46214
1>                  FrameworkReferenceName=Microsoft.WindowsDesktop.App.WPF
1>                  FrameworkReferenceVersion=3.0.0
1>                  NuGetPackageId=Microsoft.WindowsDesktop.App.Ref
1>                  NuGetPackageVersion=3.0.0
1>                  Private=false
1>                  PublicKeyToken=31bf3856ad364e35
1>          C:\Users\hansnguyen\.nuget\packages\microsoft.windowsdesktop.app.ref\3.0.0\ref\netcoreapp3.0\PresentationFramework.Royale.dll
1>                  AssemblyVersion=4.0.0.0
1>                  ExternallyResolved=true
1>                  FileVersion=4.800.19.46214
1>                  FrameworkReferenceName=Microsoft.WindowsDesktop.App.WPF
1>                  FrameworkReferenceVersion=3.0.0
1>                  NuGetPackageId=Microsoft.WindowsDesktop.App.Ref
1>                  NuGetPackageVersion=3.0.0
1>                  Private=false
1>                  PublicKeyToken=31bf3856ad364e35
1>          C:\Users\hansnguyen\.nuget\packages\microsoft.windowsdesktop.app.ref\3.0.0\ref\netcoreapp3.0\PresentationFramework.dll
1>                  AssemblyVersion=4.0.0.0
1>                  ExternallyResolved=true
1>                  FileVersion=4.800.19.46214
1>                  FrameworkReferenceName=Microsoft.WindowsDesktop.App.WPF
1>                  FrameworkReferenceVersion=3.0.0
1>                  NuGetPackageId=Microsoft.WindowsDesktop.App.Ref
1>                  NuGetPackageVersion=3.0.0
1>                  Private=false
1>                  PublicKeyToken=31bf3856ad364e35
1>          C:\Users\hansnguyen\.nuget\packages\microsoft.windowsdesktop.app.ref\3.0.0\ref\netcoreapp3.0\PresentationUI.dll
1>                  AssemblyVersion=4.0.0.0
1>                  ExternallyResolved=true
1>                  FileVersion=4.800.19.46214
1>                  FrameworkReferenceName=Microsoft.WindowsDesktop.App.WPF
1>                  FrameworkReferenceVersion=3.0.0
1>                  NuGetPackageId=Microsoft.WindowsDesktop.App.Ref
1>                  NuGetPackageVersion=3.0.0
1>                  Private=false
1>                  PublicKeyToken=b77a5c561934e089
1>          C:\Users\hansnguyen\.nuget\packages\microsoft.windowsdesktop.app.ref\3.0.0\ref\netcoreapp3.0\ReachFramework.dll
1>                  AssemblyVersion=4.0.0.0
1>                  ExternallyResolved=true
1>                  FileVersion=4.800.19.46214
1>                  FrameworkReferenceName=Microsoft.WindowsDesktop.App.WPF
1>                  FrameworkReferenceVersion=3.0.0
1>                  NuGetPackageId=Microsoft.WindowsDesktop.App.Ref
1>                  NuGetPackageVersion=3.0.0
1>                  Private=false
1>                  PublicKeyToken=31bf3856ad364e35
1>          C:\Users\hansnguyen\.nuget\packages\microsoft.windowsdesktop.app.ref\3.0.0\ref\netcoreapp3.0\System.CodeDom.dll
1>                  AssemblyVersion=4.0.2.0
1>                  ExternallyResolved=true
1>                  FileVersion=4.700.19.46214
1>                  FrameworkReferenceName=Microsoft.WindowsDesktop.App.WPF
1>                  FrameworkReferenceVersion=3.0.0
1>                  NuGetPackageId=Microsoft.WindowsDesktop.App.Ref
1>                  NuGetPackageVersion=3.0.0
1>                  Private=false
1>                  PublicKeyToken=cc7b13ffcd2ddd51
1>          C:\Users\hansnguyen\.nuget\packages\microsoft.windowsdesktop.app.ref\3.0.0\ref\netcoreapp3.0\System.Configuration.ConfigurationManager.dll
1>                  AssemblyVersion=4.0.2.0
1>                  ExternallyResolved=true
1>                  FileVersion=4.700.19.46214
1>                  FrameworkReferenceName=Microsoft.WindowsDesktop.App.WPF
1>                  FrameworkReferenceVersion=3.0.0
1>                  NuGetPackageId=Microsoft.WindowsDesktop.App.Ref
1>                  NuGetPackageVersion=3.0.0
1>                  Private=false
1>                  PublicKeyToken=cc7b13ffcd2ddd51
1>          C:\Users\hansnguyen\.nuget\packages\microsoft.windowsdesktop.app.ref\3.0.0\ref\netcoreapp3.0\System.Diagnostics.EventLog.dll
1>                  AssemblyVersion=4.0.1.0
1>                  ExternallyResolved=true
1>                  FileVersion=4.700.19.46214
1>                  FrameworkReferenceName=Microsoft.WindowsDesktop.App.WPF
1>                  FrameworkReferenceVersion=3.0.0
1>                  NuGetPackageId=Microsoft.WindowsDesktop.App.Ref
1>                  NuGetPackageVersion=3.0.0
1>                  Private=false
1>                  PublicKeyToken=cc7b13ffcd2ddd51
1>          C:\Users\hansnguyen\.nuget\packages\microsoft.windowsdesktop.app.ref\3.0.0\ref\netcoreapp3.0\System.Diagnostics.PerformanceCounter.dll
1>                  AssemblyVersion=4.0.1.0
1>                  ExternallyResolved=true
1>                  FileVersion=4.700.19.37515
1>                  FrameworkReferenceName=Microsoft.WindowsDesktop.App.WPF
1>                  FrameworkReferenceVersion=3.0.0
1>                  NuGetPackageId=Microsoft.WindowsDesktop.App.Ref
1>                  NuGetPackageVersion=3.0.0
1>                  Private=false
1>                  PublicKeyToken=cc7b13ffcd2ddd51
1>          C:\Users\hansnguyen\.nuget\packages\microsoft.windowsdesktop.app.ref\3.0.0\ref\netcoreapp3.0\System.DirectoryServices.dll
1>                  AssemblyVersion=4.0.0.0
1>                  ExternallyResolved=true
1>                  FileVersion=4.700.19.46214
1>                  FrameworkReferenceName=Microsoft.WindowsDesktop.App.WPF
1>                  FrameworkReferenceVersion=3.0.0
1>                  NuGetPackageId=Microsoft.WindowsDesktop.App.Ref
1>                  NuGetPackageVersion=3.0.0
1>                  Private=false
1>                  PublicKeyToken=b03f5f7f11d50a3a
1>          C:\Users\hansnguyen\.nuget\packages\microsoft.windowsdesktop.app.ref\3.0.0\ref\netcoreapp3.0\System.IO.FileSystem.AccessControl.dll
1>                  AssemblyVersion=4.0.4.0
1>                  ExternallyResolved=true
1>                  FileVersion=4.700.19.46214
1>                  FrameworkReferenceName=Microsoft.WindowsDesktop.App.WPF
1>                  FrameworkReferenceVersion=3.0.0
1>                  NuGetPackageId=Microsoft.WindowsDesktop.App.Ref
1>                  NuGetPackageVersion=3.0.0
1>                  Private=false
1>                  PublicKeyToken=b03f5f7f11d50a3a
1>          C:\Users\hansnguyen\.nuget\packages\microsoft.windowsdesktop.app.ref\3.0.0\ref\netcoreapp3.0\System.IO.Packaging.dll
1>                  AssemblyVersion=4.0.4.0
1>                  ExternallyResolved=true
1>                  FileVersion=4.700.19.46214
1>                  FrameworkReferenceName=Microsoft.WindowsDesktop.App.WPF
1>                  FrameworkReferenceVersion=3.0.0
1>                  NuGetPackageId=Microsoft.WindowsDesktop.App.Ref
1>                  NuGetPackageVersion=3.0.0
1>                  Private=false
1>                  PublicKeyToken=b03f5f7f11d50a3a
1>          C:\Users\hansnguyen\.nuget\packages\microsoft.windowsdesktop.app.ref\3.0.0\ref\netcoreapp3.0\System.IO.Pipes.AccessControl.dll
1>                  AssemblyVersion=4.0.3.0
1>                  ExternallyResolved=true
1>                  FileVersion=4.6.26606.5
1>                  FrameworkReferenceName=Microsoft.WindowsDesktop.App.WPF
1>                  FrameworkReferenceVersion=3.0.0
1>                  NuGetPackageId=Microsoft.WindowsDesktop.App.Ref
1>                  NuGetPackageVersion=3.0.0
1>                  Private=false
1>                  PublicKeyToken=b03f5f7f11d50a3a
1>          C:\Users\hansnguyen\.nuget\packages\microsoft.windowsdesktop.app.ref\3.0.0\ref\netcoreapp3.0\System.Printing.dll
1>                  AssemblyVersion=4.0.0.0
1>                  ExternallyResolved=true
1>                  FileVersion=4.800.19.46214
1>                  FrameworkReferenceName=Microsoft.WindowsDesktop.App.WPF
1>                  FrameworkReferenceVersion=3.0.0
1>                  NuGetPackageId=Microsoft.WindowsDesktop.App.Ref
1>                  NuGetPackageVersion=3.0.0
1>                  Private=false
1>                  PublicKeyToken=31bf3856ad364e35
1>          C:\Users\hansnguyen\.nuget\packages\microsoft.windowsdesktop.app.ref\3.0.0\ref\netcoreapp3.0\System.Resources.Extensions.dll
1>                  AssemblyVersion=4.0.0.0
1>                  ExternallyResolved=true
1>                  FileVersion=4.700.19.46214
1>                  FrameworkReferenceName=Microsoft.WindowsDesktop.App.WPF
1>                  FrameworkReferenceVersion=3.0.0
1>                  NuGetPackageId=Microsoft.WindowsDesktop.App.Ref
1>                  NuGetPackageVersion=3.0.0
1>                  Private=false
1>                  PublicKeyToken=cc7b13ffcd2ddd51
1>          C:\Users\hansnguyen\.nuget\packages\microsoft.windowsdesktop.app.ref\3.0.0\ref\netcoreapp3.0\System.Security.AccessControl.dll
1>                  AssemblyVersion=4.1.1.0
1>                  ExternallyResolved=true
1>                  FileVersion=4.700.19.46214
1>                  FrameworkReferenceName=Microsoft.WindowsDesktop.App.WPF
1>                  FrameworkReferenceVersion=3.0.0
1>                  NuGetPackageId=Microsoft.WindowsDesktop.App.Ref
1>                  NuGetPackageVersion=3.0.0
1>                  Private=false
1>                  PublicKeyToken=b03f5f7f11d50a3a
1>          C:\Users\hansnguyen\.nuget\packages\microsoft.windowsdesktop.app.ref\3.0.0\ref\netcoreapp3.0\System.Security.Cryptography.Cng.dll
1>                  AssemblyVersion=4.3.2.0
1>                  ExternallyResolved=true
1>                  FileVersion=4.700.19.46214
1>                  FrameworkReferenceName=Microsoft.WindowsDesktop.App.WPF
1>                  FrameworkReferenceVersion=3.0.0
1>                  NuGetPackageId=Microsoft.WindowsDesktop.App.Ref
1>                  NuGetPackageVersion=3.0.0
1>                  Private=false
1>                  PublicKeyToken=b03f5f7f11d50a3a
1>          C:\Users\hansnguyen\.nuget\packages\microsoft.windowsdesktop.app.ref\3.0.0\ref\netcoreapp3.0\System.Security.Cryptography.Pkcs.dll
1>                  AssemblyVersion=4.1.0.0
1>                  ExternallyResolved=true
1>                  FileVersion=4.700.19.46214
1>                  FrameworkReferenceName=Microsoft.WindowsDesktop.App.WPF
1>                  FrameworkReferenceVersion=3.0.0
1>                  NuGetPackageId=Microsoft.WindowsDesktop.App.Ref
1>                  NuGetPackageVersion=3.0.0
1>                  Private=false
1>                  PublicKeyToken=b03f5f7f11d50a3a
1>          C:\Users\hansnguyen\.nuget\packages\microsoft.windowsdesktop.app.ref\3.0.0\ref\netcoreapp3.0\System.Security.Cryptography.ProtectedData.dll
1>                  AssemblyVersion=4.0.4.0
1>                  ExternallyResolved=true
1>                  FileVersion=4.700.19.46214
1>                  FrameworkReferenceName=Microsoft.WindowsDesktop.App.WPF
1>                  FrameworkReferenceVersion=3.0.0
1>                  NuGetPackageId=Microsoft.WindowsDesktop.App.Ref
1>                  NuGetPackageVersion=3.0.0
1>                  Private=false
1>                  PublicKeyToken=b03f5f7f11d50a3a
1>          C:\Users\hansnguyen\.nuget\packages\microsoft.windowsdesktop.app.ref\3.0.0\ref\netcoreapp3.0\System.Security.Cryptography.Xml.dll
1>                  AssemblyVersion=4.0.2.0
1>                  ExternallyResolved=true
1>                  FileVersion=4.700.19.46214
1>                  FrameworkReferenceName=Microsoft.WindowsDesktop.App.WPF
1>                  FrameworkReferenceVersion=3.0.0
1>                  NuGetPackageId=Microsoft.WindowsDesktop.App.Ref
1>                  NuGetPackageVersion=3.0.0
1>                  Private=false
1>                  PublicKeyToken=cc7b13ffcd2ddd51
1>          C:\Users\hansnguyen\.nuget\packages\microsoft.windowsdesktop.app.ref\3.0.0\ref\netcoreapp3.0\System.Security.Permissions.dll
1>                  AssemblyVersion=4.0.2.0
1>                  ExternallyResolved=true
1>                  FileVersion=4.700.19.46214
1>                  FrameworkReferenceName=Microsoft.WindowsDesktop.App.WPF
1>                  FrameworkReferenceVersion=3.0.0
1>                  NuGetPackageId=Microsoft.WindowsDesktop.App.Ref
1>                  NuGetPackageVersion=3.0.0
1>                  Private=false
1>                  PublicKeyToken=cc7b13ffcd2ddd51
1>          C:\Users\hansnguyen\.nuget\packages\microsoft.windowsdesktop.app.ref\3.0.0\ref\netcoreapp3.0\System.Security.Principal.Windows.dll
1>                  AssemblyVersion=4.1.1.0
1>                  ExternallyResolved=true
1>                  FileVersion=4.700.19.46214
1>                  FrameworkReferenceName=Microsoft.WindowsDesktop.App.WPF
1>                  FrameworkReferenceVersion=3.0.0
1>                  NuGetPackageId=Microsoft.WindowsDesktop.App.Ref
1>                  NuGetPackageVersion=3.0.0
1>                  Private=false
1>                  PublicKeyToken=b03f5f7f11d50a3a
1>          C:\Users\hansnguyen\.nuget\packages\microsoft.windowsdesktop.app.ref\3.0.0\ref\netcoreapp3.0\System.Threading.AccessControl.dll
1>                  AssemblyVersion=4.0.4.0
1>                  ExternallyResolved=true
1>                  FileVersion=4.700.19.46214
1>                  FrameworkReferenceName=Microsoft.WindowsDesktop.App.WPF
1>                  FrameworkReferenceVersion=3.0.0
1>                  NuGetPackageId=Microsoft.WindowsDesktop.App.Ref
1>                  NuGetPackageVersion=3.0.0
1>                  Private=false
1>                  PublicKeyToken=b03f5f7f11d50a3a
1>          C:\Users\hansnguyen\.nuget\packages\microsoft.windowsdesktop.app.ref\3.0.0\ref\netcoreapp3.0\System.Windows.Controls.Ribbon.dll
1>                  AssemblyVersion=4.0.0.0
1>                  ExternallyResolved=true
1>                  FileVersion=4.800.19.46214
1>                  FrameworkReferenceName=Microsoft.WindowsDesktop.App.WPF
1>                  FrameworkReferenceVersion=3.0.0
1>                  NuGetPackageId=Microsoft.WindowsDesktop.App.Ref
1>                  NuGetPackageVersion=3.0.0
1>                  Private=false
1>                  PublicKeyToken=b77a5c561934e089
1>          C:\Users\hansnguyen\.nuget\packages\microsoft.windowsdesktop.app.ref\3.0.0\ref\netcoreapp3.0\System.Windows.Extensions.dll
1>                  AssemblyVersion=4.0.0.0
1>                  ExternallyResolved=true
1>                  FileVersion=4.700.19.46214
1>                  FrameworkReferenceName=Microsoft.WindowsDesktop.App.WPF
1>                  FrameworkReferenceVersion=3.0.0
1>                  NuGetPackageId=Microsoft.WindowsDesktop.App.Ref
1>                  NuGetPackageVersion=3.0.0
1>                  Private=false
1>                  PublicKeyToken=cc7b13ffcd2ddd51
1>          C:\Users\hansnguyen\.nuget\packages\microsoft.windowsdesktop.app.ref\3.0.0\ref\netcoreapp3.0\System.Windows.Input.Manipulations.dll
1>                  AssemblyVersion=4.0.0.0
1>                  ExternallyResolved=true
1>                  FileVersion=4.800.19.46214
1>                  FrameworkReferenceName=Microsoft.WindowsDesktop.App.WPF
1>                  FrameworkReferenceVersion=3.0.0
1>                  NuGetPackageId=Microsoft.WindowsDesktop.App.Ref
1>                  NuGetPackageVersion=3.0.0
1>                  Private=false
1>                  PublicKeyToken=b77a5c561934e089
1>          C:\Users\hansnguyen\.nuget\packages\microsoft.windowsdesktop.app.ref\3.0.0\ref\netcoreapp3.0\System.Windows.Presentation.dll
1>                  AssemblyVersion=4.0.0.0
1>                  ExternallyResolved=true
1>                  FileVersion=4.800.19.46214
1>                  FrameworkReferenceName=Microsoft.WindowsDesktop.App.WPF
1>                  FrameworkReferenceVersion=3.0.0
1>                  NuGetPackageId=Microsoft.WindowsDesktop.App.Ref
1>                  NuGetPackageVersion=3.0.0
1>                  Private=false
1>                  PublicKeyToken=b77a5c561934e089
1>          C:\Users\hansnguyen\.nuget\packages\microsoft.windowsdesktop.app.ref\3.0.0\ref\netcoreapp3.0\System.Xaml.dll
1>                  AssemblyVersion=4.0.0.0
1>                  ExternallyResolved=true
1>                  FileVersion=4.800.19.46214
1>                  FrameworkReferenceName=Microsoft.WindowsDesktop.App.WPF
1>                  FrameworkReferenceVersion=3.0.0
1>                  NuGetPackageId=Microsoft.WindowsDesktop.App.Ref
1>                  NuGetPackageVersion=3.0.0
1>                  Private=false
1>                  PublicKeyToken=b77a5c561934e089
1>          C:\Users\hansnguyen\.nuget\packages\microsoft.windowsdesktop.app.ref\3.0.0\ref\netcoreapp3.0\UIAutomationClient.dll
1>                  AssemblyVersion=4.0.0.0
1>                  ExternallyResolved=true
1>                  FileVersion=4.800.19.46214
1>                  FrameworkReferenceName=Microsoft.WindowsDesktop.App.WPF
1>                  FrameworkReferenceVersion=3.0.0
1>                  NuGetPackageId=Microsoft.WindowsDesktop.App.Ref
1>                  NuGetPackageVersion=3.0.0
1>                  Private=false
1>                  PublicKeyToken=31bf3856ad364e35
1>          C:\Users\hansnguyen\.nuget\packages\microsoft.windowsdesktop.app.ref\3.0.0\ref\netcoreapp3.0\UIAutomationClientSideProviders.dll
1>                  AssemblyVersion=4.0.0.0
1>                  ExternallyResolved=true
1>                  FileVersion=4.800.19.46214
1>                  FrameworkReferenceName=Microsoft.WindowsDesktop.App.WPF
1>                  FrameworkReferenceVersion=3.0.0
1>                  NuGetPackageId=Microsoft.WindowsDesktop.App.Ref
1>                  NuGetPackageVersion=3.0.0
1>                  Private=false
1>                  PublicKeyToken=b77a5c561934e089
1>          C:\Users\hansnguyen\.nuget\packages\microsoft.windowsdesktop.app.ref\3.0.0\ref\netcoreapp3.0\UIAutomationProvider.dll
1>                  AssemblyVersion=4.0.0.0
1>                  ExternallyResolved=true
1>                  FileVersion=4.800.19.46214
1>                  FrameworkReferenceName=Microsoft.WindowsDesktop.App.WPF
1>                  FrameworkReferenceVersion=3.0.0
1>                  NuGetPackageId=Microsoft.WindowsDesktop.App.Ref
1>                  NuGetPackageVersion=3.0.0
1>                  Private=false
1>                  PublicKeyToken=31bf3856ad364e35
1>          C:\Users\hansnguyen\.nuget\packages\microsoft.windowsdesktop.app.ref\3.0.0\ref\netcoreapp3.0\UIAutomationTypes.dll
1>                  AssemblyVersion=4.0.0.0
1>                  ExternallyResolved=true
1>                  FileVersion=4.800.19.46214
1>                  FrameworkReferenceName=Microsoft.WindowsDesktop.App.WPF
1>                  FrameworkReferenceVersion=3.0.0
1>                  NuGetPackageId=Microsoft.WindowsDesktop.App.Ref
1>                  NuGetPackageVersion=3.0.0
1>                  Private=false
1>                  PublicKeyToken=31bf3856ad364e35
1>          C:\Users\hansnguyen\.nuget\packages\microsoft.windowsdesktop.app.ref\3.0.0\ref\netcoreapp3.0\WindowsBase.dll
1>                  AssemblyVersion=4.0.0.0
1>                  ExternallyResolved=true
1>                  FileVersion=4.800.19.46214
1>                  FrameworkReferenceName=Microsoft.WindowsDesktop.App.WPF
1>                  FrameworkReferenceVersion=3.0.0
1>                  NuGetPackageId=Microsoft.WindowsDesktop.App.Ref
1>                  NuGetPackageVersion=3.0.0
1>                  Private=false
1>                  PublicKeyToken=31bf3856ad364e35
1>  Removed Item(s): 
1>      ReferenceCopyLocalPaths=
1>          C:\Users\hansnguyen\.nuget\packages\c1.xaml.wpf\4.5.20213.749\lib\netcoreapp3.0\C1.WPF.4.5.2.dll
1>                  AssetType=runtime
1>                  CopyLocal=true
1>                  DestinationSubPath=C1.WPF.4.5.2.dll
1>                  NuGetPackageId=C1.Xaml.WPF
1>                  NuGetPackageVersion=4.5.20213.749
1>                  PathInPackage=lib/netcoreapp3.0/C1.WPF.4.5.2.dll
1>          C:\Users\hansnguyen\.nuget\packages\c1.xaml.wpf.datetimeeditors\4.5.20213.749\lib\netcoreapp3.0\C1.WPF.DateTimeEditors.4.5.2.dll
1>                  AssetType=runtime
1>                  CopyLocal=true
1>                  DestinationSubPath=C1.WPF.DateTimeEditors.4.5.2.dll
1>                  NuGetPackageId=C1.Xaml.WPF.DateTimeEditors
1>                  NuGetPackageVersion=4.5.20213.749
1>                  PathInPackage=lib/netcoreapp3.0/C1.WPF.DateTimeEditors.4.5.2.dll
1>          C:\Users\hansnguyen\.nuget\packages\c1.xaml.wpf.flexgrid\4.5.20213.749\lib\netcoreapp3.0\C1.WPF.FlexGrid.4.5.2.dll
1>                  AssetType=runtime
1>                  CopyLocal=true
1>                  DestinationSubPath=C1.WPF.FlexGrid.4.5.2.dll
1>                  NuGetPackageId=C1.Xaml.WPF.FlexGrid
1>                  NuGetPackageVersion=4.5.20213.749
1>                  PathInPackage=lib/netcoreapp3.0/C1.WPF.FlexGrid.4.5.2.dll
1>          C:\Users\hansnguyen\.nuget\packages\c1.xaml.wpf.flexgrid.grouppanel\4.5.20213.749\lib\netcoreapp3.0\C1.WPF.FlexGrid.GroupPanel.4.5.2.dll
1>                  AssetType=runtime
1>                  CopyLocal=true
1>                  DestinationSubPath=C1.WPF.FlexGrid.GroupPanel.4.5.2.dll
1>                  NuGetPackageId=C1.Xaml.WPF.FlexGrid.GroupPanel
1>                  NuGetPackageVersion=4.5.20213.749
1>                  PathInPackage=lib/netcoreapp3.0/C1.WPF.FlexGrid.GroupPanel.4.5.2.dll
1>          C:\Users\hansnguyen\.nuget\packages\c1.xaml.wpf.flexgridfilter\4.5.20213.749\lib\netcoreapp3.0\C1.WPF.FlexGridFilter.4.5.2.dll
1>                  AssetType=runtime
1>                  CopyLocal=true
1>                  DestinationSubPath=C1.WPF.FlexGridFilter.4.5.2.dll
1>                  NuGetPackageId=C1.Xaml.WPF.FlexGridFilter
1>                  NuGetPackageVersion=4.5.20213.749
1>                  PathInPackage=lib/netcoreapp3.0/C1.WPF.FlexGridFilter.4.5.2.dll
1>          C:\Users\hansnguyen\.nuget\packages\c1.xaml.wpf.toolbar\4.5.20213.749\lib\netcoreapp3.0\C1.WPF.Toolbar.4.5.2.dll
1>                  AssetType=runtime
1>                  CopyLocal=true
1>                  DestinationSubPath=C1.WPF.Toolbar.4.5.2.dll
1>                  NuGetPackageId=C1.Xaml.WPF.Toolbar
1>                  NuGetPackageVersion=4.5.20213.749
1>                  PathInPackage=lib/netcoreapp3.0/C1.WPF.Toolbar.4.5.2.dll
1>          C:\Users\hansnguyen\.nuget\packages\c1.xaml.wpf\4.5.20213.749\lib\netcoreapp3.0\ar\C1.WPF.4.5.2.resources.dll
1>                  AssetType=resources
1>                  CopyLocal=true
1>                  Culture=ar
1>                  DestinationSubDirectory=ar\
1>                  DestinationSubPath=ar\C1.WPF.4.5.2.resources.dll
1>                  NuGetPackageId=C1.Xaml.WPF
1>                  NuGetPackageVersion=4.5.20213.749
1>                  PathInPackage=lib/netcoreapp3.0/ar/C1.WPF.4.5.2.resources.dll
1>          C:\Users\hansnguyen\.nuget\packages\c1.xaml.wpf\4.5.20213.749\lib\netcoreapp3.0\cs\C1.WPF.4.5.2.resources.dll
1>                  AssetType=resources
1>                  CopyLocal=true
1>                  Culture=cs
1>                  DestinationSubDirectory=cs\
1>                  DestinationSubPath=cs\C1.WPF.4.5.2.resources.dll
1>                  NuGetPackageId=C1.Xaml.WPF
1>                  NuGetPackageVersion=4.5.20213.749
1>                  PathInPackage=lib/netcoreapp3.0/cs/C1.WPF.4.5.2.resources.dll
1>          C:\Users\hansnguyen\.nuget\packages\c1.xaml.wpf\4.5.20213.749\lib\netcoreapp3.0\da\C1.WPF.4.5.2.resources.dll
1>                  AssetType=resources
1>                  CopyLocal=true
1>                  Culture=da
1>                  DestinationSubDirectory=da\
1>                  DestinationSubPath=da\C1.WPF.4.5.2.resources.dll
1>                  NuGetPackageId=C1.Xaml.WPF
1>                  NuGetPackageVersion=4.5.20213.749
1>                  PathInPackage=lib/netcoreapp3.0/da/C1.WPF.4.5.2.resources.dll
1>          C:\Users\hansnguyen\.nuget\packages\c1.xaml.wpf\4.5.20213.749\lib\netcoreapp3.0\de\C1.WPF.4.5.2.resources.dll
1>                  AssetType=resources
1>                  CopyLocal=true
1>                  Culture=de
1>                  DestinationSubDirectory=de\
1>                  DestinationSubPath=de\C1.WPF.4.5.2.resources.dll
1>                  NuGetPackageId=C1.Xaml.WPF
1>                  NuGetPackageVersion=4.5.20213.749
1>                  PathInPackage=lib/netcoreapp3.0/de/C1.WPF.4.5.2.resources.dll
1>          C:\Users\hansnguyen\.nuget\packages\c1.xaml.wpf\4.5.20213.749\lib\netcoreapp3.0\el\C1.WPF.4.5.2.resources.dll
1>                  AssetType=resources
1>                  CopyLocal=true
1>                  Culture=el
1>                  DestinationSubDirectory=el\
1>                  DestinationSubPath=el\C1.WPF.4.5.2.resources.dll
1>                  NuGetPackageId=C1.Xaml.WPF
1>                  NuGetPackageVersion=4.5.20213.749
1>                  PathInPackage=lib/netcoreapp3.0/el/C1.WPF.4.5.2.resources.dll
1>          C:\Users\hansnguyen\.nuget\packages\c1.xaml.wpf\4.5.20213.749\lib\netcoreapp3.0\es\C1.WPF.4.5.2.resources.dll
1>                  AssetType=resources
1>                  CopyLocal=true
1>                  Culture=es
1>                  DestinationSubDirectory=es\
1>                  DestinationSubPath=es\C1.WPF.4.5.2.resources.dll
1>                  NuGetPackageId=C1.Xaml.WPF
1>                  NuGetPackageVersion=4.5.20213.749
1>                  PathInPackage=lib/netcoreapp3.0/es/C1.WPF.4.5.2.resources.dll
1>          C:\Users\hansnguyen\.nuget\packages\c1.xaml.wpf\4.5.20213.749\lib\netcoreapp3.0\fi\C1.WPF.4.5.2.resources.dll
1>                  AssetType=resources
1>                  CopyLocal=true
1>                  Culture=fi
1>                  DestinationSubDirectory=fi\
1>                  DestinationSubPath=fi\C1.WPF.4.5.2.resources.dll
1>                  NuGetPackageId=C1.Xaml.WPF
1>                  NuGetPackageVersion=4.5.20213.749
1>                  PathInPackage=lib/netcoreapp3.0/fi/C1.WPF.4.5.2.resources.dll
1>          C:\Users\hansnguyen\.nuget\packages\c1.xaml.wpf\4.5.20213.749\lib\netcoreapp3.0\fr\C1.WPF.4.5.2.resources.dll
1>                  AssetType=resources
1>                  CopyLocal=true
1>                  Culture=fr
1>                  DestinationSubDirectory=fr\
1>                  DestinationSubPath=fr\C1.WPF.4.5.2.resources.dll
1>                  NuGetPackageId=C1.Xaml.WPF
1>                  NuGetPackageVersion=4.5.20213.749
1>                  PathInPackage=lib/netcoreapp3.0/fr/C1.WPF.4.5.2.resources.dll
1>          C:\Users\hansnguyen\.nuget\packages\c1.xaml.wpf\4.5.20213.749\lib\netcoreapp3.0\he\C1.WPF.4.5.2.resources.dll
1>                  AssetType=resources
1>                  CopyLocal=true
1>                  Culture=he
1>                  DestinationSubDirectory=he\
1>                  DestinationSubPath=he\C1.WPF.4.5.2.resources.dll
1>                  NuGetPackageId=C1.Xaml.WPF
1>                  NuGetPackageVersion=4.5.20213.749
1>                  PathInPackage=lib/netcoreapp3.0/he/C1.WPF.4.5.2.resources.dll
1>          C:\Users\hansnguyen\.nuget\packages\c1.xaml.wpf\4.5.20213.749\lib\netcoreapp3.0\it\C1.WPF.4.5.2.resources.dll
1>                  AssetType=resources
1>                  CopyLocal=true
1>                  Culture=it
1>                  DestinationSubDirectory=it\
1>                  DestinationSubPath=it\C1.WPF.4.5.2.resources.dll
1>                  NuGetPackageId=C1.Xaml.WPF
1>                  NuGetPackageVersion=4.5.20213.749
1>                  PathInPackage=lib/netcoreapp3.0/it/C1.WPF.4.5.2.resources.dll
1>          C:\Users\hansnguyen\.nuget\packages\c1.xaml.wpf\4.5.20213.749\lib\netcoreapp3.0\ja\C1.WPF.4.5.2.resources.dll
1>                  AssetType=resources
1>                  CopyLocal=true
1>                  Culture=ja
1>                  DestinationSubDirectory=ja\
1>                  DestinationSubPath=ja\C1.WPF.4.5.2.resources.dll
1>                  NuGetPackageId=C1.Xaml.WPF
1>                  NuGetPackageVersion=4.5.20213.749
1>                  PathInPackage=lib/netcoreapp3.0/ja/C1.WPF.4.5.2.resources.dll
1>          C:\Users\hansnguyen\.nuget\packages\c1.xaml.wpf\4.5.20213.749\lib\netcoreapp3.0\ko\C1.WPF.4.5.2.resources.dll
1>                  AssetType=resources
1>                  CopyLocal=true
1>                  Culture=ko
1>                  DestinationSubDirectory=ko\
1>                  DestinationSubPath=ko\C1.WPF.4.5.2.resources.dll
1>                  NuGetPackageId=C1.Xaml.WPF
1>                  NuGetPackageVersion=4.5.20213.749
1>                  PathInPackage=lib/netcoreapp3.0/ko/C1.WPF.4.5.2.resources.dll
1>          C:\Users\hansnguyen\.nuget\packages\c1.xaml.wpf\4.5.20213.749\lib\netcoreapp3.0\nl\C1.WPF.4.5.2.resources.dll
1>                  AssetType=resources
1>                  CopyLocal=true
1>                  Culture=nl
1>                  DestinationSubDirectory=nl\
1>                  DestinationSubPath=nl\C1.WPF.4.5.2.resources.dll
1>                  NuGetPackageId=C1.Xaml.WPF
1>                  NuGetPackageVersion=4.5.20213.749
1>                  PathInPackage=lib/netcoreapp3.0/nl/C1.WPF.4.5.2.resources.dll
1>          C:\Users\hansnguyen\.nuget\packages\c1.xaml.wpf\4.5.20213.749\lib\netcoreapp3.0\no\C1.WPF.4.5.2.resources.dll
1>                  AssetType=resources
1>                  CopyLocal=true
1>                  Culture=no
1>                  DestinationSubDirectory=no\
1>                  DestinationSubPath=no\C1.WPF.4.5.2.resources.dll
1>                  NuGetPackageId=C1.Xaml.WPF
1>                  NuGetPackageVersion=4.5.20213.749
1>                  PathInPackage=lib/netcoreapp3.0/no/C1.WPF.4.5.2.resources.dll
1>          C:\Users\hansnguyen\.nuget\packages\c1.xaml.wpf\4.5.20213.749\lib\netcoreapp3.0\pl\C1.WPF.4.5.2.resources.dll
1>                  AssetType=resources
1>                  CopyLocal=true
1>                  Culture=pl
1>                  DestinationSubDirectory=pl\
1>                  DestinationSubPath=pl\C1.WPF.4.5.2.resources.dll
1>                  NuGetPackageId=C1.Xaml.WPF
1>                  NuGetPackageVersion=4.5.20213.749
1>                  PathInPackage=lib/netcoreapp3.0/pl/C1.WPF.4.5.2.resources.dll
1>          C:\Users\hansnguyen\.nuget\packages\c1.xaml.wpf\4.5.20213.749\lib\netcoreapp3.0\pt\C1.WPF.4.5.2.resources.dll
1>                  AssetType=resources
1>                  CopyLocal=true
1>                  Culture=pt
1>                  DestinationSubDirectory=pt\
1>                  DestinationSubPath=pt\C1.WPF.4.5.2.resources.dll
1>                  NuGetPackageId=C1.Xaml.WPF
1>                  NuGetPackageVersion=4.5.20213.749
1>                  PathInPackage=lib/netcoreapp3.0/pt/C1.WPF.4.5.2.resources.dll
1>          C:\Users\hansnguyen\.nuget\packages\c1.xaml.wpf\4.5.20213.749\lib\netcoreapp3.0\ro\C1.WPF.4.5.2.resources.dll
1>                  AssetType=resources
1>                  CopyLocal=true
1>                  Culture=ro
1>                  DestinationSubDirectory=ro\
1>                  DestinationSubPath=ro\C1.WPF.4.5.2.resources.dll
1>                  NuGetPackageId=C1.Xaml.WPF
1>                  NuGetPackageVersion=4.5.20213.749
1>                  PathInPackage=lib/netcoreapp3.0/ro/C1.WPF.4.5.2.resources.dll
1>          C:\Users\hansnguyen\.nuget\packages\c1.xaml.wpf\4.5.20213.749\lib\netcoreapp3.0\ru\C1.WPF.4.5.2.resources.dll
1>                  AssetType=resources
1>                  CopyLocal=true
1>                  Culture=ru
1>                  DestinationSubDirectory=ru\
1>                  DestinationSubPath=ru\C1.WPF.4.5.2.resources.dll
1>                  NuGetPackageId=C1.Xaml.WPF
1>                  NuGetPackageVersion=4.5.20213.749
1>                  PathInPackage=lib/netcoreapp3.0/ru/C1.WPF.4.5.2.resources.dll
1>          C:\Users\hansnguyen\.nuget\packages\c1.xaml.wpf\4.5.20213.749\lib\netcoreapp3.0\sk\C1.WPF.4.5.2.resources.dll
1>                  AssetType=resources
1>                  CopyLocal=true
1>                  Culture=sk
1>                  DestinationSubDirectory=sk\
1>                  DestinationSubPath=sk\C1.WPF.4.5.2.resources.dll
1>                  NuGetPackageId=C1.Xaml.WPF
1>                  NuGetPackageVersion=4.5.20213.749
1>                  PathInPackage=lib/netcoreapp3.0/sk/C1.WPF.4.5.2.resources.dll
1>          C:\Users\hansnguyen\.nuget\packages\c1.xaml.wpf\4.5.20213.749\lib\netcoreapp3.0\sv\C1.WPF.4.5.2.resources.dll
1>                  AssetType=resources
1>                  CopyLocal=true
1>                  Culture=sv
1>                  DestinationSubDirectory=sv\
1>                  DestinationSubPath=sv\C1.WPF.4.5.2.resources.dll
1>                  NuGetPackageId=C1.Xaml.WPF
1>                  NuGetPackageVersion=4.5.20213.749
1>                  PathInPackage=lib/netcoreapp3.0/sv/C1.WPF.4.5.2.resources.dll
1>          C:\Users\hansnguyen\.nuget\packages\c1.xaml.wpf\4.5.20213.749\lib\netcoreapp3.0\tr\C1.WPF.4.5.2.resources.dll
1>                  AssetType=resources
1>                  CopyLocal=true
1>                  Culture=tr
1>                  DestinationSubDirectory=tr\
1>                  DestinationSubPath=tr\C1.WPF.4.5.2.resources.dll
1>                  NuGetPackageId=C1.Xaml.WPF
1>                  NuGetPackageVersion=4.5.20213.749
1>                  PathInPackage=lib/netcoreapp3.0/tr/C1.WPF.4.5.2.resources.dll
1>          C:\Users\hansnguyen\.nuget\packages\c1.xaml.wpf\4.5.20213.749\lib\netcoreapp3.0\zh-Hans\C1.WPF.4.5.2.resources.dll
1>                  AssetType=resources
1>                  CopyLocal=true
1>                  Culture=zh-Hans
1>                  DestinationSubDirectory=zh-Hans\
1>                  DestinationSubPath=zh-Hans\C1.WPF.4.5.2.resources.dll
1>                  NuGetPackageId=C1.Xaml.WPF
1>                  NuGetPackageVersion=4.5.20213.749
1>                  PathInPackage=lib/netcoreapp3.0/zh-Hans/C1.WPF.4.5.2.resources.dll
1>          C:\Users\hansnguyen\.nuget\packages\c1.xaml.wpf\4.5.20213.749\lib\netcoreapp3.0\zh-Hant\C1.WPF.4.5.2.resources.dll
1>                  AssetType=resources
1>                  CopyLocal=true
1>                  Culture=zh-Hant
1>                  DestinationSubDirectory=zh-Hant\
1>                  DestinationSubPath=zh-Hant\C1.WPF.4.5.2.resources.dll
1>                  NuGetPackageId=C1.Xaml.WPF
1>                  NuGetPackageVersion=4.5.20213.749
1>                  PathInPackage=lib/netcoreapp3.0/zh-Hant/C1.WPF.4.5.2.resources.dll
1>          C:\Users\hansnguyen\.nuget\packages\c1.xaml.wpf\4.5.20213.749\lib\netcoreapp3.0\zh\C1.WPF.4.5.2.resources.dll
1>                  AssetType=resources
1>                  CopyLocal=true
1>                  Culture=zh
1>                  DestinationSubDirectory=zh\
1>                  DestinationSubPath=zh\C1.WPF.4.5.2.resources.dll
1>                  NuGetPackageId=C1.Xaml.WPF
1>                  NuGetPackageVersion=4.5.20213.749
1>                  PathInPackage=lib/netcoreapp3.0/zh/C1.WPF.4.5.2.resources.dll
1>          C:\Users\hansnguyen\.nuget\packages\c1.xaml.wpf.flexgrid.grouppanel\4.5.20213.749\lib\netcoreapp3.0\ar\C1.WPF.FlexGrid.GroupPanel.4.5.2.resources.dll
1>                  AssetType=resources
1>                  CopyLocal=true
1>                  Culture=ar
1>                  DestinationSubDirectory=ar\
1>                  DestinationSubPath=ar\C1.WPF.FlexGrid.GroupPanel.4.5.2.resources.dll
1>                  NuGetPackageId=C1.Xaml.WPF.FlexGrid.GroupPanel
1>                  NuGetPackageVersion=4.5.20213.749
1>                  PathInPackage=lib/netcoreapp3.0/ar/C1.WPF.FlexGrid.GroupPanel.4.5.2.resources.dll
1>          C:\Users\hansnguyen\.nuget\packages\c1.xaml.wpf.flexgrid.grouppanel\4.5.20213.749\lib\netcoreapp3.0\cs\C1.WPF.FlexGrid.GroupPanel.4.5.2.resources.dll
1>                  AssetType=resources
1>                  CopyLocal=true
1>                  Culture=cs
1>                  DestinationSubDirectory=cs\
1>                  DestinationSubPath=cs\C1.WPF.FlexGrid.GroupPanel.4.5.2.resources.dll
1>                  NuGetPackageId=C1.Xaml.WPF.FlexGrid.GroupPanel
1>                  NuGetPackageVersion=4.5.20213.749
1>                  PathInPackage=lib/netcoreapp3.0/cs/C1.WPF.FlexGrid.GroupPanel.4.5.2.resources.dll
1>          C:\Users\hansnguyen\.nuget\packages\c1.xaml.wpf.flexgrid.grouppanel\4.5.20213.749\lib\netcoreapp3.0\da\C1.WPF.FlexGrid.GroupPanel.4.5.2.resources.dll
1>                  AssetType=resources
1>                  CopyLocal=true
1>                  Culture=da
1>                  DestinationSubDirectory=da\
1>                  DestinationSubPath=da\C1.WPF.FlexGrid.GroupPanel.4.5.2.resources.dll
1>                  NuGetPackageId=C1.Xaml.WPF.FlexGrid.GroupPanel
1>                  NuGetPackageVersion=4.5.20213.749
1>                  PathInPackage=lib/netcoreapp3.0/da/C1.WPF.FlexGrid.GroupPanel.4.5.2.resources.dll
1>          C:\Users\hansnguyen\.nuget\packages\c1.xaml.wpf.flexgrid.grouppanel\4.5.20213.749\lib\netcoreapp3.0\de\C1.WPF.FlexGrid.GroupPanel.4.5.2.resources.dll
1>                  AssetType=resources
1>                  CopyLocal=true
1>                  Culture=de
1>                  DestinationSubDirectory=de\
1>                  DestinationSubPath=de\C1.WPF.FlexGrid.GroupPanel.4.5.2.resources.dll
1>                  NuGetPackageId=C1.Xaml.WPF.FlexGrid.GroupPanel
1>                  NuGetPackageVersion=4.5.20213.749
1>                  PathInPackage=lib/netcoreapp3.0/de/C1.WPF.FlexGrid.GroupPanel.4.5.2.resources.dll
1>          C:\Users\hansnguyen\.nuget\packages\c1.xaml.wpf.flexgrid.grouppanel\4.5.20213.749\lib\netcoreapp3.0\el\C1.WPF.FlexGrid.GroupPanel.4.5.2.resources.dll
1>                  AssetType=resources
1>                  CopyLocal=true
1>                  Culture=el
1>                  DestinationSubDirectory=el\
1>                  DestinationSubPath=el\C1.WPF.FlexGrid.GroupPanel.4.5.2.resources.dll
1>                  NuGetPackageId=C1.Xaml.WPF.FlexGrid.GroupPanel
1>                  NuGetPackageVersion=4.5.20213.749
1>                  PathInPackage=lib/netcoreapp3.0/el/C1.WPF.FlexGrid.GroupPanel.4.5.2.resources.dll
1>          C:\Users\hansnguyen\.nuget\packages\c1.xaml.wpf.flexgrid.grouppanel\4.5.20213.749\lib\netcoreapp3.0\es\C1.WPF.FlexGrid.GroupPanel.4.5.2.resources.dll
1>                  AssetType=resources
1>                  CopyLocal=true
1>                  Culture=es
1>                  DestinationSubDirectory=es\
1>                  DestinationSubPath=es\C1.WPF.FlexGrid.GroupPanel.4.5.2.resources.dll
1>                  NuGetPackageId=C1.Xaml.WPF.FlexGrid.GroupPanel
1>                  NuGetPackageVersion=4.5.20213.749
1>                  PathInPackage=lib/netcoreapp3.0/es/C1.WPF.FlexGrid.GroupPanel.4.5.2.resources.dll
1>          C:\Users\hansnguyen\.nuget\packages\c1.xaml.wpf.flexgrid.grouppanel\4.5.20213.749\lib\netcoreapp3.0\fi\C1.WPF.FlexGrid.GroupPanel.4.5.2.resources.dll
1>                  AssetType=resources
1>                  CopyLocal=true
1>                  Culture=fi
1>                  DestinationSubDirectory=fi\
1>                  DestinationSubPath=fi\C1.WPF.FlexGrid.GroupPanel.4.5.2.resources.dll
1>                  NuGetPackageId=C1.Xaml.WPF.FlexGrid.GroupPanel
1>                  NuGetPackageVersion=4.5.20213.749
1>                  PathInPackage=lib/netcoreapp3.0/fi/C1.WPF.FlexGrid.GroupPanel.4.5.2.resources.dll
1>          C:\Users\hansnguyen\.nuget\packages\c1.xaml.wpf.flexgrid.grouppanel\4.5.20213.749\lib\netcoreapp3.0\fr\C1.WPF.FlexGrid.GroupPanel.4.5.2.resources.dll
1>                  AssetType=resources
1>                  CopyLocal=true
1>                  Culture=fr
1>                  DestinationSubDirectory=fr\
1>                  DestinationSubPath=fr\C1.WPF.FlexGrid.GroupPanel.4.5.2.resources.dll
1>                  NuGetPackageId=C1.Xaml.WPF.FlexGrid.GroupPanel
1>                  NuGetPackageVersion=4.5.20213.749
1>                  PathInPackage=lib/netcoreapp3.0/fr/C1.WPF.FlexGrid.GroupPanel.4.5.2.resources.dll
1>          C:\Users\hansnguyen\.nuget\packages\c1.xaml.wpf.flexgrid.grouppanel\4.5.20213.749\lib\netcoreapp3.0\he\C1.WPF.FlexGrid.GroupPanel.4.5.2.resources.dll
1>                  AssetType=resources
1>                  CopyLocal=true
1>                  Culture=he
1>                  DestinationSubDirectory=he\
1>                  DestinationSubPath=he\C1.WPF.FlexGrid.GroupPanel.4.5.2.resources.dll
1>                  NuGetPackageId=C1.Xaml.WPF.FlexGrid.GroupPanel
1>                  NuGetPackageVersion=4.5.20213.749
1>                  PathInPackage=lib/netcoreapp3.0/he/C1.WPF.FlexGrid.GroupPanel.4.5.2.resources.dll
1>          C:\Users\hansnguyen\.nuget\packages\c1.xaml.wpf.flexgrid.grouppanel\4.5.20213.749\lib\netcoreapp3.0\hi\C1.WPF.FlexGrid.GroupPanel.4.5.2.resources.dll
1>                  AssetType=resources
1>                  CopyLocal=true
1>                  Culture=hi
1>                  DestinationSubDirectory=hi\
1>                  DestinationSubPath=hi\C1.WPF.FlexGrid.GroupPanel.4.5.2.resources.dll
1>                  NuGetPackageId=C1.Xaml.WPF.FlexGrid.GroupPanel
1>                  NuGetPackageVersion=4.5.20213.749
1>                  PathInPackage=lib/netcoreapp3.0/hi/C1.WPF.FlexGrid.GroupPanel.4.5.2.resources.dll
1>          C:\Users\hansnguyen\.nuget\packages\c1.xaml.wpf.flexgrid.grouppanel\4.5.20213.749\lib\netcoreapp3.0\it\C1.WPF.FlexGrid.GroupPanel.4.5.2.resources.dll
1>                  AssetType=resources
1>                  CopyLocal=true
1>                  Culture=it
1>                  DestinationSubDirectory=it\
1>                  DestinationSubPath=it\C1.WPF.FlexGrid.GroupPanel.4.5.2.resources.dll
1>                  NuGetPackageId=C1.Xaml.WPF.FlexGrid.GroupPanel
1>                  NuGetPackageVersion=4.5.20213.749
1>                  PathInPackage=lib/netcoreapp3.0/it/C1.WPF.FlexGrid.GroupPanel.4.5.2.resources.dll
1>          C:\Users\hansnguyen\.nuget\packages\c1.xaml.wpf.flexgrid.grouppanel\4.5.20213.749\lib\netcoreapp3.0\ja\C1.WPF.FlexGrid.GroupPanel.4.5.2.resources.dll
1>                  AssetType=resources
1>                  CopyLocal=true
1>                  Culture=ja
1>                  DestinationSubDirectory=ja\
1>                  DestinationSubPath=ja\C1.WPF.FlexGrid.GroupPanel.4.5.2.resources.dll
1>                  NuGetPackageId=C1.Xaml.WPF.FlexGrid.GroupPanel
1>                  NuGetPackageVersion=4.5.20213.749
1>                  PathInPackage=lib/netcoreapp3.0/ja/C1.WPF.FlexGrid.GroupPanel.4.5.2.resources.dll
1>          C:\Users\hansnguyen\.nuget\packages\c1.xaml.wpf.flexgrid.grouppanel\4.5.20213.749\lib\netcoreapp3.0\ko\C1.WPF.FlexGrid.GroupPanel.4.5.2.resources.dll
1>                  AssetType=resources
1>                  CopyLocal=true
1>                  Culture=ko
1>                  DestinationSubDirectory=ko\
1>                  DestinationSubPath=ko\C1.WPF.FlexGrid.GroupPanel.4.5.2.resources.dll
1>                  NuGetPackageId=C1.Xaml.WPF.FlexGrid.GroupPanel
1>                  NuGetPackageVersion=4.5.20213.749
1>                  PathInPackage=lib/netcoreapp3.0/ko/C1.WPF.FlexGrid.GroupPanel.4.5.2.resources.dll
1>          C:\Users\hansnguyen\.nuget\packages\c1.xaml.wpf.flexgrid.grouppanel\4.5.20213.749\lib\netcoreapp3.0\nl\C1.WPF.FlexGrid.GroupPanel.4.5.2.resources.dll
1>                  AssetType=resources
1>                  CopyLocal=true
1>                  Culture=nl
1>                  DestinationSubDirectory=nl\
1>                  DestinationSubPath=nl\C1.WPF.FlexGrid.GroupPanel.4.5.2.resources.dll
1>                  NuGetPackageId=C1.Xaml.WPF.FlexGrid.GroupPanel
1>                  NuGetPackageVersion=4.5.20213.749
1>                  PathInPackage=lib/netcoreapp3.0/nl/C1.WPF.FlexGrid.GroupPanel.4.5.2.resources.dll
1>          C:\Users\hansnguyen\.nuget\packages\c1.xaml.wpf.flexgrid.grouppanel\4.5.20213.749\lib\netcoreapp3.0\no\C1.WPF.FlexGrid.GroupPanel.4.5.2.resources.dll
1>                  AssetType=resources
1>                  CopyLocal=true
1>                  Culture=no
1>                  DestinationSubDirectory=no\
1>                  DestinationSubPath=no\C1.WPF.FlexGrid.GroupPanel.4.5.2.resources.dll
1>                  NuGetPackageId=C1.Xaml.WPF.FlexGrid.GroupPanel
1>                  NuGetPackageVersion=4.5.20213.749
1>                  PathInPackage=lib/netcoreapp3.0/no/C1.WPF.FlexGrid.GroupPanel.4.5.2.resources.dll
1>          C:\Users\hansnguyen\.nuget\packages\c1.xaml.wpf.flexgrid.grouppanel\4.5.20213.749\lib\netcoreapp3.0\pl\C1.WPF.FlexGrid.GroupPanel.4.5.2.resources.dll
1>                  AssetType=resources
1>                  CopyLocal=true
1>                  Culture=pl
1>                  DestinationSubDirectory=pl\
1>                  DestinationSubPath=pl\C1.WPF.FlexGrid.GroupPanel.4.5.2.resources.dll
1>                  NuGetPackageId=C1.Xaml.WPF.FlexGrid.GroupPanel
1>                  NuGetPackageVersion=4.5.20213.749
1>                  PathInPackage=lib/netcoreapp3.0/pl/C1.WPF.FlexGrid.GroupPanel.4.5.2.resources.dll
1>          C:\Users\hansnguyen\.nuget\packages\c1.xaml.wpf.flexgrid.grouppanel\4.5.20213.749\lib\netcoreapp3.0\pt\C1.WPF.FlexGrid.GroupPanel.4.5.2.resources.dll
1>                  AssetType=resources
1>                  CopyLocal=true
1>                  Culture=pt
1>                  DestinationSubDirectory=pt\
1>                  DestinationSubPath=pt\C1.WPF.FlexGrid.GroupPanel.4.5.2.resources.dll
1>                  NuGetPackageId=C1.Xaml.WPF.FlexGrid.GroupPanel
1>                  NuGetPackageVersion=4.5.20213.749
1>                  PathInPackage=lib/netcoreapp3.0/pt/C1.WPF.FlexGrid.GroupPanel.4.5.2.resources.dll
1>          C:\Users\hansnguyen\.nuget\packages\c1.xaml.wpf.flexgrid.grouppanel\4.5.20213.749\lib\netcoreapp3.0\ro\C1.WPF.FlexGrid.GroupPanel.4.5.2.resources.dll
1>                  AssetType=resources
1>                  CopyLocal=true
1>                  Culture=ro
1>                  DestinationSubDirectory=ro\
1>                  DestinationSubPath=ro\C1.WPF.FlexGrid.GroupPanel.4.5.2.resources.dll
1>                  NuGetPackageId=C1.Xaml.WPF.FlexGrid.GroupPanel
1>                  NuGetPackageVersion=4.5.20213.749
1>                  PathInPackage=lib/netcoreapp3.0/ro/C1.WPF.FlexGrid.GroupPanel.4.5.2.resources.dll
1>          C:\Users\hansnguyen\.nuget\packages\c1.xaml.wpf.flexgrid.grouppanel\4.5.20213.749\lib\netcoreapp3.0\ru\C1.WPF.FlexGrid.GroupPanel.4.5.2.resources.dll
1>                  AssetType=resources
1>                  CopyLocal=true
1>                  Culture=ru
1>                  DestinationSubDirectory=ru\
1>                  DestinationSubPath=ru\C1.WPF.FlexGrid.GroupPanel.4.5.2.resources.dll
1>                  NuGetPackageId=C1.Xaml.WPF.FlexGrid.GroupPanel
1>                  NuGetPackageVersion=4.5.20213.749
1>                  PathInPackage=lib/netcoreapp3.0/ru/C1.WPF.FlexGrid.GroupPanel.4.5.2.resources.dll
1>          C:\Users\hansnguyen\.nuget\packages\c1.xaml.wpf.flexgrid.grouppanel\4.5.20213.749\lib\netcoreapp3.0\sk\C1.WPF.FlexGrid.GroupPanel.4.5.2.resources.dll
1>                  AssetType=resources
1>                  CopyLocal=true
1>                  Culture=sk
1>                  DestinationSubDirectory=sk\
1>                  DestinationSubPath=sk\C1.WPF.FlexGrid.GroupPanel.4.5.2.resources.dll
1>                  NuGetPackageId=C1.Xaml.WPF.FlexGrid.GroupPanel
1>                  NuGetPackageVersion=4.5.20213.749
1>                  PathInPackage=lib/netcoreapp3.0/sk/C1.WPF.FlexGrid.GroupPanel.4.5.2.resources.dll
1>          C:\Users\hansnguyen\.nuget\packages\c1.xaml.wpf.flexgrid.grouppanel\4.5.20213.749\lib\netcoreapp3.0\sv\C1.WPF.FlexGrid.GroupPanel.4.5.2.resources.dll
1>                  AssetType=resources
1>                  CopyLocal=true
1>                  Culture=sv
1>                  DestinationSubDirectory=sv\
1>                  DestinationSubPath=sv\C1.WPF.FlexGrid.GroupPanel.4.5.2.resources.dll
1>                  NuGetPackageId=C1.Xaml.WPF.FlexGrid.GroupPanel
1>                  NuGetPackageVersion=4.5.20213.749
1>                  PathInPackage=lib/netcoreapp3.0/sv/C1.WPF.FlexGrid.GroupPanel.4.5.2.resources.dll
1>          C:\Users\hansnguyen\.nuget\packages\c1.xaml.wpf.flexgrid.grouppanel\4.5.20213.749\lib\netcoreapp3.0\tr\C1.WPF.FlexGrid.GroupPanel.4.5.2.resources.dll
1>                  AssetType=resources
1>                  CopyLocal=true
1>                  Culture=tr
1>                  DestinationSubDirectory=tr\
1>                  DestinationSubPath=tr\C1.WPF.FlexGrid.GroupPanel.4.5.2.resources.dll
1>                  NuGetPackageId=C1.Xaml.WPF.FlexGrid.GroupPanel
1>                  NuGetPackageVersion=4.5.20213.749
1>                  PathInPackage=lib/netcoreapp3.0/tr/C1.WPF.FlexGrid.GroupPanel.4.5.2.resources.dll
1>          C:\Users\hansnguyen\.nuget\packages\c1.xaml.wpf.flexgrid.grouppanel\4.5.20213.749\lib\netcoreapp3.0\zh-Hans\C1.WPF.FlexGrid.GroupPanel.4.5.2.resources.dll
1>                  AssetType=resources
1>                  CopyLocal=true
1>                  Culture=zh-Hans
1>                  DestinationSubDirectory=zh-Hans\
1>                  DestinationSubPath=zh-Hans\C1.WPF.FlexGrid.GroupPanel.4.5.2.resources.dll
1>                  NuGetPackageId=C1.Xaml.WPF.FlexGrid.GroupPanel
1>                  NuGetPackageVersion=4.5.20213.749
1>                  PathInPackage=lib/netcoreapp3.0/zh-Hans/C1.WPF.FlexGrid.GroupPanel.4.5.2.resources.dll
1>          C:\Users\hansnguyen\.nuget\packages\c1.xaml.wpf.flexgrid.grouppanel\4.5.20213.749\lib\netcoreapp3.0\zh-Hant\C1.WPF.FlexGrid.GroupPanel.4.5.2.resources.dll
1>                  AssetType=resources
1>                  CopyLocal=true
1>                  Culture=zh-Hant
1>                  DestinationSubDirectory=zh-Hant\
1>                  DestinationSubPath=zh-Hant\C1.WPF.FlexGrid.GroupPanel.4.5.2.resources.dll
1>                  NuGetPackageId=C1.Xaml.WPF.FlexGrid.GroupPanel
1>                  NuGetPackageVersion=4.5.20213.749
1>                  PathInPackage=lib/netcoreapp3.0/zh-Hant/C1.WPF.FlexGrid.GroupPanel.4.5.2.resources.dll
1>          C:\Users\hansnguyen\.nuget\packages\c1.xaml.wpf.flexgrid.grouppanel\4.5.20213.749\lib\netcoreapp3.0\zh\C1.WPF.FlexGrid.GroupPanel.4.5.2.resources.dll
1>                  AssetType=resources
1>                  CopyLocal=true
1>                  Culture=zh
1>                  DestinationSubDirectory=zh\
1>                  DestinationSubPath=zh\C1.WPF.FlexGrid.GroupPanel.4.5.2.resources.dll
1>                  NuGetPackageId=C1.Xaml.WPF.FlexGrid.GroupPanel
1>                  NuGetPackageVersion=4.5.20213.749
1>                  PathInPackage=lib/netcoreapp3.0/zh/C1.WPF.FlexGrid.GroupPanel.4.5.2.resources.dll
1>          C:\Users\hansnguyen\.nuget\packages\c1.xaml.wpf.flexgridfilter\4.5.20213.749\lib\netcoreapp3.0\ar\C1.WPF.FlexGridFilter.4.5.2.resources.dll
1>                  AssetType=resources
1>                  CopyLocal=true
1>                  Culture=ar
1>                  DestinationSubDirectory=ar\
1>                  DestinationSubPath=ar\C1.WPF.FlexGridFilter.4.5.2.resources.dll
1>                  NuGetPackageId=C1.Xaml.WPF.FlexGridFilter
1>                  NuGetPackageVersion=4.5.20213.749
1>                  PathInPackage=lib/netcoreapp3.0/ar/C1.WPF.FlexGridFilter.4.5.2.resources.dll
1>          C:\Users\hansnguyen\.nuget\packages\c1.xaml.wpf.flexgridfilter\4.5.20213.749\lib\netcoreapp3.0\cs\C1.WPF.FlexGridFilter.4.5.2.resources.dll
1>                  AssetType=resources
1>                  CopyLocal=true
1>                  Culture=cs
1>                  DestinationSubDirectory=cs\
1>                  DestinationSubPath=cs\C1.WPF.FlexGridFilter.4.5.2.resources.dll
1>                  NuGetPackageId=C1.Xaml.WPF.FlexGridFilter
1>                  NuGetPackageVersion=4.5.20213.749
1>                  PathInPackage=lib/netcoreapp3.0/cs/C1.WPF.FlexGridFilter.4.5.2.resources.dll
1>          C:\Users\hansnguyen\.nuget\packages\c1.xaml.wpf.flexgridfilter\4.5.20213.749\lib\netcoreapp3.0\da\C1.WPF.FlexGridFilter.4.5.2.resources.dll
1>                  AssetType=resources
1>                  CopyLocal=true
1>                  Culture=da
1>                  DestinationSubDirectory=da\
1>                  DestinationSubPath=da\C1.WPF.FlexGridFilter.4.5.2.resources.dll
1>                  NuGetPackageId=C1.Xaml.WPF.FlexGridFilter
1>                  NuGetPackageVersion=4.5.20213.749
1>                  PathInPackage=lib/netcoreapp3.0/da/C1.WPF.FlexGridFilter.4.5.2.resources.dll
1>          C:\Users\hansnguyen\.nuget\packages\c1.xaml.wpf.flexgridfilter\4.5.20213.749\lib\netcoreapp3.0\de\C1.WPF.FlexGridFilter.4.5.2.resources.dll
1>                  AssetType=resources
1>                  CopyLocal=true
1>                  Culture=de
1>                  DestinationSubDirectory=de\
1>                  DestinationSubPath=de\C1.WPF.FlexGridFilter.4.5.2.resources.dll
1>                  NuGetPackageId=C1.Xaml.WPF.FlexGridFilter
1>                  NuGetPackageVersion=4.5.20213.749
1>                  PathInPackage=lib/netcoreapp3.0/de/C1.WPF.FlexGridFilter.4.5.2.resources.dll
1>          C:\Users\hansnguyen\.nuget\packages\c1.xaml.wpf.flexgridfilter\4.5.20213.749\lib\netcoreapp3.0\el\C1.WPF.FlexGridFilter.4.5.2.resources.dll
1>                  AssetType=resources
1>                  CopyLocal=true
1>                  Culture=el
1>                  DestinationSubDirectory=el\
1>                  DestinationSubPath=el\C1.WPF.FlexGridFilter.4.5.2.resources.dll
1>                  NuGetPackageId=C1.Xaml.WPF.FlexGridFilter
1>                  NuGetPackageVersion=4.5.20213.749
1>                  PathInPackage=lib/netcoreapp3.0/el/C1.WPF.FlexGridFilter.4.5.2.resources.dll
1>          C:\Users\hansnguyen\.nuget\packages\c1.xaml.wpf.flexgridfilter\4.5.20213.749\lib\netcoreapp3.0\es\C1.WPF.FlexGridFilter.4.5.2.resources.dll
1>                  AssetType=resources
1>                  CopyLocal=true
1>                  Culture=es
1>                  DestinationSubDirectory=es\
1>                  DestinationSubPath=es\C1.WPF.FlexGridFilter.4.5.2.resources.dll
1>                  NuGetPackageId=C1.Xaml.WPF.FlexGridFilter
1>                  NuGetPackageVersion=4.5.20213.749
1>                  PathInPackage=lib/netcoreapp3.0/es/C1.WPF.FlexGridFilter.4.5.2.resources.dll
1>          C:\Users\hansnguyen\.nuget\packages\c1.xaml.wpf.flexgridfilter\4.5.20213.749\lib\netcoreapp3.0\fi\C1.WPF.FlexGridFilter.4.5.2.resources.dll
1>                  AssetType=resources
1>                  CopyLocal=true
1>                  Culture=fi
1>                  DestinationSubDirectory=fi\
1>                  DestinationSubPath=fi\C1.WPF.FlexGridFilter.4.5.2.resources.dll
1>                  NuGetPackageId=C1.Xaml.WPF.FlexGridFilter
1>                  NuGetPackageVersion=4.5.20213.749
1>                  PathInPackage=lib/netcoreapp3.0/fi/C1.WPF.FlexGridFilter.4.5.2.resources.dll
1>          C:\Users\hansnguyen\.nuget\packages\c1.xaml.wpf.flexgridfilter\4.5.20213.749\lib\netcoreapp3.0\fr\C1.WPF.FlexGridFilter.4.5.2.resources.dll
1>                  AssetType=resources
1>                  CopyLocal=true
1>                  Culture=fr
1>                  DestinationSubDirectory=fr\
1>                  DestinationSubPath=fr\C1.WPF.FlexGridFilter.4.5.2.resources.dll
1>                  NuGetPackageId=C1.Xaml.WPF.FlexGridFilter
1>                  NuGetPackageVersion=4.5.20213.749
1>                  PathInPackage=lib/netcoreapp3.0/fr/C1.WPF.FlexGridFilter.4.5.2.resources.dll
1>          C:\Users\hansnguyen\.nuget\packages\c1.xaml.wpf.flexgridfilter\4.5.20213.749\lib\netcoreapp3.0\he\C1.WPF.FlexGridFilter.4.5.2.resources.dll
1>                  AssetType=resources
1>                  CopyLocal=true
1>                  Culture=he
1>                  DestinationSubDirectory=he\
1>                  DestinationSubPath=he\C1.WPF.FlexGridFilter.4.5.2.resources.dll
1>                  NuGetPackageId=C1.Xaml.WPF.FlexGridFilter
1>                  NuGetPackageVersion=4.5.20213.749
1>                  PathInPackage=lib/netcoreapp3.0/he/C1.WPF.FlexGridFilter.4.5.2.resources.dll
1>          C:\Users\hansnguyen\.nuget\packages\c1.xaml.wpf.flexgridfilter\4.5.20213.749\lib\netcoreapp3.0\it\C1.WPF.FlexGridFilter.4.5.2.resources.dll
1>                  AssetType=resources
1>                  CopyLocal=true
1>                  Culture=it
1>                  DestinationSubDirectory=it\
1>                  DestinationSubPath=it\C1.WPF.FlexGridFilter.4.5.2.resources.dll
1>                  NuGetPackageId=C1.Xaml.WPF.FlexGridFilter
1>                  NuGetPackageVersion=4.5.20213.749
1>                  PathInPackage=lib/netcoreapp3.0/it/C1.WPF.FlexGridFilter.4.5.2.resources.dll
1>          C:\Users\hansnguyen\.nuget\packages\c1.xaml.wpf.flexgridfilter\4.5.20213.749\lib\netcoreapp3.0\ja\C1.WPF.FlexGridFilter.4.5.2.resources.dll
1>                  AssetType=resources
1>                  CopyLocal=true
1>                  Culture=ja
1>                  DestinationSubDirectory=ja\
1>                  DestinationSubPath=ja\C1.WPF.FlexGridFilter.4.5.2.resources.dll
1>                  NuGetPackageId=C1.Xaml.WPF.FlexGridFilter
1>                  NuGetPackageVersion=4.5.20213.749
1>                  PathInPackage=lib/netcoreapp3.0/ja/C1.WPF.FlexGridFilter.4.5.2.resources.dll
1>          C:\Users\hansnguyen\.nuget\packages\c1.xaml.wpf.flexgridfilter\4.5.20213.749\lib\netcoreapp3.0\ko\C1.WPF.FlexGridFilter.4.5.2.resources.dll
1>                  AssetType=resources
1>                  CopyLocal=true
1>                  Culture=ko
1>                  DestinationSubDirectory=ko\
1>                  DestinationSubPath=ko\C1.WPF.FlexGridFilter.4.5.2.resources.dll
1>                  NuGetPackageId=C1.Xaml.WPF.FlexGridFilter
1>                  NuGetPackageVersion=4.5.20213.749
1>                  PathInPackage=lib/netcoreapp3.0/ko/C1.WPF.FlexGridFilter.4.5.2.resources.dll
1>          C:\Users\hansnguyen\.nuget\packages\c1.xaml.wpf.flexgridfilter\4.5.20213.749\lib\netcoreapp3.0\nl\C1.WPF.FlexGridFilter.4.5.2.resources.dll
1>                  AssetType=resources
1>                  CopyLocal=true
1>                  Culture=nl
1>                  DestinationSubDirectory=nl\
1>                  DestinationSubPath=nl\C1.WPF.FlexGridFilter.4.5.2.resources.dll
1>                  NuGetPackageId=C1.Xaml.WPF.FlexGridFilter
1>                  NuGetPackageVersion=4.5.20213.749
1>                  PathInPackage=lib/netcoreapp3.0/nl/C1.WPF.FlexGridFilter.4.5.2.resources.dll
1>          C:\Users\hansnguyen\.nuget\packages\c1.xaml.wpf.flexgridfilter\4.5.20213.749\lib\netcoreapp3.0\no\C1.WPF.FlexGridFilter.4.5.2.resources.dll
1>                  AssetType=resources
1>                  CopyLocal=true
1>                  Culture=no
1>                  DestinationSubDirectory=no\
1>                  DestinationSubPath=no\C1.WPF.FlexGridFilter.4.5.2.resources.dll
1>                  NuGetPackageId=C1.Xaml.WPF.FlexGridFilter
1>                  NuGetPackageVersion=4.5.20213.749
1>                  PathInPackage=lib/netcoreapp3.0/no/C1.WPF.FlexGridFilter.4.5.2.resources.dll
1>          C:\Users\hansnguyen\.nuget\packages\c1.xaml.wpf.flexgridfilter\4.5.20213.749\lib\netcoreapp3.0\pl\C1.WPF.FlexGridFilter.4.5.2.resources.dll
1>                  AssetType=resources
1>                  CopyLocal=true
1>                  Culture=pl
1>                  DestinationSubDirectory=pl\
1>                  DestinationSubPath=pl\C1.WPF.FlexGridFilter.4.5.2.resources.dll
1>                  NuGetPackageId=C1.Xaml.WPF.FlexGridFilter
1>                  NuGetPackageVersion=4.5.20213.749
1>                  PathInPackage=lib/netcoreapp3.0/pl/C1.WPF.FlexGridFilter.4.5.2.resources.dll
1>          C:\Users\hansnguyen\.nuget\packages\c1.xaml.wpf.flexgridfilter\4.5.20213.749\lib\netcoreapp3.0\pt\C1.WPF.FlexGridFilter.4.5.2.resources.dll
1>                  AssetType=resources
1>                  CopyLocal=true
1>                  Culture=pt
1>                  DestinationSubDirectory=pt\
1>                  DestinationSubPath=pt\C1.WPF.FlexGridFilter.4.5.2.resources.dll
1>                  NuGetPackageId=C1.Xaml.WPF.FlexGridFilter
1>                  NuGetPackageVersion=4.5.20213.749
1>                  PathInPackage=lib/netcoreapp3.0/pt/C1.WPF.FlexGridFilter.4.5.2.resources.dll
1>          C:\Users\hansnguyen\.nuget\packages\c1.xaml.wpf.flexgridfilter\4.5.20213.749\lib\netcoreapp3.0\ro\C1.WPF.FlexGridFilter.4.5.2.resources.dll
1>                  AssetType=resources
1>                  CopyLocal=true
1>                  Culture=ro
1>                  DestinationSubDirectory=ro\
1>                  DestinationSubPath=ro\C1.WPF.FlexGridFilter.4.5.2.resources.dll
1>                  NuGetPackageId=C1.Xaml.WPF.FlexGridFilter
1>                  NuGetPackageVersion=4.5.20213.749
1>                  PathInPackage=lib/netcoreapp3.0/ro/C1.WPF.FlexGridFilter.4.5.2.resources.dll
1>          C:\Users\hansnguyen\.nuget\packages\c1.xaml.wpf.flexgridfilter\4.5.20213.749\lib\netcoreapp3.0\ru\C1.WPF.FlexGridFilter.4.5.2.resources.dll
1>                  AssetType=resources
1>                  CopyLocal=true
1>                  Culture=ru
1>                  DestinationSubDirectory=ru\
1>                  DestinationSubPath=ru\C1.WPF.FlexGridFilter.4.5.2.resources.dll
1>                  NuGetPackageId=C1.Xaml.WPF.FlexGridFilter
1>                  NuGetPackageVersion=4.5.20213.749
1>                  PathInPackage=lib/netcoreapp3.0/ru/C1.WPF.FlexGridFilter.4.5.2.resources.dll
1>          C:\Users\hansnguyen\.nuget\packages\c1.xaml.wpf.flexgridfilter\4.5.20213.749\lib\netcoreapp3.0\sk\C1.WPF.FlexGridFilter.4.5.2.resources.dll
1>                  AssetType=resources
1>                  CopyLocal=true
1>                  Culture=sk
1>                  DestinationSubDirectory=sk\
1>                  DestinationSubPath=sk\C1.WPF.FlexGridFilter.4.5.2.resources.dll
1>                  NuGetPackageId=C1.Xaml.WPF.FlexGridFilter
1>                  NuGetPackageVersion=4.5.20213.749
1>                  PathInPackage=lib/netcoreapp3.0/sk/C1.WPF.FlexGridFilter.4.5.2.resources.dll
1>          C:\Users\hansnguyen\.nuget\packages\c1.xaml.wpf.flexgridfilter\4.5.20213.749\lib\netcoreapp3.0\sv\C1.WPF.FlexGridFilter.4.5.2.resources.dll
1>                  AssetType=resources
1>                  CopyLocal=true
1>                  Culture=sv
1>                  DestinationSubDirectory=sv\
1>                  DestinationSubPath=sv\C1.WPF.FlexGridFilter.4.5.2.resources.dll
1>                  NuGetPackageId=C1.Xaml.WPF.FlexGridFilter
1>                  NuGetPackageVersion=4.5.20213.749
1>                  PathInPackage=lib/netcoreapp3.0/sv/C1.WPF.FlexGridFilter.4.5.2.resources.dll
1>          C:\Users\hansnguyen\.nuget\packages\c1.xaml.wpf.flexgridfilter\4.5.20213.749\lib\netcoreapp3.0\tr\C1.WPF.FlexGridFilter.4.5.2.resources.dll
1>                  AssetType=resources
1>                  CopyLocal=true
1>                  Culture=tr
1>                  DestinationSubDirectory=tr\
1>                  DestinationSubPath=tr\C1.WPF.FlexGridFilter.4.5.2.resources.dll
1>                  NuGetPackageId=C1.Xaml.WPF.FlexGridFilter
1>                  NuGetPackageVersion=4.5.20213.749
1>                  PathInPackage=lib/netcoreapp3.0/tr/C1.WPF.FlexGridFilter.4.5.2.resources.dll
1>          C:\Users\hansnguyen\.nuget\packages\c1.xaml.wpf.flexgridfilter\4.5.20213.749\lib\netcoreapp3.0\zh-Hans\C1.WPF.FlexGridFilter.4.5.2.resources.dll
1>                  AssetType=resources
1>                  CopyLocal=true
1>                  Culture=zh-Hans
1>                  DestinationSubDirectory=zh-Hans\
1>                  DestinationSubPath=zh-Hans\C1.WPF.FlexGridFilter.4.5.2.resources.dll
1>                  NuGetPackageId=C1.Xaml.WPF.FlexGridFilter
1>                  NuGetPackageVersion=4.5.20213.749
1>                  PathInPackage=lib/netcoreapp3.0/zh-Hans/C1.WPF.FlexGridFilter.4.5.2.resources.dll
1>          C:\Users\hansnguyen\.nuget\packages\c1.xaml.wpf.flexgridfilter\4.5.20213.749\lib\netcoreapp3.0\zh-Hant\C1.WPF.FlexGridFilter.4.5.2.resources.dll
1>                  AssetType=resources
1>                  CopyLocal=true
1>                  Culture=zh-Hant
1>                  DestinationSubDirectory=zh-Hant\
1>                  DestinationSubPath=zh-Hant\C1.WPF.FlexGridFilter.4.5.2.resources.dll
1>                  NuGetPackageId=C1.Xaml.WPF.FlexGridFilter
1>                  NuGetPackageVersion=4.5.20213.749
1>                  PathInPackage=lib/netcoreapp3.0/zh-Hant/C1.WPF.FlexGridFilter.4.5.2.resources.dll
1>          C:\Users\hansnguyen\.nuget\packages\c1.xaml.wpf.flexgridfilter\4.5.20213.749\lib\netcoreapp3.0\zh\C1.WPF.FlexGridFilter.4.5.2.resources.dll
1>                  AssetType=resources
1>                  CopyLocal=true
1>                  Culture=zh
1>                  DestinationSubDirectory=zh\
1>                  DestinationSubPath=zh\C1.WPF.FlexGridFilter.4.5.2.resources.dll
1>                  NuGetPackageId=C1.Xaml.WPF.FlexGridFilter
1>                  NuGetPackageVersion=4.5.20213.749
1>                  PathInPackage=lib/netcoreapp3.0/zh/C1.WPF.FlexGridFilter.4.5.2.resources.dll
1>  Added Item(s): 
1>      ReferenceCopyLocalPaths=
1>          C:\Users\hansnguyen\.nuget\packages\c1.xaml.wpf\4.5.20213.749\lib\netcoreapp3.0\C1.WPF.4.5.2.dll
1>                  AssetType=runtime
1>                  CopyLocal=true
1>                  DestinationSubPath=C1.WPF.4.5.2.dll
1>                  NuGetPackageId=C1.Xaml.WPF
1>                  NuGetPackageVersion=4.5.20213.749
1>                  PathInPackage=lib/netcoreapp3.0/C1.WPF.4.5.2.dll
1>          C:\Users\hansnguyen\.nuget\packages\c1.xaml.wpf.datetimeeditors\4.5.20213.749\lib\netcoreapp3.0\C1.WPF.DateTimeEditors.4.5.2.dll
1>                  AssetType=runtime
1>                  CopyLocal=true
1>                  DestinationSubPath=C1.WPF.DateTimeEditors.4.5.2.dll
1>                  NuGetPackageId=C1.Xaml.WPF.DateTimeEditors
1>                  NuGetPackageVersion=4.5.20213.749
1>                  PathInPackage=lib/netcoreapp3.0/C1.WPF.DateTimeEditors.4.5.2.dll
1>          C:\Users\hansnguyen\.nuget\packages\c1.xaml.wpf.flexgrid\4.5.20213.749\lib\netcoreapp3.0\C1.WPF.FlexGrid.4.5.2.dll
1>                  AssetType=runtime
1>                  CopyLocal=true
1>                  DestinationSubPath=C1.WPF.FlexGrid.4.5.2.dll
1>                  NuGetPackageId=C1.Xaml.WPF.FlexGrid
1>                  NuGetPackageVersion=4.5.20213.749
1>                  PathInPackage=lib/netcoreapp3.0/C1.WPF.FlexGrid.4.5.2.dll
1>          C:\Users\hansnguyen\.nuget\packages\c1.xaml.wpf.flexgrid.grouppanel\4.5.20213.749\lib\netcoreapp3.0\C1.WPF.FlexGrid.GroupPanel.4.5.2.dll
1>                  AssetType=runtime
1>                  CopyLocal=true
1>                  DestinationSubPath=C1.WPF.FlexGrid.GroupPanel.4.5.2.dll
1>                  NuGetPackageId=C1.Xaml.WPF.FlexGrid.GroupPanel
1>                  NuGetPackageVersion=4.5.20213.749
1>                  PathInPackage=lib/netcoreapp3.0/C1.WPF.FlexGrid.GroupPanel.4.5.2.dll
1>          C:\Users\hansnguyen\.nuget\packages\c1.xaml.wpf.flexgridfilter\4.5.20213.749\lib\netcoreapp3.0\C1.WPF.FlexGridFilter.4.5.2.dll
1>                  AssetType=runtime
1>                  CopyLocal=true
1>                  DestinationSubPath=C1.WPF.FlexGridFilter.4.5.2.dll
1>                  NuGetPackageId=C1.Xaml.WPF.FlexGridFilter
1>                  NuGetPackageVersion=4.5.20213.749
1>                  PathInPackage=lib/netcoreapp3.0/C1.WPF.FlexGridFilter.4.5.2.dll
1>          C:\Users\hansnguyen\.nuget\packages\c1.xaml.wpf.toolbar\4.5.20213.749\lib\netcoreapp3.0\C1.WPF.Toolbar.4.5.2.dll
1>                  AssetType=runtime
1>                  CopyLocal=true
1>                  DestinationSubPath=C1.WPF.Toolbar.4.5.2.dll
1>                  NuGetPackageId=C1.Xaml.WPF.Toolbar
1>                  NuGetPackageVersion=4.5.20213.749
1>                  PathInPackage=lib/netcoreapp3.0/C1.WPF.Toolbar.4.5.2.dll
1>          C:\Users\hansnguyen\.nuget\packages\c1.xaml.wpf\4.5.20213.749\lib\netcoreapp3.0\ar\C1.WPF.4.5.2.resources.dll
1>                  AssetType=resources
1>                  CopyLocal=true
1>                  Culture=ar
1>                  DestinationSubDirectory=ar\
1>                  DestinationSubPath=ar\C1.WPF.4.5.2.resources.dll
1>                  NuGetPackageId=C1.Xaml.WPF
1>                  NuGetPackageVersion=4.5.20213.749
1>                  PathInPackage=lib/netcoreapp3.0/ar/C1.WPF.4.5.2.resources.dll
1>          C:\Users\hansnguyen\.nuget\packages\c1.xaml.wpf\4.5.20213.749\lib\netcoreapp3.0\cs\C1.WPF.4.5.2.resources.dll
1>                  AssetType=resources
1>                  CopyLocal=true
1>                  Culture=cs
1>                  DestinationSubDirectory=cs\
1>                  DestinationSubPath=cs\C1.WPF.4.5.2.resources.dll
1>                  NuGetPackageId=C1.Xaml.WPF
1>                  NuGetPackageVersion=4.5.20213.749
1>                  PathInPackage=lib/netcoreapp3.0/cs/C1.WPF.4.5.2.resources.dll
1>          C:\Users\hansnguyen\.nuget\packages\c1.xaml.wpf\4.5.20213.749\lib\netcoreapp3.0\da\C1.WPF.4.5.2.resources.dll
1>                  AssetType=resources
1>                  CopyLocal=true
1>                  Culture=da
1>                  DestinationSubDirectory=da\
1>                  DestinationSubPath=da\C1.WPF.4.5.2.resources.dll
1>                  NuGetPackageId=C1.Xaml.WPF
1>                  NuGetPackageVersion=4.5.20213.749
1>                  PathInPackage=lib/netcoreapp3.0/da/C1.WPF.4.5.2.resources.dll
1>          C:\Users\hansnguyen\.nuget\packages\c1.xaml.wpf\4.5.20213.749\lib\netcoreapp3.0\de\C1.WPF.4.5.2.resources.dll
1>                  AssetType=resources
1>                  CopyLocal=true
1>                  Culture=de
1>                  DestinationSubDirectory=de\
1>                  DestinationSubPath=de\C1.WPF.4.5.2.resources.dll
1>                  NuGetPackageId=C1.Xaml.WPF
1>                  NuGetPackageVersion=4.5.20213.749
1>                  PathInPackage=lib/netcoreapp3.0/de/C1.WPF.4.5.2.resources.dll
1>          C:\Users\hansnguyen\.nuget\packages\c1.xaml.wpf\4.5.20213.749\lib\netcoreapp3.0\el\C1.WPF.4.5.2.resources.dll
1>                  AssetType=resources
1>                  CopyLocal=true
1>                  Culture=el
1>                  DestinationSubDirectory=el\
1>                  DestinationSubPath=el\C1.WPF.4.5.2.resources.dll
1>                  NuGetPackageId=C1.Xaml.WPF
1>                  NuGetPackageVersion=4.5.20213.749
1>                  PathInPackage=lib/netcoreapp3.0/el/C1.WPF.4.5.2.resources.dll
1>          C:\Users\hansnguyen\.nuget\packages\c1.xaml.wpf\4.5.20213.749\lib\netcoreapp3.0\es\C1.WPF.4.5.2.resources.dll
1>                  AssetType=resources
1>                  CopyLocal=true
1>                  Culture=es
1>                  DestinationSubDirectory=es\
1>                  DestinationSubPath=es\C1.WPF.4.5.2.resources.dll
1>                  NuGetPackageId=C1.Xaml.WPF
1>                  NuGetPackageVersion=4.5.20213.749
1>                  PathInPackage=lib/netcoreapp3.0/es/C1.WPF.4.5.2.resources.dll
1>          C:\Users\hansnguyen\.nuget\packages\c1.xaml.wpf\4.5.20213.749\lib\netcoreapp3.0\fi\C1.WPF.4.5.2.resources.dll
1>                  AssetType=resources
1>                  CopyLocal=true
1>                  Culture=fi
1>                  DestinationSubDirectory=fi\
1>                  DestinationSubPath=fi\C1.WPF.4.5.2.resources.dll
1>                  NuGetPackageId=C1.Xaml.WPF
1>                  NuGetPackageVersion=4.5.20213.749
1>                  PathInPackage=lib/netcoreapp3.0/fi/C1.WPF.4.5.2.resources.dll
1>          C:\Users\hansnguyen\.nuget\packages\c1.xaml.wpf\4.5.20213.749\lib\netcoreapp3.0\fr\C1.WPF.4.5.2.resources.dll
1>                  AssetType=resources
1>                  CopyLocal=true
1>                  Culture=fr
1>                  DestinationSubDirectory=fr\
1>                  DestinationSubPath=fr\C1.WPF.4.5.2.resources.dll
1>                  NuGetPackageId=C1.Xaml.WPF
1>                  NuGetPackageVersion=4.5.20213.749
1>                  PathInPackage=lib/netcoreapp3.0/fr/C1.WPF.4.5.2.resources.dll
1>          C:\Users\hansnguyen\.nuget\packages\c1.xaml.wpf\4.5.20213.749\lib\netcoreapp3.0\he\C1.WPF.4.5.2.resources.dll
1>                  AssetType=resources
1>                  CopyLocal=true
1>                  Culture=he
1>                  DestinationSubDirectory=he\
1>                  DestinationSubPath=he\C1.WPF.4.5.2.resources.dll
1>                  NuGetPackageId=C1.Xaml.WPF
1>                  NuGetPackageVersion=4.5.20213.749
1>                  PathInPackage=lib/netcoreapp3.0/he/C1.WPF.4.5.2.resources.dll
1>          C:\Users\hansnguyen\.nuget\packages\c1.xaml.wpf\4.5.20213.749\lib\netcoreapp3.0\it\C1.WPF.4.5.2.resources.dll
1>                  AssetType=resources
1>                  CopyLocal=true
1>                  Culture=it
1>                  DestinationSubDirectory=it\
1>                  DestinationSubPath=it\C1.WPF.4.5.2.resources.dll
1>                  NuGetPackageId=C1.Xaml.WPF
1>                  NuGetPackageVersion=4.5.20213.749
1>                  PathInPackage=lib/netcoreapp3.0/it/C1.WPF.4.5.2.resources.dll
1>          C:\Users\hansnguyen\.nuget\packages\c1.xaml.wpf\4.5.20213.749\lib\netcoreapp3.0\ja\C1.WPF.4.5.2.resources.dll
1>                  AssetType=resources
1>                  CopyLocal=true
1>                  Culture=ja
1>                  DestinationSubDirectory=ja\
1>                  DestinationSubPath=ja\C1.WPF.4.5.2.resources.dll
1>                  NuGetPackageId=C1.Xaml.WPF
1>                  NuGetPackageVersion=4.5.20213.749
1>                  PathInPackage=lib/netcoreapp3.0/ja/C1.WPF.4.5.2.resources.dll
1>          C:\Users\hansnguyen\.nuget\packages\c1.xaml.wpf\4.5.20213.749\lib\netcoreapp3.0\ko\C1.WPF.4.5.2.resources.dll
1>                  AssetType=resources
1>                  CopyLocal=true
1>                  Culture=ko
1>                  DestinationSubDirectory=ko\
1>                  DestinationSubPath=ko\C1.WPF.4.5.2.resources.dll
1>                  NuGetPackageId=C1.Xaml.WPF
1>                  NuGetPackageVersion=4.5.20213.749
1>                  PathInPackage=lib/netcoreapp3.0/ko/C1.WPF.4.5.2.resources.dll
1>          C:\Users\hansnguyen\.nuget\packages\c1.xaml.wpf\4.5.20213.749\lib\netcoreapp3.0\nl\C1.WPF.4.5.2.resources.dll
1>                  AssetType=resources
1>                  CopyLocal=true
1>                  Culture=nl
1>                  DestinationSubDirectory=nl\
1>                  DestinationSubPath=nl\C1.WPF.4.5.2.resources.dll
1>                  NuGetPackageId=C1.Xaml.WPF
1>                  NuGetPackageVersion=4.5.20213.749
1>                  PathInPackage=lib/netcoreapp3.0/nl/C1.WPF.4.5.2.resources.dll
1>          C:\Users\hansnguyen\.nuget\packages\c1.xaml.wpf\4.5.20213.749\lib\netcoreapp3.0\no\C1.WPF.4.5.2.resources.dll
1>                  AssetType=resources
1>                  CopyLocal=true
1>                  Culture=no
1>                  DestinationSubDirectory=no\
1>                  DestinationSubPath=no\C1.WPF.4.5.2.resources.dll
1>                  NuGetPackageId=C1.Xaml.WPF
1>                  NuGetPackageVersion=4.5.20213.749
1>                  PathInPackage=lib/netcoreapp3.0/no/C1.WPF.4.5.2.resources.dll
1>          C:\Users\hansnguyen\.nuget\packages\c1.xaml.wpf\4.5.20213.749\lib\netcoreapp3.0\pl\C1.WPF.4.5.2.resources.dll
1>                  AssetType=resources
1>                  CopyLocal=true
1>                  Culture=pl
1>                  DestinationSubDirectory=pl\
1>                  DestinationSubPath=pl\C1.WPF.4.5.2.resources.dll
1>                  NuGetPackageId=C1.Xaml.WPF
1>                  NuGetPackageVersion=4.5.20213.749
1>                  PathInPackage=lib/netcoreapp3.0/pl/C1.WPF.4.5.2.resources.dll
1>          C:\Users\hansnguyen\.nuget\packages\c1.xaml.wpf\4.5.20213.749\lib\netcoreapp3.0\pt\C1.WPF.4.5.2.resources.dll
1>                  AssetType=resources
1>                  CopyLocal=true
1>                  Culture=pt
1>                  DestinationSubDirectory=pt\
1>                  DestinationSubPath=pt\C1.WPF.4.5.2.resources.dll
1>                  NuGetPackageId=C1.Xaml.WPF
1>                  NuGetPackageVersion=4.5.20213.749
1>                  PathInPackage=lib/netcoreapp3.0/pt/C1.WPF.4.5.2.resources.dll
1>          C:\Users\hansnguyen\.nuget\packages\c1.xaml.wpf\4.5.20213.749\lib\netcoreapp3.0\ro\C1.WPF.4.5.2.resources.dll
1>                  AssetType=resources
1>                  CopyLocal=true
1>                  Culture=ro
1>                  DestinationSubDirectory=ro\
1>                  DestinationSubPath=ro\C1.WPF.4.5.2.resources.dll
1>                  NuGetPackageId=C1.Xaml.WPF
1>                  NuGetPackageVersion=4.5.20213.749
1>                  PathInPackage=lib/netcoreapp3.0/ro/C1.WPF.4.5.2.resources.dll
1>          C:\Users\hansnguyen\.nuget\packages\c1.xaml.wpf\4.5.20213.749\lib\netcoreapp3.0\ru\C1.WPF.4.5.2.resources.dll
1>                  AssetType=resources
1>                  CopyLocal=true
1>                  Culture=ru
1>                  DestinationSubDirectory=ru\
1>                  DestinationSubPath=ru\C1.WPF.4.5.2.resources.dll
1>                  NuGetPackageId=C1.Xaml.WPF
1>                  NuGetPackageVersion=4.5.20213.749
1>                  PathInPackage=lib/netcoreapp3.0/ru/C1.WPF.4.5.2.resources.dll
1>          C:\Users\hansnguyen\.nuget\packages\c1.xaml.wpf\4.5.20213.749\lib\netcoreapp3.0\sk\C1.WPF.4.5.2.resources.dll
1>                  AssetType=resources
1>                  CopyLocal=true
1>                  Culture=sk
1>                  DestinationSubDirectory=sk\
1>                  DestinationSubPath=sk\C1.WPF.4.5.2.resources.dll
1>                  NuGetPackageId=C1.Xaml.WPF
1>                  NuGetPackageVersion=4.5.20213.749
1>                  PathInPackage=lib/netcoreapp3.0/sk/C1.WPF.4.5.2.resources.dll
1>          C:\Users\hansnguyen\.nuget\packages\c1.xaml.wpf\4.5.20213.749\lib\netcoreapp3.0\sv\C1.WPF.4.5.2.resources.dll
1>                  AssetType=resources
1>                  CopyLocal=true
1>                  Culture=sv
1>                  DestinationSubDirectory=sv\
1>                  DestinationSubPath=sv\C1.WPF.4.5.2.resources.dll
1>                  NuGetPackageId=C1.Xaml.WPF
1>                  NuGetPackageVersion=4.5.20213.749
1>                  PathInPackage=lib/netcoreapp3.0/sv/C1.WPF.4.5.2.resources.dll
1>          C:\Users\hansnguyen\.nuget\packages\c1.xaml.wpf\4.5.20213.749\lib\netcoreapp3.0\tr\C1.WPF.4.5.2.resources.dll
1>                  AssetType=resources
1>                  CopyLocal=true
1>                  Culture=tr
1>                  DestinationSubDirectory=tr\
1>                  DestinationSubPath=tr\C1.WPF.4.5.2.resources.dll
1>                  NuGetPackageId=C1.Xaml.WPF
1>                  NuGetPackageVersion=4.5.20213.749
1>                  PathInPackage=lib/netcoreapp3.0/tr/C1.WPF.4.5.2.resources.dll
1>          C:\Users\hansnguyen\.nuget\packages\c1.xaml.wpf\4.5.20213.749\lib\netcoreapp3.0\zh-Hans\C1.WPF.4.5.2.resources.dll
1>                  AssetType=resources
1>                  CopyLocal=true
1>                  Culture=zh-Hans
1>                  DestinationSubDirectory=zh-Hans\
1>                  DestinationSubPath=zh-Hans\C1.WPF.4.5.2.resources.dll
1>                  NuGetPackageId=C1.Xaml.WPF
1>                  NuGetPackageVersion=4.5.20213.749
1>                  PathInPackage=lib/netcoreapp3.0/zh-Hans/C1.WPF.4.5.2.resources.dll
1>          C:\Users\hansnguyen\.nuget\packages\c1.xaml.wpf\4.5.20213.749\lib\netcoreapp3.0\zh-Hant\C1.WPF.4.5.2.resources.dll
1>                  AssetType=resources
1>                  CopyLocal=true
1>                  Culture=zh-Hant
1>                  DestinationSubDirectory=zh-Hant\
1>                  DestinationSubPath=zh-Hant\C1.WPF.4.5.2.resources.dll
1>                  NuGetPackageId=C1.Xaml.WPF
1>                  NuGetPackageVersion=4.5.20213.749
1>                  PathInPackage=lib/netcoreapp3.0/zh-Hant/C1.WPF.4.5.2.resources.dll
1>          C:\Users\hansnguyen\.nuget\packages\c1.xaml.wpf\4.5.20213.749\lib\netcoreapp3.0\zh\C1.WPF.4.5.2.resources.dll
1>                  AssetType=resources
1>                  CopyLocal=true
1>                  Culture=zh
1>                  DestinationSubDirectory=zh\
1>                  DestinationSubPath=zh\C1.WPF.4.5.2.resources.dll
1>                  NuGetPackageId=C1.Xaml.WPF
1>                  NuGetPackageVersion=4.5.20213.749
1>                  PathInPackage=lib/netcoreapp3.0/zh/C1.WPF.4.5.2.resources.dll
1>          C:\Users\hansnguyen\.nuget\packages\c1.xaml.wpf.flexgrid.grouppanel\4.5.20213.749\lib\netcoreapp3.0\ar\C1.WPF.FlexGrid.GroupPanel.4.5.2.resources.dll
1>                  AssetType=resources
1>                  CopyLocal=true
1>                  Culture=ar
1>                  DestinationSubDirectory=ar\
1>                  DestinationSubPath=ar\C1.WPF.FlexGrid.GroupPanel.4.5.2.resources.dll
1>                  NuGetPackageId=C1.Xaml.WPF.FlexGrid.GroupPanel
1>                  NuGetPackageVersion=4.5.20213.749
1>                  PathInPackage=lib/netcoreapp3.0/ar/C1.WPF.FlexGrid.GroupPanel.4.5.2.resources.dll
1>          C:\Users\hansnguyen\.nuget\packages\c1.xaml.wpf.flexgrid.grouppanel\4.5.20213.749\lib\netcoreapp3.0\cs\C1.WPF.FlexGrid.GroupPanel.4.5.2.resources.dll
1>                  AssetType=resources
1>                  CopyLocal=true
1>                  Culture=cs
1>                  DestinationSubDirectory=cs\
1>                  DestinationSubPath=cs\C1.WPF.FlexGrid.GroupPanel.4.5.2.resources.dll
1>                  NuGetPackageId=C1.Xaml.WPF.FlexGrid.GroupPanel
1>                  NuGetPackageVersion=4.5.20213.749
1>                  PathInPackage=lib/netcoreapp3.0/cs/C1.WPF.FlexGrid.GroupPanel.4.5.2.resources.dll
1>          C:\Users\hansnguyen\.nuget\packages\c1.xaml.wpf.flexgrid.grouppanel\4.5.20213.749\lib\netcoreapp3.0\da\C1.WPF.FlexGrid.GroupPanel.4.5.2.resources.dll
1>                  AssetType=resources
1>                  CopyLocal=true
1>                  Culture=da
1>                  DestinationSubDirectory=da\
1>                  DestinationSubPath=da\C1.WPF.FlexGrid.GroupPanel.4.5.2.resources.dll
1>                  NuGetPackageId=C1.Xaml.WPF.FlexGrid.GroupPanel
1>                  NuGetPackageVersion=4.5.20213.749
1>                  PathInPackage=lib/netcoreapp3.0/da/C1.WPF.FlexGrid.GroupPanel.4.5.2.resources.dll
1>          C:\Users\hansnguyen\.nuget\packages\c1.xaml.wpf.flexgrid.grouppanel\4.5.20213.749\lib\netcoreapp3.0\de\C1.WPF.FlexGrid.GroupPanel.4.5.2.resources.dll
1>                  AssetType=resources
1>                  CopyLocal=true
1>                  Culture=de
1>                  DestinationSubDirectory=de\
1>                  DestinationSubPath=de\C1.WPF.FlexGrid.GroupPanel.4.5.2.resources.dll
1>                  NuGetPackageId=C1.Xaml.WPF.FlexGrid.GroupPanel
1>                  NuGetPackageVersion=4.5.20213.749
1>                  PathInPackage=lib/netcoreapp3.0/de/C1.WPF.FlexGrid.GroupPanel.4.5.2.resources.dll
1>          C:\Users\hansnguyen\.nuget\packages\c1.xaml.wpf.flexgrid.grouppanel\4.5.20213.749\lib\netcoreapp3.0\el\C1.WPF.FlexGrid.GroupPanel.4.5.2.resources.dll
1>                  AssetType=resources
1>                  CopyLocal=true
1>                  Culture=el
1>                  DestinationSubDirectory=el\
1>                  DestinationSubPath=el\C1.WPF.FlexGrid.GroupPanel.4.5.2.resources.dll
1>                  NuGetPackageId=C1.Xaml.WPF.FlexGrid.GroupPanel
1>                  NuGetPackageVersion=4.5.20213.749
1>                  PathInPackage=lib/netcoreapp3.0/el/C1.WPF.FlexGrid.GroupPanel.4.5.2.resources.dll
1>          C:\Users\hansnguyen\.nuget\packages\c1.xaml.wpf.flexgrid.grouppanel\4.5.20213.749\lib\netcoreapp3.0\es\C1.WPF.FlexGrid.GroupPanel.4.5.2.resources.dll
1>                  AssetType=resources
1>                  CopyLocal=true
1>                  Culture=es
1>                  DestinationSubDirectory=es\
1>                  DestinationSubPath=es\C1.WPF.FlexGrid.GroupPanel.4.5.2.resources.dll
1>                  NuGetPackageId=C1.Xaml.WPF.FlexGrid.GroupPanel
1>                  NuGetPackageVersion=4.5.20213.749
1>                  PathInPackage=lib/netcoreapp3.0/es/C1.WPF.FlexGrid.GroupPanel.4.5.2.resources.dll
1>          C:\Users\hansnguyen\.nuget\packages\c1.xaml.wpf.flexgrid.grouppanel\4.5.20213.749\lib\netcoreapp3.0\fi\C1.WPF.FlexGrid.GroupPanel.4.5.2.resources.dll
1>                  AssetType=resources
1>                  CopyLocal=true
1>                  Culture=fi
1>                  DestinationSubDirectory=fi\
1>                  DestinationSubPath=fi\C1.WPF.FlexGrid.GroupPanel.4.5.2.resources.dll
1>                  NuGetPackageId=C1.Xaml.WPF.FlexGrid.GroupPanel
1>                  NuGetPackageVersion=4.5.20213.749
1>                  PathInPackage=lib/netcoreapp3.0/fi/C1.WPF.FlexGrid.GroupPanel.4.5.2.resources.dll
1>          C:\Users\hansnguyen\.nuget\packages\c1.xaml.wpf.flexgrid.grouppanel\4.5.20213.749\lib\netcoreapp3.0\fr\C1.WPF.FlexGrid.GroupPanel.4.5.2.resources.dll
1>                  AssetType=resources
1>                  CopyLocal=true
1>                  Culture=fr
1>                  DestinationSubDirectory=fr\
1>                  DestinationSubPath=fr\C1.WPF.FlexGrid.GroupPanel.4.5.2.resources.dll
1>                  NuGetPackageId=C1.Xaml.WPF.FlexGrid.GroupPanel
1>                  NuGetPackageVersion=4.5.20213.749
1>                  PathInPackage=lib/netcoreapp3.0/fr/C1.WPF.FlexGrid.GroupPanel.4.5.2.resources.dll
1>          C:\Users\hansnguyen\.nuget\packages\c1.xaml.wpf.flexgrid.grouppanel\4.5.20213.749\lib\netcoreapp3.0\he\C1.WPF.FlexGrid.GroupPanel.4.5.2.resources.dll
1>                  AssetType=resources
1>                  CopyLocal=true
1>                  Culture=he
1>                  DestinationSubDirectory=he\
1>                  DestinationSubPath=he\C1.WPF.FlexGrid.GroupPanel.4.5.2.resources.dll
1>                  NuGetPackageId=C1.Xaml.WPF.FlexGrid.GroupPanel
1>                  NuGetPackageVersion=4.5.20213.749
1>                  PathInPackage=lib/netcoreapp3.0/he/C1.WPF.FlexGrid.GroupPanel.4.5.2.resources.dll
1>          C:\Users\hansnguyen\.nuget\packages\c1.xaml.wpf.flexgrid.grouppanel\4.5.20213.749\lib\netcoreapp3.0\hi\C1.WPF.FlexGrid.GroupPanel.4.5.2.resources.dll
1>                  AssetType=resources
1>                  CopyLocal=true
1>                  Culture=hi
1>                  DestinationSubDirectory=hi\
1>                  DestinationSubPath=hi\C1.WPF.FlexGrid.GroupPanel.4.5.2.resources.dll
1>                  NuGetPackageId=C1.Xaml.WPF.FlexGrid.GroupPanel
1>                  NuGetPackageVersion=4.5.20213.749
1>                  PathInPackage=lib/netcoreapp3.0/hi/C1.WPF.FlexGrid.GroupPanel.4.5.2.resources.dll
1>          C:\Users\hansnguyen\.nuget\packages\c1.xaml.wpf.flexgrid.grouppanel\4.5.20213.749\lib\netcoreapp3.0\it\C1.WPF.FlexGrid.GroupPanel.4.5.2.resources.dll
1>                  AssetType=resources
1>                  CopyLocal=true
1>                  Culture=it
1>                  DestinationSubDirectory=it\
1>                  DestinationSubPath=it\C1.WPF.FlexGrid.GroupPanel.4.5.2.resources.dll
1>                  NuGetPackageId=C1.Xaml.WPF.FlexGrid.GroupPanel
1>                  NuGetPackageVersion=4.5.20213.749
1>                  PathInPackage=lib/netcoreapp3.0/it/C1.WPF.FlexGrid.GroupPanel.4.5.2.resources.dll
1>          C:\Users\hansnguyen\.nuget\packages\c1.xaml.wpf.flexgrid.grouppanel\4.5.20213.749\lib\netcoreapp3.0\ja\C1.WPF.FlexGrid.GroupPanel.4.5.2.resources.dll
1>                  AssetType=resources
1>                  CopyLocal=true
1>                  Culture=ja
1>                  DestinationSubDirectory=ja\
1>                  DestinationSubPath=ja\C1.WPF.FlexGrid.GroupPanel.4.5.2.resources.dll
1>                  NuGetPackageId=C1.Xaml.WPF.FlexGrid.GroupPanel
1>                  NuGetPackageVersion=4.5.20213.749
1>                  PathInPackage=lib/netcoreapp3.0/ja/C1.WPF.FlexGrid.GroupPanel.4.5.2.resources.dll
1>          C:\Users\hansnguyen\.nuget\packages\c1.xaml.wpf.flexgrid.grouppanel\4.5.20213.749\lib\netcoreapp3.0\ko\C1.WPF.FlexGrid.GroupPanel.4.5.2.resources.dll
1>                  AssetType=resources
1>                  CopyLocal=true
1>                  Culture=ko
1>                  DestinationSubDirectory=ko\
1>                  DestinationSubPath=ko\C1.WPF.FlexGrid.GroupPanel.4.5.2.resources.dll
1>                  NuGetPackageId=C1.Xaml.WPF.FlexGrid.GroupPanel
1>                  NuGetPackageVersion=4.5.20213.749
1>                  PathInPackage=lib/netcoreapp3.0/ko/C1.WPF.FlexGrid.GroupPanel.4.5.2.resources.dll
1>          C:\Users\hansnguyen\.nuget\packages\c1.xaml.wpf.flexgrid.grouppanel\4.5.20213.749\lib\netcoreapp3.0\nl\C1.WPF.FlexGrid.GroupPanel.4.5.2.resources.dll
1>                  AssetType=resources
1>                  CopyLocal=true
1>                  Culture=nl
1>                  DestinationSubDirectory=nl\
1>                  DestinationSubPath=nl\C1.WPF.FlexGrid.GroupPanel.4.5.2.resources.dll
1>                  NuGetPackageId=C1.Xaml.WPF.FlexGrid.GroupPanel
1>                  NuGetPackageVersion=4.5.20213.749
1>                  PathInPackage=lib/netcoreapp3.0/nl/C1.WPF.FlexGrid.GroupPanel.4.5.2.resources.dll
1>          C:\Users\hansnguyen\.nuget\packages\c1.xaml.wpf.flexgrid.grouppanel\4.5.20213.749\lib\netcoreapp3.0\no\C1.WPF.FlexGrid.GroupPanel.4.5.2.resources.dll
1>                  AssetType=resources
1>                  CopyLocal=true
1>                  Culture=no
1>                  DestinationSubDirectory=no\
1>                  DestinationSubPath=no\C1.WPF.FlexGrid.GroupPanel.4.5.2.resources.dll
1>                  NuGetPackageId=C1.Xaml.WPF.FlexGrid.GroupPanel
1>                  NuGetPackageVersion=4.5.20213.749
1>                  PathInPackage=lib/netcoreapp3.0/no/C1.WPF.FlexGrid.GroupPanel.4.5.2.resources.dll
1>          C:\Users\hansnguyen\.nuget\packages\c1.xaml.wpf.flexgrid.grouppanel\4.5.20213.749\lib\netcoreapp3.0\pl\C1.WPF.FlexGrid.GroupPanel.4.5.2.resources.dll
1>                  AssetType=resources
1>                  CopyLocal=true
1>                  Culture=pl
1>                  DestinationSubDirectory=pl\
1>                  DestinationSubPath=pl\C1.WPF.FlexGrid.GroupPanel.4.5.2.resources.dll
1>                  NuGetPackageId=C1.Xaml.WPF.FlexGrid.GroupPanel
1>                  NuGetPackageVersion=4.5.20213.749
1>                  PathInPackage=lib/netcoreapp3.0/pl/C1.WPF.FlexGrid.GroupPanel.4.5.2.resources.dll
1>          C:\Users\hansnguyen\.nuget\packages\c1.xaml.wpf.flexgrid.grouppanel\4.5.20213.749\lib\netcoreapp3.0\pt\C1.WPF.FlexGrid.GroupPanel.4.5.2.resources.dll
1>                  AssetType=resources
1>                  CopyLocal=true
1>                  Culture=pt
1>                  DestinationSubDirectory=pt\
1>                  DestinationSubPath=pt\C1.WPF.FlexGrid.GroupPanel.4.5.2.resources.dll
1>                  NuGetPackageId=C1.Xaml.WPF.FlexGrid.GroupPanel
1>                  NuGetPackageVersion=4.5.20213.749
1>                  PathInPackage=lib/netcoreapp3.0/pt/C1.WPF.FlexGrid.GroupPanel.4.5.2.resources.dll
1>          C:\Users\hansnguyen\.nuget\packages\c1.xaml.wpf.flexgrid.grouppanel\4.5.20213.749\lib\netcoreapp3.0\ro\C1.WPF.FlexGrid.GroupPanel.4.5.2.resources.dll
1>                  AssetType=resources
1>                  CopyLocal=true
1>                  Culture=ro
1>                  DestinationSubDirectory=ro\
1>                  DestinationSubPath=ro\C1.WPF.FlexGrid.GroupPanel.4.5.2.resources.dll
1>                  NuGetPackageId=C1.Xaml.WPF.FlexGrid.GroupPanel
1>                  NuGetPackageVersion=4.5.20213.749
1>                  PathInPackage=lib/netcoreapp3.0/ro/C1.WPF.FlexGrid.GroupPanel.4.5.2.resources.dll
1>          C:\Users\hansnguyen\.nuget\packages\c1.xaml.wpf.flexgrid.grouppanel\4.5.20213.749\lib\netcoreapp3.0\ru\C1.WPF.FlexGrid.GroupPanel.4.5.2.resources.dll
1>                  AssetType=resources
1>                  CopyLocal=true
1>                  Culture=ru
1>                  DestinationSubDirectory=ru\
1>                  DestinationSubPath=ru\C1.WPF.FlexGrid.GroupPanel.4.5.2.resources.dll
1>                  NuGetPackageId=C1.Xaml.WPF.FlexGrid.GroupPanel
1>                  NuGetPackageVersion=4.5.20213.749
1>                  PathInPackage=lib/netcoreapp3.0/ru/C1.WPF.FlexGrid.GroupPanel.4.5.2.resources.dll
1>          C:\Users\hansnguyen\.nuget\packages\c1.xaml.wpf.flexgrid.grouppanel\4.5.20213.749\lib\netcoreapp3.0\sk\C1.WPF.FlexGrid.GroupPanel.4.5.2.resources.dll
1>                  AssetType=resources
1>                  CopyLocal=true
1>                  Culture=sk
1>                  DestinationSubDirectory=sk\
1>                  DestinationSubPath=sk\C1.WPF.FlexGrid.GroupPanel.4.5.2.resources.dll
1>                  NuGetPackageId=C1.Xaml.WPF.FlexGrid.GroupPanel
1>                  NuGetPackageVersion=4.5.20213.749
1>                  PathInPackage=lib/netcoreapp3.0/sk/C1.WPF.FlexGrid.GroupPanel.4.5.2.resources.dll
1>          C:\Users\hansnguyen\.nuget\packages\c1.xaml.wpf.flexgrid.grouppanel\4.5.20213.749\lib\netcoreapp3.0\sv\C1.WPF.FlexGrid.GroupPanel.4.5.2.resources.dll
1>                  AssetType=resources
1>                  CopyLocal=true
1>                  Culture=sv
1>                  DestinationSubDirectory=sv\
1>                  DestinationSubPath=sv\C1.WPF.FlexGrid.GroupPanel.4.5.2.resources.dll
1>                  NuGetPackageId=C1.Xaml.WPF.FlexGrid.GroupPanel
1>                  NuGetPackageVersion=4.5.20213.749
1>                  PathInPackage=lib/netcoreapp3.0/sv/C1.WPF.FlexGrid.GroupPanel.4.5.2.resources.dll
1>          C:\Users\hansnguyen\.nuget\packages\c1.xaml.wpf.flexgrid.grouppanel\4.5.20213.749\lib\netcoreapp3.0\tr\C1.WPF.FlexGrid.GroupPanel.4.5.2.resources.dll
1>                  AssetType=resources
1>                  CopyLocal=true
1>                  Culture=tr
1>                  DestinationSubDirectory=tr\
1>                  DestinationSubPath=tr\C1.WPF.FlexGrid.GroupPanel.4.5.2.resources.dll
1>                  NuGetPackageId=C1.Xaml.WPF.FlexGrid.GroupPanel
1>                  NuGetPackageVersion=4.5.20213.749
1>                  PathInPackage=lib/netcoreapp3.0/tr/C1.WPF.FlexGrid.GroupPanel.4.5.2.resources.dll
1>          C:\Users\hansnguyen\.nuget\packages\c1.xaml.wpf.flexgrid.grouppanel\4.5.20213.749\lib\netcoreapp3.0\zh-Hans\C1.WPF.FlexGrid.GroupPanel.4.5.2.resources.dll
1>                  AssetType=resources
1>                  CopyLocal=true
1>                  Culture=zh-Hans
1>                  DestinationSubDirectory=zh-Hans\
1>                  DestinationSubPath=zh-Hans\C1.WPF.FlexGrid.GroupPanel.4.5.2.resources.dll
1>                  NuGetPackageId=C1.Xaml.WPF.FlexGrid.GroupPanel
1>                  NuGetPackageVersion=4.5.20213.749
1>                  PathInPackage=lib/netcoreapp3.0/zh-Hans/C1.WPF.FlexGrid.GroupPanel.4.5.2.resources.dll
1>          C:\Users\hansnguyen\.nuget\packages\c1.xaml.wpf.flexgrid.grouppanel\4.5.20213.749\lib\netcoreapp3.0\zh-Hant\C1.WPF.FlexGrid.GroupPanel.4.5.2.resources.dll
1>                  AssetType=resources
1>                  CopyLocal=true
1>                  Culture=zh-Hant
1>                  DestinationSubDirectory=zh-Hant\
1>                  DestinationSubPath=zh-Hant\C1.WPF.FlexGrid.GroupPanel.4.5.2.resources.dll
1>                  NuGetPackageId=C1.Xaml.WPF.FlexGrid.GroupPanel
1>                  NuGetPackageVersion=4.5.20213.749
1>                  PathInPackage=lib/netcoreapp3.0/zh-Hant/C1.WPF.FlexGrid.GroupPanel.4.5.2.resources.dll
1>          C:\Users\hansnguyen\.nuget\packages\c1.xaml.wpf.flexgrid.grouppanel\4.5.20213.749\lib\netcoreapp3.0\zh\C1.WPF.FlexGrid.GroupPanel.4.5.2.resources.dll
1>                  AssetType=resources
1>                  CopyLocal=true
1>                  Culture=zh
1>                  DestinationSubDirectory=zh\
1>                  DestinationSubPath=zh\C1.WPF.FlexGrid.GroupPanel.4.5.2.resources.dll
1>                  NuGetPackageId=C1.Xaml.WPF.FlexGrid.GroupPanel
1>                  NuGetPackageVersion=4.5.20213.749
1>                  PathInPackage=lib/netcoreapp3.0/zh/C1.WPF.FlexGrid.GroupPanel.4.5.2.resources.dll
1>          C:\Users\hansnguyen\.nuget\packages\c1.xaml.wpf.flexgridfilter\4.5.20213.749\lib\netcoreapp3.0\ar\C1.WPF.FlexGridFilter.4.5.2.resources.dll
1>                  AssetType=resources
1>                  CopyLocal=true
1>                  Culture=ar
1>                  DestinationSubDirectory=ar\
1>                  DestinationSubPath=ar\C1.WPF.FlexGridFilter.4.5.2.resources.dll
1>                  NuGetPackageId=C1.Xaml.WPF.FlexGridFilter
1>                  NuGetPackageVersion=4.5.20213.749
1>                  PathInPackage=lib/netcoreapp3.0/ar/C1.WPF.FlexGridFilter.4.5.2.resources.dll
1>          C:\Users\hansnguyen\.nuget\packages\c1.xaml.wpf.flexgridfilter\4.5.20213.749\lib\netcoreapp3.0\cs\C1.WPF.FlexGridFilter.4.5.2.resources.dll
1>                  AssetType=resources
1>                  CopyLocal=true
1>                  Culture=cs
1>                  DestinationSubDirectory=cs\
1>                  DestinationSubPath=cs\C1.WPF.FlexGridFilter.4.5.2.resources.dll
1>                  NuGetPackageId=C1.Xaml.WPF.FlexGridFilter
1>                  NuGetPackageVersion=4.5.20213.749
1>                  PathInPackage=lib/netcoreapp3.0/cs/C1.WPF.FlexGridFilter.4.5.2.resources.dll
1>          C:\Users\hansnguyen\.nuget\packages\c1.xaml.wpf.flexgridfilter\4.5.20213.749\lib\netcoreapp3.0\da\C1.WPF.FlexGridFilter.4.5.2.resources.dll
1>                  AssetType=resources
1>                  CopyLocal=true
1>                  Culture=da
1>                  DestinationSubDirectory=da\
1>                  DestinationSubPath=da\C1.WPF.FlexGridFilter.4.5.2.resources.dll
1>                  NuGetPackageId=C1.Xaml.WPF.FlexGridFilter
1>                  NuGetPackageVersion=4.5.20213.749
1>                  PathInPackage=lib/netcoreapp3.0/da/C1.WPF.FlexGridFilter.4.5.2.resources.dll
1>          C:\Users\hansnguyen\.nuget\packages\c1.xaml.wpf.flexgridfilter\4.5.20213.749\lib\netcoreapp3.0\de\C1.WPF.FlexGridFilter.4.5.2.resources.dll
1>                  AssetType=resources
1>                  CopyLocal=true
1>                  Culture=de
1>                  DestinationSubDirectory=de\
1>                  DestinationSubPath=de\C1.WPF.FlexGridFilter.4.5.2.resources.dll
1>                  NuGetPackageId=C1.Xaml.WPF.FlexGridFilter
1>                  NuGetPackageVersion=4.5.20213.749
1>                  PathInPackage=lib/netcoreapp3.0/de/C1.WPF.FlexGridFilter.4.5.2.resources.dll
1>          C:\Users\hansnguyen\.nuget\packages\c1.xaml.wpf.flexgridfilter\4.5.20213.749\lib\netcoreapp3.0\el\C1.WPF.FlexGridFilter.4.5.2.resources.dll
1>                  AssetType=resources
1>                  CopyLocal=true
1>                  Culture=el
1>                  DestinationSubDirectory=el\
1>                  DestinationSubPath=el\C1.WPF.FlexGridFilter.4.5.2.resources.dll
1>                  NuGetPackageId=C1.Xaml.WPF.FlexGridFilter
1>                  NuGetPackageVersion=4.5.20213.749
1>                  PathInPackage=lib/netcoreapp3.0/el/C1.WPF.FlexGridFilter.4.5.2.resources.dll
1>          C:\Users\hansnguyen\.nuget\packages\c1.xaml.wpf.flexgridfilter\4.5.20213.749\lib\netcoreapp3.0\es\C1.WPF.FlexGridFilter.4.5.2.resources.dll
1>                  AssetType=resources
1>                  CopyLocal=true
1>                  Culture=es
1>                  DestinationSubDirectory=es\
1>                  DestinationSubPath=es\C1.WPF.FlexGridFilter.4.5.2.resources.dll
1>                  NuGetPackageId=C1.Xaml.WPF.FlexGridFilter
1>                  NuGetPackageVersion=4.5.20213.749
1>                  PathInPackage=lib/netcoreapp3.0/es/C1.WPF.FlexGridFilter.4.5.2.resources.dll
1>          C:\Users\hansnguyen\.nuget\packages\c1.xaml.wpf.flexgridfilter\4.5.20213.749\lib\netcoreapp3.0\fi\C1.WPF.FlexGridFilter.4.5.2.resources.dll
1>                  AssetType=resources
1>                  CopyLocal=true
1>                  Culture=fi
1>                  DestinationSubDirectory=fi\
1>                  DestinationSubPath=fi\C1.WPF.FlexGridFilter.4.5.2.resources.dll
1>                  NuGetPackageId=C1.Xaml.WPF.FlexGridFilter
1>                  NuGetPackageVersion=4.5.20213.749
1>                  PathInPackage=lib/netcoreapp3.0/fi/C1.WPF.FlexGridFilter.4.5.2.resources.dll
1>          C:\Users\hansnguyen\.nuget\packages\c1.xaml.wpf.flexgridfilter\4.5.20213.749\lib\netcoreapp3.0\fr\C1.WPF.FlexGridFilter.4.5.2.resources.dll
1>                  AssetType=resources
1>                  CopyLocal=true
1>                  Culture=fr
1>                  DestinationSubDirectory=fr\
1>                  DestinationSubPath=fr\C1.WPF.FlexGridFilter.4.5.2.resources.dll
1>                  NuGetPackageId=C1.Xaml.WPF.FlexGridFilter
1>                  NuGetPackageVersion=4.5.20213.749
1>                  PathInPackage=lib/netcoreapp3.0/fr/C1.WPF.FlexGridFilter.4.5.2.resources.dll
1>          C:\Users\hansnguyen\.nuget\packages\c1.xaml.wpf.flexgridfilter\4.5.20213.749\lib\netcoreapp3.0\he\C1.WPF.FlexGridFilter.4.5.2.resources.dll
1>                  AssetType=resources
1>                  CopyLocal=true
1>                  Culture=he
1>                  DestinationSubDirectory=he\
1>                  DestinationSubPath=he\C1.WPF.FlexGridFilter.4.5.2.resources.dll
1>                  NuGetPackageId=C1.Xaml.WPF.FlexGridFilter
1>                  NuGetPackageVersion=4.5.20213.749
1>                  PathInPackage=lib/netcoreapp3.0/he/C1.WPF.FlexGridFilter.4.5.2.resources.dll
1>          C:\Users\hansnguyen\.nuget\packages\c1.xaml.wpf.flexgridfilter\4.5.20213.749\lib\netcoreapp3.0\it\C1.WPF.FlexGridFilter.4.5.2.resources.dll
1>                  AssetType=resources
1>                  CopyLocal=true
1>                  Culture=it
1>                  DestinationSubDirectory=it\
1>                  DestinationSubPath=it\C1.WPF.FlexGridFilter.4.5.2.resources.dll
1>                  NuGetPackageId=C1.Xaml.WPF.FlexGridFilter
1>                  NuGetPackageVersion=4.5.20213.749
1>                  PathInPackage=lib/netcoreapp3.0/it/C1.WPF.FlexGridFilter.4.5.2.resources.dll
1>          C:\Users\hansnguyen\.nuget\packages\c1.xaml.wpf.flexgridfilter\4.5.20213.749\lib\netcoreapp3.0\ja\C1.WPF.FlexGridFilter.4.5.2.resources.dll
1>                  AssetType=resources
1>                  CopyLocal=true
1>                  Culture=ja
1>                  DestinationSubDirectory=ja\
1>                  DestinationSubPath=ja\C1.WPF.FlexGridFilter.4.5.2.resources.dll
1>                  NuGetPackageId=C1.Xaml.WPF.FlexGridFilter
1>                  NuGetPackageVersion=4.5.20213.749
1>                  PathInPackage=lib/netcoreapp3.0/ja/C1.WPF.FlexGridFilter.4.5.2.resources.dll
1>          C:\Users\hansnguyen\.nuget\packages\c1.xaml.wpf.flexgridfilter\4.5.20213.749\lib\netcoreapp3.0\ko\C1.WPF.FlexGridFilter.4.5.2.resources.dll
1>                  AssetType=resources
1>                  CopyLocal=true
1>                  Culture=ko
1>                  DestinationSubDirectory=ko\
1>                  DestinationSubPath=ko\C1.WPF.FlexGridFilter.4.5.2.resources.dll
1>                  NuGetPackageId=C1.Xaml.WPF.FlexGridFilter
1>                  NuGetPackageVersion=4.5.20213.749
1>                  PathInPackage=lib/netcoreapp3.0/ko/C1.WPF.FlexGridFilter.4.5.2.resources.dll
1>          C:\Users\hansnguyen\.nuget\packages\c1.xaml.wpf.flexgridfilter\4.5.20213.749\lib\netcoreapp3.0\nl\C1.WPF.FlexGridFilter.4.5.2.resources.dll
1>                  AssetType=resources
1>                  CopyLocal=true
1>                  Culture=nl
1>                  DestinationSubDirectory=nl\
1>                  DestinationSubPath=nl\C1.WPF.FlexGridFilter.4.5.2.resources.dll
1>                  NuGetPackageId=C1.Xaml.WPF.FlexGridFilter
1>                  NuGetPackageVersion=4.5.20213.749
1>                  PathInPackage=lib/netcoreapp3.0/nl/C1.WPF.FlexGridFilter.4.5.2.resources.dll
1>          C:\Users\hansnguyen\.nuget\packages\c1.xaml.wpf.flexgridfilter\4.5.20213.749\lib\netcoreapp3.0\no\C1.WPF.FlexGridFilter.4.5.2.resources.dll
1>                  AssetType=resources
1>                  CopyLocal=true
1>                  Culture=no
1>                  DestinationSubDirectory=no\
1>                  DestinationSubPath=no\C1.WPF.FlexGridFilter.4.5.2.resources.dll
1>                  NuGetPackageId=C1.Xaml.WPF.FlexGridFilter
1>                  NuGetPackageVersion=4.5.20213.749
1>                  PathInPackage=lib/netcoreapp3.0/no/C1.WPF.FlexGridFilter.4.5.2.resources.dll
1>          C:\Users\hansnguyen\.nuget\packages\c1.xaml.wpf.flexgridfilter\4.5.20213.749\lib\netcoreapp3.0\pl\C1.WPF.FlexGridFilter.4.5.2.resources.dll
1>                  AssetType=resources
1>                  CopyLocal=true
1>                  Culture=pl
1>                  DestinationSubDirectory=pl\
1>                  DestinationSubPath=pl\C1.WPF.FlexGridFilter.4.5.2.resources.dll
1>                  NuGetPackageId=C1.Xaml.WPF.FlexGridFilter
1>                  NuGetPackageVersion=4.5.20213.749
1>                  PathInPackage=lib/netcoreapp3.0/pl/C1.WPF.FlexGridFilter.4.5.2.resources.dll
1>          C:\Users\hansnguyen\.nuget\packages\c1.xaml.wpf.flexgridfilter\4.5.20213.749\lib\netcoreapp3.0\pt\C1.WPF.FlexGridFilter.4.5.2.resources.dll
1>                  AssetType=resources
1>                  CopyLocal=true
1>                  Culture=pt
1>                  DestinationSubDirectory=pt\
1>                  DestinationSubPath=pt\C1.WPF.FlexGridFilter.4.5.2.resources.dll
1>                  NuGetPackageId=C1.Xaml.WPF.FlexGridFilter
1>                  NuGetPackageVersion=4.5.20213.749
1>                  PathInPackage=lib/netcoreapp3.0/pt/C1.WPF.FlexGridFilter.4.5.2.resources.dll
1>          C:\Users\hansnguyen\.nuget\packages\c1.xaml.wpf.flexgridfilter\4.5.20213.749\lib\netcoreapp3.0\ro\C1.WPF.FlexGridFilter.4.5.2.resources.dll
1>                  AssetType=resources
1>                  CopyLocal=true
1>                  Culture=ro
1>                  DestinationSubDirectory=ro\
1>                  DestinationSubPath=ro\C1.WPF.FlexGridFilter.4.5.2.resources.dll
1>                  NuGetPackageId=C1.Xaml.WPF.FlexGridFilter
1>                  NuGetPackageVersion=4.5.20213.749
1>                  PathInPackage=lib/netcoreapp3.0/ro/C1.WPF.FlexGridFilter.4.5.2.resources.dll
1>          C:\Users\hansnguyen\.nuget\packages\c1.xaml.wpf.flexgridfilter\4.5.20213.749\lib\netcoreapp3.0\ru\C1.WPF.FlexGridFilter.4.5.2.resources.dll
1>                  AssetType=resources
1>                  CopyLocal=true
1>                  Culture=ru
1>                  DestinationSubDirectory=ru\
1>                  DestinationSubPath=ru\C1.WPF.FlexGridFilter.4.5.2.resources.dll
1>                  NuGetPackageId=C1.Xaml.WPF.FlexGridFilter
1>                  NuGetPackageVersion=4.5.20213.749
1>                  PathInPackage=lib/netcoreapp3.0/ru/C1.WPF.FlexGridFilter.4.5.2.resources.dll
1>          C:\Users\hansnguyen\.nuget\packages\c1.xaml.wpf.flexgridfilter\4.5.20213.749\lib\netcoreapp3.0\sk\C1.WPF.FlexGridFilter.4.5.2.resources.dll
1>                  AssetType=resources
1>                  CopyLocal=true
1>                  Culture=sk
1>                  DestinationSubDirectory=sk\
1>                  DestinationSubPath=sk\C1.WPF.FlexGridFilter.4.5.2.resources.dll
1>                  NuGetPackageId=C1.Xaml.WPF.FlexGridFilter
1>                  NuGetPackageVersion=4.5.20213.749
1>                  PathInPackage=lib/netcoreapp3.0/sk/C1.WPF.FlexGridFilter.4.5.2.resources.dll
1>          C:\Users\hansnguyen\.nuget\packages\c1.xaml.wpf.flexgridfilter\4.5.20213.749\lib\netcoreapp3.0\sv\C1.WPF.FlexGridFilter.4.5.2.resources.dll
1>                  AssetType=resources
1>                  CopyLocal=true
1>                  Culture=sv
1>                  DestinationSubDirectory=sv\
1>                  DestinationSubPath=sv\C1.WPF.FlexGridFilter.4.5.2.resources.dll
1>                  NuGetPackageId=C1.Xaml.WPF.FlexGridFilter
1>                  NuGetPackageVersion=4.5.20213.749
1>                  PathInPackage=lib/netcoreapp3.0/sv/C1.WPF.FlexGridFilter.4.5.2.resources.dll
1>          C:\Users\hansnguyen\.nuget\packages\c1.xaml.wpf.flexgridfilter\4.5.20213.749\lib\netcoreapp3.0\tr\C1.WPF.FlexGridFilter.4.5.2.resources.dll
1>                  AssetType=resources
1>                  CopyLocal=true
1>                  Culture=tr
1>                  DestinationSubDirectory=tr\
1>                  DestinationSubPath=tr\C1.WPF.FlexGridFilter.4.5.2.resources.dll
1>                  NuGetPackageId=C1.Xaml.WPF.FlexGridFilter
1>                  NuGetPackageVersion=4.5.20213.749
1>                  PathInPackage=lib/netcoreapp3.0/tr/C1.WPF.FlexGridFilter.4.5.2.resources.dll
1>          C:\Users\hansnguyen\.nuget\packages\c1.xaml.wpf.flexgridfilter\4.5.20213.749\lib\netcoreapp3.0\zh-Hans\C1.WPF.FlexGridFilter.4.5.2.resources.dll
1>                  AssetType=resources
1>                  CopyLocal=true
1>                  Culture=zh-Hans
1>                  DestinationSubDirectory=zh-Hans\
1>                  DestinationSubPath=zh-Hans\C1.WPF.FlexGridFilter.4.5.2.resources.dll
1>                  NuGetPackageId=C1.Xaml.WPF.FlexGridFilter
1>                  NuGetPackageVersion=4.5.20213.749
1>                  PathInPackage=lib/netcoreapp3.0/zh-Hans/C1.WPF.FlexGridFilter.4.5.2.resources.dll
1>          C:\Users\hansnguyen\.nuget\packages\c1.xaml.wpf.flexgridfilter\4.5.20213.749\lib\netcoreapp3.0\zh-Hant\C1.WPF.FlexGridFilter.4.5.2.resources.dll
1>                  AssetType=resources
1>                  CopyLocal=true
1>                  Culture=zh-Hant
1>                  DestinationSubDirectory=zh-Hant\
1>                  DestinationSubPath=zh-Hant\C1.WPF.FlexGridFilter.4.5.2.resources.dll
1>                  NuGetPackageId=C1.Xaml.WPF.FlexGridFilter
1>                  NuGetPackageVersion=4.5.20213.749
1>                  PathInPackage=lib/netcoreapp3.0/zh-Hant/C1.WPF.FlexGridFilter.4.5.2.resources.dll
1>          C:\Users\hansnguyen\.nuget\packages\c1.xaml.wpf.flexgridfilter\4.5.20213.749\lib\netcoreapp3.0\zh\C1.WPF.FlexGridFilter.4.5.2.resources.dll
1>                  AssetType=resources
1>                  CopyLocal=true
1>                  Culture=zh
1>                  DestinationSubDirectory=zh\
1>                  DestinationSubPath=zh\C1.WPF.FlexGridFilter.4.5.2.resources.dll
1>                  NuGetPackageId=C1.Xaml.WPF.FlexGridFilter
1>                  NuGetPackageVersion=4.5.20213.749
1>                  PathInPackage=lib/netcoreapp3.0/zh/C1.WPF.FlexGridFilter.4.5.2.resources.dll
1>Done building target "_HandlePackageFileConflicts" in project "GridWithMenuApp1_VS2022.csproj".
1>Target "ResolveTargetingPackAssets" skipped. Previously built successfully.
1>Target "ResolveAssemblyReferences" in file "C:\Program Files\Microsoft Visual Studio\2022\Preview\MSBuild\Current\Bin\amd64\Microsoft.Common.CurrentVersion.targets":
1>  Set Property: ResolveAssemblyReferencesStateFile=obj\Debug\netcoreapp3.0\GridWithMenuApp1_VS2022.csproj.AssemblyReference.cache
1>  Set Property: ResolveAssemblyReferencesSilent=false
1>  Set Property: ResolveAssemblyWarnOrErrorOnTargetArchitectureMismatch=Warning
1>  Set Property: ResolveAssemblyReferencesFindRelatedSatellites=true
1>  Set Property: ResolveAssemblyReferencesFindSerializationAssemblies=true
1>  Set Property: ResolveAssemblyReferencesFindRelatedFiles=true
1>  Set Property: FindDependenciesOfExternallyResolvedReferences=false
1>  Using "ResolveAssemblyReference" task from assembly "Microsoft.Build.Tasks.Core, Version=15.1.0.0, Culture=neutral, PublicKeyToken=b03f5f7f11d50a3a".
1>  Task "ResolveAssemblyReference"
1>    Task Parameter:FullTargetFrameworkSubsetNames=Full
1>    Task Parameter:StateFile=obj\Debug\netcoreapp3.0\GridWithMenuApp1_VS2022.csproj.AssemblyReference.cache
1>    Task Parameter:
1>        SearchPaths=
1>            {CandidateAssemblyFiles}
1>            {HintPathFromItem}
1>            {TargetFrameworkDirectory}
1>            {RawFileName}
1>    Task Parameter:FindSerializationAssemblies=True
1>    Task Parameter:FindSatellites=True
1>    Task Parameter:
1>        AllowedAssemblyExtensions=
1>            .winmd
1>            .dll
1>            .exe
1>    Task Parameter:
1>        Assemblies=
1>            C:\Users\hansnguyen\.nuget\packages\c1.xaml.wpf\4.5.20213.749\lib\netcoreapp3.0\C1.WPF.4.5.2.dll
1>                    ExternallyResolved=true
1>                    HintPath=C:\Users\hansnguyen\.nuget\packages\c1.xaml.wpf\4.5.20213.749\lib\netcoreapp3.0\C1.WPF.4.5.2.dll
1>                    NuGetPackageId=C1.Xaml.WPF
1>                    NuGetPackageVersion=4.5.20213.749
1>                    NuGetSourceType=Package
1>                    PathInPackage=lib/netcoreapp3.0/C1.WPF.4.5.2.dll
1>                    Private=false
1>            C:\Users\hansnguyen\.nuget\packages\c1.xaml.wpf.datetimeeditors\4.5.20213.749\lib\netcoreapp3.0\C1.WPF.DateTimeEditors.4.5.2.dll
1>                    ExternallyResolved=true
1>                    HintPath=C:\Users\hansnguyen\.nuget\packages\c1.xaml.wpf.datetimeeditors\4.5.20213.749\lib\netcoreapp3.0\C1.WPF.DateTimeEditors.4.5.2.dll
1>                    NuGetPackageId=C1.Xaml.WPF.DateTimeEditors
1>                    NuGetPackageVersion=4.5.20213.749
1>                    NuGetSourceType=Package
1>                    PathInPackage=lib/netcoreapp3.0/C1.WPF.DateTimeEditors.4.5.2.dll
1>                    Private=false
1>            C:\Users\hansnguyen\.nuget\packages\c1.xaml.wpf.flexgrid\4.5.20213.749\lib\netcoreapp3.0\C1.WPF.FlexGrid.4.5.2.dll
1>                    ExternallyResolved=true
1>                    HintPath=C:\Users\hansnguyen\.nuget\packages\c1.xaml.wpf.flexgrid\4.5.20213.749\lib\netcoreapp3.0\C1.WPF.FlexGrid.4.5.2.dll
1>                    NuGetPackageId=C1.Xaml.WPF.FlexGrid
1>                    NuGetPackageVersion=4.5.20213.749
1>                    NuGetSourceType=Package
1>                    PathInPackage=lib/netcoreapp3.0/C1.WPF.FlexGrid.4.5.2.dll
1>                    Private=false
1>            C:\Users\hansnguyen\.nuget\packages\c1.xaml.wpf.flexgrid.grouppanel\4.5.20213.749\lib\netcoreapp3.0\C1.WPF.FlexGrid.GroupPanel.4.5.2.dll
1>                    ExternallyResolved=true
1>                    HintPath=C:\Users\hansnguyen\.nuget\packages\c1.xaml.wpf.flexgrid.grouppanel\4.5.20213.749\lib\netcoreapp3.0\C1.WPF.FlexGrid.GroupPanel.4.5.2.dll
1>                    NuGetPackageId=C1.Xaml.WPF.FlexGrid.GroupPanel
1>                    NuGetPackageVersion=4.5.20213.749
1>                    NuGetSourceType=Package
1>                    PathInPackage=lib/netcoreapp3.0/C1.WPF.FlexGrid.GroupPanel.4.5.2.dll
1>                    Private=false
1>            C:\Users\hansnguyen\.nuget\packages\c1.xaml.wpf.flexgridfilter\4.5.20213.749\lib\netcoreapp3.0\C1.WPF.FlexGridFilter.4.5.2.dll
1>                    ExternallyResolved=true
1>                    HintPath=C:\Users\hansnguyen\.nuget\packages\c1.xaml.wpf.flexgridfilter\4.5.20213.749\lib\netcoreapp3.0\C1.WPF.FlexGridFilter.4.5.2.dll
1>                    NuGetPackageId=C1.Xaml.WPF.FlexGridFilter
1>                    NuGetPackageVersion=4.5.20213.749
1>                    NuGetSourceType=Package
1>                    PathInPackage=lib/netcoreapp3.0/C1.WPF.FlexGridFilter.4.5.2.dll
1>                    Private=false
1>            C:\Users\hansnguyen\.nuget\packages\c1.xaml.wpf.toolbar\4.5.20213.749\lib\netcoreapp3.0\C1.WPF.Toolbar.4.5.2.dll
1>                    ExternallyResolved=true
1>                    HintPath=C:\Users\hansnguyen\.nuget\packages\c1.xaml.wpf.toolbar\4.5.20213.749\lib\netcoreapp3.0\C1.WPF.Toolbar.4.5.2.dll
1>                    NuGetPackageId=C1.Xaml.WPF.Toolbar
1>                    NuGetPackageVersion=4.5.20213.749
1>                    NuGetSourceType=Package
1>                    PathInPackage=lib/netcoreapp3.0/C1.WPF.Toolbar.4.5.2.dll
1>                    Private=false
1>            C:\Users\hansnguyen\.nuget\packages\microsoft.netcore.app.ref\3.0.0\ref\netcoreapp3.0\Microsoft.CSharp.dll
1>                    AssemblyVersion=4.0.0.0
1>                    ExternallyResolved=true
1>                    FileVersion=4.700.19.46214
1>                    FrameworkReferenceName=Microsoft.NETCore.App
1>                    FrameworkReferenceVersion=3.0.0
1>                    NuGetPackageId=Microsoft.NETCore.App.Ref
1>                    NuGetPackageVersion=3.0.0
1>                    Private=false
1>                    PublicKeyToken=b03f5f7f11d50a3a
1>            C:\Users\hansnguyen\.nuget\packages\microsoft.netcore.app.ref\3.0.0\ref\netcoreapp3.0\Microsoft.VisualBasic.Core.dll
1>                    AssemblyVersion=10.0.4.0
1>                    ExternallyResolved=true
1>                    FileVersion=4.700.19.46214
1>                    FrameworkReferenceName=Microsoft.NETCore.App
1>                    FrameworkReferenceVersion=3.0.0
1>                    NuGetPackageId=Microsoft.NETCore.App.Ref
1>                    NuGetPackageVersion=3.0.0
1>                    Private=false
1>                    PublicKeyToken=b03f5f7f11d50a3a
1>            C:\Users\hansnguyen\.nuget\packages\microsoft.netcore.app.ref\3.0.0\ref\netcoreapp3.0\Microsoft.VisualBasic.dll
1>                    AssemblyVersion=10.0.0.0
1>                    ExternallyResolved=true
1>                    FileVersion=4.700.19.46214
1>                    FrameworkReferenceName=Microsoft.NETCore.App
1>                    FrameworkReferenceVersion=3.0.0
1>                    NuGetPackageId=Microsoft.NETCore.App.Ref
1>                    NuGetPackageVersion=3.0.0
1>                    Private=false
1>                    PublicKeyToken=b03f5f7f11d50a3a
1>            C:\Users\hansnguyen\.nuget\packages\microsoft.netcore.app.ref\3.0.0\ref\netcoreapp3.0\Microsoft.Win32.Primitives.dll
1>                    AssemblyVersion=4.1.1.0
1>                    ExternallyResolved=true
1>                    FileVersion=4.700.19.46214
1>                    FrameworkReferenceName=Microsoft.NETCore.App
1>                    FrameworkReferenceVersion=3.0.0
1>                    NuGetPackageId=Microsoft.NETCore.App.Ref
1>                    NuGetPackageVersion=3.0.0
1>                    Private=false
1>                    PublicKeyToken=b03f5f7f11d50a3a
1>            C:\Users\hansnguyen\.nuget\packages\microsoft.netcore.app.ref\3.0.0\ref\netcoreapp3.0\System.AppContext.dll
1>                    AssemblyVersion=4.2.1.0
1>                    ExternallyResolved=true
1>                    FileVersion=4.700.19.46214
1>                    FrameworkReferenceName=Microsoft.NETCore.App
1>                    FrameworkReferenceVersion=3.0.0
1>                    NuGetPackageId=Microsoft.NETCore.App.Ref
1>                    NuGetPackageVersion=3.0.0
1>                    Private=false
1>                    PublicKeyToken=b03f5f7f11d50a3a
1>            C:\Users\hansnguyen\.nuget\packages\microsoft.netcore.app.ref\3.0.0\ref\netcoreapp3.0\System.Buffers.dll
1>                    AssemblyVersion=4.0.2.0
1>                    ExternallyResolved=true
1>                    FileVersion=4.700.19.46214
1>                    FrameworkReferenceName=Microsoft.NETCore.App
1>                    FrameworkReferenceVersion=3.0.0
1>                    NuGetPackageId=Microsoft.NETCore.App.Ref
1>                    NuGetPackageVersion=3.0.0
1>                    Private=false
1>                    PublicKeyToken=cc7b13ffcd2ddd51
1>            C:\Users\hansnguyen\.nuget\packages\microsoft.netcore.app.ref\3.0.0\ref\netcoreapp3.0\System.Collections.Concurrent.dll
1>                    AssemblyVersion=4.0.14.0
1>                    ExternallyResolved=true
1>                    FileVersion=4.700.19.46214
1>                    FrameworkReferenceName=Microsoft.NETCore.App
1>                    FrameworkReferenceVersion=3.0.0
1>                    NuGetPackageId=Microsoft.NETCore.App.Ref
1>                    NuGetPackageVersion=3.0.0
1>                    Private=false
1>                    PublicKeyToken=b03f5f7f11d50a3a
1>            C:\Users\hansnguyen\.nuget\packages\microsoft.netcore.app.ref\3.0.0\ref\netcoreapp3.0\System.Collections.Immutable.dll
1>                    AssemblyVersion=1.2.4.0
1>                    ExternallyResolved=true
1>                    FileVersion=4.700.19.46214
1>                    FrameworkReferenceName=Microsoft.NETCore.App
1>                    FrameworkReferenceVersion=3.0.0
1>                    NuGetPackageId=Microsoft.NETCore.App.Ref
1>                    NuGetPackageVersion=3.0.0
1>                    Private=false
1>                    PublicKeyToken=b03f5f7f11d50a3a
1>            C:\Users\hansnguyen\.nuget\packages\microsoft.netcore.app.ref\3.0.0\ref\netcoreapp3.0\System.Collections.NonGeneric.dll
1>                    AssemblyVersion=4.1.1.0
1>                    ExternallyResolved=true
1>                    FileVersion=4.700.19.46214
1>                    FrameworkReferenceName=Microsoft.NETCore.App
1>                    FrameworkReferenceVersion=3.0.0
1>                    NuGetPackageId=Microsoft.NETCore.App.Ref
1>                    NuGetPackageVersion=3.0.0
1>                    Private=false
1>                    PublicKeyToken=b03f5f7f11d50a3a
1>            C:\Users\hansnguyen\.nuget\packages\microsoft.netcore.app.ref\3.0.0\ref\netcoreapp3.0\System.Collections.Specialized.dll
1>                    AssemblyVersion=4.1.1.0
1>                    ExternallyResolved=true
1>                    FileVersion=4.700.19.46214
1>                    FrameworkReferenceName=Microsoft.NETCore.App
1>                    FrameworkReferenceVersion=3.0.0
1>                    NuGetPackageId=Microsoft.NETCore.App.Ref
1>                    NuGetPackageVersion=3.0.0
1>                    Private=false
1>                    PublicKeyToken=b03f5f7f11d50a3a
1>            C:\Users\hansnguyen\.nuget\packages\microsoft.netcore.app.ref\3.0.0\ref\netcoreapp3.0\System.Collections.dll
1>                    AssemblyVersion=4.1.1.0
1>                    ExternallyResolved=true
1>                    FileVersion=4.700.19.46214
1>                    FrameworkReferenceName=Microsoft.NETCore.App
1>                    FrameworkReferenceVersion=3.0.0
1>                    NuGetPackageId=Microsoft.NETCore.App.Ref
1>                    NuGetPackageVersion=3.0.0
1>                    Private=false
1>                    PublicKeyToken=b03f5f7f11d50a3a
1>            C:\Users\hansnguyen\.nuget\packages\microsoft.netcore.app.ref\3.0.0\ref\netcoreapp3.0\System.ComponentModel.Annotations.dll
1>                    AssemblyVersion=4.3.0.0
1>                    ExternallyResolved=true
1>                    FileVersion=4.700.19.46214
1>                    FrameworkReferenceName=Microsoft.NETCore.App
1>                    FrameworkReferenceVersion=3.0.0
1>                    NuGetPackageId=Microsoft.NETCore.App.Ref
1>                    NuGetPackageVersion=3.0.0
1>                    Private=false
1>                    PublicKeyToken=b03f5f7f11d50a3a
1>            C:\Users\hansnguyen\.nuget\packages\microsoft.netcore.app.ref\3.0.0\ref\netcoreapp3.0\System.ComponentModel.DataAnnotations.dll
1>                    AssemblyVersion=4.0.0.0
1>                    ExternallyResolved=true
1>                    FileVersion=4.700.19.46214
1>                    FrameworkReferenceName=Microsoft.NETCore.App
1>                    FrameworkReferenceVersion=3.0.0
1>                    NuGetPackageId=Microsoft.NETCore.App.Ref
1>                    NuGetPackageVersion=3.0.0
1>                    Private=false
1>                    PublicKeyToken=31bf3856ad364e35
1>            C:\Users\hansnguyen\.nuget\packages\microsoft.netcore.app.ref\3.0.0\ref\netcoreapp3.0\System.ComponentModel.EventBasedAsync.dll
1>                    AssemblyVersion=4.1.1.0
1>                    ExternallyResolved=true
1>                    FileVersion=4.700.19.46214
1>                    FrameworkReferenceName=Microsoft.NETCore.App
1>                    FrameworkReferenceVersion=3.0.0
1>                    NuGetPackageId=Microsoft.NETCore.App.Ref
1>                    NuGetPackageVersion=3.0.0
1>                    Private=false
1>                    PublicKeyToken=b03f5f7f11d50a3a
1>            C:\Users\hansnguyen\.nuget\packages\microsoft.netcore.app.ref\3.0.0\ref\netcoreapp3.0\System.ComponentModel.Primitives.dll
1>                    AssemblyVersion=4.2.1.0
1>                    ExternallyResolved=true
1>                    FileVersion=4.700.19.46214
1>                    FrameworkReferenceName=Microsoft.NETCore.App
1>                    FrameworkReferenceVersion=3.0.0
1>                    NuGetPackageId=Microsoft.NETCore.App.Ref
1>                    NuGetPackageVersion=3.0.0
1>                    Private=false
1>                    PublicKeyToken=b03f5f7f11d50a3a
1>            C:\Users\hansnguyen\.nuget\packages\microsoft.netcore.app.ref\3.0.0\ref\netcoreapp3.0\System.ComponentModel.TypeConverter.dll
1>                    AssemblyVersion=4.2.1.0
1>                    ExternallyResolved=true
1>                    FileVersion=4.700.19.46214
1>                    FrameworkReferenceName=Microsoft.NETCore.App
1>                    FrameworkReferenceVersion=3.0.0
1>                    NuGetPackageId=Microsoft.NETCore.App.Ref
1>                    NuGetPackageVersion=3.0.0
1>                    Private=false
1>                    PublicKeyToken=b03f5f7f11d50a3a
1>            C:\Users\hansnguyen\.nuget\packages\microsoft.netcore.app.ref\3.0.0\ref\netcoreapp3.0\System.ComponentModel.dll
1>                    AssemblyVersion=4.0.3.0
1>                    ExternallyResolved=true
1>                    FileVersion=4.700.19.46214
1>                    FrameworkReferenceName=Microsoft.NETCore.App
1>                    FrameworkReferenceVersion=3.0.0
1>                    NuGetPackageId=Microsoft.NETCore.App.Ref
1>                    NuGetPackageVersion=3.0.0
1>                    Private=false
1>                    PublicKeyToken=b03f5f7f11d50a3a
1>            C:\Users\hansnguyen\.nuget\packages\microsoft.netcore.app.ref\3.0.0\ref\netcoreapp3.0\System.Configuration.dll
1>                    AssemblyVersion=4.0.0.0
1>                    ExternallyResolved=true
1>                    FileVersion=4.700.19.46214
1>                    FrameworkReferenceName=Microsoft.NETCore.App
1>                    FrameworkReferenceVersion=3.0.0
1>                    NuGetPackageId=Microsoft.NETCore.App.Ref
1>                    NuGetPackageVersion=3.0.0
1>                    Private=false
1>                    PublicKeyToken=b03f5f7f11d50a3a
1>            C:\Users\hansnguyen\.nuget\packages\microsoft.netcore.app.ref\3.0.0\ref\netcoreapp3.0\System.Console.dll
1>                    AssemblyVersion=4.1.1.0
1>                    ExternallyResolved=true
1>                    FileVersion=4.700.19.46214
1>                    FrameworkReferenceName=Microsoft.NETCore.App
1>                    FrameworkReferenceVersion=3.0.0
1>                    NuGetPackageId=Microsoft.NETCore.App.Ref
1>                    NuGetPackageVersion=3.0.0
1>                    Private=false
1>                    PublicKeyToken=b03f5f7f11d50a3a
1>            C:\Users\hansnguyen\.nuget\packages\microsoft.netcore.app.ref\3.0.0\ref\netcoreapp3.0\System.Core.dll
1>                    AssemblyVersion=4.0.0.0
1>                    ExternallyResolved=true
1>                    FileVersion=4.700.19.46214
1>                    FrameworkReferenceName=Microsoft.NETCore.App
1>                    FrameworkReferenceVersion=3.0.0
1>                    NuGetPackageId=Microsoft.NETCore.App.Ref
1>                    NuGetPackageVersion=3.0.0
1>                    Private=false
1>                    PublicKeyToken=b77a5c561934e089
1>            C:\Users\hansnguyen\.nuget\packages\microsoft.netcore.app.ref\3.0.0\ref\netcoreapp3.0\System.Data.Common.dll
1>                    AssemblyVersion=4.2.1.0
1>                    ExternallyResolved=true
1>                    FileVersion=4.700.19.46214
1>                    FrameworkReferenceName=Microsoft.NETCore.App
1>                    FrameworkReferenceVersion=3.0.0
1>                    NuGetPackageId=Microsoft.NETCore.App.Ref
1>                    NuGetPackageVersion=3.0.0
1>                    Private=false
1>                    PublicKeyToken=b03f5f7f11d50a3a
1>            C:\Users\hansnguyen\.nuget\packages\microsoft.netcore.app.ref\3.0.0\ref\netcoreapp3.0\System.Data.DataSetExtensions.dll
1>                    AssemblyVersion=4.0.0.0
1>                    ExternallyResolved=true
1>                    FileVersion=4.700.19.46214
1>                    FrameworkReferenceName=Microsoft.NETCore.App
1>                    FrameworkReferenceVersion=3.0.0
1>                    NuGetPackageId=Microsoft.NETCore.App.Ref
1>                    NuGetPackageVersion=3.0.0
1>                    Private=false
1>                    PublicKeyToken=b77a5c561934e089
1>            C:\Users\hansnguyen\.nuget\packages\microsoft.netcore.app.ref\3.0.0\ref\netcoreapp3.0\System.Data.dll
1>                    AssemblyVersion=4.0.0.0
1>                    ExternallyResolved=true
1>                    FileVersion=4.700.19.46214
1>                    FrameworkReferenceName=Microsoft.NETCore.App
1>                    FrameworkReferenceVersion=3.0.0
1>                    NuGetPackageId=Microsoft.NETCore.App.Ref
1>                    NuGetPackageVersion=3.0.0
1>                    Private=false
1>                    PublicKeyToken=b77a5c561934e089
1>            C:\Users\hansnguyen\.nuget\packages\microsoft.netcore.app.ref\3.0.0\ref\netcoreapp3.0\System.Diagnostics.Contracts.dll
1>                    AssemblyVersion=4.0.3.0
1>                    ExternallyResolved=true
1>                    FileVersion=4.700.19.46214
1>                    FrameworkReferenceName=Microsoft.NETCore.App
1>                    FrameworkReferenceVersion=3.0.0
1>                    NuGetPackageId=Microsoft.NETCore.App.Ref
1>                    NuGetPackageVersion=3.0.0
1>                    Private=false
1>                    PublicKeyToken=b03f5f7f11d50a3a
1>            C:\Users\hansnguyen\.nuget\packages\microsoft.netcore.app.ref\3.0.0\ref\netcoreapp3.0\System.Diagnostics.Debug.dll
1>                    AssemblyVersion=4.1.1.0
1>                    ExternallyResolved=true
1>                    FileVersion=4.700.19.46214
1>                    FrameworkReferenceName=Microsoft.NETCore.App
1>                    FrameworkReferenceVersion=3.0.0
1>                    NuGetPackageId=Microsoft.NETCore.App.Ref
1>                    NuGetPackageVersion=3.0.0
1>                    Private=false
1>                    PublicKeyToken=b03f5f7f11d50a3a
1>            C:\Users\hansnguyen\.nuget\packages\microsoft.netcore.app.ref\3.0.0\ref\netcoreapp3.0\System.Diagnostics.DiagnosticSource.dll
1>                    AssemblyVersion=4.0.4.0
1>                    ExternallyResolved=true
1>                    FileVersion=4.700.19.46214
1>                    FrameworkReferenceName=Microsoft.NETCore.App
1>                    FrameworkReferenceVersion=3.0.0
1>                    NuGetPackageId=Microsoft.NETCore.App.Ref
1>                    NuGetPackageVersion=3.0.0
1>                    Private=false
1>                    PublicKeyToken=cc7b13ffcd2ddd51
1>            C:\Users\hansnguyen\.nuget\packages\microsoft.netcore.app.ref\3.0.0\ref\netcoreapp3.0\System.Diagnostics.FileVersionInfo.dll
1>                    AssemblyVersion=4.0.3.0
1>                    ExternallyResolved=true
1>                    FileVersion=4.700.19.46214
1>                    FrameworkReferenceName=Microsoft.NETCore.App
1>                    FrameworkReferenceVersion=3.0.0
1>                    NuGetPackageId=Microsoft.NETCore.App.Ref
1>                    NuGetPackageVersion=3.0.0
1>                    Private=false
1>                    PublicKeyToken=b03f5f7f11d50a3a
1>            C:\Users\hansnguyen\.nuget\packages\microsoft.netcore.app.ref\3.0.0\ref\netcoreapp3.0\System.Diagnostics.Process.dll
1>                    AssemblyVersion=4.2.1.0
1>                    ExternallyResolved=true
1>                    FileVersion=4.700.19.46214
1>                    FrameworkReferenceName=Microsoft.NETCore.App
1>                    FrameworkReferenceVersion=3.0.0
1>                    NuGetPackageId=Microsoft.NETCore.App.Ref
1>                    NuGetPackageVersion=3.0.0
1>                    Private=false
1>                    PublicKeyToken=b03f5f7f11d50a3a
1>            C:\Users\hansnguyen\.nuget\packages\microsoft.netcore.app.ref\3.0.0\ref\netcoreapp3.0\System.Diagnostics.StackTrace.dll
1>                    AssemblyVersion=4.1.1.0
1>                    ExternallyResolved=true
1>                    FileVersion=4.700.19.46214
1>                    FrameworkReferenceName=Microsoft.NETCore.App
1>                    FrameworkReferenceVersion=3.0.0
1>                    NuGetPackageId=Microsoft.NETCore.App.Ref
1>                    NuGetPackageVersion=3.0.0
1>                    Private=false
1>                    PublicKeyToken=b03f5f7f11d50a3a
1>            C:\Users\hansnguyen\.nuget\packages\microsoft.netcore.app.ref\3.0.0\ref\netcoreapp3.0\System.Diagnostics.TextWriterTraceListener.dll
1>                    AssemblyVersion=4.1.1.0
1>                    ExternallyResolved=true
1>                    FileVersion=4.700.19.46214
1>                    FrameworkReferenceName=Microsoft.NETCore.App
1>                    FrameworkReferenceVersion=3.0.0
1>                    NuGetPackageId=Microsoft.NETCore.App.Ref
1>                    NuGetPackageVersion=3.0.0
1>                    Private=false
1>                    PublicKeyToken=b03f5f7f11d50a3a
1>            C:\Users\hansnguyen\.nuget\packages\microsoft.netcore.app.ref\3.0.0\ref\netcoreapp3.0\System.Diagnostics.Tools.dll
1>                    AssemblyVersion=4.1.1.0
1>                    ExternallyResolved=true
1>                    FileVersion=4.700.19.46214
1>                    FrameworkReferenceName=Microsoft.NETCore.App
1>                    FrameworkReferenceVersion=3.0.0
1>                    NuGetPackageId=Microsoft.NETCore.App.Ref
1>                    NuGetPackageVersion=3.0.0
1>                    Private=false
1>                    PublicKeyToken=b03f5f7f11d50a3a
1>            C:\Users\hansnguyen\.nuget\packages\microsoft.netcore.app.ref\3.0.0\ref\netcoreapp3.0\System.Diagnostics.TraceSource.dll
1>                    AssemblyVersion=4.1.1.0
1>                    ExternallyResolved=true
1>                    FileVersion=4.700.19.46214
1>                    FrameworkReferenceName=Microsoft.NETCore.App
1>                    FrameworkReferenceVersion=3.0.0
1>                    NuGetPackageId=Microsoft.NETCore.App.Ref
1>                    NuGetPackageVersion=3.0.0
1>                    Private=false
1>                    PublicKeyToken=b03f5f7f11d50a3a
1>            C:\Users\hansnguyen\.nuget\packages\microsoft.netcore.app.ref\3.0.0\ref\netcoreapp3.0\System.Diagnostics.Tracing.dll
1>                    AssemblyVersion=4.2.1.0
1>                    ExternallyResolved=true
1>                    FileVersion=4.700.19.46214
1>                    FrameworkReferenceName=Microsoft.NETCore.App
1>                    FrameworkReferenceVersion=3.0.0
1>                    NuGetPackageId=Microsoft.NETCore.App.Ref
1>                    NuGetPackageVersion=3.0.0
1>                    Private=false
1>                    PublicKeyToken=b03f5f7f11d50a3a
1>            C:\Users\hansnguyen\.nuget\packages\microsoft.netcore.app.ref\3.0.0\ref\netcoreapp3.0\System.Drawing.Primitives.dll
1>                    AssemblyVersion=4.2.0.0
1>                    ExternallyResolved=true
1>                    FileVersion=4.700.19.46214
1>                    FrameworkReferenceName=Microsoft.NETCore.App
1>                    FrameworkReferenceVersion=3.0.0
1>                    NuGetPackageId=Microsoft.NETCore.App.Ref
1>                    NuGetPackageVersion=3.0.0
1>                    Private=false
1>                    PublicKeyToken=b03f5f7f11d50a3a
1>            C:\Users\hansnguyen\.nuget\packages\microsoft.netcore.app.ref\3.0.0\ref\netcoreapp3.0\System.Drawing.dll
1>                    AssemblyVersion=4.0.0.0
1>                    ExternallyResolved=true
1>                    FileVersion=4.700.19.46214
1>                    FrameworkReferenceName=Microsoft.NETCore.App
1>                    FrameworkReferenceVersion=3.0.0
1>                    NuGetPackageId=Microsoft.NETCore.App.Ref
1>                    NuGetPackageVersion=3.0.0
1>                    Private=false
1>                    PublicKeyToken=b03f5f7f11d50a3a
1>            C:\Users\hansnguyen\.nuget\packages\microsoft.netcore.app.ref\3.0.0\ref\netcoreapp3.0\System.Dynamic.Runtime.dll
1>                    AssemblyVersion=4.1.1.0
1>                    ExternallyResolved=true
1>                    FileVersion=4.700.19.46214
1>                    FrameworkReferenceName=Microsoft.NETCore.App
1>                    FrameworkReferenceVersion=3.0.0
1>                    NuGetPackageId=Microsoft.NETCore.App.Ref
1>                    NuGetPackageVersion=3.0.0
1>                    Private=false
1>                    PublicKeyToken=b03f5f7f11d50a3a
1>            C:\Users\hansnguyen\.nuget\packages\microsoft.netcore.app.ref\3.0.0\ref\netcoreapp3.0\System.Globalization.Calendars.dll
1>                    AssemblyVersion=4.1.1.0
1>                    ExternallyResolved=true
1>                    FileVersion=4.700.19.46214
1>                    FrameworkReferenceName=Microsoft.NETCore.App
1>                    FrameworkReferenceVersion=3.0.0
1>                    NuGetPackageId=Microsoft.NETCore.App.Ref
1>                    NuGetPackageVersion=3.0.0
1>                    Private=false
1>                    PublicKeyToken=b03f5f7f11d50a3a
1>            C:\Users\hansnguyen\.nuget\packages\microsoft.netcore.app.ref\3.0.0\ref\netcoreapp3.0\System.Globalization.Extensions.dll
1>                    AssemblyVersion=4.1.1.0
1>                    ExternallyResolved=true
1>                    FileVersion=4.700.19.46214
1>                    FrameworkReferenceName=Microsoft.NETCore.App
1>                    FrameworkReferenceVersion=3.0.0
1>                    NuGetPackageId=Microsoft.NETCore.App.Ref
1>                    NuGetPackageVersion=3.0.0
1>                    Private=false
1>                    PublicKeyToken=b03f5f7f11d50a3a
1>            C:\Users\hansnguyen\.nuget\packages\microsoft.netcore.app.ref\3.0.0\ref\netcoreapp3.0\System.Globalization.dll
1>                    AssemblyVersion=4.1.1.0
1>                    ExternallyResolved=true
1>                    FileVersion=4.700.19.46214
1>                    FrameworkReferenceName=Microsoft.NETCore.App
1>                    FrameworkReferenceVersion=3.0.0
1>                    NuGetPackageId=Microsoft.NETCore.App.Ref
1>                    NuGetPackageVersion=3.0.0
1>                    Private=false
1>                    PublicKeyToken=b03f5f7f11d50a3a
1>            C:\Users\hansnguyen\.nuget\packages\microsoft.netcore.app.ref\3.0.0\ref\netcoreapp3.0\System.IO.Compression.Brotli.dll
1>                    AssemblyVersion=4.2.1.0
1>                    ExternallyResolved=true
1>                    FileVersion=4.700.19.46214
1>                    FrameworkReferenceName=Microsoft.NETCore.App
1>                    FrameworkReferenceVersion=3.0.0
1>                    NuGetPackageId=Microsoft.NETCore.App.Ref
1>                    NuGetPackageVersion=3.0.0
1>                    Private=false
1>                    PublicKeyToken=b77a5c561934e089
1>            C:\Users\hansnguyen\.nuget\packages\microsoft.netcore.app.ref\3.0.0\ref\netcoreapp3.0\System.IO.Compression.FileSystem.dll
1>                    AssemblyVersion=4.0.0.0
1>                    ExternallyResolved=true
1>                    FileVersion=4.700.19.46214
1>                    FrameworkReferenceName=Microsoft.NETCore.App
1>                    FrameworkReferenceVersion=3.0.0
1>                    NuGetPackageId=Microsoft.NETCore.App.Ref
1>                    NuGetPackageVersion=3.0.0
1>                    Private=false
1>                    PublicKeyToken=b77a5c561934e089
1>            C:\Users\hansnguyen\.nuget\packages\microsoft.netcore.app.ref\3.0.0\ref\netcoreapp3.0\System.IO.Compression.ZipFile.dll
1>                    AssemblyVersion=4.0.4.0
1>                    ExternallyResolved=true
1>                    FileVersion=4.700.19.46214
1>                    FrameworkReferenceName=Microsoft.NETCore.App
1>                    FrameworkReferenceVersion=3.0.0
1>                    NuGetPackageId=Microsoft.NETCore.App.Ref
1>                    NuGetPackageVersion=3.0.0
1>                    Private=false
1>                    PublicKeyToken=b77a5c561934e089
1>            C:\Users\hansnguyen\.nuget\packages\microsoft.netcore.app.ref\3.0.0\ref\netcoreapp3.0\System.IO.Compression.dll
1>                    AssemblyVersion=4.2.1.0
1>                    ExternallyResolved=true
1>                    FileVersion=4.700.19.46214
1>                    FrameworkReferenceName=Microsoft.NETCore.App
1>                    FrameworkReferenceVersion=3.0.0
1>                    NuGetPackageId=Microsoft.NETCore.App.Ref
1>                    NuGetPackageVersion=3.0.0
1>                    Private=false
1>                    PublicKeyToken=b77a5c561934e089
1>            C:\Users\hansnguyen\.nuget\packages\microsoft.netcore.app.ref\3.0.0\ref\netcoreapp3.0\System.IO.FileSystem.DriveInfo.dll
1>                    AssemblyVersion=4.1.1.0
1>                    ExternallyResolved=true
1>                    FileVersion=4.700.19.46214
1>                    FrameworkReferenceName=Microsoft.NETCore.App
1>                    FrameworkReferenceVersion=3.0.0
1>                    NuGetPackageId=Microsoft.NETCore.App.Ref
1>                    NuGetPackageVersion=3.0.0
1>                    Private=false
1>                    PublicKeyToken=b03f5f7f11d50a3a
1>            C:\Users\hansnguyen\.nuget\packages\microsoft.netcore.app.ref\3.0.0\ref\netcoreapp3.0\System.IO.FileSystem.Primitives.dll
1>                    AssemblyVersion=4.1.1.0
1>                    ExternallyResolved=true
1>                    FileVersion=4.700.19.46214
1>                    FrameworkReferenceName=Microsoft.NETCore.App
1>                    FrameworkReferenceVersion=3.0.0
1>                    NuGetPackageId=Microsoft.NETCore.App.Ref
1>                    NuGetPackageVersion=3.0.0
1>                    Private=false
1>                    PublicKeyToken=b03f5f7f11d50a3a
1>            C:\Users\hansnguyen\.nuget\packages\microsoft.netcore.app.ref\3.0.0\ref\netcoreapp3.0\System.IO.FileSystem.Watcher.dll
1>                    AssemblyVersion=4.1.1.0
1>                    ExternallyResolved=true
1>                    FileVersion=4.700.19.46214
1>                    FrameworkReferenceName=Microsoft.NETCore.App
1>                    FrameworkReferenceVersion=3.0.0
1>                    NuGetPackageId=Microsoft.NETCore.App.Ref
1>                    NuGetPackageVersion=3.0.0
1>                    Private=false
1>                    PublicKeyToken=b03f5f7f11d50a3a
1>            C:\Users\hansnguyen\.nuget\packages\microsoft.netcore.app.ref\3.0.0\ref\netcoreapp3.0\System.IO.FileSystem.dll
1>                    AssemblyVersion=4.1.1.0
1>                    ExternallyResolved=true
1>                    FileVersion=4.700.19.46214
1>                    FrameworkReferenceName=Microsoft.NETCore.App
1>                    FrameworkReferenceVersion=3.0.0
1>                    NuGetPackageId=Microsoft.NETCore.App.Ref
1>                    NuGetPackageVersion=3.0.0
1>                    Private=false
1>                    PublicKeyToken=b03f5f7f11d50a3a
1>            C:\Users\hansnguyen\.nuget\packages\microsoft.netcore.app.ref\3.0.0\ref\netcoreapp3.0\System.IO.IsolatedStorage.dll
1>                    AssemblyVersion=4.1.1.0
1>                    ExternallyResolved=true
1>                    FileVersion=4.700.19.46214
1>                    FrameworkReferenceName=Microsoft.NETCore.App
1>                    FrameworkReferenceVersion=3.0.0
1>                    NuGetPackageId=Microsoft.NETCore.App.Ref
1>                    NuGetPackageVersion=3.0.0
1>                    Private=false
1>                    PublicKeyToken=b03f5f7f11d50a3a
1>            C:\Users\hansnguyen\.nuget\packages\microsoft.netcore.app.ref\3.0.0\ref\netcoreapp3.0\System.IO.MemoryMappedFiles.dll
1>                    AssemblyVersion=4.1.1.0
1>                    ExternallyResolved=true
1>                    FileVersion=4.700.19.46214
1>                    FrameworkReferenceName=Microsoft.NETCore.App
1>                    FrameworkReferenceVersion=3.0.0
1>                    NuGetPackageId=Microsoft.NETCore.App.Ref
1>                    NuGetPackageVersion=3.0.0
1>                    Private=false
1>                    PublicKeyToken=b03f5f7f11d50a3a
1>            C:\Users\hansnguyen\.nuget\packages\microsoft.netcore.app.ref\3.0.0\ref\netcoreapp3.0\System.IO.Pipes.dll
1>                    AssemblyVersion=4.1.1.0
1>                    ExternallyResolved=true
1>                    FileVersion=4.700.19.46214
1>                    FrameworkReferenceName=Microsoft.NETCore.App
1>                    FrameworkReferenceVersion=3.0.0
1>                    NuGetPackageId=Microsoft.NETCore.App.Ref
1>                    NuGetPackageVersion=3.0.0
1>                    Private=false
1>                    PublicKeyToken=b03f5f7f11d50a3a
1>            C:\Users\hansnguyen\.nuget\packages\microsoft.netcore.app.ref\3.0.0\ref\netcoreapp3.0\System.IO.UnmanagedMemoryStream.dll
1>                    AssemblyVersion=4.1.1.0
1>                    ExternallyResolved=true
1>                    FileVersion=4.700.19.46214
1>                    FrameworkReferenceName=Microsoft.NETCore.App
1>                    FrameworkReferenceVersion=3.0.0
1>                    NuGetPackageId=Microsoft.NETCore.App.Ref
1>                    NuGetPackageVersion=3.0.0
1>                    Private=false
1>                    PublicKeyToken=b03f5f7f11d50a3a
1>            C:\Users\hansnguyen\.nuget\packages\microsoft.netcore.app.ref\3.0.0\ref\netcoreapp3.0\System.IO.dll
1>                    AssemblyVersion=4.2.1.0
1>                    ExternallyResolved=true
1>                    FileVersion=4.700.19.46214
1>                    FrameworkReferenceName=Microsoft.NETCore.App
1>                    FrameworkReferenceVersion=3.0.0
1>                    NuGetPackageId=Microsoft.NETCore.App.Ref
1>                    NuGetPackageVersion=3.0.0
1>                    Private=false
1>                    PublicKeyToken=b03f5f7f11d50a3a
1>            C:\Users\hansnguyen\.nuget\packages\microsoft.netcore.app.ref\3.0.0\ref\netcoreapp3.0\System.Linq.Expressions.dll
1>                    AssemblyVersion=4.2.1.0
1>                    ExternallyResolved=true
1>                    FileVersion=4.700.19.46214
1>                    FrameworkReferenceName=Microsoft.NETCore.App
1>                    FrameworkReferenceVersion=3.0.0
1>                    NuGetPackageId=Microsoft.NETCore.App.Ref
1>                    NuGetPackageVersion=3.0.0
1>                    Private=false
1>                    PublicKeyToken=b03f5f7f11d50a3a
1>            C:\Users\hansnguyen\.nuget\packages\microsoft.netcore.app.ref\3.0.0\ref\netcoreapp3.0\System.Linq.Parallel.dll
1>                    AssemblyVersion=4.0.3.0
1>                    ExternallyResolved=true
1>                    FileVersion=4.700.19.46214
1>                    FrameworkReferenceName=Microsoft.NETCore.App
1>                    FrameworkReferenceVersion=3.0.0
1>                    NuGetPackageId=Microsoft.NETCore.App.Ref
1>                    NuGetPackageVersion=3.0.0
1>                    Private=false
1>                    PublicKeyToken=b03f5f7f11d50a3a
1>            C:\Users\hansnguyen\.nuget\packages\microsoft.netcore.app.ref\3.0.0\ref\netcoreapp3.0\System.Linq.Queryable.dll
1>                    AssemblyVersion=4.0.3.0
1>                    ExternallyResolved=true
1>                    FileVersion=4.700.19.46214
1>                    FrameworkReferenceName=Microsoft.NETCore.App
1>                    FrameworkReferenceVersion=3.0.0
1>                    NuGetPackageId=Microsoft.NETCore.App.Ref
1>                    NuGetPackageVersion=3.0.0
1>                    Private=false
1>                    PublicKeyToken=b03f5f7f11d50a3a
1>            C:\Users\hansnguyen\.nuget\packages\microsoft.netcore.app.ref\3.0.0\ref\netcoreapp3.0\System.Linq.dll
1>                    AssemblyVersion=4.2.1.0
1>                    ExternallyResolved=true
1>                    FileVersion=4.700.19.46214
1>                    FrameworkReferenceName=Microsoft.NETCore.App
1>                    FrameworkReferenceVersion=3.0.0
1>                    NuGetPackageId=Microsoft.NETCore.App.Ref
1>                    NuGetPackageVersion=3.0.0
1>                    Private=false
1>                    PublicKeyToken=b03f5f7f11d50a3a
1>            C:\Users\hansnguyen\.nuget\packages\microsoft.netcore.app.ref\3.0.0\ref\netcoreapp3.0\System.Memory.dll
1>                    AssemblyVersion=4.2.0.0
1>                    ExternallyResolved=true
1>                    FileVersion=4.700.19.46214
1>                    FrameworkReferenceName=Microsoft.NETCore.App
1>                    FrameworkReferenceVersion=3.0.0
1>                    NuGetPackageId=Microsoft.NETCore.App.Ref
1>                    NuGetPackageVersion=3.0.0
1>                    Private=false
1>                    PublicKeyToken=cc7b13ffcd2ddd51
1>            C:\Users\hansnguyen\.nuget\packages\microsoft.netcore.app.ref\3.0.0\ref\netcoreapp3.0\System.Net.Http.dll
1>                    AssemblyVersion=4.2.1.0
1>                    ExternallyResolved=true
1>                    FileVersion=4.700.19.46214
1>                    FrameworkReferenceName=Microsoft.NETCore.App
1>                    FrameworkReferenceVersion=3.0.0
1>                    NuGetPackageId=Microsoft.NETCore.App.Ref
1>                    NuGetPackageVersion=3.0.0
1>                    Private=false
1>                    PublicKeyToken=b03f5f7f11d50a3a
1>            C:\Users\hansnguyen\.nuget\packages\microsoft.netcore.app.ref\3.0.0\ref\netcoreapp3.0\System.Net.HttpListener.dll
1>                    AssemblyVersion=4.0.1.0
1>                    ExternallyResolved=true
1>                    FileVersion=4.700.19.46214
1>                    FrameworkReferenceName=Microsoft.NETCore.App
1>                    FrameworkReferenceVersion=3.0.0
1>                    NuGetPackageId=Microsoft.NETCore.App.Ref
1>                    NuGetPackageVersion=3.0.0
1>                    Private=false
1>                    PublicKeyToken=cc7b13ffcd2ddd51
1>            C:\Users\hansnguyen\.nuget\packages\microsoft.netcore.app.ref\3.0.0\ref\netcoreapp3.0\System.Net.Mail.dll
1>                    AssemblyVersion=4.0.1.0
1>                    ExternallyResolved=true
1>                    FileVersion=4.700.19.46214
1>                    FrameworkReferenceName=Microsoft.NETCore.App
1>                    FrameworkReferenceVersion=3.0.0
1>                    NuGetPackageId=Microsoft.NETCore.App.Ref
1>                    NuGetPackageVersion=3.0.0
1>                    Private=false
1>                    PublicKeyToken=cc7b13ffcd2ddd51
1>            C:\Users\hansnguyen\.nuget\packages\microsoft.netcore.app.ref\3.0.0\ref\netcoreapp3.0\System.Net.NameResolution.dll
1>                    AssemblyVersion=4.1.1.0
1>                    ExternallyResolved=true
1>                    FileVersion=4.700.19.46214
1>                    FrameworkReferenceName=Microsoft.NETCore.App
1>                    FrameworkReferenceVersion=3.0.0
1>                    NuGetPackageId=Microsoft.NETCore.App.Ref
1>                    NuGetPackageVersion=3.0.0
1>                    Private=false
1>                    PublicKeyToken=b03f5f7f11d50a3a
1>            C:\Users\hansnguyen\.nuget\packages\microsoft.netcore.app.ref\3.0.0\ref\netcoreapp3.0\System.Net.NetworkInformation.dll
1>                    AssemblyVersion=4.2.1.0
1>                    ExternallyResolved=true
1>                    FileVersion=4.700.19.46214
1>                    FrameworkReferenceName=Microsoft.NETCore.App
1>                    FrameworkReferenceVersion=3.0.0
1>                    NuGetPackageId=Microsoft.NETCore.App.Ref
1>                    NuGetPackageVersion=3.0.0
1>                    Private=false
1>                    PublicKeyToken=b03f5f7f11d50a3a
1>            C:\Users\hansnguyen\.nuget\packages\microsoft.netcore.app.ref\3.0.0\ref\netcoreapp3.0\System.Net.Ping.dll
1>                    AssemblyVersion=4.1.1.0
1>                    ExternallyResolved=true
1>                    FileVersion=4.700.19.46214
1>                    FrameworkReferenceName=Microsoft.NETCore.App
1>                    FrameworkReferenceVersion=3.0.0
1>                    NuGetPackageId=Microsoft.NETCore.App.Ref
1>                    NuGetPackageVersion=3.0.0
1>                    Private=false
1>                    PublicKeyToken=b03f5f7f11d50a3a
1>            C:\Users\hansnguyen\.nuget\packages\microsoft.netcore.app.ref\3.0.0\ref\netcoreapp3.0\System.Net.Primitives.dll
1>                    AssemblyVersion=4.1.1.0
1>                    ExternallyResolved=true
1>                    FileVersion=4.700.19.46214
1>                    FrameworkReferenceName=Microsoft.NETCore.App
1>                    FrameworkReferenceVersion=3.0.0
1>                    NuGetPackageId=Microsoft.NETCore.App.Ref
1>                    NuGetPackageVersion=3.0.0
1>                    Private=false
1>                    PublicKeyToken=b03f5f7f11d50a3a
1>            C:\Users\hansnguyen\.nuget\packages\microsoft.netcore.app.ref\3.0.0\ref\netcoreapp3.0\System.Net.Requests.dll
1>                    AssemblyVersion=4.1.1.0
1>                    ExternallyResolved=true
1>                    FileVersion=4.700.19.46214
1>                    FrameworkReferenceName=Microsoft.NETCore.App
1>                    FrameworkReferenceVersion=3.0.0
1>                    NuGetPackageId=Microsoft.NETCore.App.Ref
1>                    NuGetPackageVersion=3.0.0
1>                    Private=false
1>                    PublicKeyToken=b03f5f7f11d50a3a
1>            C:\Users\hansnguyen\.nuget\packages\microsoft.netcore.app.ref\3.0.0\ref\netcoreapp3.0\System.Net.Security.dll
1>                    AssemblyVersion=4.1.1.0
1>                    ExternallyResolved=true
1>                    FileVersion=4.700.19.46214
1>                    FrameworkReferenceName=Microsoft.NETCore.App
1>                    FrameworkReferenceVersion=3.0.0
1>                    NuGetPackageId=Microsoft.NETCore.App.Ref
1>                    NuGetPackageVersion=3.0.0
1>                    Private=false
1>                    PublicKeyToken=b03f5f7f11d50a3a
1>            C:\Users\hansnguyen\.nuget\packages\microsoft.netcore.app.ref\3.0.0\ref\netcoreapp3.0\System.Net.ServicePoint.dll
1>                    AssemblyVersion=4.0.1.0
1>                    ExternallyResolved=true
1>                    FileVersion=4.700.19.46214
1>                    FrameworkReferenceName=Microsoft.NETCore.App
1>                    FrameworkReferenceVersion=3.0.0
1>                    NuGetPackageId=Microsoft.NETCore.App.Ref
1>                    NuGetPackageVersion=3.0.0
1>                    Private=false
1>                    PublicKeyToken=cc7b13ffcd2ddd51
1>            C:\Users\hansnguyen\.nuget\packages\microsoft.netcore.app.ref\3.0.0\ref\netcoreapp3.0\System.Net.Sockets.dll
1>                    AssemblyVersion=4.2.1.0
1>                    ExternallyResolved=true
1>                    FileVersion=4.700.19.46214
1>                    FrameworkReferenceName=Microsoft.NETCore.App
1>                    FrameworkReferenceVersion=3.0.0
1>                    NuGetPackageId=Microsoft.NETCore.App.Ref
1>                    NuGetPackageVersion=3.0.0
1>                    Private=false
1>                    PublicKeyToken=b03f5f7f11d50a3a
1>            C:\Users\hansnguyen\.nuget\packages\microsoft.netcore.app.ref\3.0.0\ref\netcoreapp3.0\System.Net.WebClient.dll
1>                    AssemblyVersion=4.0.1.0
1>                    ExternallyResolved=true
1>                    FileVersion=4.700.19.46214
1>                    FrameworkReferenceName=Microsoft.NETCore.App
1>                    FrameworkReferenceVersion=3.0.0
1>                    NuGetPackageId=Microsoft.NETCore.App.Ref
1>                    NuGetPackageVersion=3.0.0
1>                    Private=false
1>                    PublicKeyToken=cc7b13ffcd2ddd51
1>            C:\Users\hansnguyen\.nuget\packages\microsoft.netcore.app.ref\3.0.0\ref\netcoreapp3.0\System.Net.WebHeaderCollection.dll
1>                    AssemblyVersion=4.1.1.0
1>                    ExternallyResolved=true
1>                    FileVersion=4.700.19.46214
1>                    FrameworkReferenceName=Microsoft.NETCore.App
1>                    FrameworkReferenceVersion=3.0.0
1>                    NuGetPackageId=Microsoft.NETCore.App.Ref
1>                    NuGetPackageVersion=3.0.0
1>                    Private=false
1>                    PublicKeyToken=b03f5f7f11d50a3a
1>            C:\Users\hansnguyen\.nuget\packages\microsoft.netcore.app.ref\3.0.0\ref\netcoreapp3.0\System.Net.WebProxy.dll
1>                    AssemblyVersion=4.0.1.0
1>                    ExternallyResolved=true
1>                    FileVersion=4.700.19.46214
1>                    FrameworkReferenceName=Microsoft.NETCore.App
1>                    FrameworkReferenceVersion=3.0.0
1>                    NuGetPackageId=Microsoft.NETCore.App.Ref
1>                    NuGetPackageVersion=3.0.0
1>                    Private=false
1>                    PublicKeyToken=cc7b13ffcd2ddd51
1>            C:\Users\hansnguyen\.nuget\packages\microsoft.netcore.app.ref\3.0.0\ref\netcoreapp3.0\System.Net.WebSockets.Client.dll
1>                    AssemblyVersion=4.1.1.0
1>                    ExternallyResolved=true
1>                    FileVersion=4.700.19.46214
1>                    FrameworkReferenceName=Microsoft.NETCore.App
1>                    FrameworkReferenceVersion=3.0.0
1>                    NuGetPackageId=Microsoft.NETCore.App.Ref
1>                    NuGetPackageVersion=3.0.0
1>                    Private=false
1>                    PublicKeyToken=b03f5f7f11d50a3a
1>            C:\Users\hansnguyen\.nuget\packages\microsoft.netcore.app.ref\3.0.0\ref\netcoreapp3.0\System.Net.WebSockets.dll
1>                    AssemblyVersion=4.1.1.0
1>                    ExternallyResolved=true
1>                    FileVersion=4.700.19.46214
1>                    FrameworkReferenceName=Microsoft.NETCore.App
1>                    FrameworkReferenceVersion=3.0.0
1>                    NuGetPackageId=Microsoft.NETCore.App.Ref
1>                    NuGetPackageVersion=3.0.0
1>                    Private=false
1>                    PublicKeyToken=b03f5f7f11d50a3a
1>            C:\Users\hansnguyen\.nuget\packages\microsoft.netcore.app.ref\3.0.0\ref\netcoreapp3.0\System.Net.dll
1>                    AssemblyVersion=4.0.0.0
1>                    ExternallyResolved=true
1>                    FileVersion=4.700.19.46214
1>                    FrameworkReferenceName=Microsoft.NETCore.App
1>                    FrameworkReferenceVersion=3.0.0
1>                    NuGetPackageId=Microsoft.NETCore.App.Ref
1>                    NuGetPackageVersion=3.0.0
1>                    Private=false
1>                    PublicKeyToken=b03f5f7f11d50a3a
1>            C:\Users\hansnguyen\.nuget\packages\microsoft.netcore.app.ref\3.0.0\ref\netcoreapp3.0\System.Numerics.Vectors.dll
1>                    AssemblyVersion=4.1.5.0
1>                    ExternallyResolved=true
1>                    FileVersion=4.700.19.46214
1>                    FrameworkReferenceName=Microsoft.NETCore.App
1>                    FrameworkReferenceVersion=3.0.0
1>                    NuGetPackageId=Microsoft.NETCore.App.Ref
1>                    NuGetPackageVersion=3.0.0
1>                    Private=false
1>                    PublicKeyToken=b03f5f7f11d50a3a
1>            C:\Users\hansnguyen\.nuget\packages\microsoft.netcore.app.ref\3.0.0\ref\netcoreapp3.0\System.Numerics.dll
1>                    AssemblyVersion=4.0.0.0
1>                    ExternallyResolved=true
1>                    FileVersion=4.700.19.46214
1>                    FrameworkReferenceName=Microsoft.NETCore.App
1>                    FrameworkReferenceVersion=3.0.0
1>                    NuGetPackageId=Microsoft.NETCore.App.Ref
1>                    NuGetPackageVersion=3.0.0
1>                    Private=false
1>                    PublicKeyToken=b77a5c561934e089
1>            C:\Users\hansnguyen\.nuget\packages\microsoft.netcore.app.ref\3.0.0\ref\netcoreapp3.0\System.ObjectModel.dll
1>                    AssemblyVersion=4.1.1.0
1>                    ExternallyResolved=true
1>                    FileVersion=4.700.19.46214
1>                    FrameworkReferenceName=Microsoft.NETCore.App
1>                    FrameworkReferenceVersion=3.0.0
1>                    NuGetPackageId=Microsoft.NETCore.App.Ref
1>                    NuGetPackageVersion=3.0.0
1>                    Private=false
1>                    PublicKeyToken=b03f5f7f11d50a3a
1>            C:\Users\hansnguyen\.nuget\packages\microsoft.netcore.app.ref\3.0.0\ref\netcoreapp3.0\System.Reflection.DispatchProxy.dll
1>                    AssemblyVersion=4.0.5.0
1>                    ExternallyResolved=true
1>                    FileVersion=4.700.19.46214
1>                    FrameworkReferenceName=Microsoft.NETCore.App
1>                    FrameworkReferenceVersion=3.0.0
1>                    NuGetPackageId=Microsoft.NETCore.App.Ref
1>                    NuGetPackageVersion=3.0.0
1>                    Private=false
1>                    PublicKeyToken=b03f5f7f11d50a3a
1>            C:\Users\hansnguyen\.nuget\packages\microsoft.netcore.app.ref\3.0.0\ref\netcoreapp3.0\System.Reflection.Emit.ILGeneration.dll
1>                    AssemblyVersion=4.1.0.0
1>                    ExternallyResolved=true
1>                    FileVersion=4.700.19.46214
1>                    FrameworkReferenceName=Microsoft.NETCore.App
1>                    FrameworkReferenceVersion=3.0.0
1>                    NuGetPackageId=Microsoft.NETCore.App.Ref
1>                    NuGetPackageVersion=3.0.0
1>                    Private=false
1>                    PublicKeyToken=b03f5f7f11d50a3a
1>            C:\Users\hansnguyen\.nuget\packages\microsoft.netcore.app.ref\3.0.0\ref\netcoreapp3.0\System.Reflection.Emit.Lightweight.dll
1>                    AssemblyVersion=4.1.0.0
1>                    ExternallyResolved=true
1>                    FileVersion=4.700.19.46214
1>                    FrameworkReferenceName=Microsoft.NETCore.App
1>                    FrameworkReferenceVersion=3.0.0
1>                    NuGetPackageId=Microsoft.NETCore.App.Ref
1>                    NuGetPackageVersion=3.0.0
1>                    Private=false
1>                    PublicKeyToken=b03f5f7f11d50a3a
1>            C:\Users\hansnguyen\.nuget\packages\microsoft.netcore.app.ref\3.0.0\ref\netcoreapp3.0\System.Reflection.Emit.dll
1>                    AssemblyVersion=4.1.1.0
1>                    ExternallyResolved=true
1>                    FileVersion=4.700.19.46214
1>                    FrameworkReferenceName=Microsoft.NETCore.App
1>                    FrameworkReferenceVersion=3.0.0
1>                    NuGetPackageId=Microsoft.NETCore.App.Ref
1>                    NuGetPackageVersion=3.0.0
1>                    Private=false
1>                    PublicKeyToken=b03f5f7f11d50a3a
1>            C:\Users\hansnguyen\.nuget\packages\microsoft.netcore.app.ref\3.0.0\ref\netcoreapp3.0\System.Reflection.Extensions.dll
1>                    AssemblyVersion=4.1.1.0
1>                    ExternallyResolved=true
1>                    FileVersion=4.700.19.46214
1>                    FrameworkReferenceName=Microsoft.NETCore.App
1>                    FrameworkReferenceVersion=3.0.0
1>                    NuGetPackageId=Microsoft.NETCore.App.Ref
1>                    NuGetPackageVersion=3.0.0
1>                    Private=false
1>                    PublicKeyToken=b03f5f7f11d50a3a
1>            C:\Users\hansnguyen\.nuget\packages\microsoft.netcore.app.ref\3.0.0\ref\netcoreapp3.0\System.Reflection.Metadata.dll
1>                    AssemblyVersion=1.4.4.0
1>                    ExternallyResolved=true
1>                    FileVersion=4.700.19.46214
1>                    FrameworkReferenceName=Microsoft.NETCore.App
1>                    FrameworkReferenceVersion=3.0.0
1>                    NuGetPackageId=Microsoft.NETCore.App.Ref
1>                    NuGetPackageVersion=3.0.0
1>                    Private=false
1>                    PublicKeyToken=b03f5f7f11d50a3a
1>            C:\Users\hansnguyen\.nuget\packages\microsoft.netcore.app.ref\3.0.0\ref\netcoreapp3.0\System.Reflection.Primitives.dll
1>                    AssemblyVersion=4.1.1.0
1>                    ExternallyResolved=true
1>                    FileVersion=4.700.19.46214
1>                    FrameworkReferenceName=Microsoft.NETCore.App
1>                    FrameworkReferenceVersion=3.0.0
1>                    NuGetPackageId=Microsoft.NETCore.App.Ref
1>                    NuGetPackageVersion=3.0.0
1>                    Private=false
1>                    PublicKeyToken=b03f5f7f11d50a3a
1>            C:\Users\hansnguyen\.nuget\packages\microsoft.netcore.app.ref\3.0.0\ref\netcoreapp3.0\System.Reflection.TypeExtensions.dll
1>                    AssemblyVersion=4.1.2.0
1>                    ExternallyResolved=true
1>                    FileVersion=4.700.19.46214
1>                    FrameworkReferenceName=Microsoft.NETCore.App
1>                    FrameworkReferenceVersion=3.0.0
1>                    NuGetPackageId=Microsoft.NETCore.App.Ref
1>                    NuGetPackageVersion=3.0.0
1>                    Private=false
1>                    PublicKeyToken=b03f5f7f11d50a3a
1>            C:\Users\hansnguyen\.nuget\packages\microsoft.netcore.app.ref\3.0.0\ref\netcoreapp3.0\System.Reflection.dll
1>                    AssemblyVersion=4.2.1.0
1>                    ExternallyResolved=true
1>                    FileVersion=4.700.19.46214
1>                    FrameworkReferenceName=Microsoft.NETCore.App
1>                    FrameworkReferenceVersion=3.0.0
1>                    NuGetPackageId=Microsoft.NETCore.App.Ref
1>                    NuGetPackageVersion=3.0.0
1>                    Private=false
1>                    PublicKeyToken=b03f5f7f11d50a3a
1>            C:\Users\hansnguyen\.nuget\packages\microsoft.netcore.app.ref\3.0.0\ref\netcoreapp3.0\System.Resources.Reader.dll
1>                    AssemblyVersion=4.1.1.0
1>                    ExternallyResolved=true
1>                    FileVersion=4.700.19.46214
1>                    FrameworkReferenceName=Microsoft.NETCore.App
1>                    FrameworkReferenceVersion=3.0.0
1>                    NuGetPackageId=Microsoft.NETCore.App.Ref
1>                    NuGetPackageVersion=3.0.0
1>                    Private=false
1>                    PublicKeyToken=b03f5f7f11d50a3a
1>            C:\Users\hansnguyen\.nuget\packages\microsoft.netcore.app.ref\3.0.0\ref\netcoreapp3.0\System.Resources.ResourceManager.dll
1>                    AssemblyVersion=4.1.1.0
1>                    ExternallyResolved=true
1>                    FileVersion=4.700.19.46214
1>                    FrameworkReferenceName=Microsoft.NETCore.App
1>                    FrameworkReferenceVersion=3.0.0
1>                    NuGetPackageId=Microsoft.NETCore.App.Ref
1>                    NuGetPackageVersion=3.0.0
1>                    Private=false
1>                    PublicKeyToken=b03f5f7f11d50a3a
1>            C:\Users\hansnguyen\.nuget\packages\microsoft.netcore.app.ref\3.0.0\ref\netcoreapp3.0\System.Resources.Writer.dll
1>                    AssemblyVersion=4.1.1.0
1>                    ExternallyResolved=true
1>                    FileVersion=4.700.19.46214
1>                    FrameworkReferenceName=Microsoft.NETCore.App
1>                    FrameworkReferenceVersion=3.0.0
1>                    NuGetPackageId=Microsoft.NETCore.App.Ref
1>                    NuGetPackageVersion=3.0.0
1>                    Private=false
1>                    PublicKeyToken=b03f5f7f11d50a3a
1>            C:\Users\hansnguyen\.nuget\packages\microsoft.netcore.app.ref\3.0.0\ref\netcoreapp3.0\System.Runtime.CompilerServices.Unsafe.dll
1>                    AssemblyVersion=4.0.5.0
1>                    ExternallyResolved=true
1>                    FileVersion=4.700.19.46214
1>                    FrameworkReferenceName=Microsoft.NETCore.App
1>                    FrameworkReferenceVersion=3.0.0
1>                    NuGetPackageId=Microsoft.NETCore.App.Ref
1>                    NuGetPackageVersion=3.0.0
1>                    Private=false
1>                    PublicKeyToken=b03f5f7f11d50a3a
1>            C:\Users\hansnguyen\.nuget\packages\microsoft.netcore.app.ref\3.0.0\ref\netcoreapp3.0\System.Runtime.CompilerServices.VisualC.dll
1>                    AssemblyVersion=4.1.1.0
1>                    ExternallyResolved=true
1>                    FileVersion=4.700.19.46214
1>                    FrameworkReferenceName=Microsoft.NETCore.App
1>                    FrameworkReferenceVersion=3.0.0
1>                    NuGetPackageId=Microsoft.NETCore.App.Ref
1>                    NuGetPackageVersion=3.0.0
1>                    Private=false
1>                    PublicKeyToken=b03f5f7f11d50a3a
1>            C:\Users\hansnguyen\.nuget\packages\microsoft.netcore.app.ref\3.0.0\ref\netcoreapp3.0\System.Runtime.Extensions.dll
1>                    AssemblyVersion=4.2.1.0
1>                    ExternallyResolved=true
1>                    FileVersion=4.700.19.46214
1>                    FrameworkReferenceName=Microsoft.NETCore.App
1>                    FrameworkReferenceVersion=3.0.0
1>                    NuGetPackageId=Microsoft.NETCore.App.Ref
1>                    NuGetPackageVersion=3.0.0
1>                    Private=false
1>                    PublicKeyToken=b03f5f7f11d50a3a
1>            C:\Users\hansnguyen\.nuget\packages\microsoft.netcore.app.ref\3.0.0\ref\netcoreapp3.0\System.Runtime.Handles.dll
1>                    AssemblyVersion=4.1.1.0
1>                    ExternallyResolved=true
1>                    FileVersion=4.700.19.46214
1>                    FrameworkReferenceName=Microsoft.NETCore.App
1>                    FrameworkReferenceVersion=3.0.0
1>                    NuGetPackageId=Microsoft.NETCore.App.Ref
1>                    NuGetPackageVersion=3.0.0
1>                    Private=false
1>                    PublicKeyToken=b03f5f7f11d50a3a
1>            C:\Users\hansnguyen\.nuget\packages\microsoft.netcore.app.ref\3.0.0\ref\netcoreapp3.0\System.Runtime.InteropServices.RuntimeInformation.dll
1>                    AssemblyVersion=4.0.3.0
1>                    ExternallyResolved=true
1>                    FileVersion=4.700.19.46214
1>                    FrameworkReferenceName=Microsoft.NETCore.App
1>                    FrameworkReferenceVersion=3.0.0
1>                    NuGetPackageId=Microsoft.NETCore.App.Ref
1>                    NuGetPackageVersion=3.0.0
1>                    Private=false
1>                    PublicKeyToken=b03f5f7f11d50a3a
1>            C:\Users\hansnguyen\.nuget\packages\microsoft.netcore.app.ref\3.0.0\ref\netcoreapp3.0\System.Runtime.InteropServices.WindowsRuntime.dll
1>                    AssemblyVersion=4.0.3.0
1>                    ExternallyResolved=true
1>                    FileVersion=4.700.19.46214
1>                    FrameworkReferenceName=Microsoft.NETCore.App
1>                    FrameworkReferenceVersion=3.0.0
1>                    NuGetPackageId=Microsoft.NETCore.App.Ref
1>                    NuGetPackageVersion=3.0.0
1>                    Private=false
1>                    PublicKeyToken=b03f5f7f11d50a3a
1>            C:\Users\hansnguyen\.nuget\packages\microsoft.netcore.app.ref\3.0.0\ref\netcoreapp3.0\System.Runtime.InteropServices.dll
1>                    AssemblyVersion=4.2.1.0
1>                    ExternallyResolved=true
1>                    FileVersion=4.700.19.46214
1>                    FrameworkReferenceName=Microsoft.NETCore.App
1>                    FrameworkReferenceVersion=3.0.0
1>                    NuGetPackageId=Microsoft.NETCore.App.Ref
1>                    NuGetPackageVersion=3.0.0
1>                    Private=false
1>                    PublicKeyToken=b03f5f7f11d50a3a
1>            C:\Users\hansnguyen\.nuget\packages\microsoft.netcore.app.ref\3.0.0\ref\netcoreapp3.0\System.Runtime.Intrinsics.dll
1>                    AssemblyVersion=4.0.0.0
1>                    ExternallyResolved=true
1>                    FileVersion=4.700.19.46214
1>                    FrameworkReferenceName=Microsoft.NETCore.App
1>                    FrameworkReferenceVersion=3.0.0
1>                    NuGetPackageId=Microsoft.NETCore.App.Ref
1>                    NuGetPackageVersion=3.0.0
1>                    Private=false
1>                    PublicKeyToken=cc7b13ffcd2ddd51
1>            C:\Users\hansnguyen\.nuget\packages\microsoft.netcore.app.ref\3.0.0\ref\netcoreapp3.0\System.Runtime.Loader.dll
1>                    AssemblyVersion=4.1.0.0
1>                    ExternallyResolved=true
1>                    FileVersion=4.700.19.46214
1>                    FrameworkReferenceName=Microsoft.NETCore.App
1>                    FrameworkReferenceVersion=3.0.0
1>                    NuGetPackageId=Microsoft.NETCore.App.Ref
1>                    NuGetPackageVersion=3.0.0
1>                    Private=false
1>                    PublicKeyToken=b03f5f7f11d50a3a
1>            C:\Users\hansnguyen\.nuget\packages\microsoft.netcore.app.ref\3.0.0\ref\netcoreapp3.0\System.Runtime.Numerics.dll
1>                    AssemblyVersion=4.1.1.0
1>                    ExternallyResolved=true
1>                    FileVersion=4.700.19.46214
1>                    FrameworkReferenceName=Microsoft.NETCore.App
1>                    FrameworkReferenceVersion=3.0.0
1>                    NuGetPackageId=Microsoft.NETCore.App.Ref
1>                    NuGetPackageVersion=3.0.0
1>                    Private=false
1>                    PublicKeyToken=b03f5f7f11d50a3a
1>            C:\Users\hansnguyen\.nuget\packages\microsoft.netcore.app.ref\3.0.0\ref\netcoreapp3.0\System.Runtime.Serialization.Formatters.dll
1>                    AssemblyVersion=4.0.3.0
1>                    ExternallyResolved=true
1>                    FileVersion=4.700.19.46214
1>                    FrameworkReferenceName=Microsoft.NETCore.App
1>                    FrameworkReferenceVersion=3.0.0
1>                    NuGetPackageId=Microsoft.NETCore.App.Ref
1>                    NuGetPackageVersion=3.0.0
1>                    Private=false
1>                    PublicKeyToken=b03f5f7f11d50a3a
1>            C:\Users\hansnguyen\.nuget\packages\microsoft.netcore.app.ref\3.0.0\ref\netcoreapp3.0\System.Runtime.Serialization.Json.dll
1>                    AssemblyVersion=4.0.4.0
1>                    ExternallyResolved=true
1>                    FileVersion=4.700.19.46214
1>                    FrameworkReferenceName=Microsoft.NETCore.App
1>                    FrameworkReferenceVersion=3.0.0
1>                    NuGetPackageId=Microsoft.NETCore.App.Ref
1>                    NuGetPackageVersion=3.0.0
1>                    Private=false
1>                    PublicKeyToken=b03f5f7f11d50a3a
1>            C:\Users\hansnguyen\.nuget\packages\microsoft.netcore.app.ref\3.0.0\ref\netcoreapp3.0\System.Runtime.Serialization.Primitives.dll
1>                    AssemblyVersion=4.2.1.0
1>                    ExternallyResolved=true
1>                    FileVersion=4.700.19.46214
1>                    FrameworkReferenceName=Microsoft.NETCore.App
1>                    FrameworkReferenceVersion=3.0.0
1>                    NuGetPackageId=Microsoft.NETCore.App.Ref
1>                    NuGetPackageVersion=3.0.0
1>                    Private=false
1>                    PublicKeyToken=b03f5f7f11d50a3a
1>            C:\Users\hansnguyen\.nuget\packages\microsoft.netcore.app.ref\3.0.0\ref\netcoreapp3.0\System.Runtime.Serialization.Xml.dll
1>                    AssemblyVersion=4.1.4.0
1>                    ExternallyResolved=true
1>                    FileVersion=4.700.19.46214
1>                    FrameworkReferenceName=Microsoft.NETCore.App
1>                    FrameworkReferenceVersion=3.0.0
1>                    NuGetPackageId=Microsoft.NETCore.App.Ref
1>                    NuGetPackageVersion=3.0.0
1>                    Private=false
1>                    PublicKeyToken=b03f5f7f11d50a3a
1>            C:\Users\hansnguyen\.nuget\packages\microsoft.netcore.app.ref\3.0.0\ref\netcoreapp3.0\System.Runtime.Serialization.dll
1>                    AssemblyVersion=4.0.0.0
1>                    ExternallyResolved=true
1>                    FileVersion=4.700.19.46214
1>                    FrameworkReferenceName=Microsoft.NETCore.App
1>                    FrameworkReferenceVersion=3.0.0
1>                    NuGetPackageId=Microsoft.NETCore.App.Ref
1>                    NuGetPackageVersion=3.0.0
1>                    Private=false
1>                    PublicKeyToken=b77a5c561934e089
1>            C:\Users\hansnguyen\.nuget\packages\microsoft.netcore.app.ref\3.0.0\ref\netcoreapp3.0\System.Runtime.dll
1>                    AssemblyVersion=4.2.1.0
1>                    ExternallyResolved=true
1>                    FileVersion=4.700.19.46214
1>                    FrameworkReferenceName=Microsoft.NETCore.App
1>                    FrameworkReferenceVersion=3.0.0
1>                    NuGetPackageId=Microsoft.NETCore.App.Ref
1>                    NuGetPackageVersion=3.0.0
1>                    Private=false
1>                    PublicKeyToken=b03f5f7f11d50a3a
1>            C:\Users\hansnguyen\.nuget\packages\microsoft.netcore.app.ref\3.0.0\ref\netcoreapp3.0\System.Security.Claims.dll
1>                    AssemblyVersion=4.1.1.0
1>                    ExternallyResolved=true
1>                    FileVersion=4.700.19.46214
1>                    FrameworkReferenceName=Microsoft.NETCore.App
1>                    FrameworkReferenceVersion=3.0.0
1>                    NuGetPackageId=Microsoft.NETCore.App.Ref
1>                    NuGetPackageVersion=3.0.0
1>                    Private=false
1>                    PublicKeyToken=b03f5f7f11d50a3a
1>            C:\Users\hansnguyen\.nuget\packages\microsoft.netcore.app.ref\3.0.0\ref\netcoreapp3.0\System.Security.Cryptography.Algorithms.dll
1>                    AssemblyVersion=4.3.1.0
1>                    ExternallyResolved=true
1>                    FileVersion=4.700.19.46214
1>                    FrameworkReferenceName=Microsoft.NETCore.App
1>                    FrameworkReferenceVersion=3.0.0
1>                    NuGetPackageId=Microsoft.NETCore.App.Ref
1>                    NuGetPackageVersion=3.0.0
1>                    Private=false
1>                    PublicKeyToken=b03f5f7f11d50a3a
1>            C:\Users\hansnguyen\.nuget\packages\microsoft.netcore.app.ref\3.0.0\ref\netcoreapp3.0\System.Security.Cryptography.Csp.dll
1>                    AssemblyVersion=4.1.1.0
1>                    ExternallyResolved=true
1>                    FileVersion=4.700.19.46214
1>                    FrameworkReferenceName=Microsoft.NETCore.App
1>                    FrameworkReferenceVersion=3.0.0
1>                    NuGetPackageId=Microsoft.NETCore.App.Ref
1>                    NuGetPackageVersion=3.0.0
1>                    Private=false
1>                    PublicKeyToken=b03f5f7f11d50a3a
1>            C:\Users\hansnguyen\.nuget\packages\microsoft.netcore.app.ref\3.0.0\ref\netcoreapp3.0\System.Security.Cryptography.Encoding.dll
1>                    AssemblyVersion=4.1.1.0
1>                    ExternallyResolved=true
1>                    FileVersion=4.700.19.46214
1>                    FrameworkReferenceName=Microsoft.NETCore.App
1>                    FrameworkReferenceVersion=3.0.0
1>                    NuGetPackageId=Microsoft.NETCore.App.Ref
1>                    NuGetPackageVersion=3.0.0
1>                    Private=false
1>                    PublicKeyToken=b03f5f7f11d50a3a
1>            C:\Users\hansnguyen\.nuget\packages\microsoft.netcore.app.ref\3.0.0\ref\netcoreapp3.0\System.Security.Cryptography.Primitives.dll
1>                    AssemblyVersion=4.1.1.0
1>                    ExternallyResolved=true
1>                    FileVersion=4.700.19.46214
1>                    FrameworkReferenceName=Microsoft.NETCore.App
1>                    FrameworkReferenceVersion=3.0.0
1>                    NuGetPackageId=Microsoft.NETCore.App.Ref
1>                    NuGetPackageVersion=3.0.0
1>                    Private=false
1>                    PublicKeyToken=b03f5f7f11d50a3a
1>            C:\Users\hansnguyen\.nuget\packages\microsoft.netcore.app.ref\3.0.0\ref\netcoreapp3.0\System.Security.Cryptography.X509Certificates.dll
1>                    AssemblyVersion=4.2.1.0
1>                    ExternallyResolved=true
1>                    FileVersion=4.700.19.46214
1>                    FrameworkReferenceName=Microsoft.NETCore.App
1>                    FrameworkReferenceVersion=3.0.0
1>                    NuGetPackageId=Microsoft.NETCore.App.Ref
1>                    NuGetPackageVersion=3.0.0
1>                    Private=false
1>                    PublicKeyToken=b03f5f7f11d50a3a
1>            C:\Users\hansnguyen\.nuget\packages\microsoft.netcore.app.ref\3.0.0\ref\netcoreapp3.0\System.Security.Principal.dll
1>                    AssemblyVersion=4.1.1.0
1>                    ExternallyResolved=true
1>                    FileVersion=4.700.19.46214
1>                    FrameworkReferenceName=Microsoft.NETCore.App
1>                    FrameworkReferenceVersion=3.0.0
1>                    NuGetPackageId=Microsoft.NETCore.App.Ref
1>                    NuGetPackageVersion=3.0.0
1>                    Private=false
1>                    PublicKeyToken=b03f5f7f11d50a3a
1>            C:\Users\hansnguyen\.nuget\packages\microsoft.netcore.app.ref\3.0.0\ref\netcoreapp3.0\System.Security.SecureString.dll
1>                    AssemblyVersion=4.1.1.0
1>                    ExternallyResolved=true
1>                    FileVersion=4.700.19.46214
1>                    FrameworkReferenceName=Microsoft.NETCore.App
1>                    FrameworkReferenceVersion=3.0.0
1>                    NuGetPackageId=Microsoft.NETCore.App.Ref
1>                    NuGetPackageVersion=3.0.0
1>                    Private=false
1>                    PublicKeyToken=b03f5f7f11d50a3a
1>            C:\Users\hansnguyen\.nuget\packages\microsoft.netcore.app.ref\3.0.0\ref\netcoreapp3.0\System.Security.dll
1>                    AssemblyVersion=4.0.0.0
1>                    ExternallyResolved=true
1>                    FileVersion=4.700.19.46214
1>                    FrameworkReferenceName=Microsoft.NETCore.App
1>                    FrameworkReferenceVersion=3.0.0
1>                    NuGetPackageId=Microsoft.NETCore.App.Ref
1>                    NuGetPackageVersion=3.0.0
1>                    Private=false
1>                    PublicKeyToken=b03f5f7f11d50a3a
1>            C:\Users\hansnguyen\.nuget\packages\microsoft.netcore.app.ref\3.0.0\ref\netcoreapp3.0\System.ServiceModel.Web.dll
1>                    AssemblyVersion=4.0.0.0
1>                    ExternallyResolved=true
1>                    FileVersion=4.700.19.46214
1>                    FrameworkReferenceName=Microsoft.NETCore.App
1>                    FrameworkReferenceVersion=3.0.0
1>                    NuGetPackageId=Microsoft.NETCore.App.Ref
1>                    NuGetPackageVersion=3.0.0
1>                    Private=false
1>                    PublicKeyToken=31bf3856ad364e35
1>            C:\Users\hansnguyen\.nuget\packages\microsoft.netcore.app.ref\3.0.0\ref\netcoreapp3.0\System.ServiceProcess.dll
1>                    AssemblyVersion=4.0.0.0
1>                    ExternallyResolved=true
1>                    FileVersion=4.700.19.46214
1>                    FrameworkReferenceName=Microsoft.NETCore.App
1>                    FrameworkReferenceVersion=3.0.0
1>                    NuGetPackageId=Microsoft.NETCore.App.Ref
1>                    NuGetPackageVersion=3.0.0
1>                    Private=false
1>                    PublicKeyToken=b03f5f7f11d50a3a
1>            C:\Users\hansnguyen\.nuget\packages\microsoft.netcore.app.ref\3.0.0\ref\netcoreapp3.0\System.Text.Encoding.CodePages.dll
1>                    AssemblyVersion=4.1.2.0
1>                    ExternallyResolved=true
1>                    FileVersion=4.700.19.46214
1>                    FrameworkReferenceName=Microsoft.NETCore.App
1>                    FrameworkReferenceVersion=3.0.0
1>                    NuGetPackageId=Microsoft.NETCore.App.Ref
1>                    NuGetPackageVersion=3.0.0
1>                    Private=false
1>                    PublicKeyToken=b03f5f7f11d50a3a
1>            C:\Users\hansnguyen\.nuget\packages\microsoft.netcore.app.ref\3.0.0\ref\netcoreapp3.0\System.Text.Encoding.Extensions.dll
1>                    AssemblyVersion=4.1.1.0
1>                    ExternallyResolved=true
1>                    FileVersion=4.700.19.46214
1>                    FrameworkReferenceName=Microsoft.NETCore.App
1>                    FrameworkReferenceVersion=3.0.0
1>                    NuGetPackageId=Microsoft.NETCore.App.Ref
1>                    NuGetPackageVersion=3.0.0
1>                    Private=false
1>                    PublicKeyToken=b03f5f7f11d50a3a
1>            C:\Users\hansnguyen\.nuget\packages\microsoft.netcore.app.ref\3.0.0\ref\netcoreapp3.0\System.Text.Encoding.dll
1>                    AssemblyVersion=4.1.1.0
1>                    ExternallyResolved=true
1>                    FileVersion=4.700.19.46214
1>                    FrameworkReferenceName=Microsoft.NETCore.App
1>                    FrameworkReferenceVersion=3.0.0
1>                    NuGetPackageId=Microsoft.NETCore.App.Ref
1>                    NuGetPackageVersion=3.0.0
1>                    Private=false
1>                    PublicKeyToken=b03f5f7f11d50a3a
1>            C:\Users\hansnguyen\.nuget\packages\microsoft.netcore.app.ref\3.0.0\ref\netcoreapp3.0\System.Text.Encodings.Web.dll
1>                    AssemblyVersion=4.0.4.0
1>                    ExternallyResolved=true
1>                    FileVersion=4.700.19.46214
1>                    FrameworkReferenceName=Microsoft.NETCore.App
1>                    FrameworkReferenceVersion=3.0.0
1>                    NuGetPackageId=Microsoft.NETCore.App.Ref
1>                    NuGetPackageVersion=3.0.0
1>                    Private=false
1>                    PublicKeyToken=cc7b13ffcd2ddd51
1>            C:\Users\hansnguyen\.nuget\packages\microsoft.netcore.app.ref\3.0.0\ref\netcoreapp3.0\System.Text.Json.dll
1>                    AssemblyVersion=4.0.0.0
1>                    ExternallyResolved=true
1>                    FileVersion=4.700.19.46214
1>                    FrameworkReferenceName=Microsoft.NETCore.App
1>                    FrameworkReferenceVersion=3.0.0
1>                    NuGetPackageId=Microsoft.NETCore.App.Ref
1>                    NuGetPackageVersion=3.0.0
1>                    Private=false
1>                    PublicKeyToken=cc7b13ffcd2ddd51
1>            C:\Users\hansnguyen\.nuget\packages\microsoft.netcore.app.ref\3.0.0\ref\netcoreapp3.0\System.Text.RegularExpressions.dll
1>                    AssemblyVersion=4.2.1.0
1>                    ExternallyResolved=true
1>                    FileVersion=4.700.19.46214
1>                    FrameworkReferenceName=Microsoft.NETCore.App
1>                    FrameworkReferenceVersion=3.0.0
1>                    NuGetPackageId=Microsoft.NETCore.App.Ref
1>                    NuGetPackageVersion=3.0.0
1>                    Private=false
1>                    PublicKeyToken=b03f5f7f11d50a3a
1>            C:\Users\hansnguyen\.nuget\packages\microsoft.netcore.app.ref\3.0.0\ref\netcoreapp3.0\System.Threading.Channels.dll
1>                    AssemblyVersion=4.0.1.0
1>                    ExternallyResolved=true
1>                    FileVersion=4.700.19.46214
1>                    FrameworkReferenceName=Microsoft.NETCore.App
1>                    FrameworkReferenceVersion=3.0.0
1>                    NuGetPackageId=Microsoft.NETCore.App.Ref
1>                    NuGetPackageVersion=3.0.0
1>                    Private=false
1>                    PublicKeyToken=cc7b13ffcd2ddd51
1>            C:\Users\hansnguyen\.nuget\packages\microsoft.netcore.app.ref\3.0.0\ref\netcoreapp3.0\System.Threading.Overlapped.dll
1>                    AssemblyVersion=4.1.1.0
1>                    ExternallyResolved=true
1>                    FileVersion=4.700.19.46214
1>                    FrameworkReferenceName=Microsoft.NETCore.App
1>                    FrameworkReferenceVersion=3.0.0
1>                    NuGetPackageId=Microsoft.NETCore.App.Ref
1>                    NuGetPackageVersion=3.0.0
1>                    Private=false
1>                    PublicKeyToken=b03f5f7f11d50a3a
1>            C:\Users\hansnguyen\.nuget\packages\microsoft.netcore.app.ref\3.0.0\ref\netcoreapp3.0\System.Threading.Tasks.Dataflow.dll
1>                    AssemblyVersion=4.6.4.0
1>                    ExternallyResolved=true
1>                    FileVersion=4.700.19.46214
1>                    FrameworkReferenceName=Microsoft.NETCore.App
1>                    FrameworkReferenceVersion=3.0.0
1>                    NuGetPackageId=Microsoft.NETCore.App.Ref
1>                    NuGetPackageVersion=3.0.0
1>                    Private=false
1>                    PublicKeyToken=b03f5f7f11d50a3a
1>            C:\Users\hansnguyen\.nuget\packages\microsoft.netcore.app.ref\3.0.0\ref\netcoreapp3.0\System.Threading.Tasks.Extensions.dll
1>                    AssemblyVersion=4.3.0.0
1>                    ExternallyResolved=true
1>                    FileVersion=4.700.19.46214
1>                    FrameworkReferenceName=Microsoft.NETCore.App
1>                    FrameworkReferenceVersion=3.0.0
1>                    NuGetPackageId=Microsoft.NETCore.App.Ref
1>                    NuGetPackageVersion=3.0.0
1>                    Private=false
1>                    PublicKeyToken=cc7b13ffcd2ddd51
1>            C:\Users\hansnguyen\.nuget\packages\microsoft.netcore.app.ref\3.0.0\ref\netcoreapp3.0\System.Threading.Tasks.Parallel.dll
1>                    AssemblyVersion=4.0.3.0
1>                    ExternallyResolved=true
1>                    FileVersion=4.700.19.46214
1>                    FrameworkReferenceName=Microsoft.NETCore.App
1>                    FrameworkReferenceVersion=3.0.0
1>                    NuGetPackageId=Microsoft.NETCore.App.Ref
1>                    NuGetPackageVersion=3.0.0
1>                    Private=false
1>                    PublicKeyToken=b03f5f7f11d50a3a
1>            C:\Users\hansnguyen\.nuget\packages\microsoft.netcore.app.ref\3.0.0\ref\netcoreapp3.0\System.Threading.Tasks.dll
1>                    AssemblyVersion=4.1.1.0
1>                    ExternallyResolved=true
1>                    FileVersion=4.700.19.46214
1>                    FrameworkReferenceName=Microsoft.NETCore.App
1>                    FrameworkReferenceVersion=3.0.0
1>                    NuGetPackageId=Microsoft.NETCore.App.Ref
1>                    NuGetPackageVersion=3.0.0
1>                    Private=false
1>                    PublicKeyToken=b03f5f7f11d50a3a
1>            C:\Users\hansnguyen\.nuget\packages\microsoft.netcore.app.ref\3.0.0\ref\netcoreapp3.0\System.Threading.Thread.dll
1>                    AssemblyVersion=4.1.1.0
1>                    ExternallyResolved=true
1>                    FileVersion=4.700.19.46214
1>                    FrameworkReferenceName=Microsoft.NETCore.App
1>                    FrameworkReferenceVersion=3.0.0
1>                    NuGetPackageId=Microsoft.NETCore.App.Ref
1>                    NuGetPackageVersion=3.0.0
1>                    Private=false
1>                    PublicKeyToken=b03f5f7f11d50a3a
1>            C:\Users\hansnguyen\.nuget\packages\microsoft.netcore.app.ref\3.0.0\ref\netcoreapp3.0\System.Threading.ThreadPool.dll
1>                    AssemblyVersion=4.1.1.0
1>                    ExternallyResolved=true
1>                    FileVersion=4.700.19.46214
1>                    FrameworkReferenceName=Microsoft.NETCore.App
1>                    FrameworkReferenceVersion=3.0.0
1>                    NuGetPackageId=Microsoft.NETCore.App.Ref
1>                    NuGetPackageVersion=3.0.0
1>                    Private=false
1>                    PublicKeyToken=b03f5f7f11d50a3a
1>            C:\Users\hansnguyen\.nuget\packages\microsoft.netcore.app.ref\3.0.0\ref\netcoreapp3.0\System.Threading.Timer.dll
1>                    AssemblyVersion=4.1.1.0
1>                    ExternallyResolved=true
1>                    FileVersion=4.700.19.46214
1>                    FrameworkReferenceName=Microsoft.NETCore.App
1>                    FrameworkReferenceVersion=3.0.0
1>                    NuGetPackageId=Microsoft.NETCore.App.Ref
1>                    NuGetPackageVersion=3.0.0
1>                    Private=false
1>                    PublicKeyToken=b03f5f7f11d50a3a
1>            C:\Users\hansnguyen\.nuget\packages\microsoft.netcore.app.ref\3.0.0\ref\netcoreapp3.0\System.Threading.dll
1>                    AssemblyVersion=4.1.1.0
1>                    ExternallyResolved=true
1>                    FileVersion=4.700.19.46214
1>                    FrameworkReferenceName=Microsoft.NETCore.App
1>                    FrameworkReferenceVersion=3.0.0
1>                    NuGetPackageId=Microsoft.NETCore.App.Ref
1>                    NuGetPackageVersion=3.0.0
1>                    Private=false
1>                    PublicKeyToken=b03f5f7f11d50a3a
1>            C:\Users\hansnguyen\.nuget\packages\microsoft.netcore.app.ref\3.0.0\ref\netcoreapp3.0\System.Transactions.Local.dll
1>                    AssemblyVersion=4.0.1.0
1>                    ExternallyResolved=true
1>                    FileVersion=4.700.19.46214
1>                    FrameworkReferenceName=Microsoft.NETCore.App
1>                    FrameworkReferenceVersion=3.0.0
1>                    NuGetPackageId=Microsoft.NETCore.App.Ref
1>                    NuGetPackageVersion=3.0.0
1>                    Private=false
1>                    PublicKeyToken=cc7b13ffcd2ddd51
1>            C:\Users\hansnguyen\.nuget\packages\microsoft.netcore.app.ref\3.0.0\ref\netcoreapp3.0\System.Transactions.dll
1>                    AssemblyVersion=4.0.0.0
1>                    ExternallyResolved=true
1>                    FileVersion=4.700.19.46214
1>                    FrameworkReferenceName=Microsoft.NETCore.App
1>                    FrameworkReferenceVersion=3.0.0
1>                    NuGetPackageId=Microsoft.NETCore.App.Ref
1>                    NuGetPackageVersion=3.0.0
1>                    Private=false
1>                    PublicKeyToken=b77a5c561934e089
1>            C:\Users\hansnguyen\.nuget\packages\microsoft.netcore.app.ref\3.0.0\ref\netcoreapp3.0\System.ValueTuple.dll
1>                    AssemblyVersion=4.0.3.0
1>                    ExternallyResolved=true
1>                    FileVersion=4.700.19.46214
1>                    FrameworkReferenceName=Microsoft.NETCore.App
1>                    FrameworkReferenceVersion=3.0.0
1>                    NuGetPackageId=Microsoft.NETCore.App.Ref
1>                    NuGetPackageVersion=3.0.0
1>                    Private=false
1>                    PublicKeyToken=cc7b13ffcd2ddd51
1>            C:\Users\hansnguyen\.nuget\packages\microsoft.netcore.app.ref\3.0.0\ref\netcoreapp3.0\System.Web.HttpUtility.dll
1>                    AssemblyVersion=4.0.1.0
1>                    ExternallyResolved=true
1>                    FileVersion=4.700.19.46214
1>                    FrameworkReferenceName=Microsoft.NETCore.App
1>                    FrameworkReferenceVersion=3.0.0
1>                    NuGetPackageId=Microsoft.NETCore.App.Ref
1>                    NuGetPackageVersion=3.0.0
1>                    Private=false
1>                    PublicKeyToken=cc7b13ffcd2ddd51
1>            C:\Users\hansnguyen\.nuget\packages\microsoft.netcore.app.ref\3.0.0\ref\netcoreapp3.0\System.Web.dll
1>                    AssemblyVersion=4.0.0.0
1>                    ExternallyResolved=true
1>                    FileVersion=4.700.19.46214
1>                    FrameworkReferenceName=Microsoft.NETCore.App
1>                    FrameworkReferenceVersion=3.0.0
1>                    NuGetPackageId=Microsoft.NETCore.App.Ref
1>                    NuGetPackageVersion=3.0.0
1>                    Private=false
1>                    PublicKeyToken=b03f5f7f11d50a3a
1>            C:\Users\hansnguyen\.nuget\packages\microsoft.netcore.app.ref\3.0.0\ref\netcoreapp3.0\System.Windows.dll
1>                    AssemblyVersion=4.0.0.0
1>                    ExternallyResolved=true
1>                    FileVersion=4.700.19.46214
1>                    FrameworkReferenceName=Microsoft.NETCore.App
1>                    FrameworkReferenceVersion=3.0.0
1>                    NuGetPackageId=Microsoft.NETCore.App.Ref
1>                    NuGetPackageVersion=3.0.0
1>                    Private=false
1>                    PublicKeyToken=b03f5f7f11d50a3a
1>            C:\Users\hansnguyen\.nuget\packages\microsoft.netcore.app.ref\3.0.0\ref\netcoreapp3.0\System.Xml.Linq.dll
1>                    AssemblyVersion=4.0.0.0
1>                    ExternallyResolved=true
1>                    FileVersion=4.700.19.46214
1>                    FrameworkReferenceName=Microsoft.NETCore.App
1>                    FrameworkReferenceVersion=3.0.0
1>                    NuGetPackageId=Microsoft.NETCore.App.Ref
1>                    NuGetPackageVersion=3.0.0
1>                    Private=false
1>                    PublicKeyToken=b77a5c561934e089
1>            C:\Users\hansnguyen\.nuget\packages\microsoft.netcore.app.ref\3.0.0\ref\netcoreapp3.0\System.Xml.ReaderWriter.dll
1>                    AssemblyVersion=4.2.1.0
1>                    ExternallyResolved=true
1>                    FileVersion=4.700.19.46214
1>                    FrameworkReferenceName=Microsoft.NETCore.App
1>                    FrameworkReferenceVersion=3.0.0
1>                    NuGetPackageId=Microsoft.NETCore.App.Ref
1>                    NuGetPackageVersion=3.0.0
1>                    Private=false
1>                    PublicKeyToken=b03f5f7f11d50a3a
1>            C:\Users\hansnguyen\.nuget\packages\microsoft.netcore.app.ref\3.0.0\ref\netcoreapp3.0\System.Xml.Serialization.dll
1>                    AssemblyVersion=4.0.0.0
1>                    ExternallyResolved=true
1>                    FileVersion=4.700.19.46214
1>                    FrameworkReferenceName=Microsoft.NETCore.App
1>                    FrameworkReferenceVersion=3.0.0
1>                    NuGetPackageId=Microsoft.NETCore.App.Ref
1>                    NuGetPackageVersion=3.0.0
1>                    Private=false
1>                    PublicKeyToken=b77a5c561934e089
1>            C:\Users\hansnguyen\.nuget\packages\microsoft.netcore.app.ref\3.0.0\ref\netcoreapp3.0\System.Xml.XDocument.dll
1>                    AssemblyVersion=4.1.1.0
1>                    ExternallyResolved=true
1>                    FileVersion=4.700.19.46214
1>                    FrameworkReferenceName=Microsoft.NETCore.App
1>                    FrameworkReferenceVersion=3.0.0
1>                    NuGetPackageId=Microsoft.NETCore.App.Ref
1>                    NuGetPackageVersion=3.0.0
1>                    Private=false
1>                    PublicKeyToken=b03f5f7f11d50a3a
1>            C:\Users\hansnguyen\.nuget\packages\microsoft.netcore.app.ref\3.0.0\ref\netcoreapp3.0\System.Xml.XPath.XDocument.dll
1>                    AssemblyVersion=4.1.1.0
1>                    ExternallyResolved=true
1>                    FileVersion=4.700.19.46214
1>                    FrameworkReferenceName=Microsoft.NETCore.App
1>                    FrameworkReferenceVersion=3.0.0
1>                    NuGetPackageId=Microsoft.NETCore.App.Ref
1>                    NuGetPackageVersion=3.0.0
1>                    Private=false
1>                    PublicKeyToken=b03f5f7f11d50a3a
1>            C:\Users\hansnguyen\.nuget\packages\microsoft.netcore.app.ref\3.0.0\ref\netcoreapp3.0\System.Xml.XPath.dll
1>                    AssemblyVersion=4.1.1.0
1>                    ExternallyResolved=true
1>                    FileVersion=4.700.19.46214
1>                    FrameworkReferenceName=Microsoft.NETCore.App
1>                    FrameworkReferenceVersion=3.0.0
1>                    NuGetPackageId=Microsoft.NETCore.App.Ref
1>                    NuGetPackageVersion=3.0.0
1>                    Private=false
1>                    PublicKeyToken=b03f5f7f11d50a3a
1>            C:\Users\hansnguyen\.nuget\packages\microsoft.netcore.app.ref\3.0.0\ref\netcoreapp3.0\System.Xml.XmlDocument.dll
1>                    AssemblyVersion=4.1.1.0
1>                    ExternallyResolved=true
1>                    FileVersion=4.700.19.46214
1>                    FrameworkReferenceName=Microsoft.NETCore.App
1>                    FrameworkReferenceVersion=3.0.0
1>                    NuGetPackageId=Microsoft.NETCore.App.Ref
1>                    NuGetPackageVersion=3.0.0
1>                    Private=false
1>                    PublicKeyToken=b03f5f7f11d50a3a
1>            C:\Users\hansnguyen\.nuget\packages\microsoft.netcore.app.ref\3.0.0\ref\netcoreapp3.0\System.Xml.XmlSerializer.dll
1>                    AssemblyVersion=4.1.1.0
1>                    ExternallyResolved=true
1>                    FileVersion=4.700.19.46214
1>                    FrameworkReferenceName=Microsoft.NETCore.App
1>                    FrameworkReferenceVersion=3.0.0
1>                    NuGetPackageId=Microsoft.NETCore.App.Ref
1>                    NuGetPackageVersion=3.0.0
1>                    Private=false
1>                    PublicKeyToken=b03f5f7f11d50a3a
1>            C:\Users\hansnguyen\.nuget\packages\microsoft.netcore.app.ref\3.0.0\ref\netcoreapp3.0\System.Xml.dll
1>                    AssemblyVersion=4.0.0.0
1>                    ExternallyResolved=true
1>                    FileVersion=4.700.19.46214
1>                    FrameworkReferenceName=Microsoft.NETCore.App
1>                    FrameworkReferenceVersion=3.0.0
1>                    NuGetPackageId=Microsoft.NETCore.App.Ref
1>                    NuGetPackageVersion=3.0.0
1>                    Private=false
1>                    PublicKeyToken=b77a5c561934e089
1>            C:\Users\hansnguyen\.nuget\packages\microsoft.netcore.app.ref\3.0.0\ref\netcoreapp3.0\System.dll
1>                    AssemblyVersion=4.0.0.0
1>                    ExternallyResolved=true
1>                    FileVersion=4.700.19.46214
1>                    FrameworkReferenceName=Microsoft.NETCore.App
1>                    FrameworkReferenceVersion=3.0.0
1>                    NuGetPackageId=Microsoft.NETCore.App.Ref
1>                    NuGetPackageVersion=3.0.0
1>                    Private=false
1>                    PublicKeyToken=b77a5c561934e089
1>            C:\Users\hansnguyen\.nuget\packages\microsoft.netcore.app.ref\3.0.0\ref\netcoreapp3.0\mscorlib.dll
1>                    AssemblyVersion=4.0.0.0
1>                    ExternallyResolved=true
1>                    FileVersion=4.700.19.46214
1>                    FrameworkReferenceName=Microsoft.NETCore.App
1>                    FrameworkReferenceVersion=3.0.0
1>                    NuGetPackageId=Microsoft.NETCore.App.Ref
1>                    NuGetPackageVersion=3.0.0
1>                    Private=false
1>                    PublicKeyToken=b77a5c561934e089
1>            C:\Users\hansnguyen\.nuget\packages\microsoft.netcore.app.ref\3.0.0\ref\netcoreapp3.0\netstandard.dll
1>                    AssemblyVersion=2.1.0.0
1>                    ExternallyResolved=true
1>                    FileVersion=4.700.19.46214
1>                    FrameworkReferenceName=Microsoft.NETCore.App
1>                    FrameworkReferenceVersion=3.0.0
1>                    NuGetPackageId=Microsoft.NETCore.App.Ref
1>                    NuGetPackageVersion=3.0.0
1>                    Private=false
1>                    PublicKeyToken=cc7b13ffcd2ddd51
1>            C:\Users\hansnguyen\.nuget\packages\microsoft.windowsdesktop.app.ref\3.0.0\ref\netcoreapp3.0\Accessibility.dll
1>                    AssemblyVersion=4.0.0.0
1>                    ExternallyResolved=true
1>                    FileVersion=4.800.19.46210
1>                    FrameworkReferenceName=Microsoft.WindowsDesktop.App.WPF
1>                    FrameworkReferenceVersion=3.0.0
1>                    NuGetPackageId=Microsoft.WindowsDesktop.App.Ref
1>                    NuGetPackageVersion=3.0.0
1>                    Private=false
1>                    PublicKeyToken=31bf3856ad364e35
1>            C:\Users\hansnguyen\.nuget\packages\microsoft.windowsdesktop.app.ref\3.0.0\ref\netcoreapp3.0\Microsoft.Win32.Registry.AccessControl.dll
1>                    AssemblyVersion=4.0.4.0
1>                    ExternallyResolved=true
1>                    FileVersion=4.700.19.46214
1>                    FrameworkReferenceName=Microsoft.WindowsDesktop.App.WPF
1>                    FrameworkReferenceVersion=3.0.0
1>                    NuGetPackageId=Microsoft.WindowsDesktop.App.Ref
1>                    NuGetPackageVersion=3.0.0
1>                    Private=false
1>                    PublicKeyToken=b03f5f7f11d50a3a
1>            C:\Users\hansnguyen\.nuget\packages\microsoft.windowsdesktop.app.ref\3.0.0\ref\netcoreapp3.0\Microsoft.Win32.Registry.dll
1>                    AssemblyVersion=4.1.2.0
1>                    ExternallyResolved=true
1>                    FileVersion=4.700.19.46214
1>                    FrameworkReferenceName=Microsoft.WindowsDesktop.App.WPF
1>                    FrameworkReferenceVersion=3.0.0
1>                    NuGetPackageId=Microsoft.WindowsDesktop.App.Ref
1>                    NuGetPackageVersion=3.0.0
1>                    Private=false
1>                    PublicKeyToken=b03f5f7f11d50a3a
1>            C:\Users\hansnguyen\.nuget\packages\microsoft.windowsdesktop.app.ref\3.0.0\ref\netcoreapp3.0\Microsoft.Win32.SystemEvents.dll
1>                    AssemblyVersion=4.0.1.0
1>                    ExternallyResolved=true
1>                    FileVersion=4.700.19.46214
1>                    FrameworkReferenceName=Microsoft.WindowsDesktop.App.WPF
1>                    FrameworkReferenceVersion=3.0.0
1>                    NuGetPackageId=Microsoft.WindowsDesktop.App.Ref
1>                    NuGetPackageVersion=3.0.0
1>                    Private=false
1>                    PublicKeyToken=cc7b13ffcd2ddd51
1>            C:\Users\hansnguyen\.nuget\packages\microsoft.windowsdesktop.app.ref\3.0.0\ref\netcoreapp3.0\PresentationCore.dll
1>                    AssemblyVersion=4.0.0.0
1>                    ExternallyResolved=true
1>                    FileVersion=4.800.19.46214
1>                    FrameworkReferenceName=Microsoft.WindowsDesktop.App.WPF
1>                    FrameworkReferenceVersion=3.0.0
1>                    NuGetPackageId=Microsoft.WindowsDesktop.App.Ref
1>                    NuGetPackageVersion=3.0.0
1>                    Private=false
1>                    PublicKeyToken=31bf3856ad364e35
1>            C:\Users\hansnguyen\.nuget\packages\microsoft.windowsdesktop.app.ref\3.0.0\ref\netcoreapp3.0\PresentationFramework.Aero.dll
1>                    AssemblyVersion=4.0.0.0
1>                    ExternallyResolved=true
1>                    FileVersion=4.800.19.46214
1>                    FrameworkReferenceName=Microsoft.WindowsDesktop.App.WPF
1>                    FrameworkReferenceVersion=3.0.0
1>                    NuGetPackageId=Microsoft.WindowsDesktop.App.Ref
1>                    NuGetPackageVersion=3.0.0
1>                    Private=false
1>                    PublicKeyToken=31bf3856ad364e35
1>            C:\Users\hansnguyen\.nuget\packages\microsoft.windowsdesktop.app.ref\3.0.0\ref\netcoreapp3.0\PresentationFramework.Aero2.dll
1>                    AssemblyVersion=4.0.0.0
1>                    ExternallyResolved=true
1>                    FileVersion=4.800.19.46214
1>                    FrameworkReferenceName=Microsoft.WindowsDesktop.App.WPF
1>                    FrameworkReferenceVersion=3.0.0
1>                    NuGetPackageId=Microsoft.WindowsDesktop.App.Ref
1>                    NuGetPackageVersion=3.0.0
1>                    Private=false
1>                    PublicKeyToken=31bf3856ad364e35
1>            C:\Users\hansnguyen\.nuget\packages\microsoft.windowsdesktop.app.ref\3.0.0\ref\netcoreapp3.0\PresentationFramework.AeroLite.dll
1>                    AssemblyVersion=4.0.0.0
1>                    ExternallyResolved=true
1>                    FileVersion=4.800.19.46214
1>                    FrameworkReferenceName=Microsoft.WindowsDesktop.App.WPF
1>                    FrameworkReferenceVersion=3.0.0
1>                    NuGetPackageId=Microsoft.WindowsDesktop.App.Ref
1>                    NuGetPackageVersion=3.0.0
1>                    Private=false
1>                    PublicKeyToken=31bf3856ad364e35
1>            C:\Users\hansnguyen\.nuget\packages\microsoft.windowsdesktop.app.ref\3.0.0\ref\netcoreapp3.0\PresentationFramework.Classic.dll
1>                    AssemblyVersion=4.0.0.0
1>                    ExternallyResolved=true
1>                    FileVersion=4.800.19.46214
1>                    FrameworkReferenceName=Microsoft.WindowsDesktop.App.WPF
1>                    FrameworkReferenceVersion=3.0.0
1>                    NuGetPackageId=Microsoft.WindowsDesktop.App.Ref
1>                    NuGetPackageVersion=3.0.0
1>                    Private=false
1>                    PublicKeyToken=31bf3856ad364e35
1>            C:\Users\hansnguyen\.nuget\packages\microsoft.windowsdesktop.app.ref\3.0.0\ref\netcoreapp3.0\PresentationFramework.Luna.dll
1>                    AssemblyVersion=4.0.0.0
1>                    ExternallyResolved=true
1>                    FileVersion=4.800.19.46214
1>                    FrameworkReferenceName=Microsoft.WindowsDesktop.App.WPF
1>                    FrameworkReferenceVersion=3.0.0
1>                    NuGetPackageId=Microsoft.WindowsDesktop.App.Ref
1>                    NuGetPackageVersion=3.0.0
1>                    Private=false
1>                    PublicKeyToken=31bf3856ad364e35
1>            C:\Users\hansnguyen\.nuget\packages\microsoft.windowsdesktop.app.ref\3.0.0\ref\netcoreapp3.0\PresentationFramework.Royale.dll
1>                    AssemblyVersion=4.0.0.0
1>                    ExternallyResolved=true
1>                    FileVersion=4.800.19.46214
1>                    FrameworkReferenceName=Microsoft.WindowsDesktop.App.WPF
1>                    FrameworkReferenceVersion=3.0.0
1>                    NuGetPackageId=Microsoft.WindowsDesktop.App.Ref
1>                    NuGetPackageVersion=3.0.0
1>                    Private=false
1>                    PublicKeyToken=31bf3856ad364e35
1>            C:\Users\hansnguyen\.nuget\packages\microsoft.windowsdesktop.app.ref\3.0.0\ref\netcoreapp3.0\PresentationFramework.dll
1>                    AssemblyVersion=4.0.0.0
1>                    ExternallyResolved=true
1>                    FileVersion=4.800.19.46214
1>                    FrameworkReferenceName=Microsoft.WindowsDesktop.App.WPF
1>                    FrameworkReferenceVersion=3.0.0
1>                    NuGetPackageId=Microsoft.WindowsDesktop.App.Ref
1>                    NuGetPackageVersion=3.0.0
1>                    Private=false
1>                    PublicKeyToken=31bf3856ad364e35
1>            C:\Users\hansnguyen\.nuget\packages\microsoft.windowsdesktop.app.ref\3.0.0\ref\netcoreapp3.0\PresentationUI.dll
1>                    AssemblyVersion=4.0.0.0
1>                    ExternallyResolved=true
1>                    FileVersion=4.800.19.46214
1>                    FrameworkReferenceName=Microsoft.WindowsDesktop.App.WPF
1>                    FrameworkReferenceVersion=3.0.0
1>                    NuGetPackageId=Microsoft.WindowsDesktop.App.Ref
1>                    NuGetPackageVersion=3.0.0
1>                    Private=false
1>                    PublicKeyToken=b77a5c561934e089
1>            C:\Users\hansnguyen\.nuget\packages\microsoft.windowsdesktop.app.ref\3.0.0\ref\netcoreapp3.0\ReachFramework.dll
1>                    AssemblyVersion=4.0.0.0
1>                    ExternallyResolved=true
1>                    FileVersion=4.800.19.46214
1>                    FrameworkReferenceName=Microsoft.WindowsDesktop.App.WPF
1>                    FrameworkReferenceVersion=3.0.0
1>                    NuGetPackageId=Microsoft.WindowsDesktop.App.Ref
1>                    NuGetPackageVersion=3.0.0
1>                    Private=false
1>                    PublicKeyToken=31bf3856ad364e35
1>            C:\Users\hansnguyen\.nuget\packages\microsoft.windowsdesktop.app.ref\3.0.0\ref\netcoreapp3.0\System.CodeDom.dll
1>                    AssemblyVersion=4.0.2.0
1>                    ExternallyResolved=true
1>                    FileVersion=4.700.19.46214
1>                    FrameworkReferenceName=Microsoft.WindowsDesktop.App.WPF
1>                    FrameworkReferenceVersion=3.0.0
1>                    NuGetPackageId=Microsoft.WindowsDesktop.App.Ref
1>                    NuGetPackageVersion=3.0.0
1>                    Private=false
1>                    PublicKeyToken=cc7b13ffcd2ddd51
1>            C:\Users\hansnguyen\.nuget\packages\microsoft.windowsdesktop.app.ref\3.0.0\ref\netcoreapp3.0\System.Configuration.ConfigurationManager.dll
1>                    AssemblyVersion=4.0.2.0
1>                    ExternallyResolved=true
1>                    FileVersion=4.700.19.46214
1>                    FrameworkReferenceName=Microsoft.WindowsDesktop.App.WPF
1>                    FrameworkReferenceVersion=3.0.0
1>                    NuGetPackageId=Microsoft.WindowsDesktop.App.Ref
1>                    NuGetPackageVersion=3.0.0
1>                    Private=false
1>                    PublicKeyToken=cc7b13ffcd2ddd51
1>            C:\Users\hansnguyen\.nuget\packages\microsoft.windowsdesktop.app.ref\3.0.0\ref\netcoreapp3.0\System.Diagnostics.EventLog.dll
1>                    AssemblyVersion=4.0.1.0
1>                    ExternallyResolved=true
1>                    FileVersion=4.700.19.46214
1>                    FrameworkReferenceName=Microsoft.WindowsDesktop.App.WPF
1>                    FrameworkReferenceVersion=3.0.0
1>                    NuGetPackageId=Microsoft.WindowsDesktop.App.Ref
1>                    NuGetPackageVersion=3.0.0
1>                    Private=false
1>                    PublicKeyToken=cc7b13ffcd2ddd51
1>            C:\Users\hansnguyen\.nuget\packages\microsoft.windowsdesktop.app.ref\3.0.0\ref\netcoreapp3.0\System.Diagnostics.PerformanceCounter.dll
1>                    AssemblyVersion=4.0.1.0
1>                    ExternallyResolved=true
1>                    FileVersion=4.700.19.37515
1>                    FrameworkReferenceName=Microsoft.WindowsDesktop.App.WPF
1>                    FrameworkReferenceVersion=3.0.0
1>                    NuGetPackageId=Microsoft.WindowsDesktop.App.Ref
1>                    NuGetPackageVersion=3.0.0
1>                    Private=false
1>                    PublicKeyToken=cc7b13ffcd2ddd51
1>            C:\Users\hansnguyen\.nuget\packages\microsoft.windowsdesktop.app.ref\3.0.0\ref\netcoreapp3.0\System.DirectoryServices.dll
1>                    AssemblyVersion=4.0.0.0
1>                    ExternallyResolved=true
1>                    FileVersion=4.700.19.46214
1>                    FrameworkReferenceName=Microsoft.WindowsDesktop.App.WPF
1>                    FrameworkReferenceVersion=3.0.0
1>                    NuGetPackageId=Microsoft.WindowsDesktop.App.Ref
1>                    NuGetPackageVersion=3.0.0
1>                    Private=false
1>                    PublicKeyToken=b03f5f7f11d50a3a
1>            C:\Users\hansnguyen\.nuget\packages\microsoft.windowsdesktop.app.ref\3.0.0\ref\netcoreapp3.0\System.IO.FileSystem.AccessControl.dll
1>                    AssemblyVersion=4.0.4.0
1>                    ExternallyResolved=true
1>                    FileVersion=4.700.19.46214
1>                    FrameworkReferenceName=Microsoft.WindowsDesktop.App.WPF
1>                    FrameworkReferenceVersion=3.0.0
1>                    NuGetPackageId=Microsoft.WindowsDesktop.App.Ref
1>                    NuGetPackageVersion=3.0.0
1>                    Private=false
1>                    PublicKeyToken=b03f5f7f11d50a3a
1>            C:\Users\hansnguyen\.nuget\packages\microsoft.windowsdesktop.app.ref\3.0.0\ref\netcoreapp3.0\System.IO.Packaging.dll
1>                    AssemblyVersion=4.0.4.0
1>                    ExternallyResolved=true
1>                    FileVersion=4.700.19.46214
1>                    FrameworkReferenceName=Microsoft.WindowsDesktop.App.WPF
1>                    FrameworkReferenceVersion=3.0.0
1>                    NuGetPackageId=Microsoft.WindowsDesktop.App.Ref
1>                    NuGetPackageVersion=3.0.0
1>                    Private=false
1>                    PublicKeyToken=b03f5f7f11d50a3a
1>            C:\Users\hansnguyen\.nuget\packages\microsoft.windowsdesktop.app.ref\3.0.0\ref\netcoreapp3.0\System.IO.Pipes.AccessControl.dll
1>                    AssemblyVersion=4.0.3.0
1>                    ExternallyResolved=true
1>                    FileVersion=4.6.26606.5
1>                    FrameworkReferenceName=Microsoft.WindowsDesktop.App.WPF
1>                    FrameworkReferenceVersion=3.0.0
1>                    NuGetPackageId=Microsoft.WindowsDesktop.App.Ref
1>                    NuGetPackageVersion=3.0.0
1>                    Private=false
1>                    PublicKeyToken=b03f5f7f11d50a3a
1>            C:\Users\hansnguyen\.nuget\packages\microsoft.windowsdesktop.app.ref\3.0.0\ref\netcoreapp3.0\System.Printing.dll
1>                    AssemblyVersion=4.0.0.0
1>                    ExternallyResolved=true
1>                    FileVersion=4.800.19.46214
1>                    FrameworkReferenceName=Microsoft.WindowsDesktop.App.WPF
1>                    FrameworkReferenceVersion=3.0.0
1>                    NuGetPackageId=Microsoft.WindowsDesktop.App.Ref
1>                    NuGetPackageVersion=3.0.0
1>                    Private=false
1>                    PublicKeyToken=31bf3856ad364e35
1>            C:\Users\hansnguyen\.nuget\packages\microsoft.windowsdesktop.app.ref\3.0.0\ref\netcoreapp3.0\System.Resources.Extensions.dll
1>                    AssemblyVersion=4.0.0.0
1>                    ExternallyResolved=true
1>                    FileVersion=4.700.19.46214
1>                    FrameworkReferenceName=Microsoft.WindowsDesktop.App.WPF
1>                    FrameworkReferenceVersion=3.0.0
1>                    NuGetPackageId=Microsoft.WindowsDesktop.App.Ref
1>                    NuGetPackageVersion=3.0.0
1>                    Private=false
1>                    PublicKeyToken=cc7b13ffcd2ddd51
1>            C:\Users\hansnguyen\.nuget\packages\microsoft.windowsdesktop.app.ref\3.0.0\ref\netcoreapp3.0\System.Security.AccessControl.dll
1>                    AssemblyVersion=4.1.1.0
1>                    ExternallyResolved=true
1>                    FileVersion=4.700.19.46214
1>                    FrameworkReferenceName=Microsoft.WindowsDesktop.App.WPF
1>                    FrameworkReferenceVersion=3.0.0
1>                    NuGetPackageId=Microsoft.WindowsDesktop.App.Ref
1>                    NuGetPackageVersion=3.0.0
1>                    Private=false
1>                    PublicKeyToken=b03f5f7f11d50a3a
1>            C:\Users\hansnguyen\.nuget\packages\microsoft.windowsdesktop.app.ref\3.0.0\ref\netcoreapp3.0\System.Security.Cryptography.Cng.dll
1>                    AssemblyVersion=4.3.2.0
1>                    ExternallyResolved=true
1>                    FileVersion=4.700.19.46214
1>                    FrameworkReferenceName=Microsoft.WindowsDesktop.App.WPF
1>                    FrameworkReferenceVersion=3.0.0
1>                    NuGetPackageId=Microsoft.WindowsDesktop.App.Ref
1>                    NuGetPackageVersion=3.0.0
1>                    Private=false
1>                    PublicKeyToken=b03f5f7f11d50a3a
1>            C:\Users\hansnguyen\.nuget\packages\microsoft.windowsdesktop.app.ref\3.0.0\ref\netcoreapp3.0\System.Security.Cryptography.Pkcs.dll
1>                    AssemblyVersion=4.1.0.0
1>                    ExternallyResolved=true
1>                    FileVersion=4.700.19.46214
1>                    FrameworkReferenceName=Microsoft.WindowsDesktop.App.WPF
1>                    FrameworkReferenceVersion=3.0.0
1>                    NuGetPackageId=Microsoft.WindowsDesktop.App.Ref
1>                    NuGetPackageVersion=3.0.0
1>                    Private=false
1>                    PublicKeyToken=b03f5f7f11d50a3a
1>            C:\Users\hansnguyen\.nuget\packages\microsoft.windowsdesktop.app.ref\3.0.0\ref\netcoreapp3.0\System.Security.Cryptography.ProtectedData.dll
1>                    AssemblyVersion=4.0.4.0
1>                    ExternallyResolved=true
1>                    FileVersion=4.700.19.46214
1>                    FrameworkReferenceName=Microsoft.WindowsDesktop.App.WPF
1>                    FrameworkReferenceVersion=3.0.0
1>                    NuGetPackageId=Microsoft.WindowsDesktop.App.Ref
1>                    NuGetPackageVersion=3.0.0
1>                    Private=false
1>                    PublicKeyToken=b03f5f7f11d50a3a
1>            C:\Users\hansnguyen\.nuget\packages\microsoft.windowsdesktop.app.ref\3.0.0\ref\netcoreapp3.0\System.Security.Cryptography.Xml.dll
1>                    AssemblyVersion=4.0.2.0
1>                    ExternallyResolved=true
1>                    FileVersion=4.700.19.46214
1>                    FrameworkReferenceName=Microsoft.WindowsDesktop.App.WPF
1>                    FrameworkReferenceVersion=3.0.0
1>                    NuGetPackageId=Microsoft.WindowsDesktop.App.Ref
1>                    NuGetPackageVersion=3.0.0
1>                    Private=false
1>                    PublicKeyToken=cc7b13ffcd2ddd51
1>            C:\Users\hansnguyen\.nuget\packages\microsoft.windowsdesktop.app.ref\3.0.0\ref\netcoreapp3.0\System.Security.Permissions.dll
1>                    AssemblyVersion=4.0.2.0
1>                    ExternallyResolved=true
1>                    FileVersion=4.700.19.46214
1>                    FrameworkReferenceName=Microsoft.WindowsDesktop.App.WPF
1>                    FrameworkReferenceVersion=3.0.0
1>                    NuGetPackageId=Microsoft.WindowsDesktop.App.Ref
1>                    NuGetPackageVersion=3.0.0
1>                    Private=false
1>                    PublicKeyToken=cc7b13ffcd2ddd51
1>            C:\Users\hansnguyen\.nuget\packages\microsoft.windowsdesktop.app.ref\3.0.0\ref\netcoreapp3.0\System.Security.Principal.Windows.dll
1>                    AssemblyVersion=4.1.1.0
1>                    ExternallyResolved=true
1>                    FileVersion=4.700.19.46214
1>                    FrameworkReferenceName=Microsoft.WindowsDesktop.App.WPF
1>                    FrameworkReferenceVersion=3.0.0
1>                    NuGetPackageId=Microsoft.WindowsDesktop.App.Ref
1>                    NuGetPackageVersion=3.0.0
1>                    Private=false
1>                    PublicKeyToken=b03f5f7f11d50a3a
1>            C:\Users\hansnguyen\.nuget\packages\microsoft.windowsdesktop.app.ref\3.0.0\ref\netcoreapp3.0\System.Threading.AccessControl.dll
1>                    AssemblyVersion=4.0.4.0
1>                    ExternallyResolved=true
1>                    FileVersion=4.700.19.46214
1>                    FrameworkReferenceName=Microsoft.WindowsDesktop.App.WPF
1>                    FrameworkReferenceVersion=3.0.0
1>                    NuGetPackageId=Microsoft.WindowsDesktop.App.Ref
1>                    NuGetPackageVersion=3.0.0
1>                    Private=false
1>                    PublicKeyToken=b03f5f7f11d50a3a
1>            C:\Users\hansnguyen\.nuget\packages\microsoft.windowsdesktop.app.ref\3.0.0\ref\netcoreapp3.0\System.Windows.Controls.Ribbon.dll
1>                    AssemblyVersion=4.0.0.0
1>                    ExternallyResolved=true
1>                    FileVersion=4.800.19.46214
1>                    FrameworkReferenceName=Microsoft.WindowsDesktop.App.WPF
1>                    FrameworkReferenceVersion=3.0.0
1>                    NuGetPackageId=Microsoft.WindowsDesktop.App.Ref
1>                    NuGetPackageVersion=3.0.0
1>                    Private=false
1>                    PublicKeyToken=b77a5c561934e089
1>            C:\Users\hansnguyen\.nuget\packages\microsoft.windowsdesktop.app.ref\3.0.0\ref\netcoreapp3.0\System.Windows.Extensions.dll
1>                    AssemblyVersion=4.0.0.0
1>                    ExternallyResolved=true
1>                    FileVersion=4.700.19.46214
1>                    FrameworkReferenceName=Microsoft.WindowsDesktop.App.WPF
1>                    FrameworkReferenceVersion=3.0.0
1>                    NuGetPackageId=Microsoft.WindowsDesktop.App.Ref
1>                    NuGetPackageVersion=3.0.0
1>                    Private=false
1>                    PublicKeyToken=cc7b13ffcd2ddd51
1>            C:\Users\hansnguyen\.nuget\packages\microsoft.windowsdesktop.app.ref\3.0.0\ref\netcoreapp3.0\System.Windows.Input.Manipulations.dll
1>                    AssemblyVersion=4.0.0.0
1>                    ExternallyResolved=true
1>                    FileVersion=4.800.19.46214
1>                    FrameworkReferenceName=Microsoft.WindowsDesktop.App.WPF
1>                    FrameworkReferenceVersion=3.0.0
1>                    NuGetPackageId=Microsoft.WindowsDesktop.App.Ref
1>                    NuGetPackageVersion=3.0.0
1>                    Private=false
1>                    PublicKeyToken=b77a5c561934e089
1>            C:\Users\hansnguyen\.nuget\packages\microsoft.windowsdesktop.app.ref\3.0.0\ref\netcoreapp3.0\System.Windows.Presentation.dll
1>                    AssemblyVersion=4.0.0.0
1>                    ExternallyResolved=true
1>                    FileVersion=4.800.19.46214
1>                    FrameworkReferenceName=Microsoft.WindowsDesktop.App.WPF
1>                    FrameworkReferenceVersion=3.0.0
1>                    NuGetPackageId=Microsoft.WindowsDesktop.App.Ref
1>                    NuGetPackageVersion=3.0.0
1>                    Private=false
1>                    PublicKeyToken=b77a5c561934e089
1>            C:\Users\hansnguyen\.nuget\packages\microsoft.windowsdesktop.app.ref\3.0.0\ref\netcoreapp3.0\System.Xaml.dll
1>                    AssemblyVersion=4.0.0.0
1>                    ExternallyResolved=true
1>                    FileVersion=4.800.19.46214
1>                    FrameworkReferenceName=Microsoft.WindowsDesktop.App.WPF
1>                    FrameworkReferenceVersion=3.0.0
1>                    NuGetPackageId=Microsoft.WindowsDesktop.App.Ref
1>                    NuGetPackageVersion=3.0.0
1>                    Private=false
1>                    PublicKeyToken=b77a5c561934e089
1>            C:\Users\hansnguyen\.nuget\packages\microsoft.windowsdesktop.app.ref\3.0.0\ref\netcoreapp3.0\UIAutomationClient.dll
1>                    AssemblyVersion=4.0.0.0
1>                    ExternallyResolved=true
1>                    FileVersion=4.800.19.46214
1>                    FrameworkReferenceName=Microsoft.WindowsDesktop.App.WPF
1>                    FrameworkReferenceVersion=3.0.0
1>                    NuGetPackageId=Microsoft.WindowsDesktop.App.Ref
1>                    NuGetPackageVersion=3.0.0
1>                    Private=false
1>                    PublicKeyToken=31bf3856ad364e35
1>            C:\Users\hansnguyen\.nuget\packages\microsoft.windowsdesktop.app.ref\3.0.0\ref\netcoreapp3.0\UIAutomationClientSideProviders.dll
1>                    AssemblyVersion=4.0.0.0
1>                    ExternallyResolved=true
1>                    FileVersion=4.800.19.46214
1>                    FrameworkReferenceName=Microsoft.WindowsDesktop.App.WPF
1>                    FrameworkReferenceVersion=3.0.0
1>                    NuGetPackageId=Microsoft.WindowsDesktop.App.Ref
1>                    NuGetPackageVersion=3.0.0
1>                    Private=false
1>                    PublicKeyToken=b77a5c561934e089
1>            C:\Users\hansnguyen\.nuget\packages\microsoft.windowsdesktop.app.ref\3.0.0\ref\netcoreapp3.0\UIAutomationProvider.dll
1>                    AssemblyVersion=4.0.0.0
1>                    ExternallyResolved=true
1>                    FileVersion=4.800.19.46214
1>                    FrameworkReferenceName=Microsoft.WindowsDesktop.App.WPF
1>                    FrameworkReferenceVersion=3.0.0
1>                    NuGetPackageId=Microsoft.WindowsDesktop.App.Ref
1>                    NuGetPackageVersion=3.0.0
1>                    Private=false
1>                    PublicKeyToken=31bf3856ad364e35
1>            C:\Users\hansnguyen\.nuget\packages\microsoft.windowsdesktop.app.ref\3.0.0\ref\netcoreapp3.0\UIAutomationTypes.dll
1>                    AssemblyVersion=4.0.0.0
1>                    ExternallyResolved=true
1>                    FileVersion=4.800.19.46214
1>                    FrameworkReferenceName=Microsoft.WindowsDesktop.App.WPF
1>                    FrameworkReferenceVersion=3.0.0
1>                    NuGetPackageId=Microsoft.WindowsDesktop.App.Ref
1>                    NuGetPackageVersion=3.0.0
1>                    Private=false
1>                    PublicKeyToken=31bf3856ad364e35
1>            C:\Users\hansnguyen\.nuget\packages\microsoft.windowsdesktop.app.ref\3.0.0\ref\netcoreapp3.0\WindowsBase.dll
1>                    AssemblyVersion=4.0.0.0
1>                    ExternallyResolved=true
1>                    FileVersion=4.800.19.46214
1>                    FrameworkReferenceName=Microsoft.WindowsDesktop.App.WPF
1>                    FrameworkReferenceVersion=3.0.0
1>                    NuGetPackageId=Microsoft.WindowsDesktop.App.Ref
1>                    NuGetPackageVersion=3.0.0
1>                    Private=false
1>                    PublicKeyToken=31bf3856ad364e35
1>    Task Parameter:Silent=False
1>    Task Parameter:FindRelatedFiles=True
1>    Task Parameter:SupportsBindingRedirectGeneration=True
1>    Task Parameter:OutputUnresolvedAssemblyConflicts=True
1>    Task Parameter:TargetFrameworkMoniker=.NETCoreApp,Version=v3.0
1>    Task Parameter:TargetProcessorArchitecture=msil
1>    Task Parameter:
1>        CandidateAssemblyFiles=
1>            Properties\licenses.licx
1>            Properties\Settings.settings
1>    Task Parameter:
1>        AllowedRelatedFileExtensions=
1>            .pdb
1>            .xml
1>            .pri
1>            .dll.config
1>            .exe.config
1>    Task Parameter:WarnOrErrorOnTargetArchitectureMismatch=Warning
1>    Task Parameter:AutoUnify=True
1>    Task Parameter:TargetFrameworkVersion=v3.0
1>    Task Parameter:FindDependenciesOfExternallyResolvedReferences=False
1>    TargetFrameworkMoniker:
1>        .NETCoreApp,Version=v3.0
1>    TargetFrameworkMonikerDisplayName:
1>
1>    TargetedRuntimeVersion:
1>
1>    Assemblies:
1>        C:\Users\hansnguyen\.nuget\packages\c1.xaml.wpf\4.5.20213.749\lib\netcoreapp3.0\C1.WPF.4.5.2.dll
1>            Private = 'false'
1>            HintPath = 'C:\Users\hansnguyen\.nuget\packages\c1.xaml.wpf\4.5.20213.749\lib\netcoreapp3.0\C1.WPF.4.5.2.dll'
1>        C:\Users\hansnguyen\.nuget\packages\c1.xaml.wpf.datetimeeditors\4.5.20213.749\lib\netcoreapp3.0\C1.WPF.DateTimeEditors.4.5.2.dll
1>            Private = 'false'
1>            HintPath = 'C:\Users\hansnguyen\.nuget\packages\c1.xaml.wpf.datetimeeditors\4.5.20213.749\lib\netcoreapp3.0\C1.WPF.DateTimeEditors.4.5.2.dll'
1>        C:\Users\hansnguyen\.nuget\packages\c1.xaml.wpf.flexgrid\4.5.20213.749\lib\netcoreapp3.0\C1.WPF.FlexGrid.4.5.2.dll
1>            Private = 'false'
1>            HintPath = 'C:\Users\hansnguyen\.nuget\packages\c1.xaml.wpf.flexgrid\4.5.20213.749\lib\netcoreapp3.0\C1.WPF.FlexGrid.4.5.2.dll'
1>        C:\Users\hansnguyen\.nuget\packages\c1.xaml.wpf.flexgrid.grouppanel\4.5.20213.749\lib\netcoreapp3.0\C1.WPF.FlexGrid.GroupPanel.4.5.2.dll
1>            Private = 'false'
1>            HintPath = 'C:\Users\hansnguyen\.nuget\packages\c1.xaml.wpf.flexgrid.grouppanel\4.5.20213.749\lib\netcoreapp3.0\C1.WPF.FlexGrid.GroupPanel.4.5.2.dll'
1>        C:\Users\hansnguyen\.nuget\packages\c1.xaml.wpf.flexgridfilter\4.5.20213.749\lib\netcoreapp3.0\C1.WPF.FlexGridFilter.4.5.2.dll
1>            Private = 'false'
1>            HintPath = 'C:\Users\hansnguyen\.nuget\packages\c1.xaml.wpf.flexgridfilter\4.5.20213.749\lib\netcoreapp3.0\C1.WPF.FlexGridFilter.4.5.2.dll'
1>        C:\Users\hansnguyen\.nuget\packages\c1.xaml.wpf.toolbar\4.5.20213.749\lib\netcoreapp3.0\C1.WPF.Toolbar.4.5.2.dll
1>            Private = 'false'
1>            HintPath = 'C:\Users\hansnguyen\.nuget\packages\c1.xaml.wpf.toolbar\4.5.20213.749\lib\netcoreapp3.0\C1.WPF.Toolbar.4.5.2.dll'
1>        C:\Users\hansnguyen\.nuget\packages\microsoft.netcore.app.ref\3.0.0\ref\netcoreapp3.0\Microsoft.CSharp.dll
1>            Private = 'false'
1>        C:\Users\hansnguyen\.nuget\packages\microsoft.netcore.app.ref\3.0.0\ref\netcoreapp3.0\Microsoft.VisualBasic.Core.dll
1>            Private = 'false'
1>        C:\Users\hansnguyen\.nuget\packages\microsoft.netcore.app.ref\3.0.0\ref\netcoreapp3.0\Microsoft.VisualBasic.dll
1>            Private = 'false'
1>        C:\Users\hansnguyen\.nuget\packages\microsoft.netcore.app.ref\3.0.0\ref\netcoreapp3.0\Microsoft.Win32.Primitives.dll
1>            Private = 'false'
1>        C:\Users\hansnguyen\.nuget\packages\microsoft.netcore.app.ref\3.0.0\ref\netcoreapp3.0\System.AppContext.dll
1>            Private = 'false'
1>        C:\Users\hansnguyen\.nuget\packages\microsoft.netcore.app.ref\3.0.0\ref\netcoreapp3.0\System.Buffers.dll
1>            Private = 'false'
1>        C:\Users\hansnguyen\.nuget\packages\microsoft.netcore.app.ref\3.0.0\ref\netcoreapp3.0\System.Collections.Concurrent.dll
1>            Private = 'false'
1>        C:\Users\hansnguyen\.nuget\packages\microsoft.netcore.app.ref\3.0.0\ref\netcoreapp3.0\System.Collections.Immutable.dll
1>            Private = 'false'
1>        C:\Users\hansnguyen\.nuget\packages\microsoft.netcore.app.ref\3.0.0\ref\netcoreapp3.0\System.Collections.NonGeneric.dll
1>            Private = 'false'
1>        C:\Users\hansnguyen\.nuget\packages\microsoft.netcore.app.ref\3.0.0\ref\netcoreapp3.0\System.Collections.Specialized.dll
1>            Private = 'false'
1>        C:\Users\hansnguyen\.nuget\packages\microsoft.netcore.app.ref\3.0.0\ref\netcoreapp3.0\System.Collections.dll
1>            Private = 'false'
1>        C:\Users\hansnguyen\.nuget\packages\microsoft.netcore.app.ref\3.0.0\ref\netcoreapp3.0\System.ComponentModel.Annotations.dll
1>            Private = 'false'
1>        C:\Users\hansnguyen\.nuget\packages\microsoft.netcore.app.ref\3.0.0\ref\netcoreapp3.0\System.ComponentModel.DataAnnotations.dll
1>            Private = 'false'
1>        C:\Users\hansnguyen\.nuget\packages\microsoft.netcore.app.ref\3.0.0\ref\netcoreapp3.0\System.ComponentModel.EventBasedAsync.dll
1>            Private = 'false'
1>        C:\Users\hansnguyen\.nuget\packages\microsoft.netcore.app.ref\3.0.0\ref\netcoreapp3.0\System.ComponentModel.Primitives.dll
1>            Private = 'false'
1>        C:\Users\hansnguyen\.nuget\packages\microsoft.netcore.app.ref\3.0.0\ref\netcoreapp3.0\System.ComponentModel.TypeConverter.dll
1>            Private = 'false'
1>        C:\Users\hansnguyen\.nuget\packages\microsoft.netcore.app.ref\3.0.0\ref\netcoreapp3.0\System.ComponentModel.dll
1>            Private = 'false'
1>        C:\Users\hansnguyen\.nuget\packages\microsoft.netcore.app.ref\3.0.0\ref\netcoreapp3.0\System.Configuration.dll
1>            Private = 'false'
1>        C:\Users\hansnguyen\.nuget\packages\microsoft.netcore.app.ref\3.0.0\ref\netcoreapp3.0\System.Console.dll
1>            Private = 'false'
1>        C:\Users\hansnguyen\.nuget\packages\microsoft.netcore.app.ref\3.0.0\ref\netcoreapp3.0\System.Core.dll
1>            Private = 'false'
1>        C:\Users\hansnguyen\.nuget\packages\microsoft.netcore.app.ref\3.0.0\ref\netcoreapp3.0\System.Data.Common.dll
1>            Private = 'false'
1>        C:\Users\hansnguyen\.nuget\packages\microsoft.netcore.app.ref\3.0.0\ref\netcoreapp3.0\System.Data.DataSetExtensions.dll
1>            Private = 'false'
1>        C:\Users\hansnguyen\.nuget\packages\microsoft.netcore.app.ref\3.0.0\ref\netcoreapp3.0\System.Data.dll
1>            Private = 'false'
1>        C:\Users\hansnguyen\.nuget\packages\microsoft.netcore.app.ref\3.0.0\ref\netcoreapp3.0\System.Diagnostics.Contracts.dll
1>            Private = 'false'
1>        C:\Users\hansnguyen\.nuget\packages\microsoft.netcore.app.ref\3.0.0\ref\netcoreapp3.0\System.Diagnostics.Debug.dll
1>            Private = 'false'
1>        C:\Users\hansnguyen\.nuget\packages\microsoft.netcore.app.ref\3.0.0\ref\netcoreapp3.0\System.Diagnostics.DiagnosticSource.dll
1>            Private = 'false'
1>        C:\Users\hansnguyen\.nuget\packages\microsoft.netcore.app.ref\3.0.0\ref\netcoreapp3.0\System.Diagnostics.FileVersionInfo.dll
1>            Private = 'false'
1>        C:\Users\hansnguyen\.nuget\packages\microsoft.netcore.app.ref\3.0.0\ref\netcoreapp3.0\System.Diagnostics.Process.dll
1>            Private = 'false'
1>        C:\Users\hansnguyen\.nuget\packages\microsoft.netcore.app.ref\3.0.0\ref\netcoreapp3.0\System.Diagnostics.StackTrace.dll
1>            Private = 'false'
1>        C:\Users\hansnguyen\.nuget\packages\microsoft.netcore.app.ref\3.0.0\ref\netcoreapp3.0\System.Diagnostics.TextWriterTraceListener.dll
1>            Private = 'false'
1>        C:\Users\hansnguyen\.nuget\packages\microsoft.netcore.app.ref\3.0.0\ref\netcoreapp3.0\System.Diagnostics.Tools.dll
1>            Private = 'false'
1>        C:\Users\hansnguyen\.nuget\packages\microsoft.netcore.app.ref\3.0.0\ref\netcoreapp3.0\System.Diagnostics.TraceSource.dll
1>            Private = 'false'
1>        C:\Users\hansnguyen\.nuget\packages\microsoft.netcore.app.ref\3.0.0\ref\netcoreapp3.0\System.Diagnostics.Tracing.dll
1>            Private = 'false'
1>        C:\Users\hansnguyen\.nuget\packages\microsoft.netcore.app.ref\3.0.0\ref\netcoreapp3.0\System.Drawing.Primitives.dll
1>            Private = 'false'
1>        C:\Users\hansnguyen\.nuget\packages\microsoft.netcore.app.ref\3.0.0\ref\netcoreapp3.0\System.Drawing.dll
1>            Private = 'false'
1>        C:\Users\hansnguyen\.nuget\packages\microsoft.netcore.app.ref\3.0.0\ref\netcoreapp3.0\System.Dynamic.Runtime.dll
1>            Private = 'false'
1>        C:\Users\hansnguyen\.nuget\packages\microsoft.netcore.app.ref\3.0.0\ref\netcoreapp3.0\System.Globalization.Calendars.dll
1>            Private = 'false'
1>        C:\Users\hansnguyen\.nuget\packages\microsoft.netcore.app.ref\3.0.0\ref\netcoreapp3.0\System.Globalization.Extensions.dll
1>            Private = 'false'
1>        C:\Users\hansnguyen\.nuget\packages\microsoft.netcore.app.ref\3.0.0\ref\netcoreapp3.0\System.Globalization.dll
1>            Private = 'false'
1>        C:\Users\hansnguyen\.nuget\packages\microsoft.netcore.app.ref\3.0.0\ref\netcoreapp3.0\System.IO.Compression.Brotli.dll
1>            Private = 'false'
1>        C:\Users\hansnguyen\.nuget\packages\microsoft.netcore.app.ref\3.0.0\ref\netcoreapp3.0\System.IO.Compression.FileSystem.dll
1>            Private = 'false'
1>        C:\Users\hansnguyen\.nuget\packages\microsoft.netcore.app.ref\3.0.0\ref\netcoreapp3.0\System.IO.Compression.ZipFile.dll
1>            Private = 'false'
1>        C:\Users\hansnguyen\.nuget\packages\microsoft.netcore.app.ref\3.0.0\ref\netcoreapp3.0\System.IO.Compression.dll
1>            Private = 'false'
1>        C:\Users\hansnguyen\.nuget\packages\microsoft.netcore.app.ref\3.0.0\ref\netcoreapp3.0\System.IO.FileSystem.DriveInfo.dll
1>            Private = 'false'
1>        C:\Users\hansnguyen\.nuget\packages\microsoft.netcore.app.ref\3.0.0\ref\netcoreapp3.0\System.IO.FileSystem.Primitives.dll
1>            Private = 'false'
1>        C:\Users\hansnguyen\.nuget\packages\microsoft.netcore.app.ref\3.0.0\ref\netcoreapp3.0\System.IO.FileSystem.Watcher.dll
1>            Private = 'false'
1>        C:\Users\hansnguyen\.nuget\packages\microsoft.netcore.app.ref\3.0.0\ref\netcoreapp3.0\System.IO.FileSystem.dll
1>            Private = 'false'
1>        C:\Users\hansnguyen\.nuget\packages\microsoft.netcore.app.ref\3.0.0\ref\netcoreapp3.0\System.IO.IsolatedStorage.dll
1>            Private = 'false'
1>        C:\Users\hansnguyen\.nuget\packages\microsoft.netcore.app.ref\3.0.0\ref\netcoreapp3.0\System.IO.MemoryMappedFiles.dll
1>            Private = 'false'
1>        C:\Users\hansnguyen\.nuget\packages\microsoft.netcore.app.ref\3.0.0\ref\netcoreapp3.0\System.IO.Pipes.dll
1>            Private = 'false'
1>        C:\Users\hansnguyen\.nuget\packages\microsoft.netcore.app.ref\3.0.0\ref\netcoreapp3.0\System.IO.UnmanagedMemoryStream.dll
1>            Private = 'false'
1>        C:\Users\hansnguyen\.nuget\packages\microsoft.netcore.app.ref\3.0.0\ref\netcoreapp3.0\System.IO.dll
1>            Private = 'false'
1>        C:\Users\hansnguyen\.nuget\packages\microsoft.netcore.app.ref\3.0.0\ref\netcoreapp3.0\System.Linq.Expressions.dll
1>            Private = 'false'
1>        C:\Users\hansnguyen\.nuget\packages\microsoft.netcore.app.ref\3.0.0\ref\netcoreapp3.0\System.Linq.Parallel.dll
1>            Private = 'false'
1>        C:\Users\hansnguyen\.nuget\packages\microsoft.netcore.app.ref\3.0.0\ref\netcoreapp3.0\System.Linq.Queryable.dll
1>            Private = 'false'
1>        C:\Users\hansnguyen\.nuget\packages\microsoft.netcore.app.ref\3.0.0\ref\netcoreapp3.0\System.Linq.dll
1>            Private = 'false'
1>        C:\Users\hansnguyen\.nuget\packages\microsoft.netcore.app.ref\3.0.0\ref\netcoreapp3.0\System.Memory.dll
1>            Private = 'false'
1>        C:\Users\hansnguyen\.nuget\packages\microsoft.netcore.app.ref\3.0.0\ref\netcoreapp3.0\System.Net.Http.dll
1>            Private = 'false'
1>        C:\Users\hansnguyen\.nuget\packages\microsoft.netcore.app.ref\3.0.0\ref\netcoreapp3.0\System.Net.HttpListener.dll
1>            Private = 'false'
1>        C:\Users\hansnguyen\.nuget\packages\microsoft.netcore.app.ref\3.0.0\ref\netcoreapp3.0\System.Net.Mail.dll
1>            Private = 'false'
1>        C:\Users\hansnguyen\.nuget\packages\microsoft.netcore.app.ref\3.0.0\ref\netcoreapp3.0\System.Net.NameResolution.dll
1>            Private = 'false'
1>        C:\Users\hansnguyen\.nuget\packages\microsoft.netcore.app.ref\3.0.0\ref\netcoreapp3.0\System.Net.NetworkInformation.dll
1>            Private = 'false'
1>        C:\Users\hansnguyen\.nuget\packages\microsoft.netcore.app.ref\3.0.0\ref\netcoreapp3.0\System.Net.Ping.dll
1>            Private = 'false'
1>        C:\Users\hansnguyen\.nuget\packages\microsoft.netcore.app.ref\3.0.0\ref\netcoreapp3.0\System.Net.Primitives.dll
1>            Private = 'false'
1>        C:\Users\hansnguyen\.nuget\packages\microsoft.netcore.app.ref\3.0.0\ref\netcoreapp3.0\System.Net.Requests.dll
1>            Private = 'false'
1>        C:\Users\hansnguyen\.nuget\packages\microsoft.netcore.app.ref\3.0.0\ref\netcoreapp3.0\System.Net.Security.dll
1>            Private = 'false'
1>        C:\Users\hansnguyen\.nuget\packages\microsoft.netcore.app.ref\3.0.0\ref\netcoreapp3.0\System.Net.ServicePoint.dll
1>            Private = 'false'
1>        C:\Users\hansnguyen\.nuget\packages\microsoft.netcore.app.ref\3.0.0\ref\netcoreapp3.0\System.Net.Sockets.dll
1>            Private = 'false'
1>        C:\Users\hansnguyen\.nuget\packages\microsoft.netcore.app.ref\3.0.0\ref\netcoreapp3.0\System.Net.WebClient.dll
1>            Private = 'false'
1>        C:\Users\hansnguyen\.nuget\packages\microsoft.netcore.app.ref\3.0.0\ref\netcoreapp3.0\System.Net.WebHeaderCollection.dll
1>            Private = 'false'
1>        C:\Users\hansnguyen\.nuget\packages\microsoft.netcore.app.ref\3.0.0\ref\netcoreapp3.0\System.Net.WebProxy.dll
1>            Private = 'false'
1>        C:\Users\hansnguyen\.nuget\packages\microsoft.netcore.app.ref\3.0.0\ref\netcoreapp3.0\System.Net.WebSockets.Client.dll
1>            Private = 'false'
1>        C:\Users\hansnguyen\.nuget\packages\microsoft.netcore.app.ref\3.0.0\ref\netcoreapp3.0\System.Net.WebSockets.dll
1>            Private = 'false'
1>        C:\Users\hansnguyen\.nuget\packages\microsoft.netcore.app.ref\3.0.0\ref\netcoreapp3.0\System.Net.dll
1>            Private = 'false'
1>        C:\Users\hansnguyen\.nuget\packages\microsoft.netcore.app.ref\3.0.0\ref\netcoreapp3.0\System.Numerics.Vectors.dll
1>            Private = 'false'
1>        C:\Users\hansnguyen\.nuget\packages\microsoft.netcore.app.ref\3.0.0\ref\netcoreapp3.0\System.Numerics.dll
1>            Private = 'false'
1>        C:\Users\hansnguyen\.nuget\packages\microsoft.netcore.app.ref\3.0.0\ref\netcoreapp3.0\System.ObjectModel.dll
1>            Private = 'false'
1>        C:\Users\hansnguyen\.nuget\packages\microsoft.netcore.app.ref\3.0.0\ref\netcoreapp3.0\System.Reflection.DispatchProxy.dll
1>            Private = 'false'
1>        C:\Users\hansnguyen\.nuget\packages\microsoft.netcore.app.ref\3.0.0\ref\netcoreapp3.0\System.Reflection.Emit.ILGeneration.dll
1>            Private = 'false'
1>        C:\Users\hansnguyen\.nuget\packages\microsoft.netcore.app.ref\3.0.0\ref\netcoreapp3.0\System.Reflection.Emit.Lightweight.dll
1>            Private = 'false'
1>        C:\Users\hansnguyen\.nuget\packages\microsoft.netcore.app.ref\3.0.0\ref\netcoreapp3.0\System.Reflection.Emit.dll
1>            Private = 'false'
1>        C:\Users\hansnguyen\.nuget\packages\microsoft.netcore.app.ref\3.0.0\ref\netcoreapp3.0\System.Reflection.Extensions.dll
1>            Private = 'false'
1>        C:\Users\hansnguyen\.nuget\packages\microsoft.netcore.app.ref\3.0.0\ref\netcoreapp3.0\System.Reflection.Metadata.dll
1>            Private = 'false'
1>        C:\Users\hansnguyen\.nuget\packages\microsoft.netcore.app.ref\3.0.0\ref\netcoreapp3.0\System.Reflection.Primitives.dll
1>            Private = 'false'
1>        C:\Users\hansnguyen\.nuget\packages\microsoft.netcore.app.ref\3.0.0\ref\netcoreapp3.0\System.Reflection.TypeExtensions.dll
1>            Private = 'false'
1>        C:\Users\hansnguyen\.nuget\packages\microsoft.netcore.app.ref\3.0.0\ref\netcoreapp3.0\System.Reflection.dll
1>            Private = 'false'
1>        C:\Users\hansnguyen\.nuget\packages\microsoft.netcore.app.ref\3.0.0\ref\netcoreapp3.0\System.Resources.Reader.dll
1>            Private = 'false'
1>        C:\Users\hansnguyen\.nuget\packages\microsoft.netcore.app.ref\3.0.0\ref\netcoreapp3.0\System.Resources.ResourceManager.dll
1>            Private = 'false'
1>        C:\Users\hansnguyen\.nuget\packages\microsoft.netcore.app.ref\3.0.0\ref\netcoreapp3.0\System.Resources.Writer.dll
1>            Private = 'false'
1>        C:\Users\hansnguyen\.nuget\packages\microsoft.netcore.app.ref\3.0.0\ref\netcoreapp3.0\System.Runtime.CompilerServices.Unsafe.dll
1>            Private = 'false'
1>        C:\Users\hansnguyen\.nuget\packages\microsoft.netcore.app.ref\3.0.0\ref\netcoreapp3.0\System.Runtime.CompilerServices.VisualC.dll
1>            Private = 'false'
1>        C:\Users\hansnguyen\.nuget\packages\microsoft.netcore.app.ref\3.0.0\ref\netcoreapp3.0\System.Runtime.Extensions.dll
1>            Private = 'false'
1>        C:\Users\hansnguyen\.nuget\packages\microsoft.netcore.app.ref\3.0.0\ref\netcoreapp3.0\System.Runtime.Handles.dll
1>            Private = 'false'
1>        C:\Users\hansnguyen\.nuget\packages\microsoft.netcore.app.ref\3.0.0\ref\netcoreapp3.0\System.Runtime.InteropServices.RuntimeInformation.dll
1>            Private = 'false'
1>        C:\Users\hansnguyen\.nuget\packages\microsoft.netcore.app.ref\3.0.0\ref\netcoreapp3.0\System.Runtime.InteropServices.WindowsRuntime.dll
1>            Private = 'false'
1>        C:\Users\hansnguyen\.nuget\packages\microsoft.netcore.app.ref\3.0.0\ref\netcoreapp3.0\System.Runtime.InteropServices.dll
1>            Private = 'false'
1>        C:\Users\hansnguyen\.nuget\packages\microsoft.netcore.app.ref\3.0.0\ref\netcoreapp3.0\System.Runtime.Intrinsics.dll
1>            Private = 'false'
1>        C:\Users\hansnguyen\.nuget\packages\microsoft.netcore.app.ref\3.0.0\ref\netcoreapp3.0\System.Runtime.Loader.dll
1>            Private = 'false'
1>        C:\Users\hansnguyen\.nuget\packages\microsoft.netcore.app.ref\3.0.0\ref\netcoreapp3.0\System.Runtime.Numerics.dll
1>            Private = 'false'
1>        C:\Users\hansnguyen\.nuget\packages\microsoft.netcore.app.ref\3.0.0\ref\netcoreapp3.0\System.Runtime.Serialization.Formatters.dll
1>            Private = 'false'
1>        C:\Users\hansnguyen\.nuget\packages\microsoft.netcore.app.ref\3.0.0\ref\netcoreapp3.0\System.Runtime.Serialization.Json.dll
1>            Private = 'false'
1>        C:\Users\hansnguyen\.nuget\packages\microsoft.netcore.app.ref\3.0.0\ref\netcoreapp3.0\System.Runtime.Serialization.Primitives.dll
1>            Private = 'false'
1>        C:\Users\hansnguyen\.nuget\packages\microsoft.netcore.app.ref\3.0.0\ref\netcoreapp3.0\System.Runtime.Serialization.Xml.dll
1>            Private = 'false'
1>        C:\Users\hansnguyen\.nuget\packages\microsoft.netcore.app.ref\3.0.0\ref\netcoreapp3.0\System.Runtime.Serialization.dll
1>            Private = 'false'
1>        C:\Users\hansnguyen\.nuget\packages\microsoft.netcore.app.ref\3.0.0\ref\netcoreapp3.0\System.Runtime.dll
1>            Private = 'false'
1>        C:\Users\hansnguyen\.nuget\packages\microsoft.netcore.app.ref\3.0.0\ref\netcoreapp3.0\System.Security.Claims.dll
1>            Private = 'false'
1>        C:\Users\hansnguyen\.nuget\packages\microsoft.netcore.app.ref\3.0.0\ref\netcoreapp3.0\System.Security.Cryptography.Algorithms.dll
1>            Private = 'false'
1>        C:\Users\hansnguyen\.nuget\packages\microsoft.netcore.app.ref\3.0.0\ref\netcoreapp3.0\System.Security.Cryptography.Csp.dll
1>            Private = 'false'
1>        C:\Users\hansnguyen\.nuget\packages\microsoft.netcore.app.ref\3.0.0\ref\netcoreapp3.0\System.Security.Cryptography.Encoding.dll
1>            Private = 'false'
1>        C:\Users\hansnguyen\.nuget\packages\microsoft.netcore.app.ref\3.0.0\ref\netcoreapp3.0\System.Security.Cryptography.Primitives.dll
1>            Private = 'false'
1>        C:\Users\hansnguyen\.nuget\packages\microsoft.netcore.app.ref\3.0.0\ref\netcoreapp3.0\System.Security.Cryptography.X509Certificates.dll
1>            Private = 'false'
1>        C:\Users\hansnguyen\.nuget\packages\microsoft.netcore.app.ref\3.0.0\ref\netcoreapp3.0\System.Security.Principal.dll
1>            Private = 'false'
1>        C:\Users\hansnguyen\.nuget\packages\microsoft.netcore.app.ref\3.0.0\ref\netcoreapp3.0\System.Security.SecureString.dll
1>            Private = 'false'
1>        C:\Users\hansnguyen\.nuget\packages\microsoft.netcore.app.ref\3.0.0\ref\netcoreapp3.0\System.Security.dll
1>            Private = 'false'
1>        C:\Users\hansnguyen\.nuget\packages\microsoft.netcore.app.ref\3.0.0\ref\netcoreapp3.0\System.ServiceModel.Web.dll
1>            Private = 'false'
1>        C:\Users\hansnguyen\.nuget\packages\microsoft.netcore.app.ref\3.0.0\ref\netcoreapp3.0\System.ServiceProcess.dll
1>            Private = 'false'
1>        C:\Users\hansnguyen\.nuget\packages\microsoft.netcore.app.ref\3.0.0\ref\netcoreapp3.0\System.Text.Encoding.CodePages.dll
1>            Private = 'false'
1>        C:\Users\hansnguyen\.nuget\packages\microsoft.netcore.app.ref\3.0.0\ref\netcoreapp3.0\System.Text.Encoding.Extensions.dll
1>            Private = 'false'
1>        C:\Users\hansnguyen\.nuget\packages\microsoft.netcore.app.ref\3.0.0\ref\netcoreapp3.0\System.Text.Encoding.dll
1>            Private = 'false'
1>        C:\Users\hansnguyen\.nuget\packages\microsoft.netcore.app.ref\3.0.0\ref\netcoreapp3.0\System.Text.Encodings.Web.dll
1>            Private = 'false'
1>        C:\Users\hansnguyen\.nuget\packages\microsoft.netcore.app.ref\3.0.0\ref\netcoreapp3.0\System.Text.Json.dll
1>            Private = 'false'
1>        C:\Users\hansnguyen\.nuget\packages\microsoft.netcore.app.ref\3.0.0\ref\netcoreapp3.0\System.Text.RegularExpressions.dll
1>            Private = 'false'
1>        C:\Users\hansnguyen\.nuget\packages\microsoft.netcore.app.ref\3.0.0\ref\netcoreapp3.0\System.Threading.Channels.dll
1>            Private = 'false'
1>        C:\Users\hansnguyen\.nuget\packages\microsoft.netcore.app.ref\3.0.0\ref\netcoreapp3.0\System.Threading.Overlapped.dll
1>            Private = 'false'
1>        C:\Users\hansnguyen\.nuget\packages\microsoft.netcore.app.ref\3.0.0\ref\netcoreapp3.0\System.Threading.Tasks.Dataflow.dll
1>            Private = 'false'
1>        C:\Users\hansnguyen\.nuget\packages\microsoft.netcore.app.ref\3.0.0\ref\netcoreapp3.0\System.Threading.Tasks.Extensions.dll
1>            Private = 'false'
1>        C:\Users\hansnguyen\.nuget\packages\microsoft.netcore.app.ref\3.0.0\ref\netcoreapp3.0\System.Threading.Tasks.Parallel.dll
1>            Private = 'false'
1>        C:\Users\hansnguyen\.nuget\packages\microsoft.netcore.app.ref\3.0.0\ref\netcoreapp3.0\System.Threading.Tasks.dll
1>            Private = 'false'
1>        C:\Users\hansnguyen\.nuget\packages\microsoft.netcore.app.ref\3.0.0\ref\netcoreapp3.0\System.Threading.Thread.dll
1>            Private = 'false'
1>        C:\Users\hansnguyen\.nuget\packages\microsoft.netcore.app.ref\3.0.0\ref\netcoreapp3.0\System.Threading.ThreadPool.dll
1>            Private = 'false'
1>        C:\Users\hansnguyen\.nuget\packages\microsoft.netcore.app.ref\3.0.0\ref\netcoreapp3.0\System.Threading.Timer.dll
1>            Private = 'false'
1>        C:\Users\hansnguyen\.nuget\packages\microsoft.netcore.app.ref\3.0.0\ref\netcoreapp3.0\System.Threading.dll
1>            Private = 'false'
1>        C:\Users\hansnguyen\.nuget\packages\microsoft.netcore.app.ref\3.0.0\ref\netcoreapp3.0\System.Transactions.Local.dll
1>            Private = 'false'
1>        C:\Users\hansnguyen\.nuget\packages\microsoft.netcore.app.ref\3.0.0\ref\netcoreapp3.0\System.Transactions.dll
1>            Private = 'false'
1>        C:\Users\hansnguyen\.nuget\packages\microsoft.netcore.app.ref\3.0.0\ref\netcoreapp3.0\System.ValueTuple.dll
1>            Private = 'false'
1>        C:\Users\hansnguyen\.nuget\packages\microsoft.netcore.app.ref\3.0.0\ref\netcoreapp3.0\System.Web.HttpUtility.dll
1>            Private = 'false'
1>        C:\Users\hansnguyen\.nuget\packages\microsoft.netcore.app.ref\3.0.0\ref\netcoreapp3.0\System.Web.dll
1>            Private = 'false'
1>        C:\Users\hansnguyen\.nuget\packages\microsoft.netcore.app.ref\3.0.0\ref\netcoreapp3.0\System.Windows.dll
1>            Private = 'false'
1>        C:\Users\hansnguyen\.nuget\packages\microsoft.netcore.app.ref\3.0.0\ref\netcoreapp3.0\System.Xml.Linq.dll
1>            Private = 'false'
1>        C:\Users\hansnguyen\.nuget\packages\microsoft.netcore.app.ref\3.0.0\ref\netcoreapp3.0\System.Xml.ReaderWriter.dll
1>            Private = 'false'
1>        C:\Users\hansnguyen\.nuget\packages\microsoft.netcore.app.ref\3.0.0\ref\netcoreapp3.0\System.Xml.Serialization.dll
1>            Private = 'false'
1>        C:\Users\hansnguyen\.nuget\packages\microsoft.netcore.app.ref\3.0.0\ref\netcoreapp3.0\System.Xml.XDocument.dll
1>            Private = 'false'
1>        C:\Users\hansnguyen\.nuget\packages\microsoft.netcore.app.ref\3.0.0\ref\netcoreapp3.0\System.Xml.XPath.XDocument.dll
1>            Private = 'false'
1>        C:\Users\hansnguyen\.nuget\packages\microsoft.netcore.app.ref\3.0.0\ref\netcoreapp3.0\System.Xml.XPath.dll
1>            Private = 'false'
1>        C:\Users\hansnguyen\.nuget\packages\microsoft.netcore.app.ref\3.0.0\ref\netcoreapp3.0\System.Xml.XmlDocument.dll
1>            Private = 'false'
1>        C:\Users\hansnguyen\.nuget\packages\microsoft.netcore.app.ref\3.0.0\ref\netcoreapp3.0\System.Xml.XmlSerializer.dll
1>            Private = 'false'
1>        C:\Users\hansnguyen\.nuget\packages\microsoft.netcore.app.ref\3.0.0\ref\netcoreapp3.0\System.Xml.dll
1>            Private = 'false'
1>        C:\Users\hansnguyen\.nuget\packages\microsoft.netcore.app.ref\3.0.0\ref\netcoreapp3.0\System.dll
1>            Private = 'false'
1>        C:\Users\hansnguyen\.nuget\packages\microsoft.netcore.app.ref\3.0.0\ref\netcoreapp3.0\mscorlib.dll
1>            Private = 'false'
1>        C:\Users\hansnguyen\.nuget\packages\microsoft.netcore.app.ref\3.0.0\ref\netcoreapp3.0\netstandard.dll
1>            Private = 'false'
1>        C:\Users\hansnguyen\.nuget\packages\microsoft.windowsdesktop.app.ref\3.0.0\ref\netcoreapp3.0\Accessibility.dll
1>            Private = 'false'
1>        C:\Users\hansnguyen\.nuget\packages\microsoft.windowsdesktop.app.ref\3.0.0\ref\netcoreapp3.0\Microsoft.Win32.Registry.AccessControl.dll
1>            Private = 'false'
1>        C:\Users\hansnguyen\.nuget\packages\microsoft.windowsdesktop.app.ref\3.0.0\ref\netcoreapp3.0\Microsoft.Win32.Registry.dll
1>            Private = 'false'
1>        C:\Users\hansnguyen\.nuget\packages\microsoft.windowsdesktop.app.ref\3.0.0\ref\netcoreapp3.0\Microsoft.Win32.SystemEvents.dll
1>            Private = 'false'
1>        C:\Users\hansnguyen\.nuget\packages\microsoft.windowsdesktop.app.ref\3.0.0\ref\netcoreapp3.0\PresentationCore.dll
1>            Private = 'false'
1>        C:\Users\hansnguyen\.nuget\packages\microsoft.windowsdesktop.app.ref\3.0.0\ref\netcoreapp3.0\PresentationFramework.Aero.dll
1>            Private = 'false'
1>        C:\Users\hansnguyen\.nuget\packages\microsoft.windowsdesktop.app.ref\3.0.0\ref\netcoreapp3.0\PresentationFramework.Aero2.dll
1>            Private = 'false'
1>        C:\Users\hansnguyen\.nuget\packages\microsoft.windowsdesktop.app.ref\3.0.0\ref\netcoreapp3.0\PresentationFramework.AeroLite.dll
1>            Private = 'false'
1>        C:\Users\hansnguyen\.nuget\packages\microsoft.windowsdesktop.app.ref\3.0.0\ref\netcoreapp3.0\PresentationFramework.Classic.dll
1>            Private = 'false'
1>        C:\Users\hansnguyen\.nuget\packages\microsoft.windowsdesktop.app.ref\3.0.0\ref\netcoreapp3.0\PresentationFramework.Luna.dll
1>            Private = 'false'
1>        C:\Users\hansnguyen\.nuget\packages\microsoft.windowsdesktop.app.ref\3.0.0\ref\netcoreapp3.0\PresentationFramework.Royale.dll
1>            Private = 'false'
1>        C:\Users\hansnguyen\.nuget\packages\microsoft.windowsdesktop.app.ref\3.0.0\ref\netcoreapp3.0\PresentationFramework.dll
1>            Private = 'false'
1>        C:\Users\hansnguyen\.nuget\packages\microsoft.windowsdesktop.app.ref\3.0.0\ref\netcoreapp3.0\PresentationUI.dll
1>            Private = 'false'
1>        C:\Users\hansnguyen\.nuget\packages\microsoft.windowsdesktop.app.ref\3.0.0\ref\netcoreapp3.0\ReachFramework.dll
1>            Private = 'false'
1>        C:\Users\hansnguyen\.nuget\packages\microsoft.windowsdesktop.app.ref\3.0.0\ref\netcoreapp3.0\System.CodeDom.dll
1>            Private = 'false'
1>        C:\Users\hansnguyen\.nuget\packages\microsoft.windowsdesktop.app.ref\3.0.0\ref\netcoreapp3.0\System.Configuration.ConfigurationManager.dll
1>            Private = 'false'
1>        C:\Users\hansnguyen\.nuget\packages\microsoft.windowsdesktop.app.ref\3.0.0\ref\netcoreapp3.0\System.Diagnostics.EventLog.dll
1>            Private = 'false'
1>        C:\Users\hansnguyen\.nuget\packages\microsoft.windowsdesktop.app.ref\3.0.0\ref\netcoreapp3.0\System.Diagnostics.PerformanceCounter.dll
1>            Private = 'false'
1>        C:\Users\hansnguyen\.nuget\packages\microsoft.windowsdesktop.app.ref\3.0.0\ref\netcoreapp3.0\System.DirectoryServices.dll
1>            Private = 'false'
1>        C:\Users\hansnguyen\.nuget\packages\microsoft.windowsdesktop.app.ref\3.0.0\ref\netcoreapp3.0\System.IO.FileSystem.AccessControl.dll
1>            Private = 'false'
1>        C:\Users\hansnguyen\.nuget\packages\microsoft.windowsdesktop.app.ref\3.0.0\ref\netcoreapp3.0\System.IO.Packaging.dll
1>            Private = 'false'
1>        C:\Users\hansnguyen\.nuget\packages\microsoft.windowsdesktop.app.ref\3.0.0\ref\netcoreapp3.0\System.IO.Pipes.AccessControl.dll
1>            Private = 'false'
1>        C:\Users\hansnguyen\.nuget\packages\microsoft.windowsdesktop.app.ref\3.0.0\ref\netcoreapp3.0\System.Printing.dll
1>            Private = 'false'
1>        C:\Users\hansnguyen\.nuget\packages\microsoft.windowsdesktop.app.ref\3.0.0\ref\netcoreapp3.0\System.Resources.Extensions.dll
1>            Private = 'false'
1>        C:\Users\hansnguyen\.nuget\packages\microsoft.windowsdesktop.app.ref\3.0.0\ref\netcoreapp3.0\System.Security.AccessControl.dll
1>            Private = 'false'
1>        C:\Users\hansnguyen\.nuget\packages\microsoft.windowsdesktop.app.ref\3.0.0\ref\netcoreapp3.0\System.Security.Cryptography.Cng.dll
1>            Private = 'false'
1>        C:\Users\hansnguyen\.nuget\packages\microsoft.windowsdesktop.app.ref\3.0.0\ref\netcoreapp3.0\System.Security.Cryptography.Pkcs.dll
1>            Private = 'false'
1>        C:\Users\hansnguyen\.nuget\packages\microsoft.windowsdesktop.app.ref\3.0.0\ref\netcoreapp3.0\System.Security.Cryptography.ProtectedData.dll
1>            Private = 'false'
1>        C:\Users\hansnguyen\.nuget\packages\microsoft.windowsdesktop.app.ref\3.0.0\ref\netcoreapp3.0\System.Security.Cryptography.Xml.dll
1>            Private = 'false'
1>        C:\Users\hansnguyen\.nuget\packages\microsoft.windowsdesktop.app.ref\3.0.0\ref\netcoreapp3.0\System.Security.Permissions.dll
1>            Private = 'false'
1>        C:\Users\hansnguyen\.nuget\packages\microsoft.windowsdesktop.app.ref\3.0.0\ref\netcoreapp3.0\System.Security.Principal.Windows.dll
1>            Private = 'false'
1>        C:\Users\hansnguyen\.nuget\packages\microsoft.windowsdesktop.app.ref\3.0.0\ref\netcoreapp3.0\System.Threading.AccessControl.dll
1>            Private = 'false'
1>        C:\Users\hansnguyen\.nuget\packages\microsoft.windowsdesktop.app.ref\3.0.0\ref\netcoreapp3.0\System.Windows.Controls.Ribbon.dll
1>            Private = 'false'
1>        C:\Users\hansnguyen\.nuget\packages\microsoft.windowsdesktop.app.ref\3.0.0\ref\netcoreapp3.0\System.Windows.Extensions.dll
1>            Private = 'false'
1>        C:\Users\hansnguyen\.nuget\packages\microsoft.windowsdesktop.app.ref\3.0.0\ref\netcoreapp3.0\System.Windows.Input.Manipulations.dll
1>            Private = 'false'
1>        C:\Users\hansnguyen\.nuget\packages\microsoft.windowsdesktop.app.ref\3.0.0\ref\netcoreapp3.0\System.Windows.Presentation.dll
1>            Private = 'false'
1>        C:\Users\hansnguyen\.nuget\packages\microsoft.windowsdesktop.app.ref\3.0.0\ref\netcoreapp3.0\System.Xaml.dll
1>            Private = 'false'
1>        C:\Users\hansnguyen\.nuget\packages\microsoft.windowsdesktop.app.ref\3.0.0\ref\netcoreapp3.0\UIAutomationClient.dll
1>            Private = 'false'
1>        C:\Users\hansnguyen\.nuget\packages\microsoft.windowsdesktop.app.ref\3.0.0\ref\netcoreapp3.0\UIAutomationClientSideProviders.dll
1>            Private = 'false'
1>        C:\Users\hansnguyen\.nuget\packages\microsoft.windowsdesktop.app.ref\3.0.0\ref\netcoreapp3.0\UIAutomationProvider.dll
1>            Private = 'false'
1>        C:\Users\hansnguyen\.nuget\packages\microsoft.windowsdesktop.app.ref\3.0.0\ref\netcoreapp3.0\UIAutomationTypes.dll
1>            Private = 'false'
1>        C:\Users\hansnguyen\.nuget\packages\microsoft.windowsdesktop.app.ref\3.0.0\ref\netcoreapp3.0\WindowsBase.dll
1>            Private = 'false'
1>    AssemblyFiles:
1>    CandidateAssemblyFiles:
1>    TargetFrameworkDirectories:
1>
1>    InstalledAssemblyTables:
1>    IgnoreInstalledAssemblyTable:
1>        False
1>    SearchPaths:
1>        {CandidateAssemblyFiles}
1>        {HintPathFromItem}
1>        {TargetFrameworkDirectory}
1>        {RawFileName}
1>    AllowedAssemblyExtensions:
1>        .winmd
1>        .dll
1>        .exe
1>    AllowedRelatedFileExtensions:
1>        .pdb
1>        .xml
1>        .pri
1>        .dll.config
1>        .exe.config
1>    AppConfigFile:
1>
1>    AutoUnify:
1>        True
1>    CopyLocalDependenciesWhenParentReferenceInGac:
1>        True
1>    FindDependencies:
1>        True
1>    TargetProcessorArchitecture:
1>        msil
1>    StateFile:
1>        obj\Debug\netcoreapp3.0\GridWithMenuApp1_VS2022.csproj.AssemblyReference.cache
1>    InstalledAssemblySubsetTables:
1>    IgnoreInstalledAssemblySubsetTable:
1>        False
1>    TargetFrameworkSubsets:
1>    FullTargetFrameworkSubsetNames:
1>        Full
1>    ProfileName:
1>
1>    FullFrameworkFolders:
1>    LatestTargetFrameworkDirectories:
1>    ProfileTablesLocation:
1>    Primary reference "C1.WPF.4.5.2, Version=4.5.20213.749, Culture=neutral, PublicKeyToken=2aa4ec5576d6c3ce".
1>        Resolved file path is "C:\Users\hansnguyen\.nuget\packages\c1.xaml.wpf\4.5.20213.749\lib\netcoreapp3.0\C1.WPF.4.5.2.dll".
1>        Reference found at search path location "{HintPathFromItem}".
1>        This reference is not "CopyLocal" because at least one source item had "Private" set to "false" and no source items had "Private" set to "true".
1>    Primary reference "C1.WPF.DateTimeEditors.4.5.2, Version=4.5.20213.749, Culture=neutral, PublicKeyToken=2aa4ec5576d6c3ce".
1>        Resolved file path is "C:\Users\hansnguyen\.nuget\packages\c1.xaml.wpf.datetimeeditors\4.5.20213.749\lib\netcoreapp3.0\C1.WPF.DateTimeEditors.4.5.2.dll".
1>        Reference found at search path location "{HintPathFromItem}".
1>        This reference is not "CopyLocal" because at least one source item had "Private" set to "false" and no source items had "Private" set to "true".
1>    Primary reference "C1.WPF.FlexGrid.4.5.2, Version=4.5.20213.749, Culture=neutral, PublicKeyToken=2aa4ec5576d6c3ce".
1>        Resolved file path is "C:\Users\hansnguyen\.nuget\packages\c1.xaml.wpf.flexgrid\4.5.20213.749\lib\netcoreapp3.0\C1.WPF.FlexGrid.4.5.2.dll".
1>        Reference found at search path location "{HintPathFromItem}".
1>        This reference is not "CopyLocal" because at least one source item had "Private" set to "false" and no source items had "Private" set to "true".
1>    Primary reference "C1.WPF.FlexGrid.GroupPanel.4.5.2, Version=4.5.20213.749, Culture=neutral, PublicKeyToken=2aa4ec5576d6c3ce".
1>        Resolved file path is "C:\Users\hansnguyen\.nuget\packages\c1.xaml.wpf.flexgrid.grouppanel\4.5.20213.749\lib\netcoreapp3.0\C1.WPF.FlexGrid.GroupPanel.4.5.2.dll".
1>        Reference found at search path location "{HintPathFromItem}".
1>        This reference is not "CopyLocal" because at least one source item had "Private" set to "false" and no source items had "Private" set to "true".
1>    Primary reference "C1.WPF.FlexGridFilter.4.5.2, Version=4.5.20213.749, Culture=neutral, PublicKeyToken=2aa4ec5576d6c3ce".
1>        Resolved file path is "C:\Users\hansnguyen\.nuget\packages\c1.xaml.wpf.flexgridfilter\4.5.20213.749\lib\netcoreapp3.0\C1.WPF.FlexGridFilter.4.5.2.dll".
1>        Reference found at search path location "{HintPathFromItem}".
1>        This reference is not "CopyLocal" because at least one source item had "Private" set to "false" and no source items had "Private" set to "true".
1>    Primary reference "C1.WPF.Toolbar.4.5.2, Version=4.5.20213.749, Culture=neutral, PublicKeyToken=2aa4ec5576d6c3ce".
1>        Resolved file path is "C:\Users\hansnguyen\.nuget\packages\c1.xaml.wpf.toolbar\4.5.20213.749\lib\netcoreapp3.0\C1.WPF.Toolbar.4.5.2.dll".
1>        Reference found at search path location "{HintPathFromItem}".
1>        This reference is not "CopyLocal" because at least one source item had "Private" set to "false" and no source items had "Private" set to "true".
1>    Primary reference "Microsoft.CSharp, Version=4.0.0.0, Culture=neutral, PublicKeyToken=b03f5f7f11d50a3a".
1>        Resolved file path is "C:\Users\hansnguyen\.nuget\packages\microsoft.netcore.app.ref\3.0.0\ref\netcoreapp3.0\Microsoft.CSharp.dll".
1>        Reference found at search path location "{RawFileName}".
1>        This reference is not "CopyLocal" because at least one source item had "Private" set to "false" and no source items had "Private" set to "true".
1>    Primary reference "Microsoft.VisualBasic.Core, Version=10.0.4.0, Culture=neutral, PublicKeyToken=b03f5f7f11d50a3a".
1>        Resolved file path is "C:\Users\hansnguyen\.nuget\packages\microsoft.netcore.app.ref\3.0.0\ref\netcoreapp3.0\Microsoft.VisualBasic.Core.dll".
1>        Reference found at search path location "{RawFileName}".
1>        This reference is not "CopyLocal" because at least one source item had "Private" set to "false" and no source items had "Private" set to "true".
1>    Primary reference "Microsoft.VisualBasic, Version=10.0.0.0, Culture=neutral, PublicKeyToken=b03f5f7f11d50a3a".
1>        Resolved file path is "C:\Users\hansnguyen\.nuget\packages\microsoft.netcore.app.ref\3.0.0\ref\netcoreapp3.0\Microsoft.VisualBasic.dll".
1>        Reference found at search path location "{RawFileName}".
1>        This reference is not "CopyLocal" because at least one source item had "Private" set to "false" and no source items had "Private" set to "true".
1>    Primary reference "Microsoft.Win32.Primitives, Version=4.1.1.0, Culture=neutral, PublicKeyToken=b03f5f7f11d50a3a".
1>        Resolved file path is "C:\Users\hansnguyen\.nuget\packages\microsoft.netcore.app.ref\3.0.0\ref\netcoreapp3.0\Microsoft.Win32.Primitives.dll".
1>        Reference found at search path location "{RawFileName}".
1>        This reference is not "CopyLocal" because at least one source item had "Private" set to "false" and no source items had "Private" set to "true".
1>    Primary reference "System.AppContext, Version=4.2.1.0, Culture=neutral, PublicKeyToken=b03f5f7f11d50a3a".
1>        Resolved file path is "C:\Users\hansnguyen\.nuget\packages\microsoft.netcore.app.ref\3.0.0\ref\netcoreapp3.0\System.AppContext.dll".
1>        Reference found at search path location "{RawFileName}".
1>        This reference is not "CopyLocal" because at least one source item had "Private" set to "false" and no source items had "Private" set to "true".
1>    Primary reference "System.Buffers, Version=4.0.2.0, Culture=neutral, PublicKeyToken=cc7b13ffcd2ddd51".
1>        Resolved file path is "C:\Users\hansnguyen\.nuget\packages\microsoft.netcore.app.ref\3.0.0\ref\netcoreapp3.0\System.Buffers.dll".
1>        Reference found at search path location "{RawFileName}".
1>        This reference is not "CopyLocal" because at least one source item had "Private" set to "false" and no source items had "Private" set to "true".
1>    Primary reference "System.Collections.Concurrent, Version=4.0.14.0, Culture=neutral, PublicKeyToken=b03f5f7f11d50a3a".
1>        Resolved file path is "C:\Users\hansnguyen\.nuget\packages\microsoft.netcore.app.ref\3.0.0\ref\netcoreapp3.0\System.Collections.Concurrent.dll".
1>        Reference found at search path location "{RawFileName}".
1>        This reference is not "CopyLocal" because at least one source item had "Private" set to "false" and no source items had "Private" set to "true".
1>    Primary reference "System.Collections.Immutable, Version=1.2.4.0, Culture=neutral, PublicKeyToken=b03f5f7f11d50a3a".
1>        Resolved file path is "C:\Users\hansnguyen\.nuget\packages\microsoft.netcore.app.ref\3.0.0\ref\netcoreapp3.0\System.Collections.Immutable.dll".
1>        Reference found at search path location "{RawFileName}".
1>        This reference is not "CopyLocal" because at least one source item had "Private" set to "false" and no source items had "Private" set to "true".
1>    Primary reference "System.Collections.NonGeneric, Version=4.1.1.0, Culture=neutral, PublicKeyToken=b03f5f7f11d50a3a".
1>        Resolved file path is "C:\Users\hansnguyen\.nuget\packages\microsoft.netcore.app.ref\3.0.0\ref\netcoreapp3.0\System.Collections.NonGeneric.dll".
1>        Reference found at search path location "{RawFileName}".
1>        This reference is not "CopyLocal" because at least one source item had "Private" set to "false" and no source items had "Private" set to "true".
1>    Primary reference "System.Collections.Specialized, Version=4.1.1.0, Culture=neutral, PublicKeyToken=b03f5f7f11d50a3a".
1>        Resolved file path is "C:\Users\hansnguyen\.nuget\packages\microsoft.netcore.app.ref\3.0.0\ref\netcoreapp3.0\System.Collections.Specialized.dll".
1>        Reference found at search path location "{RawFileName}".
1>        This reference is not "CopyLocal" because at least one source item had "Private" set to "false" and no source items had "Private" set to "true".
1>    Primary reference "System.Collections, Version=4.1.1.0, Culture=neutral, PublicKeyToken=b03f5f7f11d50a3a".
1>        Resolved file path is "C:\Users\hansnguyen\.nuget\packages\microsoft.netcore.app.ref\3.0.0\ref\netcoreapp3.0\System.Collections.dll".
1>        Reference found at search path location "{RawFileName}".
1>        This reference is not "CopyLocal" because at least one source item had "Private" set to "false" and no source items had "Private" set to "true".
1>    Primary reference "System.ComponentModel.Annotations, Version=4.3.0.0, Culture=neutral, PublicKeyToken=b03f5f7f11d50a3a".
1>        Resolved file path is "C:\Users\hansnguyen\.nuget\packages\microsoft.netcore.app.ref\3.0.0\ref\netcoreapp3.0\System.ComponentModel.Annotations.dll".
1>        Reference found at search path location "{RawFileName}".
1>        This reference is not "CopyLocal" because at least one source item had "Private" set to "false" and no source items had "Private" set to "true".
1>    Primary reference "System.ComponentModel.DataAnnotations, Version=4.0.0.0, Culture=neutral, PublicKeyToken=31bf3856ad364e35".
1>        Resolved file path is "C:\Users\hansnguyen\.nuget\packages\microsoft.netcore.app.ref\3.0.0\ref\netcoreapp3.0\System.ComponentModel.DataAnnotations.dll".
1>        Reference found at search path location "{RawFileName}".
1>        This reference is not "CopyLocal" because at least one source item had "Private" set to "false" and no source items had "Private" set to "true".
1>    Primary reference "System.ComponentModel.EventBasedAsync, Version=4.1.1.0, Culture=neutral, PublicKeyToken=b03f5f7f11d50a3a".
1>        Resolved file path is "C:\Users\hansnguyen\.nuget\packages\microsoft.netcore.app.ref\3.0.0\ref\netcoreapp3.0\System.ComponentModel.EventBasedAsync.dll".
1>        Reference found at search path location "{RawFileName}".
1>        This reference is not "CopyLocal" because at least one source item had "Private" set to "false" and no source items had "Private" set to "true".
1>    Primary reference "System.ComponentModel.Primitives, Version=4.2.1.0, Culture=neutral, PublicKeyToken=b03f5f7f11d50a3a".
1>        Resolved file path is "C:\Users\hansnguyen\.nuget\packages\microsoft.netcore.app.ref\3.0.0\ref\netcoreapp3.0\System.ComponentModel.Primitives.dll".
1>        Reference found at search path location "{RawFileName}".
1>        This reference is not "CopyLocal" because at least one source item had "Private" set to "false" and no source items had "Private" set to "true".
1>    Primary reference "System.ComponentModel.TypeConverter, Version=4.2.1.0, Culture=neutral, PublicKeyToken=b03f5f7f11d50a3a".
1>        Resolved file path is "C:\Users\hansnguyen\.nuget\packages\microsoft.netcore.app.ref\3.0.0\ref\netcoreapp3.0\System.ComponentModel.TypeConverter.dll".
1>        Reference found at search path location "{RawFileName}".
1>        This reference is not "CopyLocal" because at least one source item had "Private" set to "false" and no source items had "Private" set to "true".
1>    Primary reference "System.ComponentModel, Version=4.0.3.0, Culture=neutral, PublicKeyToken=b03f5f7f11d50a3a".
1>        Resolved file path is "C:\Users\hansnguyen\.nuget\packages\microsoft.netcore.app.ref\3.0.0\ref\netcoreapp3.0\System.ComponentModel.dll".
1>        Reference found at search path location "{RawFileName}".
1>        This reference is not "CopyLocal" because at least one source item had "Private" set to "false" and no source items had "Private" set to "true".
1>    Primary reference "System.Configuration, Version=4.0.0.0, Culture=neutral, PublicKeyToken=b03f5f7f11d50a3a".
1>        Resolved file path is "C:\Users\hansnguyen\.nuget\packages\microsoft.netcore.app.ref\3.0.0\ref\netcoreapp3.0\System.Configuration.dll".
1>        Reference found at search path location "{RawFileName}".
1>        This reference is not "CopyLocal" because at least one source item had "Private" set to "false" and no source items had "Private" set to "true".
1>    Primary reference "System.Console, Version=4.1.1.0, Culture=neutral, PublicKeyToken=b03f5f7f11d50a3a".
1>        Resolved file path is "C:\Users\hansnguyen\.nuget\packages\microsoft.netcore.app.ref\3.0.0\ref\netcoreapp3.0\System.Console.dll".
1>        Reference found at search path location "{RawFileName}".
1>        This reference is not "CopyLocal" because at least one source item had "Private" set to "false" and no source items had "Private" set to "true".
1>    Primary reference "System.Core, Version=4.0.0.0, Culture=neutral, PublicKeyToken=b77a5c561934e089".
1>        Resolved file path is "C:\Users\hansnguyen\.nuget\packages\microsoft.netcore.app.ref\3.0.0\ref\netcoreapp3.0\System.Core.dll".
1>        Reference found at search path location "{RawFileName}".
1>        This reference is not "CopyLocal" because at least one source item had "Private" set to "false" and no source items had "Private" set to "true".
1>    Primary reference "System.Data.Common, Version=4.2.1.0, Culture=neutral, PublicKeyToken=b03f5f7f11d50a3a".
1>        Resolved file path is "C:\Users\hansnguyen\.nuget\packages\microsoft.netcore.app.ref\3.0.0\ref\netcoreapp3.0\System.Data.Common.dll".
1>        Reference found at search path location "{RawFileName}".
1>        This reference is not "CopyLocal" because at least one source item had "Private" set to "false" and no source items had "Private" set to "true".
1>    Primary reference "System.Data.DataSetExtensions, Version=4.0.0.0, Culture=neutral, PublicKeyToken=b77a5c561934e089".
1>        Resolved file path is "C:\Users\hansnguyen\.nuget\packages\microsoft.netcore.app.ref\3.0.0\ref\netcoreapp3.0\System.Data.DataSetExtensions.dll".
1>        Reference found at search path location "{RawFileName}".
1>        This reference is not "CopyLocal" because at least one source item had "Private" set to "false" and no source items had "Private" set to "true".
1>    Primary reference "System.Data, Version=4.0.0.0, Culture=neutral, PublicKeyToken=b77a5c561934e089".
1>        Resolved file path is "C:\Users\hansnguyen\.nuget\packages\microsoft.netcore.app.ref\3.0.0\ref\netcoreapp3.0\System.Data.dll".
1>        Reference found at search path location "{RawFileName}".
1>        This reference is not "CopyLocal" because at least one source item had "Private" set to "false" and no source items had "Private" set to "true".
1>    Primary reference "System.Diagnostics.Contracts, Version=4.0.3.0, Culture=neutral, PublicKeyToken=b03f5f7f11d50a3a".
1>        Resolved file path is "C:\Users\hansnguyen\.nuget\packages\microsoft.netcore.app.ref\3.0.0\ref\netcoreapp3.0\System.Diagnostics.Contracts.dll".
1>        Reference found at search path location "{RawFileName}".
1>        This reference is not "CopyLocal" because at least one source item had "Private" set to "false" and no source items had "Private" set to "true".
1>    Primary reference "System.Diagnostics.Debug, Version=4.1.1.0, Culture=neutral, PublicKeyToken=b03f5f7f11d50a3a".
1>        Resolved file path is "C:\Users\hansnguyen\.nuget\packages\microsoft.netcore.app.ref\3.0.0\ref\netcoreapp3.0\System.Diagnostics.Debug.dll".
1>        Reference found at search path location "{RawFileName}".
1>        This reference is not "CopyLocal" because at least one source item had "Private" set to "false" and no source items had "Private" set to "true".
1>    Primary reference "System.Diagnostics.DiagnosticSource, Version=4.0.4.0, Culture=neutral, PublicKeyToken=cc7b13ffcd2ddd51".
1>        Resolved file path is "C:\Users\hansnguyen\.nuget\packages\microsoft.netcore.app.ref\3.0.0\ref\netcoreapp3.0\System.Diagnostics.DiagnosticSource.dll".
1>        Reference found at search path location "{RawFileName}".
1>        This reference is not "CopyLocal" because at least one source item had "Private" set to "false" and no source items had "Private" set to "true".
1>    Primary reference "System.Diagnostics.FileVersionInfo, Version=4.0.3.0, Culture=neutral, PublicKeyToken=b03f5f7f11d50a3a".
1>        Resolved file path is "C:\Users\hansnguyen\.nuget\packages\microsoft.netcore.app.ref\3.0.0\ref\netcoreapp3.0\System.Diagnostics.FileVersionInfo.dll".
1>        Reference found at search path location "{RawFileName}".
1>        This reference is not "CopyLocal" because at least one source item had "Private" set to "false" and no source items had "Private" set to "true".
1>    Primary reference "System.Diagnostics.Process, Version=4.2.1.0, Culture=neutral, PublicKeyToken=b03f5f7f11d50a3a".
1>        Resolved file path is "C:\Users\hansnguyen\.nuget\packages\microsoft.netcore.app.ref\3.0.0\ref\netcoreapp3.0\System.Diagnostics.Process.dll".
1>        Reference found at search path location "{RawFileName}".
1>        This reference is not "CopyLocal" because at least one source item had "Private" set to "false" and no source items had "Private" set to "true".
1>    Primary reference "System.Diagnostics.StackTrace, Version=4.1.1.0, Culture=neutral, PublicKeyToken=b03f5f7f11d50a3a".
1>        Resolved file path is "C:\Users\hansnguyen\.nuget\packages\microsoft.netcore.app.ref\3.0.0\ref\netcoreapp3.0\System.Diagnostics.StackTrace.dll".
1>        Reference found at search path location "{RawFileName}".
1>        This reference is not "CopyLocal" because at least one source item had "Private" set to "false" and no source items had "Private" set to "true".
1>    Primary reference "System.Diagnostics.TextWriterTraceListener, Version=4.1.1.0, Culture=neutral, PublicKeyToken=b03f5f7f11d50a3a".
1>        Resolved file path is "C:\Users\hansnguyen\.nuget\packages\microsoft.netcore.app.ref\3.0.0\ref\netcoreapp3.0\System.Diagnostics.TextWriterTraceListener.dll".
1>        Reference found at search path location "{RawFileName}".
1>        This reference is not "CopyLocal" because at least one source item had "Private" set to "false" and no source items had "Private" set to "true".
1>    Primary reference "System.Diagnostics.Tools, Version=4.1.1.0, Culture=neutral, PublicKeyToken=b03f5f7f11d50a3a".
1>        Resolved file path is "C:\Users\hansnguyen\.nuget\packages\microsoft.netcore.app.ref\3.0.0\ref\netcoreapp3.0\System.Diagnostics.Tools.dll".
1>        Reference found at search path location "{RawFileName}".
1>        This reference is not "CopyLocal" because at least one source item had "Private" set to "false" and no source items had "Private" set to "true".
1>    Primary reference "System.Diagnostics.TraceSource, Version=4.1.1.0, Culture=neutral, PublicKeyToken=b03f5f7f11d50a3a".
1>        Resolved file path is "C:\Users\hansnguyen\.nuget\packages\microsoft.netcore.app.ref\3.0.0\ref\netcoreapp3.0\System.Diagnostics.TraceSource.dll".
1>        Reference found at search path location "{RawFileName}".
1>        This reference is not "CopyLocal" because at least one source item had "Private" set to "false" and no source items had "Private" set to "true".
1>    Primary reference "System.Diagnostics.Tracing, Version=4.2.1.0, Culture=neutral, PublicKeyToken=b03f5f7f11d50a3a".
1>        Resolved file path is "C:\Users\hansnguyen\.nuget\packages\microsoft.netcore.app.ref\3.0.0\ref\netcoreapp3.0\System.Diagnostics.Tracing.dll".
1>        Reference found at search path location "{RawFileName}".
1>        This reference is not "CopyLocal" because at least one source item had "Private" set to "false" and no source items had "Private" set to "true".
1>    Primary reference "System.Drawing.Primitives, Version=4.2.0.0, Culture=neutral, PublicKeyToken=b03f5f7f11d50a3a".
1>        Resolved file path is "C:\Users\hansnguyen\.nuget\packages\microsoft.netcore.app.ref\3.0.0\ref\netcoreapp3.0\System.Drawing.Primitives.dll".
1>        Reference found at search path location "{RawFileName}".
1>        This reference is not "CopyLocal" because at least one source item had "Private" set to "false" and no source items had "Private" set to "true".
1>    Primary reference "System.Drawing, Version=4.0.0.0, Culture=neutral, PublicKeyToken=b03f5f7f11d50a3a".
1>        Resolved file path is "C:\Users\hansnguyen\.nuget\packages\microsoft.netcore.app.ref\3.0.0\ref\netcoreapp3.0\System.Drawing.dll".
1>        Reference found at search path location "{RawFileName}".
1>        This reference is not "CopyLocal" because at least one source item had "Private" set to "false" and no source items had "Private" set to "true".
1>    Primary reference "System.Dynamic.Runtime, Version=4.1.1.0, Culture=neutral, PublicKeyToken=b03f5f7f11d50a3a".
1>        Resolved file path is "C:\Users\hansnguyen\.nuget\packages\microsoft.netcore.app.ref\3.0.0\ref\netcoreapp3.0\System.Dynamic.Runtime.dll".
1>        Reference found at search path location "{RawFileName}".
1>        This reference is not "CopyLocal" because at least one source item had "Private" set to "false" and no source items had "Private" set to "true".
1>    Primary reference "System.Globalization.Calendars, Version=4.1.1.0, Culture=neutral, PublicKeyToken=b03f5f7f11d50a3a".
1>        Resolved file path is "C:\Users\hansnguyen\.nuget\packages\microsoft.netcore.app.ref\3.0.0\ref\netcoreapp3.0\System.Globalization.Calendars.dll".
1>        Reference found at search path location "{RawFileName}".
1>        This reference is not "CopyLocal" because at least one source item had "Private" set to "false" and no source items had "Private" set to "true".
1>    Primary reference "System.Globalization.Extensions, Version=4.1.1.0, Culture=neutral, PublicKeyToken=b03f5f7f11d50a3a".
1>        Resolved file path is "C:\Users\hansnguyen\.nuget\packages\microsoft.netcore.app.ref\3.0.0\ref\netcoreapp3.0\System.Globalization.Extensions.dll".
1>        Reference found at search path location "{RawFileName}".
1>        This reference is not "CopyLocal" because at least one source item had "Private" set to "false" and no source items had "Private" set to "true".
1>    Primary reference "System.Globalization, Version=4.1.1.0, Culture=neutral, PublicKeyToken=b03f5f7f11d50a3a".
1>        Resolved file path is "C:\Users\hansnguyen\.nuget\packages\microsoft.netcore.app.ref\3.0.0\ref\netcoreapp3.0\System.Globalization.dll".
1>        Reference found at search path location "{RawFileName}".
1>        This reference is not "CopyLocal" because at least one source item had "Private" set to "false" and no source items had "Private" set to "true".
1>    Primary reference "System.IO.Compression.Brotli, Version=4.2.1.0, Culture=neutral, PublicKeyToken=b77a5c561934e089".
1>        Resolved file path is "C:\Users\hansnguyen\.nuget\packages\microsoft.netcore.app.ref\3.0.0\ref\netcoreapp3.0\System.IO.Compression.Brotli.dll".
1>        Reference found at search path location "{RawFileName}".
1>        This reference is not "CopyLocal" because at least one source item had "Private" set to "false" and no source items had "Private" set to "true".
1>    Primary reference "System.IO.Compression.FileSystem, Version=4.0.0.0, Culture=neutral, PublicKeyToken=b77a5c561934e089".
1>        Resolved file path is "C:\Users\hansnguyen\.nuget\packages\microsoft.netcore.app.ref\3.0.0\ref\netcoreapp3.0\System.IO.Compression.FileSystem.dll".
1>        Reference found at search path location "{RawFileName}".
1>        This reference is not "CopyLocal" because at least one source item had "Private" set to "false" and no source items had "Private" set to "true".
1>    Primary reference "System.IO.Compression.ZipFile, Version=4.0.4.0, Culture=neutral, PublicKeyToken=b77a5c561934e089".
1>        Resolved file path is "C:\Users\hansnguyen\.nuget\packages\microsoft.netcore.app.ref\3.0.0\ref\netcoreapp3.0\System.IO.Compression.ZipFile.dll".
1>        Reference found at search path location "{RawFileName}".
1>        This reference is not "CopyLocal" because at least one source item had "Private" set to "false" and no source items had "Private" set to "true".
1>    Primary reference "System.IO.Compression, Version=4.2.1.0, Culture=neutral, PublicKeyToken=b77a5c561934e089".
1>        Resolved file path is "C:\Users\hansnguyen\.nuget\packages\microsoft.netcore.app.ref\3.0.0\ref\netcoreapp3.0\System.IO.Compression.dll".
1>        Reference found at search path location "{RawFileName}".
1>        This reference is not "CopyLocal" because at least one source item had "Private" set to "false" and no source items had "Private" set to "true".
1>    Primary reference "System.IO.FileSystem.DriveInfo, Version=4.1.1.0, Culture=neutral, PublicKeyToken=b03f5f7f11d50a3a".
1>        Resolved file path is "C:\Users\hansnguyen\.nuget\packages\microsoft.netcore.app.ref\3.0.0\ref\netcoreapp3.0\System.IO.FileSystem.DriveInfo.dll".
1>        Reference found at search path location "{RawFileName}".
1>        This reference is not "CopyLocal" because at least one source item had "Private" set to "false" and no source items had "Private" set to "true".
1>    Primary reference "System.IO.FileSystem.Primitives, Version=4.1.1.0, Culture=neutral, PublicKeyToken=b03f5f7f11d50a3a".
1>        Resolved file path is "C:\Users\hansnguyen\.nuget\packages\microsoft.netcore.app.ref\3.0.0\ref\netcoreapp3.0\System.IO.FileSystem.Primitives.dll".
1>        Reference found at search path location "{RawFileName}".
1>        This reference is not "CopyLocal" because at least one source item had "Private" set to "false" and no source items had "Private" set to "true".
1>    Primary reference "System.IO.FileSystem.Watcher, Version=4.1.1.0, Culture=neutral, PublicKeyToken=b03f5f7f11d50a3a".
1>        Resolved file path is "C:\Users\hansnguyen\.nuget\packages\microsoft.netcore.app.ref\3.0.0\ref\netcoreapp3.0\System.IO.FileSystem.Watcher.dll".
1>        Reference found at search path location "{RawFileName}".
1>        This reference is not "CopyLocal" because at least one source item had "Private" set to "false" and no source items had "Private" set to "true".
1>    Primary reference "System.IO.FileSystem, Version=4.1.1.0, Culture=neutral, PublicKeyToken=b03f5f7f11d50a3a".
1>        Resolved file path is "C:\Users\hansnguyen\.nuget\packages\microsoft.netcore.app.ref\3.0.0\ref\netcoreapp3.0\System.IO.FileSystem.dll".
1>        Reference found at search path location "{RawFileName}".
1>        This reference is not "CopyLocal" because at least one source item had "Private" set to "false" and no source items had "Private" set to "true".
1>    Primary reference "System.IO.IsolatedStorage, Version=4.1.1.0, Culture=neutral, PublicKeyToken=b03f5f7f11d50a3a".
1>        Resolved file path is "C:\Users\hansnguyen\.nuget\packages\microsoft.netcore.app.ref\3.0.0\ref\netcoreapp3.0\System.IO.IsolatedStorage.dll".
1>        Reference found at search path location "{RawFileName}".
1>        This reference is not "CopyLocal" because at least one source item had "Private" set to "false" and no source items had "Private" set to "true".
1>    Primary reference "System.IO.MemoryMappedFiles, Version=4.1.1.0, Culture=neutral, PublicKeyToken=b03f5f7f11d50a3a".
1>        Resolved file path is "C:\Users\hansnguyen\.nuget\packages\microsoft.netcore.app.ref\3.0.0\ref\netcoreapp3.0\System.IO.MemoryMappedFiles.dll".
1>        Reference found at search path location "{RawFileName}".
1>        This reference is not "CopyLocal" because at least one source item had "Private" set to "false" and no source items had "Private" set to "true".
1>    Primary reference "System.IO.Pipes, Version=4.1.1.0, Culture=neutral, PublicKeyToken=b03f5f7f11d50a3a".
1>        Resolved file path is "C:\Users\hansnguyen\.nuget\packages\microsoft.netcore.app.ref\3.0.0\ref\netcoreapp3.0\System.IO.Pipes.dll".
1>        Reference found at search path location "{RawFileName}".
1>        This reference is not "CopyLocal" because at least one source item had "Private" set to "false" and no source items had "Private" set to "true".
1>    Primary reference "System.IO.UnmanagedMemoryStream, Version=4.1.1.0, Culture=neutral, PublicKeyToken=b03f5f7f11d50a3a".
1>        Resolved file path is "C:\Users\hansnguyen\.nuget\packages\microsoft.netcore.app.ref\3.0.0\ref\netcoreapp3.0\System.IO.UnmanagedMemoryStream.dll".
1>        Reference found at search path location "{RawFileName}".
1>        This reference is not "CopyLocal" because at least one source item had "Private" set to "false" and no source items had "Private" set to "true".
1>    Primary reference "System.IO, Version=4.2.1.0, Culture=neutral, PublicKeyToken=b03f5f7f11d50a3a".
1>        Resolved file path is "C:\Users\hansnguyen\.nuget\packages\microsoft.netcore.app.ref\3.0.0\ref\netcoreapp3.0\System.IO.dll".
1>        Reference found at search path location "{RawFileName}".
1>        This reference is not "CopyLocal" because at least one source item had "Private" set to "false" and no source items had "Private" set to "true".
1>    Primary reference "System.Linq.Expressions, Version=4.2.1.0, Culture=neutral, PublicKeyToken=b03f5f7f11d50a3a".
1>        Resolved file path is "C:\Users\hansnguyen\.nuget\packages\microsoft.netcore.app.ref\3.0.0\ref\netcoreapp3.0\System.Linq.Expressions.dll".
1>        Reference found at search path location "{RawFileName}".
1>        This reference is not "CopyLocal" because at least one source item had "Private" set to "false" and no source items had "Private" set to "true".
1>    Primary reference "System.Linq.Parallel, Version=4.0.3.0, Culture=neutral, PublicKeyToken=b03f5f7f11d50a3a".
1>        Resolved file path is "C:\Users\hansnguyen\.nuget\packages\microsoft.netcore.app.ref\3.0.0\ref\netcoreapp3.0\System.Linq.Parallel.dll".
1>        Reference found at search path location "{RawFileName}".
1>        This reference is not "CopyLocal" because at least one source item had "Private" set to "false" and no source items had "Private" set to "true".
1>    Primary reference "System.Linq.Queryable, Version=4.0.3.0, Culture=neutral, PublicKeyToken=b03f5f7f11d50a3a".
1>        Resolved file path is "C:\Users\hansnguyen\.nuget\packages\microsoft.netcore.app.ref\3.0.0\ref\netcoreapp3.0\System.Linq.Queryable.dll".
1>        Reference found at search path location "{RawFileName}".
1>        This reference is not "CopyLocal" because at least one source item had "Private" set to "false" and no source items had "Private" set to "true".
1>    Primary reference "System.Linq, Version=4.2.1.0, Culture=neutral, PublicKeyToken=b03f5f7f11d50a3a".
1>        Resolved file path is "C:\Users\hansnguyen\.nuget\packages\microsoft.netcore.app.ref\3.0.0\ref\netcoreapp3.0\System.Linq.dll".
1>        Reference found at search path location "{RawFileName}".
1>        This reference is not "CopyLocal" because at least one source item had "Private" set to "false" and no source items had "Private" set to "true".
1>    Primary reference "System.Memory, Version=4.2.0.0, Culture=neutral, PublicKeyToken=cc7b13ffcd2ddd51".
1>        Resolved file path is "C:\Users\hansnguyen\.nuget\packages\microsoft.netcore.app.ref\3.0.0\ref\netcoreapp3.0\System.Memory.dll".
1>        Reference found at search path location "{RawFileName}".
1>        This reference is not "CopyLocal" because at least one source item had "Private" set to "false" and no source items had "Private" set to "true".
1>    Primary reference "System.Net.Http, Version=4.2.1.0, Culture=neutral, PublicKeyToken=b03f5f7f11d50a3a".
1>        Resolved file path is "C:\Users\hansnguyen\.nuget\packages\microsoft.netcore.app.ref\3.0.0\ref\netcoreapp3.0\System.Net.Http.dll".
1>        Reference found at search path location "{RawFileName}".
1>        This reference is not "CopyLocal" because at least one source item had "Private" set to "false" and no source items had "Private" set to "true".
1>    Primary reference "System.Net.HttpListener, Version=4.0.1.0, Culture=neutral, PublicKeyToken=cc7b13ffcd2ddd51".
1>        Resolved file path is "C:\Users\hansnguyen\.nuget\packages\microsoft.netcore.app.ref\3.0.0\ref\netcoreapp3.0\System.Net.HttpListener.dll".
1>        Reference found at search path location "{RawFileName}".
1>        This reference is not "CopyLocal" because at least one source item had "Private" set to "false" and no source items had "Private" set to "true".
1>    Primary reference "System.Net.Mail, Version=4.0.1.0, Culture=neutral, PublicKeyToken=cc7b13ffcd2ddd51".
1>        Resolved file path is "C:\Users\hansnguyen\.nuget\packages\microsoft.netcore.app.ref\3.0.0\ref\netcoreapp3.0\System.Net.Mail.dll".
1>        Reference found at search path location "{RawFileName}".
1>        This reference is not "CopyLocal" because at least one source item had "Private" set to "false" and no source items had "Private" set to "true".
1>    Primary reference "System.Net.NameResolution, Version=4.1.1.0, Culture=neutral, PublicKeyToken=b03f5f7f11d50a3a".
1>        Resolved file path is "C:\Users\hansnguyen\.nuget\packages\microsoft.netcore.app.ref\3.0.0\ref\netcoreapp3.0\System.Net.NameResolution.dll".
1>        Reference found at search path location "{RawFileName}".
1>        This reference is not "CopyLocal" because at least one source item had "Private" set to "false" and no source items had "Private" set to "true".
1>    Primary reference "System.Net.NetworkInformation, Version=4.2.1.0, Culture=neutral, PublicKeyToken=b03f5f7f11d50a3a".
1>        Resolved file path is "C:\Users\hansnguyen\.nuget\packages\microsoft.netcore.app.ref\3.0.0\ref\netcoreapp3.0\System.Net.NetworkInformation.dll".
1>        Reference found at search path location "{RawFileName}".
1>        This reference is not "CopyLocal" because at least one source item had "Private" set to "false" and no source items had "Private" set to "true".
1>    Primary reference "System.Net.Ping, Version=4.1.1.0, Culture=neutral, PublicKeyToken=b03f5f7f11d50a3a".
1>        Resolved file path is "C:\Users\hansnguyen\.nuget\packages\microsoft.netcore.app.ref\3.0.0\ref\netcoreapp3.0\System.Net.Ping.dll".
1>        Reference found at search path location "{RawFileName}".
1>        This reference is not "CopyLocal" because at least one source item had "Private" set to "false" and no source items had "Private" set to "true".
1>    Primary reference "System.Net.Primitives, Version=4.1.1.0, Culture=neutral, PublicKeyToken=b03f5f7f11d50a3a".
1>        Resolved file path is "C:\Users\hansnguyen\.nuget\packages\microsoft.netcore.app.ref\3.0.0\ref\netcoreapp3.0\System.Net.Primitives.dll".
1>        Reference found at search path location "{RawFileName}".
1>        This reference is not "CopyLocal" because at least one source item had "Private" set to "false" and no source items had "Private" set to "true".
1>    Primary reference "System.Net.Requests, Version=4.1.1.0, Culture=neutral, PublicKeyToken=b03f5f7f11d50a3a".
1>        Resolved file path is "C:\Users\hansnguyen\.nuget\packages\microsoft.netcore.app.ref\3.0.0\ref\netcoreapp3.0\System.Net.Requests.dll".
1>        Reference found at search path location "{RawFileName}".
1>        This reference is not "CopyLocal" because at least one source item had "Private" set to "false" and no source items had "Private" set to "true".
1>    Primary reference "System.Net.Security, Version=4.1.1.0, Culture=neutral, PublicKeyToken=b03f5f7f11d50a3a".
1>        Resolved file path is "C:\Users\hansnguyen\.nuget\packages\microsoft.netcore.app.ref\3.0.0\ref\netcoreapp3.0\System.Net.Security.dll".
1>        Reference found at search path location "{RawFileName}".
1>        This reference is not "CopyLocal" because at least one source item had "Private" set to "false" and no source items had "Private" set to "true".
1>    Primary reference "System.Net.ServicePoint, Version=4.0.1.0, Culture=neutral, PublicKeyToken=cc7b13ffcd2ddd51".
1>        Resolved file path is "C:\Users\hansnguyen\.nuget\packages\microsoft.netcore.app.ref\3.0.0\ref\netcoreapp3.0\System.Net.ServicePoint.dll".
1>        Reference found at search path location "{RawFileName}".
1>        This reference is not "CopyLocal" because at least one source item had "Private" set to "false" and no source items had "Private" set to "true".
1>    Primary reference "System.Net.Sockets, Version=4.2.1.0, Culture=neutral, PublicKeyToken=b03f5f7f11d50a3a".
1>        Resolved file path is "C:\Users\hansnguyen\.nuget\packages\microsoft.netcore.app.ref\3.0.0\ref\netcoreapp3.0\System.Net.Sockets.dll".
1>        Reference found at search path location "{RawFileName}".
1>        This reference is not "CopyLocal" because at least one source item had "Private" set to "false" and no source items had "Private" set to "true".
1>    Primary reference "System.Net.WebClient, Version=4.0.1.0, Culture=neutral, PublicKeyToken=cc7b13ffcd2ddd51".
1>        Resolved file path is "C:\Users\hansnguyen\.nuget\packages\microsoft.netcore.app.ref\3.0.0\ref\netcoreapp3.0\System.Net.WebClient.dll".
1>        Reference found at search path location "{RawFileName}".
1>        This reference is not "CopyLocal" because at least one source item had "Private" set to "false" and no source items had "Private" set to "true".
1>    Primary reference "System.Net.WebHeaderCollection, Version=4.1.1.0, Culture=neutral, PublicKeyToken=b03f5f7f11d50a3a".
1>        Resolved file path is "C:\Users\hansnguyen\.nuget\packages\microsoft.netcore.app.ref\3.0.0\ref\netcoreapp3.0\System.Net.WebHeaderCollection.dll".
1>        Reference found at search path location "{RawFileName}".
1>        This reference is not "CopyLocal" because at least one source item had "Private" set to "false" and no source items had "Private" set to "true".
1>    Primary reference "System.Net.WebProxy, Version=4.0.1.0, Culture=neutral, PublicKeyToken=cc7b13ffcd2ddd51".
1>        Resolved file path is "C:\Users\hansnguyen\.nuget\packages\microsoft.netcore.app.ref\3.0.0\ref\netcoreapp3.0\System.Net.WebProxy.dll".
1>        Reference found at search path location "{RawFileName}".
1>        This reference is not "CopyLocal" because at least one source item had "Private" set to "false" and no source items had "Private" set to "true".
1>    Primary reference "System.Net.WebSockets.Client, Version=4.1.1.0, Culture=neutral, PublicKeyToken=b03f5f7f11d50a3a".
1>        Resolved file path is "C:\Users\hansnguyen\.nuget\packages\microsoft.netcore.app.ref\3.0.0\ref\netcoreapp3.0\System.Net.WebSockets.Client.dll".
1>        Reference found at search path location "{RawFileName}".
1>        This reference is not "CopyLocal" because at least one source item had "Private" set to "false" and no source items had "Private" set to "true".
1>    Primary reference "System.Net.WebSockets, Version=4.1.1.0, Culture=neutral, PublicKeyToken=b03f5f7f11d50a3a".
1>        Resolved file path is "C:\Users\hansnguyen\.nuget\packages\microsoft.netcore.app.ref\3.0.0\ref\netcoreapp3.0\System.Net.WebSockets.dll".
1>        Reference found at search path location "{RawFileName}".
1>        This reference is not "CopyLocal" because at least one source item had "Private" set to "false" and no source items had "Private" set to "true".
1>    Primary reference "System.Net, Version=4.0.0.0, Culture=neutral, PublicKeyToken=b03f5f7f11d50a3a".
1>        Resolved file path is "C:\Users\hansnguyen\.nuget\packages\microsoft.netcore.app.ref\3.0.0\ref\netcoreapp3.0\System.Net.dll".
1>        Reference found at search path location "{RawFileName}".
1>        This reference is not "CopyLocal" because at least one source item had "Private" set to "false" and no source items had "Private" set to "true".
1>    Primary reference "System.Numerics.Vectors, Version=4.1.5.0, Culture=neutral, PublicKeyToken=b03f5f7f11d50a3a".
1>        Resolved file path is "C:\Users\hansnguyen\.nuget\packages\microsoft.netcore.app.ref\3.0.0\ref\netcoreapp3.0\System.Numerics.Vectors.dll".
1>        Reference found at search path location "{RawFileName}".
1>        This reference is not "CopyLocal" because at least one source item had "Private" set to "false" and no source items had "Private" set to "true".
1>    Primary reference "System.Numerics, Version=4.0.0.0, Culture=neutral, PublicKeyToken=b77a5c561934e089".
1>        Resolved file path is "C:\Users\hansnguyen\.nuget\packages\microsoft.netcore.app.ref\3.0.0\ref\netcoreapp3.0\System.Numerics.dll".
1>        Reference found at search path location "{RawFileName}".
1>        This reference is not "CopyLocal" because at least one source item had "Private" set to "false" and no source items had "Private" set to "true".
1>    Primary reference "System.ObjectModel, Version=4.1.1.0, Culture=neutral, PublicKeyToken=b03f5f7f11d50a3a".
1>        Resolved file path is "C:\Users\hansnguyen\.nuget\packages\microsoft.netcore.app.ref\3.0.0\ref\netcoreapp3.0\System.ObjectModel.dll".
1>        Reference found at search path location "{RawFileName}".
1>        This reference is not "CopyLocal" because at least one source item had "Private" set to "false" and no source items had "Private" set to "true".
1>    Primary reference "System.Reflection.DispatchProxy, Version=4.0.5.0, Culture=neutral, PublicKeyToken=b03f5f7f11d50a3a".
1>        Resolved file path is "C:\Users\hansnguyen\.nuget\packages\microsoft.netcore.app.ref\3.0.0\ref\netcoreapp3.0\System.Reflection.DispatchProxy.dll".
1>        Reference found at search path location "{RawFileName}".
1>        This reference is not "CopyLocal" because at least one source item had "Private" set to "false" and no source items had "Private" set to "true".
1>    Primary reference "System.Reflection.Emit.ILGeneration, Version=4.1.0.0, Culture=neutral, PublicKeyToken=b03f5f7f11d50a3a".
1>        Resolved file path is "C:\Users\hansnguyen\.nuget\packages\microsoft.netcore.app.ref\3.0.0\ref\netcoreapp3.0\System.Reflection.Emit.ILGeneration.dll".
1>        Reference found at search path location "{RawFileName}".
1>        This reference is not "CopyLocal" because at least one source item had "Private" set to "false" and no source items had "Private" set to "true".
1>    Primary reference "System.Reflection.Emit.Lightweight, Version=4.1.0.0, Culture=neutral, PublicKeyToken=b03f5f7f11d50a3a".
1>        Resolved file path is "C:\Users\hansnguyen\.nuget\packages\microsoft.netcore.app.ref\3.0.0\ref\netcoreapp3.0\System.Reflection.Emit.Lightweight.dll".
1>        Reference found at search path location "{RawFileName}".
1>        This reference is not "CopyLocal" because at least one source item had "Private" set to "false" and no source items had "Private" set to "true".
1>    Primary reference "System.Reflection.Emit, Version=4.1.1.0, Culture=neutral, PublicKeyToken=b03f5f7f11d50a3a".
1>        Resolved file path is "C:\Users\hansnguyen\.nuget\packages\microsoft.netcore.app.ref\3.0.0\ref\netcoreapp3.0\System.Reflection.Emit.dll".
1>        Reference found at search path location "{RawFileName}".
1>        This reference is not "CopyLocal" because at least one source item had "Private" set to "false" and no source items had "Private" set to "true".
1>    Primary reference "System.Reflection.Extensions, Version=4.1.1.0, Culture=neutral, PublicKeyToken=b03f5f7f11d50a3a".
1>        Resolved file path is "C:\Users\hansnguyen\.nuget\packages\microsoft.netcore.app.ref\3.0.0\ref\netcoreapp3.0\System.Reflection.Extensions.dll".
1>        Reference found at search path location "{RawFileName}".
1>        This reference is not "CopyLocal" because at least one source item had "Private" set to "false" and no source items had "Private" set to "true".
1>    Primary reference "System.Reflection.Metadata, Version=1.4.4.0, Culture=neutral, PublicKeyToken=b03f5f7f11d50a3a".
1>        Resolved file path is "C:\Users\hansnguyen\.nuget\packages\microsoft.netcore.app.ref\3.0.0\ref\netcoreapp3.0\System.Reflection.Metadata.dll".
1>        Reference found at search path location "{RawFileName}".
1>        This reference is not "CopyLocal" because at least one source item had "Private" set to "false" and no source items had "Private" set to "true".
1>    Primary reference "System.Reflection.Primitives, Version=4.1.1.0, Culture=neutral, PublicKeyToken=b03f5f7f11d50a3a".
1>        Resolved file path is "C:\Users\hansnguyen\.nuget\packages\microsoft.netcore.app.ref\3.0.0\ref\netcoreapp3.0\System.Reflection.Primitives.dll".
1>        Reference found at search path location "{RawFileName}".
1>        This reference is not "CopyLocal" because at least one source item had "Private" set to "false" and no source items had "Private" set to "true".
1>    Primary reference "System.Reflection.TypeExtensions, Version=4.1.2.0, Culture=neutral, PublicKeyToken=b03f5f7f11d50a3a".
1>        Resolved file path is "C:\Users\hansnguyen\.nuget\packages\microsoft.netcore.app.ref\3.0.0\ref\netcoreapp3.0\System.Reflection.TypeExtensions.dll".
1>        Reference found at search path location "{RawFileName}".
1>        This reference is not "CopyLocal" because at least one source item had "Private" set to "false" and no source items had "Private" set to "true".
1>    Primary reference "System.Reflection, Version=4.2.1.0, Culture=neutral, PublicKeyToken=b03f5f7f11d50a3a".
1>        Resolved file path is "C:\Users\hansnguyen\.nuget\packages\microsoft.netcore.app.ref\3.0.0\ref\netcoreapp3.0\System.Reflection.dll".
1>        Reference found at search path location "{RawFileName}".
1>        This reference is not "CopyLocal" because at least one source item had "Private" set to "false" and no source items had "Private" set to "true".
1>    Primary reference "System.Resources.Reader, Version=4.1.1.0, Culture=neutral, PublicKeyToken=b03f5f7f11d50a3a".
1>        Resolved file path is "C:\Users\hansnguyen\.nuget\packages\microsoft.netcore.app.ref\3.0.0\ref\netcoreapp3.0\System.Resources.Reader.dll".
1>        Reference found at search path location "{RawFileName}".
1>        This reference is not "CopyLocal" because at least one source item had "Private" set to "false" and no source items had "Private" set to "true".
1>    Primary reference "System.Resources.ResourceManager, Version=4.1.1.0, Culture=neutral, PublicKeyToken=b03f5f7f11d50a3a".
1>        Resolved file path is "C:\Users\hansnguyen\.nuget\packages\microsoft.netcore.app.ref\3.0.0\ref\netcoreapp3.0\System.Resources.ResourceManager.dll".
1>        Reference found at search path location "{RawFileName}".
1>        This reference is not "CopyLocal" because at least one source item had "Private" set to "false" and no source items had "Private" set to "true".
1>    Primary reference "System.Resources.Writer, Version=4.1.1.0, Culture=neutral, PublicKeyToken=b03f5f7f11d50a3a".
1>        Resolved file path is "C:\Users\hansnguyen\.nuget\packages\microsoft.netcore.app.ref\3.0.0\ref\netcoreapp3.0\System.Resources.Writer.dll".
1>        Reference found at search path location "{RawFileName}".
1>        This reference is not "CopyLocal" because at least one source item had "Private" set to "false" and no source items had "Private" set to "true".
1>    Primary reference "System.Runtime.CompilerServices.Unsafe, Version=4.0.5.0, Culture=neutral, PublicKeyToken=b03f5f7f11d50a3a".
1>        Resolved file path is "C:\Users\hansnguyen\.nuget\packages\microsoft.netcore.app.ref\3.0.0\ref\netcoreapp3.0\System.Runtime.CompilerServices.Unsafe.dll".
1>        Reference found at search path location "{RawFileName}".
1>        This reference is not "CopyLocal" because at least one source item had "Private" set to "false" and no source items had "Private" set to "true".
1>    Primary reference "System.Runtime.CompilerServices.VisualC, Version=4.1.1.0, Culture=neutral, PublicKeyToken=b03f5f7f11d50a3a".
1>        Resolved file path is "C:\Users\hansnguyen\.nuget\packages\microsoft.netcore.app.ref\3.0.0\ref\netcoreapp3.0\System.Runtime.CompilerServices.VisualC.dll".
1>        Reference found at search path location "{RawFileName}".
1>        This reference is not "CopyLocal" because at least one source item had "Private" set to "false" and no source items had "Private" set to "true".
1>    Primary reference "System.Runtime.Extensions, Version=4.2.1.0, Culture=neutral, PublicKeyToken=b03f5f7f11d50a3a".
1>        Resolved file path is "C:\Users\hansnguyen\.nuget\packages\microsoft.netcore.app.ref\3.0.0\ref\netcoreapp3.0\System.Runtime.Extensions.dll".
1>        Reference found at search path location "{RawFileName}".
1>        This reference is not "CopyLocal" because at least one source item had "Private" set to "false" and no source items had "Private" set to "true".
1>    Primary reference "System.Runtime.Handles, Version=4.1.1.0, Culture=neutral, PublicKeyToken=b03f5f7f11d50a3a".
1>        Resolved file path is "C:\Users\hansnguyen\.nuget\packages\microsoft.netcore.app.ref\3.0.0\ref\netcoreapp3.0\System.Runtime.Handles.dll".
1>        Reference found at search path location "{RawFileName}".
1>        This reference is not "CopyLocal" because at least one source item had "Private" set to "false" and no source items had "Private" set to "true".
1>    Primary reference "System.Runtime.InteropServices.RuntimeInformation, Version=4.0.3.0, Culture=neutral, PublicKeyToken=b03f5f7f11d50a3a".
1>        Resolved file path is "C:\Users\hansnguyen\.nuget\packages\microsoft.netcore.app.ref\3.0.0\ref\netcoreapp3.0\System.Runtime.InteropServices.RuntimeInformation.dll".
1>        Reference found at search path location "{RawFileName}".
1>        This reference is not "CopyLocal" because at least one source item had "Private" set to "false" and no source items had "Private" set to "true".
1>    Primary reference "System.Runtime.InteropServices.WindowsRuntime, Version=4.0.3.0, Culture=neutral, PublicKeyToken=b03f5f7f11d50a3a".
1>        Resolved file path is "C:\Users\hansnguyen\.nuget\packages\microsoft.netcore.app.ref\3.0.0\ref\netcoreapp3.0\System.Runtime.InteropServices.WindowsRuntime.dll".
1>        Reference found at search path location "{RawFileName}".
1>        This reference is not "CopyLocal" because at least one source item had "Private" set to "false" and no source items had "Private" set to "true".
1>    Primary reference "System.Runtime.InteropServices, Version=4.2.1.0, Culture=neutral, PublicKeyToken=b03f5f7f11d50a3a".
1>        Resolved file path is "C:\Users\hansnguyen\.nuget\packages\microsoft.netcore.app.ref\3.0.0\ref\netcoreapp3.0\System.Runtime.InteropServices.dll".
1>        Reference found at search path location "{RawFileName}".
1>        This reference is not "CopyLocal" because at least one source item had "Private" set to "false" and no source items had "Private" set to "true".
1>    Primary reference "System.Runtime.Intrinsics, Version=4.0.0.0, Culture=neutral, PublicKeyToken=cc7b13ffcd2ddd51".
1>        Resolved file path is "C:\Users\hansnguyen\.nuget\packages\microsoft.netcore.app.ref\3.0.0\ref\netcoreapp3.0\System.Runtime.Intrinsics.dll".
1>        Reference found at search path location "{RawFileName}".
1>        This reference is not "CopyLocal" because at least one source item had "Private" set to "false" and no source items had "Private" set to "true".
1>    Primary reference "System.Runtime.Loader, Version=4.1.0.0, Culture=neutral, PublicKeyToken=b03f5f7f11d50a3a".
1>        Resolved file path is "C:\Users\hansnguyen\.nuget\packages\microsoft.netcore.app.ref\3.0.0\ref\netcoreapp3.0\System.Runtime.Loader.dll".
1>        Reference found at search path location "{RawFileName}".
1>        This reference is not "CopyLocal" because at least one source item had "Private" set to "false" and no source items had "Private" set to "true".
1>    Primary reference "System.Runtime.Numerics, Version=4.1.1.0, Culture=neutral, PublicKeyToken=b03f5f7f11d50a3a".
1>        Resolved file path is "C:\Users\hansnguyen\.nuget\packages\microsoft.netcore.app.ref\3.0.0\ref\netcoreapp3.0\System.Runtime.Numerics.dll".
1>        Reference found at search path location "{RawFileName}".
1>        This reference is not "CopyLocal" because at least one source item had "Private" set to "false" and no source items had "Private" set to "true".
1>    Primary reference "System.Runtime.Serialization.Formatters, Version=4.0.3.0, Culture=neutral, PublicKeyToken=b03f5f7f11d50a3a".
1>        Resolved file path is "C:\Users\hansnguyen\.nuget\packages\microsoft.netcore.app.ref\3.0.0\ref\netcoreapp3.0\System.Runtime.Serialization.Formatters.dll".
1>        Reference found at search path location "{RawFileName}".
1>        This reference is not "CopyLocal" because at least one source item had "Private" set to "false" and no source items had "Private" set to "true".
1>    Primary reference "System.Runtime.Serialization.Json, Version=4.0.4.0, Culture=neutral, PublicKeyToken=b03f5f7f11d50a3a".
1>        Resolved file path is "C:\Users\hansnguyen\.nuget\packages\microsoft.netcore.app.ref\3.0.0\ref\netcoreapp3.0\System.Runtime.Serialization.Json.dll".
1>        Reference found at search path location "{RawFileName}".
1>        This reference is not "CopyLocal" because at least one source item had "Private" set to "false" and no source items had "Private" set to "true".
1>    Primary reference "System.Runtime.Serialization.Primitives, Version=4.2.1.0, Culture=neutral, PublicKeyToken=b03f5f7f11d50a3a".
1>        Resolved file path is "C:\Users\hansnguyen\.nuget\packages\microsoft.netcore.app.ref\3.0.0\ref\netcoreapp3.0\System.Runtime.Serialization.Primitives.dll".
1>        Reference found at search path location "{RawFileName}".
1>        This reference is not "CopyLocal" because at least one source item had "Private" set to "false" and no source items had "Private" set to "true".
1>    Primary reference "System.Runtime.Serialization.Xml, Version=4.1.4.0, Culture=neutral, PublicKeyToken=b03f5f7f11d50a3a".
1>        Resolved file path is "C:\Users\hansnguyen\.nuget\packages\microsoft.netcore.app.ref\3.0.0\ref\netcoreapp3.0\System.Runtime.Serialization.Xml.dll".
1>        Reference found at search path location "{RawFileName}".
1>        This reference is not "CopyLocal" because at least one source item had "Private" set to "false" and no source items had "Private" set to "true".
1>    Primary reference "System.Runtime.Serialization, Version=4.0.0.0, Culture=neutral, PublicKeyToken=b77a5c561934e089".
1>        Resolved file path is "C:\Users\hansnguyen\.nuget\packages\microsoft.netcore.app.ref\3.0.0\ref\netcoreapp3.0\System.Runtime.Serialization.dll".
1>        Reference found at search path location "{RawFileName}".
1>        This reference is not "CopyLocal" because at least one source item had "Private" set to "false" and no source items had "Private" set to "true".
1>    Primary reference "System.Runtime, Version=4.2.1.0, Culture=neutral, PublicKeyToken=b03f5f7f11d50a3a".
1>        Resolved file path is "C:\Users\hansnguyen\.nuget\packages\microsoft.netcore.app.ref\3.0.0\ref\netcoreapp3.0\System.Runtime.dll".
1>        Reference found at search path location "{RawFileName}".
1>        This reference is not "CopyLocal" because at least one source item had "Private" set to "false" and no source items had "Private" set to "true".
1>    Primary reference "System.Security.Claims, Version=4.1.1.0, Culture=neutral, PublicKeyToken=b03f5f7f11d50a3a".
1>        Resolved file path is "C:\Users\hansnguyen\.nuget\packages\microsoft.netcore.app.ref\3.0.0\ref\netcoreapp3.0\System.Security.Claims.dll".
1>        Reference found at search path location "{RawFileName}".
1>        This reference is not "CopyLocal" because at least one source item had "Private" set to "false" and no source items had "Private" set to "true".
1>    Primary reference "System.Security.Cryptography.Algorithms, Version=4.3.1.0, Culture=neutral, PublicKeyToken=b03f5f7f11d50a3a".
1>        Resolved file path is "C:\Users\hansnguyen\.nuget\packages\microsoft.netcore.app.ref\3.0.0\ref\netcoreapp3.0\System.Security.Cryptography.Algorithms.dll".
1>        Reference found at search path location "{RawFileName}".
1>        This reference is not "CopyLocal" because at least one source item had "Private" set to "false" and no source items had "Private" set to "true".
1>    Primary reference "System.Security.Cryptography.Csp, Version=4.1.1.0, Culture=neutral, PublicKeyToken=b03f5f7f11d50a3a".
1>        Resolved file path is "C:\Users\hansnguyen\.nuget\packages\microsoft.netcore.app.ref\3.0.0\ref\netcoreapp3.0\System.Security.Cryptography.Csp.dll".
1>        Reference found at search path location "{RawFileName}".
1>        This reference is not "CopyLocal" because at least one source item had "Private" set to "false" and no source items had "Private" set to "true".
1>    Primary reference "System.Security.Cryptography.Encoding, Version=4.1.1.0, Culture=neutral, PublicKeyToken=b03f5f7f11d50a3a".
1>        Resolved file path is "C:\Users\hansnguyen\.nuget\packages\microsoft.netcore.app.ref\3.0.0\ref\netcoreapp3.0\System.Security.Cryptography.Encoding.dll".
1>        Reference found at search path location "{RawFileName}".
1>        This reference is not "CopyLocal" because at least one source item had "Private" set to "false" and no source items had "Private" set to "true".
1>    Primary reference "System.Security.Cryptography.Primitives, Version=4.1.1.0, Culture=neutral, PublicKeyToken=b03f5f7f11d50a3a".
1>        Resolved file path is "C:\Users\hansnguyen\.nuget\packages\microsoft.netcore.app.ref\3.0.0\ref\netcoreapp3.0\System.Security.Cryptography.Primitives.dll".
1>        Reference found at search path location "{RawFileName}".
1>        This reference is not "CopyLocal" because at least one source item had "Private" set to "false" and no source items had "Private" set to "true".
1>    Primary reference "System.Security.Cryptography.X509Certificates, Version=4.2.1.0, Culture=neutral, PublicKeyToken=b03f5f7f11d50a3a".
1>        Resolved file path is "C:\Users\hansnguyen\.nuget\packages\microsoft.netcore.app.ref\3.0.0\ref\netcoreapp3.0\System.Security.Cryptography.X509Certificates.dll".
1>        Reference found at search path location "{RawFileName}".
1>        This reference is not "CopyLocal" because at least one source item had "Private" set to "false" and no source items had "Private" set to "true".
1>    Primary reference "System.Security.Principal, Version=4.1.1.0, Culture=neutral, PublicKeyToken=b03f5f7f11d50a3a".
1>        Resolved file path is "C:\Users\hansnguyen\.nuget\packages\microsoft.netcore.app.ref\3.0.0\ref\netcoreapp3.0\System.Security.Principal.dll".
1>        Reference found at search path location "{RawFileName}".
1>        This reference is not "CopyLocal" because at least one source item had "Private" set to "false" and no source items had "Private" set to "true".
1>    Primary reference "System.Security.SecureString, Version=4.1.1.0, Culture=neutral, PublicKeyToken=b03f5f7f11d50a3a".
1>        Resolved file path is "C:\Users\hansnguyen\.nuget\packages\microsoft.netcore.app.ref\3.0.0\ref\netcoreapp3.0\System.Security.SecureString.dll".
1>        Reference found at search path location "{RawFileName}".
1>        This reference is not "CopyLocal" because at least one source item had "Private" set to "false" and no source items had "Private" set to "true".
1>    Primary reference "System.Security, Version=4.0.0.0, Culture=neutral, PublicKeyToken=b03f5f7f11d50a3a".
1>        Resolved file path is "C:\Users\hansnguyen\.nuget\packages\microsoft.netcore.app.ref\3.0.0\ref\netcoreapp3.0\System.Security.dll".
1>        Reference found at search path location "{RawFileName}".
1>        This reference is not "CopyLocal" because at least one source item had "Private" set to "false" and no source items had "Private" set to "true".
1>    Primary reference "System.ServiceModel.Web, Version=4.0.0.0, Culture=neutral, PublicKeyToken=31bf3856ad364e35".
1>        Resolved file path is "C:\Users\hansnguyen\.nuget\packages\microsoft.netcore.app.ref\3.0.0\ref\netcoreapp3.0\System.ServiceModel.Web.dll".
1>        Reference found at search path location "{RawFileName}".
1>        This reference is not "CopyLocal" because at least one source item had "Private" set to "false" and no source items had "Private" set to "true".
1>    Primary reference "System.ServiceProcess, Version=4.0.0.0, Culture=neutral, PublicKeyToken=b03f5f7f11d50a3a".
1>        Resolved file path is "C:\Users\hansnguyen\.nuget\packages\microsoft.netcore.app.ref\3.0.0\ref\netcoreapp3.0\System.ServiceProcess.dll".
1>        Reference found at search path location "{RawFileName}".
1>        This reference is not "CopyLocal" because at least one source item had "Private" set to "false" and no source items had "Private" set to "true".
1>    Primary reference "System.Text.Encoding.CodePages, Version=4.1.2.0, Culture=neutral, PublicKeyToken=b03f5f7f11d50a3a".
1>        Resolved file path is "C:\Users\hansnguyen\.nuget\packages\microsoft.netcore.app.ref\3.0.0\ref\netcoreapp3.0\System.Text.Encoding.CodePages.dll".
1>        Reference found at search path location "{RawFileName}".
1>        This reference is not "CopyLocal" because at least one source item had "Private" set to "false" and no source items had "Private" set to "true".
1>    Primary reference "System.Text.Encoding.Extensions, Version=4.1.1.0, Culture=neutral, PublicKeyToken=b03f5f7f11d50a3a".
1>        Resolved file path is "C:\Users\hansnguyen\.nuget\packages\microsoft.netcore.app.ref\3.0.0\ref\netcoreapp3.0\System.Text.Encoding.Extensions.dll".
1>        Reference found at search path location "{RawFileName}".
1>        This reference is not "CopyLocal" because at least one source item had "Private" set to "false" and no source items had "Private" set to "true".
1>    Primary reference "System.Text.Encoding, Version=4.1.1.0, Culture=neutral, PublicKeyToken=b03f5f7f11d50a3a".
1>        Resolved file path is "C:\Users\hansnguyen\.nuget\packages\microsoft.netcore.app.ref\3.0.0\ref\netcoreapp3.0\System.Text.Encoding.dll".
1>        Reference found at search path location "{RawFileName}".
1>        This reference is not "CopyLocal" because at least one source item had "Private" set to "false" and no source items had "Private" set to "true".
1>    Primary reference "System.Text.Encodings.Web, Version=4.0.4.0, Culture=neutral, PublicKeyToken=cc7b13ffcd2ddd51".
1>        Resolved file path is "C:\Users\hansnguyen\.nuget\packages\microsoft.netcore.app.ref\3.0.0\ref\netcoreapp3.0\System.Text.Encodings.Web.dll".
1>        Reference found at search path location "{RawFileName}".
1>        This reference is not "CopyLocal" because at least one source item had "Private" set to "false" and no source items had "Private" set to "true".
1>    Primary reference "System.Text.Json, Version=4.0.0.0, Culture=neutral, PublicKeyToken=cc7b13ffcd2ddd51".
1>        Resolved file path is "C:\Users\hansnguyen\.nuget\packages\microsoft.netcore.app.ref\3.0.0\ref\netcoreapp3.0\System.Text.Json.dll".
1>        Reference found at search path location "{RawFileName}".
1>        This reference is not "CopyLocal" because at least one source item had "Private" set to "false" and no source items had "Private" set to "true".
1>    Primary reference "System.Text.RegularExpressions, Version=4.2.1.0, Culture=neutral, PublicKeyToken=b03f5f7f11d50a3a".
1>        Resolved file path is "C:\Users\hansnguyen\.nuget\packages\microsoft.netcore.app.ref\3.0.0\ref\netcoreapp3.0\System.Text.RegularExpressions.dll".
1>        Reference found at search path location "{RawFileName}".
1>        This reference is not "CopyLocal" because at least one source item had "Private" set to "false" and no source items had "Private" set to "true".
1>    Primary reference "System.Threading.Channels, Version=4.0.1.0, Culture=neutral, PublicKeyToken=cc7b13ffcd2ddd51".
1>        Resolved file path is "C:\Users\hansnguyen\.nuget\packages\microsoft.netcore.app.ref\3.0.0\ref\netcoreapp3.0\System.Threading.Channels.dll".
1>        Reference found at search path location "{RawFileName}".
1>        This reference is not "CopyLocal" because at least one source item had "Private" set to "false" and no source items had "Private" set to "true".
1>    Primary reference "System.Threading.Overlapped, Version=4.1.1.0, Culture=neutral, PublicKeyToken=b03f5f7f11d50a3a".
1>        Resolved file path is "C:\Users\hansnguyen\.nuget\packages\microsoft.netcore.app.ref\3.0.0\ref\netcoreapp3.0\System.Threading.Overlapped.dll".
1>        Reference found at search path location "{RawFileName}".
1>        This reference is not "CopyLocal" because at least one source item had "Private" set to "false" and no source items had "Private" set to "true".
1>    Primary reference "System.Threading.Tasks.Dataflow, Version=4.6.4.0, Culture=neutral, PublicKeyToken=b03f5f7f11d50a3a".
1>        Resolved file path is "C:\Users\hansnguyen\.nuget\packages\microsoft.netcore.app.ref\3.0.0\ref\netcoreapp3.0\System.Threading.Tasks.Dataflow.dll".
1>        Reference found at search path location "{RawFileName}".
1>        This reference is not "CopyLocal" because at least one source item had "Private" set to "false" and no source items had "Private" set to "true".
1>    Primary reference "System.Threading.Tasks.Extensions, Version=4.3.0.0, Culture=neutral, PublicKeyToken=cc7b13ffcd2ddd51".
1>        Resolved file path is "C:\Users\hansnguyen\.nuget\packages\microsoft.netcore.app.ref\3.0.0\ref\netcoreapp3.0\System.Threading.Tasks.Extensions.dll".
1>        Reference found at search path location "{RawFileName}".
1>        This reference is not "CopyLocal" because at least one source item had "Private" set to "false" and no source items had "Private" set to "true".
1>    Primary reference "System.Threading.Tasks.Parallel, Version=4.0.3.0, Culture=neutral, PublicKeyToken=b03f5f7f11d50a3a".
1>        Resolved file path is "C:\Users\hansnguyen\.nuget\packages\microsoft.netcore.app.ref\3.0.0\ref\netcoreapp3.0\System.Threading.Tasks.Parallel.dll".
1>        Reference found at search path location "{RawFileName}".
1>        This reference is not "CopyLocal" because at least one source item had "Private" set to "false" and no source items had "Private" set to "true".
1>    Primary reference "System.Threading.Tasks, Version=4.1.1.0, Culture=neutral, PublicKeyToken=b03f5f7f11d50a3a".
1>        Resolved file path is "C:\Users\hansnguyen\.nuget\packages\microsoft.netcore.app.ref\3.0.0\ref\netcoreapp3.0\System.Threading.Tasks.dll".
1>        Reference found at search path location "{RawFileName}".
1>        This reference is not "CopyLocal" because at least one source item had "Private" set to "false" and no source items had "Private" set to "true".
1>    Primary reference "System.Threading.Thread, Version=4.1.1.0, Culture=neutral, PublicKeyToken=b03f5f7f11d50a3a".
1>        Resolved file path is "C:\Users\hansnguyen\.nuget\packages\microsoft.netcore.app.ref\3.0.0\ref\netcoreapp3.0\System.Threading.Thread.dll".
1>        Reference found at search path location "{RawFileName}".
1>        This reference is not "CopyLocal" because at least one source item had "Private" set to "false" and no source items had "Private" set to "true".
1>    Primary reference "System.Threading.ThreadPool, Version=4.1.1.0, Culture=neutral, PublicKeyToken=b03f5f7f11d50a3a".
1>        Resolved file path is "C:\Users\hansnguyen\.nuget\packages\microsoft.netcore.app.ref\3.0.0\ref\netcoreapp3.0\System.Threading.ThreadPool.dll".
1>        Reference found at search path location "{RawFileName}".
1>        This reference is not "CopyLocal" because at least one source item had "Private" set to "false" and no source items had "Private" set to "true".
1>    Primary reference "System.Threading.Timer, Version=4.1.1.0, Culture=neutral, PublicKeyToken=b03f5f7f11d50a3a".
1>        Resolved file path is "C:\Users\hansnguyen\.nuget\packages\microsoft.netcore.app.ref\3.0.0\ref\netcoreapp3.0\System.Threading.Timer.dll".
1>        Reference found at search path location "{RawFileName}".
1>        This reference is not "CopyLocal" because at least one source item had "Private" set to "false" and no source items had "Private" set to "true".
1>    Primary reference "System.Threading, Version=4.1.1.0, Culture=neutral, PublicKeyToken=b03f5f7f11d50a3a".
1>        Resolved file path is "C:\Users\hansnguyen\.nuget\packages\microsoft.netcore.app.ref\3.0.0\ref\netcoreapp3.0\System.Threading.dll".
1>        Reference found at search path location "{RawFileName}".
1>        This reference is not "CopyLocal" because at least one source item had "Private" set to "false" and no source items had "Private" set to "true".
1>    Primary reference "System.Transactions.Local, Version=4.0.1.0, Culture=neutral, PublicKeyToken=cc7b13ffcd2ddd51".
1>        Resolved file path is "C:\Users\hansnguyen\.nuget\packages\microsoft.netcore.app.ref\3.0.0\ref\netcoreapp3.0\System.Transactions.Local.dll".
1>        Reference found at search path location "{RawFileName}".
1>        This reference is not "CopyLocal" because at least one source item had "Private" set to "false" and no source items had "Private" set to "true".
1>    Primary reference "System.Transactions, Version=4.0.0.0, Culture=neutral, PublicKeyToken=b77a5c561934e089".
1>        Resolved file path is "C:\Users\hansnguyen\.nuget\packages\microsoft.netcore.app.ref\3.0.0\ref\netcoreapp3.0\System.Transactions.dll".
1>        Reference found at search path location "{RawFileName}".
1>        This reference is not "CopyLocal" because at least one source item had "Private" set to "false" and no source items had "Private" set to "true".
1>    Primary reference "System.ValueTuple, Version=4.0.3.0, Culture=neutral, PublicKeyToken=cc7b13ffcd2ddd51".
1>        Resolved file path is "C:\Users\hansnguyen\.nuget\packages\microsoft.netcore.app.ref\3.0.0\ref\netcoreapp3.0\System.ValueTuple.dll".
1>        Reference found at search path location "{RawFileName}".
1>        This reference is not "CopyLocal" because at least one source item had "Private" set to "false" and no source items had "Private" set to "true".
1>    Primary reference "System.Web.HttpUtility, Version=4.0.1.0, Culture=neutral, PublicKeyToken=cc7b13ffcd2ddd51".
1>        Resolved file path is "C:\Users\hansnguyen\.nuget\packages\microsoft.netcore.app.ref\3.0.0\ref\netcoreapp3.0\System.Web.HttpUtility.dll".
1>        Reference found at search path location "{RawFileName}".
1>        This reference is not "CopyLocal" because at least one source item had "Private" set to "false" and no source items had "Private" set to "true".
1>    Primary reference "System.Web, Version=4.0.0.0, Culture=neutral, PublicKeyToken=b03f5f7f11d50a3a".
1>        Resolved file path is "C:\Users\hansnguyen\.nuget\packages\microsoft.netcore.app.ref\3.0.0\ref\netcoreapp3.0\System.Web.dll".
1>        Reference found at search path location "{RawFileName}".
1>        This reference is not "CopyLocal" because at least one source item had "Private" set to "false" and no source items had "Private" set to "true".
1>    Primary reference "System.Windows, Version=4.0.0.0, Culture=neutral, PublicKeyToken=b03f5f7f11d50a3a".
1>        Resolved file path is "C:\Users\hansnguyen\.nuget\packages\microsoft.netcore.app.ref\3.0.0\ref\netcoreapp3.0\System.Windows.dll".
1>        Reference found at search path location "{RawFileName}".
1>        This reference is not "CopyLocal" because at least one source item had "Private" set to "false" and no source items had "Private" set to "true".
1>    Primary reference "System.Xml.Linq, Version=4.0.0.0, Culture=neutral, PublicKeyToken=b77a5c561934e089".
1>        Resolved file path is "C:\Users\hansnguyen\.nuget\packages\microsoft.netcore.app.ref\3.0.0\ref\netcoreapp3.0\System.Xml.Linq.dll".
1>        Reference found at search path location "{RawFileName}".
1>        This reference is not "CopyLocal" because at least one source item had "Private" set to "false" and no source items had "Private" set to "true".
1>    Primary reference "System.Xml.ReaderWriter, Version=4.2.1.0, Culture=neutral, PublicKeyToken=b03f5f7f11d50a3a".
1>        Resolved file path is "C:\Users\hansnguyen\.nuget\packages\microsoft.netcore.app.ref\3.0.0\ref\netcoreapp3.0\System.Xml.ReaderWriter.dll".
1>        Reference found at search path location "{RawFileName}".
1>        This reference is not "CopyLocal" because at least one source item had "Private" set to "false" and no source items had "Private" set to "true".
1>    Primary reference "System.Xml.Serialization, Version=4.0.0.0, Culture=neutral, PublicKeyToken=b77a5c561934e089".
1>        Resolved file path is "C:\Users\hansnguyen\.nuget\packages\microsoft.netcore.app.ref\3.0.0\ref\netcoreapp3.0\System.Xml.Serialization.dll".
1>        Reference found at search path location "{RawFileName}".
1>        This reference is not "CopyLocal" because at least one source item had "Private" set to "false" and no source items had "Private" set to "true".
1>    Primary reference "System.Xml.XDocument, Version=4.1.1.0, Culture=neutral, PublicKeyToken=b03f5f7f11d50a3a".
1>        Resolved file path is "C:\Users\hansnguyen\.nuget\packages\microsoft.netcore.app.ref\3.0.0\ref\netcoreapp3.0\System.Xml.XDocument.dll".
1>        Reference found at search path location "{RawFileName}".
1>        This reference is not "CopyLocal" because at least one source item had "Private" set to "false" and no source items had "Private" set to "true".
1>    Primary reference "System.Xml.XPath.XDocument, Version=4.1.1.0, Culture=neutral, PublicKeyToken=b03f5f7f11d50a3a".
1>        Resolved file path is "C:\Users\hansnguyen\.nuget\packages\microsoft.netcore.app.ref\3.0.0\ref\netcoreapp3.0\System.Xml.XPath.XDocument.dll".
1>        Reference found at search path location "{RawFileName}".
1>        This reference is not "CopyLocal" because at least one source item had "Private" set to "false" and no source items had "Private" set to "true".
1>    Primary reference "System.Xml.XPath, Version=4.1.1.0, Culture=neutral, PublicKeyToken=b03f5f7f11d50a3a".
1>        Resolved file path is "C:\Users\hansnguyen\.nuget\packages\microsoft.netcore.app.ref\3.0.0\ref\netcoreapp3.0\System.Xml.XPath.dll".
1>        Reference found at search path location "{RawFileName}".
1>        This reference is not "CopyLocal" because at least one source item had "Private" set to "false" and no source items had "Private" set to "true".
1>    Primary reference "System.Xml.XmlDocument, Version=4.1.1.0, Culture=neutral, PublicKeyToken=b03f5f7f11d50a3a".
1>        Resolved file path is "C:\Users\hansnguyen\.nuget\packages\microsoft.netcore.app.ref\3.0.0\ref\netcoreapp3.0\System.Xml.XmlDocument.dll".
1>        Reference found at search path location "{RawFileName}".
1>        This reference is not "CopyLocal" because at least one source item had "Private" set to "false" and no source items had "Private" set to "true".
1>    Primary reference "System.Xml.XmlSerializer, Version=4.1.1.0, Culture=neutral, PublicKeyToken=b03f5f7f11d50a3a".
1>        Resolved file path is "C:\Users\hansnguyen\.nuget\packages\microsoft.netcore.app.ref\3.0.0\ref\netcoreapp3.0\System.Xml.XmlSerializer.dll".
1>        Reference found at search path location "{RawFileName}".
1>        This reference is not "CopyLocal" because at least one source item had "Private" set to "false" and no source items had "Private" set to "true".
1>    Primary reference "System.Xml, Version=4.0.0.0, Culture=neutral, PublicKeyToken=b77a5c561934e089".
1>        Resolved file path is "C:\Users\hansnguyen\.nuget\packages\microsoft.netcore.app.ref\3.0.0\ref\netcoreapp3.0\System.Xml.dll".
1>        Reference found at search path location "{RawFileName}".
1>        This reference is not "CopyLocal" because at least one source item had "Private" set to "false" and no source items had "Private" set to "true".
1>    Primary reference "System, Version=4.0.0.0, Culture=neutral, PublicKeyToken=b77a5c561934e089".
1>        Resolved file path is "C:\Users\hansnguyen\.nuget\packages\microsoft.netcore.app.ref\3.0.0\ref\netcoreapp3.0\System.dll".
1>        Reference found at search path location "{RawFileName}".
1>        This reference is not "CopyLocal" because at least one source item had "Private" set to "false" and no source items had "Private" set to "true".
1>    Primary reference "mscorlib, Version=4.0.0.0, Culture=neutral, PublicKeyToken=b77a5c561934e089".
1>        Resolved file path is "C:\Users\hansnguyen\.nuget\packages\microsoft.netcore.app.ref\3.0.0\ref\netcoreapp3.0\mscorlib.dll".
1>        Reference found at search path location "{RawFileName}".
1>        This reference is not "CopyLocal" because at least one source item had "Private" set to "false" and no source items had "Private" set to "true".
1>    Primary reference "netstandard, Version=2.1.0.0, Culture=neutral, PublicKeyToken=cc7b13ffcd2ddd51".
1>        Resolved file path is "C:\Users\hansnguyen\.nuget\packages\microsoft.netcore.app.ref\3.0.0\ref\netcoreapp3.0\netstandard.dll".
1>        Reference found at search path location "{RawFileName}".
1>        This reference is not "CopyLocal" because at least one source item had "Private" set to "false" and no source items had "Private" set to "true".
1>    Primary reference "Accessibility, Version=4.0.0.0, Culture=neutral, PublicKeyToken=31bf3856ad364e35".
1>        Resolved file path is "C:\Users\hansnguyen\.nuget\packages\microsoft.windowsdesktop.app.ref\3.0.0\ref\netcoreapp3.0\Accessibility.dll".
1>        Reference found at search path location "{RawFileName}".
1>        This reference is not "CopyLocal" because at least one source item had "Private" set to "false" and no source items had "Private" set to "true".
1>    Primary reference "Microsoft.Win32.Registry.AccessControl, Version=4.0.4.0, Culture=neutral, PublicKeyToken=b03f5f7f11d50a3a".
1>        Resolved file path is "C:\Users\hansnguyen\.nuget\packages\microsoft.windowsdesktop.app.ref\3.0.0\ref\netcoreapp3.0\Microsoft.Win32.Registry.AccessControl.dll".
1>        Reference found at search path location "{RawFileName}".
1>        This reference is not "CopyLocal" because at least one source item had "Private" set to "false" and no source items had "Private" set to "true".
1>    Primary reference "Microsoft.Win32.Registry, Version=4.1.2.0, Culture=neutral, PublicKeyToken=b03f5f7f11d50a3a".
1>        Resolved file path is "C:\Users\hansnguyen\.nuget\packages\microsoft.windowsdesktop.app.ref\3.0.0\ref\netcoreapp3.0\Microsoft.Win32.Registry.dll".
1>        Reference found at search path location "{RawFileName}".
1>        This reference is not "CopyLocal" because at least one source item had "Private" set to "false" and no source items had "Private" set to "true".
1>    Primary reference "Microsoft.Win32.SystemEvents, Version=4.0.1.0, Culture=neutral, PublicKeyToken=cc7b13ffcd2ddd51".
1>        Resolved file path is "C:\Users\hansnguyen\.nuget\packages\microsoft.windowsdesktop.app.ref\3.0.0\ref\netcoreapp3.0\Microsoft.Win32.SystemEvents.dll".
1>        Reference found at search path location "{RawFileName}".
1>        This reference is not "CopyLocal" because at least one source item had "Private" set to "false" and no source items had "Private" set to "true".
1>    Primary reference "PresentationCore, Version=4.0.0.0, Culture=neutral, PublicKeyToken=31bf3856ad364e35".
1>        Resolved file path is "C:\Users\hansnguyen\.nuget\packages\microsoft.windowsdesktop.app.ref\3.0.0\ref\netcoreapp3.0\PresentationCore.dll".
1>        Reference found at search path location "{RawFileName}".
1>        This reference is not "CopyLocal" because at least one source item had "Private" set to "false" and no source items had "Private" set to "true".
1>    Primary reference "PresentationFramework.Aero, Version=4.0.0.0, Culture=neutral, PublicKeyToken=31bf3856ad364e35".
1>        Resolved file path is "C:\Users\hansnguyen\.nuget\packages\microsoft.windowsdesktop.app.ref\3.0.0\ref\netcoreapp3.0\PresentationFramework.Aero.dll".
1>        Reference found at search path location "{RawFileName}".
1>        This reference is not "CopyLocal" because at least one source item had "Private" set to "false" and no source items had "Private" set to "true".
1>    Primary reference "PresentationFramework.Aero2, Version=4.0.0.0, Culture=neutral, PublicKeyToken=31bf3856ad364e35".
1>        Resolved file path is "C:\Users\hansnguyen\.nuget\packages\microsoft.windowsdesktop.app.ref\3.0.0\ref\netcoreapp3.0\PresentationFramework.Aero2.dll".
1>        Reference found at search path location "{RawFileName}".
1>        This reference is not "CopyLocal" because at least one source item had "Private" set to "false" and no source items had "Private" set to "true".
1>    Primary reference "PresentationFramework.AeroLite, Version=4.0.0.0, Culture=neutral, PublicKeyToken=31bf3856ad364e35".
1>        Resolved file path is "C:\Users\hansnguyen\.nuget\packages\microsoft.windowsdesktop.app.ref\3.0.0\ref\netcoreapp3.0\PresentationFramework.AeroLite.dll".
1>        Reference found at search path location "{RawFileName}".
1>        This reference is not "CopyLocal" because at least one source item had "Private" set to "false" and no source items had "Private" set to "true".
1>    Primary reference "PresentationFramework.Classic, Version=4.0.0.0, Culture=neutral, PublicKeyToken=31bf3856ad364e35".
1>        Resolved file path is "C:\Users\hansnguyen\.nuget\packages\microsoft.windowsdesktop.app.ref\3.0.0\ref\netcoreapp3.0\PresentationFramework.Classic.dll".
1>        Reference found at search path location "{RawFileName}".
1>        This reference is not "CopyLocal" because at least one source item had "Private" set to "false" and no source items had "Private" set to "true".
1>    Primary reference "PresentationFramework.Luna, Version=4.0.0.0, Culture=neutral, PublicKeyToken=31bf3856ad364e35".
1>        Resolved file path is "C:\Users\hansnguyen\.nuget\packages\microsoft.windowsdesktop.app.ref\3.0.0\ref\netcoreapp3.0\PresentationFramework.Luna.dll".
1>        Reference found at search path location "{RawFileName}".
1>        This reference is not "CopyLocal" because at least one source item had "Private" set to "false" and no source items had "Private" set to "true".
1>    Primary reference "PresentationFramework.Royale, Version=4.0.0.0, Culture=neutral, PublicKeyToken=31bf3856ad364e35".
1>        Resolved file path is "C:\Users\hansnguyen\.nuget\packages\microsoft.windowsdesktop.app.ref\3.0.0\ref\netcoreapp3.0\PresentationFramework.Royale.dll".
1>        Reference found at search path location "{RawFileName}".
1>        This reference is not "CopyLocal" because at least one source item had "Private" set to "false" and no source items had "Private" set to "true".
1>    Primary reference "PresentationFramework, Version=4.0.0.0, Culture=neutral, PublicKeyToken=31bf3856ad364e35".
1>        Resolved file path is "C:\Users\hansnguyen\.nuget\packages\microsoft.windowsdesktop.app.ref\3.0.0\ref\netcoreapp3.0\PresentationFramework.dll".
1>        Reference found at search path location "{RawFileName}".
1>        This reference is not "CopyLocal" because at least one source item had "Private" set to "false" and no source items had "Private" set to "true".
1>    Primary reference "PresentationUI, Version=4.0.0.0, Culture=neutral, PublicKeyToken=b77a5c561934e089".
1>        Resolved file path is "C:\Users\hansnguyen\.nuget\packages\microsoft.windowsdesktop.app.ref\3.0.0\ref\netcoreapp3.0\PresentationUI.dll".
1>        Reference found at search path location "{RawFileName}".
1>        This reference is not "CopyLocal" because at least one source item had "Private" set to "false" and no source items had "Private" set to "true".
1>    Primary reference "ReachFramework, Version=4.0.0.0, Culture=neutral, PublicKeyToken=31bf3856ad364e35".
1>        Resolved file path is "C:\Users\hansnguyen\.nuget\packages\microsoft.windowsdesktop.app.ref\3.0.0\ref\netcoreapp3.0\ReachFramework.dll".
1>        Reference found at search path location "{RawFileName}".
1>        This reference is not "CopyLocal" because at least one source item had "Private" set to "false" and no source items had "Private" set to "true".
1>    Primary reference "System.CodeDom, Version=4.0.2.0, Culture=neutral, PublicKeyToken=cc7b13ffcd2ddd51".
1>        Resolved file path is "C:\Users\hansnguyen\.nuget\packages\microsoft.windowsdesktop.app.ref\3.0.0\ref\netcoreapp3.0\System.CodeDom.dll".
1>        Reference found at search path location "{RawFileName}".
1>        This reference is not "CopyLocal" because at least one source item had "Private" set to "false" and no source items had "Private" set to "true".
1>    Primary reference "System.Configuration.ConfigurationManager, Version=4.0.2.0, Culture=neutral, PublicKeyToken=cc7b13ffcd2ddd51".
1>        Resolved file path is "C:\Users\hansnguyen\.nuget\packages\microsoft.windowsdesktop.app.ref\3.0.0\ref\netcoreapp3.0\System.Configuration.ConfigurationManager.dll".
1>        Reference found at search path location "{RawFileName}".
1>        This reference is not "CopyLocal" because at least one source item had "Private" set to "false" and no source items had "Private" set to "true".
1>    Primary reference "System.Diagnostics.EventLog, Version=4.0.1.0, Culture=neutral, PublicKeyToken=cc7b13ffcd2ddd51".
1>        Resolved file path is "C:\Users\hansnguyen\.nuget\packages\microsoft.windowsdesktop.app.ref\3.0.0\ref\netcoreapp3.0\System.Diagnostics.EventLog.dll".
1>        Reference found at search path location "{RawFileName}".
1>        This reference is not "CopyLocal" because at least one source item had "Private" set to "false" and no source items had "Private" set to "true".
1>    Primary reference "System.Diagnostics.PerformanceCounter, Version=4.0.1.0, Culture=neutral, PublicKeyToken=cc7b13ffcd2ddd51".
1>        Resolved file path is "C:\Users\hansnguyen\.nuget\packages\microsoft.windowsdesktop.app.ref\3.0.0\ref\netcoreapp3.0\System.Diagnostics.PerformanceCounter.dll".
1>        Reference found at search path location "{RawFileName}".
1>        This reference is not "CopyLocal" because at least one source item had "Private" set to "false" and no source items had "Private" set to "true".
1>    Primary reference "System.DirectoryServices, Version=4.0.0.0, Culture=neutral, PublicKeyToken=b03f5f7f11d50a3a".
1>        Resolved file path is "C:\Users\hansnguyen\.nuget\packages\microsoft.windowsdesktop.app.ref\3.0.0\ref\netcoreapp3.0\System.DirectoryServices.dll".
1>        Reference found at search path location "{RawFileName}".
1>        This reference is not "CopyLocal" because at least one source item had "Private" set to "false" and no source items had "Private" set to "true".
1>    Primary reference "System.IO.FileSystem.AccessControl, Version=4.0.4.0, Culture=neutral, PublicKeyToken=b03f5f7f11d50a3a".
1>        Resolved file path is "C:\Users\hansnguyen\.nuget\packages\microsoft.windowsdesktop.app.ref\3.0.0\ref\netcoreapp3.0\System.IO.FileSystem.AccessControl.dll".
1>        Reference found at search path location "{RawFileName}".
1>        This reference is not "CopyLocal" because at least one source item had "Private" set to "false" and no source items had "Private" set to "true".
1>    Primary reference "System.IO.Packaging, Version=4.0.4.0, Culture=neutral, PublicKeyToken=b03f5f7f11d50a3a".
1>        Resolved file path is "C:\Users\hansnguyen\.nuget\packages\microsoft.windowsdesktop.app.ref\3.0.0\ref\netcoreapp3.0\System.IO.Packaging.dll".
1>        Reference found at search path location "{RawFileName}".
1>        This reference is not "CopyLocal" because at least one source item had "Private" set to "false" and no source items had "Private" set to "true".
1>    Primary reference "System.IO.Pipes.AccessControl, Version=4.0.3.0, Culture=neutral, PublicKeyToken=b03f5f7f11d50a3a".
1>        Resolved file path is "C:\Users\hansnguyen\.nuget\packages\microsoft.windowsdesktop.app.ref\3.0.0\ref\netcoreapp3.0\System.IO.Pipes.AccessControl.dll".
1>        Reference found at search path location "{RawFileName}".
1>        This reference is not "CopyLocal" because at least one source item had "Private" set to "false" and no source items had "Private" set to "true".
1>    Primary reference "System.Printing, Version=4.0.0.0, Culture=neutral, PublicKeyToken=31bf3856ad364e35".
1>        Resolved file path is "C:\Users\hansnguyen\.nuget\packages\microsoft.windowsdesktop.app.ref\3.0.0\ref\netcoreapp3.0\System.Printing.dll".
1>        Reference found at search path location "{RawFileName}".
1>        This reference is not "CopyLocal" because at least one source item had "Private" set to "false" and no source items had "Private" set to "true".
1>    Primary reference "System.Resources.Extensions, Version=4.0.0.0, Culture=neutral, PublicKeyToken=cc7b13ffcd2ddd51".
1>        Resolved file path is "C:\Users\hansnguyen\.nuget\packages\microsoft.windowsdesktop.app.ref\3.0.0\ref\netcoreapp3.0\System.Resources.Extensions.dll".
1>        Reference found at search path location "{RawFileName}".
1>        This reference is not "CopyLocal" because at least one source item had "Private" set to "false" and no source items had "Private" set to "true".
1>    Primary reference "System.Security.AccessControl, Version=4.1.1.0, Culture=neutral, PublicKeyToken=b03f5f7f11d50a3a".
1>        Resolved file path is "C:\Users\hansnguyen\.nuget\packages\microsoft.windowsdesktop.app.ref\3.0.0\ref\netcoreapp3.0\System.Security.AccessControl.dll".
1>        Reference found at search path location "{RawFileName}".
1>        This reference is not "CopyLocal" because at least one source item had "Private" set to "false" and no source items had "Private" set to "true".
1>    Primary reference "System.Security.Cryptography.Cng, Version=4.3.2.0, Culture=neutral, PublicKeyToken=b03f5f7f11d50a3a".
1>        Resolved file path is "C:\Users\hansnguyen\.nuget\packages\microsoft.windowsdesktop.app.ref\3.0.0\ref\netcoreapp3.0\System.Security.Cryptography.Cng.dll".
1>        Reference found at search path location "{RawFileName}".
1>        This reference is not "CopyLocal" because at least one source item had "Private" set to "false" and no source items had "Private" set to "true".
1>    Primary reference "System.Security.Cryptography.Pkcs, Version=4.1.0.0, Culture=neutral, PublicKeyToken=b03f5f7f11d50a3a".
1>        Resolved file path is "C:\Users\hansnguyen\.nuget\packages\microsoft.windowsdesktop.app.ref\3.0.0\ref\netcoreapp3.0\System.Security.Cryptography.Pkcs.dll".
1>        Reference found at search path location "{RawFileName}".
1>        This reference is not "CopyLocal" because at least one source item had "Private" set to "false" and no source items had "Private" set to "true".
1>    Primary reference "System.Security.Cryptography.ProtectedData, Version=4.0.4.0, Culture=neutral, PublicKeyToken=b03f5f7f11d50a3a".
1>        Resolved file path is "C:\Users\hansnguyen\.nuget\packages\microsoft.windowsdesktop.app.ref\3.0.0\ref\netcoreapp3.0\System.Security.Cryptography.ProtectedData.dll".
1>        Reference found at search path location "{RawFileName}".
1>        This reference is not "CopyLocal" because at least one source item had "Private" set to "false" and no source items had "Private" set to "true".
1>    Primary reference "System.Security.Cryptography.Xml, Version=4.0.2.0, Culture=neutral, PublicKeyToken=cc7b13ffcd2ddd51".
1>        Resolved file path is "C:\Users\hansnguyen\.nuget\packages\microsoft.windowsdesktop.app.ref\3.0.0\ref\netcoreapp3.0\System.Security.Cryptography.Xml.dll".
1>        Reference found at search path location "{RawFileName}".
1>        This reference is not "CopyLocal" because at least one source item had "Private" set to "false" and no source items had "Private" set to "true".
1>    Primary reference "System.Security.Permissions, Version=4.0.2.0, Culture=neutral, PublicKeyToken=cc7b13ffcd2ddd51".
1>        Resolved file path is "C:\Users\hansnguyen\.nuget\packages\microsoft.windowsdesktop.app.ref\3.0.0\ref\netcoreapp3.0\System.Security.Permissions.dll".
1>        Reference found at search path location "{RawFileName}".
1>        This reference is not "CopyLocal" because at least one source item had "Private" set to "false" and no source items had "Private" set to "true".
1>    Primary reference "System.Security.Principal.Windows, Version=4.1.1.0, Culture=neutral, PublicKeyToken=b03f5f7f11d50a3a".
1>        Resolved file path is "C:\Users\hansnguyen\.nuget\packages\microsoft.windowsdesktop.app.ref\3.0.0\ref\netcoreapp3.0\System.Security.Principal.Windows.dll".
1>        Reference found at search path location "{RawFileName}".
1>        This reference is not "CopyLocal" because at least one source item had "Private" set to "false" and no source items had "Private" set to "true".
1>    Primary reference "System.Threading.AccessControl, Version=4.0.4.0, Culture=neutral, PublicKeyToken=b03f5f7f11d50a3a".
1>        Resolved file path is "C:\Users\hansnguyen\.nuget\packages\microsoft.windowsdesktop.app.ref\3.0.0\ref\netcoreapp3.0\System.Threading.AccessControl.dll".
1>        Reference found at search path location "{RawFileName}".
1>        This reference is not "CopyLocal" because at least one source item had "Private" set to "false" and no source items had "Private" set to "true".
1>    Primary reference "System.Windows.Controls.Ribbon, Version=4.0.0.0, Culture=neutral, PublicKeyToken=b77a5c561934e089".
1>        Resolved file path is "C:\Users\hansnguyen\.nuget\packages\microsoft.windowsdesktop.app.ref\3.0.0\ref\netcoreapp3.0\System.Windows.Controls.Ribbon.dll".
1>        Reference found at search path location "{RawFileName}".
1>        This reference is not "CopyLocal" because at least one source item had "Private" set to "false" and no source items had "Private" set to "true".
1>    Primary reference "System.Windows.Extensions, Version=4.0.0.0, Culture=neutral, PublicKeyToken=cc7b13ffcd2ddd51".
1>        Resolved file path is "C:\Users\hansnguyen\.nuget\packages\microsoft.windowsdesktop.app.ref\3.0.0\ref\netcoreapp3.0\System.Windows.Extensions.dll".
1>        Reference found at search path location "{RawFileName}".
1>        This reference is not "CopyLocal" because at least one source item had "Private" set to "false" and no source items had "Private" set to "true".
1>    Primary reference "System.Windows.Input.Manipulations, Version=4.0.0.0, Culture=neutral, PublicKeyToken=b77a5c561934e089".
1>        Resolved file path is "C:\Users\hansnguyen\.nuget\packages\microsoft.windowsdesktop.app.ref\3.0.0\ref\netcoreapp3.0\System.Windows.Input.Manipulations.dll".
1>        Reference found at search path location "{RawFileName}".
1>        This reference is not "CopyLocal" because at least one source item had "Private" set to "false" and no source items had "Private" set to "true".
1>    Primary reference "System.Windows.Presentation, Version=4.0.0.0, Culture=neutral, PublicKeyToken=b77a5c561934e089".
1>        Resolved file path is "C:\Users\hansnguyen\.nuget\packages\microsoft.windowsdesktop.app.ref\3.0.0\ref\netcoreapp3.0\System.Windows.Presentation.dll".
1>        Reference found at search path location "{RawFileName}".
1>        This reference is not "CopyLocal" because at least one source item had "Private" set to "false" and no source items had "Private" set to "true".
1>    Primary reference "System.Xaml, Version=4.0.0.0, Culture=neutral, PublicKeyToken=b77a5c561934e089".
1>        Resolved file path is "C:\Users\hansnguyen\.nuget\packages\microsoft.windowsdesktop.app.ref\3.0.0\ref\netcoreapp3.0\System.Xaml.dll".
1>        Reference found at search path location "{RawFileName}".
1>        This reference is not "CopyLocal" because at least one source item had "Private" set to "false" and no source items had "Private" set to "true".
1>    Primary reference "UIAutomationClient, Version=4.0.0.0, Culture=neutral, PublicKeyToken=31bf3856ad364e35".
1>        Resolved file path is "C:\Users\hansnguyen\.nuget\packages\microsoft.windowsdesktop.app.ref\3.0.0\ref\netcoreapp3.0\UIAutomationClient.dll".
1>        Reference found at search path location "{RawFileName}".
1>        This reference is not "CopyLocal" because at least one source item had "Private" set to "false" and no source items had "Private" set to "true".
1>    Primary reference "UIAutomationClientSideProviders, Version=4.0.0.0, Culture=neutral, PublicKeyToken=b77a5c561934e089".
1>        Resolved file path is "C:\Users\hansnguyen\.nuget\packages\microsoft.windowsdesktop.app.ref\3.0.0\ref\netcoreapp3.0\UIAutomationClientSideProviders.dll".
1>        Reference found at search path location "{RawFileName}".
1>        This reference is not "CopyLocal" because at least one source item had "Private" set to "false" and no source items had "Private" set to "true".
1>    Primary reference "UIAutomationProvider, Version=4.0.0.0, Culture=neutral, PublicKeyToken=31bf3856ad364e35".
1>        Resolved file path is "C:\Users\hansnguyen\.nuget\packages\microsoft.windowsdesktop.app.ref\3.0.0\ref\netcoreapp3.0\UIAutomationProvider.dll".
1>        Reference found at search path location "{RawFileName}".
1>        This reference is not "CopyLocal" because at least one source item had "Private" set to "false" and no source items had "Private" set to "true".
1>    Primary reference "UIAutomationTypes, Version=4.0.0.0, Culture=neutral, PublicKeyToken=31bf3856ad364e35".
1>        Resolved file path is "C:\Users\hansnguyen\.nuget\packages\microsoft.windowsdesktop.app.ref\3.0.0\ref\netcoreapp3.0\UIAutomationTypes.dll".
1>        Reference found at search path location "{RawFileName}".
1>        This reference is not "CopyLocal" because at least one source item had "Private" set to "false" and no source items had "Private" set to "true".
1>    Primary reference "WindowsBase, Version=4.0.0.0, Culture=neutral, PublicKeyToken=31bf3856ad364e35".
1>        Resolved file path is "C:\Users\hansnguyen\.nuget\packages\microsoft.windowsdesktop.app.ref\3.0.0\ref\netcoreapp3.0\WindowsBase.dll".
1>        Reference found at search path location "{RawFileName}".
1>        This reference is not "CopyLocal" because at least one source item had "Private" set to "false" and no source items had "Private" set to "true".
1>    Output Item(s): 
1>        ReferencePath=
1>            C:\Users\hansnguyen\.nuget\packages\microsoft.windowsdesktop.app.ref\3.0.0\ref\netcoreapp3.0\Accessibility.dll
1>                    AssemblyVersion=4.0.0.0
1>                    CopyLocal=false
1>                    ExternallyResolved=true
1>                    FileVersion=4.800.19.46210
1>                    FrameworkReferenceName=Microsoft.WindowsDesktop.App.WPF
1>                    FrameworkReferenceVersion=3.0.0
1>                    FusionName=Accessibility, Version=4.0.0.0, Culture=neutral, PublicKeyToken=31bf3856ad364e35
1>                    ImageRuntime=v4.0.30319
1>                    NuGetPackageId=Microsoft.WindowsDesktop.App.Ref
1>                    NuGetPackageVersion=3.0.0
1>                    OriginalItemSpec=C:\Users\hansnguyen\.nuget\packages\microsoft.windowsdesktop.app.ref\3.0.0\ref\netcoreapp3.0\Accessibility.dll
1>                    Private=false
1>                    PublicKeyToken=31bf3856ad364e35
1>                    ReferenceSourceTarget=ResolveAssemblyReference
1>                    ResolvedFrom={RawFileName}
1>                    Version=
1>            C:\Users\hansnguyen\.nuget\packages\c1.xaml.wpf\4.5.20213.749\lib\netcoreapp3.0\C1.WPF.4.5.2.dll
1>                    CopyLocal=false
1>                    ExternallyResolved=true
1>                    FusionName=C1.WPF.4.5.2, Version=4.5.20213.749, Culture=neutral, PublicKeyToken=2aa4ec5576d6c3ce
1>                    HintPath=C:\Users\hansnguyen\.nuget\packages\c1.xaml.wpf\4.5.20213.749\lib\netcoreapp3.0\C1.WPF.4.5.2.dll
1>                    ImageRuntime=v4.0.30319
1>                    NuGetPackageId=C1.Xaml.WPF
1>                    NuGetPackageVersion=4.5.20213.749
1>                    NuGetSourceType=Package
1>                    OriginalItemSpec=C:\Users\hansnguyen\.nuget\packages\c1.xaml.wpf\4.5.20213.749\lib\netcoreapp3.0\C1.WPF.4.5.2.dll
1>                    PathInPackage=lib/netcoreapp3.0/C1.WPF.4.5.2.dll
1>                    Private=false
1>                    ReferenceSourceTarget=ResolveAssemblyReference
1>                    ResolvedFrom={HintPathFromItem}
1>                    Version=
1>            C:\Users\hansnguyen\.nuget\packages\c1.xaml.wpf.datetimeeditors\4.5.20213.749\lib\netcoreapp3.0\C1.WPF.DateTimeEditors.4.5.2.dll
1>                    CopyLocal=false
1>                    ExternallyResolved=true
1>                    FusionName=C1.WPF.DateTimeEditors.4.5.2, Version=4.5.20213.749, Culture=neutral, PublicKeyToken=2aa4ec5576d6c3ce
1>                    HintPath=C:\Users\hansnguyen\.nuget\packages\c1.xaml.wpf.datetimeeditors\4.5.20213.749\lib\netcoreapp3.0\C1.WPF.DateTimeEditors.4.5.2.dll
1>                    ImageRuntime=v4.0.30319
1>                    NuGetPackageId=C1.Xaml.WPF.DateTimeEditors
1>                    NuGetPackageVersion=4.5.20213.749
1>                    NuGetSourceType=Package
1>                    OriginalItemSpec=C:\Users\hansnguyen\.nuget\packages\c1.xaml.wpf.datetimeeditors\4.5.20213.749\lib\netcoreapp3.0\C1.WPF.DateTimeEditors.4.5.2.dll
1>                    PathInPackage=lib/netcoreapp3.0/C1.WPF.DateTimeEditors.4.5.2.dll
1>                    Private=false
1>                    ReferenceSourceTarget=ResolveAssemblyReference
1>                    ResolvedFrom={HintPathFromItem}
1>                    Version=
1>            C:\Users\hansnguyen\.nuget\packages\c1.xaml.wpf.flexgrid\4.5.20213.749\lib\netcoreapp3.0\C1.WPF.FlexGrid.4.5.2.dll
1>                    CopyLocal=false
1>                    ExternallyResolved=true
1>                    FusionName=C1.WPF.FlexGrid.4.5.2, Version=4.5.20213.749, Culture=neutral, PublicKeyToken=2aa4ec5576d6c3ce
1>                    HintPath=C:\Users\hansnguyen\.nuget\packages\c1.xaml.wpf.flexgrid\4.5.20213.749\lib\netcoreapp3.0\C1.WPF.FlexGrid.4.5.2.dll
1>                    ImageRuntime=v4.0.30319
1>                    NuGetPackageId=C1.Xaml.WPF.FlexGrid
1>                    NuGetPackageVersion=4.5.20213.749
1>                    NuGetSourceType=Package
1>                    OriginalItemSpec=C:\Users\hansnguyen\.nuget\packages\c1.xaml.wpf.flexgrid\4.5.20213.749\lib\netcoreapp3.0\C1.WPF.FlexGrid.4.5.2.dll
1>                    PathInPackage=lib/netcoreapp3.0/C1.WPF.FlexGrid.4.5.2.dll
1>                    Private=false
1>                    ReferenceSourceTarget=ResolveAssemblyReference
1>                    ResolvedFrom={HintPathFromItem}
1>                    Version=
1>            C:\Users\hansnguyen\.nuget\packages\c1.xaml.wpf.flexgrid.grouppanel\4.5.20213.749\lib\netcoreapp3.0\C1.WPF.FlexGrid.GroupPanel.4.5.2.dll
1>                    CopyLocal=false
1>                    ExternallyResolved=true
1>                    FusionName=C1.WPF.FlexGrid.GroupPanel.4.5.2, Version=4.5.20213.749, Culture=neutral, PublicKeyToken=2aa4ec5576d6c3ce
1>                    HintPath=C:\Users\hansnguyen\.nuget\packages\c1.xaml.wpf.flexgrid.grouppanel\4.5.20213.749\lib\netcoreapp3.0\C1.WPF.FlexGrid.GroupPanel.4.5.2.dll
1>                    ImageRuntime=v4.0.30319
1>                    NuGetPackageId=C1.Xaml.WPF.FlexGrid.GroupPanel
1>                    NuGetPackageVersion=4.5.20213.749
1>                    NuGetSourceType=Package
1>                    OriginalItemSpec=C:\Users\hansnguyen\.nuget\packages\c1.xaml.wpf.flexgrid.grouppanel\4.5.20213.749\lib\netcoreapp3.0\C1.WPF.FlexGrid.GroupPanel.4.5.2.dll
1>                    PathInPackage=lib/netcoreapp3.0/C1.WPF.FlexGrid.GroupPanel.4.5.2.dll
1>                    Private=false
1>                    ReferenceSourceTarget=ResolveAssemblyReference
1>                    ResolvedFrom={HintPathFromItem}
1>                    Version=
1>            C:\Users\hansnguyen\.nuget\packages\c1.xaml.wpf.flexgridfilter\4.5.20213.749\lib\netcoreapp3.0\C1.WPF.FlexGridFilter.4.5.2.dll
1>                    CopyLocal=false
1>                    ExternallyResolved=true
1>                    FusionName=C1.WPF.FlexGridFilter.4.5.2, Version=4.5.20213.749, Culture=neutral, PublicKeyToken=2aa4ec5576d6c3ce
1>                    HintPath=C:\Users\hansnguyen\.nuget\packages\c1.xaml.wpf.flexgridfilter\4.5.20213.749\lib\netcoreapp3.0\C1.WPF.FlexGridFilter.4.5.2.dll
1>                    ImageRuntime=v4.0.30319
1>                    NuGetPackageId=C1.Xaml.WPF.FlexGridFilter
1>                    NuGetPackageVersion=4.5.20213.749
1>                    NuGetSourceType=Package
1>                    OriginalItemSpec=C:\Users\hansnguyen\.nuget\packages\c1.xaml.wpf.flexgridfilter\4.5.20213.749\lib\netcoreapp3.0\C1.WPF.FlexGridFilter.4.5.2.dll
1>                    PathInPackage=lib/netcoreapp3.0/C1.WPF.FlexGridFilter.4.5.2.dll
1>                    Private=false
1>                    ReferenceSourceTarget=ResolveAssemblyReference
1>                    ResolvedFrom={HintPathFromItem}
1>                    Version=
1>            C:\Users\hansnguyen\.nuget\packages\c1.xaml.wpf.toolbar\4.5.20213.749\lib\netcoreapp3.0\C1.WPF.Toolbar.4.5.2.dll
1>                    CopyLocal=false
1>                    ExternallyResolved=true
1>                    FusionName=C1.WPF.Toolbar.4.5.2, Version=4.5.20213.749, Culture=neutral, PublicKeyToken=2aa4ec5576d6c3ce
1>                    HintPath=C:\Users\hansnguyen\.nuget\packages\c1.xaml.wpf.toolbar\4.5.20213.749\lib\netcoreapp3.0\C1.WPF.Toolbar.4.5.2.dll
1>                    ImageRuntime=v4.0.30319
1>                    NuGetPackageId=C1.Xaml.WPF.Toolbar
1>                    NuGetPackageVersion=4.5.20213.749
1>                    NuGetSourceType=Package
1>                    OriginalItemSpec=C:\Users\hansnguyen\.nuget\packages\c1.xaml.wpf.toolbar\4.5.20213.749\lib\netcoreapp3.0\C1.WPF.Toolbar.4.5.2.dll
1>                    PathInPackage=lib/netcoreapp3.0/C1.WPF.Toolbar.4.5.2.dll
1>                    Private=false
1>                    ReferenceSourceTarget=ResolveAssemblyReference
1>                    ResolvedFrom={HintPathFromItem}
1>                    Version=
1>            C:\Users\hansnguyen\.nuget\packages\microsoft.netcore.app.ref\3.0.0\ref\netcoreapp3.0\Microsoft.CSharp.dll
1>                    AssemblyVersion=4.0.0.0
1>                    CopyLocal=false
1>                    ExternallyResolved=true
1>                    FileVersion=4.700.19.46214
1>                    FrameworkReferenceName=Microsoft.NETCore.App
1>                    FrameworkReferenceVersion=3.0.0
1>                    FusionName=Microsoft.CSharp, Version=4.0.0.0, Culture=neutral, PublicKeyToken=b03f5f7f11d50a3a
1>                    ImageRuntime=v4.0.30319
1>                    NuGetPackageId=Microsoft.NETCore.App.Ref
1>                    NuGetPackageVersion=3.0.0
1>                    OriginalItemSpec=C:\Users\hansnguyen\.nuget\packages\microsoft.netcore.app.ref\3.0.0\ref\netcoreapp3.0\Microsoft.CSharp.dll
1>                    Private=false
1>                    PublicKeyToken=b03f5f7f11d50a3a
1>                    ReferenceSourceTarget=ResolveAssemblyReference
1>                    ResolvedFrom={RawFileName}
1>                    Version=
1>            C:\Users\hansnguyen\.nuget\packages\microsoft.netcore.app.ref\3.0.0\ref\netcoreapp3.0\Microsoft.VisualBasic.Core.dll
1>                    AssemblyVersion=10.0.4.0
1>                    CopyLocal=false
1>                    ExternallyResolved=true
1>                    FileVersion=4.700.19.46214
1>                    FrameworkReferenceName=Microsoft.NETCore.App
1>                    FrameworkReferenceVersion=3.0.0
1>                    FusionName=Microsoft.VisualBasic.Core, Version=10.0.4.0, Culture=neutral, PublicKeyToken=b03f5f7f11d50a3a
1>                    ImageRuntime=v4.0.30319
1>                    NuGetPackageId=Microsoft.NETCore.App.Ref
1>                    NuGetPackageVersion=3.0.0
1>                    OriginalItemSpec=C:\Users\hansnguyen\.nuget\packages\microsoft.netcore.app.ref\3.0.0\ref\netcoreapp3.0\Microsoft.VisualBasic.Core.dll
1>                    Private=false
1>                    PublicKeyToken=b03f5f7f11d50a3a
1>                    ReferenceSourceTarget=ResolveAssemblyReference
1>                    ResolvedFrom={RawFileName}
1>                    Version=
1>            C:\Users\hansnguyen\.nuget\packages\microsoft.netcore.app.ref\3.0.0\ref\netcoreapp3.0\Microsoft.VisualBasic.dll
1>                    AssemblyVersion=10.0.0.0
1>                    CopyLocal=false
1>                    ExternallyResolved=true
1>                    FileVersion=4.700.19.46214
1>                    FrameworkReferenceName=Microsoft.NETCore.App
1>                    FrameworkReferenceVersion=3.0.0
1>                    FusionName=Microsoft.VisualBasic, Version=10.0.0.0, Culture=neutral, PublicKeyToken=b03f5f7f11d50a3a
1>                    ImageRuntime=v4.0.30319
1>                    NuGetPackageId=Microsoft.NETCore.App.Ref
1>                    NuGetPackageVersion=3.0.0
1>                    OriginalItemSpec=C:\Users\hansnguyen\.nuget\packages\microsoft.netcore.app.ref\3.0.0\ref\netcoreapp3.0\Microsoft.VisualBasic.dll
1>                    Private=false
1>                    PublicKeyToken=b03f5f7f11d50a3a
1>                    ReferenceSourceTarget=ResolveAssemblyReference
1>                    ResolvedFrom={RawFileName}
1>                    Version=
1>            C:\Users\hansnguyen\.nuget\packages\microsoft.netcore.app.ref\3.0.0\ref\netcoreapp3.0\Microsoft.Win32.Primitives.dll
1>                    AssemblyVersion=4.1.1.0
1>                    CopyLocal=false
1>                    ExternallyResolved=true
1>                    FileVersion=4.700.19.46214
1>                    FrameworkReferenceName=Microsoft.NETCore.App
1>                    FrameworkReferenceVersion=3.0.0
1>                    FusionName=Microsoft.Win32.Primitives, Version=4.1.1.0, Culture=neutral, PublicKeyToken=b03f5f7f11d50a3a
1>                    ImageRuntime=v4.0.30319
1>                    NuGetPackageId=Microsoft.NETCore.App.Ref
1>                    NuGetPackageVersion=3.0.0
1>                    OriginalItemSpec=C:\Users\hansnguyen\.nuget\packages\microsoft.netcore.app.ref\3.0.0\ref\netcoreapp3.0\Microsoft.Win32.Primitives.dll
1>                    Private=false
1>                    PublicKeyToken=b03f5f7f11d50a3a
1>                    ReferenceSourceTarget=ResolveAssemblyReference
1>                    ResolvedFrom={RawFileName}
1>                    Version=
1>            C:\Users\hansnguyen\.nuget\packages\microsoft.windowsdesktop.app.ref\3.0.0\ref\netcoreapp3.0\Microsoft.Win32.Registry.AccessControl.dll
1>                    AssemblyVersion=4.0.4.0
1>                    CopyLocal=false
1>                    ExternallyResolved=true
1>                    FileVersion=4.700.19.46214
1>                    FrameworkReferenceName=Microsoft.WindowsDesktop.App.WPF
1>                    FrameworkReferenceVersion=3.0.0
1>                    FusionName=Microsoft.Win32.Registry.AccessControl, Version=4.0.4.0, Culture=neutral, PublicKeyToken=b03f5f7f11d50a3a
1>                    ImageRuntime=v4.0.30319
1>                    NuGetPackageId=Microsoft.WindowsDesktop.App.Ref
1>                    NuGetPackageVersion=3.0.0
1>                    OriginalItemSpec=C:\Users\hansnguyen\.nuget\packages\microsoft.windowsdesktop.app.ref\3.0.0\ref\netcoreapp3.0\Microsoft.Win32.Registry.AccessControl.dll
1>                    Private=false
1>                    PublicKeyToken=b03f5f7f11d50a3a
1>                    ReferenceSourceTarget=ResolveAssemblyReference
1>                    ResolvedFrom={RawFileName}
1>                    Version=
1>            C:\Users\hansnguyen\.nuget\packages\microsoft.windowsdesktop.app.ref\3.0.0\ref\netcoreapp3.0\Microsoft.Win32.Registry.dll
1>                    AssemblyVersion=4.1.2.0
1>                    CopyLocal=false
1>                    ExternallyResolved=true
1>                    FileVersion=4.700.19.46214
1>                    FrameworkReferenceName=Microsoft.WindowsDesktop.App.WPF
1>                    FrameworkReferenceVersion=3.0.0
1>                    FusionName=Microsoft.Win32.Registry, Version=4.1.2.0, Culture=neutral, PublicKeyToken=b03f5f7f11d50a3a
1>                    ImageRuntime=v4.0.30319
1>                    NuGetPackageId=Microsoft.WindowsDesktop.App.Ref
1>                    NuGetPackageVersion=3.0.0
1>                    OriginalItemSpec=C:\Users\hansnguyen\.nuget\packages\microsoft.windowsdesktop.app.ref\3.0.0\ref\netcoreapp3.0\Microsoft.Win32.Registry.dll
1>                    Private=false
1>                    PublicKeyToken=b03f5f7f11d50a3a
1>                    ReferenceSourceTarget=ResolveAssemblyReference
1>                    ResolvedFrom={RawFileName}
1>                    Version=
1>            C:\Users\hansnguyen\.nuget\packages\microsoft.windowsdesktop.app.ref\3.0.0\ref\netcoreapp3.0\Microsoft.Win32.SystemEvents.dll
1>                    AssemblyVersion=4.0.1.0
1>                    CopyLocal=false
1>                    ExternallyResolved=true
1>                    FileVersion=4.700.19.46214
1>                    FrameworkReferenceName=Microsoft.WindowsDesktop.App.WPF
1>                    FrameworkReferenceVersion=3.0.0
1>                    FusionName=Microsoft.Win32.SystemEvents, Version=4.0.1.0, Culture=neutral, PublicKeyToken=cc7b13ffcd2ddd51
1>                    ImageRuntime=v4.0.30319
1>                    NuGetPackageId=Microsoft.WindowsDesktop.App.Ref
1>                    NuGetPackageVersion=3.0.0
1>                    OriginalItemSpec=C:\Users\hansnguyen\.nuget\packages\microsoft.windowsdesktop.app.ref\3.0.0\ref\netcoreapp3.0\Microsoft.Win32.SystemEvents.dll
1>                    Private=false
1>                    PublicKeyToken=cc7b13ffcd2ddd51
1>                    ReferenceSourceTarget=ResolveAssemblyReference
1>                    ResolvedFrom={RawFileName}
1>                    Version=
1>            C:\Users\hansnguyen\.nuget\packages\microsoft.netcore.app.ref\3.0.0\ref\netcoreapp3.0\mscorlib.dll
1>                    AssemblyVersion=4.0.0.0
1>                    CopyLocal=false
1>                    ExternallyResolved=true
1>                    FileVersion=4.700.19.46214
1>                    FrameworkReferenceName=Microsoft.NETCore.App
1>                    FrameworkReferenceVersion=3.0.0
1>                    FusionName=mscorlib, Version=4.0.0.0, Culture=neutral, PublicKeyToken=b77a5c561934e089
1>                    ImageRuntime=v4.0.30319
1>                    NuGetPackageId=Microsoft.NETCore.App.Ref
1>                    NuGetPackageVersion=3.0.0
1>                    OriginalItemSpec=C:\Users\hansnguyen\.nuget\packages\microsoft.netcore.app.ref\3.0.0\ref\netcoreapp3.0\mscorlib.dll
1>                    Private=false
1>                    PublicKeyToken=b77a5c561934e089
1>                    ReferenceSourceTarget=ResolveAssemblyReference
1>                    ResolvedFrom={RawFileName}
1>                    Version=
1>            C:\Users\hansnguyen\.nuget\packages\microsoft.netcore.app.ref\3.0.0\ref\netcoreapp3.0\netstandard.dll
1>                    AssemblyVersion=2.1.0.0
1>                    CopyLocal=false
1>                    ExternallyResolved=true
1>                    FileVersion=4.700.19.46214
1>                    FrameworkReferenceName=Microsoft.NETCore.App
1>                    FrameworkReferenceVersion=3.0.0
1>                    FusionName=netstandard, Version=2.1.0.0, Culture=neutral, PublicKeyToken=cc7b13ffcd2ddd51
1>                    ImageRuntime=v4.0.30319
1>                    NuGetPackageId=Microsoft.NETCore.App.Ref
1>                    NuGetPackageVersion=3.0.0
1>                    OriginalItemSpec=C:\Users\hansnguyen\.nuget\packages\microsoft.netcore.app.ref\3.0.0\ref\netcoreapp3.0\netstandard.dll
1>                    Private=false
1>                    PublicKeyToken=cc7b13ffcd2ddd51
1>                    ReferenceSourceTarget=ResolveAssemblyReference
1>                    ResolvedFrom={RawFileName}
1>                    Version=
1>            C:\Users\hansnguyen\.nuget\packages\microsoft.windowsdesktop.app.ref\3.0.0\ref\netcoreapp3.0\PresentationCore.dll
1>                    AssemblyVersion=4.0.0.0
1>                    CopyLocal=false
1>                    ExternallyResolved=true
1>                    FileVersion=4.800.19.46214
1>                    FrameworkReferenceName=Microsoft.WindowsDesktop.App.WPF
1>                    FrameworkReferenceVersion=3.0.0
1>                    FusionName=PresentationCore, Version=4.0.0.0, Culture=neutral, PublicKeyToken=31bf3856ad364e35
1>                    ImageRuntime=v4.0.30319
1>                    NuGetPackageId=Microsoft.WindowsDesktop.App.Ref
1>                    NuGetPackageVersion=3.0.0
1>                    OriginalItemSpec=C:\Users\hansnguyen\.nuget\packages\microsoft.windowsdesktop.app.ref\3.0.0\ref\netcoreapp3.0\PresentationCore.dll
1>                    Private=false
1>                    PublicKeyToken=31bf3856ad364e35
1>                    ReferenceSourceTarget=ResolveAssemblyReference
1>                    ResolvedFrom={RawFileName}
1>                    Version=
1>            C:\Users\hansnguyen\.nuget\packages\microsoft.windowsdesktop.app.ref\3.0.0\ref\netcoreapp3.0\PresentationFramework.Aero.dll
1>                    AssemblyVersion=4.0.0.0
1>                    CopyLocal=false
1>                    ExternallyResolved=true
1>                    FileVersion=4.800.19.46214
1>                    FrameworkReferenceName=Microsoft.WindowsDesktop.App.WPF
1>                    FrameworkReferenceVersion=3.0.0
1>                    FusionName=PresentationFramework.Aero, Version=4.0.0.0, Culture=neutral, PublicKeyToken=31bf3856ad364e35
1>                    ImageRuntime=v4.0.30319
1>                    NuGetPackageId=Microsoft.WindowsDesktop.App.Ref
1>                    NuGetPackageVersion=3.0.0
1>                    OriginalItemSpec=C:\Users\hansnguyen\.nuget\packages\microsoft.windowsdesktop.app.ref\3.0.0\ref\netcoreapp3.0\PresentationFramework.Aero.dll
1>                    Private=false
1>                    PublicKeyToken=31bf3856ad364e35
1>                    ReferenceSourceTarget=ResolveAssemblyReference
1>                    ResolvedFrom={RawFileName}
1>                    Version=
1>            C:\Users\hansnguyen\.nuget\packages\microsoft.windowsdesktop.app.ref\3.0.0\ref\netcoreapp3.0\PresentationFramework.Aero2.dll
1>                    AssemblyVersion=4.0.0.0
1>                    CopyLocal=false
1>                    ExternallyResolved=true
1>                    FileVersion=4.800.19.46214
1>                    FrameworkReferenceName=Microsoft.WindowsDesktop.App.WPF
1>                    FrameworkReferenceVersion=3.0.0
1>                    FusionName=PresentationFramework.Aero2, Version=4.0.0.0, Culture=neutral, PublicKeyToken=31bf3856ad364e35
1>                    ImageRuntime=v4.0.30319
1>                    NuGetPackageId=Microsoft.WindowsDesktop.App.Ref
1>                    NuGetPackageVersion=3.0.0
1>                    OriginalItemSpec=C:\Users\hansnguyen\.nuget\packages\microsoft.windowsdesktop.app.ref\3.0.0\ref\netcoreapp3.0\PresentationFramework.Aero2.dll
1>                    Private=false
1>                    PublicKeyToken=31bf3856ad364e35
1>                    ReferenceSourceTarget=ResolveAssemblyReference
1>                    ResolvedFrom={RawFileName}
1>                    Version=
1>            C:\Users\hansnguyen\.nuget\packages\microsoft.windowsdesktop.app.ref\3.0.0\ref\netcoreapp3.0\PresentationFramework.AeroLite.dll
1>                    AssemblyVersion=4.0.0.0
1>                    CopyLocal=false
1>                    ExternallyResolved=true
1>                    FileVersion=4.800.19.46214
1>                    FrameworkReferenceName=Microsoft.WindowsDesktop.App.WPF
1>                    FrameworkReferenceVersion=3.0.0
1>                    FusionName=PresentationFramework.AeroLite, Version=4.0.0.0, Culture=neutral, PublicKeyToken=31bf3856ad364e35
1>                    ImageRuntime=v4.0.30319
1>                    NuGetPackageId=Microsoft.WindowsDesktop.App.Ref
1>                    NuGetPackageVersion=3.0.0
1>                    OriginalItemSpec=C:\Users\hansnguyen\.nuget\packages\microsoft.windowsdesktop.app.ref\3.0.0\ref\netcoreapp3.0\PresentationFramework.AeroLite.dll
1>                    Private=false
1>                    PublicKeyToken=31bf3856ad364e35
1>                    ReferenceSourceTarget=ResolveAssemblyReference
1>                    ResolvedFrom={RawFileName}
1>                    Version=
1>            C:\Users\hansnguyen\.nuget\packages\microsoft.windowsdesktop.app.ref\3.0.0\ref\netcoreapp3.0\PresentationFramework.Classic.dll
1>                    AssemblyVersion=4.0.0.0
1>                    CopyLocal=false
1>                    ExternallyResolved=true
1>                    FileVersion=4.800.19.46214
1>                    FrameworkReferenceName=Microsoft.WindowsDesktop.App.WPF
1>                    FrameworkReferenceVersion=3.0.0
1>                    FusionName=PresentationFramework.Classic, Version=4.0.0.0, Culture=neutral, PublicKeyToken=31bf3856ad364e35
1>                    ImageRuntime=v4.0.30319
1>                    NuGetPackageId=Microsoft.WindowsDesktop.App.Ref
1>                    NuGetPackageVersion=3.0.0
1>                    OriginalItemSpec=C:\Users\hansnguyen\.nuget\packages\microsoft.windowsdesktop.app.ref\3.0.0\ref\netcoreapp3.0\PresentationFramework.Classic.dll
1>                    Private=false
1>                    PublicKeyToken=31bf3856ad364e35
1>                    ReferenceSourceTarget=ResolveAssemblyReference
1>                    ResolvedFrom={RawFileName}
1>                    Version=
1>            C:\Users\hansnguyen\.nuget\packages\microsoft.windowsdesktop.app.ref\3.0.0\ref\netcoreapp3.0\PresentationFramework.dll
1>                    AssemblyVersion=4.0.0.0
1>                    CopyLocal=false
1>                    ExternallyResolved=true
1>                    FileVersion=4.800.19.46214
1>                    FrameworkReferenceName=Microsoft.WindowsDesktop.App.WPF
1>                    FrameworkReferenceVersion=3.0.0
1>                    FusionName=PresentationFramework, Version=4.0.0.0, Culture=neutral, PublicKeyToken=31bf3856ad364e35
1>                    ImageRuntime=v4.0.30319
1>                    NuGetPackageId=Microsoft.WindowsDesktop.App.Ref
1>                    NuGetPackageVersion=3.0.0
1>                    OriginalItemSpec=C:\Users\hansnguyen\.nuget\packages\microsoft.windowsdesktop.app.ref\3.0.0\ref\netcoreapp3.0\PresentationFramework.dll
1>                    Private=false
1>                    PublicKeyToken=31bf3856ad364e35
1>                    ReferenceSourceTarget=ResolveAssemblyReference
1>                    ResolvedFrom={RawFileName}
1>                    Version=
1>            C:\Users\hansnguyen\.nuget\packages\microsoft.windowsdesktop.app.ref\3.0.0\ref\netcoreapp3.0\PresentationFramework.Luna.dll
1>                    AssemblyVersion=4.0.0.0
1>                    CopyLocal=false
1>                    ExternallyResolved=true
1>                    FileVersion=4.800.19.46214
1>                    FrameworkReferenceName=Microsoft.WindowsDesktop.App.WPF
1>                    FrameworkReferenceVersion=3.0.0
1>                    FusionName=PresentationFramework.Luna, Version=4.0.0.0, Culture=neutral, PublicKeyToken=31bf3856ad364e35
1>                    ImageRuntime=v4.0.30319
1>                    NuGetPackageId=Microsoft.WindowsDesktop.App.Ref
1>                    NuGetPackageVersion=3.0.0
1>                    OriginalItemSpec=C:\Users\hansnguyen\.nuget\packages\microsoft.windowsdesktop.app.ref\3.0.0\ref\netcoreapp3.0\PresentationFramework.Luna.dll
1>                    Private=false
1>                    PublicKeyToken=31bf3856ad364e35
1>                    ReferenceSourceTarget=ResolveAssemblyReference
1>                    ResolvedFrom={RawFileName}
1>                    Version=
1>            C:\Users\hansnguyen\.nuget\packages\microsoft.windowsdesktop.app.ref\3.0.0\ref\netcoreapp3.0\PresentationFramework.Royale.dll
1>                    AssemblyVersion=4.0.0.0
1>                    CopyLocal=false
1>                    ExternallyResolved=true
1>                    FileVersion=4.800.19.46214
1>                    FrameworkReferenceName=Microsoft.WindowsDesktop.App.WPF
1>                    FrameworkReferenceVersion=3.0.0
1>                    FusionName=PresentationFramework.Royale, Version=4.0.0.0, Culture=neutral, PublicKeyToken=31bf3856ad364e35
1>                    ImageRuntime=v4.0.30319
1>                    NuGetPackageId=Microsoft.WindowsDesktop.App.Ref
1>                    NuGetPackageVersion=3.0.0
1>                    OriginalItemSpec=C:\Users\hansnguyen\.nuget\packages\microsoft.windowsdesktop.app.ref\3.0.0\ref\netcoreapp3.0\PresentationFramework.Royale.dll
1>                    Private=false
1>                    PublicKeyToken=31bf3856ad364e35
1>                    ReferenceSourceTarget=ResolveAssemblyReference
1>                    ResolvedFrom={RawFileName}
1>                    Version=
1>            C:\Users\hansnguyen\.nuget\packages\microsoft.windowsdesktop.app.ref\3.0.0\ref\netcoreapp3.0\PresentationUI.dll
1>                    AssemblyVersion=4.0.0.0
1>                    CopyLocal=false
1>                    ExternallyResolved=true
1>                    FileVersion=4.800.19.46214
1>                    FrameworkReferenceName=Microsoft.WindowsDesktop.App.WPF
1>                    FrameworkReferenceVersion=3.0.0
1>                    FusionName=PresentationUI, Version=4.0.0.0, Culture=neutral, PublicKeyToken=b77a5c561934e089
1>                    ImageRuntime=v4.0.30319
1>                    NuGetPackageId=Microsoft.WindowsDesktop.App.Ref
1>                    NuGetPackageVersion=3.0.0
1>                    OriginalItemSpec=C:\Users\hansnguyen\.nuget\packages\microsoft.windowsdesktop.app.ref\3.0.0\ref\netcoreapp3.0\PresentationUI.dll
1>                    Private=false
1>                    PublicKeyToken=b77a5c561934e089
1>                    ReferenceSourceTarget=ResolveAssemblyReference
1>                    ResolvedFrom={RawFileName}
1>                    Version=
1>            C:\Users\hansnguyen\.nuget\packages\microsoft.windowsdesktop.app.ref\3.0.0\ref\netcoreapp3.0\ReachFramework.dll
1>                    AssemblyVersion=4.0.0.0
1>                    CopyLocal=false
1>                    ExternallyResolved=true
1>                    FileVersion=4.800.19.46214
1>                    FrameworkReferenceName=Microsoft.WindowsDesktop.App.WPF
1>                    FrameworkReferenceVersion=3.0.0
1>                    FusionName=ReachFramework, Version=4.0.0.0, Culture=neutral, PublicKeyToken=31bf3856ad364e35
1>                    ImageRuntime=v4.0.30319
1>                    NuGetPackageId=Microsoft.WindowsDesktop.App.Ref
1>                    NuGetPackageVersion=3.0.0
1>                    OriginalItemSpec=C:\Users\hansnguyen\.nuget\packages\microsoft.windowsdesktop.app.ref\3.0.0\ref\netcoreapp3.0\ReachFramework.dll
1>                    Private=false
1>                    PublicKeyToken=31bf3856ad364e35
1>                    ReferenceSourceTarget=ResolveAssemblyReference
1>                    ResolvedFrom={RawFileName}
1>                    Version=
1>            C:\Users\hansnguyen\.nuget\packages\microsoft.netcore.app.ref\3.0.0\ref\netcoreapp3.0\System.AppContext.dll
1>                    AssemblyVersion=4.2.1.0
1>                    CopyLocal=false
1>                    ExternallyResolved=true
1>                    FileVersion=4.700.19.46214
1>                    FrameworkReferenceName=Microsoft.NETCore.App
1>                    FrameworkReferenceVersion=3.0.0
1>                    FusionName=System.AppContext, Version=4.2.1.0, Culture=neutral, PublicKeyToken=b03f5f7f11d50a3a
1>                    ImageRuntime=v4.0.30319
1>                    NuGetPackageId=Microsoft.NETCore.App.Ref
1>                    NuGetPackageVersion=3.0.0
1>                    OriginalItemSpec=C:\Users\hansnguyen\.nuget\packages\microsoft.netcore.app.ref\3.0.0\ref\netcoreapp3.0\System.AppContext.dll
1>                    Private=false
1>                    PublicKeyToken=b03f5f7f11d50a3a
1>                    ReferenceSourceTarget=ResolveAssemblyReference
1>                    ResolvedFrom={RawFileName}
1>                    Version=
1>            C:\Users\hansnguyen\.nuget\packages\microsoft.netcore.app.ref\3.0.0\ref\netcoreapp3.0\System.Buffers.dll
1>                    AssemblyVersion=4.0.2.0
1>                    CopyLocal=false
1>                    ExternallyResolved=true
1>                    FileVersion=4.700.19.46214
1>                    FrameworkReferenceName=Microsoft.NETCore.App
1>                    FrameworkReferenceVersion=3.0.0
1>                    FusionName=System.Buffers, Version=4.0.2.0, Culture=neutral, PublicKeyToken=cc7b13ffcd2ddd51
1>                    ImageRuntime=v4.0.30319
1>                    NuGetPackageId=Microsoft.NETCore.App.Ref
1>                    NuGetPackageVersion=3.0.0
1>                    OriginalItemSpec=C:\Users\hansnguyen\.nuget\packages\microsoft.netcore.app.ref\3.0.0\ref\netcoreapp3.0\System.Buffers.dll
1>                    Private=false
1>                    PublicKeyToken=cc7b13ffcd2ddd51
1>                    ReferenceSourceTarget=ResolveAssemblyReference
1>                    ResolvedFrom={RawFileName}
1>                    Version=
1>            C:\Users\hansnguyen\.nuget\packages\microsoft.windowsdesktop.app.ref\3.0.0\ref\netcoreapp3.0\System.CodeDom.dll
1>                    AssemblyVersion=4.0.2.0
1>                    CopyLocal=false
1>                    ExternallyResolved=true
1>                    FileVersion=4.700.19.46214
1>                    FrameworkReferenceName=Microsoft.WindowsDesktop.App.WPF
1>                    FrameworkReferenceVersion=3.0.0
1>                    FusionName=System.CodeDom, Version=4.0.2.0, Culture=neutral, PublicKeyToken=cc7b13ffcd2ddd51
1>                    ImageRuntime=v4.0.30319
1>                    NuGetPackageId=Microsoft.WindowsDesktop.App.Ref
1>                    NuGetPackageVersion=3.0.0
1>                    OriginalItemSpec=C:\Users\hansnguyen\.nuget\packages\microsoft.windowsdesktop.app.ref\3.0.0\ref\netcoreapp3.0\System.CodeDom.dll
1>                    Private=false
1>                    PublicKeyToken=cc7b13ffcd2ddd51
1>                    ReferenceSourceTarget=ResolveAssemblyReference
1>                    ResolvedFrom={RawFileName}
1>                    Version=
1>            C:\Users\hansnguyen\.nuget\packages\microsoft.netcore.app.ref\3.0.0\ref\netcoreapp3.0\System.Collections.Concurrent.dll
1>                    AssemblyVersion=4.0.14.0
1>                    CopyLocal=false
1>                    ExternallyResolved=true
1>                    FileVersion=4.700.19.46214
1>                    FrameworkReferenceName=Microsoft.NETCore.App
1>                    FrameworkReferenceVersion=3.0.0
1>                    FusionName=System.Collections.Concurrent, Version=4.0.14.0, Culture=neutral, PublicKeyToken=b03f5f7f11d50a3a
1>                    ImageRuntime=v4.0.30319
1>                    NuGetPackageId=Microsoft.NETCore.App.Ref
1>                    NuGetPackageVersion=3.0.0
1>                    OriginalItemSpec=C:\Users\hansnguyen\.nuget\packages\microsoft.netcore.app.ref\3.0.0\ref\netcoreapp3.0\System.Collections.Concurrent.dll
1>                    Private=false
1>                    PublicKeyToken=b03f5f7f11d50a3a
1>                    ReferenceSourceTarget=ResolveAssemblyReference
1>                    ResolvedFrom={RawFileName}
1>                    Version=
1>            C:\Users\hansnguyen\.nuget\packages\microsoft.netcore.app.ref\3.0.0\ref\netcoreapp3.0\System.Collections.dll
1>                    AssemblyVersion=4.1.1.0
1>                    CopyLocal=false
1>                    ExternallyResolved=true
1>                    FileVersion=4.700.19.46214
1>                    FrameworkReferenceName=Microsoft.NETCore.App
1>                    FrameworkReferenceVersion=3.0.0
1>                    FusionName=System.Collections, Version=4.1.1.0, Culture=neutral, PublicKeyToken=b03f5f7f11d50a3a
1>                    ImageRuntime=v4.0.30319
1>                    NuGetPackageId=Microsoft.NETCore.App.Ref
1>                    NuGetPackageVersion=3.0.0
1>                    OriginalItemSpec=C:\Users\hansnguyen\.nuget\packages\microsoft.netcore.app.ref\3.0.0\ref\netcoreapp3.0\System.Collections.dll
1>                    Private=false
1>                    PublicKeyToken=b03f5f7f11d50a3a
1>                    ReferenceSourceTarget=ResolveAssemblyReference
1>                    ResolvedFrom={RawFileName}
1>                    Version=
1>            C:\Users\hansnguyen\.nuget\packages\microsoft.netcore.app.ref\3.0.0\ref\netcoreapp3.0\System.Collections.Immutable.dll
1>                    AssemblyVersion=1.2.4.0
1>                    CopyLocal=false
1>                    ExternallyResolved=true
1>                    FileVersion=4.700.19.46214
1>                    FrameworkReferenceName=Microsoft.NETCore.App
1>                    FrameworkReferenceVersion=3.0.0
1>                    FusionName=System.Collections.Immutable, Version=1.2.4.0, Culture=neutral, PublicKeyToken=b03f5f7f11d50a3a
1>                    ImageRuntime=v4.0.30319
1>                    NuGetPackageId=Microsoft.NETCore.App.Ref
1>                    NuGetPackageVersion=3.0.0
1>                    OriginalItemSpec=C:\Users\hansnguyen\.nuget\packages\microsoft.netcore.app.ref\3.0.0\ref\netcoreapp3.0\System.Collections.Immutable.dll
1>                    Private=false
1>                    PublicKeyToken=b03f5f7f11d50a3a
1>                    ReferenceSourceTarget=ResolveAssemblyReference
1>                    ResolvedFrom={RawFileName}
1>                    Version=
1>            C:\Users\hansnguyen\.nuget\packages\microsoft.netcore.app.ref\3.0.0\ref\netcoreapp3.0\System.Collections.NonGeneric.dll
1>                    AssemblyVersion=4.1.1.0
1>                    CopyLocal=false
1>                    ExternallyResolved=true
1>                    FileVersion=4.700.19.46214
1>                    FrameworkReferenceName=Microsoft.NETCore.App
1>                    FrameworkReferenceVersion=3.0.0
1>                    FusionName=System.Collections.NonGeneric, Version=4.1.1.0, Culture=neutral, PublicKeyToken=b03f5f7f11d50a3a
1>                    ImageRuntime=v4.0.30319
1>                    NuGetPackageId=Microsoft.NETCore.App.Ref
1>                    NuGetPackageVersion=3.0.0
1>                    OriginalItemSpec=C:\Users\hansnguyen\.nuget\packages\microsoft.netcore.app.ref\3.0.0\ref\netcoreapp3.0\System.Collections.NonGeneric.dll
1>                    Private=false
1>                    PublicKeyToken=b03f5f7f11d50a3a
1>                    ReferenceSourceTarget=ResolveAssemblyReference
1>                    ResolvedFrom={RawFileName}
1>                    Version=
1>            C:\Users\hansnguyen\.nuget\packages\microsoft.netcore.app.ref\3.0.0\ref\netcoreapp3.0\System.Collections.Specialized.dll
1>                    AssemblyVersion=4.1.1.0
1>                    CopyLocal=false
1>                    ExternallyResolved=true
1>                    FileVersion=4.700.19.46214
1>                    FrameworkReferenceName=Microsoft.NETCore.App
1>                    FrameworkReferenceVersion=3.0.0
1>                    FusionName=System.Collections.Specialized, Version=4.1.1.0, Culture=neutral, PublicKeyToken=b03f5f7f11d50a3a
1>                    ImageRuntime=v4.0.30319
1>                    NuGetPackageId=Microsoft.NETCore.App.Ref
1>                    NuGetPackageVersion=3.0.0
1>                    OriginalItemSpec=C:\Users\hansnguyen\.nuget\packages\microsoft.netcore.app.ref\3.0.0\ref\netcoreapp3.0\System.Collections.Specialized.dll
1>                    Private=false
1>                    PublicKeyToken=b03f5f7f11d50a3a
1>                    ReferenceSourceTarget=ResolveAssemblyReference
1>                    ResolvedFrom={RawFileName}
1>                    Version=
1>            C:\Users\hansnguyen\.nuget\packages\microsoft.netcore.app.ref\3.0.0\ref\netcoreapp3.0\System.ComponentModel.Annotations.dll
1>                    AssemblyVersion=4.3.0.0
1>                    CopyLocal=false
1>                    ExternallyResolved=true
1>                    FileVersion=4.700.19.46214
1>                    FrameworkReferenceName=Microsoft.NETCore.App
1>                    FrameworkReferenceVersion=3.0.0
1>                    FusionName=System.ComponentModel.Annotations, Version=4.3.0.0, Culture=neutral, PublicKeyToken=b03f5f7f11d50a3a
1>                    ImageRuntime=v4.0.30319
1>                    NuGetPackageId=Microsoft.NETCore.App.Ref
1>                    NuGetPackageVersion=3.0.0
1>                    OriginalItemSpec=C:\Users\hansnguyen\.nuget\packages\microsoft.netcore.app.ref\3.0.0\ref\netcoreapp3.0\System.ComponentModel.Annotations.dll
1>                    Private=false
1>                    PublicKeyToken=b03f5f7f11d50a3a
1>                    ReferenceSourceTarget=ResolveAssemblyReference
1>                    ResolvedFrom={RawFileName}
1>                    Version=
1>            C:\Users\hansnguyen\.nuget\packages\microsoft.netcore.app.ref\3.0.0\ref\netcoreapp3.0\System.ComponentModel.DataAnnotations.dll
1>                    AssemblyVersion=4.0.0.0
1>                    CopyLocal=false
1>                    ExternallyResolved=true
1>                    FileVersion=4.700.19.46214
1>                    FrameworkReferenceName=Microsoft.NETCore.App
1>                    FrameworkReferenceVersion=3.0.0
1>                    FusionName=System.ComponentModel.DataAnnotations, Version=4.0.0.0, Culture=neutral, PublicKeyToken=31bf3856ad364e35
1>                    ImageRuntime=v4.0.30319
1>                    NuGetPackageId=Microsoft.NETCore.App.Ref
1>                    NuGetPackageVersion=3.0.0
1>                    OriginalItemSpec=C:\Users\hansnguyen\.nuget\packages\microsoft.netcore.app.ref\3.0.0\ref\netcoreapp3.0\System.ComponentModel.DataAnnotations.dll
1>                    Private=false
1>                    PublicKeyToken=31bf3856ad364e35
1>                    ReferenceSourceTarget=ResolveAssemblyReference
1>                    ResolvedFrom={RawFileName}
1>                    Version=
1>            C:\Users\hansnguyen\.nuget\packages\microsoft.netcore.app.ref\3.0.0\ref\netcoreapp3.0\System.ComponentModel.dll
1>                    AssemblyVersion=4.0.3.0
1>                    CopyLocal=false
1>                    ExternallyResolved=true
1>                    FileVersion=4.700.19.46214
1>                    FrameworkReferenceName=Microsoft.NETCore.App
1>                    FrameworkReferenceVersion=3.0.0
1>                    FusionName=System.ComponentModel, Version=4.0.3.0, Culture=neutral, PublicKeyToken=b03f5f7f11d50a3a
1>                    ImageRuntime=v4.0.30319
1>                    NuGetPackageId=Microsoft.NETCore.App.Ref
1>                    NuGetPackageVersion=3.0.0
1>                    OriginalItemSpec=C:\Users\hansnguyen\.nuget\packages\microsoft.netcore.app.ref\3.0.0\ref\netcoreapp3.0\System.ComponentModel.dll
1>                    Private=false
1>                    PublicKeyToken=b03f5f7f11d50a3a
1>                    ReferenceSourceTarget=ResolveAssemblyReference
1>                    ResolvedFrom={RawFileName}
1>                    Version=
1>            C:\Users\hansnguyen\.nuget\packages\microsoft.netcore.app.ref\3.0.0\ref\netcoreapp3.0\System.ComponentModel.EventBasedAsync.dll
1>                    AssemblyVersion=4.1.1.0
1>                    CopyLocal=false
1>                    ExternallyResolved=true
1>                    FileVersion=4.700.19.46214
1>                    FrameworkReferenceName=Microsoft.NETCore.App
1>                    FrameworkReferenceVersion=3.0.0
1>                    FusionName=System.ComponentModel.EventBasedAsync, Version=4.1.1.0, Culture=neutral, PublicKeyToken=b03f5f7f11d50a3a
1>                    ImageRuntime=v4.0.30319
1>                    NuGetPackageId=Microsoft.NETCore.App.Ref
1>                    NuGetPackageVersion=3.0.0
1>                    OriginalItemSpec=C:\Users\hansnguyen\.nuget\packages\microsoft.netcore.app.ref\3.0.0\ref\netcoreapp3.0\System.ComponentModel.EventBasedAsync.dll
1>                    Private=false
1>                    PublicKeyToken=b03f5f7f11d50a3a
1>                    ReferenceSourceTarget=ResolveAssemblyReference
1>                    ResolvedFrom={RawFileName}
1>                    Version=
1>            C:\Users\hansnguyen\.nuget\packages\microsoft.netcore.app.ref\3.0.0\ref\netcoreapp3.0\System.ComponentModel.Primitives.dll
1>                    AssemblyVersion=4.2.1.0
1>                    CopyLocal=false
1>                    ExternallyResolved=true
1>                    FileVersion=4.700.19.46214
1>                    FrameworkReferenceName=Microsoft.NETCore.App
1>                    FrameworkReferenceVersion=3.0.0
1>                    FusionName=System.ComponentModel.Primitives, Version=4.2.1.0, Culture=neutral, PublicKeyToken=b03f5f7f11d50a3a
1>                    ImageRuntime=v4.0.30319
1>                    NuGetPackageId=Microsoft.NETCore.App.Ref
1>                    NuGetPackageVersion=3.0.0
1>                    OriginalItemSpec=C:\Users\hansnguyen\.nuget\packages\microsoft.netcore.app.ref\3.0.0\ref\netcoreapp3.0\System.ComponentModel.Primitives.dll
1>                    Private=false
1>                    PublicKeyToken=b03f5f7f11d50a3a
1>                    ReferenceSourceTarget=ResolveAssemblyReference
1>                    ResolvedFrom={RawFileName}
1>                    Version=
1>            C:\Users\hansnguyen\.nuget\packages\microsoft.netcore.app.ref\3.0.0\ref\netcoreapp3.0\System.ComponentModel.TypeConverter.dll
1>                    AssemblyVersion=4.2.1.0
1>                    CopyLocal=false
1>                    ExternallyResolved=true
1>                    FileVersion=4.700.19.46214
1>                    FrameworkReferenceName=Microsoft.NETCore.App
1>                    FrameworkReferenceVersion=3.0.0
1>                    FusionName=System.ComponentModel.TypeConverter, Version=4.2.1.0, Culture=neutral, PublicKeyToken=b03f5f7f11d50a3a
1>                    ImageRuntime=v4.0.30319
1>                    NuGetPackageId=Microsoft.NETCore.App.Ref
1>                    NuGetPackageVersion=3.0.0
1>                    OriginalItemSpec=C:\Users\hansnguyen\.nuget\packages\microsoft.netcore.app.ref\3.0.0\ref\netcoreapp3.0\System.ComponentModel.TypeConverter.dll
1>                    Private=false
1>                    PublicKeyToken=b03f5f7f11d50a3a
1>                    ReferenceSourceTarget=ResolveAssemblyReference
1>                    ResolvedFrom={RawFileName}
1>                    Version=
1>            C:\Users\hansnguyen\.nuget\packages\microsoft.windowsdesktop.app.ref\3.0.0\ref\netcoreapp3.0\System.Configuration.ConfigurationManager.dll
1>                    AssemblyVersion=4.0.2.0
1>                    CopyLocal=false
1>                    ExternallyResolved=true
1>                    FileVersion=4.700.19.46214
1>                    FrameworkReferenceName=Microsoft.WindowsDesktop.App.WPF
1>                    FrameworkReferenceVersion=3.0.0
1>                    FusionName=System.Configuration.ConfigurationManager, Version=4.0.2.0, Culture=neutral, PublicKeyToken=cc7b13ffcd2ddd51
1>                    ImageRuntime=v4.0.30319
1>                    NuGetPackageId=Microsoft.WindowsDesktop.App.Ref
1>                    NuGetPackageVersion=3.0.0
1>                    OriginalItemSpec=C:\Users\hansnguyen\.nuget\packages\microsoft.windowsdesktop.app.ref\3.0.0\ref\netcoreapp3.0\System.Configuration.ConfigurationManager.dll
1>                    Private=false
1>                    PublicKeyToken=cc7b13ffcd2ddd51
1>                    ReferenceSourceTarget=ResolveAssemblyReference
1>                    ResolvedFrom={RawFileName}
1>                    Version=
1>            C:\Users\hansnguyen\.nuget\packages\microsoft.netcore.app.ref\3.0.0\ref\netcoreapp3.0\System.Configuration.dll
1>                    AssemblyVersion=4.0.0.0
1>                    CopyLocal=false
1>                    ExternallyResolved=true
1>                    FileVersion=4.700.19.46214
1>                    FrameworkReferenceName=Microsoft.NETCore.App
1>                    FrameworkReferenceVersion=3.0.0
1>                    FusionName=System.Configuration, Version=4.0.0.0, Culture=neutral, PublicKeyToken=b03f5f7f11d50a3a
1>                    ImageRuntime=v4.0.30319
1>                    NuGetPackageId=Microsoft.NETCore.App.Ref
1>                    NuGetPackageVersion=3.0.0
1>                    OriginalItemSpec=C:\Users\hansnguyen\.nuget\packages\microsoft.netcore.app.ref\3.0.0\ref\netcoreapp3.0\System.Configuration.dll
1>                    Private=false
1>                    PublicKeyToken=b03f5f7f11d50a3a
1>                    ReferenceSourceTarget=ResolveAssemblyReference
1>                    ResolvedFrom={RawFileName}
1>                    Version=
1>            C:\Users\hansnguyen\.nuget\packages\microsoft.netcore.app.ref\3.0.0\ref\netcoreapp3.0\System.Console.dll
1>                    AssemblyVersion=4.1.1.0
1>                    CopyLocal=false
1>                    ExternallyResolved=true
1>                    FileVersion=4.700.19.46214
1>                    FrameworkReferenceName=Microsoft.NETCore.App
1>                    FrameworkReferenceVersion=3.0.0
1>                    FusionName=System.Console, Version=4.1.1.0, Culture=neutral, PublicKeyToken=b03f5f7f11d50a3a
1>                    ImageRuntime=v4.0.30319
1>                    NuGetPackageId=Microsoft.NETCore.App.Ref
1>                    NuGetPackageVersion=3.0.0
1>                    OriginalItemSpec=C:\Users\hansnguyen\.nuget\packages\microsoft.netcore.app.ref\3.0.0\ref\netcoreapp3.0\System.Console.dll
1>                    Private=false
1>                    PublicKeyToken=b03f5f7f11d50a3a
1>                    ReferenceSourceTarget=ResolveAssemblyReference
1>                    ResolvedFrom={RawFileName}
1>                    Version=
1>            C:\Users\hansnguyen\.nuget\packages\microsoft.netcore.app.ref\3.0.0\ref\netcoreapp3.0\System.Core.dll
1>                    AssemblyVersion=4.0.0.0
1>                    CopyLocal=false
1>                    ExternallyResolved=true
1>                    FileVersion=4.700.19.46214
1>                    FrameworkReferenceName=Microsoft.NETCore.App
1>                    FrameworkReferenceVersion=3.0.0
1>                    FusionName=System.Core, Version=4.0.0.0, Culture=neutral, PublicKeyToken=b77a5c561934e089
1>                    ImageRuntime=v4.0.30319
1>                    NuGetPackageId=Microsoft.NETCore.App.Ref
1>                    NuGetPackageVersion=3.0.0
1>                    OriginalItemSpec=C:\Users\hansnguyen\.nuget\packages\microsoft.netcore.app.ref\3.0.0\ref\netcoreapp3.0\System.Core.dll
1>                    Private=false
1>                    PublicKeyToken=b77a5c561934e089
1>                    ReferenceSourceTarget=ResolveAssemblyReference
1>                    ResolvedFrom={RawFileName}
1>                    Version=
1>            C:\Users\hansnguyen\.nuget\packages\microsoft.netcore.app.ref\3.0.0\ref\netcoreapp3.0\System.Data.Common.dll
1>                    AssemblyVersion=4.2.1.0
1>                    CopyLocal=false
1>                    ExternallyResolved=true
1>                    FileVersion=4.700.19.46214
1>                    FrameworkReferenceName=Microsoft.NETCore.App
1>                    FrameworkReferenceVersion=3.0.0
1>                    FusionName=System.Data.Common, Version=4.2.1.0, Culture=neutral, PublicKeyToken=b03f5f7f11d50a3a
1>                    ImageRuntime=v4.0.30319
1>                    NuGetPackageId=Microsoft.NETCore.App.Ref
1>                    NuGetPackageVersion=3.0.0
1>                    OriginalItemSpec=C:\Users\hansnguyen\.nuget\packages\microsoft.netcore.app.ref\3.0.0\ref\netcoreapp3.0\System.Data.Common.dll
1>                    Private=false
1>                    PublicKeyToken=b03f5f7f11d50a3a
1>                    ReferenceSourceTarget=ResolveAssemblyReference
1>                    ResolvedFrom={RawFileName}
1>                    Version=
1>            C:\Users\hansnguyen\.nuget\packages\microsoft.netcore.app.ref\3.0.0\ref\netcoreapp3.0\System.Data.DataSetExtensions.dll
1>                    AssemblyVersion=4.0.0.0
1>                    CopyLocal=false
1>                    ExternallyResolved=true
1>                    FileVersion=4.700.19.46214
1>                    FrameworkReferenceName=Microsoft.NETCore.App
1>                    FrameworkReferenceVersion=3.0.0
1>                    FusionName=System.Data.DataSetExtensions, Version=4.0.0.0, Culture=neutral, PublicKeyToken=b77a5c561934e089
1>                    ImageRuntime=v4.0.30319
1>                    NuGetPackageId=Microsoft.NETCore.App.Ref
1>                    NuGetPackageVersion=3.0.0
1>                    OriginalItemSpec=C:\Users\hansnguyen\.nuget\packages\microsoft.netcore.app.ref\3.0.0\ref\netcoreapp3.0\System.Data.DataSetExtensions.dll
1>                    Private=false
1>                    PublicKeyToken=b77a5c561934e089
1>                    ReferenceSourceTarget=ResolveAssemblyReference
1>                    ResolvedFrom={RawFileName}
1>                    Version=
1>            C:\Users\hansnguyen\.nuget\packages\microsoft.netcore.app.ref\3.0.0\ref\netcoreapp3.0\System.Data.dll
1>                    AssemblyVersion=4.0.0.0
1>                    CopyLocal=false
1>                    ExternallyResolved=true
1>                    FileVersion=4.700.19.46214
1>                    FrameworkReferenceName=Microsoft.NETCore.App
1>                    FrameworkReferenceVersion=3.0.0
1>                    FusionName=System.Data, Version=4.0.0.0, Culture=neutral, PublicKeyToken=b77a5c561934e089
1>                    ImageRuntime=v4.0.30319
1>                    NuGetPackageId=Microsoft.NETCore.App.Ref
1>                    NuGetPackageVersion=3.0.0
1>                    OriginalItemSpec=C:\Users\hansnguyen\.nuget\packages\microsoft.netcore.app.ref\3.0.0\ref\netcoreapp3.0\System.Data.dll
1>                    Private=false
1>                    PublicKeyToken=b77a5c561934e089
1>                    ReferenceSourceTarget=ResolveAssemblyReference
1>                    ResolvedFrom={RawFileName}
1>                    Version=
1>            C:\Users\hansnguyen\.nuget\packages\microsoft.netcore.app.ref\3.0.0\ref\netcoreapp3.0\System.Diagnostics.Contracts.dll
1>                    AssemblyVersion=4.0.3.0
1>                    CopyLocal=false
1>                    ExternallyResolved=true
1>                    FileVersion=4.700.19.46214
1>                    FrameworkReferenceName=Microsoft.NETCore.App
1>                    FrameworkReferenceVersion=3.0.0
1>                    FusionName=System.Diagnostics.Contracts, Version=4.0.3.0, Culture=neutral, PublicKeyToken=b03f5f7f11d50a3a
1>                    ImageRuntime=v4.0.30319
1>                    NuGetPackageId=Microsoft.NETCore.App.Ref
1>                    NuGetPackageVersion=3.0.0
1>                    OriginalItemSpec=C:\Users\hansnguyen\.nuget\packages\microsoft.netcore.app.ref\3.0.0\ref\netcoreapp3.0\System.Diagnostics.Contracts.dll
1>                    Private=false
1>                    PublicKeyToken=b03f5f7f11d50a3a
1>                    ReferenceSourceTarget=ResolveAssemblyReference
1>                    ResolvedFrom={RawFileName}
1>                    Version=
1>            C:\Users\hansnguyen\.nuget\packages\microsoft.netcore.app.ref\3.0.0\ref\netcoreapp3.0\System.Diagnostics.Debug.dll
1>                    AssemblyVersion=4.1.1.0
1>                    CopyLocal=false
1>                    ExternallyResolved=true
1>                    FileVersion=4.700.19.46214
1>                    FrameworkReferenceName=Microsoft.NETCore.App
1>                    FrameworkReferenceVersion=3.0.0
1>                    FusionName=System.Diagnostics.Debug, Version=4.1.1.0, Culture=neutral, PublicKeyToken=b03f5f7f11d50a3a
1>                    ImageRuntime=v4.0.30319
1>                    NuGetPackageId=Microsoft.NETCore.App.Ref
1>                    NuGetPackageVersion=3.0.0
1>                    OriginalItemSpec=C:\Users\hansnguyen\.nuget\packages\microsoft.netcore.app.ref\3.0.0\ref\netcoreapp3.0\System.Diagnostics.Debug.dll
1>                    Private=false
1>                    PublicKeyToken=b03f5f7f11d50a3a
1>                    ReferenceSourceTarget=ResolveAssemblyReference
1>                    ResolvedFrom={RawFileName}
1>                    Version=
1>            C:\Users\hansnguyen\.nuget\packages\microsoft.netcore.app.ref\3.0.0\ref\netcoreapp3.0\System.Diagnostics.DiagnosticSource.dll
1>                    AssemblyVersion=4.0.4.0
1>                    CopyLocal=false
1>                    ExternallyResolved=true
1>                    FileVersion=4.700.19.46214
1>                    FrameworkReferenceName=Microsoft.NETCore.App
1>                    FrameworkReferenceVersion=3.0.0
1>                    FusionName=System.Diagnostics.DiagnosticSource, Version=4.0.4.0, Culture=neutral, PublicKeyToken=cc7b13ffcd2ddd51
1>                    ImageRuntime=v4.0.30319
1>                    NuGetPackageId=Microsoft.NETCore.App.Ref
1>                    NuGetPackageVersion=3.0.0
1>                    OriginalItemSpec=C:\Users\hansnguyen\.nuget\packages\microsoft.netcore.app.ref\3.0.0\ref\netcoreapp3.0\System.Diagnostics.DiagnosticSource.dll
1>                    Private=false
1>                    PublicKeyToken=cc7b13ffcd2ddd51
1>                    ReferenceSourceTarget=ResolveAssemblyReference
1>                    ResolvedFrom={RawFileName}
1>                    Version=
1>            C:\Users\hansnguyen\.nuget\packages\microsoft.windowsdesktop.app.ref\3.0.0\ref\netcoreapp3.0\System.Diagnostics.EventLog.dll
1>                    AssemblyVersion=4.0.1.0
1>                    CopyLocal=false
1>                    ExternallyResolved=true
1>                    FileVersion=4.700.19.46214
1>                    FrameworkReferenceName=Microsoft.WindowsDesktop.App.WPF
1>                    FrameworkReferenceVersion=3.0.0
1>                    FusionName=System.Diagnostics.EventLog, Version=4.0.1.0, Culture=neutral, PublicKeyToken=cc7b13ffcd2ddd51
1>                    ImageRuntime=v4.0.30319
1>                    NuGetPackageId=Microsoft.WindowsDesktop.App.Ref
1>                    NuGetPackageVersion=3.0.0
1>                    OriginalItemSpec=C:\Users\hansnguyen\.nuget\packages\microsoft.windowsdesktop.app.ref\3.0.0\ref\netcoreapp3.0\System.Diagnostics.EventLog.dll
1>                    Private=false
1>                    PublicKeyToken=cc7b13ffcd2ddd51
1>                    ReferenceSourceTarget=ResolveAssemblyReference
1>                    ResolvedFrom={RawFileName}
1>                    Version=
1>            C:\Users\hansnguyen\.nuget\packages\microsoft.netcore.app.ref\3.0.0\ref\netcoreapp3.0\System.Diagnostics.FileVersionInfo.dll
1>                    AssemblyVersion=4.0.3.0
1>                    CopyLocal=false
1>                    ExternallyResolved=true
1>                    FileVersion=4.700.19.46214
1>                    FrameworkReferenceName=Microsoft.NETCore.App
1>                    FrameworkReferenceVersion=3.0.0
1>                    FusionName=System.Diagnostics.FileVersionInfo, Version=4.0.3.0, Culture=neutral, PublicKeyToken=b03f5f7f11d50a3a
1>                    ImageRuntime=v4.0.30319
1>                    NuGetPackageId=Microsoft.NETCore.App.Ref
1>                    NuGetPackageVersion=3.0.0
1>                    OriginalItemSpec=C:\Users\hansnguyen\.nuget\packages\microsoft.netcore.app.ref\3.0.0\ref\netcoreapp3.0\System.Diagnostics.FileVersionInfo.dll
1>                    Private=false
1>                    PublicKeyToken=b03f5f7f11d50a3a
1>                    ReferenceSourceTarget=ResolveAssemblyReference
1>                    ResolvedFrom={RawFileName}
1>                    Version=
1>            C:\Users\hansnguyen\.nuget\packages\microsoft.windowsdesktop.app.ref\3.0.0\ref\netcoreapp3.0\System.Diagnostics.PerformanceCounter.dll
1>                    AssemblyVersion=4.0.1.0
1>                    CopyLocal=false
1>                    ExternallyResolved=true
1>                    FileVersion=4.700.19.37515
1>                    FrameworkReferenceName=Microsoft.WindowsDesktop.App.WPF
1>                    FrameworkReferenceVersion=3.0.0
1>                    FusionName=System.Diagnostics.PerformanceCounter, Version=4.0.1.0, Culture=neutral, PublicKeyToken=cc7b13ffcd2ddd51
1>                    ImageRuntime=v4.0.30319
1>                    NuGetPackageId=Microsoft.WindowsDesktop.App.Ref
1>                    NuGetPackageVersion=3.0.0
1>                    OriginalItemSpec=C:\Users\hansnguyen\.nuget\packages\microsoft.windowsdesktop.app.ref\3.0.0\ref\netcoreapp3.0\System.Diagnostics.PerformanceCounter.dll
1>                    Private=false
1>                    PublicKeyToken=cc7b13ffcd2ddd51
1>                    ReferenceSourceTarget=ResolveAssemblyReference
1>                    ResolvedFrom={RawFileName}
1>                    Version=
1>            C:\Users\hansnguyen\.nuget\packages\microsoft.netcore.app.ref\3.0.0\ref\netcoreapp3.0\System.Diagnostics.Process.dll
1>                    AssemblyVersion=4.2.1.0
1>                    CopyLocal=false
1>                    ExternallyResolved=true
1>                    FileVersion=4.700.19.46214
1>                    FrameworkReferenceName=Microsoft.NETCore.App
1>                    FrameworkReferenceVersion=3.0.0
1>                    FusionName=System.Diagnostics.Process, Version=4.2.1.0, Culture=neutral, PublicKeyToken=b03f5f7f11d50a3a
1>                    ImageRuntime=v4.0.30319
1>                    NuGetPackageId=Microsoft.NETCore.App.Ref
1>                    NuGetPackageVersion=3.0.0
1>                    OriginalItemSpec=C:\Users\hansnguyen\.nuget\packages\microsoft.netcore.app.ref\3.0.0\ref\netcoreapp3.0\System.Diagnostics.Process.dll
1>                    Private=false
1>                    PublicKeyToken=b03f5f7f11d50a3a
1>                    ReferenceSourceTarget=ResolveAssemblyReference
1>                    ResolvedFrom={RawFileName}
1>                    Version=
1>            C:\Users\hansnguyen\.nuget\packages\microsoft.netcore.app.ref\3.0.0\ref\netcoreapp3.0\System.Diagnostics.StackTrace.dll
1>                    AssemblyVersion=4.1.1.0
1>                    CopyLocal=false
1>                    ExternallyResolved=true
1>                    FileVersion=4.700.19.46214
1>                    FrameworkReferenceName=Microsoft.NETCore.App
1>                    FrameworkReferenceVersion=3.0.0
1>                    FusionName=System.Diagnostics.StackTrace, Version=4.1.1.0, Culture=neutral, PublicKeyToken=b03f5f7f11d50a3a
1>                    ImageRuntime=v4.0.30319
1>                    NuGetPackageId=Microsoft.NETCore.App.Ref
1>                    NuGetPackageVersion=3.0.0
1>                    OriginalItemSpec=C:\Users\hansnguyen\.nuget\packages\microsoft.netcore.app.ref\3.0.0\ref\netcoreapp3.0\System.Diagnostics.StackTrace.dll
1>                    Private=false
1>                    PublicKeyToken=b03f5f7f11d50a3a
1>                    ReferenceSourceTarget=ResolveAssemblyReference
1>                    ResolvedFrom={RawFileName}
1>                    Version=
1>            C:\Users\hansnguyen\.nuget\packages\microsoft.netcore.app.ref\3.0.0\ref\netcoreapp3.0\System.Diagnostics.TextWriterTraceListener.dll
1>                    AssemblyVersion=4.1.1.0
1>                    CopyLocal=false
1>                    ExternallyResolved=true
1>                    FileVersion=4.700.19.46214
1>                    FrameworkReferenceName=Microsoft.NETCore.App
1>                    FrameworkReferenceVersion=3.0.0
1>                    FusionName=System.Diagnostics.TextWriterTraceListener, Version=4.1.1.0, Culture=neutral, PublicKeyToken=b03f5f7f11d50a3a
1>                    ImageRuntime=v4.0.30319
1>                    NuGetPackageId=Microsoft.NETCore.App.Ref
1>                    NuGetPackageVersion=3.0.0
1>                    OriginalItemSpec=C:\Users\hansnguyen\.nuget\packages\microsoft.netcore.app.ref\3.0.0\ref\netcoreapp3.0\System.Diagnostics.TextWriterTraceListener.dll
1>                    Private=false
1>                    PublicKeyToken=b03f5f7f11d50a3a
1>                    ReferenceSourceTarget=ResolveAssemblyReference
1>                    ResolvedFrom={RawFileName}
1>                    Version=
1>            C:\Users\hansnguyen\.nuget\packages\microsoft.netcore.app.ref\3.0.0\ref\netcoreapp3.0\System.Diagnostics.Tools.dll
1>                    AssemblyVersion=4.1.1.0
1>                    CopyLocal=false
1>                    ExternallyResolved=true
1>                    FileVersion=4.700.19.46214
1>                    FrameworkReferenceName=Microsoft.NETCore.App
1>                    FrameworkReferenceVersion=3.0.0
1>                    FusionName=System.Diagnostics.Tools, Version=4.1.1.0, Culture=neutral, PublicKeyToken=b03f5f7f11d50a3a
1>                    ImageRuntime=v4.0.30319
1>                    NuGetPackageId=Microsoft.NETCore.App.Ref
1>                    NuGetPackageVersion=3.0.0
1>                    OriginalItemSpec=C:\Users\hansnguyen\.nuget\packages\microsoft.netcore.app.ref\3.0.0\ref\netcoreapp3.0\System.Diagnostics.Tools.dll
1>                    Private=false
1>                    PublicKeyToken=b03f5f7f11d50a3a
1>                    ReferenceSourceTarget=ResolveAssemblyReference
1>                    ResolvedFrom={RawFileName}
1>                    Version=
1>            C:\Users\hansnguyen\.nuget\packages\microsoft.netcore.app.ref\3.0.0\ref\netcoreapp3.0\System.Diagnostics.TraceSource.dll
1>                    AssemblyVersion=4.1.1.0
1>                    CopyLocal=false
1>                    ExternallyResolved=true
1>                    FileVersion=4.700.19.46214
1>                    FrameworkReferenceName=Microsoft.NETCore.App
1>                    FrameworkReferenceVersion=3.0.0
1>                    FusionName=System.Diagnostics.TraceSource, Version=4.1.1.0, Culture=neutral, PublicKeyToken=b03f5f7f11d50a3a
1>                    ImageRuntime=v4.0.30319
1>                    NuGetPackageId=Microsoft.NETCore.App.Ref
1>                    NuGetPackageVersion=3.0.0
1>                    OriginalItemSpec=C:\Users\hansnguyen\.nuget\packages\microsoft.netcore.app.ref\3.0.0\ref\netcoreapp3.0\System.Diagnostics.TraceSource.dll
1>                    Private=false
1>                    PublicKeyToken=b03f5f7f11d50a3a
1>                    ReferenceSourceTarget=ResolveAssemblyReference
1>                    ResolvedFrom={RawFileName}
1>                    Version=
1>            C:\Users\hansnguyen\.nuget\packages\microsoft.netcore.app.ref\3.0.0\ref\netcoreapp3.0\System.Diagnostics.Tracing.dll
1>                    AssemblyVersion=4.2.1.0
1>                    CopyLocal=false
1>                    ExternallyResolved=true
1>                    FileVersion=4.700.19.46214
1>                    FrameworkReferenceName=Microsoft.NETCore.App
1>                    FrameworkReferenceVersion=3.0.0
1>                    FusionName=System.Diagnostics.Tracing, Version=4.2.1.0, Culture=neutral, PublicKeyToken=b03f5f7f11d50a3a
1>                    ImageRuntime=v4.0.30319
1>                    NuGetPackageId=Microsoft.NETCore.App.Ref
1>                    NuGetPackageVersion=3.0.0
1>                    OriginalItemSpec=C:\Users\hansnguyen\.nuget\packages\microsoft.netcore.app.ref\3.0.0\ref\netcoreapp3.0\System.Diagnostics.Tracing.dll
1>                    Private=false
1>                    PublicKeyToken=b03f5f7f11d50a3a
1>                    ReferenceSourceTarget=ResolveAssemblyReference
1>                    ResolvedFrom={RawFileName}
1>                    Version=
1>            C:\Users\hansnguyen\.nuget\packages\microsoft.windowsdesktop.app.ref\3.0.0\ref\netcoreapp3.0\System.DirectoryServices.dll
1>                    AssemblyVersion=4.0.0.0
1>                    CopyLocal=false
1>                    ExternallyResolved=true
1>                    FileVersion=4.700.19.46214
1>                    FrameworkReferenceName=Microsoft.WindowsDesktop.App.WPF
1>                    FrameworkReferenceVersion=3.0.0
1>                    FusionName=System.DirectoryServices, Version=4.0.0.0, Culture=neutral, PublicKeyToken=b03f5f7f11d50a3a
1>                    ImageRuntime=v4.0.30319
1>                    NuGetPackageId=Microsoft.WindowsDesktop.App.Ref
1>                    NuGetPackageVersion=3.0.0
1>                    OriginalItemSpec=C:\Users\hansnguyen\.nuget\packages\microsoft.windowsdesktop.app.ref\3.0.0\ref\netcoreapp3.0\System.DirectoryServices.dll
1>                    Private=false
1>                    PublicKeyToken=b03f5f7f11d50a3a
1>                    ReferenceSourceTarget=ResolveAssemblyReference
1>                    ResolvedFrom={RawFileName}
1>                    Version=
1>            C:\Users\hansnguyen\.nuget\packages\microsoft.netcore.app.ref\3.0.0\ref\netcoreapp3.0\System.dll
1>                    AssemblyVersion=4.0.0.0
1>                    CopyLocal=false
1>                    ExternallyResolved=true
1>                    FileVersion=4.700.19.46214
1>                    FrameworkReferenceName=Microsoft.NETCore.App
1>                    FrameworkReferenceVersion=3.0.0
1>                    FusionName=System, Version=4.0.0.0, Culture=neutral, PublicKeyToken=b77a5c561934e089
1>                    ImageRuntime=v4.0.30319
1>                    NuGetPackageId=Microsoft.NETCore.App.Ref
1>                    NuGetPackageVersion=3.0.0
1>                    OriginalItemSpec=C:\Users\hansnguyen\.nuget\packages\microsoft.netcore.app.ref\3.0.0\ref\netcoreapp3.0\System.dll
1>                    Private=false
1>                    PublicKeyToken=b77a5c561934e089
1>                    ReferenceSourceTarget=ResolveAssemblyReference
1>                    ResolvedFrom={RawFileName}
1>                    Version=
1>            C:\Users\hansnguyen\.nuget\packages\microsoft.netcore.app.ref\3.0.0\ref\netcoreapp3.0\System.Drawing.dll
1>                    AssemblyVersion=4.0.0.0
1>                    CopyLocal=false
1>                    ExternallyResolved=true
1>                    FileVersion=4.700.19.46214
1>                    FrameworkReferenceName=Microsoft.NETCore.App
1>                    FrameworkReferenceVersion=3.0.0
1>                    FusionName=System.Drawing, Version=4.0.0.0, Culture=neutral, PublicKeyToken=b03f5f7f11d50a3a
1>                    ImageRuntime=v4.0.30319
1>                    NuGetPackageId=Microsoft.NETCore.App.Ref
1>                    NuGetPackageVersion=3.0.0
1>                    OriginalItemSpec=C:\Users\hansnguyen\.nuget\packages\microsoft.netcore.app.ref\3.0.0\ref\netcoreapp3.0\System.Drawing.dll
1>                    Private=false
1>                    PublicKeyToken=b03f5f7f11d50a3a
1>                    ReferenceSourceTarget=ResolveAssemblyReference
1>                    ResolvedFrom={RawFileName}
1>                    Version=
1>            C:\Users\hansnguyen\.nuget\packages\microsoft.netcore.app.ref\3.0.0\ref\netcoreapp3.0\System.Drawing.Primitives.dll
1>                    AssemblyVersion=4.2.0.0
1>                    CopyLocal=false
1>                    ExternallyResolved=true
1>                    FileVersion=4.700.19.46214
1>                    FrameworkReferenceName=Microsoft.NETCore.App
1>                    FrameworkReferenceVersion=3.0.0
1>                    FusionName=System.Drawing.Primitives, Version=4.2.0.0, Culture=neutral, PublicKeyToken=b03f5f7f11d50a3a
1>                    ImageRuntime=v4.0.30319
1>                    NuGetPackageId=Microsoft.NETCore.App.Ref
1>                    NuGetPackageVersion=3.0.0
1>                    OriginalItemSpec=C:\Users\hansnguyen\.nuget\packages\microsoft.netcore.app.ref\3.0.0\ref\netcoreapp3.0\System.Drawing.Primitives.dll
1>                    Private=false
1>                    PublicKeyToken=b03f5f7f11d50a3a
1>                    ReferenceSourceTarget=ResolveAssemblyReference
1>                    ResolvedFrom={RawFileName}
1>                    Version=
1>            C:\Users\hansnguyen\.nuget\packages\microsoft.netcore.app.ref\3.0.0\ref\netcoreapp3.0\System.Dynamic.Runtime.dll
1>                    AssemblyVersion=4.1.1.0
1>                    CopyLocal=false
1>                    ExternallyResolved=true
1>                    FileVersion=4.700.19.46214
1>                    FrameworkReferenceName=Microsoft.NETCore.App
1>                    FrameworkReferenceVersion=3.0.0
1>                    FusionName=System.Dynamic.Runtime, Version=4.1.1.0, Culture=neutral, PublicKeyToken=b03f5f7f11d50a3a
1>                    ImageRuntime=v4.0.30319
1>                    NuGetPackageId=Microsoft.NETCore.App.Ref
1>                    NuGetPackageVersion=3.0.0
1>                    OriginalItemSpec=C:\Users\hansnguyen\.nuget\packages\microsoft.netcore.app.ref\3.0.0\ref\netcoreapp3.0\System.Dynamic.Runtime.dll
1>                    Private=false
1>                    PublicKeyToken=b03f5f7f11d50a3a
1>                    ReferenceSourceTarget=ResolveAssemblyReference
1>                    ResolvedFrom={RawFileName}
1>                    Version=
1>            C:\Users\hansnguyen\.nuget\packages\microsoft.netcore.app.ref\3.0.0\ref\netcoreapp3.0\System.Globalization.Calendars.dll
1>                    AssemblyVersion=4.1.1.0
1>                    CopyLocal=false
1>                    ExternallyResolved=true
1>                    FileVersion=4.700.19.46214
1>                    FrameworkReferenceName=Microsoft.NETCore.App
1>                    FrameworkReferenceVersion=3.0.0
1>                    FusionName=System.Globalization.Calendars, Version=4.1.1.0, Culture=neutral, PublicKeyToken=b03f5f7f11d50a3a
1>                    ImageRuntime=v4.0.30319
1>                    NuGetPackageId=Microsoft.NETCore.App.Ref
1>                    NuGetPackageVersion=3.0.0
1>                    OriginalItemSpec=C:\Users\hansnguyen\.nuget\packages\microsoft.netcore.app.ref\3.0.0\ref\netcoreapp3.0\System.Globalization.Calendars.dll
1>                    Private=false
1>                    PublicKeyToken=b03f5f7f11d50a3a
1>                    ReferenceSourceTarget=ResolveAssemblyReference
1>                    ResolvedFrom={RawFileName}
1>                    Version=
1>            C:\Users\hansnguyen\.nuget\packages\microsoft.netcore.app.ref\3.0.0\ref\netcoreapp3.0\System.Globalization.dll
1>                    AssemblyVersion=4.1.1.0
1>                    CopyLocal=false
1>                    ExternallyResolved=true
1>                    FileVersion=4.700.19.46214
1>                    FrameworkReferenceName=Microsoft.NETCore.App
1>                    FrameworkReferenceVersion=3.0.0
1>                    FusionName=System.Globalization, Version=4.1.1.0, Culture=neutral, PublicKeyToken=b03f5f7f11d50a3a
1>                    ImageRuntime=v4.0.30319
1>                    NuGetPackageId=Microsoft.NETCore.App.Ref
1>                    NuGetPackageVersion=3.0.0
1>                    OriginalItemSpec=C:\Users\hansnguyen\.nuget\packages\microsoft.netcore.app.ref\3.0.0\ref\netcoreapp3.0\System.Globalization.dll
1>                    Private=false
1>                    PublicKeyToken=b03f5f7f11d50a3a
1>                    ReferenceSourceTarget=ResolveAssemblyReference
1>                    ResolvedFrom={RawFileName}
1>                    Version=
1>            C:\Users\hansnguyen\.nuget\packages\microsoft.netcore.app.ref\3.0.0\ref\netcoreapp3.0\System.Globalization.Extensions.dll
1>                    AssemblyVersion=4.1.1.0
1>                    CopyLocal=false
1>                    ExternallyResolved=true
1>                    FileVersion=4.700.19.46214
1>                    FrameworkReferenceName=Microsoft.NETCore.App
1>                    FrameworkReferenceVersion=3.0.0
1>                    FusionName=System.Globalization.Extensions, Version=4.1.1.0, Culture=neutral, PublicKeyToken=b03f5f7f11d50a3a
1>                    ImageRuntime=v4.0.30319
1>                    NuGetPackageId=Microsoft.NETCore.App.Ref
1>                    NuGetPackageVersion=3.0.0
1>                    OriginalItemSpec=C:\Users\hansnguyen\.nuget\packages\microsoft.netcore.app.ref\3.0.0\ref\netcoreapp3.0\System.Globalization.Extensions.dll
1>                    Private=false
1>                    PublicKeyToken=b03f5f7f11d50a3a
1>                    ReferenceSourceTarget=ResolveAssemblyReference
1>                    ResolvedFrom={RawFileName}
1>                    Version=
1>            C:\Users\hansnguyen\.nuget\packages\microsoft.netcore.app.ref\3.0.0\ref\netcoreapp3.0\System.IO.Compression.Brotli.dll
1>                    AssemblyVersion=4.2.1.0
1>                    CopyLocal=false
1>                    ExternallyResolved=true
1>                    FileVersion=4.700.19.46214
1>                    FrameworkReferenceName=Microsoft.NETCore.App
1>                    FrameworkReferenceVersion=3.0.0
1>                    FusionName=System.IO.Compression.Brotli, Version=4.2.1.0, Culture=neutral, PublicKeyToken=b77a5c561934e089
1>                    ImageRuntime=v4.0.30319
1>                    NuGetPackageId=Microsoft.NETCore.App.Ref
1>                    NuGetPackageVersion=3.0.0
1>                    OriginalItemSpec=C:\Users\hansnguyen\.nuget\packages\microsoft.netcore.app.ref\3.0.0\ref\netcoreapp3.0\System.IO.Compression.Brotli.dll
1>                    Private=false
1>                    PublicKeyToken=b77a5c561934e089
1>                    ReferenceSourceTarget=ResolveAssemblyReference
1>                    ResolvedFrom={RawFileName}
1>                    Version=
1>            C:\Users\hansnguyen\.nuget\packages\microsoft.netcore.app.ref\3.0.0\ref\netcoreapp3.0\System.IO.Compression.dll
1>                    AssemblyVersion=4.2.1.0
1>                    CopyLocal=false
1>                    ExternallyResolved=true
1>                    FileVersion=4.700.19.46214
1>                    FrameworkReferenceName=Microsoft.NETCore.App
1>                    FrameworkReferenceVersion=3.0.0
1>                    FusionName=System.IO.Compression, Version=4.2.1.0, Culture=neutral, PublicKeyToken=b77a5c561934e089
1>                    ImageRuntime=v4.0.30319
1>                    NuGetPackageId=Microsoft.NETCore.App.Ref
1>                    NuGetPackageVersion=3.0.0
1>                    OriginalItemSpec=C:\Users\hansnguyen\.nuget\packages\microsoft.netcore.app.ref\3.0.0\ref\netcoreapp3.0\System.IO.Compression.dll
1>                    Private=false
1>                    PublicKeyToken=b77a5c561934e089
1>                    ReferenceSourceTarget=ResolveAssemblyReference
1>                    ResolvedFrom={RawFileName}
1>                    Version=
1>            C:\Users\hansnguyen\.nuget\packages\microsoft.netcore.app.ref\3.0.0\ref\netcoreapp3.0\System.IO.Compression.FileSystem.dll
1>                    AssemblyVersion=4.0.0.0
1>                    CopyLocal=false
1>                    ExternallyResolved=true
1>                    FileVersion=4.700.19.46214
1>                    FrameworkReferenceName=Microsoft.NETCore.App
1>                    FrameworkReferenceVersion=3.0.0
1>                    FusionName=System.IO.Compression.FileSystem, Version=4.0.0.0, Culture=neutral, PublicKeyToken=b77a5c561934e089
1>                    ImageRuntime=v4.0.30319
1>                    NuGetPackageId=Microsoft.NETCore.App.Ref
1>                    NuGetPackageVersion=3.0.0
1>                    OriginalItemSpec=C:\Users\hansnguyen\.nuget\packages\microsoft.netcore.app.ref\3.0.0\ref\netcoreapp3.0\System.IO.Compression.FileSystem.dll
1>                    Private=false
1>                    PublicKeyToken=b77a5c561934e089
1>                    ReferenceSourceTarget=ResolveAssemblyReference
1>                    ResolvedFrom={RawFileName}
1>                    Version=
1>            C:\Users\hansnguyen\.nuget\packages\microsoft.netcore.app.ref\3.0.0\ref\netcoreapp3.0\System.IO.Compression.ZipFile.dll
1>                    AssemblyVersion=4.0.4.0
1>                    CopyLocal=false
1>                    ExternallyResolved=true
1>                    FileVersion=4.700.19.46214
1>                    FrameworkReferenceName=Microsoft.NETCore.App
1>                    FrameworkReferenceVersion=3.0.0
1>                    FusionName=System.IO.Compression.ZipFile, Version=4.0.4.0, Culture=neutral, PublicKeyToken=b77a5c561934e089
1>                    ImageRuntime=v4.0.30319
1>                    NuGetPackageId=Microsoft.NETCore.App.Ref
1>                    NuGetPackageVersion=3.0.0
1>                    OriginalItemSpec=C:\Users\hansnguyen\.nuget\packages\microsoft.netcore.app.ref\3.0.0\ref\netcoreapp3.0\System.IO.Compression.ZipFile.dll
1>                    Private=false
1>                    PublicKeyToken=b77a5c561934e089
1>                    ReferenceSourceTarget=ResolveAssemblyReference
1>                    ResolvedFrom={RawFileName}
1>                    Version=
1>            C:\Users\hansnguyen\.nuget\packages\microsoft.netcore.app.ref\3.0.0\ref\netcoreapp3.0\System.IO.dll
1>                    AssemblyVersion=4.2.1.0
1>                    CopyLocal=false
1>                    ExternallyResolved=true
1>                    FileVersion=4.700.19.46214
1>                    FrameworkReferenceName=Microsoft.NETCore.App
1>                    FrameworkReferenceVersion=3.0.0
1>                    FusionName=System.IO, Version=4.2.1.0, Culture=neutral, PublicKeyToken=b03f5f7f11d50a3a
1>                    ImageRuntime=v4.0.30319
1>                    NuGetPackageId=Microsoft.NETCore.App.Ref
1>                    NuGetPackageVersion=3.0.0
1>                    OriginalItemSpec=C:\Users\hansnguyen\.nuget\packages\microsoft.netcore.app.ref\3.0.0\ref\netcoreapp3.0\System.IO.dll
1>                    Private=false
1>                    PublicKeyToken=b03f5f7f11d50a3a
1>                    ReferenceSourceTarget=ResolveAssemblyReference
1>                    ResolvedFrom={RawFileName}
1>                    Version=
1>            C:\Users\hansnguyen\.nuget\packages\microsoft.windowsdesktop.app.ref\3.0.0\ref\netcoreapp3.0\System.IO.FileSystem.AccessControl.dll
1>                    AssemblyVersion=4.0.4.0
1>                    CopyLocal=false
1>                    ExternallyResolved=true
1>                    FileVersion=4.700.19.46214
1>                    FrameworkReferenceName=Microsoft.WindowsDesktop.App.WPF
1>                    FrameworkReferenceVersion=3.0.0
1>                    FusionName=System.IO.FileSystem.AccessControl, Version=4.0.4.0, Culture=neutral, PublicKeyToken=b03f5f7f11d50a3a
1>                    ImageRuntime=v4.0.30319
1>                    NuGetPackageId=Microsoft.WindowsDesktop.App.Ref
1>                    NuGetPackageVersion=3.0.0
1>                    OriginalItemSpec=C:\Users\hansnguyen\.nuget\packages\microsoft.windowsdesktop.app.ref\3.0.0\ref\netcoreapp3.0\System.IO.FileSystem.AccessControl.dll
1>                    Private=false
1>                    PublicKeyToken=b03f5f7f11d50a3a
1>                    ReferenceSourceTarget=ResolveAssemblyReference
1>                    ResolvedFrom={RawFileName}
1>                    Version=
1>            C:\Users\hansnguyen\.nuget\packages\microsoft.netcore.app.ref\3.0.0\ref\netcoreapp3.0\System.IO.FileSystem.dll
1>                    AssemblyVersion=4.1.1.0
1>                    CopyLocal=false
1>                    ExternallyResolved=true
1>                    FileVersion=4.700.19.46214
1>                    FrameworkReferenceName=Microsoft.NETCore.App
1>                    FrameworkReferenceVersion=3.0.0
1>                    FusionName=System.IO.FileSystem, Version=4.1.1.0, Culture=neutral, PublicKeyToken=b03f5f7f11d50a3a
1>                    ImageRuntime=v4.0.30319
1>                    NuGetPackageId=Microsoft.NETCore.App.Ref
1>                    NuGetPackageVersion=3.0.0
1>                    OriginalItemSpec=C:\Users\hansnguyen\.nuget\packages\microsoft.netcore.app.ref\3.0.0\ref\netcoreapp3.0\System.IO.FileSystem.dll
1>                    Private=false
1>                    PublicKeyToken=b03f5f7f11d50a3a
1>                    ReferenceSourceTarget=ResolveAssemblyReference
1>                    ResolvedFrom={RawFileName}
1>                    Version=
1>            C:\Users\hansnguyen\.nuget\packages\microsoft.netcore.app.ref\3.0.0\ref\netcoreapp3.0\System.IO.FileSystem.DriveInfo.dll
1>                    AssemblyVersion=4.1.1.0
1>                    CopyLocal=false
1>                    ExternallyResolved=true
1>                    FileVersion=4.700.19.46214
1>                    FrameworkReferenceName=Microsoft.NETCore.App
1>                    FrameworkReferenceVersion=3.0.0
1>                    FusionName=System.IO.FileSystem.DriveInfo, Version=4.1.1.0, Culture=neutral, PublicKeyToken=b03f5f7f11d50a3a
1>                    ImageRuntime=v4.0.30319
1>                    NuGetPackageId=Microsoft.NETCore.App.Ref
1>                    NuGetPackageVersion=3.0.0
1>                    OriginalItemSpec=C:\Users\hansnguyen\.nuget\packages\microsoft.netcore.app.ref\3.0.0\ref\netcoreapp3.0\System.IO.FileSystem.DriveInfo.dll
1>                    Private=false
1>                    PublicKeyToken=b03f5f7f11d50a3a
1>                    ReferenceSourceTarget=ResolveAssemblyReference
1>                    ResolvedFrom={RawFileName}
1>                    Version=
1>            C:\Users\hansnguyen\.nuget\packages\microsoft.netcore.app.ref\3.0.0\ref\netcoreapp3.0\System.IO.FileSystem.Primitives.dll
1>                    AssemblyVersion=4.1.1.0
1>                    CopyLocal=false
1>                    ExternallyResolved=true
1>                    FileVersion=4.700.19.46214
1>                    FrameworkReferenceName=Microsoft.NETCore.App
1>                    FrameworkReferenceVersion=3.0.0
1>                    FusionName=System.IO.FileSystem.Primitives, Version=4.1.1.0, Culture=neutral, PublicKeyToken=b03f5f7f11d50a3a
1>                    ImageRuntime=v4.0.30319
1>                    NuGetPackageId=Microsoft.NETCore.App.Ref
1>                    NuGetPackageVersion=3.0.0
1>                    OriginalItemSpec=C:\Users\hansnguyen\.nuget\packages\microsoft.netcore.app.ref\3.0.0\ref\netcoreapp3.0\System.IO.FileSystem.Primitives.dll
1>                    Private=false
1>                    PublicKeyToken=b03f5f7f11d50a3a
1>                    ReferenceSourceTarget=ResolveAssemblyReference
1>                    ResolvedFrom={RawFileName}
1>                    Version=
1>            C:\Users\hansnguyen\.nuget\packages\microsoft.netcore.app.ref\3.0.0\ref\netcoreapp3.0\System.IO.FileSystem.Watcher.dll
1>                    AssemblyVersion=4.1.1.0
1>                    CopyLocal=false
1>                    ExternallyResolved=true
1>                    FileVersion=4.700.19.46214
1>                    FrameworkReferenceName=Microsoft.NETCore.App
1>                    FrameworkReferenceVersion=3.0.0
1>                    FusionName=System.IO.FileSystem.Watcher, Version=4.1.1.0, Culture=neutral, PublicKeyToken=b03f5f7f11d50a3a
1>                    ImageRuntime=v4.0.30319
1>                    NuGetPackageId=Microsoft.NETCore.App.Ref
1>                    NuGetPackageVersion=3.0.0
1>                    OriginalItemSpec=C:\Users\hansnguyen\.nuget\packages\microsoft.netcore.app.ref\3.0.0\ref\netcoreapp3.0\System.IO.FileSystem.Watcher.dll
1>                    Private=false
1>                    PublicKeyToken=b03f5f7f11d50a3a
1>                    ReferenceSourceTarget=ResolveAssemblyReference
1>                    ResolvedFrom={RawFileName}
1>                    Version=
1>            C:\Users\hansnguyen\.nuget\packages\microsoft.netcore.app.ref\3.0.0\ref\netcoreapp3.0\System.IO.IsolatedStorage.dll
1>                    AssemblyVersion=4.1.1.0
1>                    CopyLocal=false
1>                    ExternallyResolved=true
1>                    FileVersion=4.700.19.46214
1>                    FrameworkReferenceName=Microsoft.NETCore.App
1>                    FrameworkReferenceVersion=3.0.0
1>                    FusionName=System.IO.IsolatedStorage, Version=4.1.1.0, Culture=neutral, PublicKeyToken=b03f5f7f11d50a3a
1>                    ImageRuntime=v4.0.30319
1>                    NuGetPackageId=Microsoft.NETCore.App.Ref
1>                    NuGetPackageVersion=3.0.0
1>                    OriginalItemSpec=C:\Users\hansnguyen\.nuget\packages\microsoft.netcore.app.ref\3.0.0\ref\netcoreapp3.0\System.IO.IsolatedStorage.dll
1>                    Private=false
1>                    PublicKeyToken=b03f5f7f11d50a3a
1>                    ReferenceSourceTarget=ResolveAssemblyReference
1>                    ResolvedFrom={RawFileName}
1>                    Version=
1>            C:\Users\hansnguyen\.nuget\packages\microsoft.netcore.app.ref\3.0.0\ref\netcoreapp3.0\System.IO.MemoryMappedFiles.dll
1>                    AssemblyVersion=4.1.1.0
1>                    CopyLocal=false
1>                    ExternallyResolved=true
1>                    FileVersion=4.700.19.46214
1>                    FrameworkReferenceName=Microsoft.NETCore.App
1>                    FrameworkReferenceVersion=3.0.0
1>                    FusionName=System.IO.MemoryMappedFiles, Version=4.1.1.0, Culture=neutral, PublicKeyToken=b03f5f7f11d50a3a
1>                    ImageRuntime=v4.0.30319
1>                    NuGetPackageId=Microsoft.NETCore.App.Ref
1>                    NuGetPackageVersion=3.0.0
1>                    OriginalItemSpec=C:\Users\hansnguyen\.nuget\packages\microsoft.netcore.app.ref\3.0.0\ref\netcoreapp3.0\System.IO.MemoryMappedFiles.dll
1>                    Private=false
1>                    PublicKeyToken=b03f5f7f11d50a3a
1>                    ReferenceSourceTarget=ResolveAssemblyReference
1>                    ResolvedFrom={RawFileName}
1>                    Version=
1>            C:\Users\hansnguyen\.nuget\packages\microsoft.windowsdesktop.app.ref\3.0.0\ref\netcoreapp3.0\System.IO.Packaging.dll
1>                    AssemblyVersion=4.0.4.0
1>                    CopyLocal=false
1>                    ExternallyResolved=true
1>                    FileVersion=4.700.19.46214
1>                    FrameworkReferenceName=Microsoft.WindowsDesktop.App.WPF
1>                    FrameworkReferenceVersion=3.0.0
1>                    FusionName=System.IO.Packaging, Version=4.0.4.0, Culture=neutral, PublicKeyToken=b03f5f7f11d50a3a
1>                    ImageRuntime=v4.0.30319
1>                    NuGetPackageId=Microsoft.WindowsDesktop.App.Ref
1>                    NuGetPackageVersion=3.0.0
1>                    OriginalItemSpec=C:\Users\hansnguyen\.nuget\packages\microsoft.windowsdesktop.app.ref\3.0.0\ref\netcoreapp3.0\System.IO.Packaging.dll
1>                    Private=false
1>                    PublicKeyToken=b03f5f7f11d50a3a
1>                    ReferenceSourceTarget=ResolveAssemblyReference
1>                    ResolvedFrom={RawFileName}
1>                    Version=
1>            C:\Users\hansnguyen\.nuget\packages\microsoft.windowsdesktop.app.ref\3.0.0\ref\netcoreapp3.0\System.IO.Pipes.AccessControl.dll
1>                    AssemblyVersion=4.0.3.0
1>                    CopyLocal=false
1>                    ExternallyResolved=true
1>                    FileVersion=4.6.26606.5
1>                    FrameworkReferenceName=Microsoft.WindowsDesktop.App.WPF
1>                    FrameworkReferenceVersion=3.0.0
1>                    FusionName=System.IO.Pipes.AccessControl, Version=4.0.3.0, Culture=neutral, PublicKeyToken=b03f5f7f11d50a3a
1>                    ImageRuntime=v4.0.30319
1>                    NuGetPackageId=Microsoft.WindowsDesktop.App.Ref
1>                    NuGetPackageVersion=3.0.0
1>                    OriginalItemSpec=C:\Users\hansnguyen\.nuget\packages\microsoft.windowsdesktop.app.ref\3.0.0\ref\netcoreapp3.0\System.IO.Pipes.AccessControl.dll
1>                    Private=false
1>                    PublicKeyToken=b03f5f7f11d50a3a
1>                    ReferenceSourceTarget=ResolveAssemblyReference
1>                    ResolvedFrom={RawFileName}
1>                    Version=
1>            C:\Users\hansnguyen\.nuget\packages\microsoft.netcore.app.ref\3.0.0\ref\netcoreapp3.0\System.IO.Pipes.dll
1>                    AssemblyVersion=4.1.1.0
1>                    CopyLocal=false
1>                    ExternallyResolved=true
1>                    FileVersion=4.700.19.46214
1>                    FrameworkReferenceName=Microsoft.NETCore.App
1>                    FrameworkReferenceVersion=3.0.0
1>                    FusionName=System.IO.Pipes, Version=4.1.1.0, Culture=neutral, PublicKeyToken=b03f5f7f11d50a3a
1>                    ImageRuntime=v4.0.30319
1>                    NuGetPackageId=Microsoft.NETCore.App.Ref
1>                    NuGetPackageVersion=3.0.0
1>                    OriginalItemSpec=C:\Users\hansnguyen\.nuget\packages\microsoft.netcore.app.ref\3.0.0\ref\netcoreapp3.0\System.IO.Pipes.dll
1>                    Private=false
1>                    PublicKeyToken=b03f5f7f11d50a3a
1>                    ReferenceSourceTarget=ResolveAssemblyReference
1>                    ResolvedFrom={RawFileName}
1>                    Version=
1>            C:\Users\hansnguyen\.nuget\packages\microsoft.netcore.app.ref\3.0.0\ref\netcoreapp3.0\System.IO.UnmanagedMemoryStream.dll
1>                    AssemblyVersion=4.1.1.0
1>                    CopyLocal=false
1>                    ExternallyResolved=true
1>                    FileVersion=4.700.19.46214
1>                    FrameworkReferenceName=Microsoft.NETCore.App
1>                    FrameworkReferenceVersion=3.0.0
1>                    FusionName=System.IO.UnmanagedMemoryStream, Version=4.1.1.0, Culture=neutral, PublicKeyToken=b03f5f7f11d50a3a
1>                    ImageRuntime=v4.0.30319
1>                    NuGetPackageId=Microsoft.NETCore.App.Ref
1>                    NuGetPackageVersion=3.0.0
1>                    OriginalItemSpec=C:\Users\hansnguyen\.nuget\packages\microsoft.netcore.app.ref\3.0.0\ref\netcoreapp3.0\System.IO.UnmanagedMemoryStream.dll
1>                    Private=false
1>                    PublicKeyToken=b03f5f7f11d50a3a
1>                    ReferenceSourceTarget=ResolveAssemblyReference
1>                    ResolvedFrom={RawFileName}
1>                    Version=
1>            C:\Users\hansnguyen\.nuget\packages\microsoft.netcore.app.ref\3.0.0\ref\netcoreapp3.0\System.Linq.dll
1>                    AssemblyVersion=4.2.1.0
1>                    CopyLocal=false
1>                    ExternallyResolved=true
1>                    FileVersion=4.700.19.46214
1>                    FrameworkReferenceName=Microsoft.NETCore.App
1>                    FrameworkReferenceVersion=3.0.0
1>                    FusionName=System.Linq, Version=4.2.1.0, Culture=neutral, PublicKeyToken=b03f5f7f11d50a3a
1>                    ImageRuntime=v4.0.30319
1>                    NuGetPackageId=Microsoft.NETCore.App.Ref
1>                    NuGetPackageVersion=3.0.0
1>                    OriginalItemSpec=C:\Users\hansnguyen\.nuget\packages\microsoft.netcore.app.ref\3.0.0\ref\netcoreapp3.0\System.Linq.dll
1>                    Private=false
1>                    PublicKeyToken=b03f5f7f11d50a3a
1>                    ReferenceSourceTarget=ResolveAssemblyReference
1>                    ResolvedFrom={RawFileName}
1>                    Version=
1>            C:\Users\hansnguyen\.nuget\packages\microsoft.netcore.app.ref\3.0.0\ref\netcoreapp3.0\System.Linq.Expressions.dll
1>                    AssemblyVersion=4.2.1.0
1>                    CopyLocal=false
1>                    ExternallyResolved=true
1>                    FileVersion=4.700.19.46214
1>                    FrameworkReferenceName=Microsoft.NETCore.App
1>                    FrameworkReferenceVersion=3.0.0
1>                    FusionName=System.Linq.Expressions, Version=4.2.1.0, Culture=neutral, PublicKeyToken=b03f5f7f11d50a3a
1>                    ImageRuntime=v4.0.30319
1>                    NuGetPackageId=Microsoft.NETCore.App.Ref
1>                    NuGetPackageVersion=3.0.0
1>                    OriginalItemSpec=C:\Users\hansnguyen\.nuget\packages\microsoft.netcore.app.ref\3.0.0\ref\netcoreapp3.0\System.Linq.Expressions.dll
1>                    Private=false
1>                    PublicKeyToken=b03f5f7f11d50a3a
1>                    ReferenceSourceTarget=ResolveAssemblyReference
1>                    ResolvedFrom={RawFileName}
1>                    Version=
1>            C:\Users\hansnguyen\.nuget\packages\microsoft.netcore.app.ref\3.0.0\ref\netcoreapp3.0\System.Linq.Parallel.dll
1>                    AssemblyVersion=4.0.3.0
1>                    CopyLocal=false
1>                    ExternallyResolved=true
1>                    FileVersion=4.700.19.46214
1>                    FrameworkReferenceName=Microsoft.NETCore.App
1>                    FrameworkReferenceVersion=3.0.0
1>                    FusionName=System.Linq.Parallel, Version=4.0.3.0, Culture=neutral, PublicKeyToken=b03f5f7f11d50a3a
1>                    ImageRuntime=v4.0.30319
1>                    NuGetPackageId=Microsoft.NETCore.App.Ref
1>                    NuGetPackageVersion=3.0.0
1>                    OriginalItemSpec=C:\Users\hansnguyen\.nuget\packages\microsoft.netcore.app.ref\3.0.0\ref\netcoreapp3.0\System.Linq.Parallel.dll
1>                    Private=false
1>                    PublicKeyToken=b03f5f7f11d50a3a
1>                    ReferenceSourceTarget=ResolveAssemblyReference
1>                    ResolvedFrom={RawFileName}
1>                    Version=
1>            C:\Users\hansnguyen\.nuget\packages\microsoft.netcore.app.ref\3.0.0\ref\netcoreapp3.0\System.Linq.Queryable.dll
1>                    AssemblyVersion=4.0.3.0
1>                    CopyLocal=false
1>                    ExternallyResolved=true
1>                    FileVersion=4.700.19.46214
1>                    FrameworkReferenceName=Microsoft.NETCore.App
1>                    FrameworkReferenceVersion=3.0.0
1>                    FusionName=System.Linq.Queryable, Version=4.0.3.0, Culture=neutral, PublicKeyToken=b03f5f7f11d50a3a
1>                    ImageRuntime=v4.0.30319
1>                    NuGetPackageId=Microsoft.NETCore.App.Ref
1>                    NuGetPackageVersion=3.0.0
1>                    OriginalItemSpec=C:\Users\hansnguyen\.nuget\packages\microsoft.netcore.app.ref\3.0.0\ref\netcoreapp3.0\System.Linq.Queryable.dll
1>                    Private=false
1>                    PublicKeyToken=b03f5f7f11d50a3a
1>                    ReferenceSourceTarget=ResolveAssemblyReference
1>                    ResolvedFrom={RawFileName}
1>                    Version=
1>            C:\Users\hansnguyen\.nuget\packages\microsoft.netcore.app.ref\3.0.0\ref\netcoreapp3.0\System.Memory.dll
1>                    AssemblyVersion=4.2.0.0
1>                    CopyLocal=false
1>                    ExternallyResolved=true
1>                    FileVersion=4.700.19.46214
1>                    FrameworkReferenceName=Microsoft.NETCore.App
1>                    FrameworkReferenceVersion=3.0.0
1>                    FusionName=System.Memory, Version=4.2.0.0, Culture=neutral, PublicKeyToken=cc7b13ffcd2ddd51
1>                    ImageRuntime=v4.0.30319
1>                    NuGetPackageId=Microsoft.NETCore.App.Ref
1>                    NuGetPackageVersion=3.0.0
1>                    OriginalItemSpec=C:\Users\hansnguyen\.nuget\packages\microsoft.netcore.app.ref\3.0.0\ref\netcoreapp3.0\System.Memory.dll
1>                    Private=false
1>                    PublicKeyToken=cc7b13ffcd2ddd51
1>                    ReferenceSourceTarget=ResolveAssemblyReference
1>                    ResolvedFrom={RawFileName}
1>                    Version=
1>            C:\Users\hansnguyen\.nuget\packages\microsoft.netcore.app.ref\3.0.0\ref\netcoreapp3.0\System.Net.dll
1>                    AssemblyVersion=4.0.0.0
1>                    CopyLocal=false
1>                    ExternallyResolved=true
1>                    FileVersion=4.700.19.46214
1>                    FrameworkReferenceName=Microsoft.NETCore.App
1>                    FrameworkReferenceVersion=3.0.0
1>                    FusionName=System.Net, Version=4.0.0.0, Culture=neutral, PublicKeyToken=b03f5f7f11d50a3a
1>                    ImageRuntime=v4.0.30319
1>                    NuGetPackageId=Microsoft.NETCore.App.Ref
1>                    NuGetPackageVersion=3.0.0
1>                    OriginalItemSpec=C:\Users\hansnguyen\.nuget\packages\microsoft.netcore.app.ref\3.0.0\ref\netcoreapp3.0\System.Net.dll
1>                    Private=false
1>                    PublicKeyToken=b03f5f7f11d50a3a
1>                    ReferenceSourceTarget=ResolveAssemblyReference
1>                    ResolvedFrom={RawFileName}
1>                    Version=
1>            C:\Users\hansnguyen\.nuget\packages\microsoft.netcore.app.ref\3.0.0\ref\netcoreapp3.0\System.Net.Http.dll
1>                    AssemblyVersion=4.2.1.0
1>                    CopyLocal=false
1>                    ExternallyResolved=true
1>                    FileVersion=4.700.19.46214
1>                    FrameworkReferenceName=Microsoft.NETCore.App
1>                    FrameworkReferenceVersion=3.0.0
1>                    FusionName=System.Net.Http, Version=4.2.1.0, Culture=neutral, PublicKeyToken=b03f5f7f11d50a3a
1>                    ImageRuntime=v4.0.30319
1>                    NuGetPackageId=Microsoft.NETCore.App.Ref
1>                    NuGetPackageVersion=3.0.0
1>                    OriginalItemSpec=C:\Users\hansnguyen\.nuget\packages\microsoft.netcore.app.ref\3.0.0\ref\netcoreapp3.0\System.Net.Http.dll
1>                    Private=false
1>                    PublicKeyToken=b03f5f7f11d50a3a
1>                    ReferenceSourceTarget=ResolveAssemblyReference
1>                    ResolvedFrom={RawFileName}
1>                    Version=
1>            C:\Users\hansnguyen\.nuget\packages\microsoft.netcore.app.ref\3.0.0\ref\netcoreapp3.0\System.Net.HttpListener.dll
1>                    AssemblyVersion=4.0.1.0
1>                    CopyLocal=false
1>                    ExternallyResolved=true
1>                    FileVersion=4.700.19.46214
1>                    FrameworkReferenceName=Microsoft.NETCore.App
1>                    FrameworkReferenceVersion=3.0.0
1>                    FusionName=System.Net.HttpListener, Version=4.0.1.0, Culture=neutral, PublicKeyToken=cc7b13ffcd2ddd51
1>                    ImageRuntime=v4.0.30319
1>                    NuGetPackageId=Microsoft.NETCore.App.Ref
1>                    NuGetPackageVersion=3.0.0
1>                    OriginalItemSpec=C:\Users\hansnguyen\.nuget\packages\microsoft.netcore.app.ref\3.0.0\ref\netcoreapp3.0\System.Net.HttpListener.dll
1>                    Private=false
1>                    PublicKeyToken=cc7b13ffcd2ddd51
1>                    ReferenceSourceTarget=ResolveAssemblyReference
1>                    ResolvedFrom={RawFileName}
1>                    Version=
1>            C:\Users\hansnguyen\.nuget\packages\microsoft.netcore.app.ref\3.0.0\ref\netcoreapp3.0\System.Net.Mail.dll
1>                    AssemblyVersion=4.0.1.0
1>                    CopyLocal=false
1>                    ExternallyResolved=true
1>                    FileVersion=4.700.19.46214
1>                    FrameworkReferenceName=Microsoft.NETCore.App
1>                    FrameworkReferenceVersion=3.0.0
1>                    FusionName=System.Net.Mail, Version=4.0.1.0, Culture=neutral, PublicKeyToken=cc7b13ffcd2ddd51
1>                    ImageRuntime=v4.0.30319
1>                    NuGetPackageId=Microsoft.NETCore.App.Ref
1>                    NuGetPackageVersion=3.0.0
1>                    OriginalItemSpec=C:\Users\hansnguyen\.nuget\packages\microsoft.netcore.app.ref\3.0.0\ref\netcoreapp3.0\System.Net.Mail.dll
1>                    Private=false
1>                    PublicKeyToken=cc7b13ffcd2ddd51
1>                    ReferenceSourceTarget=ResolveAssemblyReference
1>                    ResolvedFrom={RawFileName}
1>                    Version=
1>            C:\Users\hansnguyen\.nuget\packages\microsoft.netcore.app.ref\3.0.0\ref\netcoreapp3.0\System.Net.NameResolution.dll
1>                    AssemblyVersion=4.1.1.0
1>                    CopyLocal=false
1>                    ExternallyResolved=true
1>                    FileVersion=4.700.19.46214
1>                    FrameworkReferenceName=Microsoft.NETCore.App
1>                    FrameworkReferenceVersion=3.0.0
1>                    FusionName=System.Net.NameResolution, Version=4.1.1.0, Culture=neutral, PublicKeyToken=b03f5f7f11d50a3a
1>                    ImageRuntime=v4.0.30319
1>                    NuGetPackageId=Microsoft.NETCore.App.Ref
1>                    NuGetPackageVersion=3.0.0
1>                    OriginalItemSpec=C:\Users\hansnguyen\.nuget\packages\microsoft.netcore.app.ref\3.0.0\ref\netcoreapp3.0\System.Net.NameResolution.dll
1>                    Private=false
1>                    PublicKeyToken=b03f5f7f11d50a3a
1>                    ReferenceSourceTarget=ResolveAssemblyReference
1>                    ResolvedFrom={RawFileName}
1>                    Version=
1>            C:\Users\hansnguyen\.nuget\packages\microsoft.netcore.app.ref\3.0.0\ref\netcoreapp3.0\System.Net.NetworkInformation.dll
1>                    AssemblyVersion=4.2.1.0
1>                    CopyLocal=false
1>                    ExternallyResolved=true
1>                    FileVersion=4.700.19.46214
1>                    FrameworkReferenceName=Microsoft.NETCore.App
1>                    FrameworkReferenceVersion=3.0.0
1>                    FusionName=System.Net.NetworkInformation, Version=4.2.1.0, Culture=neutral, PublicKeyToken=b03f5f7f11d50a3a
1>                    ImageRuntime=v4.0.30319
1>                    NuGetPackageId=Microsoft.NETCore.App.Ref
1>                    NuGetPackageVersion=3.0.0
1>                    OriginalItemSpec=C:\Users\hansnguyen\.nuget\packages\microsoft.netcore.app.ref\3.0.0\ref\netcoreapp3.0\System.Net.NetworkInformation.dll
1>                    Private=false
1>                    PublicKeyToken=b03f5f7f11d50a3a
1>                    ReferenceSourceTarget=ResolveAssemblyReference
1>                    ResolvedFrom={RawFileName}
1>                    Version=
1>            C:\Users\hansnguyen\.nuget\packages\microsoft.netcore.app.ref\3.0.0\ref\netcoreapp3.0\System.Net.Ping.dll
1>                    AssemblyVersion=4.1.1.0
1>                    CopyLocal=false
1>                    ExternallyResolved=true
1>                    FileVersion=4.700.19.46214
1>                    FrameworkReferenceName=Microsoft.NETCore.App
1>                    FrameworkReferenceVersion=3.0.0
1>                    FusionName=System.Net.Ping, Version=4.1.1.0, Culture=neutral, PublicKeyToken=b03f5f7f11d50a3a
1>                    ImageRuntime=v4.0.30319
1>                    NuGetPackageId=Microsoft.NETCore.App.Ref
1>                    NuGetPackageVersion=3.0.0
1>                    OriginalItemSpec=C:\Users\hansnguyen\.nuget\packages\microsoft.netcore.app.ref\3.0.0\ref\netcoreapp3.0\System.Net.Ping.dll
1>                    Private=false
1>                    PublicKeyToken=b03f5f7f11d50a3a
1>                    ReferenceSourceTarget=ResolveAssemblyReference
1>                    ResolvedFrom={RawFileName}
1>                    Version=
1>            C:\Users\hansnguyen\.nuget\packages\microsoft.netcore.app.ref\3.0.0\ref\netcoreapp3.0\System.Net.Primitives.dll
1>                    AssemblyVersion=4.1.1.0
1>                    CopyLocal=false
1>                    ExternallyResolved=true
1>                    FileVersion=4.700.19.46214
1>                    FrameworkReferenceName=Microsoft.NETCore.App
1>                    FrameworkReferenceVersion=3.0.0
1>                    FusionName=System.Net.Primitives, Version=4.1.1.0, Culture=neutral, PublicKeyToken=b03f5f7f11d50a3a
1>                    ImageRuntime=v4.0.30319
1>                    NuGetPackageId=Microsoft.NETCore.App.Ref
1>                    NuGetPackageVersion=3.0.0
1>                    OriginalItemSpec=C:\Users\hansnguyen\.nuget\packages\microsoft.netcore.app.ref\3.0.0\ref\netcoreapp3.0\System.Net.Primitives.dll
1>                    Private=false
1>                    PublicKeyToken=b03f5f7f11d50a3a
1>                    ReferenceSourceTarget=ResolveAssemblyReference
1>                    ResolvedFrom={RawFileName}
1>                    Version=
1>            C:\Users\hansnguyen\.nuget\packages\microsoft.netcore.app.ref\3.0.0\ref\netcoreapp3.0\System.Net.Requests.dll
1>                    AssemblyVersion=4.1.1.0
1>                    CopyLocal=false
1>                    ExternallyResolved=true
1>                    FileVersion=4.700.19.46214
1>                    FrameworkReferenceName=Microsoft.NETCore.App
1>                    FrameworkReferenceVersion=3.0.0
1>                    FusionName=System.Net.Requests, Version=4.1.1.0, Culture=neutral, PublicKeyToken=b03f5f7f11d50a3a
1>                    ImageRuntime=v4.0.30319
1>                    NuGetPackageId=Microsoft.NETCore.App.Ref
1>                    NuGetPackageVersion=3.0.0
1>                    OriginalItemSpec=C:\Users\hansnguyen\.nuget\packages\microsoft.netcore.app.ref\3.0.0\ref\netcoreapp3.0\System.Net.Requests.dll
1>                    Private=false
1>                    PublicKeyToken=b03f5f7f11d50a3a
1>                    ReferenceSourceTarget=ResolveAssemblyReference
1>                    ResolvedFrom={RawFileName}
1>                    Version=
1>            C:\Users\hansnguyen\.nuget\packages\microsoft.netcore.app.ref\3.0.0\ref\netcoreapp3.0\System.Net.Security.dll
1>                    AssemblyVersion=4.1.1.0
1>                    CopyLocal=false
1>                    ExternallyResolved=true
1>                    FileVersion=4.700.19.46214
1>                    FrameworkReferenceName=Microsoft.NETCore.App
1>                    FrameworkReferenceVersion=3.0.0
1>                    FusionName=System.Net.Security, Version=4.1.1.0, Culture=neutral, PublicKeyToken=b03f5f7f11d50a3a
1>                    ImageRuntime=v4.0.30319
1>                    NuGetPackageId=Microsoft.NETCore.App.Ref
1>                    NuGetPackageVersion=3.0.0
1>                    OriginalItemSpec=C:\Users\hansnguyen\.nuget\packages\microsoft.netcore.app.ref\3.0.0\ref\netcoreapp3.0\System.Net.Security.dll
1>                    Private=false
1>                    PublicKeyToken=b03f5f7f11d50a3a
1>                    ReferenceSourceTarget=ResolveAssemblyReference
1>                    ResolvedFrom={RawFileName}
1>                    Version=
1>            C:\Users\hansnguyen\.nuget\packages\microsoft.netcore.app.ref\3.0.0\ref\netcoreapp3.0\System.Net.ServicePoint.dll
1>                    AssemblyVersion=4.0.1.0
1>                    CopyLocal=false
1>                    ExternallyResolved=true
1>                    FileVersion=4.700.19.46214
1>                    FrameworkReferenceName=Microsoft.NETCore.App
1>                    FrameworkReferenceVersion=3.0.0
1>                    FusionName=System.Net.ServicePoint, Version=4.0.1.0, Culture=neutral, PublicKeyToken=cc7b13ffcd2ddd51
1>                    ImageRuntime=v4.0.30319
1>                    NuGetPackageId=Microsoft.NETCore.App.Ref
1>                    NuGetPackageVersion=3.0.0
1>                    OriginalItemSpec=C:\Users\hansnguyen\.nuget\packages\microsoft.netcore.app.ref\3.0.0\ref\netcoreapp3.0\System.Net.ServicePoint.dll
1>                    Private=false
1>                    PublicKeyToken=cc7b13ffcd2ddd51
1>                    ReferenceSourceTarget=ResolveAssemblyReference
1>                    ResolvedFrom={RawFileName}
1>                    Version=
1>            C:\Users\hansnguyen\.nuget\packages\microsoft.netcore.app.ref\3.0.0\ref\netcoreapp3.0\System.Net.Sockets.dll
1>                    AssemblyVersion=4.2.1.0
1>                    CopyLocal=false
1>                    ExternallyResolved=true
1>                    FileVersion=4.700.19.46214
1>                    FrameworkReferenceName=Microsoft.NETCore.App
1>                    FrameworkReferenceVersion=3.0.0
1>                    FusionName=System.Net.Sockets, Version=4.2.1.0, Culture=neutral, PublicKeyToken=b03f5f7f11d50a3a
1>                    ImageRuntime=v4.0.30319
1>                    NuGetPackageId=Microsoft.NETCore.App.Ref
1>                    NuGetPackageVersion=3.0.0
1>                    OriginalItemSpec=C:\Users\hansnguyen\.nuget\packages\microsoft.netcore.app.ref\3.0.0\ref\netcoreapp3.0\System.Net.Sockets.dll
1>                    Private=false
1>                    PublicKeyToken=b03f5f7f11d50a3a
1>                    ReferenceSourceTarget=ResolveAssemblyReference
1>                    ResolvedFrom={RawFileName}
1>                    Version=
1>            C:\Users\hansnguyen\.nuget\packages\microsoft.netcore.app.ref\3.0.0\ref\netcoreapp3.0\System.Net.WebClient.dll
1>                    AssemblyVersion=4.0.1.0
1>                    CopyLocal=false
1>                    ExternallyResolved=true
1>                    FileVersion=4.700.19.46214
1>                    FrameworkReferenceName=Microsoft.NETCore.App
1>                    FrameworkReferenceVersion=3.0.0
1>                    FusionName=System.Net.WebClient, Version=4.0.1.0, Culture=neutral, PublicKeyToken=cc7b13ffcd2ddd51
1>                    ImageRuntime=v4.0.30319
1>                    NuGetPackageId=Microsoft.NETCore.App.Ref
1>                    NuGetPackageVersion=3.0.0
1>                    OriginalItemSpec=C:\Users\hansnguyen\.nuget\packages\microsoft.netcore.app.ref\3.0.0\ref\netcoreapp3.0\System.Net.WebClient.dll
1>                    Private=false
1>                    PublicKeyToken=cc7b13ffcd2ddd51
1>                    ReferenceSourceTarget=ResolveAssemblyReference
1>                    ResolvedFrom={RawFileName}
1>                    Version=
1>            C:\Users\hansnguyen\.nuget\packages\microsoft.netcore.app.ref\3.0.0\ref\netcoreapp3.0\System.Net.WebHeaderCollection.dll
1>                    AssemblyVersion=4.1.1.0
1>                    CopyLocal=false
1>                    ExternallyResolved=true
1>                    FileVersion=4.700.19.46214
1>                    FrameworkReferenceName=Microsoft.NETCore.App
1>                    FrameworkReferenceVersion=3.0.0
1>                    FusionName=System.Net.WebHeaderCollection, Version=4.1.1.0, Culture=neutral, PublicKeyToken=b03f5f7f11d50a3a
1>                    ImageRuntime=v4.0.30319
1>                    NuGetPackageId=Microsoft.NETCore.App.Ref
1>                    NuGetPackageVersion=3.0.0
1>                    OriginalItemSpec=C:\Users\hansnguyen\.nuget\packages\microsoft.netcore.app.ref\3.0.0\ref\netcoreapp3.0\System.Net.WebHeaderCollection.dll
1>                    Private=false
1>                    PublicKeyToken=b03f5f7f11d50a3a
1>                    ReferenceSourceTarget=ResolveAssemblyReference
1>                    ResolvedFrom={RawFileName}
1>                    Version=
1>            C:\Users\hansnguyen\.nuget\packages\microsoft.netcore.app.ref\3.0.0\ref\netcoreapp3.0\System.Net.WebProxy.dll
1>                    AssemblyVersion=4.0.1.0
1>                    CopyLocal=false
1>                    ExternallyResolved=true
1>                    FileVersion=4.700.19.46214
1>                    FrameworkReferenceName=Microsoft.NETCore.App
1>                    FrameworkReferenceVersion=3.0.0
1>                    FusionName=System.Net.WebProxy, Version=4.0.1.0, Culture=neutral, PublicKeyToken=cc7b13ffcd2ddd51
1>                    ImageRuntime=v4.0.30319
1>                    NuGetPackageId=Microsoft.NETCore.App.Ref
1>                    NuGetPackageVersion=3.0.0
1>                    OriginalItemSpec=C:\Users\hansnguyen\.nuget\packages\microsoft.netcore.app.ref\3.0.0\ref\netcoreapp3.0\System.Net.WebProxy.dll
1>                    Private=false
1>                    PublicKeyToken=cc7b13ffcd2ddd51
1>                    ReferenceSourceTarget=ResolveAssemblyReference
1>                    ResolvedFrom={RawFileName}
1>                    Version=
1>            C:\Users\hansnguyen\.nuget\packages\microsoft.netcore.app.ref\3.0.0\ref\netcoreapp3.0\System.Net.WebSockets.Client.dll
1>                    AssemblyVersion=4.1.1.0
1>                    CopyLocal=false
1>                    ExternallyResolved=true
1>                    FileVersion=4.700.19.46214
1>                    FrameworkReferenceName=Microsoft.NETCore.App
1>                    FrameworkReferenceVersion=3.0.0
1>                    FusionName=System.Net.WebSockets.Client, Version=4.1.1.0, Culture=neutral, PublicKeyToken=b03f5f7f11d50a3a
1>                    ImageRuntime=v4.0.30319
1>                    NuGetPackageId=Microsoft.NETCore.App.Ref
1>                    NuGetPackageVersion=3.0.0
1>                    OriginalItemSpec=C:\Users\hansnguyen\.nuget\packages\microsoft.netcore.app.ref\3.0.0\ref\netcoreapp3.0\System.Net.WebSockets.Client.dll
1>                    Private=false
1>                    PublicKeyToken=b03f5f7f11d50a3a
1>                    ReferenceSourceTarget=ResolveAssemblyReference
1>                    ResolvedFrom={RawFileName}
1>                    Version=
1>            C:\Users\hansnguyen\.nuget\packages\microsoft.netcore.app.ref\3.0.0\ref\netcoreapp3.0\System.Net.WebSockets.dll
1>                    AssemblyVersion=4.1.1.0
1>                    CopyLocal=false
1>                    ExternallyResolved=true
1>                    FileVersion=4.700.19.46214
1>                    FrameworkReferenceName=Microsoft.NETCore.App
1>                    FrameworkReferenceVersion=3.0.0
1>                    FusionName=System.Net.WebSockets, Version=4.1.1.0, Culture=neutral, PublicKeyToken=b03f5f7f11d50a3a
1>                    ImageRuntime=v4.0.30319
1>                    NuGetPackageId=Microsoft.NETCore.App.Ref
1>                    NuGetPackageVersion=3.0.0
1>                    OriginalItemSpec=C:\Users\hansnguyen\.nuget\packages\microsoft.netcore.app.ref\3.0.0\ref\netcoreapp3.0\System.Net.WebSockets.dll
1>                    Private=false
1>                    PublicKeyToken=b03f5f7f11d50a3a
1>                    ReferenceSourceTarget=ResolveAssemblyReference
1>                    ResolvedFrom={RawFileName}
1>                    Version=
1>            C:\Users\hansnguyen\.nuget\packages\microsoft.netcore.app.ref\3.0.0\ref\netcoreapp3.0\System.Numerics.dll
1>                    AssemblyVersion=4.0.0.0
1>                    CopyLocal=false
1>                    ExternallyResolved=true
1>                    FileVersion=4.700.19.46214
1>                    FrameworkReferenceName=Microsoft.NETCore.App
1>                    FrameworkReferenceVersion=3.0.0
1>                    FusionName=System.Numerics, Version=4.0.0.0, Culture=neutral, PublicKeyToken=b77a5c561934e089
1>                    ImageRuntime=v4.0.30319
1>                    NuGetPackageId=Microsoft.NETCore.App.Ref
1>                    NuGetPackageVersion=3.0.0
1>                    OriginalItemSpec=C:\Users\hansnguyen\.nuget\packages\microsoft.netcore.app.ref\3.0.0\ref\netcoreapp3.0\System.Numerics.dll
1>                    Private=false
1>                    PublicKeyToken=b77a5c561934e089
1>                    ReferenceSourceTarget=ResolveAssemblyReference
1>                    ResolvedFrom={RawFileName}
1>                    Version=
1>            C:\Users\hansnguyen\.nuget\packages\microsoft.netcore.app.ref\3.0.0\ref\netcoreapp3.0\System.Numerics.Vectors.dll
1>                    AssemblyVersion=4.1.5.0
1>                    CopyLocal=false
1>                    ExternallyResolved=true
1>                    FileVersion=4.700.19.46214
1>                    FrameworkReferenceName=Microsoft.NETCore.App
1>                    FrameworkReferenceVersion=3.0.0
1>                    FusionName=System.Numerics.Vectors, Version=4.1.5.0, Culture=neutral, PublicKeyToken=b03f5f7f11d50a3a
1>                    ImageRuntime=v4.0.30319
1>                    NuGetPackageId=Microsoft.NETCore.App.Ref
1>                    NuGetPackageVersion=3.0.0
1>                    OriginalItemSpec=C:\Users\hansnguyen\.nuget\packages\microsoft.netcore.app.ref\3.0.0\ref\netcoreapp3.0\System.Numerics.Vectors.dll
1>                    Private=false
1>                    PublicKeyToken=b03f5f7f11d50a3a
1>                    ReferenceSourceTarget=ResolveAssemblyReference
1>                    ResolvedFrom={RawFileName}
1>                    Version=
1>            C:\Users\hansnguyen\.nuget\packages\microsoft.netcore.app.ref\3.0.0\ref\netcoreapp3.0\System.ObjectModel.dll
1>                    AssemblyVersion=4.1.1.0
1>                    CopyLocal=false
1>                    ExternallyResolved=true
1>                    FileVersion=4.700.19.46214
1>                    FrameworkReferenceName=Microsoft.NETCore.App
1>                    FrameworkReferenceVersion=3.0.0
1>                    FusionName=System.ObjectModel, Version=4.1.1.0, Culture=neutral, PublicKeyToken=b03f5f7f11d50a3a
1>                    ImageRuntime=v4.0.30319
1>                    NuGetPackageId=Microsoft.NETCore.App.Ref
1>                    NuGetPackageVersion=3.0.0
1>                    OriginalItemSpec=C:\Users\hansnguyen\.nuget\packages\microsoft.netcore.app.ref\3.0.0\ref\netcoreapp3.0\System.ObjectModel.dll
1>                    Private=false
1>                    PublicKeyToken=b03f5f7f11d50a3a
1>                    ReferenceSourceTarget=ResolveAssemblyReference
1>                    ResolvedFrom={RawFileName}
1>                    Version=
1>            C:\Users\hansnguyen\.nuget\packages\microsoft.windowsdesktop.app.ref\3.0.0\ref\netcoreapp3.0\System.Printing.dll
1>                    AssemblyVersion=4.0.0.0
1>                    CopyLocal=false
1>                    ExternallyResolved=true
1>                    FileVersion=4.800.19.46214
1>                    FrameworkReferenceName=Microsoft.WindowsDesktop.App.WPF
1>                    FrameworkReferenceVersion=3.0.0
1>                    FusionName=System.Printing, Version=4.0.0.0, Culture=neutral, PublicKeyToken=31bf3856ad364e35
1>                    ImageRuntime=v4.0.30319
1>                    NuGetPackageId=Microsoft.WindowsDesktop.App.Ref
1>                    NuGetPackageVersion=3.0.0
1>                    OriginalItemSpec=C:\Users\hansnguyen\.nuget\packages\microsoft.windowsdesktop.app.ref\3.0.0\ref\netcoreapp3.0\System.Printing.dll
1>                    Private=false
1>                    PublicKeyToken=31bf3856ad364e35
1>                    ReferenceSourceTarget=ResolveAssemblyReference
1>                    ResolvedFrom={RawFileName}
1>                    Version=
1>            C:\Users\hansnguyen\.nuget\packages\microsoft.netcore.app.ref\3.0.0\ref\netcoreapp3.0\System.Reflection.DispatchProxy.dll
1>                    AssemblyVersion=4.0.5.0
1>                    CopyLocal=false
1>                    ExternallyResolved=true
1>                    FileVersion=4.700.19.46214
1>                    FrameworkReferenceName=Microsoft.NETCore.App
1>                    FrameworkReferenceVersion=3.0.0
1>                    FusionName=System.Reflection.DispatchProxy, Version=4.0.5.0, Culture=neutral, PublicKeyToken=b03f5f7f11d50a3a
1>                    ImageRuntime=v4.0.30319
1>                    NuGetPackageId=Microsoft.NETCore.App.Ref
1>                    NuGetPackageVersion=3.0.0
1>                    OriginalItemSpec=C:\Users\hansnguyen\.nuget\packages\microsoft.netcore.app.ref\3.0.0\ref\netcoreapp3.0\System.Reflection.DispatchProxy.dll
1>                    Private=false
1>                    PublicKeyToken=b03f5f7f11d50a3a
1>                    ReferenceSourceTarget=ResolveAssemblyReference
1>                    ResolvedFrom={RawFileName}
1>                    Version=
1>            C:\Users\hansnguyen\.nuget\packages\microsoft.netcore.app.ref\3.0.0\ref\netcoreapp3.0\System.Reflection.dll
1>                    AssemblyVersion=4.2.1.0
1>                    CopyLocal=false
1>                    ExternallyResolved=true
1>                    FileVersion=4.700.19.46214
1>                    FrameworkReferenceName=Microsoft.NETCore.App
1>                    FrameworkReferenceVersion=3.0.0
1>                    FusionName=System.Reflection, Version=4.2.1.0, Culture=neutral, PublicKeyToken=b03f5f7f11d50a3a
1>                    ImageRuntime=v4.0.30319
1>                    NuGetPackageId=Microsoft.NETCore.App.Ref
1>                    NuGetPackageVersion=3.0.0
1>                    OriginalItemSpec=C:\Users\hansnguyen\.nuget\packages\microsoft.netcore.app.ref\3.0.0\ref\netcoreapp3.0\System.Reflection.dll
1>                    Private=false
1>                    PublicKeyToken=b03f5f7f11d50a3a
1>                    ReferenceSourceTarget=ResolveAssemblyReference
1>                    ResolvedFrom={RawFileName}
1>                    Version=
1>            C:\Users\hansnguyen\.nuget\packages\microsoft.netcore.app.ref\3.0.0\ref\netcoreapp3.0\System.Reflection.Emit.dll
1>                    AssemblyVersion=4.1.1.0
1>                    CopyLocal=false
1>                    ExternallyResolved=true
1>                    FileVersion=4.700.19.46214
1>                    FrameworkReferenceName=Microsoft.NETCore.App
1>                    FrameworkReferenceVersion=3.0.0
1>                    FusionName=System.Reflection.Emit, Version=4.1.1.0, Culture=neutral, PublicKeyToken=b03f5f7f11d50a3a
1>                    ImageRuntime=v4.0.30319
1>                    NuGetPackageId=Microsoft.NETCore.App.Ref
1>                    NuGetPackageVersion=3.0.0
1>                    OriginalItemSpec=C:\Users\hansnguyen\.nuget\packages\microsoft.netcore.app.ref\3.0.0\ref\netcoreapp3.0\System.Reflection.Emit.dll
1>                    Private=false
1>                    PublicKeyToken=b03f5f7f11d50a3a
1>                    ReferenceSourceTarget=ResolveAssemblyReference
1>                    ResolvedFrom={RawFileName}
1>                    Version=
1>            C:\Users\hansnguyen\.nuget\packages\microsoft.netcore.app.ref\3.0.0\ref\netcoreapp3.0\System.Reflection.Emit.ILGeneration.dll
1>                    AssemblyVersion=4.1.0.0
1>                    CopyLocal=false
1>                    ExternallyResolved=true
1>                    FileVersion=4.700.19.46214
1>                    FrameworkReferenceName=Microsoft.NETCore.App
1>                    FrameworkReferenceVersion=3.0.0
1>                    FusionName=System.Reflection.Emit.ILGeneration, Version=4.1.0.0, Culture=neutral, PublicKeyToken=b03f5f7f11d50a3a
1>                    ImageRuntime=v4.0.30319
1>                    NuGetPackageId=Microsoft.NETCore.App.Ref
1>                    NuGetPackageVersion=3.0.0
1>                    OriginalItemSpec=C:\Users\hansnguyen\.nuget\packages\microsoft.netcore.app.ref\3.0.0\ref\netcoreapp3.0\System.Reflection.Emit.ILGeneration.dll
1>                    Private=false
1>                    PublicKeyToken=b03f5f7f11d50a3a
1>                    ReferenceSourceTarget=ResolveAssemblyReference
1>                    ResolvedFrom={RawFileName}
1>                    Version=
1>            C:\Users\hansnguyen\.nuget\packages\microsoft.netcore.app.ref\3.0.0\ref\netcoreapp3.0\System.Reflection.Emit.Lightweight.dll
1>                    AssemblyVersion=4.1.0.0
1>                    CopyLocal=false
1>                    ExternallyResolved=true
1>                    FileVersion=4.700.19.46214
1>                    FrameworkReferenceName=Microsoft.NETCore.App
1>                    FrameworkReferenceVersion=3.0.0
1>                    FusionName=System.Reflection.Emit.Lightweight, Version=4.1.0.0, Culture=neutral, PublicKeyToken=b03f5f7f11d50a3a
1>                    ImageRuntime=v4.0.30319
1>                    NuGetPackageId=Microsoft.NETCore.App.Ref
1>                    NuGetPackageVersion=3.0.0
1>                    OriginalItemSpec=C:\Users\hansnguyen\.nuget\packages\microsoft.netcore.app.ref\3.0.0\ref\netcoreapp3.0\System.Reflection.Emit.Lightweight.dll
1>                    Private=false
1>                    PublicKeyToken=b03f5f7f11d50a3a
1>                    ReferenceSourceTarget=ResolveAssemblyReference
1>                    ResolvedFrom={RawFileName}
1>                    Version=
1>            C:\Users\hansnguyen\.nuget\packages\microsoft.netcore.app.ref\3.0.0\ref\netcoreapp3.0\System.Reflection.Extensions.dll
1>                    AssemblyVersion=4.1.1.0
1>                    CopyLocal=false
1>                    ExternallyResolved=true
1>                    FileVersion=4.700.19.46214
1>                    FrameworkReferenceName=Microsoft.NETCore.App
1>                    FrameworkReferenceVersion=3.0.0
1>                    FusionName=System.Reflection.Extensions, Version=4.1.1.0, Culture=neutral, PublicKeyToken=b03f5f7f11d50a3a
1>                    ImageRuntime=v4.0.30319
1>                    NuGetPackageId=Microsoft.NETCore.App.Ref
1>                    NuGetPackageVersion=3.0.0
1>                    OriginalItemSpec=C:\Users\hansnguyen\.nuget\packages\microsoft.netcore.app.ref\3.0.0\ref\netcoreapp3.0\System.Reflection.Extensions.dll
1>                    Private=false
1>                    PublicKeyToken=b03f5f7f11d50a3a
1>                    ReferenceSourceTarget=ResolveAssemblyReference
1>                    ResolvedFrom={RawFileName}
1>                    Version=
1>            C:\Users\hansnguyen\.nuget\packages\microsoft.netcore.app.ref\3.0.0\ref\netcoreapp3.0\System.Reflection.Metadata.dll
1>                    AssemblyVersion=1.4.4.0
1>                    CopyLocal=false
1>                    ExternallyResolved=true
1>                    FileVersion=4.700.19.46214
1>                    FrameworkReferenceName=Microsoft.NETCore.App
1>                    FrameworkReferenceVersion=3.0.0
1>                    FusionName=System.Reflection.Metadata, Version=1.4.4.0, Culture=neutral, PublicKeyToken=b03f5f7f11d50a3a
1>                    ImageRuntime=v4.0.30319
1>                    NuGetPackageId=Microsoft.NETCore.App.Ref
1>                    NuGetPackageVersion=3.0.0
1>                    OriginalItemSpec=C:\Users\hansnguyen\.nuget\packages\microsoft.netcore.app.ref\3.0.0\ref\netcoreapp3.0\System.Reflection.Metadata.dll
1>                    Private=false
1>                    PublicKeyToken=b03f5f7f11d50a3a
1>                    ReferenceSourceTarget=ResolveAssemblyReference
1>                    ResolvedFrom={RawFileName}
1>                    Version=
1>            C:\Users\hansnguyen\.nuget\packages\microsoft.netcore.app.ref\3.0.0\ref\netcoreapp3.0\System.Reflection.Primitives.dll
1>                    AssemblyVersion=4.1.1.0
1>                    CopyLocal=false
1>                    ExternallyResolved=true
1>                    FileVersion=4.700.19.46214
1>                    FrameworkReferenceName=Microsoft.NETCore.App
1>                    FrameworkReferenceVersion=3.0.0
1>                    FusionName=System.Reflection.Primitives, Version=4.1.1.0, Culture=neutral, PublicKeyToken=b03f5f7f11d50a3a
1>                    ImageRuntime=v4.0.30319
1>                    NuGetPackageId=Microsoft.NETCore.App.Ref
1>                    NuGetPackageVersion=3.0.0
1>                    OriginalItemSpec=C:\Users\hansnguyen\.nuget\packages\microsoft.netcore.app.ref\3.0.0\ref\netcoreapp3.0\System.Reflection.Primitives.dll
1>                    Private=false
1>                    PublicKeyToken=b03f5f7f11d50a3a
1>                    ReferenceSourceTarget=ResolveAssemblyReference
1>                    ResolvedFrom={RawFileName}
1>                    Version=
1>            C:\Users\hansnguyen\.nuget\packages\microsoft.netcore.app.ref\3.0.0\ref\netcoreapp3.0\System.Reflection.TypeExtensions.dll
1>                    AssemblyVersion=4.1.2.0
1>                    CopyLocal=false
1>                    ExternallyResolved=true
1>                    FileVersion=4.700.19.46214
1>                    FrameworkReferenceName=Microsoft.NETCore.App
1>                    FrameworkReferenceVersion=3.0.0
1>                    FusionName=System.Reflection.TypeExtensions, Version=4.1.2.0, Culture=neutral, PublicKeyToken=b03f5f7f11d50a3a
1>                    ImageRuntime=v4.0.30319
1>                    NuGetPackageId=Microsoft.NETCore.App.Ref
1>                    NuGetPackageVersion=3.0.0
1>                    OriginalItemSpec=C:\Users\hansnguyen\.nuget\packages\microsoft.netcore.app.ref\3.0.0\ref\netcoreapp3.0\System.Reflection.TypeExtensions.dll
1>                    Private=false
1>                    PublicKeyToken=b03f5f7f11d50a3a
1>                    ReferenceSourceTarget=ResolveAssemblyReference
1>                    ResolvedFrom={RawFileName}
1>                    Version=
1>            C:\Users\hansnguyen\.nuget\packages\microsoft.windowsdesktop.app.ref\3.0.0\ref\netcoreapp3.0\System.Resources.Extensions.dll
1>                    AssemblyVersion=4.0.0.0
1>                    CopyLocal=false
1>                    ExternallyResolved=true
1>                    FileVersion=4.700.19.46214
1>                    FrameworkReferenceName=Microsoft.WindowsDesktop.App.WPF
1>                    FrameworkReferenceVersion=3.0.0
1>                    FusionName=System.Resources.Extensions, Version=4.0.0.0, Culture=neutral, PublicKeyToken=cc7b13ffcd2ddd51
1>                    ImageRuntime=v4.0.30319
1>                    NuGetPackageId=Microsoft.WindowsDesktop.App.Ref
1>                    NuGetPackageVersion=3.0.0
1>                    OriginalItemSpec=C:\Users\hansnguyen\.nuget\packages\microsoft.windowsdesktop.app.ref\3.0.0\ref\netcoreapp3.0\System.Resources.Extensions.dll
1>                    Private=false
1>                    PublicKeyToken=cc7b13ffcd2ddd51
1>                    ReferenceSourceTarget=ResolveAssemblyReference
1>                    ResolvedFrom={RawFileName}
1>                    Version=
1>            C:\Users\hansnguyen\.nuget\packages\microsoft.netcore.app.ref\3.0.0\ref\netcoreapp3.0\System.Resources.Reader.dll
1>                    AssemblyVersion=4.1.1.0
1>                    CopyLocal=false
1>                    ExternallyResolved=true
1>                    FileVersion=4.700.19.46214
1>                    FrameworkReferenceName=Microsoft.NETCore.App
1>                    FrameworkReferenceVersion=3.0.0
1>                    FusionName=System.Resources.Reader, Version=4.1.1.0, Culture=neutral, PublicKeyToken=b03f5f7f11d50a3a
1>                    ImageRuntime=v4.0.30319
1>                    NuGetPackageId=Microsoft.NETCore.App.Ref
1>                    NuGetPackageVersion=3.0.0
1>                    OriginalItemSpec=C:\Users\hansnguyen\.nuget\packages\microsoft.netcore.app.ref\3.0.0\ref\netcoreapp3.0\System.Resources.Reader.dll
1>                    Private=false
1>                    PublicKeyToken=b03f5f7f11d50a3a
1>                    ReferenceSourceTarget=ResolveAssemblyReference
1>                    ResolvedFrom={RawFileName}
1>                    Version=
1>            C:\Users\hansnguyen\.nuget\packages\microsoft.netcore.app.ref\3.0.0\ref\netcoreapp3.0\System.Resources.ResourceManager.dll
1>                    AssemblyVersion=4.1.1.0
1>                    CopyLocal=false
1>                    ExternallyResolved=true
1>                    FileVersion=4.700.19.46214
1>                    FrameworkReferenceName=Microsoft.NETCore.App
1>                    FrameworkReferenceVersion=3.0.0
1>                    FusionName=System.Resources.ResourceManager, Version=4.1.1.0, Culture=neutral, PublicKeyToken=b03f5f7f11d50a3a
1>                    ImageRuntime=v4.0.30319
1>                    NuGetPackageId=Microsoft.NETCore.App.Ref
1>                    NuGetPackageVersion=3.0.0
1>                    OriginalItemSpec=C:\Users\hansnguyen\.nuget\packages\microsoft.netcore.app.ref\3.0.0\ref\netcoreapp3.0\System.Resources.ResourceManager.dll
1>                    Private=false
1>                    PublicKeyToken=b03f5f7f11d50a3a
1>                    ReferenceSourceTarget=ResolveAssemblyReference
1>                    ResolvedFrom={RawFileName}
1>                    Version=
1>            C:\Users\hansnguyen\.nuget\packages\microsoft.netcore.app.ref\3.0.0\ref\netcoreapp3.0\System.Resources.Writer.dll
1>                    AssemblyVersion=4.1.1.0
1>                    CopyLocal=false
1>                    ExternallyResolved=true
1>                    FileVersion=4.700.19.46214
1>                    FrameworkReferenceName=Microsoft.NETCore.App
1>                    FrameworkReferenceVersion=3.0.0
1>                    FusionName=System.Resources.Writer, Version=4.1.1.0, Culture=neutral, PublicKeyToken=b03f5f7f11d50a3a
1>                    ImageRuntime=v4.0.30319
1>                    NuGetPackageId=Microsoft.NETCore.App.Ref
1>                    NuGetPackageVersion=3.0.0
1>                    OriginalItemSpec=C:\Users\hansnguyen\.nuget\packages\microsoft.netcore.app.ref\3.0.0\ref\netcoreapp3.0\System.Resources.Writer.dll
1>                    Private=false
1>                    PublicKeyToken=b03f5f7f11d50a3a
1>                    ReferenceSourceTarget=ResolveAssemblyReference
1>                    ResolvedFrom={RawFileName}
1>                    Version=
1>            C:\Users\hansnguyen\.nuget\packages\microsoft.netcore.app.ref\3.0.0\ref\netcoreapp3.0\System.Runtime.CompilerServices.Unsafe.dll
1>                    AssemblyVersion=4.0.5.0
1>                    CopyLocal=false
1>                    ExternallyResolved=true
1>                    FileVersion=4.700.19.46214
1>                    FrameworkReferenceName=Microsoft.NETCore.App
1>                    FrameworkReferenceVersion=3.0.0
1>                    FusionName=System.Runtime.CompilerServices.Unsafe, Version=4.0.5.0, Culture=neutral, PublicKeyToken=b03f5f7f11d50a3a
1>                    ImageRuntime=v4.0.30319
1>                    NuGetPackageId=Microsoft.NETCore.App.Ref
1>                    NuGetPackageVersion=3.0.0
1>                    OriginalItemSpec=C:\Users\hansnguyen\.nuget\packages\microsoft.netcore.app.ref\3.0.0\ref\netcoreapp3.0\System.Runtime.CompilerServices.Unsafe.dll
1>                    Private=false
1>                    PublicKeyToken=b03f5f7f11d50a3a
1>                    ReferenceSourceTarget=ResolveAssemblyReference
1>                    ResolvedFrom={RawFileName}
1>                    Version=
1>            C:\Users\hansnguyen\.nuget\packages\microsoft.netcore.app.ref\3.0.0\ref\netcoreapp3.0\System.Runtime.CompilerServices.VisualC.dll
1>                    AssemblyVersion=4.1.1.0
1>                    CopyLocal=false
1>                    ExternallyResolved=true
1>                    FileVersion=4.700.19.46214
1>                    FrameworkReferenceName=Microsoft.NETCore.App
1>                    FrameworkReferenceVersion=3.0.0
1>                    FusionName=System.Runtime.CompilerServices.VisualC, Version=4.1.1.0, Culture=neutral, PublicKeyToken=b03f5f7f11d50a3a
1>                    ImageRuntime=v4.0.30319
1>                    NuGetPackageId=Microsoft.NETCore.App.Ref
1>                    NuGetPackageVersion=3.0.0
1>                    OriginalItemSpec=C:\Users\hansnguyen\.nuget\packages\microsoft.netcore.app.ref\3.0.0\ref\netcoreapp3.0\System.Runtime.CompilerServices.VisualC.dll
1>                    Private=false
1>                    PublicKeyToken=b03f5f7f11d50a3a
1>                    ReferenceSourceTarget=ResolveAssemblyReference
1>                    ResolvedFrom={RawFileName}
1>                    Version=
1>            C:\Users\hansnguyen\.nuget\packages\microsoft.netcore.app.ref\3.0.0\ref\netcoreapp3.0\System.Runtime.dll
1>                    AssemblyVersion=4.2.1.0
1>                    CopyLocal=false
1>                    ExternallyResolved=true
1>                    FileVersion=4.700.19.46214
1>                    FrameworkReferenceName=Microsoft.NETCore.App
1>                    FrameworkReferenceVersion=3.0.0
1>                    FusionName=System.Runtime, Version=4.2.1.0, Culture=neutral, PublicKeyToken=b03f5f7f11d50a3a
1>                    ImageRuntime=v4.0.30319
1>                    NuGetPackageId=Microsoft.NETCore.App.Ref
1>                    NuGetPackageVersion=3.0.0
1>                    OriginalItemSpec=C:\Users\hansnguyen\.nuget\packages\microsoft.netcore.app.ref\3.0.0\ref\netcoreapp3.0\System.Runtime.dll
1>                    Private=false
1>                    PublicKeyToken=b03f5f7f11d50a3a
1>                    ReferenceSourceTarget=ResolveAssemblyReference
1>                    ResolvedFrom={RawFileName}
1>                    Version=
1>            C:\Users\hansnguyen\.nuget\packages\microsoft.netcore.app.ref\3.0.0\ref\netcoreapp3.0\System.Runtime.Extensions.dll
1>                    AssemblyVersion=4.2.1.0
1>                    CopyLocal=false
1>                    ExternallyResolved=true
1>                    FileVersion=4.700.19.46214
1>                    FrameworkReferenceName=Microsoft.NETCore.App
1>                    FrameworkReferenceVersion=3.0.0
1>                    FusionName=System.Runtime.Extensions, Version=4.2.1.0, Culture=neutral, PublicKeyToken=b03f5f7f11d50a3a
1>                    ImageRuntime=v4.0.30319
1>                    NuGetPackageId=Microsoft.NETCore.App.Ref
1>                    NuGetPackageVersion=3.0.0
1>                    OriginalItemSpec=C:\Users\hansnguyen\.nuget\packages\microsoft.netcore.app.ref\3.0.0\ref\netcoreapp3.0\System.Runtime.Extensions.dll
1>                    Private=false
1>                    PublicKeyToken=b03f5f7f11d50a3a
1>                    ReferenceSourceTarget=ResolveAssemblyReference
1>                    ResolvedFrom={RawFileName}
1>                    Version=
1>            C:\Users\hansnguyen\.nuget\packages\microsoft.netcore.app.ref\3.0.0\ref\netcoreapp3.0\System.Runtime.Handles.dll
1>                    AssemblyVersion=4.1.1.0
1>                    CopyLocal=false
1>                    ExternallyResolved=true
1>                    FileVersion=4.700.19.46214
1>                    FrameworkReferenceName=Microsoft.NETCore.App
1>                    FrameworkReferenceVersion=3.0.0
1>                    FusionName=System.Runtime.Handles, Version=4.1.1.0, Culture=neutral, PublicKeyToken=b03f5f7f11d50a3a
1>                    ImageRuntime=v4.0.30319
1>                    NuGetPackageId=Microsoft.NETCore.App.Ref
1>                    NuGetPackageVersion=3.0.0
1>                    OriginalItemSpec=C:\Users\hansnguyen\.nuget\packages\microsoft.netcore.app.ref\3.0.0\ref\netcoreapp3.0\System.Runtime.Handles.dll
1>                    Private=false
1>                    PublicKeyToken=b03f5f7f11d50a3a
1>                    ReferenceSourceTarget=ResolveAssemblyReference
1>                    ResolvedFrom={RawFileName}
1>                    Version=
1>            C:\Users\hansnguyen\.nuget\packages\microsoft.netcore.app.ref\3.0.0\ref\netcoreapp3.0\System.Runtime.InteropServices.dll
1>                    AssemblyVersion=4.2.1.0
1>                    CopyLocal=false
1>                    ExternallyResolved=true
1>                    FileVersion=4.700.19.46214
1>                    FrameworkReferenceName=Microsoft.NETCore.App
1>                    FrameworkReferenceVersion=3.0.0
1>                    FusionName=System.Runtime.InteropServices, Version=4.2.1.0, Culture=neutral, PublicKeyToken=b03f5f7f11d50a3a
1>                    ImageRuntime=v4.0.30319
1>                    NuGetPackageId=Microsoft.NETCore.App.Ref
1>                    NuGetPackageVersion=3.0.0
1>                    OriginalItemSpec=C:\Users\hansnguyen\.nuget\packages\microsoft.netcore.app.ref\3.0.0\ref\netcoreapp3.0\System.Runtime.InteropServices.dll
1>                    Private=false
1>                    PublicKeyToken=b03f5f7f11d50a3a
1>                    ReferenceSourceTarget=ResolveAssemblyReference
1>                    ResolvedFrom={RawFileName}
1>                    Version=
1>            C:\Users\hansnguyen\.nuget\packages\microsoft.netcore.app.ref\3.0.0\ref\netcoreapp3.0\System.Runtime.InteropServices.RuntimeInformation.dll
1>                    AssemblyVersion=4.0.3.0
1>                    CopyLocal=false
1>                    ExternallyResolved=true
1>                    FileVersion=4.700.19.46214
1>                    FrameworkReferenceName=Microsoft.NETCore.App
1>                    FrameworkReferenceVersion=3.0.0
1>                    FusionName=System.Runtime.InteropServices.RuntimeInformation, Version=4.0.3.0, Culture=neutral, PublicKeyToken=b03f5f7f11d50a3a
1>                    ImageRuntime=v4.0.30319
1>                    NuGetPackageId=Microsoft.NETCore.App.Ref
1>                    NuGetPackageVersion=3.0.0
1>                    OriginalItemSpec=C:\Users\hansnguyen\.nuget\packages\microsoft.netcore.app.ref\3.0.0\ref\netcoreapp3.0\System.Runtime.InteropServices.RuntimeInformation.dll
1>                    Private=false
1>                    PublicKeyToken=b03f5f7f11d50a3a
1>                    ReferenceSourceTarget=ResolveAssemblyReference
1>                    ResolvedFrom={RawFileName}
1>                    Version=
1>            C:\Users\hansnguyen\.nuget\packages\microsoft.netcore.app.ref\3.0.0\ref\netcoreapp3.0\System.Runtime.InteropServices.WindowsRuntime.dll
1>                    AssemblyVersion=4.0.3.0
1>                    CopyLocal=false
1>                    ExternallyResolved=true
1>                    FileVersion=4.700.19.46214
1>                    FrameworkReferenceName=Microsoft.NETCore.App
1>                    FrameworkReferenceVersion=3.0.0
1>                    FusionName=System.Runtime.InteropServices.WindowsRuntime, Version=4.0.3.0, Culture=neutral, PublicKeyToken=b03f5f7f11d50a3a
1>                    ImageRuntime=v4.0.30319
1>                    NuGetPackageId=Microsoft.NETCore.App.Ref
1>                    NuGetPackageVersion=3.0.0
1>                    OriginalItemSpec=C:\Users\hansnguyen\.nuget\packages\microsoft.netcore.app.ref\3.0.0\ref\netcoreapp3.0\System.Runtime.InteropServices.WindowsRuntime.dll
1>                    Private=false
1>                    PublicKeyToken=b03f5f7f11d50a3a
1>                    ReferenceSourceTarget=ResolveAssemblyReference
1>                    ResolvedFrom={RawFileName}
1>                    Version=
1>            C:\Users\hansnguyen\.nuget\packages\microsoft.netcore.app.ref\3.0.0\ref\netcoreapp3.0\System.Runtime.Intrinsics.dll
1>                    AssemblyVersion=4.0.0.0
1>                    CopyLocal=false
1>                    ExternallyResolved=true
1>                    FileVersion=4.700.19.46214
1>                    FrameworkReferenceName=Microsoft.NETCore.App
1>                    FrameworkReferenceVersion=3.0.0
1>                    FusionName=System.Runtime.Intrinsics, Version=4.0.0.0, Culture=neutral, PublicKeyToken=cc7b13ffcd2ddd51
1>                    ImageRuntime=v4.0.30319
1>                    NuGetPackageId=Microsoft.NETCore.App.Ref
1>                    NuGetPackageVersion=3.0.0
1>                    OriginalItemSpec=C:\Users\hansnguyen\.nuget\packages\microsoft.netcore.app.ref\3.0.0\ref\netcoreapp3.0\System.Runtime.Intrinsics.dll
1>                    Private=false
1>                    PublicKeyToken=cc7b13ffcd2ddd51
1>                    ReferenceSourceTarget=ResolveAssemblyReference
1>                    ResolvedFrom={RawFileName}
1>                    Version=
1>            C:\Users\hansnguyen\.nuget\packages\microsoft.netcore.app.ref\3.0.0\ref\netcoreapp3.0\System.Runtime.Loader.dll
1>                    AssemblyVersion=4.1.0.0
1>                    CopyLocal=false
1>                    ExternallyResolved=true
1>                    FileVersion=4.700.19.46214
1>                    FrameworkReferenceName=Microsoft.NETCore.App
1>                    FrameworkReferenceVersion=3.0.0
1>                    FusionName=System.Runtime.Loader, Version=4.1.0.0, Culture=neutral, PublicKeyToken=b03f5f7f11d50a3a
1>                    ImageRuntime=v4.0.30319
1>                    NuGetPackageId=Microsoft.NETCore.App.Ref
1>                    NuGetPackageVersion=3.0.0
1>                    OriginalItemSpec=C:\Users\hansnguyen\.nuget\packages\microsoft.netcore.app.ref\3.0.0\ref\netcoreapp3.0\System.Runtime.Loader.dll
1>                    Private=false
1>                    PublicKeyToken=b03f5f7f11d50a3a
1>                    ReferenceSourceTarget=ResolveAssemblyReference
1>                    ResolvedFrom={RawFileName}
1>                    Version=
1>            C:\Users\hansnguyen\.nuget\packages\microsoft.netcore.app.ref\3.0.0\ref\netcoreapp3.0\System.Runtime.Numerics.dll
1>                    AssemblyVersion=4.1.1.0
1>                    CopyLocal=false
1>                    ExternallyResolved=true
1>                    FileVersion=4.700.19.46214
1>                    FrameworkReferenceName=Microsoft.NETCore.App
1>                    FrameworkReferenceVersion=3.0.0
1>                    FusionName=System.Runtime.Numerics, Version=4.1.1.0, Culture=neutral, PublicKeyToken=b03f5f7f11d50a3a
1>                    ImageRuntime=v4.0.30319
1>                    NuGetPackageId=Microsoft.NETCore.App.Ref
1>                    NuGetPackageVersion=3.0.0
1>                    OriginalItemSpec=C:\Users\hansnguyen\.nuget\packages\microsoft.netcore.app.ref\3.0.0\ref\netcoreapp3.0\System.Runtime.Numerics.dll
1>                    Private=false
1>                    PublicKeyToken=b03f5f7f11d50a3a
1>                    ReferenceSourceTarget=ResolveAssemblyReference
1>                    ResolvedFrom={RawFileName}
1>                    Version=
1>            C:\Users\hansnguyen\.nuget\packages\microsoft.netcore.app.ref\3.0.0\ref\netcoreapp3.0\System.Runtime.Serialization.dll
1>                    AssemblyVersion=4.0.0.0
1>                    CopyLocal=false
1>                    ExternallyResolved=true
1>                    FileVersion=4.700.19.46214
1>                    FrameworkReferenceName=Microsoft.NETCore.App
1>                    FrameworkReferenceVersion=3.0.0
1>                    FusionName=System.Runtime.Serialization, Version=4.0.0.0, Culture=neutral, PublicKeyToken=b77a5c561934e089
1>                    ImageRuntime=v4.0.30319
1>                    NuGetPackageId=Microsoft.NETCore.App.Ref
1>                    NuGetPackageVersion=3.0.0
1>                    OriginalItemSpec=C:\Users\hansnguyen\.nuget\packages\microsoft.netcore.app.ref\3.0.0\ref\netcoreapp3.0\System.Runtime.Serialization.dll
1>                    Private=false
1>                    PublicKeyToken=b77a5c561934e089
1>                    ReferenceSourceTarget=ResolveAssemblyReference
1>                    ResolvedFrom={RawFileName}
1>                    Version=
1>            C:\Users\hansnguyen\.nuget\packages\microsoft.netcore.app.ref\3.0.0\ref\netcoreapp3.0\System.Runtime.Serialization.Formatters.dll
1>                    AssemblyVersion=4.0.3.0
1>                    CopyLocal=false
1>                    ExternallyResolved=true
1>                    FileVersion=4.700.19.46214
1>                    FrameworkReferenceName=Microsoft.NETCore.App
1>                    FrameworkReferenceVersion=3.0.0
1>                    FusionName=System.Runtime.Serialization.Formatters, Version=4.0.3.0, Culture=neutral, PublicKeyToken=b03f5f7f11d50a3a
1>                    ImageRuntime=v4.0.30319
1>                    NuGetPackageId=Microsoft.NETCore.App.Ref
1>                    NuGetPackageVersion=3.0.0
1>                    OriginalItemSpec=C:\Users\hansnguyen\.nuget\packages\microsoft.netcore.app.ref\3.0.0\ref\netcoreapp3.0\System.Runtime.Serialization.Formatters.dll
1>                    Private=false
1>                    PublicKeyToken=b03f5f7f11d50a3a
1>                    ReferenceSourceTarget=ResolveAssemblyReference
1>                    ResolvedFrom={RawFileName}
1>                    Version=
1>            C:\Users\hansnguyen\.nuget\packages\microsoft.netcore.app.ref\3.0.0\ref\netcoreapp3.0\System.Runtime.Serialization.Json.dll
1>                    AssemblyVersion=4.0.4.0
1>                    CopyLocal=false
1>                    ExternallyResolved=true
1>                    FileVersion=4.700.19.46214
1>                    FrameworkReferenceName=Microsoft.NETCore.App
1>                    FrameworkReferenceVersion=3.0.0
1>                    FusionName=System.Runtime.Serialization.Json, Version=4.0.4.0, Culture=neutral, PublicKeyToken=b03f5f7f11d50a3a
1>                    ImageRuntime=v4.0.30319
1>                    NuGetPackageId=Microsoft.NETCore.App.Ref
1>                    NuGetPackageVersion=3.0.0
1>                    OriginalItemSpec=C:\Users\hansnguyen\.nuget\packages\microsoft.netcore.app.ref\3.0.0\ref\netcoreapp3.0\System.Runtime.Serialization.Json.dll
1>                    Private=false
1>                    PublicKeyToken=b03f5f7f11d50a3a
1>                    ReferenceSourceTarget=ResolveAssemblyReference
1>                    ResolvedFrom={RawFileName}
1>                    Version=
1>            C:\Users\hansnguyen\.nuget\packages\microsoft.netcore.app.ref\3.0.0\ref\netcoreapp3.0\System.Runtime.Serialization.Primitives.dll
1>                    AssemblyVersion=4.2.1.0
1>                    CopyLocal=false
1>                    ExternallyResolved=true
1>                    FileVersion=4.700.19.46214
1>                    FrameworkReferenceName=Microsoft.NETCore.App
1>                    FrameworkReferenceVersion=3.0.0
1>                    FusionName=System.Runtime.Serialization.Primitives, Version=4.2.1.0, Culture=neutral, PublicKeyToken=b03f5f7f11d50a3a
1>                    ImageRuntime=v4.0.30319
1>                    NuGetPackageId=Microsoft.NETCore.App.Ref
1>                    NuGetPackageVersion=3.0.0
1>                    OriginalItemSpec=C:\Users\hansnguyen\.nuget\packages\microsoft.netcore.app.ref\3.0.0\ref\netcoreapp3.0\System.Runtime.Serialization.Primitives.dll
1>                    Private=false
1>                    PublicKeyToken=b03f5f7f11d50a3a
1>                    ReferenceSourceTarget=ResolveAssemblyReference
1>                    ResolvedFrom={RawFileName}
1>                    Version=
1>            C:\Users\hansnguyen\.nuget\packages\microsoft.netcore.app.ref\3.0.0\ref\netcoreapp3.0\System.Runtime.Serialization.Xml.dll
1>                    AssemblyVersion=4.1.4.0
1>                    CopyLocal=false
1>                    ExternallyResolved=true
1>                    FileVersion=4.700.19.46214
1>                    FrameworkReferenceName=Microsoft.NETCore.App
1>                    FrameworkReferenceVersion=3.0.0
1>                    FusionName=System.Runtime.Serialization.Xml, Version=4.1.4.0, Culture=neutral, PublicKeyToken=b03f5f7f11d50a3a
1>                    ImageRuntime=v4.0.30319
1>                    NuGetPackageId=Microsoft.NETCore.App.Ref
1>                    NuGetPackageVersion=3.0.0
1>                    OriginalItemSpec=C:\Users\hansnguyen\.nuget\packages\microsoft.netcore.app.ref\3.0.0\ref\netcoreapp3.0\System.Runtime.Serialization.Xml.dll
1>                    Private=false
1>                    PublicKeyToken=b03f5f7f11d50a3a
1>                    ReferenceSourceTarget=ResolveAssemblyReference
1>                    ResolvedFrom={RawFileName}
1>                    Version=
1>            C:\Users\hansnguyen\.nuget\packages\microsoft.windowsdesktop.app.ref\3.0.0\ref\netcoreapp3.0\System.Security.AccessControl.dll
1>                    AssemblyVersion=4.1.1.0
1>                    CopyLocal=false
1>                    ExternallyResolved=true
1>                    FileVersion=4.700.19.46214
1>                    FrameworkReferenceName=Microsoft.WindowsDesktop.App.WPF
1>                    FrameworkReferenceVersion=3.0.0
1>                    FusionName=System.Security.AccessControl, Version=4.1.1.0, Culture=neutral, PublicKeyToken=b03f5f7f11d50a3a
1>                    ImageRuntime=v4.0.30319
1>                    NuGetPackageId=Microsoft.WindowsDesktop.App.Ref
1>                    NuGetPackageVersion=3.0.0
1>                    OriginalItemSpec=C:\Users\hansnguyen\.nuget\packages\microsoft.windowsdesktop.app.ref\3.0.0\ref\netcoreapp3.0\System.Security.AccessControl.dll
1>                    Private=false
1>                    PublicKeyToken=b03f5f7f11d50a3a
1>                    ReferenceSourceTarget=ResolveAssemblyReference
1>                    ResolvedFrom={RawFileName}
1>                    Version=
1>            C:\Users\hansnguyen\.nuget\packages\microsoft.netcore.app.ref\3.0.0\ref\netcoreapp3.0\System.Security.Claims.dll
1>                    AssemblyVersion=4.1.1.0
1>                    CopyLocal=false
1>                    ExternallyResolved=true
1>                    FileVersion=4.700.19.46214
1>                    FrameworkReferenceName=Microsoft.NETCore.App
1>                    FrameworkReferenceVersion=3.0.0
1>                    FusionName=System.Security.Claims, Version=4.1.1.0, Culture=neutral, PublicKeyToken=b03f5f7f11d50a3a
1>                    ImageRuntime=v4.0.30319
1>                    NuGetPackageId=Microsoft.NETCore.App.Ref
1>                    NuGetPackageVersion=3.0.0
1>                    OriginalItemSpec=C:\Users\hansnguyen\.nuget\packages\microsoft.netcore.app.ref\3.0.0\ref\netcoreapp3.0\System.Security.Claims.dll
1>                    Private=false
1>                    PublicKeyToken=b03f5f7f11d50a3a
1>                    ReferenceSourceTarget=ResolveAssemblyReference
1>                    ResolvedFrom={RawFileName}
1>                    Version=
1>            C:\Users\hansnguyen\.nuget\packages\microsoft.netcore.app.ref\3.0.0\ref\netcoreapp3.0\System.Security.Cryptography.Algorithms.dll
1>                    AssemblyVersion=4.3.1.0
1>                    CopyLocal=false
1>                    ExternallyResolved=true
1>                    FileVersion=4.700.19.46214
1>                    FrameworkReferenceName=Microsoft.NETCore.App
1>                    FrameworkReferenceVersion=3.0.0
1>                    FusionName=System.Security.Cryptography.Algorithms, Version=4.3.1.0, Culture=neutral, PublicKeyToken=b03f5f7f11d50a3a
1>                    ImageRuntime=v4.0.30319
1>                    NuGetPackageId=Microsoft.NETCore.App.Ref
1>                    NuGetPackageVersion=3.0.0
1>                    OriginalItemSpec=C:\Users\hansnguyen\.nuget\packages\microsoft.netcore.app.ref\3.0.0\ref\netcoreapp3.0\System.Security.Cryptography.Algorithms.dll
1>                    Private=false
1>                    PublicKeyToken=b03f5f7f11d50a3a
1>                    ReferenceSourceTarget=ResolveAssemblyReference
1>                    ResolvedFrom={RawFileName}
1>                    Version=
1>            C:\Users\hansnguyen\.nuget\packages\microsoft.windowsdesktop.app.ref\3.0.0\ref\netcoreapp3.0\System.Security.Cryptography.Cng.dll
1>                    AssemblyVersion=4.3.2.0
1>                    CopyLocal=false
1>                    ExternallyResolved=true
1>                    FileVersion=4.700.19.46214
1>                    FrameworkReferenceName=Microsoft.WindowsDesktop.App.WPF
1>                    FrameworkReferenceVersion=3.0.0
1>                    FusionName=System.Security.Cryptography.Cng, Version=4.3.2.0, Culture=neutral, PublicKeyToken=b03f5f7f11d50a3a
1>                    ImageRuntime=v4.0.30319
1>                    NuGetPackageId=Microsoft.WindowsDesktop.App.Ref
1>                    NuGetPackageVersion=3.0.0
1>                    OriginalItemSpec=C:\Users\hansnguyen\.nuget\packages\microsoft.windowsdesktop.app.ref\3.0.0\ref\netcoreapp3.0\System.Security.Cryptography.Cng.dll
1>                    Private=false
1>                    PublicKeyToken=b03f5f7f11d50a3a
1>                    ReferenceSourceTarget=ResolveAssemblyReference
1>                    ResolvedFrom={RawFileName}
1>                    Version=
1>            C:\Users\hansnguyen\.nuget\packages\microsoft.netcore.app.ref\3.0.0\ref\netcoreapp3.0\System.Security.Cryptography.Csp.dll
1>                    AssemblyVersion=4.1.1.0
1>                    CopyLocal=false
1>                    ExternallyResolved=true
1>                    FileVersion=4.700.19.46214
1>                    FrameworkReferenceName=Microsoft.NETCore.App
1>                    FrameworkReferenceVersion=3.0.0
1>                    FusionName=System.Security.Cryptography.Csp, Version=4.1.1.0, Culture=neutral, PublicKeyToken=b03f5f7f11d50a3a
1>                    ImageRuntime=v4.0.30319
1>                    NuGetPackageId=Microsoft.NETCore.App.Ref
1>                    NuGetPackageVersion=3.0.0
1>                    OriginalItemSpec=C:\Users\hansnguyen\.nuget\packages\microsoft.netcore.app.ref\3.0.0\ref\netcoreapp3.0\System.Security.Cryptography.Csp.dll
1>                    Private=false
1>                    PublicKeyToken=b03f5f7f11d50a3a
1>                    ReferenceSourceTarget=ResolveAssemblyReference
1>                    ResolvedFrom={RawFileName}
1>                    Version=
1>            C:\Users\hansnguyen\.nuget\packages\microsoft.netcore.app.ref\3.0.0\ref\netcoreapp3.0\System.Security.Cryptography.Encoding.dll
1>                    AssemblyVersion=4.1.1.0
1>                    CopyLocal=false
1>                    ExternallyResolved=true
1>                    FileVersion=4.700.19.46214
1>                    FrameworkReferenceName=Microsoft.NETCore.App
1>                    FrameworkReferenceVersion=3.0.0
1>                    FusionName=System.Security.Cryptography.Encoding, Version=4.1.1.0, Culture=neutral, PublicKeyToken=b03f5f7f11d50a3a
1>                    ImageRuntime=v4.0.30319
1>                    NuGetPackageId=Microsoft.NETCore.App.Ref
1>                    NuGetPackageVersion=3.0.0
1>                    OriginalItemSpec=C:\Users\hansnguyen\.nuget\packages\microsoft.netcore.app.ref\3.0.0\ref\netcoreapp3.0\System.Security.Cryptography.Encoding.dll
1>                    Private=false
1>                    PublicKeyToken=b03f5f7f11d50a3a
1>                    ReferenceSourceTarget=ResolveAssemblyReference
1>                    ResolvedFrom={RawFileName}
1>                    Version=
1>            C:\Users\hansnguyen\.nuget\packages\microsoft.windowsdesktop.app.ref\3.0.0\ref\netcoreapp3.0\System.Security.Cryptography.Pkcs.dll
1>                    AssemblyVersion=4.1.0.0
1>                    CopyLocal=false
1>                    ExternallyResolved=true
1>                    FileVersion=4.700.19.46214
1>                    FrameworkReferenceName=Microsoft.WindowsDesktop.App.WPF
1>                    FrameworkReferenceVersion=3.0.0
1>                    FusionName=System.Security.Cryptography.Pkcs, Version=4.1.0.0, Culture=neutral, PublicKeyToken=b03f5f7f11d50a3a
1>                    ImageRuntime=v4.0.30319
1>                    NuGetPackageId=Microsoft.WindowsDesktop.App.Ref
1>                    NuGetPackageVersion=3.0.0
1>                    OriginalItemSpec=C:\Users\hansnguyen\.nuget\packages\microsoft.windowsdesktop.app.ref\3.0.0\ref\netcoreapp3.0\System.Security.Cryptography.Pkcs.dll
1>                    Private=false
1>                    PublicKeyToken=b03f5f7f11d50a3a
1>                    ReferenceSourceTarget=ResolveAssemblyReference
1>                    ResolvedFrom={RawFileName}
1>                    Version=
1>            C:\Users\hansnguyen\.nuget\packages\microsoft.netcore.app.ref\3.0.0\ref\netcoreapp3.0\System.Security.Cryptography.Primitives.dll
1>                    AssemblyVersion=4.1.1.0
1>                    CopyLocal=false
1>                    ExternallyResolved=true
1>                    FileVersion=4.700.19.46214
1>                    FrameworkReferenceName=Microsoft.NETCore.App
1>                    FrameworkReferenceVersion=3.0.0
1>                    FusionName=System.Security.Cryptography.Primitives, Version=4.1.1.0, Culture=neutral, PublicKeyToken=b03f5f7f11d50a3a
1>                    ImageRuntime=v4.0.30319
1>                    NuGetPackageId=Microsoft.NETCore.App.Ref
1>                    NuGetPackageVersion=3.0.0
1>                    OriginalItemSpec=C:\Users\hansnguyen\.nuget\packages\microsoft.netcore.app.ref\3.0.0\ref\netcoreapp3.0\System.Security.Cryptography.Primitives.dll
1>                    Private=false
1>                    PublicKeyToken=b03f5f7f11d50a3a
1>                    ReferenceSourceTarget=ResolveAssemblyReference
1>                    ResolvedFrom={RawFileName}
1>                    Version=
1>            C:\Users\hansnguyen\.nuget\packages\microsoft.windowsdesktop.app.ref\3.0.0\ref\netcoreapp3.0\System.Security.Cryptography.ProtectedData.dll
1>                    AssemblyVersion=4.0.4.0
1>                    CopyLocal=false
1>                    ExternallyResolved=true
1>                    FileVersion=4.700.19.46214
1>                    FrameworkReferenceName=Microsoft.WindowsDesktop.App.WPF
1>                    FrameworkReferenceVersion=3.0.0
1>                    FusionName=System.Security.Cryptography.ProtectedData, Version=4.0.4.0, Culture=neutral, PublicKeyToken=b03f5f7f11d50a3a
1>                    ImageRuntime=v4.0.30319
1>                    NuGetPackageId=Microsoft.WindowsDesktop.App.Ref
1>                    NuGetPackageVersion=3.0.0
1>                    OriginalItemSpec=C:\Users\hansnguyen\.nuget\packages\microsoft.windowsdesktop.app.ref\3.0.0\ref\netcoreapp3.0\System.Security.Cryptography.ProtectedData.dll
1>                    Private=false
1>                    PublicKeyToken=b03f5f7f11d50a3a
1>                    ReferenceSourceTarget=ResolveAssemblyReference
1>                    ResolvedFrom={RawFileName}
1>                    Version=
1>            C:\Users\hansnguyen\.nuget\packages\microsoft.netcore.app.ref\3.0.0\ref\netcoreapp3.0\System.Security.Cryptography.X509Certificates.dll
1>                    AssemblyVersion=4.2.1.0
1>                    CopyLocal=false
1>                    ExternallyResolved=true
1>                    FileVersion=4.700.19.46214
1>                    FrameworkReferenceName=Microsoft.NETCore.App
1>                    FrameworkReferenceVersion=3.0.0
1>                    FusionName=System.Security.Cryptography.X509Certificates, Version=4.2.1.0, Culture=neutral, PublicKeyToken=b03f5f7f11d50a3a
1>                    ImageRuntime=v4.0.30319
1>                    NuGetPackageId=Microsoft.NETCore.App.Ref
1>                    NuGetPackageVersion=3.0.0
1>                    OriginalItemSpec=C:\Users\hansnguyen\.nuget\packages\microsoft.netcore.app.ref\3.0.0\ref\netcoreapp3.0\System.Security.Cryptography.X509Certificates.dll
1>                    Private=false
1>                    PublicKeyToken=b03f5f7f11d50a3a
1>                    ReferenceSourceTarget=ResolveAssemblyReference
1>                    ResolvedFrom={RawFileName}
1>                    Version=
1>            C:\Users\hansnguyen\.nuget\packages\microsoft.windowsdesktop.app.ref\3.0.0\ref\netcoreapp3.0\System.Security.Cryptography.Xml.dll
1>                    AssemblyVersion=4.0.2.0
1>                    CopyLocal=false
1>                    ExternallyResolved=true
1>                    FileVersion=4.700.19.46214
1>                    FrameworkReferenceName=Microsoft.WindowsDesktop.App.WPF
1>                    FrameworkReferenceVersion=3.0.0
1>                    FusionName=System.Security.Cryptography.Xml, Version=4.0.2.0, Culture=neutral, PublicKeyToken=cc7b13ffcd2ddd51
1>                    ImageRuntime=v4.0.30319
1>                    NuGetPackageId=Microsoft.WindowsDesktop.App.Ref
1>                    NuGetPackageVersion=3.0.0
1>                    OriginalItemSpec=C:\Users\hansnguyen\.nuget\packages\microsoft.windowsdesktop.app.ref\3.0.0\ref\netcoreapp3.0\System.Security.Cryptography.Xml.dll
1>                    Private=false
1>                    PublicKeyToken=cc7b13ffcd2ddd51
1>                    ReferenceSourceTarget=ResolveAssemblyReference
1>                    ResolvedFrom={RawFileName}
1>                    Version=
1>            C:\Users\hansnguyen\.nuget\packages\microsoft.netcore.app.ref\3.0.0\ref\netcoreapp3.0\System.Security.dll
1>                    AssemblyVersion=4.0.0.0
1>                    CopyLocal=false
1>                    ExternallyResolved=true
1>                    FileVersion=4.700.19.46214
1>                    FrameworkReferenceName=Microsoft.NETCore.App
1>                    FrameworkReferenceVersion=3.0.0
1>                    FusionName=System.Security, Version=4.0.0.0, Culture=neutral, PublicKeyToken=b03f5f7f11d50a3a
1>                    ImageRuntime=v4.0.30319
1>                    NuGetPackageId=Microsoft.NETCore.App.Ref
1>                    NuGetPackageVersion=3.0.0
1>                    OriginalItemSpec=C:\Users\hansnguyen\.nuget\packages\microsoft.netcore.app.ref\3.0.0\ref\netcoreapp3.0\System.Security.dll
1>                    Private=false
1>                    PublicKeyToken=b03f5f7f11d50a3a
1>                    ReferenceSourceTarget=ResolveAssemblyReference
1>                    ResolvedFrom={RawFileName}
1>                    Version=
1>            C:\Users\hansnguyen\.nuget\packages\microsoft.windowsdesktop.app.ref\3.0.0\ref\netcoreapp3.0\System.Security.Permissions.dll
1>                    AssemblyVersion=4.0.2.0
1>                    CopyLocal=false
1>                    ExternallyResolved=true
1>                    FileVersion=4.700.19.46214
1>                    FrameworkReferenceName=Microsoft.WindowsDesktop.App.WPF
1>                    FrameworkReferenceVersion=3.0.0
1>                    FusionName=System.Security.Permissions, Version=4.0.2.0, Culture=neutral, PublicKeyToken=cc7b13ffcd2ddd51
1>                    ImageRuntime=v4.0.30319
1>                    NuGetPackageId=Microsoft.WindowsDesktop.App.Ref
1>                    NuGetPackageVersion=3.0.0
1>                    OriginalItemSpec=C:\Users\hansnguyen\.nuget\packages\microsoft.windowsdesktop.app.ref\3.0.0\ref\netcoreapp3.0\System.Security.Permissions.dll
1>                    Private=false
1>                    PublicKeyToken=cc7b13ffcd2ddd51
1>                    ReferenceSourceTarget=ResolveAssemblyReference
1>                    ResolvedFrom={RawFileName}
1>                    Version=
1>            C:\Users\hansnguyen\.nuget\packages\microsoft.netcore.app.ref\3.0.0\ref\netcoreapp3.0\System.Security.Principal.dll
1>                    AssemblyVersion=4.1.1.0
1>                    CopyLocal=false
1>                    ExternallyResolved=true
1>                    FileVersion=4.700.19.46214
1>                    FrameworkReferenceName=Microsoft.NETCore.App
1>                    FrameworkReferenceVersion=3.0.0
1>                    FusionName=System.Security.Principal, Version=4.1.1.0, Culture=neutral, PublicKeyToken=b03f5f7f11d50a3a
1>                    ImageRuntime=v4.0.30319
1>                    NuGetPackageId=Microsoft.NETCore.App.Ref
1>                    NuGetPackageVersion=3.0.0
1>                    OriginalItemSpec=C:\Users\hansnguyen\.nuget\packages\microsoft.netcore.app.ref\3.0.0\ref\netcoreapp3.0\System.Security.Principal.dll
1>                    Private=false
1>                    PublicKeyToken=b03f5f7f11d50a3a
1>                    ReferenceSourceTarget=ResolveAssemblyReference
1>                    ResolvedFrom={RawFileName}
1>                    Version=
1>            C:\Users\hansnguyen\.nuget\packages\microsoft.windowsdesktop.app.ref\3.0.0\ref\netcoreapp3.0\System.Security.Principal.Windows.dll
1>                    AssemblyVersion=4.1.1.0
1>                    CopyLocal=false
1>                    ExternallyResolved=true
1>                    FileVersion=4.700.19.46214
1>                    FrameworkReferenceName=Microsoft.WindowsDesktop.App.WPF
1>                    FrameworkReferenceVersion=3.0.0
1>                    FusionName=System.Security.Principal.Windows, Version=4.1.1.0, Culture=neutral, PublicKeyToken=b03f5f7f11d50a3a
1>                    ImageRuntime=v4.0.30319
1>                    NuGetPackageId=Microsoft.WindowsDesktop.App.Ref
1>                    NuGetPackageVersion=3.0.0
1>                    OriginalItemSpec=C:\Users\hansnguyen\.nuget\packages\microsoft.windowsdesktop.app.ref\3.0.0\ref\netcoreapp3.0\System.Security.Principal.Windows.dll
1>                    Private=false
1>                    PublicKeyToken=b03f5f7f11d50a3a
1>                    ReferenceSourceTarget=ResolveAssemblyReference
1>                    ResolvedFrom={RawFileName}
1>                    Version=
1>            C:\Users\hansnguyen\.nuget\packages\microsoft.netcore.app.ref\3.0.0\ref\netcoreapp3.0\System.Security.SecureString.dll
1>                    AssemblyVersion=4.1.1.0
1>                    CopyLocal=false
1>                    ExternallyResolved=true
1>                    FileVersion=4.700.19.46214
1>                    FrameworkReferenceName=Microsoft.NETCore.App
1>                    FrameworkReferenceVersion=3.0.0
1>                    FusionName=System.Security.SecureString, Version=4.1.1.0, Culture=neutral, PublicKeyToken=b03f5f7f11d50a3a
1>                    ImageRuntime=v4.0.30319
1>                    NuGetPackageId=Microsoft.NETCore.App.Ref
1>                    NuGetPackageVersion=3.0.0
1>                    OriginalItemSpec=C:\Users\hansnguyen\.nuget\packages\microsoft.netcore.app.ref\3.0.0\ref\netcoreapp3.0\System.Security.SecureString.dll
1>                    Private=false
1>                    PublicKeyToken=b03f5f7f11d50a3a
1>                    ReferenceSourceTarget=ResolveAssemblyReference
1>                    ResolvedFrom={RawFileName}
1>                    Version=
1>            C:\Users\hansnguyen\.nuget\packages\microsoft.netcore.app.ref\3.0.0\ref\netcoreapp3.0\System.ServiceModel.Web.dll
1>                    AssemblyVersion=4.0.0.0
1>                    CopyLocal=false
1>                    ExternallyResolved=true
1>                    FileVersion=4.700.19.46214
1>                    FrameworkReferenceName=Microsoft.NETCore.App
1>                    FrameworkReferenceVersion=3.0.0
1>                    FusionName=System.ServiceModel.Web, Version=4.0.0.0, Culture=neutral, PublicKeyToken=31bf3856ad364e35
1>                    ImageRuntime=v4.0.30319
1>                    NuGetPackageId=Microsoft.NETCore.App.Ref
1>                    NuGetPackageVersion=3.0.0
1>                    OriginalItemSpec=C:\Users\hansnguyen\.nuget\packages\microsoft.netcore.app.ref\3.0.0\ref\netcoreapp3.0\System.ServiceModel.Web.dll
1>                    Private=false
1>                    PublicKeyToken=31bf3856ad364e35
1>                    ReferenceSourceTarget=ResolveAssemblyReference
1>                    ResolvedFrom={RawFileName}
1>                    Version=
1>            C:\Users\hansnguyen\.nuget\packages\microsoft.netcore.app.ref\3.0.0\ref\netcoreapp3.0\System.ServiceProcess.dll
1>                    AssemblyVersion=4.0.0.0
1>                    CopyLocal=false
1>                    ExternallyResolved=true
1>                    FileVersion=4.700.19.46214
1>                    FrameworkReferenceName=Microsoft.NETCore.App
1>                    FrameworkReferenceVersion=3.0.0
1>                    FusionName=System.ServiceProcess, Version=4.0.0.0, Culture=neutral, PublicKeyToken=b03f5f7f11d50a3a
1>                    ImageRuntime=v4.0.30319
1>                    NuGetPackageId=Microsoft.NETCore.App.Ref
1>                    NuGetPackageVersion=3.0.0
1>                    OriginalItemSpec=C:\Users\hansnguyen\.nuget\packages\microsoft.netcore.app.ref\3.0.0\ref\netcoreapp3.0\System.ServiceProcess.dll
1>                    Private=false
1>                    PublicKeyToken=b03f5f7f11d50a3a
1>                    ReferenceSourceTarget=ResolveAssemblyReference
1>                    ResolvedFrom={RawFileName}
1>                    Version=
1>            C:\Users\hansnguyen\.nuget\packages\microsoft.netcore.app.ref\3.0.0\ref\netcoreapp3.0\System.Text.Encoding.CodePages.dll
1>                    AssemblyVersion=4.1.2.0
1>                    CopyLocal=false
1>                    ExternallyResolved=true
1>                    FileVersion=4.700.19.46214
1>                    FrameworkReferenceName=Microsoft.NETCore.App
1>                    FrameworkReferenceVersion=3.0.0
1>                    FusionName=System.Text.Encoding.CodePages, Version=4.1.2.0, Culture=neutral, PublicKeyToken=b03f5f7f11d50a3a
1>                    ImageRuntime=v4.0.30319
1>                    NuGetPackageId=Microsoft.NETCore.App.Ref
1>                    NuGetPackageVersion=3.0.0
1>                    OriginalItemSpec=C:\Users\hansnguyen\.nuget\packages\microsoft.netcore.app.ref\3.0.0\ref\netcoreapp3.0\System.Text.Encoding.CodePages.dll
1>                    Private=false
1>                    PublicKeyToken=b03f5f7f11d50a3a
1>                    ReferenceSourceTarget=ResolveAssemblyReference
1>                    ResolvedFrom={RawFileName}
1>                    Version=
1>            C:\Users\hansnguyen\.nuget\packages\microsoft.netcore.app.ref\3.0.0\ref\netcoreapp3.0\System.Text.Encoding.dll
1>                    AssemblyVersion=4.1.1.0
1>                    CopyLocal=false
1>                    ExternallyResolved=true
1>                    FileVersion=4.700.19.46214
1>                    FrameworkReferenceName=Microsoft.NETCore.App
1>                    FrameworkReferenceVersion=3.0.0
1>                    FusionName=System.Text.Encoding, Version=4.1.1.0, Culture=neutral, PublicKeyToken=b03f5f7f11d50a3a
1>                    ImageRuntime=v4.0.30319
1>                    NuGetPackageId=Microsoft.NETCore.App.Ref
1>                    NuGetPackageVersion=3.0.0
1>                    OriginalItemSpec=C:\Users\hansnguyen\.nuget\packages\microsoft.netcore.app.ref\3.0.0\ref\netcoreapp3.0\System.Text.Encoding.dll
1>                    Private=false
1>                    PublicKeyToken=b03f5f7f11d50a3a
1>                    ReferenceSourceTarget=ResolveAssemblyReference
1>                    ResolvedFrom={RawFileName}
1>                    Version=
1>            C:\Users\hansnguyen\.nuget\packages\microsoft.netcore.app.ref\3.0.0\ref\netcoreapp3.0\System.Text.Encoding.Extensions.dll
1>                    AssemblyVersion=4.1.1.0
1>                    CopyLocal=false
1>                    ExternallyResolved=true
1>                    FileVersion=4.700.19.46214
1>                    FrameworkReferenceName=Microsoft.NETCore.App
1>                    FrameworkReferenceVersion=3.0.0
1>                    FusionName=System.Text.Encoding.Extensions, Version=4.1.1.0, Culture=neutral, PublicKeyToken=b03f5f7f11d50a3a
1>                    ImageRuntime=v4.0.30319
1>                    NuGetPackageId=Microsoft.NETCore.App.Ref
1>                    NuGetPackageVersion=3.0.0
1>                    OriginalItemSpec=C:\Users\hansnguyen\.nuget\packages\microsoft.netcore.app.ref\3.0.0\ref\netcoreapp3.0\System.Text.Encoding.Extensions.dll
1>                    Private=false
1>                    PublicKeyToken=b03f5f7f11d50a3a
1>                    ReferenceSourceTarget=ResolveAssemblyReference
1>                    ResolvedFrom={RawFileName}
1>                    Version=
1>            C:\Users\hansnguyen\.nuget\packages\microsoft.netcore.app.ref\3.0.0\ref\netcoreapp3.0\System.Text.Encodings.Web.dll
1>                    AssemblyVersion=4.0.4.0
1>                    CopyLocal=false
1>                    ExternallyResolved=true
1>                    FileVersion=4.700.19.46214
1>                    FrameworkReferenceName=Microsoft.NETCore.App
1>                    FrameworkReferenceVersion=3.0.0
1>                    FusionName=System.Text.Encodings.Web, Version=4.0.4.0, Culture=neutral, PublicKeyToken=cc7b13ffcd2ddd51
1>                    ImageRuntime=v4.0.30319
1>                    NuGetPackageId=Microsoft.NETCore.App.Ref
1>                    NuGetPackageVersion=3.0.0
1>                    OriginalItemSpec=C:\Users\hansnguyen\.nuget\packages\microsoft.netcore.app.ref\3.0.0\ref\netcoreapp3.0\System.Text.Encodings.Web.dll
1>                    Private=false
1>                    PublicKeyToken=cc7b13ffcd2ddd51
1>                    ReferenceSourceTarget=ResolveAssemblyReference
1>                    ResolvedFrom={RawFileName}
1>                    Version=
1>            C:\Users\hansnguyen\.nuget\packages\microsoft.netcore.app.ref\3.0.0\ref\netcoreapp3.0\System.Text.Json.dll
1>                    AssemblyVersion=4.0.0.0
1>                    CopyLocal=false
1>                    ExternallyResolved=true
1>                    FileVersion=4.700.19.46214
1>                    FrameworkReferenceName=Microsoft.NETCore.App
1>                    FrameworkReferenceVersion=3.0.0
1>                    FusionName=System.Text.Json, Version=4.0.0.0, Culture=neutral, PublicKeyToken=cc7b13ffcd2ddd51
1>                    ImageRuntime=v4.0.30319
1>                    NuGetPackageId=Microsoft.NETCore.App.Ref
1>                    NuGetPackageVersion=3.0.0
1>                    OriginalItemSpec=C:\Users\hansnguyen\.nuget\packages\microsoft.netcore.app.ref\3.0.0\ref\netcoreapp3.0\System.Text.Json.dll
1>                    Private=false
1>                    PublicKeyToken=cc7b13ffcd2ddd51
1>                    ReferenceSourceTarget=ResolveAssemblyReference
1>                    ResolvedFrom={RawFileName}
1>                    Version=
1>            C:\Users\hansnguyen\.nuget\packages\microsoft.netcore.app.ref\3.0.0\ref\netcoreapp3.0\System.Text.RegularExpressions.dll
1>                    AssemblyVersion=4.2.1.0
1>                    CopyLocal=false
1>                    ExternallyResolved=true
1>                    FileVersion=4.700.19.46214
1>                    FrameworkReferenceName=Microsoft.NETCore.App
1>                    FrameworkReferenceVersion=3.0.0
1>                    FusionName=System.Text.RegularExpressions, Version=4.2.1.0, Culture=neutral, PublicKeyToken=b03f5f7f11d50a3a
1>                    ImageRuntime=v4.0.30319
1>                    NuGetPackageId=Microsoft.NETCore.App.Ref
1>                    NuGetPackageVersion=3.0.0
1>                    OriginalItemSpec=C:\Users\hansnguyen\.nuget\packages\microsoft.netcore.app.ref\3.0.0\ref\netcoreapp3.0\System.Text.RegularExpressions.dll
1>                    Private=false
1>                    PublicKeyToken=b03f5f7f11d50a3a
1>                    ReferenceSourceTarget=ResolveAssemblyReference
1>                    ResolvedFrom={RawFileName}
1>                    Version=
1>            C:\Users\hansnguyen\.nuget\packages\microsoft.windowsdesktop.app.ref\3.0.0\ref\netcoreapp3.0\System.Threading.AccessControl.dll
1>                    AssemblyVersion=4.0.4.0
1>                    CopyLocal=false
1>                    ExternallyResolved=true
1>                    FileVersion=4.700.19.46214
1>                    FrameworkReferenceName=Microsoft.WindowsDesktop.App.WPF
1>                    FrameworkReferenceVersion=3.0.0
1>                    FusionName=System.Threading.AccessControl, Version=4.0.4.0, Culture=neutral, PublicKeyToken=b03f5f7f11d50a3a
1>                    ImageRuntime=v4.0.30319
1>                    NuGetPackageId=Microsoft.WindowsDesktop.App.Ref
1>                    NuGetPackageVersion=3.0.0
1>                    OriginalItemSpec=C:\Users\hansnguyen\.nuget\packages\microsoft.windowsdesktop.app.ref\3.0.0\ref\netcoreapp3.0\System.Threading.AccessControl.dll
1>                    Private=false
1>                    PublicKeyToken=b03f5f7f11d50a3a
1>                    ReferenceSourceTarget=ResolveAssemblyReference
1>                    ResolvedFrom={RawFileName}
1>                    Version=
1>            C:\Users\hansnguyen\.nuget\packages\microsoft.netcore.app.ref\3.0.0\ref\netcoreapp3.0\System.Threading.Channels.dll
1>                    AssemblyVersion=4.0.1.0
1>                    CopyLocal=false
1>                    ExternallyResolved=true
1>                    FileVersion=4.700.19.46214
1>                    FrameworkReferenceName=Microsoft.NETCore.App
1>                    FrameworkReferenceVersion=3.0.0
1>                    FusionName=System.Threading.Channels, Version=4.0.1.0, Culture=neutral, PublicKeyToken=cc7b13ffcd2ddd51
1>                    ImageRuntime=v4.0.30319
1>                    NuGetPackageId=Microsoft.NETCore.App.Ref
1>                    NuGetPackageVersion=3.0.0
1>                    OriginalItemSpec=C:\Users\hansnguyen\.nuget\packages\microsoft.netcore.app.ref\3.0.0\ref\netcoreapp3.0\System.Threading.Channels.dll
1>                    Private=false
1>                    PublicKeyToken=cc7b13ffcd2ddd51
1>                    ReferenceSourceTarget=ResolveAssemblyReference
1>                    ResolvedFrom={RawFileName}
1>                    Version=
1>            C:\Users\hansnguyen\.nuget\packages\microsoft.netcore.app.ref\3.0.0\ref\netcoreapp3.0\System.Threading.dll
1>                    AssemblyVersion=4.1.1.0
1>                    CopyLocal=false
1>                    ExternallyResolved=true
1>                    FileVersion=4.700.19.46214
1>                    FrameworkReferenceName=Microsoft.NETCore.App
1>                    FrameworkReferenceVersion=3.0.0
1>                    FusionName=System.Threading, Version=4.1.1.0, Culture=neutral, PublicKeyToken=b03f5f7f11d50a3a
1>                    ImageRuntime=v4.0.30319
1>                    NuGetPackageId=Microsoft.NETCore.App.Ref
1>                    NuGetPackageVersion=3.0.0
1>                    OriginalItemSpec=C:\Users\hansnguyen\.nuget\packages\microsoft.netcore.app.ref\3.0.0\ref\netcoreapp3.0\System.Threading.dll
1>                    Private=false
1>                    PublicKeyToken=b03f5f7f11d50a3a
1>                    ReferenceSourceTarget=ResolveAssemblyReference
1>                    ResolvedFrom={RawFileName}
1>                    Version=
1>            C:\Users\hansnguyen\.nuget\packages\microsoft.netcore.app.ref\3.0.0\ref\netcoreapp3.0\System.Threading.Overlapped.dll
1>                    AssemblyVersion=4.1.1.0
1>                    CopyLocal=false
1>                    ExternallyResolved=true
1>                    FileVersion=4.700.19.46214
1>                    FrameworkReferenceName=Microsoft.NETCore.App
1>                    FrameworkReferenceVersion=3.0.0
1>                    FusionName=System.Threading.Overlapped, Version=4.1.1.0, Culture=neutral, PublicKeyToken=b03f5f7f11d50a3a
1>                    ImageRuntime=v4.0.30319
1>                    NuGetPackageId=Microsoft.NETCore.App.Ref
1>                    NuGetPackageVersion=3.0.0
1>                    OriginalItemSpec=C:\Users\hansnguyen\.nuget\packages\microsoft.netcore.app.ref\3.0.0\ref\netcoreapp3.0\System.Threading.Overlapped.dll
1>                    Private=false
1>                    PublicKeyToken=b03f5f7f11d50a3a
1>                    ReferenceSourceTarget=ResolveAssemblyReference
1>                    ResolvedFrom={RawFileName}
1>                    Version=
1>            C:\Users\hansnguyen\.nuget\packages\microsoft.netcore.app.ref\3.0.0\ref\netcoreapp3.0\System.Threading.Tasks.Dataflow.dll
1>                    AssemblyVersion=4.6.4.0
1>                    CopyLocal=false
1>                    ExternallyResolved=true
1>                    FileVersion=4.700.19.46214
1>                    FrameworkReferenceName=Microsoft.NETCore.App
1>                    FrameworkReferenceVersion=3.0.0
1>                    FusionName=System.Threading.Tasks.Dataflow, Version=4.6.4.0, Culture=neutral, PublicKeyToken=b03f5f7f11d50a3a
1>                    ImageRuntime=v4.0.30319
1>                    NuGetPackageId=Microsoft.NETCore.App.Ref
1>                    NuGetPackageVersion=3.0.0
1>                    OriginalItemSpec=C:\Users\hansnguyen\.nuget\packages\microsoft.netcore.app.ref\3.0.0\ref\netcoreapp3.0\System.Threading.Tasks.Dataflow.dll
1>                    Private=false
1>                    PublicKeyToken=b03f5f7f11d50a3a
1>                    ReferenceSourceTarget=ResolveAssemblyReference
1>                    ResolvedFrom={RawFileName}
1>                    Version=
1>            C:\Users\hansnguyen\.nuget\packages\microsoft.netcore.app.ref\3.0.0\ref\netcoreapp3.0\System.Threading.Tasks.dll
1>                    AssemblyVersion=4.1.1.0
1>                    CopyLocal=false
1>                    ExternallyResolved=true
1>                    FileVersion=4.700.19.46214
1>                    FrameworkReferenceName=Microsoft.NETCore.App
1>                    FrameworkReferenceVersion=3.0.0
1>                    FusionName=System.Threading.Tasks, Version=4.1.1.0, Culture=neutral, PublicKeyToken=b03f5f7f11d50a3a
1>                    ImageRuntime=v4.0.30319
1>                    NuGetPackageId=Microsoft.NETCore.App.Ref
1>                    NuGetPackageVersion=3.0.0
1>                    OriginalItemSpec=C:\Users\hansnguyen\.nuget\packages\microsoft.netcore.app.ref\3.0.0\ref\netcoreapp3.0\System.Threading.Tasks.dll
1>                    Private=false
1>                    PublicKeyToken=b03f5f7f11d50a3a
1>                    ReferenceSourceTarget=ResolveAssemblyReference
1>                    ResolvedFrom={RawFileName}
1>                    Version=
1>            C:\Users\hansnguyen\.nuget\packages\microsoft.netcore.app.ref\3.0.0\ref\netcoreapp3.0\System.Threading.Tasks.Extensions.dll
1>                    AssemblyVersion=4.3.0.0
1>                    CopyLocal=false
1>                    ExternallyResolved=true
1>                    FileVersion=4.700.19.46214
1>                    FrameworkReferenceName=Microsoft.NETCore.App
1>                    FrameworkReferenceVersion=3.0.0
1>                    FusionName=System.Threading.Tasks.Extensions, Version=4.3.0.0, Culture=neutral, PublicKeyToken=cc7b13ffcd2ddd51
1>                    ImageRuntime=v4.0.30319
1>                    NuGetPackageId=Microsoft.NETCore.App.Ref
1>                    NuGetPackageVersion=3.0.0
1>                    OriginalItemSpec=C:\Users\hansnguyen\.nuget\packages\microsoft.netcore.app.ref\3.0.0\ref\netcoreapp3.0\System.Threading.Tasks.Extensions.dll
1>                    Private=false
1>                    PublicKeyToken=cc7b13ffcd2ddd51
1>                    ReferenceSourceTarget=ResolveAssemblyReference
1>                    ResolvedFrom={RawFileName}
1>                    Version=
1>            C:\Users\hansnguyen\.nuget\packages\microsoft.netcore.app.ref\3.0.0\ref\netcoreapp3.0\System.Threading.Tasks.Parallel.dll
1>                    AssemblyVersion=4.0.3.0
1>                    CopyLocal=false
1>                    ExternallyResolved=true
1>                    FileVersion=4.700.19.46214
1>                    FrameworkReferenceName=Microsoft.NETCore.App
1>                    FrameworkReferenceVersion=3.0.0
1>                    FusionName=System.Threading.Tasks.Parallel, Version=4.0.3.0, Culture=neutral, PublicKeyToken=b03f5f7f11d50a3a
1>                    ImageRuntime=v4.0.30319
1>                    NuGetPackageId=Microsoft.NETCore.App.Ref
1>                    NuGetPackageVersion=3.0.0
1>                    OriginalItemSpec=C:\Users\hansnguyen\.nuget\packages\microsoft.netcore.app.ref\3.0.0\ref\netcoreapp3.0\System.Threading.Tasks.Parallel.dll
1>                    Private=false
1>                    PublicKeyToken=b03f5f7f11d50a3a
1>                    ReferenceSourceTarget=ResolveAssemblyReference
1>                    ResolvedFrom={RawFileName}
1>                    Version=
1>            C:\Users\hansnguyen\.nuget\packages\microsoft.netcore.app.ref\3.0.0\ref\netcoreapp3.0\System.Threading.Thread.dll
1>                    AssemblyVersion=4.1.1.0
1>                    CopyLocal=false
1>                    ExternallyResolved=true
1>                    FileVersion=4.700.19.46214
1>                    FrameworkReferenceName=Microsoft.NETCore.App
1>                    FrameworkReferenceVersion=3.0.0
1>                    FusionName=System.Threading.Thread, Version=4.1.1.0, Culture=neutral, PublicKeyToken=b03f5f7f11d50a3a
1>                    ImageRuntime=v4.0.30319
1>                    NuGetPackageId=Microsoft.NETCore.App.Ref
1>                    NuGetPackageVersion=3.0.0
1>                    OriginalItemSpec=C:\Users\hansnguyen\.nuget\packages\microsoft.netcore.app.ref\3.0.0\ref\netcoreapp3.0\System.Threading.Thread.dll
1>                    Private=false
1>                    PublicKeyToken=b03f5f7f11d50a3a
1>                    ReferenceSourceTarget=ResolveAssemblyReference
1>                    ResolvedFrom={RawFileName}
1>                    Version=
1>            C:\Users\hansnguyen\.nuget\packages\microsoft.netcore.app.ref\3.0.0\ref\netcoreapp3.0\System.Threading.ThreadPool.dll
1>                    AssemblyVersion=4.1.1.0
1>                    CopyLocal=false
1>                    ExternallyResolved=true
1>                    FileVersion=4.700.19.46214
1>                    FrameworkReferenceName=Microsoft.NETCore.App
1>                    FrameworkReferenceVersion=3.0.0
1>                    FusionName=System.Threading.ThreadPool, Version=4.1.1.0, Culture=neutral, PublicKeyToken=b03f5f7f11d50a3a
1>                    ImageRuntime=v4.0.30319
1>                    NuGetPackageId=Microsoft.NETCore.App.Ref
1>                    NuGetPackageVersion=3.0.0
1>                    OriginalItemSpec=C:\Users\hansnguyen\.nuget\packages\microsoft.netcore.app.ref\3.0.0\ref\netcoreapp3.0\System.Threading.ThreadPool.dll
1>                    Private=false
1>                    PublicKeyToken=b03f5f7f11d50a3a
1>                    ReferenceSourceTarget=ResolveAssemblyReference
1>                    ResolvedFrom={RawFileName}
1>                    Version=
1>            C:\Users\hansnguyen\.nuget\packages\microsoft.netcore.app.ref\3.0.0\ref\netcoreapp3.0\System.Threading.Timer.dll
1>                    AssemblyVersion=4.1.1.0
1>                    CopyLocal=false
1>                    ExternallyResolved=true
1>                    FileVersion=4.700.19.46214
1>                    FrameworkReferenceName=Microsoft.NETCore.App
1>                    FrameworkReferenceVersion=3.0.0
1>                    FusionName=System.Threading.Timer, Version=4.1.1.0, Culture=neutral, PublicKeyToken=b03f5f7f11d50a3a
1>                    ImageRuntime=v4.0.30319
1>                    NuGetPackageId=Microsoft.NETCore.App.Ref
1>                    NuGetPackageVersion=3.0.0
1>                    OriginalItemSpec=C:\Users\hansnguyen\.nuget\packages\microsoft.netcore.app.ref\3.0.0\ref\netcoreapp3.0\System.Threading.Timer.dll
1>                    Private=false
1>                    PublicKeyToken=b03f5f7f11d50a3a
1>                    ReferenceSourceTarget=ResolveAssemblyReference
1>                    ResolvedFrom={RawFileName}
1>                    Version=
1>            C:\Users\hansnguyen\.nuget\packages\microsoft.netcore.app.ref\3.0.0\ref\netcoreapp3.0\System.Transactions.dll
1>                    AssemblyVersion=4.0.0.0
1>                    CopyLocal=false
1>                    ExternallyResolved=true
1>                    FileVersion=4.700.19.46214
1>                    FrameworkReferenceName=Microsoft.NETCore.App
1>                    FrameworkReferenceVersion=3.0.0
1>                    FusionName=System.Transactions, Version=4.0.0.0, Culture=neutral, PublicKeyToken=b77a5c561934e089
1>                    ImageRuntime=v4.0.30319
1>                    NuGetPackageId=Microsoft.NETCore.App.Ref
1>                    NuGetPackageVersion=3.0.0
1>                    OriginalItemSpec=C:\Users\hansnguyen\.nuget\packages\microsoft.netcore.app.ref\3.0.0\ref\netcoreapp3.0\System.Transactions.dll
1>                    Private=false
1>                    PublicKeyToken=b77a5c561934e089
1>                    ReferenceSourceTarget=ResolveAssemblyReference
1>                    ResolvedFrom={RawFileName}
1>                    Version=
1>            C:\Users\hansnguyen\.nuget\packages\microsoft.netcore.app.ref\3.0.0\ref\netcoreapp3.0\System.Transactions.Local.dll
1>                    AssemblyVersion=4.0.1.0
1>                    CopyLocal=false
1>                    ExternallyResolved=true
1>                    FileVersion=4.700.19.46214
1>                    FrameworkReferenceName=Microsoft.NETCore.App
1>                    FrameworkReferenceVersion=3.0.0
1>                    FusionName=System.Transactions.Local, Version=4.0.1.0, Culture=neutral, PublicKeyToken=cc7b13ffcd2ddd51
1>                    ImageRuntime=v4.0.30319
1>                    NuGetPackageId=Microsoft.NETCore.App.Ref
1>                    NuGetPackageVersion=3.0.0
1>                    OriginalItemSpec=C:\Users\hansnguyen\.nuget\packages\microsoft.netcore.app.ref\3.0.0\ref\netcoreapp3.0\System.Transactions.Local.dll
1>                    Private=false
1>                    PublicKeyToken=cc7b13ffcd2ddd51
1>                    ReferenceSourceTarget=ResolveAssemblyReference
1>                    ResolvedFrom={RawFileName}
1>                    Version=
1>            C:\Users\hansnguyen\.nuget\packages\microsoft.netcore.app.ref\3.0.0\ref\netcoreapp3.0\System.ValueTuple.dll
1>                    AssemblyVersion=4.0.3.0
1>                    CopyLocal=false
1>                    ExternallyResolved=true
1>                    FileVersion=4.700.19.46214
1>                    FrameworkReferenceName=Microsoft.NETCore.App
1>                    FrameworkReferenceVersion=3.0.0
1>                    FusionName=System.ValueTuple, Version=4.0.3.0, Culture=neutral, PublicKeyToken=cc7b13ffcd2ddd51
1>                    ImageRuntime=v4.0.30319
1>                    NuGetPackageId=Microsoft.NETCore.App.Ref
1>                    NuGetPackageVersion=3.0.0
1>                    OriginalItemSpec=C:\Users\hansnguyen\.nuget\packages\microsoft.netcore.app.ref\3.0.0\ref\netcoreapp3.0\System.ValueTuple.dll
1>                    Private=false
1>                    PublicKeyToken=cc7b13ffcd2ddd51
1>                    ReferenceSourceTarget=ResolveAssemblyReference
1>                    ResolvedFrom={RawFileName}
1>                    Version=
1>            C:\Users\hansnguyen\.nuget\packages\microsoft.netcore.app.ref\3.0.0\ref\netcoreapp3.0\System.Web.dll
1>                    AssemblyVersion=4.0.0.0
1>                    CopyLocal=false
1>                    ExternallyResolved=true
1>                    FileVersion=4.700.19.46214
1>                    FrameworkReferenceName=Microsoft.NETCore.App
1>                    FrameworkReferenceVersion=3.0.0
1>                    FusionName=System.Web, Version=4.0.0.0, Culture=neutral, PublicKeyToken=b03f5f7f11d50a3a
1>                    ImageRuntime=v4.0.30319
1>                    NuGetPackageId=Microsoft.NETCore.App.Ref
1>                    NuGetPackageVersion=3.0.0
1>                    OriginalItemSpec=C:\Users\hansnguyen\.nuget\packages\microsoft.netcore.app.ref\3.0.0\ref\netcoreapp3.0\System.Web.dll
1>                    Private=false
1>                    PublicKeyToken=b03f5f7f11d50a3a
1>                    ReferenceSourceTarget=ResolveAssemblyReference
1>                    ResolvedFrom={RawFileName}
1>                    Version=
1>            C:\Users\hansnguyen\.nuget\packages\microsoft.netcore.app.ref\3.0.0\ref\netcoreapp3.0\System.Web.HttpUtility.dll
1>                    AssemblyVersion=4.0.1.0
1>                    CopyLocal=false
1>                    ExternallyResolved=true
1>                    FileVersion=4.700.19.46214
1>                    FrameworkReferenceName=Microsoft.NETCore.App
1>                    FrameworkReferenceVersion=3.0.0
1>                    FusionName=System.Web.HttpUtility, Version=4.0.1.0, Culture=neutral, PublicKeyToken=cc7b13ffcd2ddd51
1>                    ImageRuntime=v4.0.30319
1>                    NuGetPackageId=Microsoft.NETCore.App.Ref
1>                    NuGetPackageVersion=3.0.0
1>                    OriginalItemSpec=C:\Users\hansnguyen\.nuget\packages\microsoft.netcore.app.ref\3.0.0\ref\netcoreapp3.0\System.Web.HttpUtility.dll
1>                    Private=false
1>                    PublicKeyToken=cc7b13ffcd2ddd51
1>                    ReferenceSourceTarget=ResolveAssemblyReference
1>                    ResolvedFrom={RawFileName}
1>                    Version=
1>            C:\Users\hansnguyen\.nuget\packages\microsoft.windowsdesktop.app.ref\3.0.0\ref\netcoreapp3.0\System.Windows.Controls.Ribbon.dll
1>                    AssemblyVersion=4.0.0.0
1>                    CopyLocal=false
1>                    ExternallyResolved=true
1>                    FileVersion=4.800.19.46214
1>                    FrameworkReferenceName=Microsoft.WindowsDesktop.App.WPF
1>                    FrameworkReferenceVersion=3.0.0
1>                    FusionName=System.Windows.Controls.Ribbon, Version=4.0.0.0, Culture=neutral, PublicKeyToken=b77a5c561934e089
1>                    ImageRuntime=v4.0.30319
1>                    NuGetPackageId=Microsoft.WindowsDesktop.App.Ref
1>                    NuGetPackageVersion=3.0.0
1>                    OriginalItemSpec=C:\Users\hansnguyen\.nuget\packages\microsoft.windowsdesktop.app.ref\3.0.0\ref\netcoreapp3.0\System.Windows.Controls.Ribbon.dll
1>                    Private=false
1>                    PublicKeyToken=b77a5c561934e089
1>                    ReferenceSourceTarget=ResolveAssemblyReference
1>                    ResolvedFrom={RawFileName}
1>                    Version=
1>            C:\Users\hansnguyen\.nuget\packages\microsoft.netcore.app.ref\3.0.0\ref\netcoreapp3.0\System.Windows.dll
1>                    AssemblyVersion=4.0.0.0
1>                    CopyLocal=false
1>                    ExternallyResolved=true
1>                    FileVersion=4.700.19.46214
1>                    FrameworkReferenceName=Microsoft.NETCore.App
1>                    FrameworkReferenceVersion=3.0.0
1>                    FusionName=System.Windows, Version=4.0.0.0, Culture=neutral, PublicKeyToken=b03f5f7f11d50a3a
1>                    ImageRuntime=v4.0.30319
1>                    NuGetPackageId=Microsoft.NETCore.App.Ref
1>                    NuGetPackageVersion=3.0.0
1>                    OriginalItemSpec=C:\Users\hansnguyen\.nuget\packages\microsoft.netcore.app.ref\3.0.0\ref\netcoreapp3.0\System.Windows.dll
1>                    Private=false
1>                    PublicKeyToken=b03f5f7f11d50a3a
1>                    ReferenceSourceTarget=ResolveAssemblyReference
1>                    ResolvedFrom={RawFileName}
1>                    Version=
1>            C:\Users\hansnguyen\.nuget\packages\microsoft.windowsdesktop.app.ref\3.0.0\ref\netcoreapp3.0\System.Windows.Extensions.dll
1>                    AssemblyVersion=4.0.0.0
1>                    CopyLocal=false
1>                    ExternallyResolved=true
1>                    FileVersion=4.700.19.46214
1>                    FrameworkReferenceName=Microsoft.WindowsDesktop.App.WPF
1>                    FrameworkReferenceVersion=3.0.0
1>                    FusionName=System.Windows.Extensions, Version=4.0.0.0, Culture=neutral, PublicKeyToken=cc7b13ffcd2ddd51
1>                    ImageRuntime=v4.0.30319
1>                    NuGetPackageId=Microsoft.WindowsDesktop.App.Ref
1>                    NuGetPackageVersion=3.0.0
1>                    OriginalItemSpec=C:\Users\hansnguyen\.nuget\packages\microsoft.windowsdesktop.app.ref\3.0.0\ref\netcoreapp3.0\System.Windows.Extensions.dll
1>                    Private=false
1>                    PublicKeyToken=cc7b13ffcd2ddd51
1>                    ReferenceSourceTarget=ResolveAssemblyReference
1>                    ResolvedFrom={RawFileName}
1>                    Version=
1>            C:\Users\hansnguyen\.nuget\packages\microsoft.windowsdesktop.app.ref\3.0.0\ref\netcoreapp3.0\System.Windows.Input.Manipulations.dll
1>                    AssemblyVersion=4.0.0.0
1>                    CopyLocal=false
1>                    ExternallyResolved=true
1>                    FileVersion=4.800.19.46214
1>                    FrameworkReferenceName=Microsoft.WindowsDesktop.App.WPF
1>                    FrameworkReferenceVersion=3.0.0
1>                    FusionName=System.Windows.Input.Manipulations, Version=4.0.0.0, Culture=neutral, PublicKeyToken=b77a5c561934e089
1>                    ImageRuntime=v4.0.30319
1>                    NuGetPackageId=Microsoft.WindowsDesktop.App.Ref
1>                    NuGetPackageVersion=3.0.0
1>                    OriginalItemSpec=C:\Users\hansnguyen\.nuget\packages\microsoft.windowsdesktop.app.ref\3.0.0\ref\netcoreapp3.0\System.Windows.Input.Manipulations.dll
1>                    Private=false
1>                    PublicKeyToken=b77a5c561934e089
1>                    ReferenceSourceTarget=ResolveAssemblyReference
1>                    ResolvedFrom={RawFileName}
1>                    Version=
1>            C:\Users\hansnguyen\.nuget\packages\microsoft.windowsdesktop.app.ref\3.0.0\ref\netcoreapp3.0\System.Windows.Presentation.dll
1>                    AssemblyVersion=4.0.0.0
1>                    CopyLocal=false
1>                    ExternallyResolved=true
1>                    FileVersion=4.800.19.46214
1>                    FrameworkReferenceName=Microsoft.WindowsDesktop.App.WPF
1>                    FrameworkReferenceVersion=3.0.0
1>                    FusionName=System.Windows.Presentation, Version=4.0.0.0, Culture=neutral, PublicKeyToken=b77a5c561934e089
1>                    ImageRuntime=v4.0.30319
1>                    NuGetPackageId=Microsoft.WindowsDesktop.App.Ref
1>                    NuGetPackageVersion=3.0.0
1>                    OriginalItemSpec=C:\Users\hansnguyen\.nuget\packages\microsoft.windowsdesktop.app.ref\3.0.0\ref\netcoreapp3.0\System.Windows.Presentation.dll
1>                    Private=false
1>                    PublicKeyToken=b77a5c561934e089
1>                    ReferenceSourceTarget=ResolveAssemblyReference
1>                    ResolvedFrom={RawFileName}
1>                    Version=
1>            C:\Users\hansnguyen\.nuget\packages\microsoft.windowsdesktop.app.ref\3.0.0\ref\netcoreapp3.0\System.Xaml.dll
1>                    AssemblyVersion=4.0.0.0
1>                    CopyLocal=false
1>                    ExternallyResolved=true
1>                    FileVersion=4.800.19.46214
1>                    FrameworkReferenceName=Microsoft.WindowsDesktop.App.WPF
1>                    FrameworkReferenceVersion=3.0.0
1>                    FusionName=System.Xaml, Version=4.0.0.0, Culture=neutral, PublicKeyToken=b77a5c561934e089
1>                    ImageRuntime=v4.0.30319
1>                    NuGetPackageId=Microsoft.WindowsDesktop.App.Ref
1>                    NuGetPackageVersion=3.0.0
1>                    OriginalItemSpec=C:\Users\hansnguyen\.nuget\packages\microsoft.windowsdesktop.app.ref\3.0.0\ref\netcoreapp3.0\System.Xaml.dll
1>                    Private=false
1>                    PublicKeyToken=b77a5c561934e089
1>                    ReferenceSourceTarget=ResolveAssemblyReference
1>                    ResolvedFrom={RawFileName}
1>                    Version=
1>            C:\Users\hansnguyen\.nuget\packages\microsoft.netcore.app.ref\3.0.0\ref\netcoreapp3.0\System.Xml.dll
1>                    AssemblyVersion=4.0.0.0
1>                    CopyLocal=false
1>                    ExternallyResolved=true
1>                    FileVersion=4.700.19.46214
1>                    FrameworkReferenceName=Microsoft.NETCore.App
1>                    FrameworkReferenceVersion=3.0.0
1>                    FusionName=System.Xml, Version=4.0.0.0, Culture=neutral, PublicKeyToken=b77a5c561934e089
1>                    ImageRuntime=v4.0.30319
1>                    NuGetPackageId=Microsoft.NETCore.App.Ref
1>                    NuGetPackageVersion=3.0.0
1>                    OriginalItemSpec=C:\Users\hansnguyen\.nuget\packages\microsoft.netcore.app.ref\3.0.0\ref\netcoreapp3.0\System.Xml.dll
1>                    Private=false
1>                    PublicKeyToken=b77a5c561934e089
1>                    ReferenceSourceTarget=ResolveAssemblyReference
1>                    ResolvedFrom={RawFileName}
1>                    Version=
1>            C:\Users\hansnguyen\.nuget\packages\microsoft.netcore.app.ref\3.0.0\ref\netcoreapp3.0\System.Xml.Linq.dll
1>                    AssemblyVersion=4.0.0.0
1>                    CopyLocal=false
1>                    ExternallyResolved=true
1>                    FileVersion=4.700.19.46214
1>                    FrameworkReferenceName=Microsoft.NETCore.App
1>                    FrameworkReferenceVersion=3.0.0
1>                    FusionName=System.Xml.Linq, Version=4.0.0.0, Culture=neutral, PublicKeyToken=b77a5c561934e089
1>                    ImageRuntime=v4.0.30319
1>                    NuGetPackageId=Microsoft.NETCore.App.Ref
1>                    NuGetPackageVersion=3.0.0
1>                    OriginalItemSpec=C:\Users\hansnguyen\.nuget\packages\microsoft.netcore.app.ref\3.0.0\ref\netcoreapp3.0\System.Xml.Linq.dll
1>                    Private=false
1>                    PublicKeyToken=b77a5c561934e089
1>                    ReferenceSourceTarget=ResolveAssemblyReference
1>                    ResolvedFrom={RawFileName}
1>                    Version=
1>            C:\Users\hansnguyen\.nuget\packages\microsoft.netcore.app.ref\3.0.0\ref\netcoreapp3.0\System.Xml.ReaderWriter.dll
1>                    AssemblyVersion=4.2.1.0
1>                    CopyLocal=false
1>                    ExternallyResolved=true
1>                    FileVersion=4.700.19.46214
1>                    FrameworkReferenceName=Microsoft.NETCore.App
1>                    FrameworkReferenceVersion=3.0.0
1>                    FusionName=System.Xml.ReaderWriter, Version=4.2.1.0, Culture=neutral, PublicKeyToken=b03f5f7f11d50a3a
1>                    ImageRuntime=v4.0.30319
1>                    NuGetPackageId=Microsoft.NETCore.App.Ref
1>                    NuGetPackageVersion=3.0.0
1>                    OriginalItemSpec=C:\Users\hansnguyen\.nuget\packages\microsoft.netcore.app.ref\3.0.0\ref\netcoreapp3.0\System.Xml.ReaderWriter.dll
1>                    Private=false
1>                    PublicKeyToken=b03f5f7f11d50a3a
1>                    ReferenceSourceTarget=ResolveAssemblyReference
1>                    ResolvedFrom={RawFileName}
1>                    Version=
1>            C:\Users\hansnguyen\.nuget\packages\microsoft.netcore.app.ref\3.0.0\ref\netcoreapp3.0\System.Xml.Serialization.dll
1>                    AssemblyVersion=4.0.0.0
1>                    CopyLocal=false
1>                    ExternallyResolved=true
1>                    FileVersion=4.700.19.46214
1>                    FrameworkReferenceName=Microsoft.NETCore.App
1>                    FrameworkReferenceVersion=3.0.0
1>                    FusionName=System.Xml.Serialization, Version=4.0.0.0, Culture=neutral, PublicKeyToken=b77a5c561934e089
1>                    ImageRuntime=v4.0.30319
1>                    NuGetPackageId=Microsoft.NETCore.App.Ref
1>                    NuGetPackageVersion=3.0.0
1>                    OriginalItemSpec=C:\Users\hansnguyen\.nuget\packages\microsoft.netcore.app.ref\3.0.0\ref\netcoreapp3.0\System.Xml.Serialization.dll
1>                    Private=false
1>                    PublicKeyToken=b77a5c561934e089
1>                    ReferenceSourceTarget=ResolveAssemblyReference
1>                    ResolvedFrom={RawFileName}
1>                    Version=
1>            C:\Users\hansnguyen\.nuget\packages\microsoft.netcore.app.ref\3.0.0\ref\netcoreapp3.0\System.Xml.XDocument.dll
1>                    AssemblyVersion=4.1.1.0
1>                    CopyLocal=false
1>                    ExternallyResolved=true
1>                    FileVersion=4.700.19.46214
1>                    FrameworkReferenceName=Microsoft.NETCore.App
1>                    FrameworkReferenceVersion=3.0.0
1>                    FusionName=System.Xml.XDocument, Version=4.1.1.0, Culture=neutral, PublicKeyToken=b03f5f7f11d50a3a
1>                    ImageRuntime=v4.0.30319
1>                    NuGetPackageId=Microsoft.NETCore.App.Ref
1>                    NuGetPackageVersion=3.0.0
1>                    OriginalItemSpec=C:\Users\hansnguyen\.nuget\packages\microsoft.netcore.app.ref\3.0.0\ref\netcoreapp3.0\System.Xml.XDocument.dll
1>                    Private=false
1>                    PublicKeyToken=b03f5f7f11d50a3a
1>                    ReferenceSourceTarget=ResolveAssemblyReference
1>                    ResolvedFrom={RawFileName}
1>                    Version=
1>            C:\Users\hansnguyen\.nuget\packages\microsoft.netcore.app.ref\3.0.0\ref\netcoreapp3.0\System.Xml.XmlDocument.dll
1>                    AssemblyVersion=4.1.1.0
1>                    CopyLocal=false
1>                    ExternallyResolved=true
1>                    FileVersion=4.700.19.46214
1>                    FrameworkReferenceName=Microsoft.NETCore.App
1>                    FrameworkReferenceVersion=3.0.0
1>                    FusionName=System.Xml.XmlDocument, Version=4.1.1.0, Culture=neutral, PublicKeyToken=b03f5f7f11d50a3a
1>                    ImageRuntime=v4.0.30319
1>                    NuGetPackageId=Microsoft.NETCore.App.Ref
1>                    NuGetPackageVersion=3.0.0
1>                    OriginalItemSpec=C:\Users\hansnguyen\.nuget\packages\microsoft.netcore.app.ref\3.0.0\ref\netcoreapp3.0\System.Xml.XmlDocument.dll
1>                    Private=false
1>                    PublicKeyToken=b03f5f7f11d50a3a
1>                    ReferenceSourceTarget=ResolveAssemblyReference
1>                    ResolvedFrom={RawFileName}
1>                    Version=
1>            C:\Users\hansnguyen\.nuget\packages\microsoft.netcore.app.ref\3.0.0\ref\netcoreapp3.0\System.Xml.XmlSerializer.dll
1>                    AssemblyVersion=4.1.1.0
1>                    CopyLocal=false
1>                    ExternallyResolved=true
1>                    FileVersion=4.700.19.46214
1>                    FrameworkReferenceName=Microsoft.NETCore.App
1>                    FrameworkReferenceVersion=3.0.0
1>                    FusionName=System.Xml.XmlSerializer, Version=4.1.1.0, Culture=neutral, PublicKeyToken=b03f5f7f11d50a3a
1>                    ImageRuntime=v4.0.30319
1>                    NuGetPackageId=Microsoft.NETCore.App.Ref
1>                    NuGetPackageVersion=3.0.0
1>                    OriginalItemSpec=C:\Users\hansnguyen\.nuget\packages\microsoft.netcore.app.ref\3.0.0\ref\netcoreapp3.0\System.Xml.XmlSerializer.dll
1>                    Private=false
1>                    PublicKeyToken=b03f5f7f11d50a3a
1>                    ReferenceSourceTarget=ResolveAssemblyReference
1>                    ResolvedFrom={RawFileName}
1>                    Version=
1>            C:\Users\hansnguyen\.nuget\packages\microsoft.netcore.app.ref\3.0.0\ref\netcoreapp3.0\System.Xml.XPath.dll
1>                    AssemblyVersion=4.1.1.0
1>                    CopyLocal=false
1>                    ExternallyResolved=true
1>                    FileVersion=4.700.19.46214
1>                    FrameworkReferenceName=Microsoft.NETCore.App
1>                    FrameworkReferenceVersion=3.0.0
1>                    FusionName=System.Xml.XPath, Version=4.1.1.0, Culture=neutral, PublicKeyToken=b03f5f7f11d50a3a
1>                    ImageRuntime=v4.0.30319
1>                    NuGetPackageId=Microsoft.NETCore.App.Ref
1>                    NuGetPackageVersion=3.0.0
1>                    OriginalItemSpec=C:\Users\hansnguyen\.nuget\packages\microsoft.netcore.app.ref\3.0.0\ref\netcoreapp3.0\System.Xml.XPath.dll
1>                    Private=false
1>                    PublicKeyToken=b03f5f7f11d50a3a
1>                    ReferenceSourceTarget=ResolveAssemblyReference
1>                    ResolvedFrom={RawFileName}
1>                    Version=
1>            C:\Users\hansnguyen\.nuget\packages\microsoft.netcore.app.ref\3.0.0\ref\netcoreapp3.0\System.Xml.XPath.XDocument.dll
1>                    AssemblyVersion=4.1.1.0
1>                    CopyLocal=false
1>                    ExternallyResolved=true
1>                    FileVersion=4.700.19.46214
1>                    FrameworkReferenceName=Microsoft.NETCore.App
1>                    FrameworkReferenceVersion=3.0.0
1>                    FusionName=System.Xml.XPath.XDocument, Version=4.1.1.0, Culture=neutral, PublicKeyToken=b03f5f7f11d50a3a
1>                    ImageRuntime=v4.0.30319
1>                    NuGetPackageId=Microsoft.NETCore.App.Ref
1>                    NuGetPackageVersion=3.0.0
1>                    OriginalItemSpec=C:\Users\hansnguyen\.nuget\packages\microsoft.netcore.app.ref\3.0.0\ref\netcoreapp3.0\System.Xml.XPath.XDocument.dll
1>                    Private=false
1>                    PublicKeyToken=b03f5f7f11d50a3a
1>                    ReferenceSourceTarget=ResolveAssemblyReference
1>                    ResolvedFrom={RawFileName}
1>                    Version=
1>            C:\Users\hansnguyen\.nuget\packages\microsoft.windowsdesktop.app.ref\3.0.0\ref\netcoreapp3.0\UIAutomationClient.dll
1>                    AssemblyVersion=4.0.0.0
1>                    CopyLocal=false
1>                    ExternallyResolved=true
1>                    FileVersion=4.800.19.46214
1>                    FrameworkReferenceName=Microsoft.WindowsDesktop.App.WPF
1>                    FrameworkReferenceVersion=3.0.0
1>                    FusionName=UIAutomationClient, Version=4.0.0.0, Culture=neutral, PublicKeyToken=31bf3856ad364e35
1>                    ImageRuntime=v4.0.30319
1>                    NuGetPackageId=Microsoft.WindowsDesktop.App.Ref
1>                    NuGetPackageVersion=3.0.0
1>                    OriginalItemSpec=C:\Users\hansnguyen\.nuget\packages\microsoft.windowsdesktop.app.ref\3.0.0\ref\netcoreapp3.0\UIAutomationClient.dll
1>                    Private=false
1>                    PublicKeyToken=31bf3856ad364e35
1>                    ReferenceSourceTarget=ResolveAssemblyReference
1>                    ResolvedFrom={RawFileName}
1>                    Version=
1>            C:\Users\hansnguyen\.nuget\packages\microsoft.windowsdesktop.app.ref\3.0.0\ref\netcoreapp3.0\UIAutomationClientSideProviders.dll
1>                    AssemblyVersion=4.0.0.0
1>                    CopyLocal=false
1>                    ExternallyResolved=true
1>                    FileVersion=4.800.19.46214
1>                    FrameworkReferenceName=Microsoft.WindowsDesktop.App.WPF
1>                    FrameworkReferenceVersion=3.0.0
1>                    FusionName=UIAutomationClientSideProviders, Version=4.0.0.0, Culture=neutral, PublicKeyToken=b77a5c561934e089
1>                    ImageRuntime=v4.0.30319
1>                    NuGetPackageId=Microsoft.WindowsDesktop.App.Ref
1>                    NuGetPackageVersion=3.0.0
1>                    OriginalItemSpec=C:\Users\hansnguyen\.nuget\packages\microsoft.windowsdesktop.app.ref\3.0.0\ref\netcoreapp3.0\UIAutomationClientSideProviders.dll
1>                    Private=false
1>                    PublicKeyToken=b77a5c561934e089
1>                    ReferenceSourceTarget=ResolveAssemblyReference
1>                    ResolvedFrom={RawFileName}
1>                    Version=
1>            C:\Users\hansnguyen\.nuget\packages\microsoft.windowsdesktop.app.ref\3.0.0\ref\netcoreapp3.0\UIAutomationProvider.dll
1>                    AssemblyVersion=4.0.0.0
1>                    CopyLocal=false
1>                    ExternallyResolved=true
1>                    FileVersion=4.800.19.46214
1>                    FrameworkReferenceName=Microsoft.WindowsDesktop.App.WPF
1>                    FrameworkReferenceVersion=3.0.0
1>                    FusionName=UIAutomationProvider, Version=4.0.0.0, Culture=neutral, PublicKeyToken=31bf3856ad364e35
1>                    ImageRuntime=v4.0.30319
1>                    NuGetPackageId=Microsoft.WindowsDesktop.App.Ref
1>                    NuGetPackageVersion=3.0.0
1>                    OriginalItemSpec=C:\Users\hansnguyen\.nuget\packages\microsoft.windowsdesktop.app.ref\3.0.0\ref\netcoreapp3.0\UIAutomationProvider.dll
1>                    Private=false
1>                    PublicKeyToken=31bf3856ad364e35
1>                    ReferenceSourceTarget=ResolveAssemblyReference
1>                    ResolvedFrom={RawFileName}
1>                    Version=
1>            C:\Users\hansnguyen\.nuget\packages\microsoft.windowsdesktop.app.ref\3.0.0\ref\netcoreapp3.0\UIAutomationTypes.dll
1>                    AssemblyVersion=4.0.0.0
1>                    CopyLocal=false
1>                    ExternallyResolved=true
1>                    FileVersion=4.800.19.46214
1>                    FrameworkReferenceName=Microsoft.WindowsDesktop.App.WPF
1>                    FrameworkReferenceVersion=3.0.0
1>                    FusionName=UIAutomationTypes, Version=4.0.0.0, Culture=neutral, PublicKeyToken=31bf3856ad364e35
1>                    ImageRuntime=v4.0.30319
1>                    NuGetPackageId=Microsoft.WindowsDesktop.App.Ref
1>                    NuGetPackageVersion=3.0.0
1>                    OriginalItemSpec=C:\Users\hansnguyen\.nuget\packages\microsoft.windowsdesktop.app.ref\3.0.0\ref\netcoreapp3.0\UIAutomationTypes.dll
1>                    Private=false
1>                    PublicKeyToken=31bf3856ad364e35
1>                    ReferenceSourceTarget=ResolveAssemblyReference
1>                    ResolvedFrom={RawFileName}
1>                    Version=
1>            C:\Users\hansnguyen\.nuget\packages\microsoft.windowsdesktop.app.ref\3.0.0\ref\netcoreapp3.0\WindowsBase.dll
1>                    AssemblyVersion=4.0.0.0
1>                    CopyLocal=false
1>                    ExternallyResolved=true
1>                    FileVersion=4.800.19.46214
1>                    FrameworkReferenceName=Microsoft.WindowsDesktop.App.WPF
1>                    FrameworkReferenceVersion=3.0.0
1>                    FusionName=WindowsBase, Version=4.0.0.0, Culture=neutral, PublicKeyToken=31bf3856ad364e35
1>                    ImageRuntime=v4.0.30319
1>                    NuGetPackageId=Microsoft.WindowsDesktop.App.Ref
1>                    NuGetPackageVersion=3.0.0
1>                    OriginalItemSpec=C:\Users\hansnguyen\.nuget\packages\microsoft.windowsdesktop.app.ref\3.0.0\ref\netcoreapp3.0\WindowsBase.dll
1>                    Private=false
1>                    PublicKeyToken=31bf3856ad364e35
1>                    ReferenceSourceTarget=ResolveAssemblyReference
1>                    ResolvedFrom={RawFileName}
1>                    Version=
1>    Output Item(s): 
1>        _ResolveAssemblyReferenceResolvedFiles=
1>            C:\Users\hansnguyen\.nuget\packages\microsoft.windowsdesktop.app.ref\3.0.0\ref\netcoreapp3.0\Accessibility.dll
1>                    AssemblyVersion=4.0.0.0
1>                    CopyLocal=false
1>                    ExternallyResolved=true
1>                    FileVersion=4.800.19.46210
1>                    FrameworkReferenceName=Microsoft.WindowsDesktop.App.WPF
1>                    FrameworkReferenceVersion=3.0.0
1>                    FusionName=Accessibility, Version=4.0.0.0, Culture=neutral, PublicKeyToken=31bf3856ad364e35
1>                    ImageRuntime=v4.0.30319
1>                    NuGetPackageId=Microsoft.WindowsDesktop.App.Ref
1>                    NuGetPackageVersion=3.0.0
1>                    OriginalItemSpec=C:\Users\hansnguyen\.nuget\packages\microsoft.windowsdesktop.app.ref\3.0.0\ref\netcoreapp3.0\Accessibility.dll
1>                    Private=false
1>                    PublicKeyToken=31bf3856ad364e35
1>                    ReferenceSourceTarget=ResolveAssemblyReference
1>                    ResolvedFrom={RawFileName}
1>                    Version=
1>            C:\Users\hansnguyen\.nuget\packages\c1.xaml.wpf\4.5.20213.749\lib\netcoreapp3.0\C1.WPF.4.5.2.dll
1>                    CopyLocal=false
1>                    ExternallyResolved=true
1>                    FusionName=C1.WPF.4.5.2, Version=4.5.20213.749, Culture=neutral, PublicKeyToken=2aa4ec5576d6c3ce
1>                    HintPath=C:\Users\hansnguyen\.nuget\packages\c1.xaml.wpf\4.5.20213.749\lib\netcoreapp3.0\C1.WPF.4.5.2.dll
1>                    ImageRuntime=v4.0.30319
1>                    NuGetPackageId=C1.Xaml.WPF
1>                    NuGetPackageVersion=4.5.20213.749
1>                    NuGetSourceType=Package
1>                    OriginalItemSpec=C:\Users\hansnguyen\.nuget\packages\c1.xaml.wpf\4.5.20213.749\lib\netcoreapp3.0\C1.WPF.4.5.2.dll
1>                    PathInPackage=lib/netcoreapp3.0/C1.WPF.4.5.2.dll
1>                    Private=false
1>                    ReferenceSourceTarget=ResolveAssemblyReference
1>                    ResolvedFrom={HintPathFromItem}
1>                    Version=
1>            C:\Users\hansnguyen\.nuget\packages\c1.xaml.wpf.datetimeeditors\4.5.20213.749\lib\netcoreapp3.0\C1.WPF.DateTimeEditors.4.5.2.dll
1>                    CopyLocal=false
1>                    ExternallyResolved=true
1>                    FusionName=C1.WPF.DateTimeEditors.4.5.2, Version=4.5.20213.749, Culture=neutral, PublicKeyToken=2aa4ec5576d6c3ce
1>                    HintPath=C:\Users\hansnguyen\.nuget\packages\c1.xaml.wpf.datetimeeditors\4.5.20213.749\lib\netcoreapp3.0\C1.WPF.DateTimeEditors.4.5.2.dll
1>                    ImageRuntime=v4.0.30319
1>                    NuGetPackageId=C1.Xaml.WPF.DateTimeEditors
1>                    NuGetPackageVersion=4.5.20213.749
1>                    NuGetSourceType=Package
1>                    OriginalItemSpec=C:\Users\hansnguyen\.nuget\packages\c1.xaml.wpf.datetimeeditors\4.5.20213.749\lib\netcoreapp3.0\C1.WPF.DateTimeEditors.4.5.2.dll
1>                    PathInPackage=lib/netcoreapp3.0/C1.WPF.DateTimeEditors.4.5.2.dll
1>                    Private=false
1>                    ReferenceSourceTarget=ResolveAssemblyReference
1>                    ResolvedFrom={HintPathFromItem}
1>                    Version=
1>            C:\Users\hansnguyen\.nuget\packages\c1.xaml.wpf.flexgrid\4.5.20213.749\lib\netcoreapp3.0\C1.WPF.FlexGrid.4.5.2.dll
1>                    CopyLocal=false
1>                    ExternallyResolved=true
1>                    FusionName=C1.WPF.FlexGrid.4.5.2, Version=4.5.20213.749, Culture=neutral, PublicKeyToken=2aa4ec5576d6c3ce
1>                    HintPath=C:\Users\hansnguyen\.nuget\packages\c1.xaml.wpf.flexgrid\4.5.20213.749\lib\netcoreapp3.0\C1.WPF.FlexGrid.4.5.2.dll
1>                    ImageRuntime=v4.0.30319
1>                    NuGetPackageId=C1.Xaml.WPF.FlexGrid
1>                    NuGetPackageVersion=4.5.20213.749
1>                    NuGetSourceType=Package
1>                    OriginalItemSpec=C:\Users\hansnguyen\.nuget\packages\c1.xaml.wpf.flexgrid\4.5.20213.749\lib\netcoreapp3.0\C1.WPF.FlexGrid.4.5.2.dll
1>                    PathInPackage=lib/netcoreapp3.0/C1.WPF.FlexGrid.4.5.2.dll
1>                    Private=false
1>                    ReferenceSourceTarget=ResolveAssemblyReference
1>                    ResolvedFrom={HintPathFromItem}
1>                    Version=
1>            C:\Users\hansnguyen\.nuget\packages\c1.xaml.wpf.flexgrid.grouppanel\4.5.20213.749\lib\netcoreapp3.0\C1.WPF.FlexGrid.GroupPanel.4.5.2.dll
1>                    CopyLocal=false
1>                    ExternallyResolved=true
1>                    FusionName=C1.WPF.FlexGrid.GroupPanel.4.5.2, Version=4.5.20213.749, Culture=neutral, PublicKeyToken=2aa4ec5576d6c3ce
1>                    HintPath=C:\Users\hansnguyen\.nuget\packages\c1.xaml.wpf.flexgrid.grouppanel\4.5.20213.749\lib\netcoreapp3.0\C1.WPF.FlexGrid.GroupPanel.4.5.2.dll
1>                    ImageRuntime=v4.0.30319
1>                    NuGetPackageId=C1.Xaml.WPF.FlexGrid.GroupPanel
1>                    NuGetPackageVersion=4.5.20213.749
1>                    NuGetSourceType=Package
1>                    OriginalItemSpec=C:\Users\hansnguyen\.nuget\packages\c1.xaml.wpf.flexgrid.grouppanel\4.5.20213.749\lib\netcoreapp3.0\C1.WPF.FlexGrid.GroupPanel.4.5.2.dll
1>                    PathInPackage=lib/netcoreapp3.0/C1.WPF.FlexGrid.GroupPanel.4.5.2.dll
1>                    Private=false
1>                    ReferenceSourceTarget=ResolveAssemblyReference
1>                    ResolvedFrom={HintPathFromItem}
1>                    Version=
1>            C:\Users\hansnguyen\.nuget\packages\c1.xaml.wpf.flexgridfilter\4.5.20213.749\lib\netcoreapp3.0\C1.WPF.FlexGridFilter.4.5.2.dll
1>                    CopyLocal=false
1>                    ExternallyResolved=true
1>                    FusionName=C1.WPF.FlexGridFilter.4.5.2, Version=4.5.20213.749, Culture=neutral, PublicKeyToken=2aa4ec5576d6c3ce
1>                    HintPath=C:\Users\hansnguyen\.nuget\packages\c1.xaml.wpf.flexgridfilter\4.5.20213.749\lib\netcoreapp3.0\C1.WPF.FlexGridFilter.4.5.2.dll
1>                    ImageRuntime=v4.0.30319
1>                    NuGetPackageId=C1.Xaml.WPF.FlexGridFilter
1>                    NuGetPackageVersion=4.5.20213.749
1>                    NuGetSourceType=Package
1>                    OriginalItemSpec=C:\Users\hansnguyen\.nuget\packages\c1.xaml.wpf.flexgridfilter\4.5.20213.749\lib\netcoreapp3.0\C1.WPF.FlexGridFilter.4.5.2.dll
1>                    PathInPackage=lib/netcoreapp3.0/C1.WPF.FlexGridFilter.4.5.2.dll
1>                    Private=false
1>                    ReferenceSourceTarget=ResolveAssemblyReference
1>                    ResolvedFrom={HintPathFromItem}
1>                    Version=
1>            C:\Users\hansnguyen\.nuget\packages\c1.xaml.wpf.toolbar\4.5.20213.749\lib\netcoreapp3.0\C1.WPF.Toolbar.4.5.2.dll
1>                    CopyLocal=false
1>                    ExternallyResolved=true
1>                    FusionName=C1.WPF.Toolbar.4.5.2, Version=4.5.20213.749, Culture=neutral, PublicKeyToken=2aa4ec5576d6c3ce
1>                    HintPath=C:\Users\hansnguyen\.nuget\packages\c1.xaml.wpf.toolbar\4.5.20213.749\lib\netcoreapp3.0\C1.WPF.Toolbar.4.5.2.dll
1>                    ImageRuntime=v4.0.30319
1>                    NuGetPackageId=C1.Xaml.WPF.Toolbar
1>                    NuGetPackageVersion=4.5.20213.749
1>                    NuGetSourceType=Package
1>                    OriginalItemSpec=C:\Users\hansnguyen\.nuget\packages\c1.xaml.wpf.toolbar\4.5.20213.749\lib\netcoreapp3.0\C1.WPF.Toolbar.4.5.2.dll
1>                    PathInPackage=lib/netcoreapp3.0/C1.WPF.Toolbar.4.5.2.dll
1>                    Private=false
1>                    ReferenceSourceTarget=ResolveAssemblyReference
1>                    ResolvedFrom={HintPathFromItem}
1>                    Version=
1>            C:\Users\hansnguyen\.nuget\packages\microsoft.netcore.app.ref\3.0.0\ref\netcoreapp3.0\Microsoft.CSharp.dll
1>                    AssemblyVersion=4.0.0.0
1>                    CopyLocal=false
1>                    ExternallyResolved=true
1>                    FileVersion=4.700.19.46214
1>                    FrameworkReferenceName=Microsoft.NETCore.App
1>                    FrameworkReferenceVersion=3.0.0
1>                    FusionName=Microsoft.CSharp, Version=4.0.0.0, Culture=neutral, PublicKeyToken=b03f5f7f11d50a3a
1>                    ImageRuntime=v4.0.30319
1>                    NuGetPackageId=Microsoft.NETCore.App.Ref
1>                    NuGetPackageVersion=3.0.0
1>                    OriginalItemSpec=C:\Users\hansnguyen\.nuget\packages\microsoft.netcore.app.ref\3.0.0\ref\netcoreapp3.0\Microsoft.CSharp.dll
1>                    Private=false
1>                    PublicKeyToken=b03f5f7f11d50a3a
1>                    ReferenceSourceTarget=ResolveAssemblyReference
1>                    ResolvedFrom={RawFileName}
1>                    Version=
1>            C:\Users\hansnguyen\.nuget\packages\microsoft.netcore.app.ref\3.0.0\ref\netcoreapp3.0\Microsoft.VisualBasic.Core.dll
1>                    AssemblyVersion=10.0.4.0
1>                    CopyLocal=false
1>                    ExternallyResolved=true
1>                    FileVersion=4.700.19.46214
1>                    FrameworkReferenceName=Microsoft.NETCore.App
1>                    FrameworkReferenceVersion=3.0.0
1>                    FusionName=Microsoft.VisualBasic.Core, Version=10.0.4.0, Culture=neutral, PublicKeyToken=b03f5f7f11d50a3a
1>                    ImageRuntime=v4.0.30319
1>                    NuGetPackageId=Microsoft.NETCore.App.Ref
1>                    NuGetPackageVersion=3.0.0
1>                    OriginalItemSpec=C:\Users\hansnguyen\.nuget\packages\microsoft.netcore.app.ref\3.0.0\ref\netcoreapp3.0\Microsoft.VisualBasic.Core.dll
1>                    Private=false
1>                    PublicKeyToken=b03f5f7f11d50a3a
1>                    ReferenceSourceTarget=ResolveAssemblyReference
1>                    ResolvedFrom={RawFileName}
1>                    Version=
1>            C:\Users\hansnguyen\.nuget\packages\microsoft.netcore.app.ref\3.0.0\ref\netcoreapp3.0\Microsoft.VisualBasic.dll
1>                    AssemblyVersion=10.0.0.0
1>                    CopyLocal=false
1>                    ExternallyResolved=true
1>                    FileVersion=4.700.19.46214
1>                    FrameworkReferenceName=Microsoft.NETCore.App
1>                    FrameworkReferenceVersion=3.0.0
1>                    FusionName=Microsoft.VisualBasic, Version=10.0.0.0, Culture=neutral, PublicKeyToken=b03f5f7f11d50a3a
1>                    ImageRuntime=v4.0.30319
1>                    NuGetPackageId=Microsoft.NETCore.App.Ref
1>                    NuGetPackageVersion=3.0.0
1>                    OriginalItemSpec=C:\Users\hansnguyen\.nuget\packages\microsoft.netcore.app.ref\3.0.0\ref\netcoreapp3.0\Microsoft.VisualBasic.dll
1>                    Private=false
1>                    PublicKeyToken=b03f5f7f11d50a3a
1>                    ReferenceSourceTarget=ResolveAssemblyReference
1>                    ResolvedFrom={RawFileName}
1>                    Version=
1>            C:\Users\hansnguyen\.nuget\packages\microsoft.netcore.app.ref\3.0.0\ref\netcoreapp3.0\Microsoft.Win32.Primitives.dll
1>                    AssemblyVersion=4.1.1.0
1>                    CopyLocal=false
1>                    ExternallyResolved=true
1>                    FileVersion=4.700.19.46214
1>                    FrameworkReferenceName=Microsoft.NETCore.App
1>                    FrameworkReferenceVersion=3.0.0
1>                    FusionName=Microsoft.Win32.Primitives, Version=4.1.1.0, Culture=neutral, PublicKeyToken=b03f5f7f11d50a3a
1>                    ImageRuntime=v4.0.30319
1>                    NuGetPackageId=Microsoft.NETCore.App.Ref
1>                    NuGetPackageVersion=3.0.0
1>                    OriginalItemSpec=C:\Users\hansnguyen\.nuget\packages\microsoft.netcore.app.ref\3.0.0\ref\netcoreapp3.0\Microsoft.Win32.Primitives.dll
1>                    Private=false
1>                    PublicKeyToken=b03f5f7f11d50a3a
1>                    ReferenceSourceTarget=ResolveAssemblyReference
1>                    ResolvedFrom={RawFileName}
1>                    Version=
1>            C:\Users\hansnguyen\.nuget\packages\microsoft.windowsdesktop.app.ref\3.0.0\ref\netcoreapp3.0\Microsoft.Win32.Registry.AccessControl.dll
1>                    AssemblyVersion=4.0.4.0
1>                    CopyLocal=false
1>                    ExternallyResolved=true
1>                    FileVersion=4.700.19.46214
1>                    FrameworkReferenceName=Microsoft.WindowsDesktop.App.WPF
1>                    FrameworkReferenceVersion=3.0.0
1>                    FusionName=Microsoft.Win32.Registry.AccessControl, Version=4.0.4.0, Culture=neutral, PublicKeyToken=b03f5f7f11d50a3a
1>                    ImageRuntime=v4.0.30319
1>                    NuGetPackageId=Microsoft.WindowsDesktop.App.Ref
1>                    NuGetPackageVersion=3.0.0
1>                    OriginalItemSpec=C:\Users\hansnguyen\.nuget\packages\microsoft.windowsdesktop.app.ref\3.0.0\ref\netcoreapp3.0\Microsoft.Win32.Registry.AccessControl.dll
1>                    Private=false
1>                    PublicKeyToken=b03f5f7f11d50a3a
1>                    ReferenceSourceTarget=ResolveAssemblyReference
1>                    ResolvedFrom={RawFileName}
1>                    Version=
1>            C:\Users\hansnguyen\.nuget\packages\microsoft.windowsdesktop.app.ref\3.0.0\ref\netcoreapp3.0\Microsoft.Win32.Registry.dll
1>                    AssemblyVersion=4.1.2.0
1>                    CopyLocal=false
1>                    ExternallyResolved=true
1>                    FileVersion=4.700.19.46214
1>                    FrameworkReferenceName=Microsoft.WindowsDesktop.App.WPF
1>                    FrameworkReferenceVersion=3.0.0
1>                    FusionName=Microsoft.Win32.Registry, Version=4.1.2.0, Culture=neutral, PublicKeyToken=b03f5f7f11d50a3a
1>                    ImageRuntime=v4.0.30319
1>                    NuGetPackageId=Microsoft.WindowsDesktop.App.Ref
1>                    NuGetPackageVersion=3.0.0
1>                    OriginalItemSpec=C:\Users\hansnguyen\.nuget\packages\microsoft.windowsdesktop.app.ref\3.0.0\ref\netcoreapp3.0\Microsoft.Win32.Registry.dll
1>                    Private=false
1>                    PublicKeyToken=b03f5f7f11d50a3a
1>                    ReferenceSourceTarget=ResolveAssemblyReference
1>                    ResolvedFrom={RawFileName}
1>                    Version=
1>            C:\Users\hansnguyen\.nuget\packages\microsoft.windowsdesktop.app.ref\3.0.0\ref\netcoreapp3.0\Microsoft.Win32.SystemEvents.dll
1>                    AssemblyVersion=4.0.1.0
1>                    CopyLocal=false
1>                    ExternallyResolved=true
1>                    FileVersion=4.700.19.46214
1>                    FrameworkReferenceName=Microsoft.WindowsDesktop.App.WPF
1>                    FrameworkReferenceVersion=3.0.0
1>                    FusionName=Microsoft.Win32.SystemEvents, Version=4.0.1.0, Culture=neutral, PublicKeyToken=cc7b13ffcd2ddd51
1>                    ImageRuntime=v4.0.30319
1>                    NuGetPackageId=Microsoft.WindowsDesktop.App.Ref
1>                    NuGetPackageVersion=3.0.0
1>                    OriginalItemSpec=C:\Users\hansnguyen\.nuget\packages\microsoft.windowsdesktop.app.ref\3.0.0\ref\netcoreapp3.0\Microsoft.Win32.SystemEvents.dll
1>                    Private=false
1>                    PublicKeyToken=cc7b13ffcd2ddd51
1>                    ReferenceSourceTarget=ResolveAssemblyReference
1>                    ResolvedFrom={RawFileName}
1>                    Version=
1>            C:\Users\hansnguyen\.nuget\packages\microsoft.netcore.app.ref\3.0.0\ref\netcoreapp3.0\mscorlib.dll
1>                    AssemblyVersion=4.0.0.0
1>                    CopyLocal=false
1>                    ExternallyResolved=true
1>                    FileVersion=4.700.19.46214
1>                    FrameworkReferenceName=Microsoft.NETCore.App
1>                    FrameworkReferenceVersion=3.0.0
1>                    FusionName=mscorlib, Version=4.0.0.0, Culture=neutral, PublicKeyToken=b77a5c561934e089
1>                    ImageRuntime=v4.0.30319
1>                    NuGetPackageId=Microsoft.NETCore.App.Ref
1>                    NuGetPackageVersion=3.0.0
1>                    OriginalItemSpec=C:\Users\hansnguyen\.nuget\packages\microsoft.netcore.app.ref\3.0.0\ref\netcoreapp3.0\mscorlib.dll
1>                    Private=false
1>                    PublicKeyToken=b77a5c561934e089
1>                    ReferenceSourceTarget=ResolveAssemblyReference
1>                    ResolvedFrom={RawFileName}
1>                    Version=
1>            C:\Users\hansnguyen\.nuget\packages\microsoft.netcore.app.ref\3.0.0\ref\netcoreapp3.0\netstandard.dll
1>                    AssemblyVersion=2.1.0.0
1>                    CopyLocal=false
1>                    ExternallyResolved=true
1>                    FileVersion=4.700.19.46214
1>                    FrameworkReferenceName=Microsoft.NETCore.App
1>                    FrameworkReferenceVersion=3.0.0
1>                    FusionName=netstandard, Version=2.1.0.0, Culture=neutral, PublicKeyToken=cc7b13ffcd2ddd51
1>                    ImageRuntime=v4.0.30319
1>                    NuGetPackageId=Microsoft.NETCore.App.Ref
1>                    NuGetPackageVersion=3.0.0
1>                    OriginalItemSpec=C:\Users\hansnguyen\.nuget\packages\microsoft.netcore.app.ref\3.0.0\ref\netcoreapp3.0\netstandard.dll
1>                    Private=false
1>                    PublicKeyToken=cc7b13ffcd2ddd51
1>                    ReferenceSourceTarget=ResolveAssemblyReference
1>                    ResolvedFrom={RawFileName}
1>                    Version=
1>            C:\Users\hansnguyen\.nuget\packages\microsoft.windowsdesktop.app.ref\3.0.0\ref\netcoreapp3.0\PresentationCore.dll
1>                    AssemblyVersion=4.0.0.0
1>                    CopyLocal=false
1>                    ExternallyResolved=true
1>                    FileVersion=4.800.19.46214
1>                    FrameworkReferenceName=Microsoft.WindowsDesktop.App.WPF
1>                    FrameworkReferenceVersion=3.0.0
1>                    FusionName=PresentationCore, Version=4.0.0.0, Culture=neutral, PublicKeyToken=31bf3856ad364e35
1>                    ImageRuntime=v4.0.30319
1>                    NuGetPackageId=Microsoft.WindowsDesktop.App.Ref
1>                    NuGetPackageVersion=3.0.0
1>                    OriginalItemSpec=C:\Users\hansnguyen\.nuget\packages\microsoft.windowsdesktop.app.ref\3.0.0\ref\netcoreapp3.0\PresentationCore.dll
1>                    Private=false
1>                    PublicKeyToken=31bf3856ad364e35
1>                    ReferenceSourceTarget=ResolveAssemblyReference
1>                    ResolvedFrom={RawFileName}
1>                    Version=
1>            C:\Users\hansnguyen\.nuget\packages\microsoft.windowsdesktop.app.ref\3.0.0\ref\netcoreapp3.0\PresentationFramework.Aero.dll
1>                    AssemblyVersion=4.0.0.0
1>                    CopyLocal=false
1>                    ExternallyResolved=true
1>                    FileVersion=4.800.19.46214
1>                    FrameworkReferenceName=Microsoft.WindowsDesktop.App.WPF
1>                    FrameworkReferenceVersion=3.0.0
1>                    FusionName=PresentationFramework.Aero, Version=4.0.0.0, Culture=neutral, PublicKeyToken=31bf3856ad364e35
1>                    ImageRuntime=v4.0.30319
1>                    NuGetPackageId=Microsoft.WindowsDesktop.App.Ref
1>                    NuGetPackageVersion=3.0.0
1>                    OriginalItemSpec=C:\Users\hansnguyen\.nuget\packages\microsoft.windowsdesktop.app.ref\3.0.0\ref\netcoreapp3.0\PresentationFramework.Aero.dll
1>                    Private=false
1>                    PublicKeyToken=31bf3856ad364e35
1>                    ReferenceSourceTarget=ResolveAssemblyReference
1>                    ResolvedFrom={RawFileName}
1>                    Version=
1>            C:\Users\hansnguyen\.nuget\packages\microsoft.windowsdesktop.app.ref\3.0.0\ref\netcoreapp3.0\PresentationFramework.Aero2.dll
1>                    AssemblyVersion=4.0.0.0
1>                    CopyLocal=false
1>                    ExternallyResolved=true
1>                    FileVersion=4.800.19.46214
1>                    FrameworkReferenceName=Microsoft.WindowsDesktop.App.WPF
1>                    FrameworkReferenceVersion=3.0.0
1>                    FusionName=PresentationFramework.Aero2, Version=4.0.0.0, Culture=neutral, PublicKeyToken=31bf3856ad364e35
1>                    ImageRuntime=v4.0.30319
1>                    NuGetPackageId=Microsoft.WindowsDesktop.App.Ref
1>                    NuGetPackageVersion=3.0.0
1>                    OriginalItemSpec=C:\Users\hansnguyen\.nuget\packages\microsoft.windowsdesktop.app.ref\3.0.0\ref\netcoreapp3.0\PresentationFramework.Aero2.dll
1>                    Private=false
1>                    PublicKeyToken=31bf3856ad364e35
1>                    ReferenceSourceTarget=ResolveAssemblyReference
1>                    ResolvedFrom={RawFileName}
1>                    Version=
1>            C:\Users\hansnguyen\.nuget\packages\microsoft.windowsdesktop.app.ref\3.0.0\ref\netcoreapp3.0\PresentationFramework.AeroLite.dll
1>                    AssemblyVersion=4.0.0.0
1>                    CopyLocal=false
1>                    ExternallyResolved=true
1>                    FileVersion=4.800.19.46214
1>                    FrameworkReferenceName=Microsoft.WindowsDesktop.App.WPF
1>                    FrameworkReferenceVersion=3.0.0
1>                    FusionName=PresentationFramework.AeroLite, Version=4.0.0.0, Culture=neutral, PublicKeyToken=31bf3856ad364e35
1>                    ImageRuntime=v4.0.30319
1>                    NuGetPackageId=Microsoft.WindowsDesktop.App.Ref
1>                    NuGetPackageVersion=3.0.0
1>                    OriginalItemSpec=C:\Users\hansnguyen\.nuget\packages\microsoft.windowsdesktop.app.ref\3.0.0\ref\netcoreapp3.0\PresentationFramework.AeroLite.dll
1>                    Private=false
1>                    PublicKeyToken=31bf3856ad364e35
1>                    ReferenceSourceTarget=ResolveAssemblyReference
1>                    ResolvedFrom={RawFileName}
1>                    Version=
1>            C:\Users\hansnguyen\.nuget\packages\microsoft.windowsdesktop.app.ref\3.0.0\ref\netcoreapp3.0\PresentationFramework.Classic.dll
1>                    AssemblyVersion=4.0.0.0
1>                    CopyLocal=false
1>                    ExternallyResolved=true
1>                    FileVersion=4.800.19.46214
1>                    FrameworkReferenceName=Microsoft.WindowsDesktop.App.WPF
1>                    FrameworkReferenceVersion=3.0.0
1>                    FusionName=PresentationFramework.Classic, Version=4.0.0.0, Culture=neutral, PublicKeyToken=31bf3856ad364e35
1>                    ImageRuntime=v4.0.30319
1>                    NuGetPackageId=Microsoft.WindowsDesktop.App.Ref
1>                    NuGetPackageVersion=3.0.0
1>                    OriginalItemSpec=C:\Users\hansnguyen\.nuget\packages\microsoft.windowsdesktop.app.ref\3.0.0\ref\netcoreapp3.0\PresentationFramework.Classic.dll
1>                    Private=false
1>                    PublicKeyToken=31bf3856ad364e35
1>                    ReferenceSourceTarget=ResolveAssemblyReference
1>                    ResolvedFrom={RawFileName}
1>                    Version=
1>            C:\Users\hansnguyen\.nuget\packages\microsoft.windowsdesktop.app.ref\3.0.0\ref\netcoreapp3.0\PresentationFramework.dll
1>                    AssemblyVersion=4.0.0.0
1>                    CopyLocal=false
1>                    ExternallyResolved=true
1>                    FileVersion=4.800.19.46214
1>                    FrameworkReferenceName=Microsoft.WindowsDesktop.App.WPF
1>                    FrameworkReferenceVersion=3.0.0
1>                    FusionName=PresentationFramework, Version=4.0.0.0, Culture=neutral, PublicKeyToken=31bf3856ad364e35
1>                    ImageRuntime=v4.0.30319
1>                    NuGetPackageId=Microsoft.WindowsDesktop.App.Ref
1>                    NuGetPackageVersion=3.0.0
1>                    OriginalItemSpec=C:\Users\hansnguyen\.nuget\packages\microsoft.windowsdesktop.app.ref\3.0.0\ref\netcoreapp3.0\PresentationFramework.dll
1>                    Private=false
1>                    PublicKeyToken=31bf3856ad364e35
1>                    ReferenceSourceTarget=ResolveAssemblyReference
1>                    ResolvedFrom={RawFileName}
1>                    Version=
1>            C:\Users\hansnguyen\.nuget\packages\microsoft.windowsdesktop.app.ref\3.0.0\ref\netcoreapp3.0\PresentationFramework.Luna.dll
1>                    AssemblyVersion=4.0.0.0
1>                    CopyLocal=false
1>                    ExternallyResolved=true
1>                    FileVersion=4.800.19.46214
1>                    FrameworkReferenceName=Microsoft.WindowsDesktop.App.WPF
1>                    FrameworkReferenceVersion=3.0.0
1>                    FusionName=PresentationFramework.Luna, Version=4.0.0.0, Culture=neutral, PublicKeyToken=31bf3856ad364e35
1>                    ImageRuntime=v4.0.30319
1>                    NuGetPackageId=Microsoft.WindowsDesktop.App.Ref
1>                    NuGetPackageVersion=3.0.0
1>                    OriginalItemSpec=C:\Users\hansnguyen\.nuget\packages\microsoft.windowsdesktop.app.ref\3.0.0\ref\netcoreapp3.0\PresentationFramework.Luna.dll
1>                    Private=false
1>                    PublicKeyToken=31bf3856ad364e35
1>                    ReferenceSourceTarget=ResolveAssemblyReference
1>                    ResolvedFrom={RawFileName}
1>                    Version=
1>            C:\Users\hansnguyen\.nuget\packages\microsoft.windowsdesktop.app.ref\3.0.0\ref\netcoreapp3.0\PresentationFramework.Royale.dll
1>                    AssemblyVersion=4.0.0.0
1>                    CopyLocal=false
1>                    ExternallyResolved=true
1>                    FileVersion=4.800.19.46214
1>                    FrameworkReferenceName=Microsoft.WindowsDesktop.App.WPF
1>                    FrameworkReferenceVersion=3.0.0
1>                    FusionName=PresentationFramework.Royale, Version=4.0.0.0, Culture=neutral, PublicKeyToken=31bf3856ad364e35
1>                    ImageRuntime=v4.0.30319
1>                    NuGetPackageId=Microsoft.WindowsDesktop.App.Ref
1>                    NuGetPackageVersion=3.0.0
1>                    OriginalItemSpec=C:\Users\hansnguyen\.nuget\packages\microsoft.windowsdesktop.app.ref\3.0.0\ref\netcoreapp3.0\PresentationFramework.Royale.dll
1>                    Private=false
1>                    PublicKeyToken=31bf3856ad364e35
1>                    ReferenceSourceTarget=ResolveAssemblyReference
1>                    ResolvedFrom={RawFileName}
1>                    Version=
1>            C:\Users\hansnguyen\.nuget\packages\microsoft.windowsdesktop.app.ref\3.0.0\ref\netcoreapp3.0\PresentationUI.dll
1>                    AssemblyVersion=4.0.0.0
1>                    CopyLocal=false
1>                    ExternallyResolved=true
1>                    FileVersion=4.800.19.46214
1>                    FrameworkReferenceName=Microsoft.WindowsDesktop.App.WPF
1>                    FrameworkReferenceVersion=3.0.0
1>                    FusionName=PresentationUI, Version=4.0.0.0, Culture=neutral, PublicKeyToken=b77a5c561934e089
1>                    ImageRuntime=v4.0.30319
1>                    NuGetPackageId=Microsoft.WindowsDesktop.App.Ref
1>                    NuGetPackageVersion=3.0.0
1>                    OriginalItemSpec=C:\Users\hansnguyen\.nuget\packages\microsoft.windowsdesktop.app.ref\3.0.0\ref\netcoreapp3.0\PresentationUI.dll
1>                    Private=false
1>                    PublicKeyToken=b77a5c561934e089
1>                    ReferenceSourceTarget=ResolveAssemblyReference
1>                    ResolvedFrom={RawFileName}
1>                    Version=
1>            C:\Users\hansnguyen\.nuget\packages\microsoft.windowsdesktop.app.ref\3.0.0\ref\netcoreapp3.0\ReachFramework.dll
1>                    AssemblyVersion=4.0.0.0
1>                    CopyLocal=false
1>                    ExternallyResolved=true
1>                    FileVersion=4.800.19.46214
1>                    FrameworkReferenceName=Microsoft.WindowsDesktop.App.WPF
1>                    FrameworkReferenceVersion=3.0.0
1>                    FusionName=ReachFramework, Version=4.0.0.0, Culture=neutral, PublicKeyToken=31bf3856ad364e35
1>                    ImageRuntime=v4.0.30319
1>                    NuGetPackageId=Microsoft.WindowsDesktop.App.Ref
1>                    NuGetPackageVersion=3.0.0
1>                    OriginalItemSpec=C:\Users\hansnguyen\.nuget\packages\microsoft.windowsdesktop.app.ref\3.0.0\ref\netcoreapp3.0\ReachFramework.dll
1>                    Private=false
1>                    PublicKeyToken=31bf3856ad364e35
1>                    ReferenceSourceTarget=ResolveAssemblyReference
1>                    ResolvedFrom={RawFileName}
1>                    Version=
1>            C:\Users\hansnguyen\.nuget\packages\microsoft.netcore.app.ref\3.0.0\ref\netcoreapp3.0\System.AppContext.dll
1>                    AssemblyVersion=4.2.1.0
1>                    CopyLocal=false
1>                    ExternallyResolved=true
1>                    FileVersion=4.700.19.46214
1>                    FrameworkReferenceName=Microsoft.NETCore.App
1>                    FrameworkReferenceVersion=3.0.0
1>                    FusionName=System.AppContext, Version=4.2.1.0, Culture=neutral, PublicKeyToken=b03f5f7f11d50a3a
1>                    ImageRuntime=v4.0.30319
1>                    NuGetPackageId=Microsoft.NETCore.App.Ref
1>                    NuGetPackageVersion=3.0.0
1>                    OriginalItemSpec=C:\Users\hansnguyen\.nuget\packages\microsoft.netcore.app.ref\3.0.0\ref\netcoreapp3.0\System.AppContext.dll
1>                    Private=false
1>                    PublicKeyToken=b03f5f7f11d50a3a
1>                    ReferenceSourceTarget=ResolveAssemblyReference
1>                    ResolvedFrom={RawFileName}
1>                    Version=
1>            C:\Users\hansnguyen\.nuget\packages\microsoft.netcore.app.ref\3.0.0\ref\netcoreapp3.0\System.Buffers.dll
1>                    AssemblyVersion=4.0.2.0
1>                    CopyLocal=false
1>                    ExternallyResolved=true
1>                    FileVersion=4.700.19.46214
1>                    FrameworkReferenceName=Microsoft.NETCore.App
1>                    FrameworkReferenceVersion=3.0.0
1>                    FusionName=System.Buffers, Version=4.0.2.0, Culture=neutral, PublicKeyToken=cc7b13ffcd2ddd51
1>                    ImageRuntime=v4.0.30319
1>                    NuGetPackageId=Microsoft.NETCore.App.Ref
1>                    NuGetPackageVersion=3.0.0
1>                    OriginalItemSpec=C:\Users\hansnguyen\.nuget\packages\microsoft.netcore.app.ref\3.0.0\ref\netcoreapp3.0\System.Buffers.dll
1>                    Private=false
1>                    PublicKeyToken=cc7b13ffcd2ddd51
1>                    ReferenceSourceTarget=ResolveAssemblyReference
1>                    ResolvedFrom={RawFileName}
1>                    Version=
1>            C:\Users\hansnguyen\.nuget\packages\microsoft.windowsdesktop.app.ref\3.0.0\ref\netcoreapp3.0\System.CodeDom.dll
1>                    AssemblyVersion=4.0.2.0
1>                    CopyLocal=false
1>                    ExternallyResolved=true
1>                    FileVersion=4.700.19.46214
1>                    FrameworkReferenceName=Microsoft.WindowsDesktop.App.WPF
1>                    FrameworkReferenceVersion=3.0.0
1>                    FusionName=System.CodeDom, Version=4.0.2.0, Culture=neutral, PublicKeyToken=cc7b13ffcd2ddd51
1>                    ImageRuntime=v4.0.30319
1>                    NuGetPackageId=Microsoft.WindowsDesktop.App.Ref
1>                    NuGetPackageVersion=3.0.0
1>                    OriginalItemSpec=C:\Users\hansnguyen\.nuget\packages\microsoft.windowsdesktop.app.ref\3.0.0\ref\netcoreapp3.0\System.CodeDom.dll
1>                    Private=false
1>                    PublicKeyToken=cc7b13ffcd2ddd51
1>                    ReferenceSourceTarget=ResolveAssemblyReference
1>                    ResolvedFrom={RawFileName}
1>                    Version=
1>            C:\Users\hansnguyen\.nuget\packages\microsoft.netcore.app.ref\3.0.0\ref\netcoreapp3.0\System.Collections.Concurrent.dll
1>                    AssemblyVersion=4.0.14.0
1>                    CopyLocal=false
1>                    ExternallyResolved=true
1>                    FileVersion=4.700.19.46214
1>                    FrameworkReferenceName=Microsoft.NETCore.App
1>                    FrameworkReferenceVersion=3.0.0
1>                    FusionName=System.Collections.Concurrent, Version=4.0.14.0, Culture=neutral, PublicKeyToken=b03f5f7f11d50a3a
1>                    ImageRuntime=v4.0.30319
1>                    NuGetPackageId=Microsoft.NETCore.App.Ref
1>                    NuGetPackageVersion=3.0.0
1>                    OriginalItemSpec=C:\Users\hansnguyen\.nuget\packages\microsoft.netcore.app.ref\3.0.0\ref\netcoreapp3.0\System.Collections.Concurrent.dll
1>                    Private=false
1>                    PublicKeyToken=b03f5f7f11d50a3a
1>                    ReferenceSourceTarget=ResolveAssemblyReference
1>                    ResolvedFrom={RawFileName}
1>                    Version=
1>            C:\Users\hansnguyen\.nuget\packages\microsoft.netcore.app.ref\3.0.0\ref\netcoreapp3.0\System.Collections.dll
1>                    AssemblyVersion=4.1.1.0
1>                    CopyLocal=false
1>                    ExternallyResolved=true
1>                    FileVersion=4.700.19.46214
1>                    FrameworkReferenceName=Microsoft.NETCore.App
1>                    FrameworkReferenceVersion=3.0.0
1>                    FusionName=System.Collections, Version=4.1.1.0, Culture=neutral, PublicKeyToken=b03f5f7f11d50a3a
1>                    ImageRuntime=v4.0.30319
1>                    NuGetPackageId=Microsoft.NETCore.App.Ref
1>                    NuGetPackageVersion=3.0.0
1>                    OriginalItemSpec=C:\Users\hansnguyen\.nuget\packages\microsoft.netcore.app.ref\3.0.0\ref\netcoreapp3.0\System.Collections.dll
1>                    Private=false
1>                    PublicKeyToken=b03f5f7f11d50a3a
1>                    ReferenceSourceTarget=ResolveAssemblyReference
1>                    ResolvedFrom={RawFileName}
1>                    Version=
1>            C:\Users\hansnguyen\.nuget\packages\microsoft.netcore.app.ref\3.0.0\ref\netcoreapp3.0\System.Collections.Immutable.dll
1>                    AssemblyVersion=1.2.4.0
1>                    CopyLocal=false
1>                    ExternallyResolved=true
1>                    FileVersion=4.700.19.46214
1>                    FrameworkReferenceName=Microsoft.NETCore.App
1>                    FrameworkReferenceVersion=3.0.0
1>                    FusionName=System.Collections.Immutable, Version=1.2.4.0, Culture=neutral, PublicKeyToken=b03f5f7f11d50a3a
1>                    ImageRuntime=v4.0.30319
1>                    NuGetPackageId=Microsoft.NETCore.App.Ref
1>                    NuGetPackageVersion=3.0.0
1>                    OriginalItemSpec=C:\Users\hansnguyen\.nuget\packages\microsoft.netcore.app.ref\3.0.0\ref\netcoreapp3.0\System.Collections.Immutable.dll
1>                    Private=false
1>                    PublicKeyToken=b03f5f7f11d50a3a
1>                    ReferenceSourceTarget=ResolveAssemblyReference
1>                    ResolvedFrom={RawFileName}
1>                    Version=
1>            C:\Users\hansnguyen\.nuget\packages\microsoft.netcore.app.ref\3.0.0\ref\netcoreapp3.0\System.Collections.NonGeneric.dll
1>                    AssemblyVersion=4.1.1.0
1>                    CopyLocal=false
1>                    ExternallyResolved=true
1>                    FileVersion=4.700.19.46214
1>                    FrameworkReferenceName=Microsoft.NETCore.App
1>                    FrameworkReferenceVersion=3.0.0
1>                    FusionName=System.Collections.NonGeneric, Version=4.1.1.0, Culture=neutral, PublicKeyToken=b03f5f7f11d50a3a
1>                    ImageRuntime=v4.0.30319
1>                    NuGetPackageId=Microsoft.NETCore.App.Ref
1>                    NuGetPackageVersion=3.0.0
1>                    OriginalItemSpec=C:\Users\hansnguyen\.nuget\packages\microsoft.netcore.app.ref\3.0.0\ref\netcoreapp3.0\System.Collections.NonGeneric.dll
1>                    Private=false
1>                    PublicKeyToken=b03f5f7f11d50a3a
1>                    ReferenceSourceTarget=ResolveAssemblyReference
1>                    ResolvedFrom={RawFileName}
1>                    Version=
1>            C:\Users\hansnguyen\.nuget\packages\microsoft.netcore.app.ref\3.0.0\ref\netcoreapp3.0\System.Collections.Specialized.dll
1>                    AssemblyVersion=4.1.1.0
1>                    CopyLocal=false
1>                    ExternallyResolved=true
1>                    FileVersion=4.700.19.46214
1>                    FrameworkReferenceName=Microsoft.NETCore.App
1>                    FrameworkReferenceVersion=3.0.0
1>                    FusionName=System.Collections.Specialized, Version=4.1.1.0, Culture=neutral, PublicKeyToken=b03f5f7f11d50a3a
1>                    ImageRuntime=v4.0.30319
1>                    NuGetPackageId=Microsoft.NETCore.App.Ref
1>                    NuGetPackageVersion=3.0.0
1>                    OriginalItemSpec=C:\Users\hansnguyen\.nuget\packages\microsoft.netcore.app.ref\3.0.0\ref\netcoreapp3.0\System.Collections.Specialized.dll
1>                    Private=false
1>                    PublicKeyToken=b03f5f7f11d50a3a
1>                    ReferenceSourceTarget=ResolveAssemblyReference
1>                    ResolvedFrom={RawFileName}
1>                    Version=
1>            C:\Users\hansnguyen\.nuget\packages\microsoft.netcore.app.ref\3.0.0\ref\netcoreapp3.0\System.ComponentModel.Annotations.dll
1>                    AssemblyVersion=4.3.0.0
1>                    CopyLocal=false
1>                    ExternallyResolved=true
1>                    FileVersion=4.700.19.46214
1>                    FrameworkReferenceName=Microsoft.NETCore.App
1>                    FrameworkReferenceVersion=3.0.0
1>                    FusionName=System.ComponentModel.Annotations, Version=4.3.0.0, Culture=neutral, PublicKeyToken=b03f5f7f11d50a3a
1>                    ImageRuntime=v4.0.30319
1>                    NuGetPackageId=Microsoft.NETCore.App.Ref
1>                    NuGetPackageVersion=3.0.0
1>                    OriginalItemSpec=C:\Users\hansnguyen\.nuget\packages\microsoft.netcore.app.ref\3.0.0\ref\netcoreapp3.0\System.ComponentModel.Annotations.dll
1>                    Private=false
1>                    PublicKeyToken=b03f5f7f11d50a3a
1>                    ReferenceSourceTarget=ResolveAssemblyReference
1>                    ResolvedFrom={RawFileName}
1>                    Version=
1>            C:\Users\hansnguyen\.nuget\packages\microsoft.netcore.app.ref\3.0.0\ref\netcoreapp3.0\System.ComponentModel.DataAnnotations.dll
1>                    AssemblyVersion=4.0.0.0
1>                    CopyLocal=false
1>                    ExternallyResolved=true
1>                    FileVersion=4.700.19.46214
1>                    FrameworkReferenceName=Microsoft.NETCore.App
1>                    FrameworkReferenceVersion=3.0.0
1>                    FusionName=System.ComponentModel.DataAnnotations, Version=4.0.0.0, Culture=neutral, PublicKeyToken=31bf3856ad364e35
1>                    ImageRuntime=v4.0.30319
1>                    NuGetPackageId=Microsoft.NETCore.App.Ref
1>                    NuGetPackageVersion=3.0.0
1>                    OriginalItemSpec=C:\Users\hansnguyen\.nuget\packages\microsoft.netcore.app.ref\3.0.0\ref\netcoreapp3.0\System.ComponentModel.DataAnnotations.dll
1>                    Private=false
1>                    PublicKeyToken=31bf3856ad364e35
1>                    ReferenceSourceTarget=ResolveAssemblyReference
1>                    ResolvedFrom={RawFileName}
1>                    Version=
1>            C:\Users\hansnguyen\.nuget\packages\microsoft.netcore.app.ref\3.0.0\ref\netcoreapp3.0\System.ComponentModel.dll
1>                    AssemblyVersion=4.0.3.0
1>                    CopyLocal=false
1>                    ExternallyResolved=true
1>                    FileVersion=4.700.19.46214
1>                    FrameworkReferenceName=Microsoft.NETCore.App
1>                    FrameworkReferenceVersion=3.0.0
1>                    FusionName=System.ComponentModel, Version=4.0.3.0, Culture=neutral, PublicKeyToken=b03f5f7f11d50a3a
1>                    ImageRuntime=v4.0.30319
1>                    NuGetPackageId=Microsoft.NETCore.App.Ref
1>                    NuGetPackageVersion=3.0.0
1>                    OriginalItemSpec=C:\Users\hansnguyen\.nuget\packages\microsoft.netcore.app.ref\3.0.0\ref\netcoreapp3.0\System.ComponentModel.dll
1>                    Private=false
1>                    PublicKeyToken=b03f5f7f11d50a3a
1>                    ReferenceSourceTarget=ResolveAssemblyReference
1>                    ResolvedFrom={RawFileName}
1>                    Version=
1>            C:\Users\hansnguyen\.nuget\packages\microsoft.netcore.app.ref\3.0.0\ref\netcoreapp3.0\System.ComponentModel.EventBasedAsync.dll
1>                    AssemblyVersion=4.1.1.0
1>                    CopyLocal=false
1>                    ExternallyResolved=true
1>                    FileVersion=4.700.19.46214
1>                    FrameworkReferenceName=Microsoft.NETCore.App
1>                    FrameworkReferenceVersion=3.0.0
1>                    FusionName=System.ComponentModel.EventBasedAsync, Version=4.1.1.0, Culture=neutral, PublicKeyToken=b03f5f7f11d50a3a
1>                    ImageRuntime=v4.0.30319
1>                    NuGetPackageId=Microsoft.NETCore.App.Ref
1>                    NuGetPackageVersion=3.0.0
1>                    OriginalItemSpec=C:\Users\hansnguyen\.nuget\packages\microsoft.netcore.app.ref\3.0.0\ref\netcoreapp3.0\System.ComponentModel.EventBasedAsync.dll
1>                    Private=false
1>                    PublicKeyToken=b03f5f7f11d50a3a
1>                    ReferenceSourceTarget=ResolveAssemblyReference
1>                    ResolvedFrom={RawFileName}
1>                    Version=
1>            C:\Users\hansnguyen\.nuget\packages\microsoft.netcore.app.ref\3.0.0\ref\netcoreapp3.0\System.ComponentModel.Primitives.dll
1>                    AssemblyVersion=4.2.1.0
1>                    CopyLocal=false
1>                    ExternallyResolved=true
1>                    FileVersion=4.700.19.46214
1>                    FrameworkReferenceName=Microsoft.NETCore.App
1>                    FrameworkReferenceVersion=3.0.0
1>                    FusionName=System.ComponentModel.Primitives, Version=4.2.1.0, Culture=neutral, PublicKeyToken=b03f5f7f11d50a3a
1>                    ImageRuntime=v4.0.30319
1>                    NuGetPackageId=Microsoft.NETCore.App.Ref
1>                    NuGetPackageVersion=3.0.0
1>                    OriginalItemSpec=C:\Users\hansnguyen\.nuget\packages\microsoft.netcore.app.ref\3.0.0\ref\netcoreapp3.0\System.ComponentModel.Primitives.dll
1>                    Private=false
1>                    PublicKeyToken=b03f5f7f11d50a3a
1>                    ReferenceSourceTarget=ResolveAssemblyReference
1>                    ResolvedFrom={RawFileName}
1>                    Version=
1>            C:\Users\hansnguyen\.nuget\packages\microsoft.netcore.app.ref\3.0.0\ref\netcoreapp3.0\System.ComponentModel.TypeConverter.dll
1>                    AssemblyVersion=4.2.1.0
1>                    CopyLocal=false
1>                    ExternallyResolved=true
1>                    FileVersion=4.700.19.46214
1>                    FrameworkReferenceName=Microsoft.NETCore.App
1>                    FrameworkReferenceVersion=3.0.0
1>                    FusionName=System.ComponentModel.TypeConverter, Version=4.2.1.0, Culture=neutral, PublicKeyToken=b03f5f7f11d50a3a
1>                    ImageRuntime=v4.0.30319
1>                    NuGetPackageId=Microsoft.NETCore.App.Ref
1>                    NuGetPackageVersion=3.0.0
1>                    OriginalItemSpec=C:\Users\hansnguyen\.nuget\packages\microsoft.netcore.app.ref\3.0.0\ref\netcoreapp3.0\System.ComponentModel.TypeConverter.dll
1>                    Private=false
1>                    PublicKeyToken=b03f5f7f11d50a3a
1>                    ReferenceSourceTarget=ResolveAssemblyReference
1>                    ResolvedFrom={RawFileName}
1>                    Version=
1>            C:\Users\hansnguyen\.nuget\packages\microsoft.windowsdesktop.app.ref\3.0.0\ref\netcoreapp3.0\System.Configuration.ConfigurationManager.dll
1>                    AssemblyVersion=4.0.2.0
1>                    CopyLocal=false
1>                    ExternallyResolved=true
1>                    FileVersion=4.700.19.46214
1>                    FrameworkReferenceName=Microsoft.WindowsDesktop.App.WPF
1>                    FrameworkReferenceVersion=3.0.0
1>                    FusionName=System.Configuration.ConfigurationManager, Version=4.0.2.0, Culture=neutral, PublicKeyToken=cc7b13ffcd2ddd51
1>                    ImageRuntime=v4.0.30319
1>                    NuGetPackageId=Microsoft.WindowsDesktop.App.Ref
1>                    NuGetPackageVersion=3.0.0
1>                    OriginalItemSpec=C:\Users\hansnguyen\.nuget\packages\microsoft.windowsdesktop.app.ref\3.0.0\ref\netcoreapp3.0\System.Configuration.ConfigurationManager.dll
1>                    Private=false
1>                    PublicKeyToken=cc7b13ffcd2ddd51
1>                    ReferenceSourceTarget=ResolveAssemblyReference
1>                    ResolvedFrom={RawFileName}
1>                    Version=
1>            C:\Users\hansnguyen\.nuget\packages\microsoft.netcore.app.ref\3.0.0\ref\netcoreapp3.0\System.Configuration.dll
1>                    AssemblyVersion=4.0.0.0
1>                    CopyLocal=false
1>                    ExternallyResolved=true
1>                    FileVersion=4.700.19.46214
1>                    FrameworkReferenceName=Microsoft.NETCore.App
1>                    FrameworkReferenceVersion=3.0.0
1>                    FusionName=System.Configuration, Version=4.0.0.0, Culture=neutral, PublicKeyToken=b03f5f7f11d50a3a
1>                    ImageRuntime=v4.0.30319
1>                    NuGetPackageId=Microsoft.NETCore.App.Ref
1>                    NuGetPackageVersion=3.0.0
1>                    OriginalItemSpec=C:\Users\hansnguyen\.nuget\packages\microsoft.netcore.app.ref\3.0.0\ref\netcoreapp3.0\System.Configuration.dll
1>                    Private=false
1>                    PublicKeyToken=b03f5f7f11d50a3a
1>                    ReferenceSourceTarget=ResolveAssemblyReference
1>                    ResolvedFrom={RawFileName}
1>                    Version=
1>            C:\Users\hansnguyen\.nuget\packages\microsoft.netcore.app.ref\3.0.0\ref\netcoreapp3.0\System.Console.dll
1>                    AssemblyVersion=4.1.1.0
1>                    CopyLocal=false
1>                    ExternallyResolved=true
1>                    FileVersion=4.700.19.46214
1>                    FrameworkReferenceName=Microsoft.NETCore.App
1>                    FrameworkReferenceVersion=3.0.0
1>                    FusionName=System.Console, Version=4.1.1.0, Culture=neutral, PublicKeyToken=b03f5f7f11d50a3a
1>                    ImageRuntime=v4.0.30319
1>                    NuGetPackageId=Microsoft.NETCore.App.Ref
1>                    NuGetPackageVersion=3.0.0
1>                    OriginalItemSpec=C:\Users\hansnguyen\.nuget\packages\microsoft.netcore.app.ref\3.0.0\ref\netcoreapp3.0\System.Console.dll
1>                    Private=false
1>                    PublicKeyToken=b03f5f7f11d50a3a
1>                    ReferenceSourceTarget=ResolveAssemblyReference
1>                    ResolvedFrom={RawFileName}
1>                    Version=
1>            C:\Users\hansnguyen\.nuget\packages\microsoft.netcore.app.ref\3.0.0\ref\netcoreapp3.0\System.Core.dll
1>                    AssemblyVersion=4.0.0.0
1>                    CopyLocal=false
1>                    ExternallyResolved=true
1>                    FileVersion=4.700.19.46214
1>                    FrameworkReferenceName=Microsoft.NETCore.App
1>                    FrameworkReferenceVersion=3.0.0
1>                    FusionName=System.Core, Version=4.0.0.0, Culture=neutral, PublicKeyToken=b77a5c561934e089
1>                    ImageRuntime=v4.0.30319
1>                    NuGetPackageId=Microsoft.NETCore.App.Ref
1>                    NuGetPackageVersion=3.0.0
1>                    OriginalItemSpec=C:\Users\hansnguyen\.nuget\packages\microsoft.netcore.app.ref\3.0.0\ref\netcoreapp3.0\System.Core.dll
1>                    Private=false
1>                    PublicKeyToken=b77a5c561934e089
1>                    ReferenceSourceTarget=ResolveAssemblyReference
1>                    ResolvedFrom={RawFileName}
1>                    Version=
1>            C:\Users\hansnguyen\.nuget\packages\microsoft.netcore.app.ref\3.0.0\ref\netcoreapp3.0\System.Data.Common.dll
1>                    AssemblyVersion=4.2.1.0
1>                    CopyLocal=false
1>                    ExternallyResolved=true
1>                    FileVersion=4.700.19.46214
1>                    FrameworkReferenceName=Microsoft.NETCore.App
1>                    FrameworkReferenceVersion=3.0.0
1>                    FusionName=System.Data.Common, Version=4.2.1.0, Culture=neutral, PublicKeyToken=b03f5f7f11d50a3a
1>                    ImageRuntime=v4.0.30319
1>                    NuGetPackageId=Microsoft.NETCore.App.Ref
1>                    NuGetPackageVersion=3.0.0
1>                    OriginalItemSpec=C:\Users\hansnguyen\.nuget\packages\microsoft.netcore.app.ref\3.0.0\ref\netcoreapp3.0\System.Data.Common.dll
1>                    Private=false
1>                    PublicKeyToken=b03f5f7f11d50a3a
1>                    ReferenceSourceTarget=ResolveAssemblyReference
1>                    ResolvedFrom={RawFileName}
1>                    Version=
1>            C:\Users\hansnguyen\.nuget\packages\microsoft.netcore.app.ref\3.0.0\ref\netcoreapp3.0\System.Data.DataSetExtensions.dll
1>                    AssemblyVersion=4.0.0.0
1>                    CopyLocal=false
1>                    ExternallyResolved=true
1>                    FileVersion=4.700.19.46214
1>                    FrameworkReferenceName=Microsoft.NETCore.App
1>                    FrameworkReferenceVersion=3.0.0
1>                    FusionName=System.Data.DataSetExtensions, Version=4.0.0.0, Culture=neutral, PublicKeyToken=b77a5c561934e089
1>                    ImageRuntime=v4.0.30319
1>                    NuGetPackageId=Microsoft.NETCore.App.Ref
1>                    NuGetPackageVersion=3.0.0
1>                    OriginalItemSpec=C:\Users\hansnguyen\.nuget\packages\microsoft.netcore.app.ref\3.0.0\ref\netcoreapp3.0\System.Data.DataSetExtensions.dll
1>                    Private=false
1>                    PublicKeyToken=b77a5c561934e089
1>                    ReferenceSourceTarget=ResolveAssemblyReference
1>                    ResolvedFrom={RawFileName}
1>                    Version=
1>            C:\Users\hansnguyen\.nuget\packages\microsoft.netcore.app.ref\3.0.0\ref\netcoreapp3.0\System.Data.dll
1>                    AssemblyVersion=4.0.0.0
1>                    CopyLocal=false
1>                    ExternallyResolved=true
1>                    FileVersion=4.700.19.46214
1>                    FrameworkReferenceName=Microsoft.NETCore.App
1>                    FrameworkReferenceVersion=3.0.0
1>                    FusionName=System.Data, Version=4.0.0.0, Culture=neutral, PublicKeyToken=b77a5c561934e089
1>                    ImageRuntime=v4.0.30319
1>                    NuGetPackageId=Microsoft.NETCore.App.Ref
1>                    NuGetPackageVersion=3.0.0
1>                    OriginalItemSpec=C:\Users\hansnguyen\.nuget\packages\microsoft.netcore.app.ref\3.0.0\ref\netcoreapp3.0\System.Data.dll
1>                    Private=false
1>                    PublicKeyToken=b77a5c561934e089
1>                    ReferenceSourceTarget=ResolveAssemblyReference
1>                    ResolvedFrom={RawFileName}
1>                    Version=
1>            C:\Users\hansnguyen\.nuget\packages\microsoft.netcore.app.ref\3.0.0\ref\netcoreapp3.0\System.Diagnostics.Contracts.dll
1>                    AssemblyVersion=4.0.3.0
1>                    CopyLocal=false
1>                    ExternallyResolved=true
1>                    FileVersion=4.700.19.46214
1>                    FrameworkReferenceName=Microsoft.NETCore.App
1>                    FrameworkReferenceVersion=3.0.0
1>                    FusionName=System.Diagnostics.Contracts, Version=4.0.3.0, Culture=neutral, PublicKeyToken=b03f5f7f11d50a3a
1>                    ImageRuntime=v4.0.30319
1>                    NuGetPackageId=Microsoft.NETCore.App.Ref
1>                    NuGetPackageVersion=3.0.0
1>                    OriginalItemSpec=C:\Users\hansnguyen\.nuget\packages\microsoft.netcore.app.ref\3.0.0\ref\netcoreapp3.0\System.Diagnostics.Contracts.dll
1>                    Private=false
1>                    PublicKeyToken=b03f5f7f11d50a3a
1>                    ReferenceSourceTarget=ResolveAssemblyReference
1>                    ResolvedFrom={RawFileName}
1>                    Version=
1>            C:\Users\hansnguyen\.nuget\packages\microsoft.netcore.app.ref\3.0.0\ref\netcoreapp3.0\System.Diagnostics.Debug.dll
1>                    AssemblyVersion=4.1.1.0
1>                    CopyLocal=false
1>                    ExternallyResolved=true
1>                    FileVersion=4.700.19.46214
1>                    FrameworkReferenceName=Microsoft.NETCore.App
1>                    FrameworkReferenceVersion=3.0.0
1>                    FusionName=System.Diagnostics.Debug, Version=4.1.1.0, Culture=neutral, PublicKeyToken=b03f5f7f11d50a3a
1>                    ImageRuntime=v4.0.30319
1>                    NuGetPackageId=Microsoft.NETCore.App.Ref
1>                    NuGetPackageVersion=3.0.0
1>                    OriginalItemSpec=C:\Users\hansnguyen\.nuget\packages\microsoft.netcore.app.ref\3.0.0\ref\netcoreapp3.0\System.Diagnostics.Debug.dll
1>                    Private=false
1>                    PublicKeyToken=b03f5f7f11d50a3a
1>                    ReferenceSourceTarget=ResolveAssemblyReference
1>                    ResolvedFrom={RawFileName}
1>                    Version=
1>            C:\Users\hansnguyen\.nuget\packages\microsoft.netcore.app.ref\3.0.0\ref\netcoreapp3.0\System.Diagnostics.DiagnosticSource.dll
1>                    AssemblyVersion=4.0.4.0
1>                    CopyLocal=false
1>                    ExternallyResolved=true
1>                    FileVersion=4.700.19.46214
1>                    FrameworkReferenceName=Microsoft.NETCore.App
1>                    FrameworkReferenceVersion=3.0.0
1>                    FusionName=System.Diagnostics.DiagnosticSource, Version=4.0.4.0, Culture=neutral, PublicKeyToken=cc7b13ffcd2ddd51
1>                    ImageRuntime=v4.0.30319
1>                    NuGetPackageId=Microsoft.NETCore.App.Ref
1>                    NuGetPackageVersion=3.0.0
1>                    OriginalItemSpec=C:\Users\hansnguyen\.nuget\packages\microsoft.netcore.app.ref\3.0.0\ref\netcoreapp3.0\System.Diagnostics.DiagnosticSource.dll
1>                    Private=false
1>                    PublicKeyToken=cc7b13ffcd2ddd51
1>                    ReferenceSourceTarget=ResolveAssemblyReference
1>                    ResolvedFrom={RawFileName}
1>                    Version=
1>            C:\Users\hansnguyen\.nuget\packages\microsoft.windowsdesktop.app.ref\3.0.0\ref\netcoreapp3.0\System.Diagnostics.EventLog.dll
1>                    AssemblyVersion=4.0.1.0
1>                    CopyLocal=false
1>                    ExternallyResolved=true
1>                    FileVersion=4.700.19.46214
1>                    FrameworkReferenceName=Microsoft.WindowsDesktop.App.WPF
1>                    FrameworkReferenceVersion=3.0.0
1>                    FusionName=System.Diagnostics.EventLog, Version=4.0.1.0, Culture=neutral, PublicKeyToken=cc7b13ffcd2ddd51
1>                    ImageRuntime=v4.0.30319
1>                    NuGetPackageId=Microsoft.WindowsDesktop.App.Ref
1>                    NuGetPackageVersion=3.0.0
1>                    OriginalItemSpec=C:\Users\hansnguyen\.nuget\packages\microsoft.windowsdesktop.app.ref\3.0.0\ref\netcoreapp3.0\System.Diagnostics.EventLog.dll
1>                    Private=false
1>                    PublicKeyToken=cc7b13ffcd2ddd51
1>                    ReferenceSourceTarget=ResolveAssemblyReference
1>                    ResolvedFrom={RawFileName}
1>                    Version=
1>            C:\Users\hansnguyen\.nuget\packages\microsoft.netcore.app.ref\3.0.0\ref\netcoreapp3.0\System.Diagnostics.FileVersionInfo.dll
1>                    AssemblyVersion=4.0.3.0
1>                    CopyLocal=false
1>                    ExternallyResolved=true
1>                    FileVersion=4.700.19.46214
1>                    FrameworkReferenceName=Microsoft.NETCore.App
1>                    FrameworkReferenceVersion=3.0.0
1>                    FusionName=System.Diagnostics.FileVersionInfo, Version=4.0.3.0, Culture=neutral, PublicKeyToken=b03f5f7f11d50a3a
1>                    ImageRuntime=v4.0.30319
1>                    NuGetPackageId=Microsoft.NETCore.App.Ref
1>                    NuGetPackageVersion=3.0.0
1>                    OriginalItemSpec=C:\Users\hansnguyen\.nuget\packages\microsoft.netcore.app.ref\3.0.0\ref\netcoreapp3.0\System.Diagnostics.FileVersionInfo.dll
1>                    Private=false
1>                    PublicKeyToken=b03f5f7f11d50a3a
1>                    ReferenceSourceTarget=ResolveAssemblyReference
1>                    ResolvedFrom={RawFileName}
1>                    Version=
1>            C:\Users\hansnguyen\.nuget\packages\microsoft.windowsdesktop.app.ref\3.0.0\ref\netcoreapp3.0\System.Diagnostics.PerformanceCounter.dll
1>                    AssemblyVersion=4.0.1.0
1>                    CopyLocal=false
1>                    ExternallyResolved=true
1>                    FileVersion=4.700.19.37515
1>                    FrameworkReferenceName=Microsoft.WindowsDesktop.App.WPF
1>                    FrameworkReferenceVersion=3.0.0
1>                    FusionName=System.Diagnostics.PerformanceCounter, Version=4.0.1.0, Culture=neutral, PublicKeyToken=cc7b13ffcd2ddd51
1>                    ImageRuntime=v4.0.30319
1>                    NuGetPackageId=Microsoft.WindowsDesktop.App.Ref
1>                    NuGetPackageVersion=3.0.0
1>                    OriginalItemSpec=C:\Users\hansnguyen\.nuget\packages\microsoft.windowsdesktop.app.ref\3.0.0\ref\netcoreapp3.0\System.Diagnostics.PerformanceCounter.dll
1>                    Private=false
1>                    PublicKeyToken=cc7b13ffcd2ddd51
1>                    ReferenceSourceTarget=ResolveAssemblyReference
1>                    ResolvedFrom={RawFileName}
1>                    Version=
1>            C:\Users\hansnguyen\.nuget\packages\microsoft.netcore.app.ref\3.0.0\ref\netcoreapp3.0\System.Diagnostics.Process.dll
1>                    AssemblyVersion=4.2.1.0
1>                    CopyLocal=false
1>                    ExternallyResolved=true
1>                    FileVersion=4.700.19.46214
1>                    FrameworkReferenceName=Microsoft.NETCore.App
1>                    FrameworkReferenceVersion=3.0.0
1>                    FusionName=System.Diagnostics.Process, Version=4.2.1.0, Culture=neutral, PublicKeyToken=b03f5f7f11d50a3a
1>                    ImageRuntime=v4.0.30319
1>                    NuGetPackageId=Microsoft.NETCore.App.Ref
1>                    NuGetPackageVersion=3.0.0
1>                    OriginalItemSpec=C:\Users\hansnguyen\.nuget\packages\microsoft.netcore.app.ref\3.0.0\ref\netcoreapp3.0\System.Diagnostics.Process.dll
1>                    Private=false
1>                    PublicKeyToken=b03f5f7f11d50a3a
1>                    ReferenceSourceTarget=ResolveAssemblyReference
1>                    ResolvedFrom={RawFileName}
1>                    Version=
1>            C:\Users\hansnguyen\.nuget\packages\microsoft.netcore.app.ref\3.0.0\ref\netcoreapp3.0\System.Diagnostics.StackTrace.dll
1>                    AssemblyVersion=4.1.1.0
1>                    CopyLocal=false
1>                    ExternallyResolved=true
1>                    FileVersion=4.700.19.46214
1>                    FrameworkReferenceName=Microsoft.NETCore.App
1>                    FrameworkReferenceVersion=3.0.0
1>                    FusionName=System.Diagnostics.StackTrace, Version=4.1.1.0, Culture=neutral, PublicKeyToken=b03f5f7f11d50a3a
1>                    ImageRuntime=v4.0.30319
1>                    NuGetPackageId=Microsoft.NETCore.App.Ref
1>                    NuGetPackageVersion=3.0.0
1>                    OriginalItemSpec=C:\Users\hansnguyen\.nuget\packages\microsoft.netcore.app.ref\3.0.0\ref\netcoreapp3.0\System.Diagnostics.StackTrace.dll
1>                    Private=false
1>                    PublicKeyToken=b03f5f7f11d50a3a
1>                    ReferenceSourceTarget=ResolveAssemblyReference
1>                    ResolvedFrom={RawFileName}
1>                    Version=
1>            C:\Users\hansnguyen\.nuget\packages\microsoft.netcore.app.ref\3.0.0\ref\netcoreapp3.0\System.Diagnostics.TextWriterTraceListener.dll
1>                    AssemblyVersion=4.1.1.0
1>                    CopyLocal=false
1>                    ExternallyResolved=true
1>                    FileVersion=4.700.19.46214
1>                    FrameworkReferenceName=Microsoft.NETCore.App
1>                    FrameworkReferenceVersion=3.0.0
1>                    FusionName=System.Diagnostics.TextWriterTraceListener, Version=4.1.1.0, Culture=neutral, PublicKeyToken=b03f5f7f11d50a3a
1>                    ImageRuntime=v4.0.30319
1>                    NuGetPackageId=Microsoft.NETCore.App.Ref
1>                    NuGetPackageVersion=3.0.0
1>                    OriginalItemSpec=C:\Users\hansnguyen\.nuget\packages\microsoft.netcore.app.ref\3.0.0\ref\netcoreapp3.0\System.Diagnostics.TextWriterTraceListener.dll
1>                    Private=false
1>                    PublicKeyToken=b03f5f7f11d50a3a
1>                    ReferenceSourceTarget=ResolveAssemblyReference
1>                    ResolvedFrom={RawFileName}
1>                    Version=
1>            C:\Users\hansnguyen\.nuget\packages\microsoft.netcore.app.ref\3.0.0\ref\netcoreapp3.0\System.Diagnostics.Tools.dll
1>                    AssemblyVersion=4.1.1.0
1>                    CopyLocal=false
1>                    ExternallyResolved=true
1>                    FileVersion=4.700.19.46214
1>                    FrameworkReferenceName=Microsoft.NETCore.App
1>                    FrameworkReferenceVersion=3.0.0
1>                    FusionName=System.Diagnostics.Tools, Version=4.1.1.0, Culture=neutral, PublicKeyToken=b03f5f7f11d50a3a
1>                    ImageRuntime=v4.0.30319
1>                    NuGetPackageId=Microsoft.NETCore.App.Ref
1>                    NuGetPackageVersion=3.0.0
1>                    OriginalItemSpec=C:\Users\hansnguyen\.nuget\packages\microsoft.netcore.app.ref\3.0.0\ref\netcoreapp3.0\System.Diagnostics.Tools.dll
1>                    Private=false
1>                    PublicKeyToken=b03f5f7f11d50a3a
1>                    ReferenceSourceTarget=ResolveAssemblyReference
1>                    ResolvedFrom={RawFileName}
1>                    Version=
1>            C:\Users\hansnguyen\.nuget\packages\microsoft.netcore.app.ref\3.0.0\ref\netcoreapp3.0\System.Diagnostics.TraceSource.dll
1>                    AssemblyVersion=4.1.1.0
1>                    CopyLocal=false
1>                    ExternallyResolved=true
1>                    FileVersion=4.700.19.46214
1>                    FrameworkReferenceName=Microsoft.NETCore.App
1>                    FrameworkReferenceVersion=3.0.0
1>                    FusionName=System.Diagnostics.TraceSource, Version=4.1.1.0, Culture=neutral, PublicKeyToken=b03f5f7f11d50a3a
1>                    ImageRuntime=v4.0.30319
1>                    NuGetPackageId=Microsoft.NETCore.App.Ref
1>                    NuGetPackageVersion=3.0.0
1>                    OriginalItemSpec=C:\Users\hansnguyen\.nuget\packages\microsoft.netcore.app.ref\3.0.0\ref\netcoreapp3.0\System.Diagnostics.TraceSource.dll
1>                    Private=false
1>                    PublicKeyToken=b03f5f7f11d50a3a
1>                    ReferenceSourceTarget=ResolveAssemblyReference
1>                    ResolvedFrom={RawFileName}
1>                    Version=
1>            C:\Users\hansnguyen\.nuget\packages\microsoft.netcore.app.ref\3.0.0\ref\netcoreapp3.0\System.Diagnostics.Tracing.dll
1>                    AssemblyVersion=4.2.1.0
1>                    CopyLocal=false
1>                    ExternallyResolved=true
1>                    FileVersion=4.700.19.46214
1>                    FrameworkReferenceName=Microsoft.NETCore.App
1>                    FrameworkReferenceVersion=3.0.0
1>                    FusionName=System.Diagnostics.Tracing, Version=4.2.1.0, Culture=neutral, PublicKeyToken=b03f5f7f11d50a3a
1>                    ImageRuntime=v4.0.30319
1>                    NuGetPackageId=Microsoft.NETCore.App.Ref
1>                    NuGetPackageVersion=3.0.0
1>                    OriginalItemSpec=C:\Users\hansnguyen\.nuget\packages\microsoft.netcore.app.ref\3.0.0\ref\netcoreapp3.0\System.Diagnostics.Tracing.dll
1>                    Private=false
1>                    PublicKeyToken=b03f5f7f11d50a3a
1>                    ReferenceSourceTarget=ResolveAssemblyReference
1>                    ResolvedFrom={RawFileName}
1>                    Version=
1>            C:\Users\hansnguyen\.nuget\packages\microsoft.windowsdesktop.app.ref\3.0.0\ref\netcoreapp3.0\System.DirectoryServices.dll
1>                    AssemblyVersion=4.0.0.0
1>                    CopyLocal=false
1>                    ExternallyResolved=true
1>                    FileVersion=4.700.19.46214
1>                    FrameworkReferenceName=Microsoft.WindowsDesktop.App.WPF
1>                    FrameworkReferenceVersion=3.0.0
1>                    FusionName=System.DirectoryServices, Version=4.0.0.0, Culture=neutral, PublicKeyToken=b03f5f7f11d50a3a
1>                    ImageRuntime=v4.0.30319
1>                    NuGetPackageId=Microsoft.WindowsDesktop.App.Ref
1>                    NuGetPackageVersion=3.0.0
1>                    OriginalItemSpec=C:\Users\hansnguyen\.nuget\packages\microsoft.windowsdesktop.app.ref\3.0.0\ref\netcoreapp3.0\System.DirectoryServices.dll
1>                    Private=false
1>                    PublicKeyToken=b03f5f7f11d50a3a
1>                    ReferenceSourceTarget=ResolveAssemblyReference
1>                    ResolvedFrom={RawFileName}
1>                    Version=
1>            C:\Users\hansnguyen\.nuget\packages\microsoft.netcore.app.ref\3.0.0\ref\netcoreapp3.0\System.dll
1>                    AssemblyVersion=4.0.0.0
1>                    CopyLocal=false
1>                    ExternallyResolved=true
1>                    FileVersion=4.700.19.46214
1>                    FrameworkReferenceName=Microsoft.NETCore.App
1>                    FrameworkReferenceVersion=3.0.0
1>                    FusionName=System, Version=4.0.0.0, Culture=neutral, PublicKeyToken=b77a5c561934e089
1>                    ImageRuntime=v4.0.30319
1>                    NuGetPackageId=Microsoft.NETCore.App.Ref
1>                    NuGetPackageVersion=3.0.0
1>                    OriginalItemSpec=C:\Users\hansnguyen\.nuget\packages\microsoft.netcore.app.ref\3.0.0\ref\netcoreapp3.0\System.dll
1>                    Private=false
1>                    PublicKeyToken=b77a5c561934e089
1>                    ReferenceSourceTarget=ResolveAssemblyReference
1>                    ResolvedFrom={RawFileName}
1>                    Version=
1>            C:\Users\hansnguyen\.nuget\packages\microsoft.netcore.app.ref\3.0.0\ref\netcoreapp3.0\System.Drawing.dll
1>                    AssemblyVersion=4.0.0.0
1>                    CopyLocal=false
1>                    ExternallyResolved=true
1>                    FileVersion=4.700.19.46214
1>                    FrameworkReferenceName=Microsoft.NETCore.App
1>                    FrameworkReferenceVersion=3.0.0
1>                    FusionName=System.Drawing, Version=4.0.0.0, Culture=neutral, PublicKeyToken=b03f5f7f11d50a3a
1>                    ImageRuntime=v4.0.30319
1>                    NuGetPackageId=Microsoft.NETCore.App.Ref
1>                    NuGetPackageVersion=3.0.0
1>                    OriginalItemSpec=C:\Users\hansnguyen\.nuget\packages\microsoft.netcore.app.ref\3.0.0\ref\netcoreapp3.0\System.Drawing.dll
1>                    Private=false
1>                    PublicKeyToken=b03f5f7f11d50a3a
1>                    ReferenceSourceTarget=ResolveAssemblyReference
1>                    ResolvedFrom={RawFileName}
1>                    Version=
1>            C:\Users\hansnguyen\.nuget\packages\microsoft.netcore.app.ref\3.0.0\ref\netcoreapp3.0\System.Drawing.Primitives.dll
1>                    AssemblyVersion=4.2.0.0
1>                    CopyLocal=false
1>                    ExternallyResolved=true
1>                    FileVersion=4.700.19.46214
1>                    FrameworkReferenceName=Microsoft.NETCore.App
1>                    FrameworkReferenceVersion=3.0.0
1>                    FusionName=System.Drawing.Primitives, Version=4.2.0.0, Culture=neutral, PublicKeyToken=b03f5f7f11d50a3a
1>                    ImageRuntime=v4.0.30319
1>                    NuGetPackageId=Microsoft.NETCore.App.Ref
1>                    NuGetPackageVersion=3.0.0
1>                    OriginalItemSpec=C:\Users\hansnguyen\.nuget\packages\microsoft.netcore.app.ref\3.0.0\ref\netcoreapp3.0\System.Drawing.Primitives.dll
1>                    Private=false
1>                    PublicKeyToken=b03f5f7f11d50a3a
1>                    ReferenceSourceTarget=ResolveAssemblyReference
1>                    ResolvedFrom={RawFileName}
1>                    Version=
1>            C:\Users\hansnguyen\.nuget\packages\microsoft.netcore.app.ref\3.0.0\ref\netcoreapp3.0\System.Dynamic.Runtime.dll
1>                    AssemblyVersion=4.1.1.0
1>                    CopyLocal=false
1>                    ExternallyResolved=true
1>                    FileVersion=4.700.19.46214
1>                    FrameworkReferenceName=Microsoft.NETCore.App
1>                    FrameworkReferenceVersion=3.0.0
1>                    FusionName=System.Dynamic.Runtime, Version=4.1.1.0, Culture=neutral, PublicKeyToken=b03f5f7f11d50a3a
1>                    ImageRuntime=v4.0.30319
1>                    NuGetPackageId=Microsoft.NETCore.App.Ref
1>                    NuGetPackageVersion=3.0.0
1>                    OriginalItemSpec=C:\Users\hansnguyen\.nuget\packages\microsoft.netcore.app.ref\3.0.0\ref\netcoreapp3.0\System.Dynamic.Runtime.dll
1>                    Private=false
1>                    PublicKeyToken=b03f5f7f11d50a3a
1>                    ReferenceSourceTarget=ResolveAssemblyReference
1>                    ResolvedFrom={RawFileName}
1>                    Version=
1>            C:\Users\hansnguyen\.nuget\packages\microsoft.netcore.app.ref\3.0.0\ref\netcoreapp3.0\System.Globalization.Calendars.dll
1>                    AssemblyVersion=4.1.1.0
1>                    CopyLocal=false
1>                    ExternallyResolved=true
1>                    FileVersion=4.700.19.46214
1>                    FrameworkReferenceName=Microsoft.NETCore.App
1>                    FrameworkReferenceVersion=3.0.0
1>                    FusionName=System.Globalization.Calendars, Version=4.1.1.0, Culture=neutral, PublicKeyToken=b03f5f7f11d50a3a
1>                    ImageRuntime=v4.0.30319
1>                    NuGetPackageId=Microsoft.NETCore.App.Ref
1>                    NuGetPackageVersion=3.0.0
1>                    OriginalItemSpec=C:\Users\hansnguyen\.nuget\packages\microsoft.netcore.app.ref\3.0.0\ref\netcoreapp3.0\System.Globalization.Calendars.dll
1>                    Private=false
1>                    PublicKeyToken=b03f5f7f11d50a3a
1>                    ReferenceSourceTarget=ResolveAssemblyReference
1>                    ResolvedFrom={RawFileName}
1>                    Version=
1>            C:\Users\hansnguyen\.nuget\packages\microsoft.netcore.app.ref\3.0.0\ref\netcoreapp3.0\System.Globalization.dll
1>                    AssemblyVersion=4.1.1.0
1>                    CopyLocal=false
1>                    ExternallyResolved=true
1>                    FileVersion=4.700.19.46214
1>                    FrameworkReferenceName=Microsoft.NETCore.App
1>                    FrameworkReferenceVersion=3.0.0
1>                    FusionName=System.Globalization, Version=4.1.1.0, Culture=neutral, PublicKeyToken=b03f5f7f11d50a3a
1>                    ImageRuntime=v4.0.30319
1>                    NuGetPackageId=Microsoft.NETCore.App.Ref
1>                    NuGetPackageVersion=3.0.0
1>                    OriginalItemSpec=C:\Users\hansnguyen\.nuget\packages\microsoft.netcore.app.ref\3.0.0\ref\netcoreapp3.0\System.Globalization.dll
1>                    Private=false
1>                    PublicKeyToken=b03f5f7f11d50a3a
1>                    ReferenceSourceTarget=ResolveAssemblyReference
1>                    ResolvedFrom={RawFileName}
1>                    Version=
1>            C:\Users\hansnguyen\.nuget\packages\microsoft.netcore.app.ref\3.0.0\ref\netcoreapp3.0\System.Globalization.Extensions.dll
1>                    AssemblyVersion=4.1.1.0
1>                    CopyLocal=false
1>                    ExternallyResolved=true
1>                    FileVersion=4.700.19.46214
1>                    FrameworkReferenceName=Microsoft.NETCore.App
1>                    FrameworkReferenceVersion=3.0.0
1>                    FusionName=System.Globalization.Extensions, Version=4.1.1.0, Culture=neutral, PublicKeyToken=b03f5f7f11d50a3a
1>                    ImageRuntime=v4.0.30319
1>                    NuGetPackageId=Microsoft.NETCore.App.Ref
1>                    NuGetPackageVersion=3.0.0
1>                    OriginalItemSpec=C:\Users\hansnguyen\.nuget\packages\microsoft.netcore.app.ref\3.0.0\ref\netcoreapp3.0\System.Globalization.Extensions.dll
1>                    Private=false
1>                    PublicKeyToken=b03f5f7f11d50a3a
1>                    ReferenceSourceTarget=ResolveAssemblyReference
1>                    ResolvedFrom={RawFileName}
1>                    Version=
1>            C:\Users\hansnguyen\.nuget\packages\microsoft.netcore.app.ref\3.0.0\ref\netcoreapp3.0\System.IO.Compression.Brotli.dll
1>                    AssemblyVersion=4.2.1.0
1>                    CopyLocal=false
1>                    ExternallyResolved=true
1>                    FileVersion=4.700.19.46214
1>                    FrameworkReferenceName=Microsoft.NETCore.App
1>                    FrameworkReferenceVersion=3.0.0
1>                    FusionName=System.IO.Compression.Brotli, Version=4.2.1.0, Culture=neutral, PublicKeyToken=b77a5c561934e089
1>                    ImageRuntime=v4.0.30319
1>                    NuGetPackageId=Microsoft.NETCore.App.Ref
1>                    NuGetPackageVersion=3.0.0
1>                    OriginalItemSpec=C:\Users\hansnguyen\.nuget\packages\microsoft.netcore.app.ref\3.0.0\ref\netcoreapp3.0\System.IO.Compression.Brotli.dll
1>                    Private=false
1>                    PublicKeyToken=b77a5c561934e089
1>                    ReferenceSourceTarget=ResolveAssemblyReference
1>                    ResolvedFrom={RawFileName}
1>                    Version=
1>            C:\Users\hansnguyen\.nuget\packages\microsoft.netcore.app.ref\3.0.0\ref\netcoreapp3.0\System.IO.Compression.dll
1>                    AssemblyVersion=4.2.1.0
1>                    CopyLocal=false
1>                    ExternallyResolved=true
1>                    FileVersion=4.700.19.46214
1>                    FrameworkReferenceName=Microsoft.NETCore.App
1>                    FrameworkReferenceVersion=3.0.0
1>                    FusionName=System.IO.Compression, Version=4.2.1.0, Culture=neutral, PublicKeyToken=b77a5c561934e089
1>                    ImageRuntime=v4.0.30319
1>                    NuGetPackageId=Microsoft.NETCore.App.Ref
1>                    NuGetPackageVersion=3.0.0
1>                    OriginalItemSpec=C:\Users\hansnguyen\.nuget\packages\microsoft.netcore.app.ref\3.0.0\ref\netcoreapp3.0\System.IO.Compression.dll
1>                    Private=false
1>                    PublicKeyToken=b77a5c561934e089
1>                    ReferenceSourceTarget=ResolveAssemblyReference
1>                    ResolvedFrom={RawFileName}
1>                    Version=
1>            C:\Users\hansnguyen\.nuget\packages\microsoft.netcore.app.ref\3.0.0\ref\netcoreapp3.0\System.IO.Compression.FileSystem.dll
1>                    AssemblyVersion=4.0.0.0
1>                    CopyLocal=false
1>                    ExternallyResolved=true
1>                    FileVersion=4.700.19.46214
1>                    FrameworkReferenceName=Microsoft.NETCore.App
1>                    FrameworkReferenceVersion=3.0.0
1>                    FusionName=System.IO.Compression.FileSystem, Version=4.0.0.0, Culture=neutral, PublicKeyToken=b77a5c561934e089
1>                    ImageRuntime=v4.0.30319
1>                    NuGetPackageId=Microsoft.NETCore.App.Ref
1>                    NuGetPackageVersion=3.0.0
1>                    OriginalItemSpec=C:\Users\hansnguyen\.nuget\packages\microsoft.netcore.app.ref\3.0.0\ref\netcoreapp3.0\System.IO.Compression.FileSystem.dll
1>                    Private=false
1>                    PublicKeyToken=b77a5c561934e089
1>                    ReferenceSourceTarget=ResolveAssemblyReference
1>                    ResolvedFrom={RawFileName}
1>                    Version=
1>            C:\Users\hansnguyen\.nuget\packages\microsoft.netcore.app.ref\3.0.0\ref\netcoreapp3.0\System.IO.Compression.ZipFile.dll
1>                    AssemblyVersion=4.0.4.0
1>                    CopyLocal=false
1>                    ExternallyResolved=true
1>                    FileVersion=4.700.19.46214
1>                    FrameworkReferenceName=Microsoft.NETCore.App
1>                    FrameworkReferenceVersion=3.0.0
1>                    FusionName=System.IO.Compression.ZipFile, Version=4.0.4.0, Culture=neutral, PublicKeyToken=b77a5c561934e089
1>                    ImageRuntime=v4.0.30319
1>                    NuGetPackageId=Microsoft.NETCore.App.Ref
1>                    NuGetPackageVersion=3.0.0
1>                    OriginalItemSpec=C:\Users\hansnguyen\.nuget\packages\microsoft.netcore.app.ref\3.0.0\ref\netcoreapp3.0\System.IO.Compression.ZipFile.dll
1>                    Private=false
1>                    PublicKeyToken=b77a5c561934e089
1>                    ReferenceSourceTarget=ResolveAssemblyReference
1>                    ResolvedFrom={RawFileName}
1>                    Version=
1>            C:\Users\hansnguyen\.nuget\packages\microsoft.netcore.app.ref\3.0.0\ref\netcoreapp3.0\System.IO.dll
1>                    AssemblyVersion=4.2.1.0
1>                    CopyLocal=false
1>                    ExternallyResolved=true
1>                    FileVersion=4.700.19.46214
1>                    FrameworkReferenceName=Microsoft.NETCore.App
1>                    FrameworkReferenceVersion=3.0.0
1>                    FusionName=System.IO, Version=4.2.1.0, Culture=neutral, PublicKeyToken=b03f5f7f11d50a3a
1>                    ImageRuntime=v4.0.30319
1>                    NuGetPackageId=Microsoft.NETCore.App.Ref
1>                    NuGetPackageVersion=3.0.0
1>                    OriginalItemSpec=C:\Users\hansnguyen\.nuget\packages\microsoft.netcore.app.ref\3.0.0\ref\netcoreapp3.0\System.IO.dll
1>                    Private=false
1>                    PublicKeyToken=b03f5f7f11d50a3a
1>                    ReferenceSourceTarget=ResolveAssemblyReference
1>                    ResolvedFrom={RawFileName}
1>                    Version=
1>            C:\Users\hansnguyen\.nuget\packages\microsoft.windowsdesktop.app.ref\3.0.0\ref\netcoreapp3.0\System.IO.FileSystem.AccessControl.dll
1>                    AssemblyVersion=4.0.4.0
1>                    CopyLocal=false
1>                    ExternallyResolved=true
1>                    FileVersion=4.700.19.46214
1>                    FrameworkReferenceName=Microsoft.WindowsDesktop.App.WPF
1>                    FrameworkReferenceVersion=3.0.0
1>                    FusionName=System.IO.FileSystem.AccessControl, Version=4.0.4.0, Culture=neutral, PublicKeyToken=b03f5f7f11d50a3a
1>                    ImageRuntime=v4.0.30319
1>                    NuGetPackageId=Microsoft.WindowsDesktop.App.Ref
1>                    NuGetPackageVersion=3.0.0
1>                    OriginalItemSpec=C:\Users\hansnguyen\.nuget\packages\microsoft.windowsdesktop.app.ref\3.0.0\ref\netcoreapp3.0\System.IO.FileSystem.AccessControl.dll
1>                    Private=false
1>                    PublicKeyToken=b03f5f7f11d50a3a
1>                    ReferenceSourceTarget=ResolveAssemblyReference
1>                    ResolvedFrom={RawFileName}
1>                    Version=
1>            C:\Users\hansnguyen\.nuget\packages\microsoft.netcore.app.ref\3.0.0\ref\netcoreapp3.0\System.IO.FileSystem.dll
1>                    AssemblyVersion=4.1.1.0
1>                    CopyLocal=false
1>                    ExternallyResolved=true
1>                    FileVersion=4.700.19.46214
1>                    FrameworkReferenceName=Microsoft.NETCore.App
1>                    FrameworkReferenceVersion=3.0.0
1>                    FusionName=System.IO.FileSystem, Version=4.1.1.0, Culture=neutral, PublicKeyToken=b03f5f7f11d50a3a
1>                    ImageRuntime=v4.0.30319
1>                    NuGetPackageId=Microsoft.NETCore.App.Ref
1>                    NuGetPackageVersion=3.0.0
1>                    OriginalItemSpec=C:\Users\hansnguyen\.nuget\packages\microsoft.netcore.app.ref\3.0.0\ref\netcoreapp3.0\System.IO.FileSystem.dll
1>                    Private=false
1>                    PublicKeyToken=b03f5f7f11d50a3a
1>                    ReferenceSourceTarget=ResolveAssemblyReference
1>                    ResolvedFrom={RawFileName}
1>                    Version=
1>            C:\Users\hansnguyen\.nuget\packages\microsoft.netcore.app.ref\3.0.0\ref\netcoreapp3.0\System.IO.FileSystem.DriveInfo.dll
1>                    AssemblyVersion=4.1.1.0
1>                    CopyLocal=false
1>                    ExternallyResolved=true
1>                    FileVersion=4.700.19.46214
1>                    FrameworkReferenceName=Microsoft.NETCore.App
1>                    FrameworkReferenceVersion=3.0.0
1>                    FusionName=System.IO.FileSystem.DriveInfo, Version=4.1.1.0, Culture=neutral, PublicKeyToken=b03f5f7f11d50a3a
1>                    ImageRuntime=v4.0.30319
1>                    NuGetPackageId=Microsoft.NETCore.App.Ref
1>                    NuGetPackageVersion=3.0.0
1>                    OriginalItemSpec=C:\Users\hansnguyen\.nuget\packages\microsoft.netcore.app.ref\3.0.0\ref\netcoreapp3.0\System.IO.FileSystem.DriveInfo.dll
1>                    Private=false
1>                    PublicKeyToken=b03f5f7f11d50a3a
1>                    ReferenceSourceTarget=ResolveAssemblyReference
1>                    ResolvedFrom={RawFileName}
1>                    Version=
1>            C:\Users\hansnguyen\.nuget\packages\microsoft.netcore.app.ref\3.0.0\ref\netcoreapp3.0\System.IO.FileSystem.Primitives.dll
1>                    AssemblyVersion=4.1.1.0
1>                    CopyLocal=false
1>                    ExternallyResolved=true
1>                    FileVersion=4.700.19.46214
1>                    FrameworkReferenceName=Microsoft.NETCore.App
1>                    FrameworkReferenceVersion=3.0.0
1>                    FusionName=System.IO.FileSystem.Primitives, Version=4.1.1.0, Culture=neutral, PublicKeyToken=b03f5f7f11d50a3a
1>                    ImageRuntime=v4.0.30319
1>                    NuGetPackageId=Microsoft.NETCore.App.Ref
1>                    NuGetPackageVersion=3.0.0
1>                    OriginalItemSpec=C:\Users\hansnguyen\.nuget\packages\microsoft.netcore.app.ref\3.0.0\ref\netcoreapp3.0\System.IO.FileSystem.Primitives.dll
1>                    Private=false
1>                    PublicKeyToken=b03f5f7f11d50a3a
1>                    ReferenceSourceTarget=ResolveAssemblyReference
1>                    ResolvedFrom={RawFileName}
1>                    Version=
1>            C:\Users\hansnguyen\.nuget\packages\microsoft.netcore.app.ref\3.0.0\ref\netcoreapp3.0\System.IO.FileSystem.Watcher.dll
1>                    AssemblyVersion=4.1.1.0
1>                    CopyLocal=false
1>                    ExternallyResolved=true
1>                    FileVersion=4.700.19.46214
1>                    FrameworkReferenceName=Microsoft.NETCore.App
1>                    FrameworkReferenceVersion=3.0.0
1>                    FusionName=System.IO.FileSystem.Watcher, Version=4.1.1.0, Culture=neutral, PublicKeyToken=b03f5f7f11d50a3a
1>                    ImageRuntime=v4.0.30319
1>                    NuGetPackageId=Microsoft.NETCore.App.Ref
1>                    NuGetPackageVersion=3.0.0
1>                    OriginalItemSpec=C:\Users\hansnguyen\.nuget\packages\microsoft.netcore.app.ref\3.0.0\ref\netcoreapp3.0\System.IO.FileSystem.Watcher.dll
1>                    Private=false
1>                    PublicKeyToken=b03f5f7f11d50a3a
1>                    ReferenceSourceTarget=ResolveAssemblyReference
1>                    ResolvedFrom={RawFileName}
1>                    Version=
1>            C:\Users\hansnguyen\.nuget\packages\microsoft.netcore.app.ref\3.0.0\ref\netcoreapp3.0\System.IO.IsolatedStorage.dll
1>                    AssemblyVersion=4.1.1.0
1>                    CopyLocal=false
1>                    ExternallyResolved=true
1>                    FileVersion=4.700.19.46214
1>                    FrameworkReferenceName=Microsoft.NETCore.App
1>                    FrameworkReferenceVersion=3.0.0
1>                    FusionName=System.IO.IsolatedStorage, Version=4.1.1.0, Culture=neutral, PublicKeyToken=b03f5f7f11d50a3a
1>                    ImageRuntime=v4.0.30319
1>                    NuGetPackageId=Microsoft.NETCore.App.Ref
1>                    NuGetPackageVersion=3.0.0
1>                    OriginalItemSpec=C:\Users\hansnguyen\.nuget\packages\microsoft.netcore.app.ref\3.0.0\ref\netcoreapp3.0\System.IO.IsolatedStorage.dll
1>                    Private=false
1>                    PublicKeyToken=b03f5f7f11d50a3a
1>                    ReferenceSourceTarget=ResolveAssemblyReference
1>                    ResolvedFrom={RawFileName}
1>                    Version=
1>            C:\Users\hansnguyen\.nuget\packages\microsoft.netcore.app.ref\3.0.0\ref\netcoreapp3.0\System.IO.MemoryMappedFiles.dll
1>                    AssemblyVersion=4.1.1.0
1>                    CopyLocal=false
1>                    ExternallyResolved=true
1>                    FileVersion=4.700.19.46214
1>                    FrameworkReferenceName=Microsoft.NETCore.App
1>                    FrameworkReferenceVersion=3.0.0
1>                    FusionName=System.IO.MemoryMappedFiles, Version=4.1.1.0, Culture=neutral, PublicKeyToken=b03f5f7f11d50a3a
1>                    ImageRuntime=v4.0.30319
1>                    NuGetPackageId=Microsoft.NETCore.App.Ref
1>                    NuGetPackageVersion=3.0.0
1>                    OriginalItemSpec=C:\Users\hansnguyen\.nuget\packages\microsoft.netcore.app.ref\3.0.0\ref\netcoreapp3.0\System.IO.MemoryMappedFiles.dll
1>                    Private=false
1>                    PublicKeyToken=b03f5f7f11d50a3a
1>                    ReferenceSourceTarget=ResolveAssemblyReference
1>                    ResolvedFrom={RawFileName}
1>                    Version=
1>            C:\Users\hansnguyen\.nuget\packages\microsoft.windowsdesktop.app.ref\3.0.0\ref\netcoreapp3.0\System.IO.Packaging.dll
1>                    AssemblyVersion=4.0.4.0
1>                    CopyLocal=false
1>                    ExternallyResolved=true
1>                    FileVersion=4.700.19.46214
1>                    FrameworkReferenceName=Microsoft.WindowsDesktop.App.WPF
1>                    FrameworkReferenceVersion=3.0.0
1>                    FusionName=System.IO.Packaging, Version=4.0.4.0, Culture=neutral, PublicKeyToken=b03f5f7f11d50a3a
1>                    ImageRuntime=v4.0.30319
1>                    NuGetPackageId=Microsoft.WindowsDesktop.App.Ref
1>                    NuGetPackageVersion=3.0.0
1>                    OriginalItemSpec=C:\Users\hansnguyen\.nuget\packages\microsoft.windowsdesktop.app.ref\3.0.0\ref\netcoreapp3.0\System.IO.Packaging.dll
1>                    Private=false
1>                    PublicKeyToken=b03f5f7f11d50a3a
1>                    ReferenceSourceTarget=ResolveAssemblyReference
1>                    ResolvedFrom={RawFileName}
1>                    Version=
1>            C:\Users\hansnguyen\.nuget\packages\microsoft.windowsdesktop.app.ref\3.0.0\ref\netcoreapp3.0\System.IO.Pipes.AccessControl.dll
1>                    AssemblyVersion=4.0.3.0
1>                    CopyLocal=false
1>                    ExternallyResolved=true
1>                    FileVersion=4.6.26606.5
1>                    FrameworkReferenceName=Microsoft.WindowsDesktop.App.WPF
1>                    FrameworkReferenceVersion=3.0.0
1>                    FusionName=System.IO.Pipes.AccessControl, Version=4.0.3.0, Culture=neutral, PublicKeyToken=b03f5f7f11d50a3a
1>                    ImageRuntime=v4.0.30319
1>                    NuGetPackageId=Microsoft.WindowsDesktop.App.Ref
1>                    NuGetPackageVersion=3.0.0
1>                    OriginalItemSpec=C:\Users\hansnguyen\.nuget\packages\microsoft.windowsdesktop.app.ref\3.0.0\ref\netcoreapp3.0\System.IO.Pipes.AccessControl.dll
1>                    Private=false
1>                    PublicKeyToken=b03f5f7f11d50a3a
1>                    ReferenceSourceTarget=ResolveAssemblyReference
1>                    ResolvedFrom={RawFileName}
1>                    Version=
1>            C:\Users\hansnguyen\.nuget\packages\microsoft.netcore.app.ref\3.0.0\ref\netcoreapp3.0\System.IO.Pipes.dll
1>                    AssemblyVersion=4.1.1.0
1>                    CopyLocal=false
1>                    ExternallyResolved=true
1>                    FileVersion=4.700.19.46214
1>                    FrameworkReferenceName=Microsoft.NETCore.App
1>                    FrameworkReferenceVersion=3.0.0
1>                    FusionName=System.IO.Pipes, Version=4.1.1.0, Culture=neutral, PublicKeyToken=b03f5f7f11d50a3a
1>                    ImageRuntime=v4.0.30319
1>                    NuGetPackageId=Microsoft.NETCore.App.Ref
1>                    NuGetPackageVersion=3.0.0
1>                    OriginalItemSpec=C:\Users\hansnguyen\.nuget\packages\microsoft.netcore.app.ref\3.0.0\ref\netcoreapp3.0\System.IO.Pipes.dll
1>                    Private=false
1>                    PublicKeyToken=b03f5f7f11d50a3a
1>                    ReferenceSourceTarget=ResolveAssemblyReference
1>                    ResolvedFrom={RawFileName}
1>                    Version=
1>            C:\Users\hansnguyen\.nuget\packages\microsoft.netcore.app.ref\3.0.0\ref\netcoreapp3.0\System.IO.UnmanagedMemoryStream.dll
1>                    AssemblyVersion=4.1.1.0
1>                    CopyLocal=false
1>                    ExternallyResolved=true
1>                    FileVersion=4.700.19.46214
1>                    FrameworkReferenceName=Microsoft.NETCore.App
1>                    FrameworkReferenceVersion=3.0.0
1>                    FusionName=System.IO.UnmanagedMemoryStream, Version=4.1.1.0, Culture=neutral, PublicKeyToken=b03f5f7f11d50a3a
1>                    ImageRuntime=v4.0.30319
1>                    NuGetPackageId=Microsoft.NETCore.App.Ref
1>                    NuGetPackageVersion=3.0.0
1>                    OriginalItemSpec=C:\Users\hansnguyen\.nuget\packages\microsoft.netcore.app.ref\3.0.0\ref\netcoreapp3.0\System.IO.UnmanagedMemoryStream.dll
1>                    Private=false
1>                    PublicKeyToken=b03f5f7f11d50a3a
1>                    ReferenceSourceTarget=ResolveAssemblyReference
1>                    ResolvedFrom={RawFileName}
1>                    Version=
1>            C:\Users\hansnguyen\.nuget\packages\microsoft.netcore.app.ref\3.0.0\ref\netcoreapp3.0\System.Linq.dll
1>                    AssemblyVersion=4.2.1.0
1>                    CopyLocal=false
1>                    ExternallyResolved=true
1>                    FileVersion=4.700.19.46214
1>                    FrameworkReferenceName=Microsoft.NETCore.App
1>                    FrameworkReferenceVersion=3.0.0
1>                    FusionName=System.Linq, Version=4.2.1.0, Culture=neutral, PublicKeyToken=b03f5f7f11d50a3a
1>                    ImageRuntime=v4.0.30319
1>                    NuGetPackageId=Microsoft.NETCore.App.Ref
1>                    NuGetPackageVersion=3.0.0
1>                    OriginalItemSpec=C:\Users\hansnguyen\.nuget\packages\microsoft.netcore.app.ref\3.0.0\ref\netcoreapp3.0\System.Linq.dll
1>                    Private=false
1>                    PublicKeyToken=b03f5f7f11d50a3a
1>                    ReferenceSourceTarget=ResolveAssemblyReference
1>                    ResolvedFrom={RawFileName}
1>                    Version=
1>            C:\Users\hansnguyen\.nuget\packages\microsoft.netcore.app.ref\3.0.0\ref\netcoreapp3.0\System.Linq.Expressions.dll
1>                    AssemblyVersion=4.2.1.0
1>                    CopyLocal=false
1>                    ExternallyResolved=true
1>                    FileVersion=4.700.19.46214
1>                    FrameworkReferenceName=Microsoft.NETCore.App
1>                    FrameworkReferenceVersion=3.0.0
1>                    FusionName=System.Linq.Expressions, Version=4.2.1.0, Culture=neutral, PublicKeyToken=b03f5f7f11d50a3a
1>                    ImageRuntime=v4.0.30319
1>                    NuGetPackageId=Microsoft.NETCore.App.Ref
1>                    NuGetPackageVersion=3.0.0
1>                    OriginalItemSpec=C:\Users\hansnguyen\.nuget\packages\microsoft.netcore.app.ref\3.0.0\ref\netcoreapp3.0\System.Linq.Expressions.dll
1>                    Private=false
1>                    PublicKeyToken=b03f5f7f11d50a3a
1>                    ReferenceSourceTarget=ResolveAssemblyReference
1>                    ResolvedFrom={RawFileName}
1>                    Version=
1>            C:\Users\hansnguyen\.nuget\packages\microsoft.netcore.app.ref\3.0.0\ref\netcoreapp3.0\System.Linq.Parallel.dll
1>                    AssemblyVersion=4.0.3.0
1>                    CopyLocal=false
1>                    ExternallyResolved=true
1>                    FileVersion=4.700.19.46214
1>                    FrameworkReferenceName=Microsoft.NETCore.App
1>                    FrameworkReferenceVersion=3.0.0
1>                    FusionName=System.Linq.Parallel, Version=4.0.3.0, Culture=neutral, PublicKeyToken=b03f5f7f11d50a3a
1>                    ImageRuntime=v4.0.30319
1>                    NuGetPackageId=Microsoft.NETCore.App.Ref
1>                    NuGetPackageVersion=3.0.0
1>                    OriginalItemSpec=C:\Users\hansnguyen\.nuget\packages\microsoft.netcore.app.ref\3.0.0\ref\netcoreapp3.0\System.Linq.Parallel.dll
1>                    Private=false
1>                    PublicKeyToken=b03f5f7f11d50a3a
1>                    ReferenceSourceTarget=ResolveAssemblyReference
1>                    ResolvedFrom={RawFileName}
1>                    Version=
1>            C:\Users\hansnguyen\.nuget\packages\microsoft.netcore.app.ref\3.0.0\ref\netcoreapp3.0\System.Linq.Queryable.dll
1>                    AssemblyVersion=4.0.3.0
1>                    CopyLocal=false
1>                    ExternallyResolved=true
1>                    FileVersion=4.700.19.46214
1>                    FrameworkReferenceName=Microsoft.NETCore.App
1>                    FrameworkReferenceVersion=3.0.0
1>                    FusionName=System.Linq.Queryable, Version=4.0.3.0, Culture=neutral, PublicKeyToken=b03f5f7f11d50a3a
1>                    ImageRuntime=v4.0.30319
1>                    NuGetPackageId=Microsoft.NETCore.App.Ref
1>                    NuGetPackageVersion=3.0.0
1>                    OriginalItemSpec=C:\Users\hansnguyen\.nuget\packages\microsoft.netcore.app.ref\3.0.0\ref\netcoreapp3.0\System.Linq.Queryable.dll
1>                    Private=false
1>                    PublicKeyToken=b03f5f7f11d50a3a
1>                    ReferenceSourceTarget=ResolveAssemblyReference
1>                    ResolvedFrom={RawFileName}
1>                    Version=
1>            C:\Users\hansnguyen\.nuget\packages\microsoft.netcore.app.ref\3.0.0\ref\netcoreapp3.0\System.Memory.dll
1>                    AssemblyVersion=4.2.0.0
1>                    CopyLocal=false
1>                    ExternallyResolved=true
1>                    FileVersion=4.700.19.46214
1>                    FrameworkReferenceName=Microsoft.NETCore.App
1>                    FrameworkReferenceVersion=3.0.0
1>                    FusionName=System.Memory, Version=4.2.0.0, Culture=neutral, PublicKeyToken=cc7b13ffcd2ddd51
1>                    ImageRuntime=v4.0.30319
1>                    NuGetPackageId=Microsoft.NETCore.App.Ref
1>                    NuGetPackageVersion=3.0.0
1>                    OriginalItemSpec=C:\Users\hansnguyen\.nuget\packages\microsoft.netcore.app.ref\3.0.0\ref\netcoreapp3.0\System.Memory.dll
1>                    Private=false
1>                    PublicKeyToken=cc7b13ffcd2ddd51
1>                    ReferenceSourceTarget=ResolveAssemblyReference
1>                    ResolvedFrom={RawFileName}
1>                    Version=
1>            C:\Users\hansnguyen\.nuget\packages\microsoft.netcore.app.ref\3.0.0\ref\netcoreapp3.0\System.Net.dll
1>                    AssemblyVersion=4.0.0.0
1>                    CopyLocal=false
1>                    ExternallyResolved=true
1>                    FileVersion=4.700.19.46214
1>                    FrameworkReferenceName=Microsoft.NETCore.App
1>                    FrameworkReferenceVersion=3.0.0
1>                    FusionName=System.Net, Version=4.0.0.0, Culture=neutral, PublicKeyToken=b03f5f7f11d50a3a
1>                    ImageRuntime=v4.0.30319
1>                    NuGetPackageId=Microsoft.NETCore.App.Ref
1>                    NuGetPackageVersion=3.0.0
1>                    OriginalItemSpec=C:\Users\hansnguyen\.nuget\packages\microsoft.netcore.app.ref\3.0.0\ref\netcoreapp3.0\System.Net.dll
1>                    Private=false
1>                    PublicKeyToken=b03f5f7f11d50a3a
1>                    ReferenceSourceTarget=ResolveAssemblyReference
1>                    ResolvedFrom={RawFileName}
1>                    Version=
1>            C:\Users\hansnguyen\.nuget\packages\microsoft.netcore.app.ref\3.0.0\ref\netcoreapp3.0\System.Net.Http.dll
1>                    AssemblyVersion=4.2.1.0
1>                    CopyLocal=false
1>                    ExternallyResolved=true
1>                    FileVersion=4.700.19.46214
1>                    FrameworkReferenceName=Microsoft.NETCore.App
1>                    FrameworkReferenceVersion=3.0.0
1>                    FusionName=System.Net.Http, Version=4.2.1.0, Culture=neutral, PublicKeyToken=b03f5f7f11d50a3a
1>                    ImageRuntime=v4.0.30319
1>                    NuGetPackageId=Microsoft.NETCore.App.Ref
1>                    NuGetPackageVersion=3.0.0
1>                    OriginalItemSpec=C:\Users\hansnguyen\.nuget\packages\microsoft.netcore.app.ref\3.0.0\ref\netcoreapp3.0\System.Net.Http.dll
1>                    Private=false
1>                    PublicKeyToken=b03f5f7f11d50a3a
1>                    ReferenceSourceTarget=ResolveAssemblyReference
1>                    ResolvedFrom={RawFileName}
1>                    Version=
1>            C:\Users\hansnguyen\.nuget\packages\microsoft.netcore.app.ref\3.0.0\ref\netcoreapp3.0\System.Net.HttpListener.dll
1>                    AssemblyVersion=4.0.1.0
1>                    CopyLocal=false
1>                    ExternallyResolved=true
1>                    FileVersion=4.700.19.46214
1>                    FrameworkReferenceName=Microsoft.NETCore.App
1>                    FrameworkReferenceVersion=3.0.0
1>                    FusionName=System.Net.HttpListener, Version=4.0.1.0, Culture=neutral, PublicKeyToken=cc7b13ffcd2ddd51
1>                    ImageRuntime=v4.0.30319
1>                    NuGetPackageId=Microsoft.NETCore.App.Ref
1>                    NuGetPackageVersion=3.0.0
1>                    OriginalItemSpec=C:\Users\hansnguyen\.nuget\packages\microsoft.netcore.app.ref\3.0.0\ref\netcoreapp3.0\System.Net.HttpListener.dll
1>                    Private=false
1>                    PublicKeyToken=cc7b13ffcd2ddd51
1>                    ReferenceSourceTarget=ResolveAssemblyReference
1>                    ResolvedFrom={RawFileName}
1>                    Version=
1>            C:\Users\hansnguyen\.nuget\packages\microsoft.netcore.app.ref\3.0.0\ref\netcoreapp3.0\System.Net.Mail.dll
1>                    AssemblyVersion=4.0.1.0
1>                    CopyLocal=false
1>                    ExternallyResolved=true
1>                    FileVersion=4.700.19.46214
1>                    FrameworkReferenceName=Microsoft.NETCore.App
1>                    FrameworkReferenceVersion=3.0.0
1>                    FusionName=System.Net.Mail, Version=4.0.1.0, Culture=neutral, PublicKeyToken=cc7b13ffcd2ddd51
1>                    ImageRuntime=v4.0.30319
1>                    NuGetPackageId=Microsoft.NETCore.App.Ref
1>                    NuGetPackageVersion=3.0.0
1>                    OriginalItemSpec=C:\Users\hansnguyen\.nuget\packages\microsoft.netcore.app.ref\3.0.0\ref\netcoreapp3.0\System.Net.Mail.dll
1>                    Private=false
1>                    PublicKeyToken=cc7b13ffcd2ddd51
1>                    ReferenceSourceTarget=ResolveAssemblyReference
1>                    ResolvedFrom={RawFileName}
1>                    Version=
1>            C:\Users\hansnguyen\.nuget\packages\microsoft.netcore.app.ref\3.0.0\ref\netcoreapp3.0\System.Net.NameResolution.dll
1>                    AssemblyVersion=4.1.1.0
1>                    CopyLocal=false
1>                    ExternallyResolved=true
1>                    FileVersion=4.700.19.46214
1>                    FrameworkReferenceName=Microsoft.NETCore.App
1>                    FrameworkReferenceVersion=3.0.0
1>                    FusionName=System.Net.NameResolution, Version=4.1.1.0, Culture=neutral, PublicKeyToken=b03f5f7f11d50a3a
1>                    ImageRuntime=v4.0.30319
1>                    NuGetPackageId=Microsoft.NETCore.App.Ref
1>                    NuGetPackageVersion=3.0.0
1>                    OriginalItemSpec=C:\Users\hansnguyen\.nuget\packages\microsoft.netcore.app.ref\3.0.0\ref\netcoreapp3.0\System.Net.NameResolution.dll
1>                    Private=false
1>                    PublicKeyToken=b03f5f7f11d50a3a
1>                    ReferenceSourceTarget=ResolveAssemblyReference
1>                    ResolvedFrom={RawFileName}
1>                    Version=
1>            C:\Users\hansnguyen\.nuget\packages\microsoft.netcore.app.ref\3.0.0\ref\netcoreapp3.0\System.Net.NetworkInformation.dll
1>                    AssemblyVersion=4.2.1.0
1>                    CopyLocal=false
1>                    ExternallyResolved=true
1>                    FileVersion=4.700.19.46214
1>                    FrameworkReferenceName=Microsoft.NETCore.App
1>                    FrameworkReferenceVersion=3.0.0
1>                    FusionName=System.Net.NetworkInformation, Version=4.2.1.0, Culture=neutral, PublicKeyToken=b03f5f7f11d50a3a
1>                    ImageRuntime=v4.0.30319
1>                    NuGetPackageId=Microsoft.NETCore.App.Ref
1>                    NuGetPackageVersion=3.0.0
1>                    OriginalItemSpec=C:\Users\hansnguyen\.nuget\packages\microsoft.netcore.app.ref\3.0.0\ref\netcoreapp3.0\System.Net.NetworkInformation.dll
1>                    Private=false
1>                    PublicKeyToken=b03f5f7f11d50a3a
1>                    ReferenceSourceTarget=ResolveAssemblyReference
1>                    ResolvedFrom={RawFileName}
1>                    Version=
1>            C:\Users\hansnguyen\.nuget\packages\microsoft.netcore.app.ref\3.0.0\ref\netcoreapp3.0\System.Net.Ping.dll
1>                    AssemblyVersion=4.1.1.0
1>                    CopyLocal=false
1>                    ExternallyResolved=true
1>                    FileVersion=4.700.19.46214
1>                    FrameworkReferenceName=Microsoft.NETCore.App
1>                    FrameworkReferenceVersion=3.0.0
1>                    FusionName=System.Net.Ping, Version=4.1.1.0, Culture=neutral, PublicKeyToken=b03f5f7f11d50a3a
1>                    ImageRuntime=v4.0.30319
1>                    NuGetPackageId=Microsoft.NETCore.App.Ref
1>                    NuGetPackageVersion=3.0.0
1>                    OriginalItemSpec=C:\Users\hansnguyen\.nuget\packages\microsoft.netcore.app.ref\3.0.0\ref\netcoreapp3.0\System.Net.Ping.dll
1>                    Private=false
1>                    PublicKeyToken=b03f5f7f11d50a3a
1>                    ReferenceSourceTarget=ResolveAssemblyReference
1>                    ResolvedFrom={RawFileName}
1>                    Version=
1>            C:\Users\hansnguyen\.nuget\packages\microsoft.netcore.app.ref\3.0.0\ref\netcoreapp3.0\System.Net.Primitives.dll
1>                    AssemblyVersion=4.1.1.0
1>                    CopyLocal=false
1>                    ExternallyResolved=true
1>                    FileVersion=4.700.19.46214
1>                    FrameworkReferenceName=Microsoft.NETCore.App
1>                    FrameworkReferenceVersion=3.0.0
1>                    FusionName=System.Net.Primitives, Version=4.1.1.0, Culture=neutral, PublicKeyToken=b03f5f7f11d50a3a
1>                    ImageRuntime=v4.0.30319
1>                    NuGetPackageId=Microsoft.NETCore.App.Ref
1>                    NuGetPackageVersion=3.0.0
1>                    OriginalItemSpec=C:\Users\hansnguyen\.nuget\packages\microsoft.netcore.app.ref\3.0.0\ref\netcoreapp3.0\System.Net.Primitives.dll
1>                    Private=false
1>                    PublicKeyToken=b03f5f7f11d50a3a
1>                    ReferenceSourceTarget=ResolveAssemblyReference
1>                    ResolvedFrom={RawFileName}
1>                    Version=
1>            C:\Users\hansnguyen\.nuget\packages\microsoft.netcore.app.ref\3.0.0\ref\netcoreapp3.0\System.Net.Requests.dll
1>                    AssemblyVersion=4.1.1.0
1>                    CopyLocal=false
1>                    ExternallyResolved=true
1>                    FileVersion=4.700.19.46214
1>                    FrameworkReferenceName=Microsoft.NETCore.App
1>                    FrameworkReferenceVersion=3.0.0
1>                    FusionName=System.Net.Requests, Version=4.1.1.0, Culture=neutral, PublicKeyToken=b03f5f7f11d50a3a
1>                    ImageRuntime=v4.0.30319
1>                    NuGetPackageId=Microsoft.NETCore.App.Ref
1>                    NuGetPackageVersion=3.0.0
1>                    OriginalItemSpec=C:\Users\hansnguyen\.nuget\packages\microsoft.netcore.app.ref\3.0.0\ref\netcoreapp3.0\System.Net.Requests.dll
1>                    Private=false
1>                    PublicKeyToken=b03f5f7f11d50a3a
1>                    ReferenceSourceTarget=ResolveAssemblyReference
1>                    ResolvedFrom={RawFileName}
1>                    Version=
1>            C:\Users\hansnguyen\.nuget\packages\microsoft.netcore.app.ref\3.0.0\ref\netcoreapp3.0\System.Net.Security.dll
1>                    AssemblyVersion=4.1.1.0
1>                    CopyLocal=false
1>                    ExternallyResolved=true
1>                    FileVersion=4.700.19.46214
1>                    FrameworkReferenceName=Microsoft.NETCore.App
1>                    FrameworkReferenceVersion=3.0.0
1>                    FusionName=System.Net.Security, Version=4.1.1.0, Culture=neutral, PublicKeyToken=b03f5f7f11d50a3a
1>                    ImageRuntime=v4.0.30319
1>                    NuGetPackageId=Microsoft.NETCore.App.Ref
1>                    NuGetPackageVersion=3.0.0
1>                    OriginalItemSpec=C:\Users\hansnguyen\.nuget\packages\microsoft.netcore.app.ref\3.0.0\ref\netcoreapp3.0\System.Net.Security.dll
1>                    Private=false
1>                    PublicKeyToken=b03f5f7f11d50a3a
1>                    ReferenceSourceTarget=ResolveAssemblyReference
1>                    ResolvedFrom={RawFileName}
1>                    Version=
1>            C:\Users\hansnguyen\.nuget\packages\microsoft.netcore.app.ref\3.0.0\ref\netcoreapp3.0\System.Net.ServicePoint.dll
1>                    AssemblyVersion=4.0.1.0
1>                    CopyLocal=false
1>                    ExternallyResolved=true
1>                    FileVersion=4.700.19.46214
1>                    FrameworkReferenceName=Microsoft.NETCore.App
1>                    FrameworkReferenceVersion=3.0.0
1>                    FusionName=System.Net.ServicePoint, Version=4.0.1.0, Culture=neutral, PublicKeyToken=cc7b13ffcd2ddd51
1>                    ImageRuntime=v4.0.30319
1>                    NuGetPackageId=Microsoft.NETCore.App.Ref
1>                    NuGetPackageVersion=3.0.0
1>                    OriginalItemSpec=C:\Users\hansnguyen\.nuget\packages\microsoft.netcore.app.ref\3.0.0\ref\netcoreapp3.0\System.Net.ServicePoint.dll
1>                    Private=false
1>                    PublicKeyToken=cc7b13ffcd2ddd51
1>                    ReferenceSourceTarget=ResolveAssemblyReference
1>                    ResolvedFrom={RawFileName}
1>                    Version=
1>            C:\Users\hansnguyen\.nuget\packages\microsoft.netcore.app.ref\3.0.0\ref\netcoreapp3.0\System.Net.Sockets.dll
1>                    AssemblyVersion=4.2.1.0
1>                    CopyLocal=false
1>                    ExternallyResolved=true
1>                    FileVersion=4.700.19.46214
1>                    FrameworkReferenceName=Microsoft.NETCore.App
1>                    FrameworkReferenceVersion=3.0.0
1>                    FusionName=System.Net.Sockets, Version=4.2.1.0, Culture=neutral, PublicKeyToken=b03f5f7f11d50a3a
1>                    ImageRuntime=v4.0.30319
1>                    NuGetPackageId=Microsoft.NETCore.App.Ref
1>                    NuGetPackageVersion=3.0.0
1>                    OriginalItemSpec=C:\Users\hansnguyen\.nuget\packages\microsoft.netcore.app.ref\3.0.0\ref\netcoreapp3.0\System.Net.Sockets.dll
1>                    Private=false
1>                    PublicKeyToken=b03f5f7f11d50a3a
1>                    ReferenceSourceTarget=ResolveAssemblyReference
1>                    ResolvedFrom={RawFileName}
1>                    Version=
1>            C:\Users\hansnguyen\.nuget\packages\microsoft.netcore.app.ref\3.0.0\ref\netcoreapp3.0\System.Net.WebClient.dll
1>                    AssemblyVersion=4.0.1.0
1>                    CopyLocal=false
1>                    ExternallyResolved=true
1>                    FileVersion=4.700.19.46214
1>                    FrameworkReferenceName=Microsoft.NETCore.App
1>                    FrameworkReferenceVersion=3.0.0
1>                    FusionName=System.Net.WebClient, Version=4.0.1.0, Culture=neutral, PublicKeyToken=cc7b13ffcd2ddd51
1>                    ImageRuntime=v4.0.30319
1>                    NuGetPackageId=Microsoft.NETCore.App.Ref
1>                    NuGetPackageVersion=3.0.0
1>                    OriginalItemSpec=C:\Users\hansnguyen\.nuget\packages\microsoft.netcore.app.ref\3.0.0\ref\netcoreapp3.0\System.Net.WebClient.dll
1>                    Private=false
1>                    PublicKeyToken=cc7b13ffcd2ddd51
1>                    ReferenceSourceTarget=ResolveAssemblyReference
1>                    ResolvedFrom={RawFileName}
1>                    Version=
1>            C:\Users\hansnguyen\.nuget\packages\microsoft.netcore.app.ref\3.0.0\ref\netcoreapp3.0\System.Net.WebHeaderCollection.dll
1>                    AssemblyVersion=4.1.1.0
1>                    CopyLocal=false
1>                    ExternallyResolved=true
1>                    FileVersion=4.700.19.46214
1>                    FrameworkReferenceName=Microsoft.NETCore.App
1>                    FrameworkReferenceVersion=3.0.0
1>                    FusionName=System.Net.WebHeaderCollection, Version=4.1.1.0, Culture=neutral, PublicKeyToken=b03f5f7f11d50a3a
1>                    ImageRuntime=v4.0.30319
1>                    NuGetPackageId=Microsoft.NETCore.App.Ref
1>                    NuGetPackageVersion=3.0.0
1>                    OriginalItemSpec=C:\Users\hansnguyen\.nuget\packages\microsoft.netcore.app.ref\3.0.0\ref\netcoreapp3.0\System.Net.WebHeaderCollection.dll
1>                    Private=false
1>                    PublicKeyToken=b03f5f7f11d50a3a
1>                    ReferenceSourceTarget=ResolveAssemblyReference
1>                    ResolvedFrom={RawFileName}
1>                    Version=
1>            C:\Users\hansnguyen\.nuget\packages\microsoft.netcore.app.ref\3.0.0\ref\netcoreapp3.0\System.Net.WebProxy.dll
1>                    AssemblyVersion=4.0.1.0
1>                    CopyLocal=false
1>                    ExternallyResolved=true
1>                    FileVersion=4.700.19.46214
1>                    FrameworkReferenceName=Microsoft.NETCore.App
1>                    FrameworkReferenceVersion=3.0.0
1>                    FusionName=System.Net.WebProxy, Version=4.0.1.0, Culture=neutral, PublicKeyToken=cc7b13ffcd2ddd51
1>                    ImageRuntime=v4.0.30319
1>                    NuGetPackageId=Microsoft.NETCore.App.Ref
1>                    NuGetPackageVersion=3.0.0
1>                    OriginalItemSpec=C:\Users\hansnguyen\.nuget\packages\microsoft.netcore.app.ref\3.0.0\ref\netcoreapp3.0\System.Net.WebProxy.dll
1>                    Private=false
1>                    PublicKeyToken=cc7b13ffcd2ddd51
1>                    ReferenceSourceTarget=ResolveAssemblyReference
1>                    ResolvedFrom={RawFileName}
1>                    Version=
1>            C:\Users\hansnguyen\.nuget\packages\microsoft.netcore.app.ref\3.0.0\ref\netcoreapp3.0\System.Net.WebSockets.Client.dll
1>                    AssemblyVersion=4.1.1.0
1>                    CopyLocal=false
1>                    ExternallyResolved=true
1>                    FileVersion=4.700.19.46214
1>                    FrameworkReferenceName=Microsoft.NETCore.App
1>                    FrameworkReferenceVersion=3.0.0
1>                    FusionName=System.Net.WebSockets.Client, Version=4.1.1.0, Culture=neutral, PublicKeyToken=b03f5f7f11d50a3a
1>                    ImageRuntime=v4.0.30319
1>                    NuGetPackageId=Microsoft.NETCore.App.Ref
1>                    NuGetPackageVersion=3.0.0
1>                    OriginalItemSpec=C:\Users\hansnguyen\.nuget\packages\microsoft.netcore.app.ref\3.0.0\ref\netcoreapp3.0\System.Net.WebSockets.Client.dll
1>                    Private=false
1>                    PublicKeyToken=b03f5f7f11d50a3a
1>                    ReferenceSourceTarget=ResolveAssemblyReference
1>                    ResolvedFrom={RawFileName}
1>                    Version=
1>            C:\Users\hansnguyen\.nuget\packages\microsoft.netcore.app.ref\3.0.0\ref\netcoreapp3.0\System.Net.WebSockets.dll
1>                    AssemblyVersion=4.1.1.0
1>                    CopyLocal=false
1>                    ExternallyResolved=true
1>                    FileVersion=4.700.19.46214
1>                    FrameworkReferenceName=Microsoft.NETCore.App
1>                    FrameworkReferenceVersion=3.0.0
1>                    FusionName=System.Net.WebSockets, Version=4.1.1.0, Culture=neutral, PublicKeyToken=b03f5f7f11d50a3a
1>                    ImageRuntime=v4.0.30319
1>                    NuGetPackageId=Microsoft.NETCore.App.Ref
1>                    NuGetPackageVersion=3.0.0
1>                    OriginalItemSpec=C:\Users\hansnguyen\.nuget\packages\microsoft.netcore.app.ref\3.0.0\ref\netcoreapp3.0\System.Net.WebSockets.dll
1>                    Private=false
1>                    PublicKeyToken=b03f5f7f11d50a3a
1>                    ReferenceSourceTarget=ResolveAssemblyReference
1>                    ResolvedFrom={RawFileName}
1>                    Version=
1>            C:\Users\hansnguyen\.nuget\packages\microsoft.netcore.app.ref\3.0.0\ref\netcoreapp3.0\System.Numerics.dll
1>                    AssemblyVersion=4.0.0.0
1>                    CopyLocal=false
1>                    ExternallyResolved=true
1>                    FileVersion=4.700.19.46214
1>                    FrameworkReferenceName=Microsoft.NETCore.App
1>                    FrameworkReferenceVersion=3.0.0
1>                    FusionName=System.Numerics, Version=4.0.0.0, Culture=neutral, PublicKeyToken=b77a5c561934e089
1>                    ImageRuntime=v4.0.30319
1>                    NuGetPackageId=Microsoft.NETCore.App.Ref
1>                    NuGetPackageVersion=3.0.0
1>                    OriginalItemSpec=C:\Users\hansnguyen\.nuget\packages\microsoft.netcore.app.ref\3.0.0\ref\netcoreapp3.0\System.Numerics.dll
1>                    Private=false
1>                    PublicKeyToken=b77a5c561934e089
1>                    ReferenceSourceTarget=ResolveAssemblyReference
1>                    ResolvedFrom={RawFileName}
1>                    Version=
1>            C:\Users\hansnguyen\.nuget\packages\microsoft.netcore.app.ref\3.0.0\ref\netcoreapp3.0\System.Numerics.Vectors.dll
1>                    AssemblyVersion=4.1.5.0
1>                    CopyLocal=false
1>                    ExternallyResolved=true
1>                    FileVersion=4.700.19.46214
1>                    FrameworkReferenceName=Microsoft.NETCore.App
1>                    FrameworkReferenceVersion=3.0.0
1>                    FusionName=System.Numerics.Vectors, Version=4.1.5.0, Culture=neutral, PublicKeyToken=b03f5f7f11d50a3a
1>                    ImageRuntime=v4.0.30319
1>                    NuGetPackageId=Microsoft.NETCore.App.Ref
1>                    NuGetPackageVersion=3.0.0
1>                    OriginalItemSpec=C:\Users\hansnguyen\.nuget\packages\microsoft.netcore.app.ref\3.0.0\ref\netcoreapp3.0\System.Numerics.Vectors.dll
1>                    Private=false
1>                    PublicKeyToken=b03f5f7f11d50a3a
1>                    ReferenceSourceTarget=ResolveAssemblyReference
1>                    ResolvedFrom={RawFileName}
1>                    Version=
1>            C:\Users\hansnguyen\.nuget\packages\microsoft.netcore.app.ref\3.0.0\ref\netcoreapp3.0\System.ObjectModel.dll
1>                    AssemblyVersion=4.1.1.0
1>                    CopyLocal=false
1>                    ExternallyResolved=true
1>                    FileVersion=4.700.19.46214
1>                    FrameworkReferenceName=Microsoft.NETCore.App
1>                    FrameworkReferenceVersion=3.0.0
1>                    FusionName=System.ObjectModel, Version=4.1.1.0, Culture=neutral, PublicKeyToken=b03f5f7f11d50a3a
1>                    ImageRuntime=v4.0.30319
1>                    NuGetPackageId=Microsoft.NETCore.App.Ref
1>                    NuGetPackageVersion=3.0.0
1>                    OriginalItemSpec=C:\Users\hansnguyen\.nuget\packages\microsoft.netcore.app.ref\3.0.0\ref\netcoreapp3.0\System.ObjectModel.dll
1>                    Private=false
1>                    PublicKeyToken=b03f5f7f11d50a3a
1>                    ReferenceSourceTarget=ResolveAssemblyReference
1>                    ResolvedFrom={RawFileName}
1>                    Version=
1>            C:\Users\hansnguyen\.nuget\packages\microsoft.windowsdesktop.app.ref\3.0.0\ref\netcoreapp3.0\System.Printing.dll
1>                    AssemblyVersion=4.0.0.0
1>                    CopyLocal=false
1>                    ExternallyResolved=true
1>                    FileVersion=4.800.19.46214
1>                    FrameworkReferenceName=Microsoft.WindowsDesktop.App.WPF
1>                    FrameworkReferenceVersion=3.0.0
1>                    FusionName=System.Printing, Version=4.0.0.0, Culture=neutral, PublicKeyToken=31bf3856ad364e35
1>                    ImageRuntime=v4.0.30319
1>                    NuGetPackageId=Microsoft.WindowsDesktop.App.Ref
1>                    NuGetPackageVersion=3.0.0
1>                    OriginalItemSpec=C:\Users\hansnguyen\.nuget\packages\microsoft.windowsdesktop.app.ref\3.0.0\ref\netcoreapp3.0\System.Printing.dll
1>                    Private=false
1>                    PublicKeyToken=31bf3856ad364e35
1>                    ReferenceSourceTarget=ResolveAssemblyReference
1>                    ResolvedFrom={RawFileName}
1>                    Version=
1>            C:\Users\hansnguyen\.nuget\packages\microsoft.netcore.app.ref\3.0.0\ref\netcoreapp3.0\System.Reflection.DispatchProxy.dll
1>                    AssemblyVersion=4.0.5.0
1>                    CopyLocal=false
1>                    ExternallyResolved=true
1>                    FileVersion=4.700.19.46214
1>                    FrameworkReferenceName=Microsoft.NETCore.App
1>                    FrameworkReferenceVersion=3.0.0
1>                    FusionName=System.Reflection.DispatchProxy, Version=4.0.5.0, Culture=neutral, PublicKeyToken=b03f5f7f11d50a3a
1>                    ImageRuntime=v4.0.30319
1>                    NuGetPackageId=Microsoft.NETCore.App.Ref
1>                    NuGetPackageVersion=3.0.0
1>                    OriginalItemSpec=C:\Users\hansnguyen\.nuget\packages\microsoft.netcore.app.ref\3.0.0\ref\netcoreapp3.0\System.Reflection.DispatchProxy.dll
1>                    Private=false
1>                    PublicKeyToken=b03f5f7f11d50a3a
1>                    ReferenceSourceTarget=ResolveAssemblyReference
1>                    ResolvedFrom={RawFileName}
1>                    Version=
1>            C:\Users\hansnguyen\.nuget\packages\microsoft.netcore.app.ref\3.0.0\ref\netcoreapp3.0\System.Reflection.dll
1>                    AssemblyVersion=4.2.1.0
1>                    CopyLocal=false
1>                    ExternallyResolved=true
1>                    FileVersion=4.700.19.46214
1>                    FrameworkReferenceName=Microsoft.NETCore.App
1>                    FrameworkReferenceVersion=3.0.0
1>                    FusionName=System.Reflection, Version=4.2.1.0, Culture=neutral, PublicKeyToken=b03f5f7f11d50a3a
1>                    ImageRuntime=v4.0.30319
1>                    NuGetPackageId=Microsoft.NETCore.App.Ref
1>                    NuGetPackageVersion=3.0.0
1>                    OriginalItemSpec=C:\Users\hansnguyen\.nuget\packages\microsoft.netcore.app.ref\3.0.0\ref\netcoreapp3.0\System.Reflection.dll
1>                    Private=false
1>                    PublicKeyToken=b03f5f7f11d50a3a
1>                    ReferenceSourceTarget=ResolveAssemblyReference
1>                    ResolvedFrom={RawFileName}
1>                    Version=
1>            C:\Users\hansnguyen\.nuget\packages\microsoft.netcore.app.ref\3.0.0\ref\netcoreapp3.0\System.Reflection.Emit.dll
1>                    AssemblyVersion=4.1.1.0
1>                    CopyLocal=false
1>                    ExternallyResolved=true
1>                    FileVersion=4.700.19.46214
1>                    FrameworkReferenceName=Microsoft.NETCore.App
1>                    FrameworkReferenceVersion=3.0.0
1>                    FusionName=System.Reflection.Emit, Version=4.1.1.0, Culture=neutral, PublicKeyToken=b03f5f7f11d50a3a
1>                    ImageRuntime=v4.0.30319
1>                    NuGetPackageId=Microsoft.NETCore.App.Ref
1>                    NuGetPackageVersion=3.0.0
1>                    OriginalItemSpec=C:\Users\hansnguyen\.nuget\packages\microsoft.netcore.app.ref\3.0.0\ref\netcoreapp3.0\System.Reflection.Emit.dll
1>                    Private=false
1>                    PublicKeyToken=b03f5f7f11d50a3a
1>                    ReferenceSourceTarget=ResolveAssemblyReference
1>                    ResolvedFrom={RawFileName}
1>                    Version=
1>            C:\Users\hansnguyen\.nuget\packages\microsoft.netcore.app.ref\3.0.0\ref\netcoreapp3.0\System.Reflection.Emit.ILGeneration.dll
1>                    AssemblyVersion=4.1.0.0
1>                    CopyLocal=false
1>                    ExternallyResolved=true
1>                    FileVersion=4.700.19.46214
1>                    FrameworkReferenceName=Microsoft.NETCore.App
1>                    FrameworkReferenceVersion=3.0.0
1>                    FusionName=System.Reflection.Emit.ILGeneration, Version=4.1.0.0, Culture=neutral, PublicKeyToken=b03f5f7f11d50a3a
1>                    ImageRuntime=v4.0.30319
1>                    NuGetPackageId=Microsoft.NETCore.App.Ref
1>                    NuGetPackageVersion=3.0.0
1>                    OriginalItemSpec=C:\Users\hansnguyen\.nuget\packages\microsoft.netcore.app.ref\3.0.0\ref\netcoreapp3.0\System.Reflection.Emit.ILGeneration.dll
1>                    Private=false
1>                    PublicKeyToken=b03f5f7f11d50a3a
1>                    ReferenceSourceTarget=ResolveAssemblyReference
1>                    ResolvedFrom={RawFileName}
1>                    Version=
1>            C:\Users\hansnguyen\.nuget\packages\microsoft.netcore.app.ref\3.0.0\ref\netcoreapp3.0\System.Reflection.Emit.Lightweight.dll
1>                    AssemblyVersion=4.1.0.0
1>                    CopyLocal=false
1>                    ExternallyResolved=true
1>                    FileVersion=4.700.19.46214
1>                    FrameworkReferenceName=Microsoft.NETCore.App
1>                    FrameworkReferenceVersion=3.0.0
1>                    FusionName=System.Reflection.Emit.Lightweight, Version=4.1.0.0, Culture=neutral, PublicKeyToken=b03f5f7f11d50a3a
1>                    ImageRuntime=v4.0.30319
1>                    NuGetPackageId=Microsoft.NETCore.App.Ref
1>                    NuGetPackageVersion=3.0.0
1>                    OriginalItemSpec=C:\Users\hansnguyen\.nuget\packages\microsoft.netcore.app.ref\3.0.0\ref\netcoreapp3.0\System.Reflection.Emit.Lightweight.dll
1>                    Private=false
1>                    PublicKeyToken=b03f5f7f11d50a3a
1>                    ReferenceSourceTarget=ResolveAssemblyReference
1>                    ResolvedFrom={RawFileName}
1>                    Version=
1>            C:\Users\hansnguyen\.nuget\packages\microsoft.netcore.app.ref\3.0.0\ref\netcoreapp3.0\System.Reflection.Extensions.dll
1>                    AssemblyVersion=4.1.1.0
1>                    CopyLocal=false
1>                    ExternallyResolved=true
1>                    FileVersion=4.700.19.46214
1>                    FrameworkReferenceName=Microsoft.NETCore.App
1>                    FrameworkReferenceVersion=3.0.0
1>                    FusionName=System.Reflection.Extensions, Version=4.1.1.0, Culture=neutral, PublicKeyToken=b03f5f7f11d50a3a
1>                    ImageRuntime=v4.0.30319
1>                    NuGetPackageId=Microsoft.NETCore.App.Ref
1>                    NuGetPackageVersion=3.0.0
1>                    OriginalItemSpec=C:\Users\hansnguyen\.nuget\packages\microsoft.netcore.app.ref\3.0.0\ref\netcoreapp3.0\System.Reflection.Extensions.dll
1>                    Private=false
1>                    PublicKeyToken=b03f5f7f11d50a3a
1>                    ReferenceSourceTarget=ResolveAssemblyReference
1>                    ResolvedFrom={RawFileName}
1>                    Version=
1>            C:\Users\hansnguyen\.nuget\packages\microsoft.netcore.app.ref\3.0.0\ref\netcoreapp3.0\System.Reflection.Metadata.dll
1>                    AssemblyVersion=1.4.4.0
1>                    CopyLocal=false
1>                    ExternallyResolved=true
1>                    FileVersion=4.700.19.46214
1>                    FrameworkReferenceName=Microsoft.NETCore.App
1>                    FrameworkReferenceVersion=3.0.0
1>                    FusionName=System.Reflection.Metadata, Version=1.4.4.0, Culture=neutral, PublicKeyToken=b03f5f7f11d50a3a
1>                    ImageRuntime=v4.0.30319
1>                    NuGetPackageId=Microsoft.NETCore.App.Ref
1>                    NuGetPackageVersion=3.0.0
1>                    OriginalItemSpec=C:\Users\hansnguyen\.nuget\packages\microsoft.netcore.app.ref\3.0.0\ref\netcoreapp3.0\System.Reflection.Metadata.dll
1>                    Private=false
1>                    PublicKeyToken=b03f5f7f11d50a3a
1>                    ReferenceSourceTarget=ResolveAssemblyReference
1>                    ResolvedFrom={RawFileName}
1>                    Version=
1>            C:\Users\hansnguyen\.nuget\packages\microsoft.netcore.app.ref\3.0.0\ref\netcoreapp3.0\System.Reflection.Primitives.dll
1>                    AssemblyVersion=4.1.1.0
1>                    CopyLocal=false
1>                    ExternallyResolved=true
1>                    FileVersion=4.700.19.46214
1>                    FrameworkReferenceName=Microsoft.NETCore.App
1>                    FrameworkReferenceVersion=3.0.0
1>                    FusionName=System.Reflection.Primitives, Version=4.1.1.0, Culture=neutral, PublicKeyToken=b03f5f7f11d50a3a
1>                    ImageRuntime=v4.0.30319
1>                    NuGetPackageId=Microsoft.NETCore.App.Ref
1>                    NuGetPackageVersion=3.0.0
1>                    OriginalItemSpec=C:\Users\hansnguyen\.nuget\packages\microsoft.netcore.app.ref\3.0.0\ref\netcoreapp3.0\System.Reflection.Primitives.dll
1>                    Private=false
1>                    PublicKeyToken=b03f5f7f11d50a3a
1>                    ReferenceSourceTarget=ResolveAssemblyReference
1>                    ResolvedFrom={RawFileName}
1>                    Version=
1>            C:\Users\hansnguyen\.nuget\packages\microsoft.netcore.app.ref\3.0.0\ref\netcoreapp3.0\System.Reflection.TypeExtensions.dll
1>                    AssemblyVersion=4.1.2.0
1>                    CopyLocal=false
1>                    ExternallyResolved=true
1>                    FileVersion=4.700.19.46214
1>                    FrameworkReferenceName=Microsoft.NETCore.App
1>                    FrameworkReferenceVersion=3.0.0
1>                    FusionName=System.Reflection.TypeExtensions, Version=4.1.2.0, Culture=neutral, PublicKeyToken=b03f5f7f11d50a3a
1>                    ImageRuntime=v4.0.30319
1>                    NuGetPackageId=Microsoft.NETCore.App.Ref
1>                    NuGetPackageVersion=3.0.0
1>                    OriginalItemSpec=C:\Users\hansnguyen\.nuget\packages\microsoft.netcore.app.ref\3.0.0\ref\netcoreapp3.0\System.Reflection.TypeExtensions.dll
1>                    Private=false
1>                    PublicKeyToken=b03f5f7f11d50a3a
1>                    ReferenceSourceTarget=ResolveAssemblyReference
1>                    ResolvedFrom={RawFileName}
1>                    Version=
1>            C:\Users\hansnguyen\.nuget\packages\microsoft.windowsdesktop.app.ref\3.0.0\ref\netcoreapp3.0\System.Resources.Extensions.dll
1>                    AssemblyVersion=4.0.0.0
1>                    CopyLocal=false
1>                    ExternallyResolved=true
1>                    FileVersion=4.700.19.46214
1>                    FrameworkReferenceName=Microsoft.WindowsDesktop.App.WPF
1>                    FrameworkReferenceVersion=3.0.0
1>                    FusionName=System.Resources.Extensions, Version=4.0.0.0, Culture=neutral, PublicKeyToken=cc7b13ffcd2ddd51
1>                    ImageRuntime=v4.0.30319
1>                    NuGetPackageId=Microsoft.WindowsDesktop.App.Ref
1>                    NuGetPackageVersion=3.0.0
1>                    OriginalItemSpec=C:\Users\hansnguyen\.nuget\packages\microsoft.windowsdesktop.app.ref\3.0.0\ref\netcoreapp3.0\System.Resources.Extensions.dll
1>                    Private=false
1>                    PublicKeyToken=cc7b13ffcd2ddd51
1>                    ReferenceSourceTarget=ResolveAssemblyReference
1>                    ResolvedFrom={RawFileName}
1>                    Version=
1>            C:\Users\hansnguyen\.nuget\packages\microsoft.netcore.app.ref\3.0.0\ref\netcoreapp3.0\System.Resources.Reader.dll
1>                    AssemblyVersion=4.1.1.0
1>                    CopyLocal=false
1>                    ExternallyResolved=true
1>                    FileVersion=4.700.19.46214
1>                    FrameworkReferenceName=Microsoft.NETCore.App
1>                    FrameworkReferenceVersion=3.0.0
1>                    FusionName=System.Resources.Reader, Version=4.1.1.0, Culture=neutral, PublicKeyToken=b03f5f7f11d50a3a
1>                    ImageRuntime=v4.0.30319
1>                    NuGetPackageId=Microsoft.NETCore.App.Ref
1>                    NuGetPackageVersion=3.0.0
1>                    OriginalItemSpec=C:\Users\hansnguyen\.nuget\packages\microsoft.netcore.app.ref\3.0.0\ref\netcoreapp3.0\System.Resources.Reader.dll
1>                    Private=false
1>                    PublicKeyToken=b03f5f7f11d50a3a
1>                    ReferenceSourceTarget=ResolveAssemblyReference
1>                    ResolvedFrom={RawFileName}
1>                    Version=
1>            C:\Users\hansnguyen\.nuget\packages\microsoft.netcore.app.ref\3.0.0\ref\netcoreapp3.0\System.Resources.ResourceManager.dll
1>                    AssemblyVersion=4.1.1.0
1>                    CopyLocal=false
1>                    ExternallyResolved=true
1>                    FileVersion=4.700.19.46214
1>                    FrameworkReferenceName=Microsoft.NETCore.App
1>                    FrameworkReferenceVersion=3.0.0
1>                    FusionName=System.Resources.ResourceManager, Version=4.1.1.0, Culture=neutral, PublicKeyToken=b03f5f7f11d50a3a
1>                    ImageRuntime=v4.0.30319
1>                    NuGetPackageId=Microsoft.NETCore.App.Ref
1>                    NuGetPackageVersion=3.0.0
1>                    OriginalItemSpec=C:\Users\hansnguyen\.nuget\packages\microsoft.netcore.app.ref\3.0.0\ref\netcoreapp3.0\System.Resources.ResourceManager.dll
1>                    Private=false
1>                    PublicKeyToken=b03f5f7f11d50a3a
1>                    ReferenceSourceTarget=ResolveAssemblyReference
1>                    ResolvedFrom={RawFileName}
1>                    Version=
1>            C:\Users\hansnguyen\.nuget\packages\microsoft.netcore.app.ref\3.0.0\ref\netcoreapp3.0\System.Resources.Writer.dll
1>                    AssemblyVersion=4.1.1.0
1>                    CopyLocal=false
1>                    ExternallyResolved=true
1>                    FileVersion=4.700.19.46214
1>                    FrameworkReferenceName=Microsoft.NETCore.App
1>                    FrameworkReferenceVersion=3.0.0
1>                    FusionName=System.Resources.Writer, Version=4.1.1.0, Culture=neutral, PublicKeyToken=b03f5f7f11d50a3a
1>                    ImageRuntime=v4.0.30319
1>                    NuGetPackageId=Microsoft.NETCore.App.Ref
1>                    NuGetPackageVersion=3.0.0
1>                    OriginalItemSpec=C:\Users\hansnguyen\.nuget\packages\microsoft.netcore.app.ref\3.0.0\ref\netcoreapp3.0\System.Resources.Writer.dll
1>                    Private=false
1>                    PublicKeyToken=b03f5f7f11d50a3a
1>                    ReferenceSourceTarget=ResolveAssemblyReference
1>                    ResolvedFrom={RawFileName}
1>                    Version=
1>            C:\Users\hansnguyen\.nuget\packages\microsoft.netcore.app.ref\3.0.0\ref\netcoreapp3.0\System.Runtime.CompilerServices.Unsafe.dll
1>                    AssemblyVersion=4.0.5.0
1>                    CopyLocal=false
1>                    ExternallyResolved=true
1>                    FileVersion=4.700.19.46214
1>                    FrameworkReferenceName=Microsoft.NETCore.App
1>                    FrameworkReferenceVersion=3.0.0
1>                    FusionName=System.Runtime.CompilerServices.Unsafe, Version=4.0.5.0, Culture=neutral, PublicKeyToken=b03f5f7f11d50a3a
1>                    ImageRuntime=v4.0.30319
1>                    NuGetPackageId=Microsoft.NETCore.App.Ref
1>                    NuGetPackageVersion=3.0.0
1>                    OriginalItemSpec=C:\Users\hansnguyen\.nuget\packages\microsoft.netcore.app.ref\3.0.0\ref\netcoreapp3.0\System.Runtime.CompilerServices.Unsafe.dll
1>                    Private=false
1>                    PublicKeyToken=b03f5f7f11d50a3a
1>                    ReferenceSourceTarget=ResolveAssemblyReference
1>                    ResolvedFrom={RawFileName}
1>                    Version=
1>            C:\Users\hansnguyen\.nuget\packages\microsoft.netcore.app.ref\3.0.0\ref\netcoreapp3.0\System.Runtime.CompilerServices.VisualC.dll
1>                    AssemblyVersion=4.1.1.0
1>                    CopyLocal=false
1>                    ExternallyResolved=true
1>                    FileVersion=4.700.19.46214
1>                    FrameworkReferenceName=Microsoft.NETCore.App
1>                    FrameworkReferenceVersion=3.0.0
1>                    FusionName=System.Runtime.CompilerServices.VisualC, Version=4.1.1.0, Culture=neutral, PublicKeyToken=b03f5f7f11d50a3a
1>                    ImageRuntime=v4.0.30319
1>                    NuGetPackageId=Microsoft.NETCore.App.Ref
1>                    NuGetPackageVersion=3.0.0
1>                    OriginalItemSpec=C:\Users\hansnguyen\.nuget\packages\microsoft.netcore.app.ref\3.0.0\ref\netcoreapp3.0\System.Runtime.CompilerServices.VisualC.dll
1>                    Private=false
1>                    PublicKeyToken=b03f5f7f11d50a3a
1>                    ReferenceSourceTarget=ResolveAssemblyReference
1>                    ResolvedFrom={RawFileName}
1>                    Version=
1>            C:\Users\hansnguyen\.nuget\packages\microsoft.netcore.app.ref\3.0.0\ref\netcoreapp3.0\System.Runtime.dll
1>                    AssemblyVersion=4.2.1.0
1>                    CopyLocal=false
1>                    ExternallyResolved=true
1>                    FileVersion=4.700.19.46214
1>                    FrameworkReferenceName=Microsoft.NETCore.App
1>                    FrameworkReferenceVersion=3.0.0
1>                    FusionName=System.Runtime, Version=4.2.1.0, Culture=neutral, PublicKeyToken=b03f5f7f11d50a3a
1>                    ImageRuntime=v4.0.30319
1>                    NuGetPackageId=Microsoft.NETCore.App.Ref
1>                    NuGetPackageVersion=3.0.0
1>                    OriginalItemSpec=C:\Users\hansnguyen\.nuget\packages\microsoft.netcore.app.ref\3.0.0\ref\netcoreapp3.0\System.Runtime.dll
1>                    Private=false
1>                    PublicKeyToken=b03f5f7f11d50a3a
1>                    ReferenceSourceTarget=ResolveAssemblyReference
1>                    ResolvedFrom={RawFileName}
1>                    Version=
1>            C:\Users\hansnguyen\.nuget\packages\microsoft.netcore.app.ref\3.0.0\ref\netcoreapp3.0\System.Runtime.Extensions.dll
1>                    AssemblyVersion=4.2.1.0
1>                    CopyLocal=false
1>                    ExternallyResolved=true
1>                    FileVersion=4.700.19.46214
1>                    FrameworkReferenceName=Microsoft.NETCore.App
1>                    FrameworkReferenceVersion=3.0.0
1>                    FusionName=System.Runtime.Extensions, Version=4.2.1.0, Culture=neutral, PublicKeyToken=b03f5f7f11d50a3a
1>                    ImageRuntime=v4.0.30319
1>                    NuGetPackageId=Microsoft.NETCore.App.Ref
1>                    NuGetPackageVersion=3.0.0
1>                    OriginalItemSpec=C:\Users\hansnguyen\.nuget\packages\microsoft.netcore.app.ref\3.0.0\ref\netcoreapp3.0\System.Runtime.Extensions.dll
1>                    Private=false
1>                    PublicKeyToken=b03f5f7f11d50a3a
1>                    ReferenceSourceTarget=ResolveAssemblyReference
1>                    ResolvedFrom={RawFileName}
1>                    Version=
1>            C:\Users\hansnguyen\.nuget\packages\microsoft.netcore.app.ref\3.0.0\ref\netcoreapp3.0\System.Runtime.Handles.dll
1>                    AssemblyVersion=4.1.1.0
1>                    CopyLocal=false
1>                    ExternallyResolved=true
1>                    FileVersion=4.700.19.46214
1>                    FrameworkReferenceName=Microsoft.NETCore.App
1>                    FrameworkReferenceVersion=3.0.0
1>                    FusionName=System.Runtime.Handles, Version=4.1.1.0, Culture=neutral, PublicKeyToken=b03f5f7f11d50a3a
1>                    ImageRuntime=v4.0.30319
1>                    NuGetPackageId=Microsoft.NETCore.App.Ref
1>                    NuGetPackageVersion=3.0.0
1>                    OriginalItemSpec=C:\Users\hansnguyen\.nuget\packages\microsoft.netcore.app.ref\3.0.0\ref\netcoreapp3.0\System.Runtime.Handles.dll
1>                    Private=false
1>                    PublicKeyToken=b03f5f7f11d50a3a
1>                    ReferenceSourceTarget=ResolveAssemblyReference
1>                    ResolvedFrom={RawFileName}
1>                    Version=
1>            C:\Users\hansnguyen\.nuget\packages\microsoft.netcore.app.ref\3.0.0\ref\netcoreapp3.0\System.Runtime.InteropServices.dll
1>                    AssemblyVersion=4.2.1.0
1>                    CopyLocal=false
1>                    ExternallyResolved=true
1>                    FileVersion=4.700.19.46214
1>                    FrameworkReferenceName=Microsoft.NETCore.App
1>                    FrameworkReferenceVersion=3.0.0
1>                    FusionName=System.Runtime.InteropServices, Version=4.2.1.0, Culture=neutral, PublicKeyToken=b03f5f7f11d50a3a
1>                    ImageRuntime=v4.0.30319
1>                    NuGetPackageId=Microsoft.NETCore.App.Ref
1>                    NuGetPackageVersion=3.0.0
1>                    OriginalItemSpec=C:\Users\hansnguyen\.nuget\packages\microsoft.netcore.app.ref\3.0.0\ref\netcoreapp3.0\System.Runtime.InteropServices.dll
1>                    Private=false
1>                    PublicKeyToken=b03f5f7f11d50a3a
1>                    ReferenceSourceTarget=ResolveAssemblyReference
1>                    ResolvedFrom={RawFileName}
1>                    Version=
1>            C:\Users\hansnguyen\.nuget\packages\microsoft.netcore.app.ref\3.0.0\ref\netcoreapp3.0\System.Runtime.InteropServices.RuntimeInformation.dll
1>                    AssemblyVersion=4.0.3.0
1>                    CopyLocal=false
1>                    ExternallyResolved=true
1>                    FileVersion=4.700.19.46214
1>                    FrameworkReferenceName=Microsoft.NETCore.App
1>                    FrameworkReferenceVersion=3.0.0
1>                    FusionName=System.Runtime.InteropServices.RuntimeInformation, Version=4.0.3.0, Culture=neutral, PublicKeyToken=b03f5f7f11d50a3a
1>                    ImageRuntime=v4.0.30319
1>                    NuGetPackageId=Microsoft.NETCore.App.Ref
1>                    NuGetPackageVersion=3.0.0
1>                    OriginalItemSpec=C:\Users\hansnguyen\.nuget\packages\microsoft.netcore.app.ref\3.0.0\ref\netcoreapp3.0\System.Runtime.InteropServices.RuntimeInformation.dll
1>                    Private=false
1>                    PublicKeyToken=b03f5f7f11d50a3a
1>                    ReferenceSourceTarget=ResolveAssemblyReference
1>                    ResolvedFrom={RawFileName}
1>                    Version=
1>            C:\Users\hansnguyen\.nuget\packages\microsoft.netcore.app.ref\3.0.0\ref\netcoreapp3.0\System.Runtime.InteropServices.WindowsRuntime.dll
1>                    AssemblyVersion=4.0.3.0
1>                    CopyLocal=false
1>                    ExternallyResolved=true
1>                    FileVersion=4.700.19.46214
1>                    FrameworkReferenceName=Microsoft.NETCore.App
1>                    FrameworkReferenceVersion=3.0.0
1>                    FusionName=System.Runtime.InteropServices.WindowsRuntime, Version=4.0.3.0, Culture=neutral, PublicKeyToken=b03f5f7f11d50a3a
1>                    ImageRuntime=v4.0.30319
1>                    NuGetPackageId=Microsoft.NETCore.App.Ref
1>                    NuGetPackageVersion=3.0.0
1>                    OriginalItemSpec=C:\Users\hansnguyen\.nuget\packages\microsoft.netcore.app.ref\3.0.0\ref\netcoreapp3.0\System.Runtime.InteropServices.WindowsRuntime.dll
1>                    Private=false
1>                    PublicKeyToken=b03f5f7f11d50a3a
1>                    ReferenceSourceTarget=ResolveAssemblyReference
1>                    ResolvedFrom={RawFileName}
1>                    Version=
1>            C:\Users\hansnguyen\.nuget\packages\microsoft.netcore.app.ref\3.0.0\ref\netcoreapp3.0\System.Runtime.Intrinsics.dll
1>                    AssemblyVersion=4.0.0.0
1>                    CopyLocal=false
1>                    ExternallyResolved=true
1>                    FileVersion=4.700.19.46214
1>                    FrameworkReferenceName=Microsoft.NETCore.App
1>                    FrameworkReferenceVersion=3.0.0
1>                    FusionName=System.Runtime.Intrinsics, Version=4.0.0.0, Culture=neutral, PublicKeyToken=cc7b13ffcd2ddd51
1>                    ImageRuntime=v4.0.30319
1>                    NuGetPackageId=Microsoft.NETCore.App.Ref
1>                    NuGetPackageVersion=3.0.0
1>                    OriginalItemSpec=C:\Users\hansnguyen\.nuget\packages\microsoft.netcore.app.ref\3.0.0\ref\netcoreapp3.0\System.Runtime.Intrinsics.dll
1>                    Private=false
1>                    PublicKeyToken=cc7b13ffcd2ddd51
1>                    ReferenceSourceTarget=ResolveAssemblyReference
1>                    ResolvedFrom={RawFileName}
1>                    Version=
1>            C:\Users\hansnguyen\.nuget\packages\microsoft.netcore.app.ref\3.0.0\ref\netcoreapp3.0\System.Runtime.Loader.dll
1>                    AssemblyVersion=4.1.0.0
1>                    CopyLocal=false
1>                    ExternallyResolved=true
1>                    FileVersion=4.700.19.46214
1>                    FrameworkReferenceName=Microsoft.NETCore.App
1>                    FrameworkReferenceVersion=3.0.0
1>                    FusionName=System.Runtime.Loader, Version=4.1.0.0, Culture=neutral, PublicKeyToken=b03f5f7f11d50a3a
1>                    ImageRuntime=v4.0.30319
1>                    NuGetPackageId=Microsoft.NETCore.App.Ref
1>                    NuGetPackageVersion=3.0.0
1>                    OriginalItemSpec=C:\Users\hansnguyen\.nuget\packages\microsoft.netcore.app.ref\3.0.0\ref\netcoreapp3.0\System.Runtime.Loader.dll
1>                    Private=false
1>                    PublicKeyToken=b03f5f7f11d50a3a
1>                    ReferenceSourceTarget=ResolveAssemblyReference
1>                    ResolvedFrom={RawFileName}
1>                    Version=
1>            C:\Users\hansnguyen\.nuget\packages\microsoft.netcore.app.ref\3.0.0\ref\netcoreapp3.0\System.Runtime.Numerics.dll
1>                    AssemblyVersion=4.1.1.0
1>                    CopyLocal=false
1>                    ExternallyResolved=true
1>                    FileVersion=4.700.19.46214
1>                    FrameworkReferenceName=Microsoft.NETCore.App
1>                    FrameworkReferenceVersion=3.0.0
1>                    FusionName=System.Runtime.Numerics, Version=4.1.1.0, Culture=neutral, PublicKeyToken=b03f5f7f11d50a3a
1>                    ImageRuntime=v4.0.30319
1>                    NuGetPackageId=Microsoft.NETCore.App.Ref
1>                    NuGetPackageVersion=3.0.0
1>                    OriginalItemSpec=C:\Users\hansnguyen\.nuget\packages\microsoft.netcore.app.ref\3.0.0\ref\netcoreapp3.0\System.Runtime.Numerics.dll
1>                    Private=false
1>                    PublicKeyToken=b03f5f7f11d50a3a
1>                    ReferenceSourceTarget=ResolveAssemblyReference
1>                    ResolvedFrom={RawFileName}
1>                    Version=
1>            C:\Users\hansnguyen\.nuget\packages\microsoft.netcore.app.ref\3.0.0\ref\netcoreapp3.0\System.Runtime.Serialization.dll
1>                    AssemblyVersion=4.0.0.0
1>                    CopyLocal=false
1>                    ExternallyResolved=true
1>                    FileVersion=4.700.19.46214
1>                    FrameworkReferenceName=Microsoft.NETCore.App
1>                    FrameworkReferenceVersion=3.0.0
1>                    FusionName=System.Runtime.Serialization, Version=4.0.0.0, Culture=neutral, PublicKeyToken=b77a5c561934e089
1>                    ImageRuntime=v4.0.30319
1>                    NuGetPackageId=Microsoft.NETCore.App.Ref
1>                    NuGetPackageVersion=3.0.0
1>                    OriginalItemSpec=C:\Users\hansnguyen\.nuget\packages\microsoft.netcore.app.ref\3.0.0\ref\netcoreapp3.0\System.Runtime.Serialization.dll
1>                    Private=false
1>                    PublicKeyToken=b77a5c561934e089
1>                    ReferenceSourceTarget=ResolveAssemblyReference
1>                    ResolvedFrom={RawFileName}
1>                    Version=
1>            C:\Users\hansnguyen\.nuget\packages\microsoft.netcore.app.ref\3.0.0\ref\netcoreapp3.0\System.Runtime.Serialization.Formatters.dll
1>                    AssemblyVersion=4.0.3.0
1>                    CopyLocal=false
1>                    ExternallyResolved=true
1>                    FileVersion=4.700.19.46214
1>                    FrameworkReferenceName=Microsoft.NETCore.App
1>                    FrameworkReferenceVersion=3.0.0
1>                    FusionName=System.Runtime.Serialization.Formatters, Version=4.0.3.0, Culture=neutral, PublicKeyToken=b03f5f7f11d50a3a
1>                    ImageRuntime=v4.0.30319
1>                    NuGetPackageId=Microsoft.NETCore.App.Ref
1>                    NuGetPackageVersion=3.0.0
1>                    OriginalItemSpec=C:\Users\hansnguyen\.nuget\packages\microsoft.netcore.app.ref\3.0.0\ref\netcoreapp3.0\System.Runtime.Serialization.Formatters.dll
1>                    Private=false
1>                    PublicKeyToken=b03f5f7f11d50a3a
1>                    ReferenceSourceTarget=ResolveAssemblyReference
1>                    ResolvedFrom={RawFileName}
1>                    Version=
1>            C:\Users\hansnguyen\.nuget\packages\microsoft.netcore.app.ref\3.0.0\ref\netcoreapp3.0\System.Runtime.Serialization.Json.dll
1>                    AssemblyVersion=4.0.4.0
1>                    CopyLocal=false
1>                    ExternallyResolved=true
1>                    FileVersion=4.700.19.46214
1>                    FrameworkReferenceName=Microsoft.NETCore.App
1>                    FrameworkReferenceVersion=3.0.0
1>                    FusionName=System.Runtime.Serialization.Json, Version=4.0.4.0, Culture=neutral, PublicKeyToken=b03f5f7f11d50a3a
1>                    ImageRuntime=v4.0.30319
1>                    NuGetPackageId=Microsoft.NETCore.App.Ref
1>                    NuGetPackageVersion=3.0.0
1>                    OriginalItemSpec=C:\Users\hansnguyen\.nuget\packages\microsoft.netcore.app.ref\3.0.0\ref\netcoreapp3.0\System.Runtime.Serialization.Json.dll
1>                    Private=false
1>                    PublicKeyToken=b03f5f7f11d50a3a
1>                    ReferenceSourceTarget=ResolveAssemblyReference
1>                    ResolvedFrom={RawFileName}
1>                    Version=
1>            C:\Users\hansnguyen\.nuget\packages\microsoft.netcore.app.ref\3.0.0\ref\netcoreapp3.0\System.Runtime.Serialization.Primitives.dll
1>                    AssemblyVersion=4.2.1.0
1>                    CopyLocal=false
1>                    ExternallyResolved=true
1>                    FileVersion=4.700.19.46214
1>                    FrameworkReferenceName=Microsoft.NETCore.App
1>                    FrameworkReferenceVersion=3.0.0
1>                    FusionName=System.Runtime.Serialization.Primitives, Version=4.2.1.0, Culture=neutral, PublicKeyToken=b03f5f7f11d50a3a
1>                    ImageRuntime=v4.0.30319
1>                    NuGetPackageId=Microsoft.NETCore.App.Ref
1>                    NuGetPackageVersion=3.0.0
1>                    OriginalItemSpec=C:\Users\hansnguyen\.nuget\packages\microsoft.netcore.app.ref\3.0.0\ref\netcoreapp3.0\System.Runtime.Serialization.Primitives.dll
1>                    Private=false
1>                    PublicKeyToken=b03f5f7f11d50a3a
1>                    ReferenceSourceTarget=ResolveAssemblyReference
1>                    ResolvedFrom={RawFileName}
1>                    Version=
1>            C:\Users\hansnguyen\.nuget\packages\microsoft.netcore.app.ref\3.0.0\ref\netcoreapp3.0\System.Runtime.Serialization.Xml.dll
1>                    AssemblyVersion=4.1.4.0
1>                    CopyLocal=false
1>                    ExternallyResolved=true
1>                    FileVersion=4.700.19.46214
1>                    FrameworkReferenceName=Microsoft.NETCore.App
1>                    FrameworkReferenceVersion=3.0.0
1>                    FusionName=System.Runtime.Serialization.Xml, Version=4.1.4.0, Culture=neutral, PublicKeyToken=b03f5f7f11d50a3a
1>                    ImageRuntime=v4.0.30319
1>                    NuGetPackageId=Microsoft.NETCore.App.Ref
1>                    NuGetPackageVersion=3.0.0
1>                    OriginalItemSpec=C:\Users\hansnguyen\.nuget\packages\microsoft.netcore.app.ref\3.0.0\ref\netcoreapp3.0\System.Runtime.Serialization.Xml.dll
1>                    Private=false
1>                    PublicKeyToken=b03f5f7f11d50a3a
1>                    ReferenceSourceTarget=ResolveAssemblyReference
1>                    ResolvedFrom={RawFileName}
1>                    Version=
1>            C:\Users\hansnguyen\.nuget\packages\microsoft.windowsdesktop.app.ref\3.0.0\ref\netcoreapp3.0\System.Security.AccessControl.dll
1>                    AssemblyVersion=4.1.1.0
1>                    CopyLocal=false
1>                    ExternallyResolved=true
1>                    FileVersion=4.700.19.46214
1>                    FrameworkReferenceName=Microsoft.WindowsDesktop.App.WPF
1>                    FrameworkReferenceVersion=3.0.0
1>                    FusionName=System.Security.AccessControl, Version=4.1.1.0, Culture=neutral, PublicKeyToken=b03f5f7f11d50a3a
1>                    ImageRuntime=v4.0.30319
1>                    NuGetPackageId=Microsoft.WindowsDesktop.App.Ref
1>                    NuGetPackageVersion=3.0.0
1>                    OriginalItemSpec=C:\Users\hansnguyen\.nuget\packages\microsoft.windowsdesktop.app.ref\3.0.0\ref\netcoreapp3.0\System.Security.AccessControl.dll
1>                    Private=false
1>                    PublicKeyToken=b03f5f7f11d50a3a
1>                    ReferenceSourceTarget=ResolveAssemblyReference
1>                    ResolvedFrom={RawFileName}
1>                    Version=
1>            C:\Users\hansnguyen\.nuget\packages\microsoft.netcore.app.ref\3.0.0\ref\netcoreapp3.0\System.Security.Claims.dll
1>                    AssemblyVersion=4.1.1.0
1>                    CopyLocal=false
1>                    ExternallyResolved=true
1>                    FileVersion=4.700.19.46214
1>                    FrameworkReferenceName=Microsoft.NETCore.App
1>                    FrameworkReferenceVersion=3.0.0
1>                    FusionName=System.Security.Claims, Version=4.1.1.0, Culture=neutral, PublicKeyToken=b03f5f7f11d50a3a
1>                    ImageRuntime=v4.0.30319
1>                    NuGetPackageId=Microsoft.NETCore.App.Ref
1>                    NuGetPackageVersion=3.0.0
1>                    OriginalItemSpec=C:\Users\hansnguyen\.nuget\packages\microsoft.netcore.app.ref\3.0.0\ref\netcoreapp3.0\System.Security.Claims.dll
1>                    Private=false
1>                    PublicKeyToken=b03f5f7f11d50a3a
1>                    ReferenceSourceTarget=ResolveAssemblyReference
1>                    ResolvedFrom={RawFileName}
1>                    Version=
1>            C:\Users\hansnguyen\.nuget\packages\microsoft.netcore.app.ref\3.0.0\ref\netcoreapp3.0\System.Security.Cryptography.Algorithms.dll
1>                    AssemblyVersion=4.3.1.0
1>                    CopyLocal=false
1>                    ExternallyResolved=true
1>                    FileVersion=4.700.19.46214
1>                    FrameworkReferenceName=Microsoft.NETCore.App
1>                    FrameworkReferenceVersion=3.0.0
1>                    FusionName=System.Security.Cryptography.Algorithms, Version=4.3.1.0, Culture=neutral, PublicKeyToken=b03f5f7f11d50a3a
1>                    ImageRuntime=v4.0.30319
1>                    NuGetPackageId=Microsoft.NETCore.App.Ref
1>                    NuGetPackageVersion=3.0.0
1>                    OriginalItemSpec=C:\Users\hansnguyen\.nuget\packages\microsoft.netcore.app.ref\3.0.0\ref\netcoreapp3.0\System.Security.Cryptography.Algorithms.dll
1>                    Private=false
1>                    PublicKeyToken=b03f5f7f11d50a3a
1>                    ReferenceSourceTarget=ResolveAssemblyReference
1>                    ResolvedFrom={RawFileName}
1>                    Version=
1>            C:\Users\hansnguyen\.nuget\packages\microsoft.windowsdesktop.app.ref\3.0.0\ref\netcoreapp3.0\System.Security.Cryptography.Cng.dll
1>                    AssemblyVersion=4.3.2.0
1>                    CopyLocal=false
1>                    ExternallyResolved=true
1>                    FileVersion=4.700.19.46214
1>                    FrameworkReferenceName=Microsoft.WindowsDesktop.App.WPF
1>                    FrameworkReferenceVersion=3.0.0
1>                    FusionName=System.Security.Cryptography.Cng, Version=4.3.2.0, Culture=neutral, PublicKeyToken=b03f5f7f11d50a3a
1>                    ImageRuntime=v4.0.30319
1>                    NuGetPackageId=Microsoft.WindowsDesktop.App.Ref
1>                    NuGetPackageVersion=3.0.0
1>                    OriginalItemSpec=C:\Users\hansnguyen\.nuget\packages\microsoft.windowsdesktop.app.ref\3.0.0\ref\netcoreapp3.0\System.Security.Cryptography.Cng.dll
1>                    Private=false
1>                    PublicKeyToken=b03f5f7f11d50a3a
1>                    ReferenceSourceTarget=ResolveAssemblyReference
1>                    ResolvedFrom={RawFileName}
1>                    Version=
1>            C:\Users\hansnguyen\.nuget\packages\microsoft.netcore.app.ref\3.0.0\ref\netcoreapp3.0\System.Security.Cryptography.Csp.dll
1>                    AssemblyVersion=4.1.1.0
1>                    CopyLocal=false
1>                    ExternallyResolved=true
1>                    FileVersion=4.700.19.46214
1>                    FrameworkReferenceName=Microsoft.NETCore.App
1>                    FrameworkReferenceVersion=3.0.0
1>                    FusionName=System.Security.Cryptography.Csp, Version=4.1.1.0, Culture=neutral, PublicKeyToken=b03f5f7f11d50a3a
1>                    ImageRuntime=v4.0.30319
1>                    NuGetPackageId=Microsoft.NETCore.App.Ref
1>                    NuGetPackageVersion=3.0.0
1>                    OriginalItemSpec=C:\Users\hansnguyen\.nuget\packages\microsoft.netcore.app.ref\3.0.0\ref\netcoreapp3.0\System.Security.Cryptography.Csp.dll
1>                    Private=false
1>                    PublicKeyToken=b03f5f7f11d50a3a
1>                    ReferenceSourceTarget=ResolveAssemblyReference
1>                    ResolvedFrom={RawFileName}
1>                    Version=
1>            C:\Users\hansnguyen\.nuget\packages\microsoft.netcore.app.ref\3.0.0\ref\netcoreapp3.0\System.Security.Cryptography.Encoding.dll
1>                    AssemblyVersion=4.1.1.0
1>                    CopyLocal=false
1>                    ExternallyResolved=true
1>                    FileVersion=4.700.19.46214
1>                    FrameworkReferenceName=Microsoft.NETCore.App
1>                    FrameworkReferenceVersion=3.0.0
1>                    FusionName=System.Security.Cryptography.Encoding, Version=4.1.1.0, Culture=neutral, PublicKeyToken=b03f5f7f11d50a3a
1>                    ImageRuntime=v4.0.30319
1>                    NuGetPackageId=Microsoft.NETCore.App.Ref
1>                    NuGetPackageVersion=3.0.0
1>                    OriginalItemSpec=C:\Users\hansnguyen\.nuget\packages\microsoft.netcore.app.ref\3.0.0\ref\netcoreapp3.0\System.Security.Cryptography.Encoding.dll
1>                    Private=false
1>                    PublicKeyToken=b03f5f7f11d50a3a
1>                    ReferenceSourceTarget=ResolveAssemblyReference
1>                    ResolvedFrom={RawFileName}
1>                    Version=
1>            C:\Users\hansnguyen\.nuget\packages\microsoft.windowsdesktop.app.ref\3.0.0\ref\netcoreapp3.0\System.Security.Cryptography.Pkcs.dll
1>                    AssemblyVersion=4.1.0.0
1>                    CopyLocal=false
1>                    ExternallyResolved=true
1>                    FileVersion=4.700.19.46214
1>                    FrameworkReferenceName=Microsoft.WindowsDesktop.App.WPF
1>                    FrameworkReferenceVersion=3.0.0
1>                    FusionName=System.Security.Cryptography.Pkcs, Version=4.1.0.0, Culture=neutral, PublicKeyToken=b03f5f7f11d50a3a
1>                    ImageRuntime=v4.0.30319
1>                    NuGetPackageId=Microsoft.WindowsDesktop.App.Ref
1>                    NuGetPackageVersion=3.0.0
1>                    OriginalItemSpec=C:\Users\hansnguyen\.nuget\packages\microsoft.windowsdesktop.app.ref\3.0.0\ref\netcoreapp3.0\System.Security.Cryptography.Pkcs.dll
1>                    Private=false
1>                    PublicKeyToken=b03f5f7f11d50a3a
1>                    ReferenceSourceTarget=ResolveAssemblyReference
1>                    ResolvedFrom={RawFileName}
1>                    Version=
1>            C:\Users\hansnguyen\.nuget\packages\microsoft.netcore.app.ref\3.0.0\ref\netcoreapp3.0\System.Security.Cryptography.Primitives.dll
1>                    AssemblyVersion=4.1.1.0
1>                    CopyLocal=false
1>                    ExternallyResolved=true
1>                    FileVersion=4.700.19.46214
1>                    FrameworkReferenceName=Microsoft.NETCore.App
1>                    FrameworkReferenceVersion=3.0.0
1>                    FusionName=System.Security.Cryptography.Primitives, Version=4.1.1.0, Culture=neutral, PublicKeyToken=b03f5f7f11d50a3a
1>                    ImageRuntime=v4.0.30319
1>                    NuGetPackageId=Microsoft.NETCore.App.Ref
1>                    NuGetPackageVersion=3.0.0
1>                    OriginalItemSpec=C:\Users\hansnguyen\.nuget\packages\microsoft.netcore.app.ref\3.0.0\ref\netcoreapp3.0\System.Security.Cryptography.Primitives.dll
1>                    Private=false
1>                    PublicKeyToken=b03f5f7f11d50a3a
1>                    ReferenceSourceTarget=ResolveAssemblyReference
1>                    ResolvedFrom={RawFileName}
1>                    Version=
1>            C:\Users\hansnguyen\.nuget\packages\microsoft.windowsdesktop.app.ref\3.0.0\ref\netcoreapp3.0\System.Security.Cryptography.ProtectedData.dll
1>                    AssemblyVersion=4.0.4.0
1>                    CopyLocal=false
1>                    ExternallyResolved=true
1>                    FileVersion=4.700.19.46214
1>                    FrameworkReferenceName=Microsoft.WindowsDesktop.App.WPF
1>                    FrameworkReferenceVersion=3.0.0
1>                    FusionName=System.Security.Cryptography.ProtectedData, Version=4.0.4.0, Culture=neutral, PublicKeyToken=b03f5f7f11d50a3a
1>                    ImageRuntime=v4.0.30319
1>                    NuGetPackageId=Microsoft.WindowsDesktop.App.Ref
1>                    NuGetPackageVersion=3.0.0
1>                    OriginalItemSpec=C:\Users\hansnguyen\.nuget\packages\microsoft.windowsdesktop.app.ref\3.0.0\ref\netcoreapp3.0\System.Security.Cryptography.ProtectedData.dll
1>                    Private=false
1>                    PublicKeyToken=b03f5f7f11d50a3a
1>                    ReferenceSourceTarget=ResolveAssemblyReference
1>                    ResolvedFrom={RawFileName}
1>                    Version=
1>            C:\Users\hansnguyen\.nuget\packages\microsoft.netcore.app.ref\3.0.0\ref\netcoreapp3.0\System.Security.Cryptography.X509Certificates.dll
1>                    AssemblyVersion=4.2.1.0
1>                    CopyLocal=false
1>                    ExternallyResolved=true
1>                    FileVersion=4.700.19.46214
1>                    FrameworkReferenceName=Microsoft.NETCore.App
1>                    FrameworkReferenceVersion=3.0.0
1>                    FusionName=System.Security.Cryptography.X509Certificates, Version=4.2.1.0, Culture=neutral, PublicKeyToken=b03f5f7f11d50a3a
1>                    ImageRuntime=v4.0.30319
1>                    NuGetPackageId=Microsoft.NETCore.App.Ref
1>                    NuGetPackageVersion=3.0.0
1>                    OriginalItemSpec=C:\Users\hansnguyen\.nuget\packages\microsoft.netcore.app.ref\3.0.0\ref\netcoreapp3.0\System.Security.Cryptography.X509Certificates.dll
1>                    Private=false
1>                    PublicKeyToken=b03f5f7f11d50a3a
1>                    ReferenceSourceTarget=ResolveAssemblyReference
1>                    ResolvedFrom={RawFileName}
1>                    Version=
1>            C:\Users\hansnguyen\.nuget\packages\microsoft.windowsdesktop.app.ref\3.0.0\ref\netcoreapp3.0\System.Security.Cryptography.Xml.dll
1>                    AssemblyVersion=4.0.2.0
1>                    CopyLocal=false
1>                    ExternallyResolved=true
1>                    FileVersion=4.700.19.46214
1>                    FrameworkReferenceName=Microsoft.WindowsDesktop.App.WPF
1>                    FrameworkReferenceVersion=3.0.0
1>                    FusionName=System.Security.Cryptography.Xml, Version=4.0.2.0, Culture=neutral, PublicKeyToken=cc7b13ffcd2ddd51
1>                    ImageRuntime=v4.0.30319
1>                    NuGetPackageId=Microsoft.WindowsDesktop.App.Ref
1>                    NuGetPackageVersion=3.0.0
1>                    OriginalItemSpec=C:\Users\hansnguyen\.nuget\packages\microsoft.windowsdesktop.app.ref\3.0.0\ref\netcoreapp3.0\System.Security.Cryptography.Xml.dll
1>                    Private=false
1>                    PublicKeyToken=cc7b13ffcd2ddd51
1>                    ReferenceSourceTarget=ResolveAssemblyReference
1>                    ResolvedFrom={RawFileName}
1>                    Version=
1>            C:\Users\hansnguyen\.nuget\packages\microsoft.netcore.app.ref\3.0.0\ref\netcoreapp3.0\System.Security.dll
1>                    AssemblyVersion=4.0.0.0
1>                    CopyLocal=false
1>                    ExternallyResolved=true
1>                    FileVersion=4.700.19.46214
1>                    FrameworkReferenceName=Microsoft.NETCore.App
1>                    FrameworkReferenceVersion=3.0.0
1>                    FusionName=System.Security, Version=4.0.0.0, Culture=neutral, PublicKeyToken=b03f5f7f11d50a3a
1>                    ImageRuntime=v4.0.30319
1>                    NuGetPackageId=Microsoft.NETCore.App.Ref
1>                    NuGetPackageVersion=3.0.0
1>                    OriginalItemSpec=C:\Users\hansnguyen\.nuget\packages\microsoft.netcore.app.ref\3.0.0\ref\netcoreapp3.0\System.Security.dll
1>                    Private=false
1>                    PublicKeyToken=b03f5f7f11d50a3a
1>                    ReferenceSourceTarget=ResolveAssemblyReference
1>                    ResolvedFrom={RawFileName}
1>                    Version=
1>            C:\Users\hansnguyen\.nuget\packages\microsoft.windowsdesktop.app.ref\3.0.0\ref\netcoreapp3.0\System.Security.Permissions.dll
1>                    AssemblyVersion=4.0.2.0
1>                    CopyLocal=false
1>                    ExternallyResolved=true
1>                    FileVersion=4.700.19.46214
1>                    FrameworkReferenceName=Microsoft.WindowsDesktop.App.WPF
1>                    FrameworkReferenceVersion=3.0.0
1>                    FusionName=System.Security.Permissions, Version=4.0.2.0, Culture=neutral, PublicKeyToken=cc7b13ffcd2ddd51
1>                    ImageRuntime=v4.0.30319
1>                    NuGetPackageId=Microsoft.WindowsDesktop.App.Ref
1>                    NuGetPackageVersion=3.0.0
1>                    OriginalItemSpec=C:\Users\hansnguyen\.nuget\packages\microsoft.windowsdesktop.app.ref\3.0.0\ref\netcoreapp3.0\System.Security.Permissions.dll
1>                    Private=false
1>                    PublicKeyToken=cc7b13ffcd2ddd51
1>                    ReferenceSourceTarget=ResolveAssemblyReference
1>                    ResolvedFrom={RawFileName}
1>                    Version=
1>            C:\Users\hansnguyen\.nuget\packages\microsoft.netcore.app.ref\3.0.0\ref\netcoreapp3.0\System.Security.Principal.dll
1>                    AssemblyVersion=4.1.1.0
1>                    CopyLocal=false
1>                    ExternallyResolved=true
1>                    FileVersion=4.700.19.46214
1>                    FrameworkReferenceName=Microsoft.NETCore.App
1>                    FrameworkReferenceVersion=3.0.0
1>                    FusionName=System.Security.Principal, Version=4.1.1.0, Culture=neutral, PublicKeyToken=b03f5f7f11d50a3a
1>                    ImageRuntime=v4.0.30319
1>                    NuGetPackageId=Microsoft.NETCore.App.Ref
1>                    NuGetPackageVersion=3.0.0
1>                    OriginalItemSpec=C:\Users\hansnguyen\.nuget\packages\microsoft.netcore.app.ref\3.0.0\ref\netcoreapp3.0\System.Security.Principal.dll
1>                    Private=false
1>                    PublicKeyToken=b03f5f7f11d50a3a
1>                    ReferenceSourceTarget=ResolveAssemblyReference
1>                    ResolvedFrom={RawFileName}
1>                    Version=
1>            C:\Users\hansnguyen\.nuget\packages\microsoft.windowsdesktop.app.ref\3.0.0\ref\netcoreapp3.0\System.Security.Principal.Windows.dll
1>                    AssemblyVersion=4.1.1.0
1>                    CopyLocal=false
1>                    ExternallyResolved=true
1>                    FileVersion=4.700.19.46214
1>                    FrameworkReferenceName=Microsoft.WindowsDesktop.App.WPF
1>                    FrameworkReferenceVersion=3.0.0
1>                    FusionName=System.Security.Principal.Windows, Version=4.1.1.0, Culture=neutral, PublicKeyToken=b03f5f7f11d50a3a
1>                    ImageRuntime=v4.0.30319
1>                    NuGetPackageId=Microsoft.WindowsDesktop.App.Ref
1>                    NuGetPackageVersion=3.0.0
1>                    OriginalItemSpec=C:\Users\hansnguyen\.nuget\packages\microsoft.windowsdesktop.app.ref\3.0.0\ref\netcoreapp3.0\System.Security.Principal.Windows.dll
1>                    Private=false
1>                    PublicKeyToken=b03f5f7f11d50a3a
1>                    ReferenceSourceTarget=ResolveAssemblyReference
1>                    ResolvedFrom={RawFileName}
1>                    Version=
1>            C:\Users\hansnguyen\.nuget\packages\microsoft.netcore.app.ref\3.0.0\ref\netcoreapp3.0\System.Security.SecureString.dll
1>                    AssemblyVersion=4.1.1.0
1>                    CopyLocal=false
1>                    ExternallyResolved=true
1>                    FileVersion=4.700.19.46214
1>                    FrameworkReferenceName=Microsoft.NETCore.App
1>                    FrameworkReferenceVersion=3.0.0
1>                    FusionName=System.Security.SecureString, Version=4.1.1.0, Culture=neutral, PublicKeyToken=b03f5f7f11d50a3a
1>                    ImageRuntime=v4.0.30319
1>                    NuGetPackageId=Microsoft.NETCore.App.Ref
1>                    NuGetPackageVersion=3.0.0
1>                    OriginalItemSpec=C:\Users\hansnguyen\.nuget\packages\microsoft.netcore.app.ref\3.0.0\ref\netcoreapp3.0\System.Security.SecureString.dll
1>                    Private=false
1>                    PublicKeyToken=b03f5f7f11d50a3a
1>                    ReferenceSourceTarget=ResolveAssemblyReference
1>                    ResolvedFrom={RawFileName}
1>                    Version=
1>            C:\Users\hansnguyen\.nuget\packages\microsoft.netcore.app.ref\3.0.0\ref\netcoreapp3.0\System.ServiceModel.Web.dll
1>                    AssemblyVersion=4.0.0.0
1>                    CopyLocal=false
1>                    ExternallyResolved=true
1>                    FileVersion=4.700.19.46214
1>                    FrameworkReferenceName=Microsoft.NETCore.App
1>                    FrameworkReferenceVersion=3.0.0
1>                    FusionName=System.ServiceModel.Web, Version=4.0.0.0, Culture=neutral, PublicKeyToken=31bf3856ad364e35
1>                    ImageRuntime=v4.0.30319
1>                    NuGetPackageId=Microsoft.NETCore.App.Ref
1>                    NuGetPackageVersion=3.0.0
1>                    OriginalItemSpec=C:\Users\hansnguyen\.nuget\packages\microsoft.netcore.app.ref\3.0.0\ref\netcoreapp3.0\System.ServiceModel.Web.dll
1>                    Private=false
1>                    PublicKeyToken=31bf3856ad364e35
1>                    ReferenceSourceTarget=ResolveAssemblyReference
1>                    ResolvedFrom={RawFileName}
1>                    Version=
1>            C:\Users\hansnguyen\.nuget\packages\microsoft.netcore.app.ref\3.0.0\ref\netcoreapp3.0\System.ServiceProcess.dll
1>                    AssemblyVersion=4.0.0.0
1>                    CopyLocal=false
1>                    ExternallyResolved=true
1>                    FileVersion=4.700.19.46214
1>                    FrameworkReferenceName=Microsoft.NETCore.App
1>                    FrameworkReferenceVersion=3.0.0
1>                    FusionName=System.ServiceProcess, Version=4.0.0.0, Culture=neutral, PublicKeyToken=b03f5f7f11d50a3a
1>                    ImageRuntime=v4.0.30319
1>                    NuGetPackageId=Microsoft.NETCore.App.Ref
1>                    NuGetPackageVersion=3.0.0
1>                    OriginalItemSpec=C:\Users\hansnguyen\.nuget\packages\microsoft.netcore.app.ref\3.0.0\ref\netcoreapp3.0\System.ServiceProcess.dll
1>                    Private=false
1>                    PublicKeyToken=b03f5f7f11d50a3a
1>                    ReferenceSourceTarget=ResolveAssemblyReference
1>                    ResolvedFrom={RawFileName}
1>                    Version=
1>            C:\Users\hansnguyen\.nuget\packages\microsoft.netcore.app.ref\3.0.0\ref\netcoreapp3.0\System.Text.Encoding.CodePages.dll
1>                    AssemblyVersion=4.1.2.0
1>                    CopyLocal=false
1>                    ExternallyResolved=true
1>                    FileVersion=4.700.19.46214
1>                    FrameworkReferenceName=Microsoft.NETCore.App
1>                    FrameworkReferenceVersion=3.0.0
1>                    FusionName=System.Text.Encoding.CodePages, Version=4.1.2.0, Culture=neutral, PublicKeyToken=b03f5f7f11d50a3a
1>                    ImageRuntime=v4.0.30319
1>                    NuGetPackageId=Microsoft.NETCore.App.Ref
1>                    NuGetPackageVersion=3.0.0
1>                    OriginalItemSpec=C:\Users\hansnguyen\.nuget\packages\microsoft.netcore.app.ref\3.0.0\ref\netcoreapp3.0\System.Text.Encoding.CodePages.dll
1>                    Private=false
1>                    PublicKeyToken=b03f5f7f11d50a3a
1>                    ReferenceSourceTarget=ResolveAssemblyReference
1>                    ResolvedFrom={RawFileName}
1>                    Version=
1>            C:\Users\hansnguyen\.nuget\packages\microsoft.netcore.app.ref\3.0.0\ref\netcoreapp3.0\System.Text.Encoding.dll
1>                    AssemblyVersion=4.1.1.0
1>                    CopyLocal=false
1>                    ExternallyResolved=true
1>                    FileVersion=4.700.19.46214
1>                    FrameworkReferenceName=Microsoft.NETCore.App
1>                    FrameworkReferenceVersion=3.0.0
1>                    FusionName=System.Text.Encoding, Version=4.1.1.0, Culture=neutral, PublicKeyToken=b03f5f7f11d50a3a
1>                    ImageRuntime=v4.0.30319
1>                    NuGetPackageId=Microsoft.NETCore.App.Ref
1>                    NuGetPackageVersion=3.0.0
1>                    OriginalItemSpec=C:\Users\hansnguyen\.nuget\packages\microsoft.netcore.app.ref\3.0.0\ref\netcoreapp3.0\System.Text.Encoding.dll
1>                    Private=false
1>                    PublicKeyToken=b03f5f7f11d50a3a
1>                    ReferenceSourceTarget=ResolveAssemblyReference
1>                    ResolvedFrom={RawFileName}
1>                    Version=
1>            C:\Users\hansnguyen\.nuget\packages\microsoft.netcore.app.ref\3.0.0\ref\netcoreapp3.0\System.Text.Encoding.Extensions.dll
1>                    AssemblyVersion=4.1.1.0
1>                    CopyLocal=false
1>                    ExternallyResolved=true
1>                    FileVersion=4.700.19.46214
1>                    FrameworkReferenceName=Microsoft.NETCore.App
1>                    FrameworkReferenceVersion=3.0.0
1>                    FusionName=System.Text.Encoding.Extensions, Version=4.1.1.0, Culture=neutral, PublicKeyToken=b03f5f7f11d50a3a
1>                    ImageRuntime=v4.0.30319
1>                    NuGetPackageId=Microsoft.NETCore.App.Ref
1>                    NuGetPackageVersion=3.0.0
1>                    OriginalItemSpec=C:\Users\hansnguyen\.nuget\packages\microsoft.netcore.app.ref\3.0.0\ref\netcoreapp3.0\System.Text.Encoding.Extensions.dll
1>                    Private=false
1>                    PublicKeyToken=b03f5f7f11d50a3a
1>                    ReferenceSourceTarget=ResolveAssemblyReference
1>                    ResolvedFrom={RawFileName}
1>                    Version=
1>            C:\Users\hansnguyen\.nuget\packages\microsoft.netcore.app.ref\3.0.0\ref\netcoreapp3.0\System.Text.Encodings.Web.dll
1>                    AssemblyVersion=4.0.4.0
1>                    CopyLocal=false
1>                    ExternallyResolved=true
1>                    FileVersion=4.700.19.46214
1>                    FrameworkReferenceName=Microsoft.NETCore.App
1>                    FrameworkReferenceVersion=3.0.0
1>                    FusionName=System.Text.Encodings.Web, Version=4.0.4.0, Culture=neutral, PublicKeyToken=cc7b13ffcd2ddd51
1>                    ImageRuntime=v4.0.30319
1>                    NuGetPackageId=Microsoft.NETCore.App.Ref
1>                    NuGetPackageVersion=3.0.0
1>                    OriginalItemSpec=C:\Users\hansnguyen\.nuget\packages\microsoft.netcore.app.ref\3.0.0\ref\netcoreapp3.0\System.Text.Encodings.Web.dll
1>                    Private=false
1>                    PublicKeyToken=cc7b13ffcd2ddd51
1>                    ReferenceSourceTarget=ResolveAssemblyReference
1>                    ResolvedFrom={RawFileName}
1>                    Version=
1>            C:\Users\hansnguyen\.nuget\packages\microsoft.netcore.app.ref\3.0.0\ref\netcoreapp3.0\System.Text.Json.dll
1>                    AssemblyVersion=4.0.0.0
1>                    CopyLocal=false
1>                    ExternallyResolved=true
1>                    FileVersion=4.700.19.46214
1>                    FrameworkReferenceName=Microsoft.NETCore.App
1>                    FrameworkReferenceVersion=3.0.0
1>                    FusionName=System.Text.Json, Version=4.0.0.0, Culture=neutral, PublicKeyToken=cc7b13ffcd2ddd51
1>                    ImageRuntime=v4.0.30319
1>                    NuGetPackageId=Microsoft.NETCore.App.Ref
1>                    NuGetPackageVersion=3.0.0
1>                    OriginalItemSpec=C:\Users\hansnguyen\.nuget\packages\microsoft.netcore.app.ref\3.0.0\ref\netcoreapp3.0\System.Text.Json.dll
1>                    Private=false
1>                    PublicKeyToken=cc7b13ffcd2ddd51
1>                    ReferenceSourceTarget=ResolveAssemblyReference
1>                    ResolvedFrom={RawFileName}
1>                    Version=
1>            C:\Users\hansnguyen\.nuget\packages\microsoft.netcore.app.ref\3.0.0\ref\netcoreapp3.0\System.Text.RegularExpressions.dll
1>                    AssemblyVersion=4.2.1.0
1>                    CopyLocal=false
1>                    ExternallyResolved=true
1>                    FileVersion=4.700.19.46214
1>                    FrameworkReferenceName=Microsoft.NETCore.App
1>                    FrameworkReferenceVersion=3.0.0
1>                    FusionName=System.Text.RegularExpressions, Version=4.2.1.0, Culture=neutral, PublicKeyToken=b03f5f7f11d50a3a
1>                    ImageRuntime=v4.0.30319
1>                    NuGetPackageId=Microsoft.NETCore.App.Ref
1>                    NuGetPackageVersion=3.0.0
1>                    OriginalItemSpec=C:\Users\hansnguyen\.nuget\packages\microsoft.netcore.app.ref\3.0.0\ref\netcoreapp3.0\System.Text.RegularExpressions.dll
1>                    Private=false
1>                    PublicKeyToken=b03f5f7f11d50a3a
1>                    ReferenceSourceTarget=ResolveAssemblyReference
1>                    ResolvedFrom={RawFileName}
1>                    Version=
1>            C:\Users\hansnguyen\.nuget\packages\microsoft.windowsdesktop.app.ref\3.0.0\ref\netcoreapp3.0\System.Threading.AccessControl.dll
1>                    AssemblyVersion=4.0.4.0
1>                    CopyLocal=false
1>                    ExternallyResolved=true
1>                    FileVersion=4.700.19.46214
1>                    FrameworkReferenceName=Microsoft.WindowsDesktop.App.WPF
1>                    FrameworkReferenceVersion=3.0.0
1>                    FusionName=System.Threading.AccessControl, Version=4.0.4.0, Culture=neutral, PublicKeyToken=b03f5f7f11d50a3a
1>                    ImageRuntime=v4.0.30319
1>                    NuGetPackageId=Microsoft.WindowsDesktop.App.Ref
1>                    NuGetPackageVersion=3.0.0
1>                    OriginalItemSpec=C:\Users\hansnguyen\.nuget\packages\microsoft.windowsdesktop.app.ref\3.0.0\ref\netcoreapp3.0\System.Threading.AccessControl.dll
1>                    Private=false
1>                    PublicKeyToken=b03f5f7f11d50a3a
1>                    ReferenceSourceTarget=ResolveAssemblyReference
1>                    ResolvedFrom={RawFileName}
1>                    Version=
1>            C:\Users\hansnguyen\.nuget\packages\microsoft.netcore.app.ref\3.0.0\ref\netcoreapp3.0\System.Threading.Channels.dll
1>                    AssemblyVersion=4.0.1.0
1>                    CopyLocal=false
1>                    ExternallyResolved=true
1>                    FileVersion=4.700.19.46214
1>                    FrameworkReferenceName=Microsoft.NETCore.App
1>                    FrameworkReferenceVersion=3.0.0
1>                    FusionName=System.Threading.Channels, Version=4.0.1.0, Culture=neutral, PublicKeyToken=cc7b13ffcd2ddd51
1>                    ImageRuntime=v4.0.30319
1>                    NuGetPackageId=Microsoft.NETCore.App.Ref
1>                    NuGetPackageVersion=3.0.0
1>                    OriginalItemSpec=C:\Users\hansnguyen\.nuget\packages\microsoft.netcore.app.ref\3.0.0\ref\netcoreapp3.0\System.Threading.Channels.dll
1>                    Private=false
1>                    PublicKeyToken=cc7b13ffcd2ddd51
1>                    ReferenceSourceTarget=ResolveAssemblyReference
1>                    ResolvedFrom={RawFileName}
1>                    Version=
1>            C:\Users\hansnguyen\.nuget\packages\microsoft.netcore.app.ref\3.0.0\ref\netcoreapp3.0\System.Threading.dll
1>                    AssemblyVersion=4.1.1.0
1>                    CopyLocal=false
1>                    ExternallyResolved=true
1>                    FileVersion=4.700.19.46214
1>                    FrameworkReferenceName=Microsoft.NETCore.App
1>                    FrameworkReferenceVersion=3.0.0
1>                    FusionName=System.Threading, Version=4.1.1.0, Culture=neutral, PublicKeyToken=b03f5f7f11d50a3a
1>                    ImageRuntime=v4.0.30319
1>                    NuGetPackageId=Microsoft.NETCore.App.Ref
1>                    NuGetPackageVersion=3.0.0
1>                    OriginalItemSpec=C:\Users\hansnguyen\.nuget\packages\microsoft.netcore.app.ref\3.0.0\ref\netcoreapp3.0\System.Threading.dll
1>                    Private=false
1>                    PublicKeyToken=b03f5f7f11d50a3a
1>                    ReferenceSourceTarget=ResolveAssemblyReference
1>                    ResolvedFrom={RawFileName}
1>                    Version=
1>            C:\Users\hansnguyen\.nuget\packages\microsoft.netcore.app.ref\3.0.0\ref\netcoreapp3.0\System.Threading.Overlapped.dll
1>                    AssemblyVersion=4.1.1.0
1>                    CopyLocal=false
1>                    ExternallyResolved=true
1>                    FileVersion=4.700.19.46214
1>                    FrameworkReferenceName=Microsoft.NETCore.App
1>                    FrameworkReferenceVersion=3.0.0
1>                    FusionName=System.Threading.Overlapped, Version=4.1.1.0, Culture=neutral, PublicKeyToken=b03f5f7f11d50a3a
1>                    ImageRuntime=v4.0.30319
1>                    NuGetPackageId=Microsoft.NETCore.App.Ref
1>                    NuGetPackageVersion=3.0.0
1>                    OriginalItemSpec=C:\Users\hansnguyen\.nuget\packages\microsoft.netcore.app.ref\3.0.0\ref\netcoreapp3.0\System.Threading.Overlapped.dll
1>                    Private=false
1>                    PublicKeyToken=b03f5f7f11d50a3a
1>                    ReferenceSourceTarget=ResolveAssemblyReference
1>                    ResolvedFrom={RawFileName}
1>                    Version=
1>            C:\Users\hansnguyen\.nuget\packages\microsoft.netcore.app.ref\3.0.0\ref\netcoreapp3.0\System.Threading.Tasks.Dataflow.dll
1>                    AssemblyVersion=4.6.4.0
1>                    CopyLocal=false
1>                    ExternallyResolved=true
1>                    FileVersion=4.700.19.46214
1>                    FrameworkReferenceName=Microsoft.NETCore.App
1>                    FrameworkReferenceVersion=3.0.0
1>                    FusionName=System.Threading.Tasks.Dataflow, Version=4.6.4.0, Culture=neutral, PublicKeyToken=b03f5f7f11d50a3a
1>                    ImageRuntime=v4.0.30319
1>                    NuGetPackageId=Microsoft.NETCore.App.Ref
1>                    NuGetPackageVersion=3.0.0
1>                    OriginalItemSpec=C:\Users\hansnguyen\.nuget\packages\microsoft.netcore.app.ref\3.0.0\ref\netcoreapp3.0\System.Threading.Tasks.Dataflow.dll
1>                    Private=false
1>                    PublicKeyToken=b03f5f7f11d50a3a
1>                    ReferenceSourceTarget=ResolveAssemblyReference
1>                    ResolvedFrom={RawFileName}
1>                    Version=
1>            C:\Users\hansnguyen\.nuget\packages\microsoft.netcore.app.ref\3.0.0\ref\netcoreapp3.0\System.Threading.Tasks.dll
1>                    AssemblyVersion=4.1.1.0
1>                    CopyLocal=false
1>                    ExternallyResolved=true
1>                    FileVersion=4.700.19.46214
1>                    FrameworkReferenceName=Microsoft.NETCore.App
1>                    FrameworkReferenceVersion=3.0.0
1>                    FusionName=System.Threading.Tasks, Version=4.1.1.0, Culture=neutral, PublicKeyToken=b03f5f7f11d50a3a
1>                    ImageRuntime=v4.0.30319
1>                    NuGetPackageId=Microsoft.NETCore.App.Ref
1>                    NuGetPackageVersion=3.0.0
1>                    OriginalItemSpec=C:\Users\hansnguyen\.nuget\packages\microsoft.netcore.app.ref\3.0.0\ref\netcoreapp3.0\System.Threading.Tasks.dll
1>                    Private=false
1>                    PublicKeyToken=b03f5f7f11d50a3a
1>                    ReferenceSourceTarget=ResolveAssemblyReference
1>                    ResolvedFrom={RawFileName}
1>                    Version=
1>            C:\Users\hansnguyen\.nuget\packages\microsoft.netcore.app.ref\3.0.0\ref\netcoreapp3.0\System.Threading.Tasks.Extensions.dll
1>                    AssemblyVersion=4.3.0.0
1>                    CopyLocal=false
1>                    ExternallyResolved=true
1>                    FileVersion=4.700.19.46214
1>                    FrameworkReferenceName=Microsoft.NETCore.App
1>                    FrameworkReferenceVersion=3.0.0
1>                    FusionName=System.Threading.Tasks.Extensions, Version=4.3.0.0, Culture=neutral, PublicKeyToken=cc7b13ffcd2ddd51
1>                    ImageRuntime=v4.0.30319
1>                    NuGetPackageId=Microsoft.NETCore.App.Ref
1>                    NuGetPackageVersion=3.0.0
1>                    OriginalItemSpec=C:\Users\hansnguyen\.nuget\packages\microsoft.netcore.app.ref\3.0.0\ref\netcoreapp3.0\System.Threading.Tasks.Extensions.dll
1>                    Private=false
1>                    PublicKeyToken=cc7b13ffcd2ddd51
1>                    ReferenceSourceTarget=ResolveAssemblyReference
1>                    ResolvedFrom={RawFileName}
1>                    Version=
1>            C:\Users\hansnguyen\.nuget\packages\microsoft.netcore.app.ref\3.0.0\ref\netcoreapp3.0\System.Threading.Tasks.Parallel.dll
1>                    AssemblyVersion=4.0.3.0
1>                    CopyLocal=false
1>                    ExternallyResolved=true
1>                    FileVersion=4.700.19.46214
1>                    FrameworkReferenceName=Microsoft.NETCore.App
1>                    FrameworkReferenceVersion=3.0.0
1>                    FusionName=System.Threading.Tasks.Parallel, Version=4.0.3.0, Culture=neutral, PublicKeyToken=b03f5f7f11d50a3a
1>                    ImageRuntime=v4.0.30319
1>                    NuGetPackageId=Microsoft.NETCore.App.Ref
1>                    NuGetPackageVersion=3.0.0
1>                    OriginalItemSpec=C:\Users\hansnguyen\.nuget\packages\microsoft.netcore.app.ref\3.0.0\ref\netcoreapp3.0\System.Threading.Tasks.Parallel.dll
1>                    Private=false
1>                    PublicKeyToken=b03f5f7f11d50a3a
1>                    ReferenceSourceTarget=ResolveAssemblyReference
1>                    ResolvedFrom={RawFileName}
1>                    Version=
1>            C:\Users\hansnguyen\.nuget\packages\microsoft.netcore.app.ref\3.0.0\ref\netcoreapp3.0\System.Threading.Thread.dll
1>                    AssemblyVersion=4.1.1.0
1>                    CopyLocal=false
1>                    ExternallyResolved=true
1>                    FileVersion=4.700.19.46214
1>                    FrameworkReferenceName=Microsoft.NETCore.App
1>                    FrameworkReferenceVersion=3.0.0
1>                    FusionName=System.Threading.Thread, Version=4.1.1.0, Culture=neutral, PublicKeyToken=b03f5f7f11d50a3a
1>                    ImageRuntime=v4.0.30319
1>                    NuGetPackageId=Microsoft.NETCore.App.Ref
1>                    NuGetPackageVersion=3.0.0
1>                    OriginalItemSpec=C:\Users\hansnguyen\.nuget\packages\microsoft.netcore.app.ref\3.0.0\ref\netcoreapp3.0\System.Threading.Thread.dll
1>                    Private=false
1>                    PublicKeyToken=b03f5f7f11d50a3a
1>                    ReferenceSourceTarget=ResolveAssemblyReference
1>                    ResolvedFrom={RawFileName}
1>                    Version=
1>            C:\Users\hansnguyen\.nuget\packages\microsoft.netcore.app.ref\3.0.0\ref\netcoreapp3.0\System.Threading.ThreadPool.dll
1>                    AssemblyVersion=4.1.1.0
1>                    CopyLocal=false
1>                    ExternallyResolved=true
1>                    FileVersion=4.700.19.46214
1>                    FrameworkReferenceName=Microsoft.NETCore.App
1>                    FrameworkReferenceVersion=3.0.0
1>                    FusionName=System.Threading.ThreadPool, Version=4.1.1.0, Culture=neutral, PublicKeyToken=b03f5f7f11d50a3a
1>                    ImageRuntime=v4.0.30319
1>                    NuGetPackageId=Microsoft.NETCore.App.Ref
1>                    NuGetPackageVersion=3.0.0
1>                    OriginalItemSpec=C:\Users\hansnguyen\.nuget\packages\microsoft.netcore.app.ref\3.0.0\ref\netcoreapp3.0\System.Threading.ThreadPool.dll
1>                    Private=false
1>                    PublicKeyToken=b03f5f7f11d50a3a
1>                    ReferenceSourceTarget=ResolveAssemblyReference
1>                    ResolvedFrom={RawFileName}
1>                    Version=
1>            C:\Users\hansnguyen\.nuget\packages\microsoft.netcore.app.ref\3.0.0\ref\netcoreapp3.0\System.Threading.Timer.dll
1>                    AssemblyVersion=4.1.1.0
1>                    CopyLocal=false
1>                    ExternallyResolved=true
1>                    FileVersion=4.700.19.46214
1>                    FrameworkReferenceName=Microsoft.NETCore.App
1>                    FrameworkReferenceVersion=3.0.0
1>                    FusionName=System.Threading.Timer, Version=4.1.1.0, Culture=neutral, PublicKeyToken=b03f5f7f11d50a3a
1>                    ImageRuntime=v4.0.30319
1>                    NuGetPackageId=Microsoft.NETCore.App.Ref
1>                    NuGetPackageVersion=3.0.0
1>                    OriginalItemSpec=C:\Users\hansnguyen\.nuget\packages\microsoft.netcore.app.ref\3.0.0\ref\netcoreapp3.0\System.Threading.Timer.dll
1>                    Private=false
1>                    PublicKeyToken=b03f5f7f11d50a3a
1>                    ReferenceSourceTarget=ResolveAssemblyReference
1>                    ResolvedFrom={RawFileName}
1>                    Version=
1>            C:\Users\hansnguyen\.nuget\packages\microsoft.netcore.app.ref\3.0.0\ref\netcoreapp3.0\System.Transactions.dll
1>                    AssemblyVersion=4.0.0.0
1>                    CopyLocal=false
1>                    ExternallyResolved=true
1>                    FileVersion=4.700.19.46214
1>                    FrameworkReferenceName=Microsoft.NETCore.App
1>                    FrameworkReferenceVersion=3.0.0
1>                    FusionName=System.Transactions, Version=4.0.0.0, Culture=neutral, PublicKeyToken=b77a5c561934e089
1>                    ImageRuntime=v4.0.30319
1>                    NuGetPackageId=Microsoft.NETCore.App.Ref
1>                    NuGetPackageVersion=3.0.0
1>                    OriginalItemSpec=C:\Users\hansnguyen\.nuget\packages\microsoft.netcore.app.ref\3.0.0\ref\netcoreapp3.0\System.Transactions.dll
1>                    Private=false
1>                    PublicKeyToken=b77a5c561934e089
1>                    ReferenceSourceTarget=ResolveAssemblyReference
1>                    ResolvedFrom={RawFileName}
1>                    Version=
1>            C:\Users\hansnguyen\.nuget\packages\microsoft.netcore.app.ref\3.0.0\ref\netcoreapp3.0\System.Transactions.Local.dll
1>                    AssemblyVersion=4.0.1.0
1>                    CopyLocal=false
1>                    ExternallyResolved=true
1>                    FileVersion=4.700.19.46214
1>                    FrameworkReferenceName=Microsoft.NETCore.App
1>                    FrameworkReferenceVersion=3.0.0
1>                    FusionName=System.Transactions.Local, Version=4.0.1.0, Culture=neutral, PublicKeyToken=cc7b13ffcd2ddd51
1>                    ImageRuntime=v4.0.30319
1>                    NuGetPackageId=Microsoft.NETCore.App.Ref
1>                    NuGetPackageVersion=3.0.0
1>                    OriginalItemSpec=C:\Users\hansnguyen\.nuget\packages\microsoft.netcore.app.ref\3.0.0\ref\netcoreapp3.0\System.Transactions.Local.dll
1>                    Private=false
1>                    PublicKeyToken=cc7b13ffcd2ddd51
1>                    ReferenceSourceTarget=ResolveAssemblyReference
1>                    ResolvedFrom={RawFileName}
1>                    Version=
1>            C:\Users\hansnguyen\.nuget\packages\microsoft.netcore.app.ref\3.0.0\ref\netcoreapp3.0\System.ValueTuple.dll
1>                    AssemblyVersion=4.0.3.0
1>                    CopyLocal=false
1>                    ExternallyResolved=true
1>                    FileVersion=4.700.19.46214
1>                    FrameworkReferenceName=Microsoft.NETCore.App
1>                    FrameworkReferenceVersion=3.0.0
1>                    FusionName=System.ValueTuple, Version=4.0.3.0, Culture=neutral, PublicKeyToken=cc7b13ffcd2ddd51
1>                    ImageRuntime=v4.0.30319
1>                    NuGetPackageId=Microsoft.NETCore.App.Ref
1>                    NuGetPackageVersion=3.0.0
1>                    OriginalItemSpec=C:\Users\hansnguyen\.nuget\packages\microsoft.netcore.app.ref\3.0.0\ref\netcoreapp3.0\System.ValueTuple.dll
1>                    Private=false
1>                    PublicKeyToken=cc7b13ffcd2ddd51
1>                    ReferenceSourceTarget=ResolveAssemblyReference
1>                    ResolvedFrom={RawFileName}
1>                    Version=
1>            C:\Users\hansnguyen\.nuget\packages\microsoft.netcore.app.ref\3.0.0\ref\netcoreapp3.0\System.Web.dll
1>                    AssemblyVersion=4.0.0.0
1>                    CopyLocal=false
1>                    ExternallyResolved=true
1>                    FileVersion=4.700.19.46214
1>                    FrameworkReferenceName=Microsoft.NETCore.App
1>                    FrameworkReferenceVersion=3.0.0
1>                    FusionName=System.Web, Version=4.0.0.0, Culture=neutral, PublicKeyToken=b03f5f7f11d50a3a
1>                    ImageRuntime=v4.0.30319
1>                    NuGetPackageId=Microsoft.NETCore.App.Ref
1>                    NuGetPackageVersion=3.0.0
1>                    OriginalItemSpec=C:\Users\hansnguyen\.nuget\packages\microsoft.netcore.app.ref\3.0.0\ref\netcoreapp3.0\System.Web.dll
1>                    Private=false
1>                    PublicKeyToken=b03f5f7f11d50a3a
1>                    ReferenceSourceTarget=ResolveAssemblyReference
1>                    ResolvedFrom={RawFileName}
1>                    Version=
1>            C:\Users\hansnguyen\.nuget\packages\microsoft.netcore.app.ref\3.0.0\ref\netcoreapp3.0\System.Web.HttpUtility.dll
1>                    AssemblyVersion=4.0.1.0
1>                    CopyLocal=false
1>                    ExternallyResolved=true
1>                    FileVersion=4.700.19.46214
1>                    FrameworkReferenceName=Microsoft.NETCore.App
1>                    FrameworkReferenceVersion=3.0.0
1>                    FusionName=System.Web.HttpUtility, Version=4.0.1.0, Culture=neutral, PublicKeyToken=cc7b13ffcd2ddd51
1>                    ImageRuntime=v4.0.30319
1>                    NuGetPackageId=Microsoft.NETCore.App.Ref
1>                    NuGetPackageVersion=3.0.0
1>                    OriginalItemSpec=C:\Users\hansnguyen\.nuget\packages\microsoft.netcore.app.ref\3.0.0\ref\netcoreapp3.0\System.Web.HttpUtility.dll
1>                    Private=false
1>                    PublicKeyToken=cc7b13ffcd2ddd51
1>                    ReferenceSourceTarget=ResolveAssemblyReference
1>                    ResolvedFrom={RawFileName}
1>                    Version=
1>            C:\Users\hansnguyen\.nuget\packages\microsoft.windowsdesktop.app.ref\3.0.0\ref\netcoreapp3.0\System.Windows.Controls.Ribbon.dll
1>                    AssemblyVersion=4.0.0.0
1>                    CopyLocal=false
1>                    ExternallyResolved=true
1>                    FileVersion=4.800.19.46214
1>                    FrameworkReferenceName=Microsoft.WindowsDesktop.App.WPF
1>                    FrameworkReferenceVersion=3.0.0
1>                    FusionName=System.Windows.Controls.Ribbon, Version=4.0.0.0, Culture=neutral, PublicKeyToken=b77a5c561934e089
1>                    ImageRuntime=v4.0.30319
1>                    NuGetPackageId=Microsoft.WindowsDesktop.App.Ref
1>                    NuGetPackageVersion=3.0.0
1>                    OriginalItemSpec=C:\Users\hansnguyen\.nuget\packages\microsoft.windowsdesktop.app.ref\3.0.0\ref\netcoreapp3.0\System.Windows.Controls.Ribbon.dll
1>                    Private=false
1>                    PublicKeyToken=b77a5c561934e089
1>                    ReferenceSourceTarget=ResolveAssemblyReference
1>                    ResolvedFrom={RawFileName}
1>                    Version=
1>            C:\Users\hansnguyen\.nuget\packages\microsoft.netcore.app.ref\3.0.0\ref\netcoreapp3.0\System.Windows.dll
1>                    AssemblyVersion=4.0.0.0
1>                    CopyLocal=false
1>                    ExternallyResolved=true
1>                    FileVersion=4.700.19.46214
1>                    FrameworkReferenceName=Microsoft.NETCore.App
1>                    FrameworkReferenceVersion=3.0.0
1>                    FusionName=System.Windows, Version=4.0.0.0, Culture=neutral, PublicKeyToken=b03f5f7f11d50a3a
1>                    ImageRuntime=v4.0.30319
1>                    NuGetPackageId=Microsoft.NETCore.App.Ref
1>                    NuGetPackageVersion=3.0.0
1>                    OriginalItemSpec=C:\Users\hansnguyen\.nuget\packages\microsoft.netcore.app.ref\3.0.0\ref\netcoreapp3.0\System.Windows.dll
1>                    Private=false
1>                    PublicKeyToken=b03f5f7f11d50a3a
1>                    ReferenceSourceTarget=ResolveAssemblyReference
1>                    ResolvedFrom={RawFileName}
1>                    Version=
1>            C:\Users\hansnguyen\.nuget\packages\microsoft.windowsdesktop.app.ref\3.0.0\ref\netcoreapp3.0\System.Windows.Extensions.dll
1>                    AssemblyVersion=4.0.0.0
1>                    CopyLocal=false
1>                    ExternallyResolved=true
1>                    FileVersion=4.700.19.46214
1>                    FrameworkReferenceName=Microsoft.WindowsDesktop.App.WPF
1>                    FrameworkReferenceVersion=3.0.0
1>                    FusionName=System.Windows.Extensions, Version=4.0.0.0, Culture=neutral, PublicKeyToken=cc7b13ffcd2ddd51
1>                    ImageRuntime=v4.0.30319
1>                    NuGetPackageId=Microsoft.WindowsDesktop.App.Ref
1>                    NuGetPackageVersion=3.0.0
1>                    OriginalItemSpec=C:\Users\hansnguyen\.nuget\packages\microsoft.windowsdesktop.app.ref\3.0.0\ref\netcoreapp3.0\System.Windows.Extensions.dll
1>                    Private=false
1>                    PublicKeyToken=cc7b13ffcd2ddd51
1>                    ReferenceSourceTarget=ResolveAssemblyReference
1>                    ResolvedFrom={RawFileName}
1>                    Version=
1>            C:\Users\hansnguyen\.nuget\packages\microsoft.windowsdesktop.app.ref\3.0.0\ref\netcoreapp3.0\System.Windows.Input.Manipulations.dll
1>                    AssemblyVersion=4.0.0.0
1>                    CopyLocal=false
1>                    ExternallyResolved=true
1>                    FileVersion=4.800.19.46214
1>                    FrameworkReferenceName=Microsoft.WindowsDesktop.App.WPF
1>                    FrameworkReferenceVersion=3.0.0
1>                    FusionName=System.Windows.Input.Manipulations, Version=4.0.0.0, Culture=neutral, PublicKeyToken=b77a5c561934e089
1>                    ImageRuntime=v4.0.30319
1>                    NuGetPackageId=Microsoft.WindowsDesktop.App.Ref
1>                    NuGetPackageVersion=3.0.0
1>                    OriginalItemSpec=C:\Users\hansnguyen\.nuget\packages\microsoft.windowsdesktop.app.ref\3.0.0\ref\netcoreapp3.0\System.Windows.Input.Manipulations.dll
1>                    Private=false
1>                    PublicKeyToken=b77a5c561934e089
1>                    ReferenceSourceTarget=ResolveAssemblyReference
1>                    ResolvedFrom={RawFileName}
1>                    Version=
1>            C:\Users\hansnguyen\.nuget\packages\microsoft.windowsdesktop.app.ref\3.0.0\ref\netcoreapp3.0\System.Windows.Presentation.dll
1>                    AssemblyVersion=4.0.0.0
1>                    CopyLocal=false
1>                    ExternallyResolved=true
1>                    FileVersion=4.800.19.46214
1>                    FrameworkReferenceName=Microsoft.WindowsDesktop.App.WPF
1>                    FrameworkReferenceVersion=3.0.0
1>                    FusionName=System.Windows.Presentation, Version=4.0.0.0, Culture=neutral, PublicKeyToken=b77a5c561934e089
1>                    ImageRuntime=v4.0.30319
1>                    NuGetPackageId=Microsoft.WindowsDesktop.App.Ref
1>                    NuGetPackageVersion=3.0.0
1>                    OriginalItemSpec=C:\Users\hansnguyen\.nuget\packages\microsoft.windowsdesktop.app.ref\3.0.0\ref\netcoreapp3.0\System.Windows.Presentation.dll
1>                    Private=false
1>                    PublicKeyToken=b77a5c561934e089
1>                    ReferenceSourceTarget=ResolveAssemblyReference
1>                    ResolvedFrom={RawFileName}
1>                    Version=
1>            C:\Users\hansnguyen\.nuget\packages\microsoft.windowsdesktop.app.ref\3.0.0\ref\netcoreapp3.0\System.Xaml.dll
1>                    AssemblyVersion=4.0.0.0
1>                    CopyLocal=false
1>                    ExternallyResolved=true
1>                    FileVersion=4.800.19.46214
1>                    FrameworkReferenceName=Microsoft.WindowsDesktop.App.WPF
1>                    FrameworkReferenceVersion=3.0.0
1>                    FusionName=System.Xaml, Version=4.0.0.0, Culture=neutral, PublicKeyToken=b77a5c561934e089
1>                    ImageRuntime=v4.0.30319
1>                    NuGetPackageId=Microsoft.WindowsDesktop.App.Ref
1>                    NuGetPackageVersion=3.0.0
1>                    OriginalItemSpec=C:\Users\hansnguyen\.nuget\packages\microsoft.windowsdesktop.app.ref\3.0.0\ref\netcoreapp3.0\System.Xaml.dll
1>                    Private=false
1>                    PublicKeyToken=b77a5c561934e089
1>                    ReferenceSourceTarget=ResolveAssemblyReference
1>                    ResolvedFrom={RawFileName}
1>                    Version=
1>            C:\Users\hansnguyen\.nuget\packages\microsoft.netcore.app.ref\3.0.0\ref\netcoreapp3.0\System.Xml.dll
1>                    AssemblyVersion=4.0.0.0
1>                    CopyLocal=false
1>                    ExternallyResolved=true
1>                    FileVersion=4.700.19.46214
1>                    FrameworkReferenceName=Microsoft.NETCore.App
1>                    FrameworkReferenceVersion=3.0.0
1>                    FusionName=System.Xml, Version=4.0.0.0, Culture=neutral, PublicKeyToken=b77a5c561934e089
1>                    ImageRuntime=v4.0.30319
1>                    NuGetPackageId=Microsoft.NETCore.App.Ref
1>                    NuGetPackageVersion=3.0.0
1>                    OriginalItemSpec=C:\Users\hansnguyen\.nuget\packages\microsoft.netcore.app.ref\3.0.0\ref\netcoreapp3.0\System.Xml.dll
1>                    Private=false
1>                    PublicKeyToken=b77a5c561934e089
1>                    ReferenceSourceTarget=ResolveAssemblyReference
1>                    ResolvedFrom={RawFileName}
1>                    Version=
1>            C:\Users\hansnguyen\.nuget\packages\microsoft.netcore.app.ref\3.0.0\ref\netcoreapp3.0\System.Xml.Linq.dll
1>                    AssemblyVersion=4.0.0.0
1>                    CopyLocal=false
1>                    ExternallyResolved=true
1>                    FileVersion=4.700.19.46214
1>                    FrameworkReferenceName=Microsoft.NETCore.App
1>                    FrameworkReferenceVersion=3.0.0
1>                    FusionName=System.Xml.Linq, Version=4.0.0.0, Culture=neutral, PublicKeyToken=b77a5c561934e089
1>                    ImageRuntime=v4.0.30319
1>                    NuGetPackageId=Microsoft.NETCore.App.Ref
1>                    NuGetPackageVersion=3.0.0
1>                    OriginalItemSpec=C:\Users\hansnguyen\.nuget\packages\microsoft.netcore.app.ref\3.0.0\ref\netcoreapp3.0\System.Xml.Linq.dll
1>                    Private=false
1>                    PublicKeyToken=b77a5c561934e089
1>                    ReferenceSourceTarget=ResolveAssemblyReference
1>                    ResolvedFrom={RawFileName}
1>                    Version=
1>            C:\Users\hansnguyen\.nuget\packages\microsoft.netcore.app.ref\3.0.0\ref\netcoreapp3.0\System.Xml.ReaderWriter.dll
1>                    AssemblyVersion=4.2.1.0
1>                    CopyLocal=false
1>                    ExternallyResolved=true
1>                    FileVersion=4.700.19.46214
1>                    FrameworkReferenceName=Microsoft.NETCore.App
1>                    FrameworkReferenceVersion=3.0.0
1>                    FusionName=System.Xml.ReaderWriter, Version=4.2.1.0, Culture=neutral, PublicKeyToken=b03f5f7f11d50a3a
1>                    ImageRuntime=v4.0.30319
1>                    NuGetPackageId=Microsoft.NETCore.App.Ref
1>                    NuGetPackageVersion=3.0.0
1>                    OriginalItemSpec=C:\Users\hansnguyen\.nuget\packages\microsoft.netcore.app.ref\3.0.0\ref\netcoreapp3.0\System.Xml.ReaderWriter.dll
1>                    Private=false
1>                    PublicKeyToken=b03f5f7f11d50a3a
1>                    ReferenceSourceTarget=ResolveAssemblyReference
1>                    ResolvedFrom={RawFileName}
1>                    Version=
1>            C:\Users\hansnguyen\.nuget\packages\microsoft.netcore.app.ref\3.0.0\ref\netcoreapp3.0\System.Xml.Serialization.dll
1>                    AssemblyVersion=4.0.0.0
1>                    CopyLocal=false
1>                    ExternallyResolved=true
1>                    FileVersion=4.700.19.46214
1>                    FrameworkReferenceName=Microsoft.NETCore.App
1>                    FrameworkReferenceVersion=3.0.0
1>                    FusionName=System.Xml.Serialization, Version=4.0.0.0, Culture=neutral, PublicKeyToken=b77a5c561934e089
1>                    ImageRuntime=v4.0.30319
1>                    NuGetPackageId=Microsoft.NETCore.App.Ref
1>                    NuGetPackageVersion=3.0.0
1>                    OriginalItemSpec=C:\Users\hansnguyen\.nuget\packages\microsoft.netcore.app.ref\3.0.0\ref\netcoreapp3.0\System.Xml.Serialization.dll
1>                    Private=false
1>                    PublicKeyToken=b77a5c561934e089
1>                    ReferenceSourceTarget=ResolveAssemblyReference
1>                    ResolvedFrom={RawFileName}
1>                    Version=
1>            C:\Users\hansnguyen\.nuget\packages\microsoft.netcore.app.ref\3.0.0\ref\netcoreapp3.0\System.Xml.XDocument.dll
1>                    AssemblyVersion=4.1.1.0
1>                    CopyLocal=false
1>                    ExternallyResolved=true
1>                    FileVersion=4.700.19.46214
1>                    FrameworkReferenceName=Microsoft.NETCore.App
1>                    FrameworkReferenceVersion=3.0.0
1>                    FusionName=System.Xml.XDocument, Version=4.1.1.0, Culture=neutral, PublicKeyToken=b03f5f7f11d50a3a
1>                    ImageRuntime=v4.0.30319
1>                    NuGetPackageId=Microsoft.NETCore.App.Ref
1>                    NuGetPackageVersion=3.0.0
1>                    OriginalItemSpec=C:\Users\hansnguyen\.nuget\packages\microsoft.netcore.app.ref\3.0.0\ref\netcoreapp3.0\System.Xml.XDocument.dll
1>                    Private=false
1>                    PublicKeyToken=b03f5f7f11d50a3a
1>                    ReferenceSourceTarget=ResolveAssemblyReference
1>                    ResolvedFrom={RawFileName}
1>                    Version=
1>            C:\Users\hansnguyen\.nuget\packages\microsoft.netcore.app.ref\3.0.0\ref\netcoreapp3.0\System.Xml.XmlDocument.dll
1>                    AssemblyVersion=4.1.1.0
1>                    CopyLocal=false
1>                    ExternallyResolved=true
1>                    FileVersion=4.700.19.46214
1>                    FrameworkReferenceName=Microsoft.NETCore.App
1>                    FrameworkReferenceVersion=3.0.0
1>                    FusionName=System.Xml.XmlDocument, Version=4.1.1.0, Culture=neutral, PublicKeyToken=b03f5f7f11d50a3a
1>                    ImageRuntime=v4.0.30319
1>                    NuGetPackageId=Microsoft.NETCore.App.Ref
1>                    NuGetPackageVersion=3.0.0
1>                    OriginalItemSpec=C:\Users\hansnguyen\.nuget\packages\microsoft.netcore.app.ref\3.0.0\ref\netcoreapp3.0\System.Xml.XmlDocument.dll
1>                    Private=false
1>                    PublicKeyToken=b03f5f7f11d50a3a
1>                    ReferenceSourceTarget=ResolveAssemblyReference
1>                    ResolvedFrom={RawFileName}
1>                    Version=
1>            C:\Users\hansnguyen\.nuget\packages\microsoft.netcore.app.ref\3.0.0\ref\netcoreapp3.0\System.Xml.XmlSerializer.dll
1>                    AssemblyVersion=4.1.1.0
1>                    CopyLocal=false
1>                    ExternallyResolved=true
1>                    FileVersion=4.700.19.46214
1>                    FrameworkReferenceName=Microsoft.NETCore.App
1>                    FrameworkReferenceVersion=3.0.0
1>                    FusionName=System.Xml.XmlSerializer, Version=4.1.1.0, Culture=neutral, PublicKeyToken=b03f5f7f11d50a3a
1>                    ImageRuntime=v4.0.30319
1>                    NuGetPackageId=Microsoft.NETCore.App.Ref
1>                    NuGetPackageVersion=3.0.0
1>                    OriginalItemSpec=C:\Users\hansnguyen\.nuget\packages\microsoft.netcore.app.ref\3.0.0\ref\netcoreapp3.0\System.Xml.XmlSerializer.dll
1>                    Private=false
1>                    PublicKeyToken=b03f5f7f11d50a3a
1>                    ReferenceSourceTarget=ResolveAssemblyReference
1>                    ResolvedFrom={RawFileName}
1>                    Version=
1>            C:\Users\hansnguyen\.nuget\packages\microsoft.netcore.app.ref\3.0.0\ref\netcoreapp3.0\System.Xml.XPath.dll
1>                    AssemblyVersion=4.1.1.0
1>                    CopyLocal=false
1>                    ExternallyResolved=true
1>                    FileVersion=4.700.19.46214
1>                    FrameworkReferenceName=Microsoft.NETCore.App
1>                    FrameworkReferenceVersion=3.0.0
1>                    FusionName=System.Xml.XPath, Version=4.1.1.0, Culture=neutral, PublicKeyToken=b03f5f7f11d50a3a
1>                    ImageRuntime=v4.0.30319
1>                    NuGetPackageId=Microsoft.NETCore.App.Ref
1>                    NuGetPackageVersion=3.0.0
1>                    OriginalItemSpec=C:\Users\hansnguyen\.nuget\packages\microsoft.netcore.app.ref\3.0.0\ref\netcoreapp3.0\System.Xml.XPath.dll
1>                    Private=false
1>                    PublicKeyToken=b03f5f7f11d50a3a
1>                    ReferenceSourceTarget=ResolveAssemblyReference
1>                    ResolvedFrom={RawFileName}
1>                    Version=
1>            C:\Users\hansnguyen\.nuget\packages\microsoft.netcore.app.ref\3.0.0\ref\netcoreapp3.0\System.Xml.XPath.XDocument.dll
1>                    AssemblyVersion=4.1.1.0
1>                    CopyLocal=false
1>                    ExternallyResolved=true
1>                    FileVersion=4.700.19.46214
1>                    FrameworkReferenceName=Microsoft.NETCore.App
1>                    FrameworkReferenceVersion=3.0.0
1>                    FusionName=System.Xml.XPath.XDocument, Version=4.1.1.0, Culture=neutral, PublicKeyToken=b03f5f7f11d50a3a
1>                    ImageRuntime=v4.0.30319
1>                    NuGetPackageId=Microsoft.NETCore.App.Ref
1>                    NuGetPackageVersion=3.0.0
1>                    OriginalItemSpec=C:\Users\hansnguyen\.nuget\packages\microsoft.netcore.app.ref\3.0.0\ref\netcoreapp3.0\System.Xml.XPath.XDocument.dll
1>                    Private=false
1>                    PublicKeyToken=b03f5f7f11d50a3a
1>                    ReferenceSourceTarget=ResolveAssemblyReference
1>                    ResolvedFrom={RawFileName}
1>                    Version=
1>            C:\Users\hansnguyen\.nuget\packages\microsoft.windowsdesktop.app.ref\3.0.0\ref\netcoreapp3.0\UIAutomationClient.dll
1>                    AssemblyVersion=4.0.0.0
1>                    CopyLocal=false
1>                    ExternallyResolved=true
1>                    FileVersion=4.800.19.46214
1>                    FrameworkReferenceName=Microsoft.WindowsDesktop.App.WPF
1>                    FrameworkReferenceVersion=3.0.0
1>                    FusionName=UIAutomationClient, Version=4.0.0.0, Culture=neutral, PublicKeyToken=31bf3856ad364e35
1>                    ImageRuntime=v4.0.30319
1>                    NuGetPackageId=Microsoft.WindowsDesktop.App.Ref
1>                    NuGetPackageVersion=3.0.0
1>                    OriginalItemSpec=C:\Users\hansnguyen\.nuget\packages\microsoft.windowsdesktop.app.ref\3.0.0\ref\netcoreapp3.0\UIAutomationClient.dll
1>                    Private=false
1>                    PublicKeyToken=31bf3856ad364e35
1>                    ReferenceSourceTarget=ResolveAssemblyReference
1>                    ResolvedFrom={RawFileName}
1>                    Version=
1>            C:\Users\hansnguyen\.nuget\packages\microsoft.windowsdesktop.app.ref\3.0.0\ref\netcoreapp3.0\UIAutomationClientSideProviders.dll
1>                    AssemblyVersion=4.0.0.0
1>                    CopyLocal=false
1>                    ExternallyResolved=true
1>                    FileVersion=4.800.19.46214
1>                    FrameworkReferenceName=Microsoft.WindowsDesktop.App.WPF
1>                    FrameworkReferenceVersion=3.0.0
1>                    FusionName=UIAutomationClientSideProviders, Version=4.0.0.0, Culture=neutral, PublicKeyToken=b77a5c561934e089
1>                    ImageRuntime=v4.0.30319
1>                    NuGetPackageId=Microsoft.WindowsDesktop.App.Ref
1>                    NuGetPackageVersion=3.0.0
1>                    OriginalItemSpec=C:\Users\hansnguyen\.nuget\packages\microsoft.windowsdesktop.app.ref\3.0.0\ref\netcoreapp3.0\UIAutomationClientSideProviders.dll
1>                    Private=false
1>                    PublicKeyToken=b77a5c561934e089
1>                    ReferenceSourceTarget=ResolveAssemblyReference
1>                    ResolvedFrom={RawFileName}
1>                    Version=
1>            C:\Users\hansnguyen\.nuget\packages\microsoft.windowsdesktop.app.ref\3.0.0\ref\netcoreapp3.0\UIAutomationProvider.dll
1>                    AssemblyVersion=4.0.0.0
1>                    CopyLocal=false
1>                    ExternallyResolved=true
1>                    FileVersion=4.800.19.46214
1>                    FrameworkReferenceName=Microsoft.WindowsDesktop.App.WPF
1>                    FrameworkReferenceVersion=3.0.0
1>                    FusionName=UIAutomationProvider, Version=4.0.0.0, Culture=neutral, PublicKeyToken=31bf3856ad364e35
1>                    ImageRuntime=v4.0.30319
1>                    NuGetPackageId=Microsoft.WindowsDesktop.App.Ref
1>                    NuGetPackageVersion=3.0.0
1>                    OriginalItemSpec=C:\Users\hansnguyen\.nuget\packages\microsoft.windowsdesktop.app.ref\3.0.0\ref\netcoreapp3.0\UIAutomationProvider.dll
1>                    Private=false
1>                    PublicKeyToken=31bf3856ad364e35
1>                    ReferenceSourceTarget=ResolveAssemblyReference
1>                    ResolvedFrom={RawFileName}
1>                    Version=
1>            C:\Users\hansnguyen\.nuget\packages\microsoft.windowsdesktop.app.ref\3.0.0\ref\netcoreapp3.0\UIAutomationTypes.dll
1>                    AssemblyVersion=4.0.0.0
1>                    CopyLocal=false
1>                    ExternallyResolved=true
1>                    FileVersion=4.800.19.46214
1>                    FrameworkReferenceName=Microsoft.WindowsDesktop.App.WPF
1>                    FrameworkReferenceVersion=3.0.0
1>                    FusionName=UIAutomationTypes, Version=4.0.0.0, Culture=neutral, PublicKeyToken=31bf3856ad364e35
1>                    ImageRuntime=v4.0.30319
1>                    NuGetPackageId=Microsoft.WindowsDesktop.App.Ref
1>                    NuGetPackageVersion=3.0.0
1>                    OriginalItemSpec=C:\Users\hansnguyen\.nuget\packages\microsoft.windowsdesktop.app.ref\3.0.0\ref\netcoreapp3.0\UIAutomationTypes.dll
1>                    Private=false
1>                    PublicKeyToken=31bf3856ad364e35
1>                    ReferenceSourceTarget=ResolveAssemblyReference
1>                    ResolvedFrom={RawFileName}
1>                    Version=
1>            C:\Users\hansnguyen\.nuget\packages\microsoft.windowsdesktop.app.ref\3.0.0\ref\netcoreapp3.0\WindowsBase.dll
1>                    AssemblyVersion=4.0.0.0
1>                    CopyLocal=false
1>                    ExternallyResolved=true
1>                    FileVersion=4.800.19.46214
1>                    FrameworkReferenceName=Microsoft.WindowsDesktop.App.WPF
1>                    FrameworkReferenceVersion=3.0.0
1>                    FusionName=WindowsBase, Version=4.0.0.0, Culture=neutral, PublicKeyToken=31bf3856ad364e35
1>                    ImageRuntime=v4.0.30319
1>                    NuGetPackageId=Microsoft.WindowsDesktop.App.Ref
1>                    NuGetPackageVersion=3.0.0
1>                    OriginalItemSpec=C:\Users\hansnguyen\.nuget\packages\microsoft.windowsdesktop.app.ref\3.0.0\ref\netcoreapp3.0\WindowsBase.dll
1>                    Private=false
1>                    PublicKeyToken=31bf3856ad364e35
1>                    ReferenceSourceTarget=ResolveAssemblyReference
1>                    ResolvedFrom={RawFileName}
1>                    Version=
1>    Output Property: DependsOnSystemRuntime=True
1>    Output Property: _DependsOnNETStandard=True
1>  Done executing task "ResolveAssemblyReference".
1>Done building target "ResolveAssemblyReferences" in project "GridWithMenuApp1_VS2022.csproj".
1>Target "BeforeGenerateFakesAssemblies" in file "C:\Program Files\Microsoft Visual Studio\2022\Preview\MSBuild\Microsoft\VisualStudio\v17.0\Fakes\Microsoft.QualityTools.Testing.Fakes.targets":
1>Done building target "BeforeGenerateFakesAssemblies" in project "GridWithMenuApp1_VS2022.csproj".
1>Target "GenerateFakesAssemblies" skipped, due to false condition; (@(Fakes) != '' AND $(BuildingProject) AND $(FakesUseV2Generation) == 'true') was evaluated as ( != '' AND true AND true == 'true').
1>Target "CopyFakesAssembliesToOutputDir" skipped, due to false condition; ($(FakesUseV2Generation) == 'true' AND Exists('$(FakesOutputPath)')) was evaluated as (true == 'true' AND Exists('C:\Users\hansnguyen\source\repos\GridWithMenuApp1_VS2022\FakesAssemblies')).
1>Target "GenerateFakes" in file "C:\Program Files\Microsoft Visual Studio\2022\Preview\MSBuild\Microsoft\VisualStudio\v17.0\Fakes\Microsoft.QualityTools.Testing.Fakes.targets":
1>Done building target "GenerateFakes" in project "GridWithMenuApp1_VS2022.csproj".
1>Target "_ErrorOnUnresolvedWindowsSDKAssemblyConflict" skipped, due to false condition; ( '@(ResolveAssemblyReferenceUnresolvedAssemblyConflicts)' != '' ) was evaluated as ( '' != '' ).
1>Target "GenerateBindingRedirects" skipped, due to false condition; ('$(AutoGenerateBindingRedirects)' == 'true' and '$(GenerateBindingRedirectsOutputType)' == 'true') was evaluated as ('' == 'true' and 'true' == 'true').
1>Target "GenerateSupportedRuntime" skipped, due to false condition; ('$(GenerateSupportedRuntime)' != 'false' and '$(TargetFrameworkIdentifier)' == '.NETFramework' and '$(HasRuntimeOutput)' == 'true') was evaluated as ('' != 'false' and '.NETCoreApp' == '.NETFramework' and 'true' == 'true').
1>Target "GenerateBindingRedirectsUpdateAppConfig" skipped, due to false condition; ('$(AutoGenerateBindingRedirects)' == 'true' and '$(GenerateBindingRedirectsOutputType)' == 'true' and Exists('$(_GenerateBindingRedirectsIntermediateAppConfig)')) was evaluated as ('' == 'true' and 'true' == 'true' and Exists('obj\Debug\netcoreapp3.0\GridWithMenuApp1_VS2022.dll.config')).
1>Target "ResolveComReferences" skipped, due to false condition; ('@(COMReference)'!='' or '@(COMFileReference)'!='') was evaluated as (''!='' or ''!='').
1>Target "AfterResolveReferences" in file "C:\Program Files\Microsoft Visual Studio\2022\Preview\MSBuild\Current\Bin\amd64\Microsoft.Common.CurrentVersion.targets":
1>Done building target "AfterResolveReferences" in project "GridWithMenuApp1_VS2022.csproj".
1>Target "ResolveTestReferences" skipped, due to false condition; ('@(Shadow)'!='') was evaluated as (''!='').
1>Target "ResolveReferences" in file "C:\Program Files\Microsoft Visual Studio\2022\Preview\MSBuild\Current\Bin\amd64\Microsoft.Common.CurrentVersion.targets":
1>Done building target "ResolveReferences" in project "GridWithMenuApp1_VS2022.csproj".
1>Target "SplashScreenValidation" skipped, due to false condition; ('@(SplashScreen)' != '') was evaluated as ('' != '').
1>Target "MarkupCompilePass1" in file "C:\Program Files\dotnet\sdk\6.0.100-preview.7.21379.14\Sdks\Microsoft.NET.Sdk.WindowsDesktop\targets\Microsoft.WinFX.targets":
1>  Task "Message" skipped, due to false condition; ('$(MSBuildTargetsVerbose)'=='true') was evaluated as (''=='true').
1>  Task "Message" skipped, due to false condition; ('$(MSBuildTargetsVerbose)'=='true') was evaluated as (''=='true').
1>  Task "Message" skipped, due to false condition; ('$(MSBuildTargetsVerbose)'=='true') was evaluated as (''=='true').
1>  Task "Message" skipped, due to false condition; ('$(MSBuildTargetsVerbose)'=='true') was evaluated as (''=='true').
1>  Set Property: _IntellisenseOnlyCompile=false
1>  Using "MarkupCompilePass1" task from assembly "C:\Program Files\dotnet\sdk\6.0.100-preview.7.21379.14\Sdks\Microsoft.NET.Sdk.WindowsDesktop\tools\net472\PresentationBuildTasks.dll".
1>  Task "MarkupCompilePass1"
1>    Task Parameter:OutputPath=obj\Debug\netcoreapp3.0\
1>    Task Parameter:OutputType=WinExe
1>    Task Parameter:AlwaysCompileMarkupFilesInSeparateDomain=True
1>    Task Parameter:
1>        References=
1>            C:\Users\hansnguyen\.nuget\packages\microsoft.windowsdesktop.app.ref\3.0.0\ref\netcoreapp3.0\Accessibility.dll
1>                    AssemblyVersion=4.0.0.0
1>                    CopyLocal=false
1>                    ExternallyResolved=true
1>                    FileVersion=4.800.19.46210
1>                    FrameworkReferenceName=Microsoft.WindowsDesktop.App.WPF
1>                    FrameworkReferenceVersion=3.0.0
1>                    FusionName=Accessibility, Version=4.0.0.0, Culture=neutral, PublicKeyToken=31bf3856ad364e35
1>                    ImageRuntime=v4.0.30319
1>                    NuGetPackageId=Microsoft.WindowsDesktop.App.Ref
1>                    NuGetPackageVersion=3.0.0
1>                    OriginalItemSpec=C:\Users\hansnguyen\.nuget\packages\microsoft.windowsdesktop.app.ref\3.0.0\ref\netcoreapp3.0\Accessibility.dll
1>                    Private=false
1>                    PublicKeyToken=31bf3856ad364e35
1>                    ReferenceSourceTarget=ResolveAssemblyReference
1>                    ResolvedFrom={RawFileName}
1>                    Version=
1>            C:\Users\hansnguyen\.nuget\packages\c1.xaml.wpf\4.5.20213.749\lib\netcoreapp3.0\C1.WPF.4.5.2.dll
1>                    CopyLocal=false
1>                    ExternallyResolved=true
1>                    FusionName=C1.WPF.4.5.2, Version=4.5.20213.749, Culture=neutral, PublicKeyToken=2aa4ec5576d6c3ce
1>                    HintPath=C:\Users\hansnguyen\.nuget\packages\c1.xaml.wpf\4.5.20213.749\lib\netcoreapp3.0\C1.WPF.4.5.2.dll
1>                    ImageRuntime=v4.0.30319
1>                    NuGetPackageId=C1.Xaml.WPF
1>                    NuGetPackageVersion=4.5.20213.749
1>                    NuGetSourceType=Package
1>                    OriginalItemSpec=C:\Users\hansnguyen\.nuget\packages\c1.xaml.wpf\4.5.20213.749\lib\netcoreapp3.0\C1.WPF.4.5.2.dll
1>                    PathInPackage=lib/netcoreapp3.0/C1.WPF.4.5.2.dll
1>                    Private=false
1>                    ReferenceSourceTarget=ResolveAssemblyReference
1>                    ResolvedFrom={HintPathFromItem}
1>                    Version=
1>            C:\Users\hansnguyen\.nuget\packages\c1.xaml.wpf.datetimeeditors\4.5.20213.749\lib\netcoreapp3.0\C1.WPF.DateTimeEditors.4.5.2.dll
1>                    CopyLocal=false
1>                    ExternallyResolved=true
1>                    FusionName=C1.WPF.DateTimeEditors.4.5.2, Version=4.5.20213.749, Culture=neutral, PublicKeyToken=2aa4ec5576d6c3ce
1>                    HintPath=C:\Users\hansnguyen\.nuget\packages\c1.xaml.wpf.datetimeeditors\4.5.20213.749\lib\netcoreapp3.0\C1.WPF.DateTimeEditors.4.5.2.dll
1>                    ImageRuntime=v4.0.30319
1>                    NuGetPackageId=C1.Xaml.WPF.DateTimeEditors
1>                    NuGetPackageVersion=4.5.20213.749
1>                    NuGetSourceType=Package
1>                    OriginalItemSpec=C:\Users\hansnguyen\.nuget\packages\c1.xaml.wpf.datetimeeditors\4.5.20213.749\lib\netcoreapp3.0\C1.WPF.DateTimeEditors.4.5.2.dll
1>                    PathInPackage=lib/netcoreapp3.0/C1.WPF.DateTimeEditors.4.5.2.dll
1>                    Private=false
1>                    ReferenceSourceTarget=ResolveAssemblyReference
1>                    ResolvedFrom={HintPathFromItem}
1>                    Version=
1>            C:\Users\hansnguyen\.nuget\packages\c1.xaml.wpf.flexgrid\4.5.20213.749\lib\netcoreapp3.0\C1.WPF.FlexGrid.4.5.2.dll
1>                    CopyLocal=false
1>                    ExternallyResolved=true
1>                    FusionName=C1.WPF.FlexGrid.4.5.2, Version=4.5.20213.749, Culture=neutral, PublicKeyToken=2aa4ec5576d6c3ce
1>                    HintPath=C:\Users\hansnguyen\.nuget\packages\c1.xaml.wpf.flexgrid\4.5.20213.749\lib\netcoreapp3.0\C1.WPF.FlexGrid.4.5.2.dll
1>                    ImageRuntime=v4.0.30319
1>                    NuGetPackageId=C1.Xaml.WPF.FlexGrid
1>                    NuGetPackageVersion=4.5.20213.749
1>                    NuGetSourceType=Package
1>                    OriginalItemSpec=C:\Users\hansnguyen\.nuget\packages\c1.xaml.wpf.flexgrid\4.5.20213.749\lib\netcoreapp3.0\C1.WPF.FlexGrid.4.5.2.dll
1>                    PathInPackage=lib/netcoreapp3.0/C1.WPF.FlexGrid.4.5.2.dll
1>                    Private=false
1>                    ReferenceSourceTarget=ResolveAssemblyReference
1>                    ResolvedFrom={HintPathFromItem}
1>                    Version=
1>            C:\Users\hansnguyen\.nuget\packages\c1.xaml.wpf.flexgrid.grouppanel\4.5.20213.749\lib\netcoreapp3.0\C1.WPF.FlexGrid.GroupPanel.4.5.2.dll
1>                    CopyLocal=false
1>                    ExternallyResolved=true
1>                    FusionName=C1.WPF.FlexGrid.GroupPanel.4.5.2, Version=4.5.20213.749, Culture=neutral, PublicKeyToken=2aa4ec5576d6c3ce
1>                    HintPath=C:\Users\hansnguyen\.nuget\packages\c1.xaml.wpf.flexgrid.grouppanel\4.5.20213.749\lib\netcoreapp3.0\C1.WPF.FlexGrid.GroupPanel.4.5.2.dll
1>                    ImageRuntime=v4.0.30319
1>                    NuGetPackageId=C1.Xaml.WPF.FlexGrid.GroupPanel
1>                    NuGetPackageVersion=4.5.20213.749
1>                    NuGetSourceType=Package
1>                    OriginalItemSpec=C:\Users\hansnguyen\.nuget\packages\c1.xaml.wpf.flexgrid.grouppanel\4.5.20213.749\lib\netcoreapp3.0\C1.WPF.FlexGrid.GroupPanel.4.5.2.dll
1>                    PathInPackage=lib/netcoreapp3.0/C1.WPF.FlexGrid.GroupPanel.4.5.2.dll
1>                    Private=false
1>                    ReferenceSourceTarget=ResolveAssemblyReference
1>                    ResolvedFrom={HintPathFromItem}
1>                    Version=
1>            C:\Users\hansnguyen\.nuget\packages\c1.xaml.wpf.flexgridfilter\4.5.20213.749\lib\netcoreapp3.0\C1.WPF.FlexGridFilter.4.5.2.dll
1>                    CopyLocal=false
1>                    ExternallyResolved=true
1>                    FusionName=C1.WPF.FlexGridFilter.4.5.2, Version=4.5.20213.749, Culture=neutral, PublicKeyToken=2aa4ec5576d6c3ce
1>                    HintPath=C:\Users\hansnguyen\.nuget\packages\c1.xaml.wpf.flexgridfilter\4.5.20213.749\lib\netcoreapp3.0\C1.WPF.FlexGridFilter.4.5.2.dll
1>                    ImageRuntime=v4.0.30319
1>                    NuGetPackageId=C1.Xaml.WPF.FlexGridFilter
1>                    NuGetPackageVersion=4.5.20213.749
1>                    NuGetSourceType=Package
1>                    OriginalItemSpec=C:\Users\hansnguyen\.nuget\packages\c1.xaml.wpf.flexgridfilter\4.5.20213.749\lib\netcoreapp3.0\C1.WPF.FlexGridFilter.4.5.2.dll
1>                    PathInPackage=lib/netcoreapp3.0/C1.WPF.FlexGridFilter.4.5.2.dll
1>                    Private=false
1>                    ReferenceSourceTarget=ResolveAssemblyReference
1>                    ResolvedFrom={HintPathFromItem}
1>                    Version=
1>            C:\Users\hansnguyen\.nuget\packages\c1.xaml.wpf.toolbar\4.5.20213.749\lib\netcoreapp3.0\C1.WPF.Toolbar.4.5.2.dll
1>                    CopyLocal=false
1>                    ExternallyResolved=true
1>                    FusionName=C1.WPF.Toolbar.4.5.2, Version=4.5.20213.749, Culture=neutral, PublicKeyToken=2aa4ec5576d6c3ce
1>                    HintPath=C:\Users\hansnguyen\.nuget\packages\c1.xaml.wpf.toolbar\4.5.20213.749\lib\netcoreapp3.0\C1.WPF.Toolbar.4.5.2.dll
1>                    ImageRuntime=v4.0.30319
1>                    NuGetPackageId=C1.Xaml.WPF.Toolbar
1>                    NuGetPackageVersion=4.5.20213.749
1>                    NuGetSourceType=Package
1>                    OriginalItemSpec=C:\Users\hansnguyen\.nuget\packages\c1.xaml.wpf.toolbar\4.5.20213.749\lib\netcoreapp3.0\C1.WPF.Toolbar.4.5.2.dll
1>                    PathInPackage=lib/netcoreapp3.0/C1.WPF.Toolbar.4.5.2.dll
1>                    Private=false
1>                    ReferenceSourceTarget=ResolveAssemblyReference
1>                    ResolvedFrom={HintPathFromItem}
1>                    Version=
1>            C:\Users\hansnguyen\.nuget\packages\microsoft.netcore.app.ref\3.0.0\ref\netcoreapp3.0\Microsoft.CSharp.dll
1>                    AssemblyVersion=4.0.0.0
1>                    CopyLocal=false
1>                    ExternallyResolved=true
1>                    FileVersion=4.700.19.46214
1>                    FrameworkReferenceName=Microsoft.NETCore.App
1>                    FrameworkReferenceVersion=3.0.0
1>                    FusionName=Microsoft.CSharp, Version=4.0.0.0, Culture=neutral, PublicKeyToken=b03f5f7f11d50a3a
1>                    ImageRuntime=v4.0.30319
1>                    NuGetPackageId=Microsoft.NETCore.App.Ref
1>                    NuGetPackageVersion=3.0.0
1>                    OriginalItemSpec=C:\Users\hansnguyen\.nuget\packages\microsoft.netcore.app.ref\3.0.0\ref\netcoreapp3.0\Microsoft.CSharp.dll
1>                    Private=false
1>                    PublicKeyToken=b03f5f7f11d50a3a
1>                    ReferenceSourceTarget=ResolveAssemblyReference
1>                    ResolvedFrom={RawFileName}
1>                    Version=
1>            C:\Users\hansnguyen\.nuget\packages\microsoft.netcore.app.ref\3.0.0\ref\netcoreapp3.0\Microsoft.VisualBasic.Core.dll
1>                    AssemblyVersion=10.0.4.0
1>                    CopyLocal=false
1>                    ExternallyResolved=true
1>                    FileVersion=4.700.19.46214
1>                    FrameworkReferenceName=Microsoft.NETCore.App
1>                    FrameworkReferenceVersion=3.0.0
1>                    FusionName=Microsoft.VisualBasic.Core, Version=10.0.4.0, Culture=neutral, PublicKeyToken=b03f5f7f11d50a3a
1>                    ImageRuntime=v4.0.30319
1>                    NuGetPackageId=Microsoft.NETCore.App.Ref
1>                    NuGetPackageVersion=3.0.0
1>                    OriginalItemSpec=C:\Users\hansnguyen\.nuget\packages\microsoft.netcore.app.ref\3.0.0\ref\netcoreapp3.0\Microsoft.VisualBasic.Core.dll
1>                    Private=false
1>                    PublicKeyToken=b03f5f7f11d50a3a
1>                    ReferenceSourceTarget=ResolveAssemblyReference
1>                    ResolvedFrom={RawFileName}
1>                    Version=
1>            C:\Users\hansnguyen\.nuget\packages\microsoft.netcore.app.ref\3.0.0\ref\netcoreapp3.0\Microsoft.VisualBasic.dll
1>                    AssemblyVersion=10.0.0.0
1>                    CopyLocal=false
1>                    ExternallyResolved=true
1>                    FileVersion=4.700.19.46214
1>                    FrameworkReferenceName=Microsoft.NETCore.App
1>                    FrameworkReferenceVersion=3.0.0
1>                    FusionName=Microsoft.VisualBasic, Version=10.0.0.0, Culture=neutral, PublicKeyToken=b03f5f7f11d50a3a
1>                    ImageRuntime=v4.0.30319
1>                    NuGetPackageId=Microsoft.NETCore.App.Ref
1>                    NuGetPackageVersion=3.0.0
1>                    OriginalItemSpec=C:\Users\hansnguyen\.nuget\packages\microsoft.netcore.app.ref\3.0.0\ref\netcoreapp3.0\Microsoft.VisualBasic.dll
1>                    Private=false
1>                    PublicKeyToken=b03f5f7f11d50a3a
1>                    ReferenceSourceTarget=ResolveAssemblyReference
1>                    ResolvedFrom={RawFileName}
1>                    Version=
1>            C:\Users\hansnguyen\.nuget\packages\microsoft.netcore.app.ref\3.0.0\ref\netcoreapp3.0\Microsoft.Win32.Primitives.dll
1>                    AssemblyVersion=4.1.1.0
1>                    CopyLocal=false
1>                    ExternallyResolved=true
1>                    FileVersion=4.700.19.46214
1>                    FrameworkReferenceName=Microsoft.NETCore.App
1>                    FrameworkReferenceVersion=3.0.0
1>                    FusionName=Microsoft.Win32.Primitives, Version=4.1.1.0, Culture=neutral, PublicKeyToken=b03f5f7f11d50a3a
1>                    ImageRuntime=v4.0.30319
1>                    NuGetPackageId=Microsoft.NETCore.App.Ref
1>                    NuGetPackageVersion=3.0.0
1>                    OriginalItemSpec=C:\Users\hansnguyen\.nuget\packages\microsoft.netcore.app.ref\3.0.0\ref\netcoreapp3.0\Microsoft.Win32.Primitives.dll
1>                    Private=false
1>                    PublicKeyToken=b03f5f7f11d50a3a
1>                    ReferenceSourceTarget=ResolveAssemblyReference
1>                    ResolvedFrom={RawFileName}
1>                    Version=
1>            C:\Users\hansnguyen\.nuget\packages\microsoft.windowsdesktop.app.ref\3.0.0\ref\netcoreapp3.0\Microsoft.Win32.Registry.AccessControl.dll
1>                    AssemblyVersion=4.0.4.0
1>                    CopyLocal=false
1>                    ExternallyResolved=true
1>                    FileVersion=4.700.19.46214
1>                    FrameworkReferenceName=Microsoft.WindowsDesktop.App.WPF
1>                    FrameworkReferenceVersion=3.0.0
1>                    FusionName=Microsoft.Win32.Registry.AccessControl, Version=4.0.4.0, Culture=neutral, PublicKeyToken=b03f5f7f11d50a3a
1>                    ImageRuntime=v4.0.30319
1>                    NuGetPackageId=Microsoft.WindowsDesktop.App.Ref
1>                    NuGetPackageVersion=3.0.0
1>                    OriginalItemSpec=C:\Users\hansnguyen\.nuget\packages\microsoft.windowsdesktop.app.ref\3.0.0\ref\netcoreapp3.0\Microsoft.Win32.Registry.AccessControl.dll
1>                    Private=false
1>                    PublicKeyToken=b03f5f7f11d50a3a
1>                    ReferenceSourceTarget=ResolveAssemblyReference
1>                    ResolvedFrom={RawFileName}
1>                    Version=
1>            C:\Users\hansnguyen\.nuget\packages\microsoft.windowsdesktop.app.ref\3.0.0\ref\netcoreapp3.0\Microsoft.Win32.Registry.dll
1>                    AssemblyVersion=4.1.2.0
1>                    CopyLocal=false
1>                    ExternallyResolved=true
1>                    FileVersion=4.700.19.46214
1>                    FrameworkReferenceName=Microsoft.WindowsDesktop.App.WPF
1>                    FrameworkReferenceVersion=3.0.0
1>                    FusionName=Microsoft.Win32.Registry, Version=4.1.2.0, Culture=neutral, PublicKeyToken=b03f5f7f11d50a3a
1>                    ImageRuntime=v4.0.30319
1>                    NuGetPackageId=Microsoft.WindowsDesktop.App.Ref
1>                    NuGetPackageVersion=3.0.0
1>                    OriginalItemSpec=C:\Users\hansnguyen\.nuget\packages\microsoft.windowsdesktop.app.ref\3.0.0\ref\netcoreapp3.0\Microsoft.Win32.Registry.dll
1>                    Private=false
1>                    PublicKeyToken=b03f5f7f11d50a3a
1>                    ReferenceSourceTarget=ResolveAssemblyReference
1>                    ResolvedFrom={RawFileName}
1>                    Version=
1>            C:\Users\hansnguyen\.nuget\packages\microsoft.windowsdesktop.app.ref\3.0.0\ref\netcoreapp3.0\Microsoft.Win32.SystemEvents.dll
1>                    AssemblyVersion=4.0.1.0
1>                    CopyLocal=false
1>                    ExternallyResolved=true
1>                    FileVersion=4.700.19.46214
1>                    FrameworkReferenceName=Microsoft.WindowsDesktop.App.WPF
1>                    FrameworkReferenceVersion=3.0.0
1>                    FusionName=Microsoft.Win32.SystemEvents, Version=4.0.1.0, Culture=neutral, PublicKeyToken=cc7b13ffcd2ddd51
1>                    ImageRuntime=v4.0.30319
1>                    NuGetPackageId=Microsoft.WindowsDesktop.App.Ref
1>                    NuGetPackageVersion=3.0.0
1>                    OriginalItemSpec=C:\Users\hansnguyen\.nuget\packages\microsoft.windowsdesktop.app.ref\3.0.0\ref\netcoreapp3.0\Microsoft.Win32.SystemEvents.dll
1>                    Private=false
1>                    PublicKeyToken=cc7b13ffcd2ddd51
1>                    ReferenceSourceTarget=ResolveAssemblyReference
1>                    ResolvedFrom={RawFileName}
1>                    Version=
1>            C:\Users\hansnguyen\.nuget\packages\microsoft.netcore.app.ref\3.0.0\ref\netcoreapp3.0\mscorlib.dll
1>                    AssemblyVersion=4.0.0.0
1>                    CopyLocal=false
1>                    ExternallyResolved=true
1>                    FileVersion=4.700.19.46214
1>                    FrameworkReferenceName=Microsoft.NETCore.App
1>                    FrameworkReferenceVersion=3.0.0
1>                    FusionName=mscorlib, Version=4.0.0.0, Culture=neutral, PublicKeyToken=b77a5c561934e089
1>                    ImageRuntime=v4.0.30319
1>                    NuGetPackageId=Microsoft.NETCore.App.Ref
1>                    NuGetPackageVersion=3.0.0
1>                    OriginalItemSpec=C:\Users\hansnguyen\.nuget\packages\microsoft.netcore.app.ref\3.0.0\ref\netcoreapp3.0\mscorlib.dll
1>                    Private=false
1>                    PublicKeyToken=b77a5c561934e089
1>                    ReferenceSourceTarget=ResolveAssemblyReference
1>                    ResolvedFrom={RawFileName}
1>                    Version=
1>            C:\Users\hansnguyen\.nuget\packages\microsoft.netcore.app.ref\3.0.0\ref\netcoreapp3.0\netstandard.dll
1>                    AssemblyVersion=2.1.0.0
1>                    CopyLocal=false
1>                    ExternallyResolved=true
1>                    FileVersion=4.700.19.46214
1>                    FrameworkReferenceName=Microsoft.NETCore.App
1>                    FrameworkReferenceVersion=3.0.0
1>                    FusionName=netstandard, Version=2.1.0.0, Culture=neutral, PublicKeyToken=cc7b13ffcd2ddd51
1>                    ImageRuntime=v4.0.30319
1>                    NuGetPackageId=Microsoft.NETCore.App.Ref
1>                    NuGetPackageVersion=3.0.0
1>                    OriginalItemSpec=C:\Users\hansnguyen\.nuget\packages\microsoft.netcore.app.ref\3.0.0\ref\netcoreapp3.0\netstandard.dll
1>                    Private=false
1>                    PublicKeyToken=cc7b13ffcd2ddd51
1>                    ReferenceSourceTarget=ResolveAssemblyReference
1>                    ResolvedFrom={RawFileName}
1>                    Version=
1>            C:\Users\hansnguyen\.nuget\packages\microsoft.windowsdesktop.app.ref\3.0.0\ref\netcoreapp3.0\PresentationCore.dll
1>                    AssemblyVersion=4.0.0.0
1>                    CopyLocal=false
1>                    ExternallyResolved=true
1>                    FileVersion=4.800.19.46214
1>                    FrameworkReferenceName=Microsoft.WindowsDesktop.App.WPF
1>                    FrameworkReferenceVersion=3.0.0
1>                    FusionName=PresentationCore, Version=4.0.0.0, Culture=neutral, PublicKeyToken=31bf3856ad364e35
1>                    ImageRuntime=v4.0.30319
1>                    NuGetPackageId=Microsoft.WindowsDesktop.App.Ref
1>                    NuGetPackageVersion=3.0.0
1>                    OriginalItemSpec=C:\Users\hansnguyen\.nuget\packages\microsoft.windowsdesktop.app.ref\3.0.0\ref\netcoreapp3.0\PresentationCore.dll
1>                    Private=false
1>                    PublicKeyToken=31bf3856ad364e35
1>                    ReferenceSourceTarget=ResolveAssemblyReference
1>                    ResolvedFrom={RawFileName}
1>                    Version=
1>            C:\Users\hansnguyen\.nuget\packages\microsoft.windowsdesktop.app.ref\3.0.0\ref\netcoreapp3.0\PresentationFramework.Aero.dll
1>                    AssemblyVersion=4.0.0.0
1>                    CopyLocal=false
1>                    ExternallyResolved=true
1>                    FileVersion=4.800.19.46214
1>                    FrameworkReferenceName=Microsoft.WindowsDesktop.App.WPF
1>                    FrameworkReferenceVersion=3.0.0
1>                    FusionName=PresentationFramework.Aero, Version=4.0.0.0, Culture=neutral, PublicKeyToken=31bf3856ad364e35
1>                    ImageRuntime=v4.0.30319
1>                    NuGetPackageId=Microsoft.WindowsDesktop.App.Ref
1>                    NuGetPackageVersion=3.0.0
1>                    OriginalItemSpec=C:\Users\hansnguyen\.nuget\packages\microsoft.windowsdesktop.app.ref\3.0.0\ref\netcoreapp3.0\PresentationFramework.Aero.dll
1>                    Private=false
1>                    PublicKeyToken=31bf3856ad364e35
1>                    ReferenceSourceTarget=ResolveAssemblyReference
1>                    ResolvedFrom={RawFileName}
1>                    Version=
1>            C:\Users\hansnguyen\.nuget\packages\microsoft.windowsdesktop.app.ref\3.0.0\ref\netcoreapp3.0\PresentationFramework.Aero2.dll
1>                    AssemblyVersion=4.0.0.0
1>                    CopyLocal=false
1>                    ExternallyResolved=true
1>                    FileVersion=4.800.19.46214
1>                    FrameworkReferenceName=Microsoft.WindowsDesktop.App.WPF
1>                    FrameworkReferenceVersion=3.0.0
1>                    FusionName=PresentationFramework.Aero2, Version=4.0.0.0, Culture=neutral, PublicKeyToken=31bf3856ad364e35
1>                    ImageRuntime=v4.0.30319
1>                    NuGetPackageId=Microsoft.WindowsDesktop.App.Ref
1>                    NuGetPackageVersion=3.0.0
1>                    OriginalItemSpec=C:\Users\hansnguyen\.nuget\packages\microsoft.windowsdesktop.app.ref\3.0.0\ref\netcoreapp3.0\PresentationFramework.Aero2.dll
1>                    Private=false
1>                    PublicKeyToken=31bf3856ad364e35
1>                    ReferenceSourceTarget=ResolveAssemblyReference
1>                    ResolvedFrom={RawFileName}
1>                    Version=
1>            C:\Users\hansnguyen\.nuget\packages\microsoft.windowsdesktop.app.ref\3.0.0\ref\netcoreapp3.0\PresentationFramework.AeroLite.dll
1>                    AssemblyVersion=4.0.0.0
1>                    CopyLocal=false
1>                    ExternallyResolved=true
1>                    FileVersion=4.800.19.46214
1>                    FrameworkReferenceName=Microsoft.WindowsDesktop.App.WPF
1>                    FrameworkReferenceVersion=3.0.0
1>                    FusionName=PresentationFramework.AeroLite, Version=4.0.0.0, Culture=neutral, PublicKeyToken=31bf3856ad364e35
1>                    ImageRuntime=v4.0.30319
1>                    NuGetPackageId=Microsoft.WindowsDesktop.App.Ref
1>                    NuGetPackageVersion=3.0.0
1>                    OriginalItemSpec=C:\Users\hansnguyen\.nuget\packages\microsoft.windowsdesktop.app.ref\3.0.0\ref\netcoreapp3.0\PresentationFramework.AeroLite.dll
1>                    Private=false
1>                    PublicKeyToken=31bf3856ad364e35
1>                    ReferenceSourceTarget=ResolveAssemblyReference
1>                    ResolvedFrom={RawFileName}
1>                    Version=
1>            C:\Users\hansnguyen\.nuget\packages\microsoft.windowsdesktop.app.ref\3.0.0\ref\netcoreapp3.0\PresentationFramework.Classic.dll
1>                    AssemblyVersion=4.0.0.0
1>                    CopyLocal=false
1>                    ExternallyResolved=true
1>                    FileVersion=4.800.19.46214
1>                    FrameworkReferenceName=Microsoft.WindowsDesktop.App.WPF
1>                    FrameworkReferenceVersion=3.0.0
1>                    FusionName=PresentationFramework.Classic, Version=4.0.0.0, Culture=neutral, PublicKeyToken=31bf3856ad364e35
1>                    ImageRuntime=v4.0.30319
1>                    NuGetPackageId=Microsoft.WindowsDesktop.App.Ref
1>                    NuGetPackageVersion=3.0.0
1>                    OriginalItemSpec=C:\Users\hansnguyen\.nuget\packages\microsoft.windowsdesktop.app.ref\3.0.0\ref\netcoreapp3.0\PresentationFramework.Classic.dll
1>                    Private=false
1>                    PublicKeyToken=31bf3856ad364e35
1>                    ReferenceSourceTarget=ResolveAssemblyReference
1>                    ResolvedFrom={RawFileName}
1>                    Version=
1>            C:\Users\hansnguyen\.nuget\packages\microsoft.windowsdesktop.app.ref\3.0.0\ref\netcoreapp3.0\PresentationFramework.dll
1>                    AssemblyVersion=4.0.0.0
1>                    CopyLocal=false
1>                    ExternallyResolved=true
1>                    FileVersion=4.800.19.46214
1>                    FrameworkReferenceName=Microsoft.WindowsDesktop.App.WPF
1>                    FrameworkReferenceVersion=3.0.0
1>                    FusionName=PresentationFramework, Version=4.0.0.0, Culture=neutral, PublicKeyToken=31bf3856ad364e35
1>                    ImageRuntime=v4.0.30319
1>                    NuGetPackageId=Microsoft.WindowsDesktop.App.Ref
1>                    NuGetPackageVersion=3.0.0
1>                    OriginalItemSpec=C:\Users\hansnguyen\.nuget\packages\microsoft.windowsdesktop.app.ref\3.0.0\ref\netcoreapp3.0\PresentationFramework.dll
1>                    Private=false
1>                    PublicKeyToken=31bf3856ad364e35
1>                    ReferenceSourceTarget=ResolveAssemblyReference
1>                    ResolvedFrom={RawFileName}
1>                    Version=
1>            C:\Users\hansnguyen\.nuget\packages\microsoft.windowsdesktop.app.ref\3.0.0\ref\netcoreapp3.0\PresentationFramework.Luna.dll
1>                    AssemblyVersion=4.0.0.0
1>                    CopyLocal=false
1>                    ExternallyResolved=true
1>                    FileVersion=4.800.19.46214
1>                    FrameworkReferenceName=Microsoft.WindowsDesktop.App.WPF
1>                    FrameworkReferenceVersion=3.0.0
1>                    FusionName=PresentationFramework.Luna, Version=4.0.0.0, Culture=neutral, PublicKeyToken=31bf3856ad364e35
1>                    ImageRuntime=v4.0.30319
1>                    NuGetPackageId=Microsoft.WindowsDesktop.App.Ref
1>                    NuGetPackageVersion=3.0.0
1>                    OriginalItemSpec=C:\Users\hansnguyen\.nuget\packages\microsoft.windowsdesktop.app.ref\3.0.0\ref\netcoreapp3.0\PresentationFramework.Luna.dll
1>                    Private=false
1>                    PublicKeyToken=31bf3856ad364e35
1>                    ReferenceSourceTarget=ResolveAssemblyReference
1>                    ResolvedFrom={RawFileName}
1>                    Version=
1>            C:\Users\hansnguyen\.nuget\packages\microsoft.windowsdesktop.app.ref\3.0.0\ref\netcoreapp3.0\PresentationFramework.Royale.dll
1>                    AssemblyVersion=4.0.0.0
1>                    CopyLocal=false
1>                    ExternallyResolved=true
1>                    FileVersion=4.800.19.46214
1>                    FrameworkReferenceName=Microsoft.WindowsDesktop.App.WPF
1>                    FrameworkReferenceVersion=3.0.0
1>                    FusionName=PresentationFramework.Royale, Version=4.0.0.0, Culture=neutral, PublicKeyToken=31bf3856ad364e35
1>                    ImageRuntime=v4.0.30319
1>                    NuGetPackageId=Microsoft.WindowsDesktop.App.Ref
1>                    NuGetPackageVersion=3.0.0
1>                    OriginalItemSpec=C:\Users\hansnguyen\.nuget\packages\microsoft.windowsdesktop.app.ref\3.0.0\ref\netcoreapp3.0\PresentationFramework.Royale.dll
1>                    Private=false
1>                    PublicKeyToken=31bf3856ad364e35
1>                    ReferenceSourceTarget=ResolveAssemblyReference
1>                    ResolvedFrom={RawFileName}
1>                    Version=
1>            C:\Users\hansnguyen\.nuget\packages\microsoft.windowsdesktop.app.ref\3.0.0\ref\netcoreapp3.0\PresentationUI.dll
1>                    AssemblyVersion=4.0.0.0
1>                    CopyLocal=false
1>                    ExternallyResolved=true
1>                    FileVersion=4.800.19.46214
1>                    FrameworkReferenceName=Microsoft.WindowsDesktop.App.WPF
1>                    FrameworkReferenceVersion=3.0.0
1>                    FusionName=PresentationUI, Version=4.0.0.0, Culture=neutral, PublicKeyToken=b77a5c561934e089
1>                    ImageRuntime=v4.0.30319
1>                    NuGetPackageId=Microsoft.WindowsDesktop.App.Ref
1>                    NuGetPackageVersion=3.0.0
1>                    OriginalItemSpec=C:\Users\hansnguyen\.nuget\packages\microsoft.windowsdesktop.app.ref\3.0.0\ref\netcoreapp3.0\PresentationUI.dll
1>                    Private=false
1>                    PublicKeyToken=b77a5c561934e089
1>                    ReferenceSourceTarget=ResolveAssemblyReference
1>                    ResolvedFrom={RawFileName}
1>                    Version=
1>            C:\Users\hansnguyen\.nuget\packages\microsoft.windowsdesktop.app.ref\3.0.0\ref\netcoreapp3.0\ReachFramework.dll
1>                    AssemblyVersion=4.0.0.0
1>                    CopyLocal=false
1>                    ExternallyResolved=true
1>                    FileVersion=4.800.19.46214
1>                    FrameworkReferenceName=Microsoft.WindowsDesktop.App.WPF
1>                    FrameworkReferenceVersion=3.0.0
1>                    FusionName=ReachFramework, Version=4.0.0.0, Culture=neutral, PublicKeyToken=31bf3856ad364e35
1>                    ImageRuntime=v4.0.30319
1>                    NuGetPackageId=Microsoft.WindowsDesktop.App.Ref
1>                    NuGetPackageVersion=3.0.0
1>                    OriginalItemSpec=C:\Users\hansnguyen\.nuget\packages\microsoft.windowsdesktop.app.ref\3.0.0\ref\netcoreapp3.0\ReachFramework.dll
1>                    Private=false
1>                    PublicKeyToken=31bf3856ad364e35
1>                    ReferenceSourceTarget=ResolveAssemblyReference
1>                    ResolvedFrom={RawFileName}
1>                    Version=
1>            C:\Users\hansnguyen\.nuget\packages\microsoft.netcore.app.ref\3.0.0\ref\netcoreapp3.0\System.AppContext.dll
1>                    AssemblyVersion=4.2.1.0
1>                    CopyLocal=false
1>                    ExternallyResolved=true
1>                    FileVersion=4.700.19.46214
1>                    FrameworkReferenceName=Microsoft.NETCore.App
1>                    FrameworkReferenceVersion=3.0.0
1>                    FusionName=System.AppContext, Version=4.2.1.0, Culture=neutral, PublicKeyToken=b03f5f7f11d50a3a
1>                    ImageRuntime=v4.0.30319
1>                    NuGetPackageId=Microsoft.NETCore.App.Ref
1>                    NuGetPackageVersion=3.0.0
1>                    OriginalItemSpec=C:\Users\hansnguyen\.nuget\packages\microsoft.netcore.app.ref\3.0.0\ref\netcoreapp3.0\System.AppContext.dll
1>                    Private=false
1>                    PublicKeyToken=b03f5f7f11d50a3a
1>                    ReferenceSourceTarget=ResolveAssemblyReference
1>                    ResolvedFrom={RawFileName}
1>                    Version=
1>            C:\Users\hansnguyen\.nuget\packages\microsoft.netcore.app.ref\3.0.0\ref\netcoreapp3.0\System.Buffers.dll
1>                    AssemblyVersion=4.0.2.0
1>                    CopyLocal=false
1>                    ExternallyResolved=true
1>                    FileVersion=4.700.19.46214
1>                    FrameworkReferenceName=Microsoft.NETCore.App
1>                    FrameworkReferenceVersion=3.0.0
1>                    FusionName=System.Buffers, Version=4.0.2.0, Culture=neutral, PublicKeyToken=cc7b13ffcd2ddd51
1>                    ImageRuntime=v4.0.30319
1>                    NuGetPackageId=Microsoft.NETCore.App.Ref
1>                    NuGetPackageVersion=3.0.0
1>                    OriginalItemSpec=C:\Users\hansnguyen\.nuget\packages\microsoft.netcore.app.ref\3.0.0\ref\netcoreapp3.0\System.Buffers.dll
1>                    Private=false
1>                    PublicKeyToken=cc7b13ffcd2ddd51
1>                    ReferenceSourceTarget=ResolveAssemblyReference
1>                    ResolvedFrom={RawFileName}
1>                    Version=
1>            C:\Users\hansnguyen\.nuget\packages\microsoft.windowsdesktop.app.ref\3.0.0\ref\netcoreapp3.0\System.CodeDom.dll
1>                    AssemblyVersion=4.0.2.0
1>                    CopyLocal=false
1>                    ExternallyResolved=true
1>                    FileVersion=4.700.19.46214
1>                    FrameworkReferenceName=Microsoft.WindowsDesktop.App.WPF
1>                    FrameworkReferenceVersion=3.0.0
1>                    FusionName=System.CodeDom, Version=4.0.2.0, Culture=neutral, PublicKeyToken=cc7b13ffcd2ddd51
1>                    ImageRuntime=v4.0.30319
1>                    NuGetPackageId=Microsoft.WindowsDesktop.App.Ref
1>                    NuGetPackageVersion=3.0.0
1>                    OriginalItemSpec=C:\Users\hansnguyen\.nuget\packages\microsoft.windowsdesktop.app.ref\3.0.0\ref\netcoreapp3.0\System.CodeDom.dll
1>                    Private=false
1>                    PublicKeyToken=cc7b13ffcd2ddd51
1>                    ReferenceSourceTarget=ResolveAssemblyReference
1>                    ResolvedFrom={RawFileName}
1>                    Version=
1>            C:\Users\hansnguyen\.nuget\packages\microsoft.netcore.app.ref\3.0.0\ref\netcoreapp3.0\System.Collections.Concurrent.dll
1>                    AssemblyVersion=4.0.14.0
1>                    CopyLocal=false
1>                    ExternallyResolved=true
1>                    FileVersion=4.700.19.46214
1>                    FrameworkReferenceName=Microsoft.NETCore.App
1>                    FrameworkReferenceVersion=3.0.0
1>                    FusionName=System.Collections.Concurrent, Version=4.0.14.0, Culture=neutral, PublicKeyToken=b03f5f7f11d50a3a
1>                    ImageRuntime=v4.0.30319
1>                    NuGetPackageId=Microsoft.NETCore.App.Ref
1>                    NuGetPackageVersion=3.0.0
1>                    OriginalItemSpec=C:\Users\hansnguyen\.nuget\packages\microsoft.netcore.app.ref\3.0.0\ref\netcoreapp3.0\System.Collections.Concurrent.dll
1>                    Private=false
1>                    PublicKeyToken=b03f5f7f11d50a3a
1>                    ReferenceSourceTarget=ResolveAssemblyReference
1>                    ResolvedFrom={RawFileName}
1>                    Version=
1>            C:\Users\hansnguyen\.nuget\packages\microsoft.netcore.app.ref\3.0.0\ref\netcoreapp3.0\System.Collections.dll
1>                    AssemblyVersion=4.1.1.0
1>                    CopyLocal=false
1>                    ExternallyResolved=true
1>                    FileVersion=4.700.19.46214
1>                    FrameworkReferenceName=Microsoft.NETCore.App
1>                    FrameworkReferenceVersion=3.0.0
1>                    FusionName=System.Collections, Version=4.1.1.0, Culture=neutral, PublicKeyToken=b03f5f7f11d50a3a
1>                    ImageRuntime=v4.0.30319
1>                    NuGetPackageId=Microsoft.NETCore.App.Ref
1>                    NuGetPackageVersion=3.0.0
1>                    OriginalItemSpec=C:\Users\hansnguyen\.nuget\packages\microsoft.netcore.app.ref\3.0.0\ref\netcoreapp3.0\System.Collections.dll
1>                    Private=false
1>                    PublicKeyToken=b03f5f7f11d50a3a
1>                    ReferenceSourceTarget=ResolveAssemblyReference
1>                    ResolvedFrom={RawFileName}
1>                    Version=
1>            C:\Users\hansnguyen\.nuget\packages\microsoft.netcore.app.ref\3.0.0\ref\netcoreapp3.0\System.Collections.Immutable.dll
1>                    AssemblyVersion=1.2.4.0
1>                    CopyLocal=false
1>                    ExternallyResolved=true
1>                    FileVersion=4.700.19.46214
1>                    FrameworkReferenceName=Microsoft.NETCore.App
1>                    FrameworkReferenceVersion=3.0.0
1>                    FusionName=System.Collections.Immutable, Version=1.2.4.0, Culture=neutral, PublicKeyToken=b03f5f7f11d50a3a
1>                    ImageRuntime=v4.0.30319
1>                    NuGetPackageId=Microsoft.NETCore.App.Ref
1>                    NuGetPackageVersion=3.0.0
1>                    OriginalItemSpec=C:\Users\hansnguyen\.nuget\packages\microsoft.netcore.app.ref\3.0.0\ref\netcoreapp3.0\System.Collections.Immutable.dll
1>                    Private=false
1>                    PublicKeyToken=b03f5f7f11d50a3a
1>                    ReferenceSourceTarget=ResolveAssemblyReference
1>                    ResolvedFrom={RawFileName}
1>                    Version=
1>            C:\Users\hansnguyen\.nuget\packages\microsoft.netcore.app.ref\3.0.0\ref\netcoreapp3.0\System.Collections.NonGeneric.dll
1>                    AssemblyVersion=4.1.1.0
1>                    CopyLocal=false
1>                    ExternallyResolved=true
1>                    FileVersion=4.700.19.46214
1>                    FrameworkReferenceName=Microsoft.NETCore.App
1>                    FrameworkReferenceVersion=3.0.0
1>                    FusionName=System.Collections.NonGeneric, Version=4.1.1.0, Culture=neutral, PublicKeyToken=b03f5f7f11d50a3a
1>                    ImageRuntime=v4.0.30319
1>                    NuGetPackageId=Microsoft.NETCore.App.Ref
1>                    NuGetPackageVersion=3.0.0
1>                    OriginalItemSpec=C:\Users\hansnguyen\.nuget\packages\microsoft.netcore.app.ref\3.0.0\ref\netcoreapp3.0\System.Collections.NonGeneric.dll
1>                    Private=false
1>                    PublicKeyToken=b03f5f7f11d50a3a
1>                    ReferenceSourceTarget=ResolveAssemblyReference
1>                    ResolvedFrom={RawFileName}
1>                    Version=
1>            C:\Users\hansnguyen\.nuget\packages\microsoft.netcore.app.ref\3.0.0\ref\netcoreapp3.0\System.Collections.Specialized.dll
1>                    AssemblyVersion=4.1.1.0
1>                    CopyLocal=false
1>                    ExternallyResolved=true
1>                    FileVersion=4.700.19.46214
1>                    FrameworkReferenceName=Microsoft.NETCore.App
1>                    FrameworkReferenceVersion=3.0.0
1>                    FusionName=System.Collections.Specialized, Version=4.1.1.0, Culture=neutral, PublicKeyToken=b03f5f7f11d50a3a
1>                    ImageRuntime=v4.0.30319
1>                    NuGetPackageId=Microsoft.NETCore.App.Ref
1>                    NuGetPackageVersion=3.0.0
1>                    OriginalItemSpec=C:\Users\hansnguyen\.nuget\packages\microsoft.netcore.app.ref\3.0.0\ref\netcoreapp3.0\System.Collections.Specialized.dll
1>                    Private=false
1>                    PublicKeyToken=b03f5f7f11d50a3a
1>                    ReferenceSourceTarget=ResolveAssemblyReference
1>                    ResolvedFrom={RawFileName}
1>                    Version=
1>            C:\Users\hansnguyen\.nuget\packages\microsoft.netcore.app.ref\3.0.0\ref\netcoreapp3.0\System.ComponentModel.Annotations.dll
1>                    AssemblyVersion=4.3.0.0
1>                    CopyLocal=false
1>                    ExternallyResolved=true
1>                    FileVersion=4.700.19.46214
1>                    FrameworkReferenceName=Microsoft.NETCore.App
1>                    FrameworkReferenceVersion=3.0.0
1>                    FusionName=System.ComponentModel.Annotations, Version=4.3.0.0, Culture=neutral, PublicKeyToken=b03f5f7f11d50a3a
1>                    ImageRuntime=v4.0.30319
1>                    NuGetPackageId=Microsoft.NETCore.App.Ref
1>                    NuGetPackageVersion=3.0.0
1>                    OriginalItemSpec=C:\Users\hansnguyen\.nuget\packages\microsoft.netcore.app.ref\3.0.0\ref\netcoreapp3.0\System.ComponentModel.Annotations.dll
1>                    Private=false
1>                    PublicKeyToken=b03f5f7f11d50a3a
1>                    ReferenceSourceTarget=ResolveAssemblyReference
1>                    ResolvedFrom={RawFileName}
1>                    Version=
1>            C:\Users\hansnguyen\.nuget\packages\microsoft.netcore.app.ref\3.0.0\ref\netcoreapp3.0\System.ComponentModel.DataAnnotations.dll
1>                    AssemblyVersion=4.0.0.0
1>                    CopyLocal=false
1>                    ExternallyResolved=true
1>                    FileVersion=4.700.19.46214
1>                    FrameworkReferenceName=Microsoft.NETCore.App
1>                    FrameworkReferenceVersion=3.0.0
1>                    FusionName=System.ComponentModel.DataAnnotations, Version=4.0.0.0, Culture=neutral, PublicKeyToken=31bf3856ad364e35
1>                    ImageRuntime=v4.0.30319
1>                    NuGetPackageId=Microsoft.NETCore.App.Ref
1>                    NuGetPackageVersion=3.0.0
1>                    OriginalItemSpec=C:\Users\hansnguyen\.nuget\packages\microsoft.netcore.app.ref\3.0.0\ref\netcoreapp3.0\System.ComponentModel.DataAnnotations.dll
1>                    Private=false
1>                    PublicKeyToken=31bf3856ad364e35
1>                    ReferenceSourceTarget=ResolveAssemblyReference
1>                    ResolvedFrom={RawFileName}
1>                    Version=
1>            C:\Users\hansnguyen\.nuget\packages\microsoft.netcore.app.ref\3.0.0\ref\netcoreapp3.0\System.ComponentModel.dll
1>                    AssemblyVersion=4.0.3.0
1>                    CopyLocal=false
1>                    ExternallyResolved=true
1>                    FileVersion=4.700.19.46214
1>                    FrameworkReferenceName=Microsoft.NETCore.App
1>                    FrameworkReferenceVersion=3.0.0
1>                    FusionName=System.ComponentModel, Version=4.0.3.0, Culture=neutral, PublicKeyToken=b03f5f7f11d50a3a
1>                    ImageRuntime=v4.0.30319
1>                    NuGetPackageId=Microsoft.NETCore.App.Ref
1>                    NuGetPackageVersion=3.0.0
1>                    OriginalItemSpec=C:\Users\hansnguyen\.nuget\packages\microsoft.netcore.app.ref\3.0.0\ref\netcoreapp3.0\System.ComponentModel.dll
1>                    Private=false
1>                    PublicKeyToken=b03f5f7f11d50a3a
1>                    ReferenceSourceTarget=ResolveAssemblyReference
1>                    ResolvedFrom={RawFileName}
1>                    Version=
1>            C:\Users\hansnguyen\.nuget\packages\microsoft.netcore.app.ref\3.0.0\ref\netcoreapp3.0\System.ComponentModel.EventBasedAsync.dll
1>                    AssemblyVersion=4.1.1.0
1>                    CopyLocal=false
1>                    ExternallyResolved=true
1>                    FileVersion=4.700.19.46214
1>                    FrameworkReferenceName=Microsoft.NETCore.App
1>                    FrameworkReferenceVersion=3.0.0
1>                    FusionName=System.ComponentModel.EventBasedAsync, Version=4.1.1.0, Culture=neutral, PublicKeyToken=b03f5f7f11d50a3a
1>                    ImageRuntime=v4.0.30319
1>                    NuGetPackageId=Microsoft.NETCore.App.Ref
1>                    NuGetPackageVersion=3.0.0
1>                    OriginalItemSpec=C:\Users\hansnguyen\.nuget\packages\microsoft.netcore.app.ref\3.0.0\ref\netcoreapp3.0\System.ComponentModel.EventBasedAsync.dll
1>                    Private=false
1>                    PublicKeyToken=b03f5f7f11d50a3a
1>                    ReferenceSourceTarget=ResolveAssemblyReference
1>                    ResolvedFrom={RawFileName}
1>                    Version=
1>            C:\Users\hansnguyen\.nuget\packages\microsoft.netcore.app.ref\3.0.0\ref\netcoreapp3.0\System.ComponentModel.Primitives.dll
1>                    AssemblyVersion=4.2.1.0
1>                    CopyLocal=false
1>                    ExternallyResolved=true
1>                    FileVersion=4.700.19.46214
1>                    FrameworkReferenceName=Microsoft.NETCore.App
1>                    FrameworkReferenceVersion=3.0.0
1>                    FusionName=System.ComponentModel.Primitives, Version=4.2.1.0, Culture=neutral, PublicKeyToken=b03f5f7f11d50a3a
1>                    ImageRuntime=v4.0.30319
1>                    NuGetPackageId=Microsoft.NETCore.App.Ref
1>                    NuGetPackageVersion=3.0.0
1>                    OriginalItemSpec=C:\Users\hansnguyen\.nuget\packages\microsoft.netcore.app.ref\3.0.0\ref\netcoreapp3.0\System.ComponentModel.Primitives.dll
1>                    Private=false
1>                    PublicKeyToken=b03f5f7f11d50a3a
1>                    ReferenceSourceTarget=ResolveAssemblyReference
1>                    ResolvedFrom={RawFileName}
1>                    Version=
1>            C:\Users\hansnguyen\.nuget\packages\microsoft.netcore.app.ref\3.0.0\ref\netcoreapp3.0\System.ComponentModel.TypeConverter.dll
1>                    AssemblyVersion=4.2.1.0
1>                    CopyLocal=false
1>                    ExternallyResolved=true
1>                    FileVersion=4.700.19.46214
1>                    FrameworkReferenceName=Microsoft.NETCore.App
1>                    FrameworkReferenceVersion=3.0.0
1>                    FusionName=System.ComponentModel.TypeConverter, Version=4.2.1.0, Culture=neutral, PublicKeyToken=b03f5f7f11d50a3a
1>                    ImageRuntime=v4.0.30319
1>                    NuGetPackageId=Microsoft.NETCore.App.Ref
1>                    NuGetPackageVersion=3.0.0
1>                    OriginalItemSpec=C:\Users\hansnguyen\.nuget\packages\microsoft.netcore.app.ref\3.0.0\ref\netcoreapp3.0\System.ComponentModel.TypeConverter.dll
1>                    Private=false
1>                    PublicKeyToken=b03f5f7f11d50a3a
1>                    ReferenceSourceTarget=ResolveAssemblyReference
1>                    ResolvedFrom={RawFileName}
1>                    Version=
1>            C:\Users\hansnguyen\.nuget\packages\microsoft.windowsdesktop.app.ref\3.0.0\ref\netcoreapp3.0\System.Configuration.ConfigurationManager.dll
1>                    AssemblyVersion=4.0.2.0
1>                    CopyLocal=false
1>                    ExternallyResolved=true
1>                    FileVersion=4.700.19.46214
1>                    FrameworkReferenceName=Microsoft.WindowsDesktop.App.WPF
1>                    FrameworkReferenceVersion=3.0.0
1>                    FusionName=System.Configuration.ConfigurationManager, Version=4.0.2.0, Culture=neutral, PublicKeyToken=cc7b13ffcd2ddd51
1>                    ImageRuntime=v4.0.30319
1>                    NuGetPackageId=Microsoft.WindowsDesktop.App.Ref
1>                    NuGetPackageVersion=3.0.0
1>                    OriginalItemSpec=C:\Users\hansnguyen\.nuget\packages\microsoft.windowsdesktop.app.ref\3.0.0\ref\netcoreapp3.0\System.Configuration.ConfigurationManager.dll
1>                    Private=false
1>                    PublicKeyToken=cc7b13ffcd2ddd51
1>                    ReferenceSourceTarget=ResolveAssemblyReference
1>                    ResolvedFrom={RawFileName}
1>                    Version=
1>            C:\Users\hansnguyen\.nuget\packages\microsoft.netcore.app.ref\3.0.0\ref\netcoreapp3.0\System.Configuration.dll
1>                    AssemblyVersion=4.0.0.0
1>                    CopyLocal=false
1>                    ExternallyResolved=true
1>                    FileVersion=4.700.19.46214
1>                    FrameworkReferenceName=Microsoft.NETCore.App
1>                    FrameworkReferenceVersion=3.0.0
1>                    FusionName=System.Configuration, Version=4.0.0.0, Culture=neutral, PublicKeyToken=b03f5f7f11d50a3a
1>                    ImageRuntime=v4.0.30319
1>                    NuGetPackageId=Microsoft.NETCore.App.Ref
1>                    NuGetPackageVersion=3.0.0
1>                    OriginalItemSpec=C:\Users\hansnguyen\.nuget\packages\microsoft.netcore.app.ref\3.0.0\ref\netcoreapp3.0\System.Configuration.dll
1>                    Private=false
1>                    PublicKeyToken=b03f5f7f11d50a3a
1>                    ReferenceSourceTarget=ResolveAssemblyReference
1>                    ResolvedFrom={RawFileName}
1>                    Version=
1>            C:\Users\hansnguyen\.nuget\packages\microsoft.netcore.app.ref\3.0.0\ref\netcoreapp3.0\System.Console.dll
1>                    AssemblyVersion=4.1.1.0
1>                    CopyLocal=false
1>                    ExternallyResolved=true
1>                    FileVersion=4.700.19.46214
1>                    FrameworkReferenceName=Microsoft.NETCore.App
1>                    FrameworkReferenceVersion=3.0.0
1>                    FusionName=System.Console, Version=4.1.1.0, Culture=neutral, PublicKeyToken=b03f5f7f11d50a3a
1>                    ImageRuntime=v4.0.30319
1>                    NuGetPackageId=Microsoft.NETCore.App.Ref
1>                    NuGetPackageVersion=3.0.0
1>                    OriginalItemSpec=C:\Users\hansnguyen\.nuget\packages\microsoft.netcore.app.ref\3.0.0\ref\netcoreapp3.0\System.Console.dll
1>                    Private=false
1>                    PublicKeyToken=b03f5f7f11d50a3a
1>                    ReferenceSourceTarget=ResolveAssemblyReference
1>                    ResolvedFrom={RawFileName}
1>                    Version=
1>            C:\Users\hansnguyen\.nuget\packages\microsoft.netcore.app.ref\3.0.0\ref\netcoreapp3.0\System.Core.dll
1>                    AssemblyVersion=4.0.0.0
1>                    CopyLocal=false
1>                    ExternallyResolved=true
1>                    FileVersion=4.700.19.46214
1>                    FrameworkReferenceName=Microsoft.NETCore.App
1>                    FrameworkReferenceVersion=3.0.0
1>                    FusionName=System.Core, Version=4.0.0.0, Culture=neutral, PublicKeyToken=b77a5c561934e089
1>                    ImageRuntime=v4.0.30319
1>                    NuGetPackageId=Microsoft.NETCore.App.Ref
1>                    NuGetPackageVersion=3.0.0
1>                    OriginalItemSpec=C:\Users\hansnguyen\.nuget\packages\microsoft.netcore.app.ref\3.0.0\ref\netcoreapp3.0\System.Core.dll
1>                    Private=false
1>                    PublicKeyToken=b77a5c561934e089
1>                    ReferenceSourceTarget=ResolveAssemblyReference
1>                    ResolvedFrom={RawFileName}
1>                    Version=
1>            C:\Users\hansnguyen\.nuget\packages\microsoft.netcore.app.ref\3.0.0\ref\netcoreapp3.0\System.Data.Common.dll
1>                    AssemblyVersion=4.2.1.0
1>                    CopyLocal=false
1>                    ExternallyResolved=true
1>                    FileVersion=4.700.19.46214
1>                    FrameworkReferenceName=Microsoft.NETCore.App
1>                    FrameworkReferenceVersion=3.0.0
1>                    FusionName=System.Data.Common, Version=4.2.1.0, Culture=neutral, PublicKeyToken=b03f5f7f11d50a3a
1>                    ImageRuntime=v4.0.30319
1>                    NuGetPackageId=Microsoft.NETCore.App.Ref
1>                    NuGetPackageVersion=3.0.0
1>                    OriginalItemSpec=C:\Users\hansnguyen\.nuget\packages\microsoft.netcore.app.ref\3.0.0\ref\netcoreapp3.0\System.Data.Common.dll
1>                    Private=false
1>                    PublicKeyToken=b03f5f7f11d50a3a
1>                    ReferenceSourceTarget=ResolveAssemblyReference
1>                    ResolvedFrom={RawFileName}
1>                    Version=
1>            C:\Users\hansnguyen\.nuget\packages\microsoft.netcore.app.ref\3.0.0\ref\netcoreapp3.0\System.Data.DataSetExtensions.dll
1>                    AssemblyVersion=4.0.0.0
1>                    CopyLocal=false
1>                    ExternallyResolved=true
1>                    FileVersion=4.700.19.46214
1>                    FrameworkReferenceName=Microsoft.NETCore.App
1>                    FrameworkReferenceVersion=3.0.0
1>                    FusionName=System.Data.DataSetExtensions, Version=4.0.0.0, Culture=neutral, PublicKeyToken=b77a5c561934e089
1>                    ImageRuntime=v4.0.30319
1>                    NuGetPackageId=Microsoft.NETCore.App.Ref
1>                    NuGetPackageVersion=3.0.0
1>                    OriginalItemSpec=C:\Users\hansnguyen\.nuget\packages\microsoft.netcore.app.ref\3.0.0\ref\netcoreapp3.0\System.Data.DataSetExtensions.dll
1>                    Private=false
1>                    PublicKeyToken=b77a5c561934e089
1>                    ReferenceSourceTarget=ResolveAssemblyReference
1>                    ResolvedFrom={RawFileName}
1>                    Version=
1>            C:\Users\hansnguyen\.nuget\packages\microsoft.netcore.app.ref\3.0.0\ref\netcoreapp3.0\System.Data.dll
1>                    AssemblyVersion=4.0.0.0
1>                    CopyLocal=false
1>                    ExternallyResolved=true
1>                    FileVersion=4.700.19.46214
1>                    FrameworkReferenceName=Microsoft.NETCore.App
1>                    FrameworkReferenceVersion=3.0.0
1>                    FusionName=System.Data, Version=4.0.0.0, Culture=neutral, PublicKeyToken=b77a5c561934e089
1>                    ImageRuntime=v4.0.30319
1>                    NuGetPackageId=Microsoft.NETCore.App.Ref
1>                    NuGetPackageVersion=3.0.0
1>                    OriginalItemSpec=C:\Users\hansnguyen\.nuget\packages\microsoft.netcore.app.ref\3.0.0\ref\netcoreapp3.0\System.Data.dll
1>                    Private=false
1>                    PublicKeyToken=b77a5c561934e089
1>                    ReferenceSourceTarget=ResolveAssemblyReference
1>                    ResolvedFrom={RawFileName}
1>                    Version=
1>            C:\Users\hansnguyen\.nuget\packages\microsoft.netcore.app.ref\3.0.0\ref\netcoreapp3.0\System.Diagnostics.Contracts.dll
1>                    AssemblyVersion=4.0.3.0
1>                    CopyLocal=false
1>                    ExternallyResolved=true
1>                    FileVersion=4.700.19.46214
1>                    FrameworkReferenceName=Microsoft.NETCore.App
1>                    FrameworkReferenceVersion=3.0.0
1>                    FusionName=System.Diagnostics.Contracts, Version=4.0.3.0, Culture=neutral, PublicKeyToken=b03f5f7f11d50a3a
1>                    ImageRuntime=v4.0.30319
1>                    NuGetPackageId=Microsoft.NETCore.App.Ref
1>                    NuGetPackageVersion=3.0.0
1>                    OriginalItemSpec=C:\Users\hansnguyen\.nuget\packages\microsoft.netcore.app.ref\3.0.0\ref\netcoreapp3.0\System.Diagnostics.Contracts.dll
1>                    Private=false
1>                    PublicKeyToken=b03f5f7f11d50a3a
1>                    ReferenceSourceTarget=ResolveAssemblyReference
1>                    ResolvedFrom={RawFileName}
1>                    Version=
1>            C:\Users\hansnguyen\.nuget\packages\microsoft.netcore.app.ref\3.0.0\ref\netcoreapp3.0\System.Diagnostics.Debug.dll
1>                    AssemblyVersion=4.1.1.0
1>                    CopyLocal=false
1>                    ExternallyResolved=true
1>                    FileVersion=4.700.19.46214
1>                    FrameworkReferenceName=Microsoft.NETCore.App
1>                    FrameworkReferenceVersion=3.0.0
1>                    FusionName=System.Diagnostics.Debug, Version=4.1.1.0, Culture=neutral, PublicKeyToken=b03f5f7f11d50a3a
1>                    ImageRuntime=v4.0.30319
1>                    NuGetPackageId=Microsoft.NETCore.App.Ref
1>                    NuGetPackageVersion=3.0.0
1>                    OriginalItemSpec=C:\Users\hansnguyen\.nuget\packages\microsoft.netcore.app.ref\3.0.0\ref\netcoreapp3.0\System.Diagnostics.Debug.dll
1>                    Private=false
1>                    PublicKeyToken=b03f5f7f11d50a3a
1>                    ReferenceSourceTarget=ResolveAssemblyReference
1>                    ResolvedFrom={RawFileName}
1>                    Version=
1>            C:\Users\hansnguyen\.nuget\packages\microsoft.netcore.app.ref\3.0.0\ref\netcoreapp3.0\System.Diagnostics.DiagnosticSource.dll
1>                    AssemblyVersion=4.0.4.0
1>                    CopyLocal=false
1>                    ExternallyResolved=true
1>                    FileVersion=4.700.19.46214
1>                    FrameworkReferenceName=Microsoft.NETCore.App
1>                    FrameworkReferenceVersion=3.0.0
1>                    FusionName=System.Diagnostics.DiagnosticSource, Version=4.0.4.0, Culture=neutral, PublicKeyToken=cc7b13ffcd2ddd51
1>                    ImageRuntime=v4.0.30319
1>                    NuGetPackageId=Microsoft.NETCore.App.Ref
1>                    NuGetPackageVersion=3.0.0
1>                    OriginalItemSpec=C:\Users\hansnguyen\.nuget\packages\microsoft.netcore.app.ref\3.0.0\ref\netcoreapp3.0\System.Diagnostics.DiagnosticSource.dll
1>                    Private=false
1>                    PublicKeyToken=cc7b13ffcd2ddd51
1>                    ReferenceSourceTarget=ResolveAssemblyReference
1>                    ResolvedFrom={RawFileName}
1>                    Version=
1>            C:\Users\hansnguyen\.nuget\packages\microsoft.windowsdesktop.app.ref\3.0.0\ref\netcoreapp3.0\System.Diagnostics.EventLog.dll
1>                    AssemblyVersion=4.0.1.0
1>                    CopyLocal=false
1>                    ExternallyResolved=true
1>                    FileVersion=4.700.19.46214
1>                    FrameworkReferenceName=Microsoft.WindowsDesktop.App.WPF
1>                    FrameworkReferenceVersion=3.0.0
1>                    FusionName=System.Diagnostics.EventLog, Version=4.0.1.0, Culture=neutral, PublicKeyToken=cc7b13ffcd2ddd51
1>                    ImageRuntime=v4.0.30319
1>                    NuGetPackageId=Microsoft.WindowsDesktop.App.Ref
1>                    NuGetPackageVersion=3.0.0
1>                    OriginalItemSpec=C:\Users\hansnguyen\.nuget\packages\microsoft.windowsdesktop.app.ref\3.0.0\ref\netcoreapp3.0\System.Diagnostics.EventLog.dll
1>                    Private=false
1>                    PublicKeyToken=cc7b13ffcd2ddd51
1>                    ReferenceSourceTarget=ResolveAssemblyReference
1>                    ResolvedFrom={RawFileName}
1>                    Version=
1>            C:\Users\hansnguyen\.nuget\packages\microsoft.netcore.app.ref\3.0.0\ref\netcoreapp3.0\System.Diagnostics.FileVersionInfo.dll
1>                    AssemblyVersion=4.0.3.0
1>                    CopyLocal=false
1>                    ExternallyResolved=true
1>                    FileVersion=4.700.19.46214
1>                    FrameworkReferenceName=Microsoft.NETCore.App
1>                    FrameworkReferenceVersion=3.0.0
1>                    FusionName=System.Diagnostics.FileVersionInfo, Version=4.0.3.0, Culture=neutral, PublicKeyToken=b03f5f7f11d50a3a
1>                    ImageRuntime=v4.0.30319
1>                    NuGetPackageId=Microsoft.NETCore.App.Ref
1>                    NuGetPackageVersion=3.0.0
1>                    OriginalItemSpec=C:\Users\hansnguyen\.nuget\packages\microsoft.netcore.app.ref\3.0.0\ref\netcoreapp3.0\System.Diagnostics.FileVersionInfo.dll
1>                    Private=false
1>                    PublicKeyToken=b03f5f7f11d50a3a
1>                    ReferenceSourceTarget=ResolveAssemblyReference
1>                    ResolvedFrom={RawFileName}
1>                    Version=
1>            C:\Users\hansnguyen\.nuget\packages\microsoft.windowsdesktop.app.ref\3.0.0\ref\netcoreapp3.0\System.Diagnostics.PerformanceCounter.dll
1>                    AssemblyVersion=4.0.1.0
1>                    CopyLocal=false
1>                    ExternallyResolved=true
1>                    FileVersion=4.700.19.37515
1>                    FrameworkReferenceName=Microsoft.WindowsDesktop.App.WPF
1>                    FrameworkReferenceVersion=3.0.0
1>                    FusionName=System.Diagnostics.PerformanceCounter, Version=4.0.1.0, Culture=neutral, PublicKeyToken=cc7b13ffcd2ddd51
1>                    ImageRuntime=v4.0.30319
1>                    NuGetPackageId=Microsoft.WindowsDesktop.App.Ref
1>                    NuGetPackageVersion=3.0.0
1>                    OriginalItemSpec=C:\Users\hansnguyen\.nuget\packages\microsoft.windowsdesktop.app.ref\3.0.0\ref\netcoreapp3.0\System.Diagnostics.PerformanceCounter.dll
1>                    Private=false
1>                    PublicKeyToken=cc7b13ffcd2ddd51
1>                    ReferenceSourceTarget=ResolveAssemblyReference
1>                    ResolvedFrom={RawFileName}
1>                    Version=
1>            C:\Users\hansnguyen\.nuget\packages\microsoft.netcore.app.ref\3.0.0\ref\netcoreapp3.0\System.Diagnostics.Process.dll
1>                    AssemblyVersion=4.2.1.0
1>                    CopyLocal=false
1>                    ExternallyResolved=true
1>                    FileVersion=4.700.19.46214
1>                    FrameworkReferenceName=Microsoft.NETCore.App
1>                    FrameworkReferenceVersion=3.0.0
1>                    FusionName=System.Diagnostics.Process, Version=4.2.1.0, Culture=neutral, PublicKeyToken=b03f5f7f11d50a3a
1>                    ImageRuntime=v4.0.30319
1>                    NuGetPackageId=Microsoft.NETCore.App.Ref
1>                    NuGetPackageVersion=3.0.0
1>                    OriginalItemSpec=C:\Users\hansnguyen\.nuget\packages\microsoft.netcore.app.ref\3.0.0\ref\netcoreapp3.0\System.Diagnostics.Process.dll
1>                    Private=false
1>                    PublicKeyToken=b03f5f7f11d50a3a
1>                    ReferenceSourceTarget=ResolveAssemblyReference
1>                    ResolvedFrom={RawFileName}
1>                    Version=
1>            C:\Users\hansnguyen\.nuget\packages\microsoft.netcore.app.ref\3.0.0\ref\netcoreapp3.0\System.Diagnostics.StackTrace.dll
1>                    AssemblyVersion=4.1.1.0
1>                    CopyLocal=false
1>                    ExternallyResolved=true
1>                    FileVersion=4.700.19.46214
1>                    FrameworkReferenceName=Microsoft.NETCore.App
1>                    FrameworkReferenceVersion=3.0.0
1>                    FusionName=System.Diagnostics.StackTrace, Version=4.1.1.0, Culture=neutral, PublicKeyToken=b03f5f7f11d50a3a
1>                    ImageRuntime=v4.0.30319
1>                    NuGetPackageId=Microsoft.NETCore.App.Ref
1>                    NuGetPackageVersion=3.0.0
1>                    OriginalItemSpec=C:\Users\hansnguyen\.nuget\packages\microsoft.netcore.app.ref\3.0.0\ref\netcoreapp3.0\System.Diagnostics.StackTrace.dll
1>                    Private=false
1>                    PublicKeyToken=b03f5f7f11d50a3a
1>                    ReferenceSourceTarget=ResolveAssemblyReference
1>                    ResolvedFrom={RawFileName}
1>                    Version=
1>            C:\Users\hansnguyen\.nuget\packages\microsoft.netcore.app.ref\3.0.0\ref\netcoreapp3.0\System.Diagnostics.TextWriterTraceListener.dll
1>                    AssemblyVersion=4.1.1.0
1>                    CopyLocal=false
1>                    ExternallyResolved=true
1>                    FileVersion=4.700.19.46214
1>                    FrameworkReferenceName=Microsoft.NETCore.App
1>                    FrameworkReferenceVersion=3.0.0
1>                    FusionName=System.Diagnostics.TextWriterTraceListener, Version=4.1.1.0, Culture=neutral, PublicKeyToken=b03f5f7f11d50a3a
1>                    ImageRuntime=v4.0.30319
1>                    NuGetPackageId=Microsoft.NETCore.App.Ref
1>                    NuGetPackageVersion=3.0.0
1>                    OriginalItemSpec=C:\Users\hansnguyen\.nuget\packages\microsoft.netcore.app.ref\3.0.0\ref\netcoreapp3.0\System.Diagnostics.TextWriterTraceListener.dll
1>                    Private=false
1>                    PublicKeyToken=b03f5f7f11d50a3a
1>                    ReferenceSourceTarget=ResolveAssemblyReference
1>                    ResolvedFrom={RawFileName}
1>                    Version=
1>            C:\Users\hansnguyen\.nuget\packages\microsoft.netcore.app.ref\3.0.0\ref\netcoreapp3.0\System.Diagnostics.Tools.dll
1>                    AssemblyVersion=4.1.1.0
1>                    CopyLocal=false
1>                    ExternallyResolved=true
1>                    FileVersion=4.700.19.46214
1>                    FrameworkReferenceName=Microsoft.NETCore.App
1>                    FrameworkReferenceVersion=3.0.0
1>                    FusionName=System.Diagnostics.Tools, Version=4.1.1.0, Culture=neutral, PublicKeyToken=b03f5f7f11d50a3a
1>                    ImageRuntime=v4.0.30319
1>                    NuGetPackageId=Microsoft.NETCore.App.Ref
1>                    NuGetPackageVersion=3.0.0
1>                    OriginalItemSpec=C:\Users\hansnguyen\.nuget\packages\microsoft.netcore.app.ref\3.0.0\ref\netcoreapp3.0\System.Diagnostics.Tools.dll
1>                    Private=false
1>                    PublicKeyToken=b03f5f7f11d50a3a
1>                    ReferenceSourceTarget=ResolveAssemblyReference
1>                    ResolvedFrom={RawFileName}
1>                    Version=
1>            C:\Users\hansnguyen\.nuget\packages\microsoft.netcore.app.ref\3.0.0\ref\netcoreapp3.0\System.Diagnostics.TraceSource.dll
1>                    AssemblyVersion=4.1.1.0
1>                    CopyLocal=false
1>                    ExternallyResolved=true
1>                    FileVersion=4.700.19.46214
1>                    FrameworkReferenceName=Microsoft.NETCore.App
1>                    FrameworkReferenceVersion=3.0.0
1>                    FusionName=System.Diagnostics.TraceSource, Version=4.1.1.0, Culture=neutral, PublicKeyToken=b03f5f7f11d50a3a
1>                    ImageRuntime=v4.0.30319
1>                    NuGetPackageId=Microsoft.NETCore.App.Ref
1>                    NuGetPackageVersion=3.0.0
1>                    OriginalItemSpec=C:\Users\hansnguyen\.nuget\packages\microsoft.netcore.app.ref\3.0.0\ref\netcoreapp3.0\System.Diagnostics.TraceSource.dll
1>                    Private=false
1>                    PublicKeyToken=b03f5f7f11d50a3a
1>                    ReferenceSourceTarget=ResolveAssemblyReference
1>                    ResolvedFrom={RawFileName}
1>                    Version=
1>            C:\Users\hansnguyen\.nuget\packages\microsoft.netcore.app.ref\3.0.0\ref\netcoreapp3.0\System.Diagnostics.Tracing.dll
1>                    AssemblyVersion=4.2.1.0
1>                    CopyLocal=false
1>                    ExternallyResolved=true
1>                    FileVersion=4.700.19.46214
1>                    FrameworkReferenceName=Microsoft.NETCore.App
1>                    FrameworkReferenceVersion=3.0.0
1>                    FusionName=System.Diagnostics.Tracing, Version=4.2.1.0, Culture=neutral, PublicKeyToken=b03f5f7f11d50a3a
1>                    ImageRuntime=v4.0.30319
1>                    NuGetPackageId=Microsoft.NETCore.App.Ref
1>                    NuGetPackageVersion=3.0.0
1>                    OriginalItemSpec=C:\Users\hansnguyen\.nuget\packages\microsoft.netcore.app.ref\3.0.0\ref\netcoreapp3.0\System.Diagnostics.Tracing.dll
1>                    Private=false
1>                    PublicKeyToken=b03f5f7f11d50a3a
1>                    ReferenceSourceTarget=ResolveAssemblyReference
1>                    ResolvedFrom={RawFileName}
1>                    Version=
1>            C:\Users\hansnguyen\.nuget\packages\microsoft.windowsdesktop.app.ref\3.0.0\ref\netcoreapp3.0\System.DirectoryServices.dll
1>                    AssemblyVersion=4.0.0.0
1>                    CopyLocal=false
1>                    ExternallyResolved=true
1>                    FileVersion=4.700.19.46214
1>                    FrameworkReferenceName=Microsoft.WindowsDesktop.App.WPF
1>                    FrameworkReferenceVersion=3.0.0
1>                    FusionName=System.DirectoryServices, Version=4.0.0.0, Culture=neutral, PublicKeyToken=b03f5f7f11d50a3a
1>                    ImageRuntime=v4.0.30319
1>                    NuGetPackageId=Microsoft.WindowsDesktop.App.Ref
1>                    NuGetPackageVersion=3.0.0
1>                    OriginalItemSpec=C:\Users\hansnguyen\.nuget\packages\microsoft.windowsdesktop.app.ref\3.0.0\ref\netcoreapp3.0\System.DirectoryServices.dll
1>                    Private=false
1>                    PublicKeyToken=b03f5f7f11d50a3a
1>                    ReferenceSourceTarget=ResolveAssemblyReference
1>                    ResolvedFrom={RawFileName}
1>                    Version=
1>            C:\Users\hansnguyen\.nuget\packages\microsoft.netcore.app.ref\3.0.0\ref\netcoreapp3.0\System.dll
1>                    AssemblyVersion=4.0.0.0
1>                    CopyLocal=false
1>                    ExternallyResolved=true
1>                    FileVersion=4.700.19.46214
1>                    FrameworkReferenceName=Microsoft.NETCore.App
1>                    FrameworkReferenceVersion=3.0.0
1>                    FusionName=System, Version=4.0.0.0, Culture=neutral, PublicKeyToken=b77a5c561934e089
1>                    ImageRuntime=v4.0.30319
1>                    NuGetPackageId=Microsoft.NETCore.App.Ref
1>                    NuGetPackageVersion=3.0.0
1>                    OriginalItemSpec=C:\Users\hansnguyen\.nuget\packages\microsoft.netcore.app.ref\3.0.0\ref\netcoreapp3.0\System.dll
1>                    Private=false
1>                    PublicKeyToken=b77a5c561934e089
1>                    ReferenceSourceTarget=ResolveAssemblyReference
1>                    ResolvedFrom={RawFileName}
1>                    Version=
1>            C:\Users\hansnguyen\.nuget\packages\microsoft.netcore.app.ref\3.0.0\ref\netcoreapp3.0\System.Drawing.dll
1>                    AssemblyVersion=4.0.0.0
1>                    CopyLocal=false
1>                    ExternallyResolved=true
1>                    FileVersion=4.700.19.46214
1>                    FrameworkReferenceName=Microsoft.NETCore.App
1>                    FrameworkReferenceVersion=3.0.0
1>                    FusionName=System.Drawing, Version=4.0.0.0, Culture=neutral, PublicKeyToken=b03f5f7f11d50a3a
1>                    ImageRuntime=v4.0.30319
1>                    NuGetPackageId=Microsoft.NETCore.App.Ref
1>                    NuGetPackageVersion=3.0.0
1>                    OriginalItemSpec=C:\Users\hansnguyen\.nuget\packages\microsoft.netcore.app.ref\3.0.0\ref\netcoreapp3.0\System.Drawing.dll
1>                    Private=false
1>                    PublicKeyToken=b03f5f7f11d50a3a
1>                    ReferenceSourceTarget=ResolveAssemblyReference
1>                    ResolvedFrom={RawFileName}
1>                    Version=
1>            C:\Users\hansnguyen\.nuget\packages\microsoft.netcore.app.ref\3.0.0\ref\netcoreapp3.0\System.Drawing.Primitives.dll
1>                    AssemblyVersion=4.2.0.0
1>                    CopyLocal=false
1>                    ExternallyResolved=true
1>                    FileVersion=4.700.19.46214
1>                    FrameworkReferenceName=Microsoft.NETCore.App
1>                    FrameworkReferenceVersion=3.0.0
1>                    FusionName=System.Drawing.Primitives, Version=4.2.0.0, Culture=neutral, PublicKeyToken=b03f5f7f11d50a3a
1>                    ImageRuntime=v4.0.30319
1>                    NuGetPackageId=Microsoft.NETCore.App.Ref
1>                    NuGetPackageVersion=3.0.0
1>                    OriginalItemSpec=C:\Users\hansnguyen\.nuget\packages\microsoft.netcore.app.ref\3.0.0\ref\netcoreapp3.0\System.Drawing.Primitives.dll
1>                    Private=false
1>                    PublicKeyToken=b03f5f7f11d50a3a
1>                    ReferenceSourceTarget=ResolveAssemblyReference
1>                    ResolvedFrom={RawFileName}
1>                    Version=
1>            C:\Users\hansnguyen\.nuget\packages\microsoft.netcore.app.ref\3.0.0\ref\netcoreapp3.0\System.Dynamic.Runtime.dll
1>                    AssemblyVersion=4.1.1.0
1>                    CopyLocal=false
1>                    ExternallyResolved=true
1>                    FileVersion=4.700.19.46214
1>                    FrameworkReferenceName=Microsoft.NETCore.App
1>                    FrameworkReferenceVersion=3.0.0
1>                    FusionName=System.Dynamic.Runtime, Version=4.1.1.0, Culture=neutral, PublicKeyToken=b03f5f7f11d50a3a
1>                    ImageRuntime=v4.0.30319
1>                    NuGetPackageId=Microsoft.NETCore.App.Ref
1>                    NuGetPackageVersion=3.0.0
1>                    OriginalItemSpec=C:\Users\hansnguyen\.nuget\packages\microsoft.netcore.app.ref\3.0.0\ref\netcoreapp3.0\System.Dynamic.Runtime.dll
1>                    Private=false
1>                    PublicKeyToken=b03f5f7f11d50a3a
1>                    ReferenceSourceTarget=ResolveAssemblyReference
1>                    ResolvedFrom={RawFileName}
1>                    Version=
1>            C:\Users\hansnguyen\.nuget\packages\microsoft.netcore.app.ref\3.0.0\ref\netcoreapp3.0\System.Globalization.Calendars.dll
1>                    AssemblyVersion=4.1.1.0
1>                    CopyLocal=false
1>                    ExternallyResolved=true
1>                    FileVersion=4.700.19.46214
1>                    FrameworkReferenceName=Microsoft.NETCore.App
1>                    FrameworkReferenceVersion=3.0.0
1>                    FusionName=System.Globalization.Calendars, Version=4.1.1.0, Culture=neutral, PublicKeyToken=b03f5f7f11d50a3a
1>                    ImageRuntime=v4.0.30319
1>                    NuGetPackageId=Microsoft.NETCore.App.Ref
1>                    NuGetPackageVersion=3.0.0
1>                    OriginalItemSpec=C:\Users\hansnguyen\.nuget\packages\microsoft.netcore.app.ref\3.0.0\ref\netcoreapp3.0\System.Globalization.Calendars.dll
1>                    Private=false
1>                    PublicKeyToken=b03f5f7f11d50a3a
1>                    ReferenceSourceTarget=ResolveAssemblyReference
1>                    ResolvedFrom={RawFileName}
1>                    Version=
1>            C:\Users\hansnguyen\.nuget\packages\microsoft.netcore.app.ref\3.0.0\ref\netcoreapp3.0\System.Globalization.dll
1>                    AssemblyVersion=4.1.1.0
1>                    CopyLocal=false
1>                    ExternallyResolved=true
1>                    FileVersion=4.700.19.46214
1>                    FrameworkReferenceName=Microsoft.NETCore.App
1>                    FrameworkReferenceVersion=3.0.0
1>                    FusionName=System.Globalization, Version=4.1.1.0, Culture=neutral, PublicKeyToken=b03f5f7f11d50a3a
1>                    ImageRuntime=v4.0.30319
1>                    NuGetPackageId=Microsoft.NETCore.App.Ref
1>                    NuGetPackageVersion=3.0.0
1>                    OriginalItemSpec=C:\Users\hansnguyen\.nuget\packages\microsoft.netcore.app.ref\3.0.0\ref\netcoreapp3.0\System.Globalization.dll
1>                    Private=false
1>                    PublicKeyToken=b03f5f7f11d50a3a
1>                    ReferenceSourceTarget=ResolveAssemblyReference
1>                    ResolvedFrom={RawFileName}
1>                    Version=
1>            C:\Users\hansnguyen\.nuget\packages\microsoft.netcore.app.ref\3.0.0\ref\netcoreapp3.0\System.Globalization.Extensions.dll
1>                    AssemblyVersion=4.1.1.0
1>                    CopyLocal=false
1>                    ExternallyResolved=true
1>                    FileVersion=4.700.19.46214
1>                    FrameworkReferenceName=Microsoft.NETCore.App
1>                    FrameworkReferenceVersion=3.0.0
1>                    FusionName=System.Globalization.Extensions, Version=4.1.1.0, Culture=neutral, PublicKeyToken=b03f5f7f11d50a3a
1>                    ImageRuntime=v4.0.30319
1>                    NuGetPackageId=Microsoft.NETCore.App.Ref
1>                    NuGetPackageVersion=3.0.0
1>                    OriginalItemSpec=C:\Users\hansnguyen\.nuget\packages\microsoft.netcore.app.ref\3.0.0\ref\netcoreapp3.0\System.Globalization.Extensions.dll
1>                    Private=false
1>                    PublicKeyToken=b03f5f7f11d50a3a
1>                    ReferenceSourceTarget=ResolveAssemblyReference
1>                    ResolvedFrom={RawFileName}
1>                    Version=
1>            C:\Users\hansnguyen\.nuget\packages\microsoft.netcore.app.ref\3.0.0\ref\netcoreapp3.0\System.IO.Compression.Brotli.dll
1>                    AssemblyVersion=4.2.1.0
1>                    CopyLocal=false
1>                    ExternallyResolved=true
1>                    FileVersion=4.700.19.46214
1>                    FrameworkReferenceName=Microsoft.NETCore.App
1>                    FrameworkReferenceVersion=3.0.0
1>                    FusionName=System.IO.Compression.Brotli, Version=4.2.1.0, Culture=neutral, PublicKeyToken=b77a5c561934e089
1>                    ImageRuntime=v4.0.30319
1>                    NuGetPackageId=Microsoft.NETCore.App.Ref
1>                    NuGetPackageVersion=3.0.0
1>                    OriginalItemSpec=C:\Users\hansnguyen\.nuget\packages\microsoft.netcore.app.ref\3.0.0\ref\netcoreapp3.0\System.IO.Compression.Brotli.dll
1>                    Private=false
1>                    PublicKeyToken=b77a5c561934e089
1>                    ReferenceSourceTarget=ResolveAssemblyReference
1>                    ResolvedFrom={RawFileName}
1>                    Version=
1>            C:\Users\hansnguyen\.nuget\packages\microsoft.netcore.app.ref\3.0.0\ref\netcoreapp3.0\System.IO.Compression.dll
1>                    AssemblyVersion=4.2.1.0
1>                    CopyLocal=false
1>                    ExternallyResolved=true
1>                    FileVersion=4.700.19.46214
1>                    FrameworkReferenceName=Microsoft.NETCore.App
1>                    FrameworkReferenceVersion=3.0.0
1>                    FusionName=System.IO.Compression, Version=4.2.1.0, Culture=neutral, PublicKeyToken=b77a5c561934e089
1>                    ImageRuntime=v4.0.30319
1>                    NuGetPackageId=Microsoft.NETCore.App.Ref
1>                    NuGetPackageVersion=3.0.0
1>                    OriginalItemSpec=C:\Users\hansnguyen\.nuget\packages\microsoft.netcore.app.ref\3.0.0\ref\netcoreapp3.0\System.IO.Compression.dll
1>                    Private=false
1>                    PublicKeyToken=b77a5c561934e089
1>                    ReferenceSourceTarget=ResolveAssemblyReference
1>                    ResolvedFrom={RawFileName}
1>                    Version=
1>            C:\Users\hansnguyen\.nuget\packages\microsoft.netcore.app.ref\3.0.0\ref\netcoreapp3.0\System.IO.Compression.FileSystem.dll
1>                    AssemblyVersion=4.0.0.0
1>                    CopyLocal=false
1>                    ExternallyResolved=true
1>                    FileVersion=4.700.19.46214
1>                    FrameworkReferenceName=Microsoft.NETCore.App
1>                    FrameworkReferenceVersion=3.0.0
1>                    FusionName=System.IO.Compression.FileSystem, Version=4.0.0.0, Culture=neutral, PublicKeyToken=b77a5c561934e089
1>                    ImageRuntime=v4.0.30319
1>                    NuGetPackageId=Microsoft.NETCore.App.Ref
1>                    NuGetPackageVersion=3.0.0
1>                    OriginalItemSpec=C:\Users\hansnguyen\.nuget\packages\microsoft.netcore.app.ref\3.0.0\ref\netcoreapp3.0\System.IO.Compression.FileSystem.dll
1>                    Private=false
1>                    PublicKeyToken=b77a5c561934e089
1>                    ReferenceSourceTarget=ResolveAssemblyReference
1>                    ResolvedFrom={RawFileName}
1>                    Version=
1>            C:\Users\hansnguyen\.nuget\packages\microsoft.netcore.app.ref\3.0.0\ref\netcoreapp3.0\System.IO.Compression.ZipFile.dll
1>                    AssemblyVersion=4.0.4.0
1>                    CopyLocal=false
1>                    ExternallyResolved=true
1>                    FileVersion=4.700.19.46214
1>                    FrameworkReferenceName=Microsoft.NETCore.App
1>                    FrameworkReferenceVersion=3.0.0
1>                    FusionName=System.IO.Compression.ZipFile, Version=4.0.4.0, Culture=neutral, PublicKeyToken=b77a5c561934e089
1>                    ImageRuntime=v4.0.30319
1>                    NuGetPackageId=Microsoft.NETCore.App.Ref
1>                    NuGetPackageVersion=3.0.0
1>                    OriginalItemSpec=C:\Users\hansnguyen\.nuget\packages\microsoft.netcore.app.ref\3.0.0\ref\netcoreapp3.0\System.IO.Compression.ZipFile.dll
1>                    Private=false
1>                    PublicKeyToken=b77a5c561934e089
1>                    ReferenceSourceTarget=ResolveAssemblyReference
1>                    ResolvedFrom={RawFileName}
1>                    Version=
1>            C:\Users\hansnguyen\.nuget\packages\microsoft.netcore.app.ref\3.0.0\ref\netcoreapp3.0\System.IO.dll
1>                    AssemblyVersion=4.2.1.0
1>                    CopyLocal=false
1>                    ExternallyResolved=true
1>                    FileVersion=4.700.19.46214
1>                    FrameworkReferenceName=Microsoft.NETCore.App
1>                    FrameworkReferenceVersion=3.0.0
1>                    FusionName=System.IO, Version=4.2.1.0, Culture=neutral, PublicKeyToken=b03f5f7f11d50a3a
1>                    ImageRuntime=v4.0.30319
1>                    NuGetPackageId=Microsoft.NETCore.App.Ref
1>                    NuGetPackageVersion=3.0.0
1>                    OriginalItemSpec=C:\Users\hansnguyen\.nuget\packages\microsoft.netcore.app.ref\3.0.0\ref\netcoreapp3.0\System.IO.dll
1>                    Private=false
1>                    PublicKeyToken=b03f5f7f11d50a3a
1>                    ReferenceSourceTarget=ResolveAssemblyReference
1>                    ResolvedFrom={RawFileName}
1>                    Version=
1>            C:\Users\hansnguyen\.nuget\packages\microsoft.windowsdesktop.app.ref\3.0.0\ref\netcoreapp3.0\System.IO.FileSystem.AccessControl.dll
1>                    AssemblyVersion=4.0.4.0
1>                    CopyLocal=false
1>                    ExternallyResolved=true
1>                    FileVersion=4.700.19.46214
1>                    FrameworkReferenceName=Microsoft.WindowsDesktop.App.WPF
1>                    FrameworkReferenceVersion=3.0.0
1>                    FusionName=System.IO.FileSystem.AccessControl, Version=4.0.4.0, Culture=neutral, PublicKeyToken=b03f5f7f11d50a3a
1>                    ImageRuntime=v4.0.30319
1>                    NuGetPackageId=Microsoft.WindowsDesktop.App.Ref
1>                    NuGetPackageVersion=3.0.0
1>                    OriginalItemSpec=C:\Users\hansnguyen\.nuget\packages\microsoft.windowsdesktop.app.ref\3.0.0\ref\netcoreapp3.0\System.IO.FileSystem.AccessControl.dll
1>                    Private=false
1>                    PublicKeyToken=b03f5f7f11d50a3a
1>                    ReferenceSourceTarget=ResolveAssemblyReference
1>                    ResolvedFrom={RawFileName}
1>                    Version=
1>            C:\Users\hansnguyen\.nuget\packages\microsoft.netcore.app.ref\3.0.0\ref\netcoreapp3.0\System.IO.FileSystem.dll
1>                    AssemblyVersion=4.1.1.0
1>                    CopyLocal=false
1>                    ExternallyResolved=true
1>                    FileVersion=4.700.19.46214
1>                    FrameworkReferenceName=Microsoft.NETCore.App
1>                    FrameworkReferenceVersion=3.0.0
1>                    FusionName=System.IO.FileSystem, Version=4.1.1.0, Culture=neutral, PublicKeyToken=b03f5f7f11d50a3a
1>                    ImageRuntime=v4.0.30319
1>                    NuGetPackageId=Microsoft.NETCore.App.Ref
1>                    NuGetPackageVersion=3.0.0
1>                    OriginalItemSpec=C:\Users\hansnguyen\.nuget\packages\microsoft.netcore.app.ref\3.0.0\ref\netcoreapp3.0\System.IO.FileSystem.dll
1>                    Private=false
1>                    PublicKeyToken=b03f5f7f11d50a3a
1>                    ReferenceSourceTarget=ResolveAssemblyReference
1>                    ResolvedFrom={RawFileName}
1>                    Version=
1>            C:\Users\hansnguyen\.nuget\packages\microsoft.netcore.app.ref\3.0.0\ref\netcoreapp3.0\System.IO.FileSystem.DriveInfo.dll
1>                    AssemblyVersion=4.1.1.0
1>                    CopyLocal=false
1>                    ExternallyResolved=true
1>                    FileVersion=4.700.19.46214
1>                    FrameworkReferenceName=Microsoft.NETCore.App
1>                    FrameworkReferenceVersion=3.0.0
1>                    FusionName=System.IO.FileSystem.DriveInfo, Version=4.1.1.0, Culture=neutral, PublicKeyToken=b03f5f7f11d50a3a
1>                    ImageRuntime=v4.0.30319
1>                    NuGetPackageId=Microsoft.NETCore.App.Ref
1>                    NuGetPackageVersion=3.0.0
1>                    OriginalItemSpec=C:\Users\hansnguyen\.nuget\packages\microsoft.netcore.app.ref\3.0.0\ref\netcoreapp3.0\System.IO.FileSystem.DriveInfo.dll
1>                    Private=false
1>                    PublicKeyToken=b03f5f7f11d50a3a
1>                    ReferenceSourceTarget=ResolveAssemblyReference
1>                    ResolvedFrom={RawFileName}
1>                    Version=
1>            C:\Users\hansnguyen\.nuget\packages\microsoft.netcore.app.ref\3.0.0\ref\netcoreapp3.0\System.IO.FileSystem.Primitives.dll
1>                    AssemblyVersion=4.1.1.0
1>                    CopyLocal=false
1>                    ExternallyResolved=true
1>                    FileVersion=4.700.19.46214
1>                    FrameworkReferenceName=Microsoft.NETCore.App
1>                    FrameworkReferenceVersion=3.0.0
1>                    FusionName=System.IO.FileSystem.Primitives, Version=4.1.1.0, Culture=neutral, PublicKeyToken=b03f5f7f11d50a3a
1>                    ImageRuntime=v4.0.30319
1>                    NuGetPackageId=Microsoft.NETCore.App.Ref
1>                    NuGetPackageVersion=3.0.0
1>                    OriginalItemSpec=C:\Users\hansnguyen\.nuget\packages\microsoft.netcore.app.ref\3.0.0\ref\netcoreapp3.0\System.IO.FileSystem.Primitives.dll
1>                    Private=false
1>                    PublicKeyToken=b03f5f7f11d50a3a
1>                    ReferenceSourceTarget=ResolveAssemblyReference
1>                    ResolvedFrom={RawFileName}
1>                    Version=
1>            C:\Users\hansnguyen\.nuget\packages\microsoft.netcore.app.ref\3.0.0\ref\netcoreapp3.0\System.IO.FileSystem.Watcher.dll
1>                    AssemblyVersion=4.1.1.0
1>                    CopyLocal=false
1>                    ExternallyResolved=true
1>                    FileVersion=4.700.19.46214
1>                    FrameworkReferenceName=Microsoft.NETCore.App
1>                    FrameworkReferenceVersion=3.0.0
1>                    FusionName=System.IO.FileSystem.Watcher, Version=4.1.1.0, Culture=neutral, PublicKeyToken=b03f5f7f11d50a3a
1>                    ImageRuntime=v4.0.30319
1>                    NuGetPackageId=Microsoft.NETCore.App.Ref
1>                    NuGetPackageVersion=3.0.0
1>                    OriginalItemSpec=C:\Users\hansnguyen\.nuget\packages\microsoft.netcore.app.ref\3.0.0\ref\netcoreapp3.0\System.IO.FileSystem.Watcher.dll
1>                    Private=false
1>                    PublicKeyToken=b03f5f7f11d50a3a
1>                    ReferenceSourceTarget=ResolveAssemblyReference
1>                    ResolvedFrom={RawFileName}
1>                    Version=
1>            C:\Users\hansnguyen\.nuget\packages\microsoft.netcore.app.ref\3.0.0\ref\netcoreapp3.0\System.IO.IsolatedStorage.dll
1>                    AssemblyVersion=4.1.1.0
1>                    CopyLocal=false
1>                    ExternallyResolved=true
1>                    FileVersion=4.700.19.46214
1>                    FrameworkReferenceName=Microsoft.NETCore.App
1>                    FrameworkReferenceVersion=3.0.0
1>                    FusionName=System.IO.IsolatedStorage, Version=4.1.1.0, Culture=neutral, PublicKeyToken=b03f5f7f11d50a3a
1>                    ImageRuntime=v4.0.30319
1>                    NuGetPackageId=Microsoft.NETCore.App.Ref
1>                    NuGetPackageVersion=3.0.0
1>                    OriginalItemSpec=C:\Users\hansnguyen\.nuget\packages\microsoft.netcore.app.ref\3.0.0\ref\netcoreapp3.0\System.IO.IsolatedStorage.dll
1>                    Private=false
1>                    PublicKeyToken=b03f5f7f11d50a3a
1>                    ReferenceSourceTarget=ResolveAssemblyReference
1>                    ResolvedFrom={RawFileName}
1>                    Version=
1>            C:\Users\hansnguyen\.nuget\packages\microsoft.netcore.app.ref\3.0.0\ref\netcoreapp3.0\System.IO.MemoryMappedFiles.dll
1>                    AssemblyVersion=4.1.1.0
1>                    CopyLocal=false
1>                    ExternallyResolved=true
1>                    FileVersion=4.700.19.46214
1>                    FrameworkReferenceName=Microsoft.NETCore.App
1>                    FrameworkReferenceVersion=3.0.0
1>                    FusionName=System.IO.MemoryMappedFiles, Version=4.1.1.0, Culture=neutral, PublicKeyToken=b03f5f7f11d50a3a
1>                    ImageRuntime=v4.0.30319
1>                    NuGetPackageId=Microsoft.NETCore.App.Ref
1>                    NuGetPackageVersion=3.0.0
1>                    OriginalItemSpec=C:\Users\hansnguyen\.nuget\packages\microsoft.netcore.app.ref\3.0.0\ref\netcoreapp3.0\System.IO.MemoryMappedFiles.dll
1>                    Private=false
1>                    PublicKeyToken=b03f5f7f11d50a3a
1>                    ReferenceSourceTarget=ResolveAssemblyReference
1>                    ResolvedFrom={RawFileName}
1>                    Version=
1>            C:\Users\hansnguyen\.nuget\packages\microsoft.windowsdesktop.app.ref\3.0.0\ref\netcoreapp3.0\System.IO.Packaging.dll
1>                    AssemblyVersion=4.0.4.0
1>                    CopyLocal=false
1>                    ExternallyResolved=true
1>                    FileVersion=4.700.19.46214
1>                    FrameworkReferenceName=Microsoft.WindowsDesktop.App.WPF
1>                    FrameworkReferenceVersion=3.0.0
1>                    FusionName=System.IO.Packaging, Version=4.0.4.0, Culture=neutral, PublicKeyToken=b03f5f7f11d50a3a
1>                    ImageRuntime=v4.0.30319
1>                    NuGetPackageId=Microsoft.WindowsDesktop.App.Ref
1>                    NuGetPackageVersion=3.0.0
1>                    OriginalItemSpec=C:\Users\hansnguyen\.nuget\packages\microsoft.windowsdesktop.app.ref\3.0.0\ref\netcoreapp3.0\System.IO.Packaging.dll
1>                    Private=false
1>                    PublicKeyToken=b03f5f7f11d50a3a
1>                    ReferenceSourceTarget=ResolveAssemblyReference
1>                    ResolvedFrom={RawFileName}
1>                    Version=
1>            C:\Users\hansnguyen\.nuget\packages\microsoft.windowsdesktop.app.ref\3.0.0\ref\netcoreapp3.0\System.IO.Pipes.AccessControl.dll
1>                    AssemblyVersion=4.0.3.0
1>                    CopyLocal=false
1>                    ExternallyResolved=true
1>                    FileVersion=4.6.26606.5
1>                    FrameworkReferenceName=Microsoft.WindowsDesktop.App.WPF
1>                    FrameworkReferenceVersion=3.0.0
1>                    FusionName=System.IO.Pipes.AccessControl, Version=4.0.3.0, Culture=neutral, PublicKeyToken=b03f5f7f11d50a3a
1>                    ImageRuntime=v4.0.30319
1>                    NuGetPackageId=Microsoft.WindowsDesktop.App.Ref
1>                    NuGetPackageVersion=3.0.0
1>                    OriginalItemSpec=C:\Users\hansnguyen\.nuget\packages\microsoft.windowsdesktop.app.ref\3.0.0\ref\netcoreapp3.0\System.IO.Pipes.AccessControl.dll
1>                    Private=false
1>                    PublicKeyToken=b03f5f7f11d50a3a
1>                    ReferenceSourceTarget=ResolveAssemblyReference
1>                    ResolvedFrom={RawFileName}
1>                    Version=
1>            C:\Users\hansnguyen\.nuget\packages\microsoft.netcore.app.ref\3.0.0\ref\netcoreapp3.0\System.IO.Pipes.dll
1>                    AssemblyVersion=4.1.1.0
1>                    CopyLocal=false
1>                    ExternallyResolved=true
1>                    FileVersion=4.700.19.46214
1>                    FrameworkReferenceName=Microsoft.NETCore.App
1>                    FrameworkReferenceVersion=3.0.0
1>                    FusionName=System.IO.Pipes, Version=4.1.1.0, Culture=neutral, PublicKeyToken=b03f5f7f11d50a3a
1>                    ImageRuntime=v4.0.30319
1>                    NuGetPackageId=Microsoft.NETCore.App.Ref
1>                    NuGetPackageVersion=3.0.0
1>                    OriginalItemSpec=C:\Users\hansnguyen\.nuget\packages\microsoft.netcore.app.ref\3.0.0\ref\netcoreapp3.0\System.IO.Pipes.dll
1>                    Private=false
1>                    PublicKeyToken=b03f5f7f11d50a3a
1>                    ReferenceSourceTarget=ResolveAssemblyReference
1>                    ResolvedFrom={RawFileName}
1>                    Version=
1>            C:\Users\hansnguyen\.nuget\packages\microsoft.netcore.app.ref\3.0.0\ref\netcoreapp3.0\System.IO.UnmanagedMemoryStream.dll
1>                    AssemblyVersion=4.1.1.0
1>                    CopyLocal=false
1>                    ExternallyResolved=true
1>                    FileVersion=4.700.19.46214
1>                    FrameworkReferenceName=Microsoft.NETCore.App
1>                    FrameworkReferenceVersion=3.0.0
1>                    FusionName=System.IO.UnmanagedMemoryStream, Version=4.1.1.0, Culture=neutral, PublicKeyToken=b03f5f7f11d50a3a
1>                    ImageRuntime=v4.0.30319
1>                    NuGetPackageId=Microsoft.NETCore.App.Ref
1>                    NuGetPackageVersion=3.0.0
1>                    OriginalItemSpec=C:\Users\hansnguyen\.nuget\packages\microsoft.netcore.app.ref\3.0.0\ref\netcoreapp3.0\System.IO.UnmanagedMemoryStream.dll
1>                    Private=false
1>                    PublicKeyToken=b03f5f7f11d50a3a
1>                    ReferenceSourceTarget=ResolveAssemblyReference
1>                    ResolvedFrom={RawFileName}
1>                    Version=
1>            C:\Users\hansnguyen\.nuget\packages\microsoft.netcore.app.ref\3.0.0\ref\netcoreapp3.0\System.Linq.dll
1>                    AssemblyVersion=4.2.1.0
1>                    CopyLocal=false
1>                    ExternallyResolved=true
1>                    FileVersion=4.700.19.46214
1>                    FrameworkReferenceName=Microsoft.NETCore.App
1>                    FrameworkReferenceVersion=3.0.0
1>                    FusionName=System.Linq, Version=4.2.1.0, Culture=neutral, PublicKeyToken=b03f5f7f11d50a3a
1>                    ImageRuntime=v4.0.30319
1>                    NuGetPackageId=Microsoft.NETCore.App.Ref
1>                    NuGetPackageVersion=3.0.0
1>                    OriginalItemSpec=C:\Users\hansnguyen\.nuget\packages\microsoft.netcore.app.ref\3.0.0\ref\netcoreapp3.0\System.Linq.dll
1>                    Private=false
1>                    PublicKeyToken=b03f5f7f11d50a3a
1>                    ReferenceSourceTarget=ResolveAssemblyReference
1>                    ResolvedFrom={RawFileName}
1>                    Version=
1>            C:\Users\hansnguyen\.nuget\packages\microsoft.netcore.app.ref\3.0.0\ref\netcoreapp3.0\System.Linq.Expressions.dll
1>                    AssemblyVersion=4.2.1.0
1>                    CopyLocal=false
1>                    ExternallyResolved=true
1>                    FileVersion=4.700.19.46214
1>                    FrameworkReferenceName=Microsoft.NETCore.App
1>                    FrameworkReferenceVersion=3.0.0
1>                    FusionName=System.Linq.Expressions, Version=4.2.1.0, Culture=neutral, PublicKeyToken=b03f5f7f11d50a3a
1>                    ImageRuntime=v4.0.30319
1>                    NuGetPackageId=Microsoft.NETCore.App.Ref
1>                    NuGetPackageVersion=3.0.0
1>                    OriginalItemSpec=C:\Users\hansnguyen\.nuget\packages\microsoft.netcore.app.ref\3.0.0\ref\netcoreapp3.0\System.Linq.Expressions.dll
1>                    Private=false
1>                    PublicKeyToken=b03f5f7f11d50a3a
1>                    ReferenceSourceTarget=ResolveAssemblyReference
1>                    ResolvedFrom={RawFileName}
1>                    Version=
1>            C:\Users\hansnguyen\.nuget\packages\microsoft.netcore.app.ref\3.0.0\ref\netcoreapp3.0\System.Linq.Parallel.dll
1>                    AssemblyVersion=4.0.3.0
1>                    CopyLocal=false
1>                    ExternallyResolved=true
1>                    FileVersion=4.700.19.46214
1>                    FrameworkReferenceName=Microsoft.NETCore.App
1>                    FrameworkReferenceVersion=3.0.0
1>                    FusionName=System.Linq.Parallel, Version=4.0.3.0, Culture=neutral, PublicKeyToken=b03f5f7f11d50a3a
1>                    ImageRuntime=v4.0.30319
1>                    NuGetPackageId=Microsoft.NETCore.App.Ref
1>                    NuGetPackageVersion=3.0.0
1>                    OriginalItemSpec=C:\Users\hansnguyen\.nuget\packages\microsoft.netcore.app.ref\3.0.0\ref\netcoreapp3.0\System.Linq.Parallel.dll
1>                    Private=false
1>                    PublicKeyToken=b03f5f7f11d50a3a
1>                    ReferenceSourceTarget=ResolveAssemblyReference
1>                    ResolvedFrom={RawFileName}
1>                    Version=
1>            C:\Users\hansnguyen\.nuget\packages\microsoft.netcore.app.ref\3.0.0\ref\netcoreapp3.0\System.Linq.Queryable.dll
1>                    AssemblyVersion=4.0.3.0
1>                    CopyLocal=false
1>                    ExternallyResolved=true
1>                    FileVersion=4.700.19.46214
1>                    FrameworkReferenceName=Microsoft.NETCore.App
1>                    FrameworkReferenceVersion=3.0.0
1>                    FusionName=System.Linq.Queryable, Version=4.0.3.0, Culture=neutral, PublicKeyToken=b03f5f7f11d50a3a
1>                    ImageRuntime=v4.0.30319
1>                    NuGetPackageId=Microsoft.NETCore.App.Ref
1>                    NuGetPackageVersion=3.0.0
1>                    OriginalItemSpec=C:\Users\hansnguyen\.nuget\packages\microsoft.netcore.app.ref\3.0.0\ref\netcoreapp3.0\System.Linq.Queryable.dll
1>                    Private=false
1>                    PublicKeyToken=b03f5f7f11d50a3a
1>                    ReferenceSourceTarget=ResolveAssemblyReference
1>                    ResolvedFrom={RawFileName}
1>                    Version=
1>            C:\Users\hansnguyen\.nuget\packages\microsoft.netcore.app.ref\3.0.0\ref\netcoreapp3.0\System.Memory.dll
1>                    AssemblyVersion=4.2.0.0
1>                    CopyLocal=false
1>                    ExternallyResolved=true
1>                    FileVersion=4.700.19.46214
1>                    FrameworkReferenceName=Microsoft.NETCore.App
1>                    FrameworkReferenceVersion=3.0.0
1>                    FusionName=System.Memory, Version=4.2.0.0, Culture=neutral, PublicKeyToken=cc7b13ffcd2ddd51
1>                    ImageRuntime=v4.0.30319
1>                    NuGetPackageId=Microsoft.NETCore.App.Ref
1>                    NuGetPackageVersion=3.0.0
1>                    OriginalItemSpec=C:\Users\hansnguyen\.nuget\packages\microsoft.netcore.app.ref\3.0.0\ref\netcoreapp3.0\System.Memory.dll
1>                    Private=false
1>                    PublicKeyToken=cc7b13ffcd2ddd51
1>                    ReferenceSourceTarget=ResolveAssemblyReference
1>                    ResolvedFrom={RawFileName}
1>                    Version=
1>            C:\Users\hansnguyen\.nuget\packages\microsoft.netcore.app.ref\3.0.0\ref\netcoreapp3.0\System.Net.dll
1>                    AssemblyVersion=4.0.0.0
1>                    CopyLocal=false
1>                    ExternallyResolved=true
1>                    FileVersion=4.700.19.46214
1>                    FrameworkReferenceName=Microsoft.NETCore.App
1>                    FrameworkReferenceVersion=3.0.0
1>                    FusionName=System.Net, Version=4.0.0.0, Culture=neutral, PublicKeyToken=b03f5f7f11d50a3a
1>                    ImageRuntime=v4.0.30319
1>                    NuGetPackageId=Microsoft.NETCore.App.Ref
1>                    NuGetPackageVersion=3.0.0
1>                    OriginalItemSpec=C:\Users\hansnguyen\.nuget\packages\microsoft.netcore.app.ref\3.0.0\ref\netcoreapp3.0\System.Net.dll
1>                    Private=false
1>                    PublicKeyToken=b03f5f7f11d50a3a
1>                    ReferenceSourceTarget=ResolveAssemblyReference
1>                    ResolvedFrom={RawFileName}
1>                    Version=
1>            C:\Users\hansnguyen\.nuget\packages\microsoft.netcore.app.ref\3.0.0\ref\netcoreapp3.0\System.Net.Http.dll
1>                    AssemblyVersion=4.2.1.0
1>                    CopyLocal=false
1>                    ExternallyResolved=true
1>                    FileVersion=4.700.19.46214
1>                    FrameworkReferenceName=Microsoft.NETCore.App
1>                    FrameworkReferenceVersion=3.0.0
1>                    FusionName=System.Net.Http, Version=4.2.1.0, Culture=neutral, PublicKeyToken=b03f5f7f11d50a3a
1>                    ImageRuntime=v4.0.30319
1>                    NuGetPackageId=Microsoft.NETCore.App.Ref
1>                    NuGetPackageVersion=3.0.0
1>                    OriginalItemSpec=C:\Users\hansnguyen\.nuget\packages\microsoft.netcore.app.ref\3.0.0\ref\netcoreapp3.0\System.Net.Http.dll
1>                    Private=false
1>                    PublicKeyToken=b03f5f7f11d50a3a
1>                    ReferenceSourceTarget=ResolveAssemblyReference
1>                    ResolvedFrom={RawFileName}
1>                    Version=
1>            C:\Users\hansnguyen\.nuget\packages\microsoft.netcore.app.ref\3.0.0\ref\netcoreapp3.0\System.Net.HttpListener.dll
1>                    AssemblyVersion=4.0.1.0
1>                    CopyLocal=false
1>                    ExternallyResolved=true
1>                    FileVersion=4.700.19.46214
1>                    FrameworkReferenceName=Microsoft.NETCore.App
1>                    FrameworkReferenceVersion=3.0.0
1>                    FusionName=System.Net.HttpListener, Version=4.0.1.0, Culture=neutral, PublicKeyToken=cc7b13ffcd2ddd51
1>                    ImageRuntime=v4.0.30319
1>                    NuGetPackageId=Microsoft.NETCore.App.Ref
1>                    NuGetPackageVersion=3.0.0
1>                    OriginalItemSpec=C:\Users\hansnguyen\.nuget\packages\microsoft.netcore.app.ref\3.0.0\ref\netcoreapp3.0\System.Net.HttpListener.dll
1>                    Private=false
1>                    PublicKeyToken=cc7b13ffcd2ddd51
1>                    ReferenceSourceTarget=ResolveAssemblyReference
1>                    ResolvedFrom={RawFileName}
1>                    Version=
1>            C:\Users\hansnguyen\.nuget\packages\microsoft.netcore.app.ref\3.0.0\ref\netcoreapp3.0\System.Net.Mail.dll
1>                    AssemblyVersion=4.0.1.0
1>                    CopyLocal=false
1>                    ExternallyResolved=true
1>                    FileVersion=4.700.19.46214
1>                    FrameworkReferenceName=Microsoft.NETCore.App
1>                    FrameworkReferenceVersion=3.0.0
1>                    FusionName=System.Net.Mail, Version=4.0.1.0, Culture=neutral, PublicKeyToken=cc7b13ffcd2ddd51
1>                    ImageRuntime=v4.0.30319
1>                    NuGetPackageId=Microsoft.NETCore.App.Ref
1>                    NuGetPackageVersion=3.0.0
1>                    OriginalItemSpec=C:\Users\hansnguyen\.nuget\packages\microsoft.netcore.app.ref\3.0.0\ref\netcoreapp3.0\System.Net.Mail.dll
1>                    Private=false
1>                    PublicKeyToken=cc7b13ffcd2ddd51
1>                    ReferenceSourceTarget=ResolveAssemblyReference
1>                    ResolvedFrom={RawFileName}
1>                    Version=
1>            C:\Users\hansnguyen\.nuget\packages\microsoft.netcore.app.ref\3.0.0\ref\netcoreapp3.0\System.Net.NameResolution.dll
1>                    AssemblyVersion=4.1.1.0
1>                    CopyLocal=false
1>                    ExternallyResolved=true
1>                    FileVersion=4.700.19.46214
1>                    FrameworkReferenceName=Microsoft.NETCore.App
1>                    FrameworkReferenceVersion=3.0.0
1>                    FusionName=System.Net.NameResolution, Version=4.1.1.0, Culture=neutral, PublicKeyToken=b03f5f7f11d50a3a
1>                    ImageRuntime=v4.0.30319
1>                    NuGetPackageId=Microsoft.NETCore.App.Ref
1>                    NuGetPackageVersion=3.0.0
1>                    OriginalItemSpec=C:\Users\hansnguyen\.nuget\packages\microsoft.netcore.app.ref\3.0.0\ref\netcoreapp3.0\System.Net.NameResolution.dll
1>                    Private=false
1>                    PublicKeyToken=b03f5f7f11d50a3a
1>                    ReferenceSourceTarget=ResolveAssemblyReference
1>                    ResolvedFrom={RawFileName}
1>                    Version=
1>            C:\Users\hansnguyen\.nuget\packages\microsoft.netcore.app.ref\3.0.0\ref\netcoreapp3.0\System.Net.NetworkInformation.dll
1>                    AssemblyVersion=4.2.1.0
1>                    CopyLocal=false
1>                    ExternallyResolved=true
1>                    FileVersion=4.700.19.46214
1>                    FrameworkReferenceName=Microsoft.NETCore.App
1>                    FrameworkReferenceVersion=3.0.0
1>                    FusionName=System.Net.NetworkInformation, Version=4.2.1.0, Culture=neutral, PublicKeyToken=b03f5f7f11d50a3a
1>                    ImageRuntime=v4.0.30319
1>                    NuGetPackageId=Microsoft.NETCore.App.Ref
1>                    NuGetPackageVersion=3.0.0
1>                    OriginalItemSpec=C:\Users\hansnguyen\.nuget\packages\microsoft.netcore.app.ref\3.0.0\ref\netcoreapp3.0\System.Net.NetworkInformation.dll
1>                    Private=false
1>                    PublicKeyToken=b03f5f7f11d50a3a
1>                    ReferenceSourceTarget=ResolveAssemblyReference
1>                    ResolvedFrom={RawFileName}
1>                    Version=
1>            C:\Users\hansnguyen\.nuget\packages\microsoft.netcore.app.ref\3.0.0\ref\netcoreapp3.0\System.Net.Ping.dll
1>                    AssemblyVersion=4.1.1.0
1>                    CopyLocal=false
1>                    ExternallyResolved=true
1>                    FileVersion=4.700.19.46214
1>                    FrameworkReferenceName=Microsoft.NETCore.App
1>                    FrameworkReferenceVersion=3.0.0
1>                    FusionName=System.Net.Ping, Version=4.1.1.0, Culture=neutral, PublicKeyToken=b03f5f7f11d50a3a
1>                    ImageRuntime=v4.0.30319
1>                    NuGetPackageId=Microsoft.NETCore.App.Ref
1>                    NuGetPackageVersion=3.0.0
1>                    OriginalItemSpec=C:\Users\hansnguyen\.nuget\packages\microsoft.netcore.app.ref\3.0.0\ref\netcoreapp3.0\System.Net.Ping.dll
1>                    Private=false
1>                    PublicKeyToken=b03f5f7f11d50a3a
1>                    ReferenceSourceTarget=ResolveAssemblyReference
1>                    ResolvedFrom={RawFileName}
1>                    Version=
1>            C:\Users\hansnguyen\.nuget\packages\microsoft.netcore.app.ref\3.0.0\ref\netcoreapp3.0\System.Net.Primitives.dll
1>                    AssemblyVersion=4.1.1.0
1>                    CopyLocal=false
1>                    ExternallyResolved=true
1>                    FileVersion=4.700.19.46214
1>                    FrameworkReferenceName=Microsoft.NETCore.App
1>                    FrameworkReferenceVersion=3.0.0
1>                    FusionName=System.Net.Primitives, Version=4.1.1.0, Culture=neutral, PublicKeyToken=b03f5f7f11d50a3a
1>                    ImageRuntime=v4.0.30319
1>                    NuGetPackageId=Microsoft.NETCore.App.Ref
1>                    NuGetPackageVersion=3.0.0
1>                    OriginalItemSpec=C:\Users\hansnguyen\.nuget\packages\microsoft.netcore.app.ref\3.0.0\ref\netcoreapp3.0\System.Net.Primitives.dll
1>                    Private=false
1>                    PublicKeyToken=b03f5f7f11d50a3a
1>                    ReferenceSourceTarget=ResolveAssemblyReference
1>                    ResolvedFrom={RawFileName}
1>                    Version=
1>            C:\Users\hansnguyen\.nuget\packages\microsoft.netcore.app.ref\3.0.0\ref\netcoreapp3.0\System.Net.Requests.dll
1>                    AssemblyVersion=4.1.1.0
1>                    CopyLocal=false
1>                    ExternallyResolved=true
1>                    FileVersion=4.700.19.46214
1>                    FrameworkReferenceName=Microsoft.NETCore.App
1>                    FrameworkReferenceVersion=3.0.0
1>                    FusionName=System.Net.Requests, Version=4.1.1.0, Culture=neutral, PublicKeyToken=b03f5f7f11d50a3a
1>                    ImageRuntime=v4.0.30319
1>                    NuGetPackageId=Microsoft.NETCore.App.Ref
1>                    NuGetPackageVersion=3.0.0
1>                    OriginalItemSpec=C:\Users\hansnguyen\.nuget\packages\microsoft.netcore.app.ref\3.0.0\ref\netcoreapp3.0\System.Net.Requests.dll
1>                    Private=false
1>                    PublicKeyToken=b03f5f7f11d50a3a
1>                    ReferenceSourceTarget=ResolveAssemblyReference
1>                    ResolvedFrom={RawFileName}
1>                    Version=
1>            C:\Users\hansnguyen\.nuget\packages\microsoft.netcore.app.ref\3.0.0\ref\netcoreapp3.0\System.Net.Security.dll
1>                    AssemblyVersion=4.1.1.0
1>                    CopyLocal=false
1>                    ExternallyResolved=true
1>                    FileVersion=4.700.19.46214
1>                    FrameworkReferenceName=Microsoft.NETCore.App
1>                    FrameworkReferenceVersion=3.0.0
1>                    FusionName=System.Net.Security, Version=4.1.1.0, Culture=neutral, PublicKeyToken=b03f5f7f11d50a3a
1>                    ImageRuntime=v4.0.30319
1>                    NuGetPackageId=Microsoft.NETCore.App.Ref
1>                    NuGetPackageVersion=3.0.0
1>                    OriginalItemSpec=C:\Users\hansnguyen\.nuget\packages\microsoft.netcore.app.ref\3.0.0\ref\netcoreapp3.0\System.Net.Security.dll
1>                    Private=false
1>                    PublicKeyToken=b03f5f7f11d50a3a
1>                    ReferenceSourceTarget=ResolveAssemblyReference
1>                    ResolvedFrom={RawFileName}
1>                    Version=
1>            C:\Users\hansnguyen\.nuget\packages\microsoft.netcore.app.ref\3.0.0\ref\netcoreapp3.0\System.Net.ServicePoint.dll
1>                    AssemblyVersion=4.0.1.0
1>                    CopyLocal=false
1>                    ExternallyResolved=true
1>                    FileVersion=4.700.19.46214
1>                    FrameworkReferenceName=Microsoft.NETCore.App
1>                    FrameworkReferenceVersion=3.0.0
1>                    FusionName=System.Net.ServicePoint, Version=4.0.1.0, Culture=neutral, PublicKeyToken=cc7b13ffcd2ddd51
1>                    ImageRuntime=v4.0.30319
1>                    NuGetPackageId=Microsoft.NETCore.App.Ref
1>                    NuGetPackageVersion=3.0.0
1>                    OriginalItemSpec=C:\Users\hansnguyen\.nuget\packages\microsoft.netcore.app.ref\3.0.0\ref\netcoreapp3.0\System.Net.ServicePoint.dll
1>                    Private=false
1>                    PublicKeyToken=cc7b13ffcd2ddd51
1>                    ReferenceSourceTarget=ResolveAssemblyReference
1>                    ResolvedFrom={RawFileName}
1>                    Version=
1>            C:\Users\hansnguyen\.nuget\packages\microsoft.netcore.app.ref\3.0.0\ref\netcoreapp3.0\System.Net.Sockets.dll
1>                    AssemblyVersion=4.2.1.0
1>                    CopyLocal=false
1>                    ExternallyResolved=true
1>                    FileVersion=4.700.19.46214
1>                    FrameworkReferenceName=Microsoft.NETCore.App
1>                    FrameworkReferenceVersion=3.0.0
1>                    FusionName=System.Net.Sockets, Version=4.2.1.0, Culture=neutral, PublicKeyToken=b03f5f7f11d50a3a
1>                    ImageRuntime=v4.0.30319
1>                    NuGetPackageId=Microsoft.NETCore.App.Ref
1>                    NuGetPackageVersion=3.0.0
1>                    OriginalItemSpec=C:\Users\hansnguyen\.nuget\packages\microsoft.netcore.app.ref\3.0.0\ref\netcoreapp3.0\System.Net.Sockets.dll
1>                    Private=false
1>                    PublicKeyToken=b03f5f7f11d50a3a
1>                    ReferenceSourceTarget=ResolveAssemblyReference
1>                    ResolvedFrom={RawFileName}
1>                    Version=
1>            C:\Users\hansnguyen\.nuget\packages\microsoft.netcore.app.ref\3.0.0\ref\netcoreapp3.0\System.Net.WebClient.dll
1>                    AssemblyVersion=4.0.1.0
1>                    CopyLocal=false
1>                    ExternallyResolved=true
1>                    FileVersion=4.700.19.46214
1>                    FrameworkReferenceName=Microsoft.NETCore.App
1>                    FrameworkReferenceVersion=3.0.0
1>                    FusionName=System.Net.WebClient, Version=4.0.1.0, Culture=neutral, PublicKeyToken=cc7b13ffcd2ddd51
1>                    ImageRuntime=v4.0.30319
1>                    NuGetPackageId=Microsoft.NETCore.App.Ref
1>                    NuGetPackageVersion=3.0.0
1>                    OriginalItemSpec=C:\Users\hansnguyen\.nuget\packages\microsoft.netcore.app.ref\3.0.0\ref\netcoreapp3.0\System.Net.WebClient.dll
1>                    Private=false
1>                    PublicKeyToken=cc7b13ffcd2ddd51
1>                    ReferenceSourceTarget=ResolveAssemblyReference
1>                    ResolvedFrom={RawFileName}
1>                    Version=
1>            C:\Users\hansnguyen\.nuget\packages\microsoft.netcore.app.ref\3.0.0\ref\netcoreapp3.0\System.Net.WebHeaderCollection.dll
1>                    AssemblyVersion=4.1.1.0
1>                    CopyLocal=false
1>                    ExternallyResolved=true
1>                    FileVersion=4.700.19.46214
1>                    FrameworkReferenceName=Microsoft.NETCore.App
1>                    FrameworkReferenceVersion=3.0.0
1>                    FusionName=System.Net.WebHeaderCollection, Version=4.1.1.0, Culture=neutral, PublicKeyToken=b03f5f7f11d50a3a
1>                    ImageRuntime=v4.0.30319
1>                    NuGetPackageId=Microsoft.NETCore.App.Ref
1>                    NuGetPackageVersion=3.0.0
1>                    OriginalItemSpec=C:\Users\hansnguyen\.nuget\packages\microsoft.netcore.app.ref\3.0.0\ref\netcoreapp3.0\System.Net.WebHeaderCollection.dll
1>                    Private=false
1>                    PublicKeyToken=b03f5f7f11d50a3a
1>                    ReferenceSourceTarget=ResolveAssemblyReference
1>                    ResolvedFrom={RawFileName}
1>                    Version=
1>            C:\Users\hansnguyen\.nuget\packages\microsoft.netcore.app.ref\3.0.0\ref\netcoreapp3.0\System.Net.WebProxy.dll
1>                    AssemblyVersion=4.0.1.0
1>                    CopyLocal=false
1>                    ExternallyResolved=true
1>                    FileVersion=4.700.19.46214
1>                    FrameworkReferenceName=Microsoft.NETCore.App
1>                    FrameworkReferenceVersion=3.0.0
1>                    FusionName=System.Net.WebProxy, Version=4.0.1.0, Culture=neutral, PublicKeyToken=cc7b13ffcd2ddd51
1>                    ImageRuntime=v4.0.30319
1>                    NuGetPackageId=Microsoft.NETCore.App.Ref
1>                    NuGetPackageVersion=3.0.0
1>                    OriginalItemSpec=C:\Users\hansnguyen\.nuget\packages\microsoft.netcore.app.ref\3.0.0\ref\netcoreapp3.0\System.Net.WebProxy.dll
1>                    Private=false
1>                    PublicKeyToken=cc7b13ffcd2ddd51
1>                    ReferenceSourceTarget=ResolveAssemblyReference
1>                    ResolvedFrom={RawFileName}
1>                    Version=
1>            C:\Users\hansnguyen\.nuget\packages\microsoft.netcore.app.ref\3.0.0\ref\netcoreapp3.0\System.Net.WebSockets.Client.dll
1>                    AssemblyVersion=4.1.1.0
1>                    CopyLocal=false
1>                    ExternallyResolved=true
1>                    FileVersion=4.700.19.46214
1>                    FrameworkReferenceName=Microsoft.NETCore.App
1>                    FrameworkReferenceVersion=3.0.0
1>                    FusionName=System.Net.WebSockets.Client, Version=4.1.1.0, Culture=neutral, PublicKeyToken=b03f5f7f11d50a3a
1>                    ImageRuntime=v4.0.30319
1>                    NuGetPackageId=Microsoft.NETCore.App.Ref
1>                    NuGetPackageVersion=3.0.0
1>                    OriginalItemSpec=C:\Users\hansnguyen\.nuget\packages\microsoft.netcore.app.ref\3.0.0\ref\netcoreapp3.0\System.Net.WebSockets.Client.dll
1>                    Private=false
1>                    PublicKeyToken=b03f5f7f11d50a3a
1>                    ReferenceSourceTarget=ResolveAssemblyReference
1>                    ResolvedFrom={RawFileName}
1>                    Version=
1>            C:\Users\hansnguyen\.nuget\packages\microsoft.netcore.app.ref\3.0.0\ref\netcoreapp3.0\System.Net.WebSockets.dll
1>                    AssemblyVersion=4.1.1.0
1>                    CopyLocal=false
1>                    ExternallyResolved=true
1>                    FileVersion=4.700.19.46214
1>                    FrameworkReferenceName=Microsoft.NETCore.App
1>                    FrameworkReferenceVersion=3.0.0
1>                    FusionName=System.Net.WebSockets, Version=4.1.1.0, Culture=neutral, PublicKeyToken=b03f5f7f11d50a3a
1>                    ImageRuntime=v4.0.30319
1>                    NuGetPackageId=Microsoft.NETCore.App.Ref
1>                    NuGetPackageVersion=3.0.0
1>                    OriginalItemSpec=C:\Users\hansnguyen\.nuget\packages\microsoft.netcore.app.ref\3.0.0\ref\netcoreapp3.0\System.Net.WebSockets.dll
1>                    Private=false
1>                    PublicKeyToken=b03f5f7f11d50a3a
1>                    ReferenceSourceTarget=ResolveAssemblyReference
1>                    ResolvedFrom={RawFileName}
1>                    Version=
1>            C:\Users\hansnguyen\.nuget\packages\microsoft.netcore.app.ref\3.0.0\ref\netcoreapp3.0\System.Numerics.dll
1>                    AssemblyVersion=4.0.0.0
1>                    CopyLocal=false
1>                    ExternallyResolved=true
1>                    FileVersion=4.700.19.46214
1>                    FrameworkReferenceName=Microsoft.NETCore.App
1>                    FrameworkReferenceVersion=3.0.0
1>                    FusionName=System.Numerics, Version=4.0.0.0, Culture=neutral, PublicKeyToken=b77a5c561934e089
1>                    ImageRuntime=v4.0.30319
1>                    NuGetPackageId=Microsoft.NETCore.App.Ref
1>                    NuGetPackageVersion=3.0.0
1>                    OriginalItemSpec=C:\Users\hansnguyen\.nuget\packages\microsoft.netcore.app.ref\3.0.0\ref\netcoreapp3.0\System.Numerics.dll
1>                    Private=false
1>                    PublicKeyToken=b77a5c561934e089
1>                    ReferenceSourceTarget=ResolveAssemblyReference
1>                    ResolvedFrom={RawFileName}
1>                    Version=
1>            C:\Users\hansnguyen\.nuget\packages\microsoft.netcore.app.ref\3.0.0\ref\netcoreapp3.0\System.Numerics.Vectors.dll
1>                    AssemblyVersion=4.1.5.0
1>                    CopyLocal=false
1>                    ExternallyResolved=true
1>                    FileVersion=4.700.19.46214
1>                    FrameworkReferenceName=Microsoft.NETCore.App
1>                    FrameworkReferenceVersion=3.0.0
1>                    FusionName=System.Numerics.Vectors, Version=4.1.5.0, Culture=neutral, PublicKeyToken=b03f5f7f11d50a3a
1>                    ImageRuntime=v4.0.30319
1>                    NuGetPackageId=Microsoft.NETCore.App.Ref
1>                    NuGetPackageVersion=3.0.0
1>                    OriginalItemSpec=C:\Users\hansnguyen\.nuget\packages\microsoft.netcore.app.ref\3.0.0\ref\netcoreapp3.0\System.Numerics.Vectors.dll
1>                    Private=false
1>                    PublicKeyToken=b03f5f7f11d50a3a
1>                    ReferenceSourceTarget=ResolveAssemblyReference
1>                    ResolvedFrom={RawFileName}
1>                    Version=
1>            C:\Users\hansnguyen\.nuget\packages\microsoft.netcore.app.ref\3.0.0\ref\netcoreapp3.0\System.ObjectModel.dll
1>                    AssemblyVersion=4.1.1.0
1>                    CopyLocal=false
1>                    ExternallyResolved=true
1>                    FileVersion=4.700.19.46214
1>                    FrameworkReferenceName=Microsoft.NETCore.App
1>                    FrameworkReferenceVersion=3.0.0
1>                    FusionName=System.ObjectModel, Version=4.1.1.0, Culture=neutral, PublicKeyToken=b03f5f7f11d50a3a
1>                    ImageRuntime=v4.0.30319
1>                    NuGetPackageId=Microsoft.NETCore.App.Ref
1>                    NuGetPackageVersion=3.0.0
1>                    OriginalItemSpec=C:\Users\hansnguyen\.nuget\packages\microsoft.netcore.app.ref\3.0.0\ref\netcoreapp3.0\System.ObjectModel.dll
1>                    Private=false
1>                    PublicKeyToken=b03f5f7f11d50a3a
1>                    ReferenceSourceTarget=ResolveAssemblyReference
1>                    ResolvedFrom={RawFileName}
1>                    Version=
1>            C:\Users\hansnguyen\.nuget\packages\microsoft.windowsdesktop.app.ref\3.0.0\ref\netcoreapp3.0\System.Printing.dll
1>                    AssemblyVersion=4.0.0.0
1>                    CopyLocal=false
1>                    ExternallyResolved=true
1>                    FileVersion=4.800.19.46214
1>                    FrameworkReferenceName=Microsoft.WindowsDesktop.App.WPF
1>                    FrameworkReferenceVersion=3.0.0
1>                    FusionName=System.Printing, Version=4.0.0.0, Culture=neutral, PublicKeyToken=31bf3856ad364e35
1>                    ImageRuntime=v4.0.30319
1>                    NuGetPackageId=Microsoft.WindowsDesktop.App.Ref
1>                    NuGetPackageVersion=3.0.0
1>                    OriginalItemSpec=C:\Users\hansnguyen\.nuget\packages\microsoft.windowsdesktop.app.ref\3.0.0\ref\netcoreapp3.0\System.Printing.dll
1>                    Private=false
1>                    PublicKeyToken=31bf3856ad364e35
1>                    ReferenceSourceTarget=ResolveAssemblyReference
1>                    ResolvedFrom={RawFileName}
1>                    Version=
1>            C:\Users\hansnguyen\.nuget\packages\microsoft.netcore.app.ref\3.0.0\ref\netcoreapp3.0\System.Reflection.DispatchProxy.dll
1>                    AssemblyVersion=4.0.5.0
1>                    CopyLocal=false
1>                    ExternallyResolved=true
1>                    FileVersion=4.700.19.46214
1>                    FrameworkReferenceName=Microsoft.NETCore.App
1>                    FrameworkReferenceVersion=3.0.0
1>                    FusionName=System.Reflection.DispatchProxy, Version=4.0.5.0, Culture=neutral, PublicKeyToken=b03f5f7f11d50a3a
1>                    ImageRuntime=v4.0.30319
1>                    NuGetPackageId=Microsoft.NETCore.App.Ref
1>                    NuGetPackageVersion=3.0.0
1>                    OriginalItemSpec=C:\Users\hansnguyen\.nuget\packages\microsoft.netcore.app.ref\3.0.0\ref\netcoreapp3.0\System.Reflection.DispatchProxy.dll
1>                    Private=false
1>                    PublicKeyToken=b03f5f7f11d50a3a
1>                    ReferenceSourceTarget=ResolveAssemblyReference
1>                    ResolvedFrom={RawFileName}
1>                    Version=
1>            C:\Users\hansnguyen\.nuget\packages\microsoft.netcore.app.ref\3.0.0\ref\netcoreapp3.0\System.Reflection.dll
1>                    AssemblyVersion=4.2.1.0
1>                    CopyLocal=false
1>                    ExternallyResolved=true
1>                    FileVersion=4.700.19.46214
1>                    FrameworkReferenceName=Microsoft.NETCore.App
1>                    FrameworkReferenceVersion=3.0.0
1>                    FusionName=System.Reflection, Version=4.2.1.0, Culture=neutral, PublicKeyToken=b03f5f7f11d50a3a
1>                    ImageRuntime=v4.0.30319
1>                    NuGetPackageId=Microsoft.NETCore.App.Ref
1>                    NuGetPackageVersion=3.0.0
1>                    OriginalItemSpec=C:\Users\hansnguyen\.nuget\packages\microsoft.netcore.app.ref\3.0.0\ref\netcoreapp3.0\System.Reflection.dll
1>                    Private=false
1>                    PublicKeyToken=b03f5f7f11d50a3a
1>                    ReferenceSourceTarget=ResolveAssemblyReference
1>                    ResolvedFrom={RawFileName}
1>                    Version=
1>            C:\Users\hansnguyen\.nuget\packages\microsoft.netcore.app.ref\3.0.0\ref\netcoreapp3.0\System.Reflection.Emit.dll
1>                    AssemblyVersion=4.1.1.0
1>                    CopyLocal=false
1>                    ExternallyResolved=true
1>                    FileVersion=4.700.19.46214
1>                    FrameworkReferenceName=Microsoft.NETCore.App
1>                    FrameworkReferenceVersion=3.0.0
1>                    FusionName=System.Reflection.Emit, Version=4.1.1.0, Culture=neutral, PublicKeyToken=b03f5f7f11d50a3a
1>                    ImageRuntime=v4.0.30319
1>                    NuGetPackageId=Microsoft.NETCore.App.Ref
1>                    NuGetPackageVersion=3.0.0
1>                    OriginalItemSpec=C:\Users\hansnguyen\.nuget\packages\microsoft.netcore.app.ref\3.0.0\ref\netcoreapp3.0\System.Reflection.Emit.dll
1>                    Private=false
1>                    PublicKeyToken=b03f5f7f11d50a3a
1>                    ReferenceSourceTarget=ResolveAssemblyReference
1>                    ResolvedFrom={RawFileName}
1>                    Version=
1>            C:\Users\hansnguyen\.nuget\packages\microsoft.netcore.app.ref\3.0.0\ref\netcoreapp3.0\System.Reflection.Emit.ILGeneration.dll
1>                    AssemblyVersion=4.1.0.0
1>                    CopyLocal=false
1>                    ExternallyResolved=true
1>                    FileVersion=4.700.19.46214
1>                    FrameworkReferenceName=Microsoft.NETCore.App
1>                    FrameworkReferenceVersion=3.0.0
1>                    FusionName=System.Reflection.Emit.ILGeneration, Version=4.1.0.0, Culture=neutral, PublicKeyToken=b03f5f7f11d50a3a
1>                    ImageRuntime=v4.0.30319
1>                    NuGetPackageId=Microsoft.NETCore.App.Ref
1>                    NuGetPackageVersion=3.0.0
1>                    OriginalItemSpec=C:\Users\hansnguyen\.nuget\packages\microsoft.netcore.app.ref\3.0.0\ref\netcoreapp3.0\System.Reflection.Emit.ILGeneration.dll
1>                    Private=false
1>                    PublicKeyToken=b03f5f7f11d50a3a
1>                    ReferenceSourceTarget=ResolveAssemblyReference
1>                    ResolvedFrom={RawFileName}
1>                    Version=
1>            C:\Users\hansnguyen\.nuget\packages\microsoft.netcore.app.ref\3.0.0\ref\netcoreapp3.0\System.Reflection.Emit.Lightweight.dll
1>                    AssemblyVersion=4.1.0.0
1>                    CopyLocal=false
1>                    ExternallyResolved=true
1>                    FileVersion=4.700.19.46214
1>                    FrameworkReferenceName=Microsoft.NETCore.App
1>                    FrameworkReferenceVersion=3.0.0
1>                    FusionName=System.Reflection.Emit.Lightweight, Version=4.1.0.0, Culture=neutral, PublicKeyToken=b03f5f7f11d50a3a
1>                    ImageRuntime=v4.0.30319
1>                    NuGetPackageId=Microsoft.NETCore.App.Ref
1>                    NuGetPackageVersion=3.0.0
1>                    OriginalItemSpec=C:\Users\hansnguyen\.nuget\packages\microsoft.netcore.app.ref\3.0.0\ref\netcoreapp3.0\System.Reflection.Emit.Lightweight.dll
1>                    Private=false
1>                    PublicKeyToken=b03f5f7f11d50a3a
1>                    ReferenceSourceTarget=ResolveAssemblyReference
1>                    ResolvedFrom={RawFileName}
1>                    Version=
1>            C:\Users\hansnguyen\.nuget\packages\microsoft.netcore.app.ref\3.0.0\ref\netcoreapp3.0\System.Reflection.Extensions.dll
1>                    AssemblyVersion=4.1.1.0
1>                    CopyLocal=false
1>                    ExternallyResolved=true
1>                    FileVersion=4.700.19.46214
1>                    FrameworkReferenceName=Microsoft.NETCore.App
1>                    FrameworkReferenceVersion=3.0.0
1>                    FusionName=System.Reflection.Extensions, Version=4.1.1.0, Culture=neutral, PublicKeyToken=b03f5f7f11d50a3a
1>                    ImageRuntime=v4.0.30319
1>                    NuGetPackageId=Microsoft.NETCore.App.Ref
1>                    NuGetPackageVersion=3.0.0
1>                    OriginalItemSpec=C:\Users\hansnguyen\.nuget\packages\microsoft.netcore.app.ref\3.0.0\ref\netcoreapp3.0\System.Reflection.Extensions.dll
1>                    Private=false
1>                    PublicKeyToken=b03f5f7f11d50a3a
1>                    ReferenceSourceTarget=ResolveAssemblyReference
1>                    ResolvedFrom={RawFileName}
1>                    Version=
1>            C:\Users\hansnguyen\.nuget\packages\microsoft.netcore.app.ref\3.0.0\ref\netcoreapp3.0\System.Reflection.Metadata.dll
1>                    AssemblyVersion=1.4.4.0
1>                    CopyLocal=false
1>                    ExternallyResolved=true
1>                    FileVersion=4.700.19.46214
1>                    FrameworkReferenceName=Microsoft.NETCore.App
1>                    FrameworkReferenceVersion=3.0.0
1>                    FusionName=System.Reflection.Metadata, Version=1.4.4.0, Culture=neutral, PublicKeyToken=b03f5f7f11d50a3a
1>                    ImageRuntime=v4.0.30319
1>                    NuGetPackageId=Microsoft.NETCore.App.Ref
1>                    NuGetPackageVersion=3.0.0
1>                    OriginalItemSpec=C:\Users\hansnguyen\.nuget\packages\microsoft.netcore.app.ref\3.0.0\ref\netcoreapp3.0\System.Reflection.Metadata.dll
1>                    Private=false
1>                    PublicKeyToken=b03f5f7f11d50a3a
1>                    ReferenceSourceTarget=ResolveAssemblyReference
1>                    ResolvedFrom={RawFileName}
1>                    Version=
1>            C:\Users\hansnguyen\.nuget\packages\microsoft.netcore.app.ref\3.0.0\ref\netcoreapp3.0\System.Reflection.Primitives.dll
1>                    AssemblyVersion=4.1.1.0
1>                    CopyLocal=false
1>                    ExternallyResolved=true
1>                    FileVersion=4.700.19.46214
1>                    FrameworkReferenceName=Microsoft.NETCore.App
1>                    FrameworkReferenceVersion=3.0.0
1>                    FusionName=System.Reflection.Primitives, Version=4.1.1.0, Culture=neutral, PublicKeyToken=b03f5f7f11d50a3a
1>                    ImageRuntime=v4.0.30319
1>                    NuGetPackageId=Microsoft.NETCore.App.Ref
1>                    NuGetPackageVersion=3.0.0
1>                    OriginalItemSpec=C:\Users\hansnguyen\.nuget\packages\microsoft.netcore.app.ref\3.0.0\ref\netcoreapp3.0\System.Reflection.Primitives.dll
1>                    Private=false
1>                    PublicKeyToken=b03f5f7f11d50a3a
1>                    ReferenceSourceTarget=ResolveAssemblyReference
1>                    ResolvedFrom={RawFileName}
1>                    Version=
1>            C:\Users\hansnguyen\.nuget\packages\microsoft.netcore.app.ref\3.0.0\ref\netcoreapp3.0\System.Reflection.TypeExtensions.dll
1>                    AssemblyVersion=4.1.2.0
1>                    CopyLocal=false
1>                    ExternallyResolved=true
1>                    FileVersion=4.700.19.46214
1>                    FrameworkReferenceName=Microsoft.NETCore.App
1>                    FrameworkReferenceVersion=3.0.0
1>                    FusionName=System.Reflection.TypeExtensions, Version=4.1.2.0, Culture=neutral, PublicKeyToken=b03f5f7f11d50a3a
1>                    ImageRuntime=v4.0.30319
1>                    NuGetPackageId=Microsoft.NETCore.App.Ref
1>                    NuGetPackageVersion=3.0.0
1>                    OriginalItemSpec=C:\Users\hansnguyen\.nuget\packages\microsoft.netcore.app.ref\3.0.0\ref\netcoreapp3.0\System.Reflection.TypeExtensions.dll
1>                    Private=false
1>                    PublicKeyToken=b03f5f7f11d50a3a
1>                    ReferenceSourceTarget=ResolveAssemblyReference
1>                    ResolvedFrom={RawFileName}
1>                    Version=
1>            C:\Users\hansnguyen\.nuget\packages\microsoft.windowsdesktop.app.ref\3.0.0\ref\netcoreapp3.0\System.Resources.Extensions.dll
1>                    AssemblyVersion=4.0.0.0
1>                    CopyLocal=false
1>                    ExternallyResolved=true
1>                    FileVersion=4.700.19.46214
1>                    FrameworkReferenceName=Microsoft.WindowsDesktop.App.WPF
1>                    FrameworkReferenceVersion=3.0.0
1>                    FusionName=System.Resources.Extensions, Version=4.0.0.0, Culture=neutral, PublicKeyToken=cc7b13ffcd2ddd51
1>                    ImageRuntime=v4.0.30319
1>                    NuGetPackageId=Microsoft.WindowsDesktop.App.Ref
1>                    NuGetPackageVersion=3.0.0
1>                    OriginalItemSpec=C:\Users\hansnguyen\.nuget\packages\microsoft.windowsdesktop.app.ref\3.0.0\ref\netcoreapp3.0\System.Resources.Extensions.dll
1>                    Private=false
1>                    PublicKeyToken=cc7b13ffcd2ddd51
1>                    ReferenceSourceTarget=ResolveAssemblyReference
1>                    ResolvedFrom={RawFileName}
1>                    Version=
1>            C:\Users\hansnguyen\.nuget\packages\microsoft.netcore.app.ref\3.0.0\ref\netcoreapp3.0\System.Resources.Reader.dll
1>                    AssemblyVersion=4.1.1.0
1>                    CopyLocal=false
1>                    ExternallyResolved=true
1>                    FileVersion=4.700.19.46214
1>                    FrameworkReferenceName=Microsoft.NETCore.App
1>                    FrameworkReferenceVersion=3.0.0
1>                    FusionName=System.Resources.Reader, Version=4.1.1.0, Culture=neutral, PublicKeyToken=b03f5f7f11d50a3a
1>                    ImageRuntime=v4.0.30319
1>                    NuGetPackageId=Microsoft.NETCore.App.Ref
1>                    NuGetPackageVersion=3.0.0
1>                    OriginalItemSpec=C:\Users\hansnguyen\.nuget\packages\microsoft.netcore.app.ref\3.0.0\ref\netcoreapp3.0\System.Resources.Reader.dll
1>                    Private=false
1>                    PublicKeyToken=b03f5f7f11d50a3a
1>                    ReferenceSourceTarget=ResolveAssemblyReference
1>                    ResolvedFrom={RawFileName}
1>                    Version=
1>            C:\Users\hansnguyen\.nuget\packages\microsoft.netcore.app.ref\3.0.0\ref\netcoreapp3.0\System.Resources.ResourceManager.dll
1>                    AssemblyVersion=4.1.1.0
1>                    CopyLocal=false
1>                    ExternallyResolved=true
1>                    FileVersion=4.700.19.46214
1>                    FrameworkReferenceName=Microsoft.NETCore.App
1>                    FrameworkReferenceVersion=3.0.0
1>                    FusionName=System.Resources.ResourceManager, Version=4.1.1.0, Culture=neutral, PublicKeyToken=b03f5f7f11d50a3a
1>                    ImageRuntime=v4.0.30319
1>                    NuGetPackageId=Microsoft.NETCore.App.Ref
1>                    NuGetPackageVersion=3.0.0
1>                    OriginalItemSpec=C:\Users\hansnguyen\.nuget\packages\microsoft.netcore.app.ref\3.0.0\ref\netcoreapp3.0\System.Resources.ResourceManager.dll
1>                    Private=false
1>                    PublicKeyToken=b03f5f7f11d50a3a
1>                    ReferenceSourceTarget=ResolveAssemblyReference
1>                    ResolvedFrom={RawFileName}
1>                    Version=
1>            C:\Users\hansnguyen\.nuget\packages\microsoft.netcore.app.ref\3.0.0\ref\netcoreapp3.0\System.Resources.Writer.dll
1>                    AssemblyVersion=4.1.1.0
1>                    CopyLocal=false
1>                    ExternallyResolved=true
1>                    FileVersion=4.700.19.46214
1>                    FrameworkReferenceName=Microsoft.NETCore.App
1>                    FrameworkReferenceVersion=3.0.0
1>                    FusionName=System.Resources.Writer, Version=4.1.1.0, Culture=neutral, PublicKeyToken=b03f5f7f11d50a3a
1>                    ImageRuntime=v4.0.30319
1>                    NuGetPackageId=Microsoft.NETCore.App.Ref
1>                    NuGetPackageVersion=3.0.0
1>                    OriginalItemSpec=C:\Users\hansnguyen\.nuget\packages\microsoft.netcore.app.ref\3.0.0\ref\netcoreapp3.0\System.Resources.Writer.dll
1>                    Private=false
1>                    PublicKeyToken=b03f5f7f11d50a3a
1>                    ReferenceSourceTarget=ResolveAssemblyReference
1>                    ResolvedFrom={RawFileName}
1>                    Version=
1>            C:\Users\hansnguyen\.nuget\packages\microsoft.netcore.app.ref\3.0.0\ref\netcoreapp3.0\System.Runtime.CompilerServices.Unsafe.dll
1>                    AssemblyVersion=4.0.5.0
1>                    CopyLocal=false
1>                    ExternallyResolved=true
1>                    FileVersion=4.700.19.46214
1>                    FrameworkReferenceName=Microsoft.NETCore.App
1>                    FrameworkReferenceVersion=3.0.0
1>                    FusionName=System.Runtime.CompilerServices.Unsafe, Version=4.0.5.0, Culture=neutral, PublicKeyToken=b03f5f7f11d50a3a
1>                    ImageRuntime=v4.0.30319
1>                    NuGetPackageId=Microsoft.NETCore.App.Ref
1>                    NuGetPackageVersion=3.0.0
1>                    OriginalItemSpec=C:\Users\hansnguyen\.nuget\packages\microsoft.netcore.app.ref\3.0.0\ref\netcoreapp3.0\System.Runtime.CompilerServices.Unsafe.dll
1>                    Private=false
1>                    PublicKeyToken=b03f5f7f11d50a3a
1>                    ReferenceSourceTarget=ResolveAssemblyReference
1>                    ResolvedFrom={RawFileName}
1>                    Version=
1>            C:\Users\hansnguyen\.nuget\packages\microsoft.netcore.app.ref\3.0.0\ref\netcoreapp3.0\System.Runtime.CompilerServices.VisualC.dll
1>                    AssemblyVersion=4.1.1.0
1>                    CopyLocal=false
1>                    ExternallyResolved=true
1>                    FileVersion=4.700.19.46214
1>                    FrameworkReferenceName=Microsoft.NETCore.App
1>                    FrameworkReferenceVersion=3.0.0
1>                    FusionName=System.Runtime.CompilerServices.VisualC, Version=4.1.1.0, Culture=neutral, PublicKeyToken=b03f5f7f11d50a3a
1>                    ImageRuntime=v4.0.30319
1>                    NuGetPackageId=Microsoft.NETCore.App.Ref
1>                    NuGetPackageVersion=3.0.0
1>                    OriginalItemSpec=C:\Users\hansnguyen\.nuget\packages\microsoft.netcore.app.ref\3.0.0\ref\netcoreapp3.0\System.Runtime.CompilerServices.VisualC.dll
1>                    Private=false
1>                    PublicKeyToken=b03f5f7f11d50a3a
1>                    ReferenceSourceTarget=ResolveAssemblyReference
1>                    ResolvedFrom={RawFileName}
1>                    Version=
1>            C:\Users\hansnguyen\.nuget\packages\microsoft.netcore.app.ref\3.0.0\ref\netcoreapp3.0\System.Runtime.dll
1>                    AssemblyVersion=4.2.1.0
1>                    CopyLocal=false
1>                    ExternallyResolved=true
1>                    FileVersion=4.700.19.46214
1>                    FrameworkReferenceName=Microsoft.NETCore.App
1>                    FrameworkReferenceVersion=3.0.0
1>                    FusionName=System.Runtime, Version=4.2.1.0, Culture=neutral, PublicKeyToken=b03f5f7f11d50a3a
1>                    ImageRuntime=v4.0.30319
1>                    NuGetPackageId=Microsoft.NETCore.App.Ref
1>                    NuGetPackageVersion=3.0.0
1>                    OriginalItemSpec=C:\Users\hansnguyen\.nuget\packages\microsoft.netcore.app.ref\3.0.0\ref\netcoreapp3.0\System.Runtime.dll
1>                    Private=false
1>                    PublicKeyToken=b03f5f7f11d50a3a
1>                    ReferenceSourceTarget=ResolveAssemblyReference
1>                    ResolvedFrom={RawFileName}
1>                    Version=
1>            C:\Users\hansnguyen\.nuget\packages\microsoft.netcore.app.ref\3.0.0\ref\netcoreapp3.0\System.Runtime.Extensions.dll
1>                    AssemblyVersion=4.2.1.0
1>                    CopyLocal=false
1>                    ExternallyResolved=true
1>                    FileVersion=4.700.19.46214
1>                    FrameworkReferenceName=Microsoft.NETCore.App
1>                    FrameworkReferenceVersion=3.0.0
1>                    FusionName=System.Runtime.Extensions, Version=4.2.1.0, Culture=neutral, PublicKeyToken=b03f5f7f11d50a3a
1>                    ImageRuntime=v4.0.30319
1>                    NuGetPackageId=Microsoft.NETCore.App.Ref
1>                    NuGetPackageVersion=3.0.0
1>                    OriginalItemSpec=C:\Users\hansnguyen\.nuget\packages\microsoft.netcore.app.ref\3.0.0\ref\netcoreapp3.0\System.Runtime.Extensions.dll
1>                    Private=false
1>                    PublicKeyToken=b03f5f7f11d50a3a
1>                    ReferenceSourceTarget=ResolveAssemblyReference
1>                    ResolvedFrom={RawFileName}
1>                    Version=
1>            C:\Users\hansnguyen\.nuget\packages\microsoft.netcore.app.ref\3.0.0\ref\netcoreapp3.0\System.Runtime.Handles.dll
1>                    AssemblyVersion=4.1.1.0
1>                    CopyLocal=false
1>                    ExternallyResolved=true
1>                    FileVersion=4.700.19.46214
1>                    FrameworkReferenceName=Microsoft.NETCore.App
1>                    FrameworkReferenceVersion=3.0.0
1>                    FusionName=System.Runtime.Handles, Version=4.1.1.0, Culture=neutral, PublicKeyToken=b03f5f7f11d50a3a
1>                    ImageRuntime=v4.0.30319
1>                    NuGetPackageId=Microsoft.NETCore.App.Ref
1>                    NuGetPackageVersion=3.0.0
1>                    OriginalItemSpec=C:\Users\hansnguyen\.nuget\packages\microsoft.netcore.app.ref\3.0.0\ref\netcoreapp3.0\System.Runtime.Handles.dll
1>                    Private=false
1>                    PublicKeyToken=b03f5f7f11d50a3a
1>                    ReferenceSourceTarget=ResolveAssemblyReference
1>                    ResolvedFrom={RawFileName}
1>                    Version=
1>            C:\Users\hansnguyen\.nuget\packages\microsoft.netcore.app.ref\3.0.0\ref\netcoreapp3.0\System.Runtime.InteropServices.dll
1>                    AssemblyVersion=4.2.1.0
1>                    CopyLocal=false
1>                    ExternallyResolved=true
1>                    FileVersion=4.700.19.46214
1>                    FrameworkReferenceName=Microsoft.NETCore.App
1>                    FrameworkReferenceVersion=3.0.0
1>                    FusionName=System.Runtime.InteropServices, Version=4.2.1.0, Culture=neutral, PublicKeyToken=b03f5f7f11d50a3a
1>                    ImageRuntime=v4.0.30319
1>                    NuGetPackageId=Microsoft.NETCore.App.Ref
1>                    NuGetPackageVersion=3.0.0
1>                    OriginalItemSpec=C:\Users\hansnguyen\.nuget\packages\microsoft.netcore.app.ref\3.0.0\ref\netcoreapp3.0\System.Runtime.InteropServices.dll
1>                    Private=false
1>                    PublicKeyToken=b03f5f7f11d50a3a
1>                    ReferenceSourceTarget=ResolveAssemblyReference
1>                    ResolvedFrom={RawFileName}
1>                    Version=
1>            C:\Users\hansnguyen\.nuget\packages\microsoft.netcore.app.ref\3.0.0\ref\netcoreapp3.0\System.Runtime.InteropServices.RuntimeInformation.dll
1>                    AssemblyVersion=4.0.3.0
1>                    CopyLocal=false
1>                    ExternallyResolved=true
1>                    FileVersion=4.700.19.46214
1>                    FrameworkReferenceName=Microsoft.NETCore.App
1>                    FrameworkReferenceVersion=3.0.0
1>                    FusionName=System.Runtime.InteropServices.RuntimeInformation, Version=4.0.3.0, Culture=neutral, PublicKeyToken=b03f5f7f11d50a3a
1>                    ImageRuntime=v4.0.30319
1>                    NuGetPackageId=Microsoft.NETCore.App.Ref
1>                    NuGetPackageVersion=3.0.0
1>                    OriginalItemSpec=C:\Users\hansnguyen\.nuget\packages\microsoft.netcore.app.ref\3.0.0\ref\netcoreapp3.0\System.Runtime.InteropServices.RuntimeInformation.dll
1>                    Private=false
1>                    PublicKeyToken=b03f5f7f11d50a3a
1>                    ReferenceSourceTarget=ResolveAssemblyReference
1>                    ResolvedFrom={RawFileName}
1>                    Version=
1>            C:\Users\hansnguyen\.nuget\packages\microsoft.netcore.app.ref\3.0.0\ref\netcoreapp3.0\System.Runtime.InteropServices.WindowsRuntime.dll
1>                    AssemblyVersion=4.0.3.0
1>                    CopyLocal=false
1>                    ExternallyResolved=true
1>                    FileVersion=4.700.19.46214
1>                    FrameworkReferenceName=Microsoft.NETCore.App
1>                    FrameworkReferenceVersion=3.0.0
1>                    FusionName=System.Runtime.InteropServices.WindowsRuntime, Version=4.0.3.0, Culture=neutral, PublicKeyToken=b03f5f7f11d50a3a
1>                    ImageRuntime=v4.0.30319
1>                    NuGetPackageId=Microsoft.NETCore.App.Ref
1>                    NuGetPackageVersion=3.0.0
1>                    OriginalItemSpec=C:\Users\hansnguyen\.nuget\packages\microsoft.netcore.app.ref\3.0.0\ref\netcoreapp3.0\System.Runtime.InteropServices.WindowsRuntime.dll
1>                    Private=false
1>                    PublicKeyToken=b03f5f7f11d50a3a
1>                    ReferenceSourceTarget=ResolveAssemblyReference
1>                    ResolvedFrom={RawFileName}
1>                    Version=
1>            C:\Users\hansnguyen\.nuget\packages\microsoft.netcore.app.ref\3.0.0\ref\netcoreapp3.0\System.Runtime.Intrinsics.dll
1>                    AssemblyVersion=4.0.0.0
1>                    CopyLocal=false
1>                    ExternallyResolved=true
1>                    FileVersion=4.700.19.46214
1>                    FrameworkReferenceName=Microsoft.NETCore.App
1>                    FrameworkReferenceVersion=3.0.0
1>                    FusionName=System.Runtime.Intrinsics, Version=4.0.0.0, Culture=neutral, PublicKeyToken=cc7b13ffcd2ddd51
1>                    ImageRuntime=v4.0.30319
1>                    NuGetPackageId=Microsoft.NETCore.App.Ref
1>                    NuGetPackageVersion=3.0.0
1>                    OriginalItemSpec=C:\Users\hansnguyen\.nuget\packages\microsoft.netcore.app.ref\3.0.0\ref\netcoreapp3.0\System.Runtime.Intrinsics.dll
1>                    Private=false
1>                    PublicKeyToken=cc7b13ffcd2ddd51
1>                    ReferenceSourceTarget=ResolveAssemblyReference
1>                    ResolvedFrom={RawFileName}
1>                    Version=
1>            C:\Users\hansnguyen\.nuget\packages\microsoft.netcore.app.ref\3.0.0\ref\netcoreapp3.0\System.Runtime.Loader.dll
1>                    AssemblyVersion=4.1.0.0
1>                    CopyLocal=false
1>                    ExternallyResolved=true
1>                    FileVersion=4.700.19.46214
1>                    FrameworkReferenceName=Microsoft.NETCore.App
1>                    FrameworkReferenceVersion=3.0.0
1>                    FusionName=System.Runtime.Loader, Version=4.1.0.0, Culture=neutral, PublicKeyToken=b03f5f7f11d50a3a
1>                    ImageRuntime=v4.0.30319
1>                    NuGetPackageId=Microsoft.NETCore.App.Ref
1>                    NuGetPackageVersion=3.0.0
1>                    OriginalItemSpec=C:\Users\hansnguyen\.nuget\packages\microsoft.netcore.app.ref\3.0.0\ref\netcoreapp3.0\System.Runtime.Loader.dll
1>                    Private=false
1>                    PublicKeyToken=b03f5f7f11d50a3a
1>                    ReferenceSourceTarget=ResolveAssemblyReference
1>                    ResolvedFrom={RawFileName}
1>                    Version=
1>            C:\Users\hansnguyen\.nuget\packages\microsoft.netcore.app.ref\3.0.0\ref\netcoreapp3.0\System.Runtime.Numerics.dll
1>                    AssemblyVersion=4.1.1.0
1>                    CopyLocal=false
1>                    ExternallyResolved=true
1>                    FileVersion=4.700.19.46214
1>                    FrameworkReferenceName=Microsoft.NETCore.App
1>                    FrameworkReferenceVersion=3.0.0
1>                    FusionName=System.Runtime.Numerics, Version=4.1.1.0, Culture=neutral, PublicKeyToken=b03f5f7f11d50a3a
1>                    ImageRuntime=v4.0.30319
1>                    NuGetPackageId=Microsoft.NETCore.App.Ref
1>                    NuGetPackageVersion=3.0.0
1>                    OriginalItemSpec=C:\Users\hansnguyen\.nuget\packages\microsoft.netcore.app.ref\3.0.0\ref\netcoreapp3.0\System.Runtime.Numerics.dll
1>                    Private=false
1>                    PublicKeyToken=b03f5f7f11d50a3a
1>                    ReferenceSourceTarget=ResolveAssemblyReference
1>                    ResolvedFrom={RawFileName}
1>                    Version=
1>            C:\Users\hansnguyen\.nuget\packages\microsoft.netcore.app.ref\3.0.0\ref\netcoreapp3.0\System.Runtime.Serialization.dll
1>                    AssemblyVersion=4.0.0.0
1>                    CopyLocal=false
1>                    ExternallyResolved=true
1>                    FileVersion=4.700.19.46214
1>                    FrameworkReferenceName=Microsoft.NETCore.App
1>                    FrameworkReferenceVersion=3.0.0
1>                    FusionName=System.Runtime.Serialization, Version=4.0.0.0, Culture=neutral, PublicKeyToken=b77a5c561934e089
1>                    ImageRuntime=v4.0.30319
1>                    NuGetPackageId=Microsoft.NETCore.App.Ref
1>                    NuGetPackageVersion=3.0.0
1>                    OriginalItemSpec=C:\Users\hansnguyen\.nuget\packages\microsoft.netcore.app.ref\3.0.0\ref\netcoreapp3.0\System.Runtime.Serialization.dll
1>                    Private=false
1>                    PublicKeyToken=b77a5c561934e089
1>                    ReferenceSourceTarget=ResolveAssemblyReference
1>                    ResolvedFrom={RawFileName}
1>                    Version=
1>            C:\Users\hansnguyen\.nuget\packages\microsoft.netcore.app.ref\3.0.0\ref\netcoreapp3.0\System.Runtime.Serialization.Formatters.dll
1>                    AssemblyVersion=4.0.3.0
1>                    CopyLocal=false
1>                    ExternallyResolved=true
1>                    FileVersion=4.700.19.46214
1>                    FrameworkReferenceName=Microsoft.NETCore.App
1>                    FrameworkReferenceVersion=3.0.0
1>                    FusionName=System.Runtime.Serialization.Formatters, Version=4.0.3.0, Culture=neutral, PublicKeyToken=b03f5f7f11d50a3a
1>                    ImageRuntime=v4.0.30319
1>                    NuGetPackageId=Microsoft.NETCore.App.Ref
1>                    NuGetPackageVersion=3.0.0
1>                    OriginalItemSpec=C:\Users\hansnguyen\.nuget\packages\microsoft.netcore.app.ref\3.0.0\ref\netcoreapp3.0\System.Runtime.Serialization.Formatters.dll
1>                    Private=false
1>                    PublicKeyToken=b03f5f7f11d50a3a
1>                    ReferenceSourceTarget=ResolveAssemblyReference
1>                    ResolvedFrom={RawFileName}
1>                    Version=
1>            C:\Users\hansnguyen\.nuget\packages\microsoft.netcore.app.ref\3.0.0\ref\netcoreapp3.0\System.Runtime.Serialization.Json.dll
1>                    AssemblyVersion=4.0.4.0
1>                    CopyLocal=false
1>                    ExternallyResolved=true
1>                    FileVersion=4.700.19.46214
1>                    FrameworkReferenceName=Microsoft.NETCore.App
1>                    FrameworkReferenceVersion=3.0.0
1>                    FusionName=System.Runtime.Serialization.Json, Version=4.0.4.0, Culture=neutral, PublicKeyToken=b03f5f7f11d50a3a
1>                    ImageRuntime=v4.0.30319
1>                    NuGetPackageId=Microsoft.NETCore.App.Ref
1>                    NuGetPackageVersion=3.0.0
1>                    OriginalItemSpec=C:\Users\hansnguyen\.nuget\packages\microsoft.netcore.app.ref\3.0.0\ref\netcoreapp3.0\System.Runtime.Serialization.Json.dll
1>                    Private=false
1>                    PublicKeyToken=b03f5f7f11d50a3a
1>                    ReferenceSourceTarget=ResolveAssemblyReference
1>                    ResolvedFrom={RawFileName}
1>                    Version=
1>            C:\Users\hansnguyen\.nuget\packages\microsoft.netcore.app.ref\3.0.0\ref\netcoreapp3.0\System.Runtime.Serialization.Primitives.dll
1>                    AssemblyVersion=4.2.1.0
1>                    CopyLocal=false
1>                    ExternallyResolved=true
1>                    FileVersion=4.700.19.46214
1>                    FrameworkReferenceName=Microsoft.NETCore.App
1>                    FrameworkReferenceVersion=3.0.0
1>                    FusionName=System.Runtime.Serialization.Primitives, Version=4.2.1.0, Culture=neutral, PublicKeyToken=b03f5f7f11d50a3a
1>                    ImageRuntime=v4.0.30319
1>                    NuGetPackageId=Microsoft.NETCore.App.Ref
1>                    NuGetPackageVersion=3.0.0
1>                    OriginalItemSpec=C:\Users\hansnguyen\.nuget\packages\microsoft.netcore.app.ref\3.0.0\ref\netcoreapp3.0\System.Runtime.Serialization.Primitives.dll
1>                    Private=false
1>                    PublicKeyToken=b03f5f7f11d50a3a
1>                    ReferenceSourceTarget=ResolveAssemblyReference
1>                    ResolvedFrom={RawFileName}
1>                    Version=
1>            C:\Users\hansnguyen\.nuget\packages\microsoft.netcore.app.ref\3.0.0\ref\netcoreapp3.0\System.Runtime.Serialization.Xml.dll
1>                    AssemblyVersion=4.1.4.0
1>                    CopyLocal=false
1>                    ExternallyResolved=true
1>                    FileVersion=4.700.19.46214
1>                    FrameworkReferenceName=Microsoft.NETCore.App
1>                    FrameworkReferenceVersion=3.0.0
1>                    FusionName=System.Runtime.Serialization.Xml, Version=4.1.4.0, Culture=neutral, PublicKeyToken=b03f5f7f11d50a3a
1>                    ImageRuntime=v4.0.30319
1>                    NuGetPackageId=Microsoft.NETCore.App.Ref
1>                    NuGetPackageVersion=3.0.0
1>                    OriginalItemSpec=C:\Users\hansnguyen\.nuget\packages\microsoft.netcore.app.ref\3.0.0\ref\netcoreapp3.0\System.Runtime.Serialization.Xml.dll
1>                    Private=false
1>                    PublicKeyToken=b03f5f7f11d50a3a
1>                    ReferenceSourceTarget=ResolveAssemblyReference
1>                    ResolvedFrom={RawFileName}
1>                    Version=
1>            C:\Users\hansnguyen\.nuget\packages\microsoft.windowsdesktop.app.ref\3.0.0\ref\netcoreapp3.0\System.Security.AccessControl.dll
1>                    AssemblyVersion=4.1.1.0
1>                    CopyLocal=false
1>                    ExternallyResolved=true
1>                    FileVersion=4.700.19.46214
1>                    FrameworkReferenceName=Microsoft.WindowsDesktop.App.WPF
1>                    FrameworkReferenceVersion=3.0.0
1>                    FusionName=System.Security.AccessControl, Version=4.1.1.0, Culture=neutral, PublicKeyToken=b03f5f7f11d50a3a
1>                    ImageRuntime=v4.0.30319
1>                    NuGetPackageId=Microsoft.WindowsDesktop.App.Ref
1>                    NuGetPackageVersion=3.0.0
1>                    OriginalItemSpec=C:\Users\hansnguyen\.nuget\packages\microsoft.windowsdesktop.app.ref\3.0.0\ref\netcoreapp3.0\System.Security.AccessControl.dll
1>                    Private=false
1>                    PublicKeyToken=b03f5f7f11d50a3a
1>                    ReferenceSourceTarget=ResolveAssemblyReference
1>                    ResolvedFrom={RawFileName}
1>                    Version=
1>            C:\Users\hansnguyen\.nuget\packages\microsoft.netcore.app.ref\3.0.0\ref\netcoreapp3.0\System.Security.Claims.dll
1>                    AssemblyVersion=4.1.1.0
1>                    CopyLocal=false
1>                    ExternallyResolved=true
1>                    FileVersion=4.700.19.46214
1>                    FrameworkReferenceName=Microsoft.NETCore.App
1>                    FrameworkReferenceVersion=3.0.0
1>                    FusionName=System.Security.Claims, Version=4.1.1.0, Culture=neutral, PublicKeyToken=b03f5f7f11d50a3a
1>                    ImageRuntime=v4.0.30319
1>                    NuGetPackageId=Microsoft.NETCore.App.Ref
1>                    NuGetPackageVersion=3.0.0
1>                    OriginalItemSpec=C:\Users\hansnguyen\.nuget\packages\microsoft.netcore.app.ref\3.0.0\ref\netcoreapp3.0\System.Security.Claims.dll
1>                    Private=false
1>                    PublicKeyToken=b03f5f7f11d50a3a
1>                    ReferenceSourceTarget=ResolveAssemblyReference
1>                    ResolvedFrom={RawFileName}
1>                    Version=
1>            C:\Users\hansnguyen\.nuget\packages\microsoft.netcore.app.ref\3.0.0\ref\netcoreapp3.0\System.Security.Cryptography.Algorithms.dll
1>                    AssemblyVersion=4.3.1.0
1>                    CopyLocal=false
1>                    ExternallyResolved=true
1>                    FileVersion=4.700.19.46214
1>                    FrameworkReferenceName=Microsoft.NETCore.App
1>                    FrameworkReferenceVersion=3.0.0
1>                    FusionName=System.Security.Cryptography.Algorithms, Version=4.3.1.0, Culture=neutral, PublicKeyToken=b03f5f7f11d50a3a
1>                    ImageRuntime=v4.0.30319
1>                    NuGetPackageId=Microsoft.NETCore.App.Ref
1>                    NuGetPackageVersion=3.0.0
1>                    OriginalItemSpec=C:\Users\hansnguyen\.nuget\packages\microsoft.netcore.app.ref\3.0.0\ref\netcoreapp3.0\System.Security.Cryptography.Algorithms.dll
1>                    Private=false
1>                    PublicKeyToken=b03f5f7f11d50a3a
1>                    ReferenceSourceTarget=ResolveAssemblyReference
1>                    ResolvedFrom={RawFileName}
1>                    Version=
1>            C:\Users\hansnguyen\.nuget\packages\microsoft.windowsdesktop.app.ref\3.0.0\ref\netcoreapp3.0\System.Security.Cryptography.Cng.dll
1>                    AssemblyVersion=4.3.2.0
1>                    CopyLocal=false
1>                    ExternallyResolved=true
1>                    FileVersion=4.700.19.46214
1>                    FrameworkReferenceName=Microsoft.WindowsDesktop.App.WPF
1>                    FrameworkReferenceVersion=3.0.0
1>                    FusionName=System.Security.Cryptography.Cng, Version=4.3.2.0, Culture=neutral, PublicKeyToken=b03f5f7f11d50a3a
1>                    ImageRuntime=v4.0.30319
1>                    NuGetPackageId=Microsoft.WindowsDesktop.App.Ref
1>                    NuGetPackageVersion=3.0.0
1>                    OriginalItemSpec=C:\Users\hansnguyen\.nuget\packages\microsoft.windowsdesktop.app.ref\3.0.0\ref\netcoreapp3.0\System.Security.Cryptography.Cng.dll
1>                    Private=false
1>                    PublicKeyToken=b03f5f7f11d50a3a
1>                    ReferenceSourceTarget=ResolveAssemblyReference
1>                    ResolvedFrom={RawFileName}
1>                    Version=
1>            C:\Users\hansnguyen\.nuget\packages\microsoft.netcore.app.ref\3.0.0\ref\netcoreapp3.0\System.Security.Cryptography.Csp.dll
1>                    AssemblyVersion=4.1.1.0
1>                    CopyLocal=false
1>                    ExternallyResolved=true
1>                    FileVersion=4.700.19.46214
1>                    FrameworkReferenceName=Microsoft.NETCore.App
1>                    FrameworkReferenceVersion=3.0.0
1>                    FusionName=System.Security.Cryptography.Csp, Version=4.1.1.0, Culture=neutral, PublicKeyToken=b03f5f7f11d50a3a
1>                    ImageRuntime=v4.0.30319
1>                    NuGetPackageId=Microsoft.NETCore.App.Ref
1>                    NuGetPackageVersion=3.0.0
1>                    OriginalItemSpec=C:\Users\hansnguyen\.nuget\packages\microsoft.netcore.app.ref\3.0.0\ref\netcoreapp3.0\System.Security.Cryptography.Csp.dll
1>                    Private=false
1>                    PublicKeyToken=b03f5f7f11d50a3a
1>                    ReferenceSourceTarget=ResolveAssemblyReference
1>                    ResolvedFrom={RawFileName}
1>                    Version=
1>            C:\Users\hansnguyen\.nuget\packages\microsoft.netcore.app.ref\3.0.0\ref\netcoreapp3.0\System.Security.Cryptography.Encoding.dll
1>                    AssemblyVersion=4.1.1.0
1>                    CopyLocal=false
1>                    ExternallyResolved=true
1>                    FileVersion=4.700.19.46214
1>                    FrameworkReferenceName=Microsoft.NETCore.App
1>                    FrameworkReferenceVersion=3.0.0
1>                    FusionName=System.Security.Cryptography.Encoding, Version=4.1.1.0, Culture=neutral, PublicKeyToken=b03f5f7f11d50a3a
1>                    ImageRuntime=v4.0.30319
1>                    NuGetPackageId=Microsoft.NETCore.App.Ref
1>                    NuGetPackageVersion=3.0.0
1>                    OriginalItemSpec=C:\Users\hansnguyen\.nuget\packages\microsoft.netcore.app.ref\3.0.0\ref\netcoreapp3.0\System.Security.Cryptography.Encoding.dll
1>                    Private=false
1>                    PublicKeyToken=b03f5f7f11d50a3a
1>                    ReferenceSourceTarget=ResolveAssemblyReference
1>                    ResolvedFrom={RawFileName}
1>                    Version=
1>            C:\Users\hansnguyen\.nuget\packages\microsoft.windowsdesktop.app.ref\3.0.0\ref\netcoreapp3.0\System.Security.Cryptography.Pkcs.dll
1>                    AssemblyVersion=4.1.0.0
1>                    CopyLocal=false
1>                    ExternallyResolved=true
1>                    FileVersion=4.700.19.46214
1>                    FrameworkReferenceName=Microsoft.WindowsDesktop.App.WPF
1>                    FrameworkReferenceVersion=3.0.0
1>                    FusionName=System.Security.Cryptography.Pkcs, Version=4.1.0.0, Culture=neutral, PublicKeyToken=b03f5f7f11d50a3a
1>                    ImageRuntime=v4.0.30319
1>                    NuGetPackageId=Microsoft.WindowsDesktop.App.Ref
1>                    NuGetPackageVersion=3.0.0
1>                    OriginalItemSpec=C:\Users\hansnguyen\.nuget\packages\microsoft.windowsdesktop.app.ref\3.0.0\ref\netcoreapp3.0\System.Security.Cryptography.Pkcs.dll
1>                    Private=false
1>                    PublicKeyToken=b03f5f7f11d50a3a
1>                    ReferenceSourceTarget=ResolveAssemblyReference
1>                    ResolvedFrom={RawFileName}
1>                    Version=
1>            C:\Users\hansnguyen\.nuget\packages\microsoft.netcore.app.ref\3.0.0\ref\netcoreapp3.0\System.Security.Cryptography.Primitives.dll
1>                    AssemblyVersion=4.1.1.0
1>                    CopyLocal=false
1>                    ExternallyResolved=true
1>                    FileVersion=4.700.19.46214
1>                    FrameworkReferenceName=Microsoft.NETCore.App
1>                    FrameworkReferenceVersion=3.0.0
1>                    FusionName=System.Security.Cryptography.Primitives, Version=4.1.1.0, Culture=neutral, PublicKeyToken=b03f5f7f11d50a3a
1>                    ImageRuntime=v4.0.30319
1>                    NuGetPackageId=Microsoft.NETCore.App.Ref
1>                    NuGetPackageVersion=3.0.0
1>                    OriginalItemSpec=C:\Users\hansnguyen\.nuget\packages\microsoft.netcore.app.ref\3.0.0\ref\netcoreapp3.0\System.Security.Cryptography.Primitives.dll
1>                    Private=false
1>                    PublicKeyToken=b03f5f7f11d50a3a
1>                    ReferenceSourceTarget=ResolveAssemblyReference
1>                    ResolvedFrom={RawFileName}
1>                    Version=
1>            C:\Users\hansnguyen\.nuget\packages\microsoft.windowsdesktop.app.ref\3.0.0\ref\netcoreapp3.0\System.Security.Cryptography.ProtectedData.dll
1>                    AssemblyVersion=4.0.4.0
1>                    CopyLocal=false
1>                    ExternallyResolved=true
1>                    FileVersion=4.700.19.46214
1>                    FrameworkReferenceName=Microsoft.WindowsDesktop.App.WPF
1>                    FrameworkReferenceVersion=3.0.0
1>                    FusionName=System.Security.Cryptography.ProtectedData, Version=4.0.4.0, Culture=neutral, PublicKeyToken=b03f5f7f11d50a3a
1>                    ImageRuntime=v4.0.30319
1>                    NuGetPackageId=Microsoft.WindowsDesktop.App.Ref
1>                    NuGetPackageVersion=3.0.0
1>                    OriginalItemSpec=C:\Users\hansnguyen\.nuget\packages\microsoft.windowsdesktop.app.ref\3.0.0\ref\netcoreapp3.0\System.Security.Cryptography.ProtectedData.dll
1>                    Private=false
1>                    PublicKeyToken=b03f5f7f11d50a3a
1>                    ReferenceSourceTarget=ResolveAssemblyReference
1>                    ResolvedFrom={RawFileName}
1>                    Version=
1>            C:\Users\hansnguyen\.nuget\packages\microsoft.netcore.app.ref\3.0.0\ref\netcoreapp3.0\System.Security.Cryptography.X509Certificates.dll
1>                    AssemblyVersion=4.2.1.0
1>                    CopyLocal=false
1>                    ExternallyResolved=true
1>                    FileVersion=4.700.19.46214
1>                    FrameworkReferenceName=Microsoft.NETCore.App
1>                    FrameworkReferenceVersion=3.0.0
1>                    FusionName=System.Security.Cryptography.X509Certificates, Version=4.2.1.0, Culture=neutral, PublicKeyToken=b03f5f7f11d50a3a
1>                    ImageRuntime=v4.0.30319
1>                    NuGetPackageId=Microsoft.NETCore.App.Ref
1>                    NuGetPackageVersion=3.0.0
1>                    OriginalItemSpec=C:\Users\hansnguyen\.nuget\packages\microsoft.netcore.app.ref\3.0.0\ref\netcoreapp3.0\System.Security.Cryptography.X509Certificates.dll
1>                    Private=false
1>                    PublicKeyToken=b03f5f7f11d50a3a
1>                    ReferenceSourceTarget=ResolveAssemblyReference
1>                    ResolvedFrom={RawFileName}
1>                    Version=
1>            C:\Users\hansnguyen\.nuget\packages\microsoft.windowsdesktop.app.ref\3.0.0\ref\netcoreapp3.0\System.Security.Cryptography.Xml.dll
1>                    AssemblyVersion=4.0.2.0
1>                    CopyLocal=false
1>                    ExternallyResolved=true
1>                    FileVersion=4.700.19.46214
1>                    FrameworkReferenceName=Microsoft.WindowsDesktop.App.WPF
1>                    FrameworkReferenceVersion=3.0.0
1>                    FusionName=System.Security.Cryptography.Xml, Version=4.0.2.0, Culture=neutral, PublicKeyToken=cc7b13ffcd2ddd51
1>                    ImageRuntime=v4.0.30319
1>                    NuGetPackageId=Microsoft.WindowsDesktop.App.Ref
1>                    NuGetPackageVersion=3.0.0
1>                    OriginalItemSpec=C:\Users\hansnguyen\.nuget\packages\microsoft.windowsdesktop.app.ref\3.0.0\ref\netcoreapp3.0\System.Security.Cryptography.Xml.dll
1>                    Private=false
1>                    PublicKeyToken=cc7b13ffcd2ddd51
1>                    ReferenceSourceTarget=ResolveAssemblyReference
1>                    ResolvedFrom={RawFileName}
1>                    Version=
1>            C:\Users\hansnguyen\.nuget\packages\microsoft.netcore.app.ref\3.0.0\ref\netcoreapp3.0\System.Security.dll
1>                    AssemblyVersion=4.0.0.0
1>                    CopyLocal=false
1>                    ExternallyResolved=true
1>                    FileVersion=4.700.19.46214
1>                    FrameworkReferenceName=Microsoft.NETCore.App
1>                    FrameworkReferenceVersion=3.0.0
1>                    FusionName=System.Security, Version=4.0.0.0, Culture=neutral, PublicKeyToken=b03f5f7f11d50a3a
1>                    ImageRuntime=v4.0.30319
1>                    NuGetPackageId=Microsoft.NETCore.App.Ref
1>                    NuGetPackageVersion=3.0.0
1>                    OriginalItemSpec=C:\Users\hansnguyen\.nuget\packages\microsoft.netcore.app.ref\3.0.0\ref\netcoreapp3.0\System.Security.dll
1>                    Private=false
1>                    PublicKeyToken=b03f5f7f11d50a3a
1>                    ReferenceSourceTarget=ResolveAssemblyReference
1>                    ResolvedFrom={RawFileName}
1>                    Version=
1>            C:\Users\hansnguyen\.nuget\packages\microsoft.windowsdesktop.app.ref\3.0.0\ref\netcoreapp3.0\System.Security.Permissions.dll
1>                    AssemblyVersion=4.0.2.0
1>                    CopyLocal=false
1>                    ExternallyResolved=true
1>                    FileVersion=4.700.19.46214
1>                    FrameworkReferenceName=Microsoft.WindowsDesktop.App.WPF
1>                    FrameworkReferenceVersion=3.0.0
1>                    FusionName=System.Security.Permissions, Version=4.0.2.0, Culture=neutral, PublicKeyToken=cc7b13ffcd2ddd51
1>                    ImageRuntime=v4.0.30319
1>                    NuGetPackageId=Microsoft.WindowsDesktop.App.Ref
1>                    NuGetPackageVersion=3.0.0
1>                    OriginalItemSpec=C:\Users\hansnguyen\.nuget\packages\microsoft.windowsdesktop.app.ref\3.0.0\ref\netcoreapp3.0\System.Security.Permissions.dll
1>                    Private=false
1>                    PublicKeyToken=cc7b13ffcd2ddd51
1>                    ReferenceSourceTarget=ResolveAssemblyReference
1>                    ResolvedFrom={RawFileName}
1>                    Version=
1>            C:\Users\hansnguyen\.nuget\packages\microsoft.netcore.app.ref\3.0.0\ref\netcoreapp3.0\System.Security.Principal.dll
1>                    AssemblyVersion=4.1.1.0
1>                    CopyLocal=false
1>                    ExternallyResolved=true
1>                    FileVersion=4.700.19.46214
1>                    FrameworkReferenceName=Microsoft.NETCore.App
1>                    FrameworkReferenceVersion=3.0.0
1>                    FusionName=System.Security.Principal, Version=4.1.1.0, Culture=neutral, PublicKeyToken=b03f5f7f11d50a3a
1>                    ImageRuntime=v4.0.30319
1>                    NuGetPackageId=Microsoft.NETCore.App.Ref
1>                    NuGetPackageVersion=3.0.0
1>                    OriginalItemSpec=C:\Users\hansnguyen\.nuget\packages\microsoft.netcore.app.ref\3.0.0\ref\netcoreapp3.0\System.Security.Principal.dll
1>                    Private=false
1>                    PublicKeyToken=b03f5f7f11d50a3a
1>                    ReferenceSourceTarget=ResolveAssemblyReference
1>                    ResolvedFrom={RawFileName}
1>                    Version=
1>            C:\Users\hansnguyen\.nuget\packages\microsoft.windowsdesktop.app.ref\3.0.0\ref\netcoreapp3.0\System.Security.Principal.Windows.dll
1>                    AssemblyVersion=4.1.1.0
1>                    CopyLocal=false
1>                    ExternallyResolved=true
1>                    FileVersion=4.700.19.46214
1>                    FrameworkReferenceName=Microsoft.WindowsDesktop.App.WPF
1>                    FrameworkReferenceVersion=3.0.0
1>                    FusionName=System.Security.Principal.Windows, Version=4.1.1.0, Culture=neutral, PublicKeyToken=b03f5f7f11d50a3a
1>                    ImageRuntime=v4.0.30319
1>                    NuGetPackageId=Microsoft.WindowsDesktop.App.Ref
1>                    NuGetPackageVersion=3.0.0
1>                    OriginalItemSpec=C:\Users\hansnguyen\.nuget\packages\microsoft.windowsdesktop.app.ref\3.0.0\ref\netcoreapp3.0\System.Security.Principal.Windows.dll
1>                    Private=false
1>                    PublicKeyToken=b03f5f7f11d50a3a
1>                    ReferenceSourceTarget=ResolveAssemblyReference
1>                    ResolvedFrom={RawFileName}
1>                    Version=
1>            C:\Users\hansnguyen\.nuget\packages\microsoft.netcore.app.ref\3.0.0\ref\netcoreapp3.0\System.Security.SecureString.dll
1>                    AssemblyVersion=4.1.1.0
1>                    CopyLocal=false
1>                    ExternallyResolved=true
1>                    FileVersion=4.700.19.46214
1>                    FrameworkReferenceName=Microsoft.NETCore.App
1>                    FrameworkReferenceVersion=3.0.0
1>                    FusionName=System.Security.SecureString, Version=4.1.1.0, Culture=neutral, PublicKeyToken=b03f5f7f11d50a3a
1>                    ImageRuntime=v4.0.30319
1>                    NuGetPackageId=Microsoft.NETCore.App.Ref
1>                    NuGetPackageVersion=3.0.0
1>                    OriginalItemSpec=C:\Users\hansnguyen\.nuget\packages\microsoft.netcore.app.ref\3.0.0\ref\netcoreapp3.0\System.Security.SecureString.dll
1>                    Private=false
1>                    PublicKeyToken=b03f5f7f11d50a3a
1>                    ReferenceSourceTarget=ResolveAssemblyReference
1>                    ResolvedFrom={RawFileName}
1>                    Version=
1>            C:\Users\hansnguyen\.nuget\packages\microsoft.netcore.app.ref\3.0.0\ref\netcoreapp3.0\System.ServiceModel.Web.dll
1>                    AssemblyVersion=4.0.0.0
1>                    CopyLocal=false
1>                    ExternallyResolved=true
1>                    FileVersion=4.700.19.46214
1>                    FrameworkReferenceName=Microsoft.NETCore.App
1>                    FrameworkReferenceVersion=3.0.0
1>                    FusionName=System.ServiceModel.Web, Version=4.0.0.0, Culture=neutral, PublicKeyToken=31bf3856ad364e35
1>                    ImageRuntime=v4.0.30319
1>                    NuGetPackageId=Microsoft.NETCore.App.Ref
1>                    NuGetPackageVersion=3.0.0
1>                    OriginalItemSpec=C:\Users\hansnguyen\.nuget\packages\microsoft.netcore.app.ref\3.0.0\ref\netcoreapp3.0\System.ServiceModel.Web.dll
1>                    Private=false
1>                    PublicKeyToken=31bf3856ad364e35
1>                    ReferenceSourceTarget=ResolveAssemblyReference
1>                    ResolvedFrom={RawFileName}
1>                    Version=
1>            C:\Users\hansnguyen\.nuget\packages\microsoft.netcore.app.ref\3.0.0\ref\netcoreapp3.0\System.ServiceProcess.dll
1>                    AssemblyVersion=4.0.0.0
1>                    CopyLocal=false
1>                    ExternallyResolved=true
1>                    FileVersion=4.700.19.46214
1>                    FrameworkReferenceName=Microsoft.NETCore.App
1>                    FrameworkReferenceVersion=3.0.0
1>                    FusionName=System.ServiceProcess, Version=4.0.0.0, Culture=neutral, PublicKeyToken=b03f5f7f11d50a3a
1>                    ImageRuntime=v4.0.30319
1>                    NuGetPackageId=Microsoft.NETCore.App.Ref
1>                    NuGetPackageVersion=3.0.0
1>                    OriginalItemSpec=C:\Users\hansnguyen\.nuget\packages\microsoft.netcore.app.ref\3.0.0\ref\netcoreapp3.0\System.ServiceProcess.dll
1>                    Private=false
1>                    PublicKeyToken=b03f5f7f11d50a3a
1>                    ReferenceSourceTarget=ResolveAssemblyReference
1>                    ResolvedFrom={RawFileName}
1>                    Version=
1>            C:\Users\hansnguyen\.nuget\packages\microsoft.netcore.app.ref\3.0.0\ref\netcoreapp3.0\System.Text.Encoding.CodePages.dll
1>                    AssemblyVersion=4.1.2.0
1>                    CopyLocal=false
1>                    ExternallyResolved=true
1>                    FileVersion=4.700.19.46214
1>                    FrameworkReferenceName=Microsoft.NETCore.App
1>                    FrameworkReferenceVersion=3.0.0
1>                    FusionName=System.Text.Encoding.CodePages, Version=4.1.2.0, Culture=neutral, PublicKeyToken=b03f5f7f11d50a3a
1>                    ImageRuntime=v4.0.30319
1>                    NuGetPackageId=Microsoft.NETCore.App.Ref
1>                    NuGetPackageVersion=3.0.0
1>                    OriginalItemSpec=C:\Users\hansnguyen\.nuget\packages\microsoft.netcore.app.ref\3.0.0\ref\netcoreapp3.0\System.Text.Encoding.CodePages.dll
1>                    Private=false
1>                    PublicKeyToken=b03f5f7f11d50a3a
1>                    ReferenceSourceTarget=ResolveAssemblyReference
1>                    ResolvedFrom={RawFileName}
1>                    Version=
1>            C:\Users\hansnguyen\.nuget\packages\microsoft.netcore.app.ref\3.0.0\ref\netcoreapp3.0\System.Text.Encoding.dll
1>                    AssemblyVersion=4.1.1.0
1>                    CopyLocal=false
1>                    ExternallyResolved=true
1>                    FileVersion=4.700.19.46214
1>                    FrameworkReferenceName=Microsoft.NETCore.App
1>                    FrameworkReferenceVersion=3.0.0
1>                    FusionName=System.Text.Encoding, Version=4.1.1.0, Culture=neutral, PublicKeyToken=b03f5f7f11d50a3a
1>                    ImageRuntime=v4.0.30319
1>                    NuGetPackageId=Microsoft.NETCore.App.Ref
1>                    NuGetPackageVersion=3.0.0
1>                    OriginalItemSpec=C:\Users\hansnguyen\.nuget\packages\microsoft.netcore.app.ref\3.0.0\ref\netcoreapp3.0\System.Text.Encoding.dll
1>                    Private=false
1>                    PublicKeyToken=b03f5f7f11d50a3a
1>                    ReferenceSourceTarget=ResolveAssemblyReference
1>                    ResolvedFrom={RawFileName}
1>                    Version=
1>            C:\Users\hansnguyen\.nuget\packages\microsoft.netcore.app.ref\3.0.0\ref\netcoreapp3.0\System.Text.Encoding.Extensions.dll
1>                    AssemblyVersion=4.1.1.0
1>                    CopyLocal=false
1>                    ExternallyResolved=true
1>                    FileVersion=4.700.19.46214
1>                    FrameworkReferenceName=Microsoft.NETCore.App
1>                    FrameworkReferenceVersion=3.0.0
1>                    FusionName=System.Text.Encoding.Extensions, Version=4.1.1.0, Culture=neutral, PublicKeyToken=b03f5f7f11d50a3a
1>                    ImageRuntime=v4.0.30319
1>                    NuGetPackageId=Microsoft.NETCore.App.Ref
1>                    NuGetPackageVersion=3.0.0
1>                    OriginalItemSpec=C:\Users\hansnguyen\.nuget\packages\microsoft.netcore.app.ref\3.0.0\ref\netcoreapp3.0\System.Text.Encoding.Extensions.dll
1>                    Private=false
1>                    PublicKeyToken=b03f5f7f11d50a3a
1>                    ReferenceSourceTarget=ResolveAssemblyReference
1>                    ResolvedFrom={RawFileName}
1>                    Version=
1>            C:\Users\hansnguyen\.nuget\packages\microsoft.netcore.app.ref\3.0.0\ref\netcoreapp3.0\System.Text.Encodings.Web.dll
1>                    AssemblyVersion=4.0.4.0
1>                    CopyLocal=false
1>                    ExternallyResolved=true
1>                    FileVersion=4.700.19.46214
1>                    FrameworkReferenceName=Microsoft.NETCore.App
1>                    FrameworkReferenceVersion=3.0.0
1>                    FusionName=System.Text.Encodings.Web, Version=4.0.4.0, Culture=neutral, PublicKeyToken=cc7b13ffcd2ddd51
1>                    ImageRuntime=v4.0.30319
1>                    NuGetPackageId=Microsoft.NETCore.App.Ref
1>                    NuGetPackageVersion=3.0.0
1>                    OriginalItemSpec=C:\Users\hansnguyen\.nuget\packages\microsoft.netcore.app.ref\3.0.0\ref\netcoreapp3.0\System.Text.Encodings.Web.dll
1>                    Private=false
1>                    PublicKeyToken=cc7b13ffcd2ddd51
1>                    ReferenceSourceTarget=ResolveAssemblyReference
1>                    ResolvedFrom={RawFileName}
1>                    Version=
1>            C:\Users\hansnguyen\.nuget\packages\microsoft.netcore.app.ref\3.0.0\ref\netcoreapp3.0\System.Text.Json.dll
1>                    AssemblyVersion=4.0.0.0
1>                    CopyLocal=false
1>                    ExternallyResolved=true
1>                    FileVersion=4.700.19.46214
1>                    FrameworkReferenceName=Microsoft.NETCore.App
1>                    FrameworkReferenceVersion=3.0.0
1>                    FusionName=System.Text.Json, Version=4.0.0.0, Culture=neutral, PublicKeyToken=cc7b13ffcd2ddd51
1>                    ImageRuntime=v4.0.30319
1>                    NuGetPackageId=Microsoft.NETCore.App.Ref
1>                    NuGetPackageVersion=3.0.0
1>                    OriginalItemSpec=C:\Users\hansnguyen\.nuget\packages\microsoft.netcore.app.ref\3.0.0\ref\netcoreapp3.0\System.Text.Json.dll
1>                    Private=false
1>                    PublicKeyToken=cc7b13ffcd2ddd51
1>                    ReferenceSourceTarget=ResolveAssemblyReference
1>                    ResolvedFrom={RawFileName}
1>                    Version=
1>            C:\Users\hansnguyen\.nuget\packages\microsoft.netcore.app.ref\3.0.0\ref\netcoreapp3.0\System.Text.RegularExpressions.dll
1>                    AssemblyVersion=4.2.1.0
1>                    CopyLocal=false
1>                    ExternallyResolved=true
1>                    FileVersion=4.700.19.46214
1>                    FrameworkReferenceName=Microsoft.NETCore.App
1>                    FrameworkReferenceVersion=3.0.0
1>                    FusionName=System.Text.RegularExpressions, Version=4.2.1.0, Culture=neutral, PublicKeyToken=b03f5f7f11d50a3a
1>                    ImageRuntime=v4.0.30319
1>                    NuGetPackageId=Microsoft.NETCore.App.Ref
1>                    NuGetPackageVersion=3.0.0
1>                    OriginalItemSpec=C:\Users\hansnguyen\.nuget\packages\microsoft.netcore.app.ref\3.0.0\ref\netcoreapp3.0\System.Text.RegularExpressions.dll
1>                    Private=false
1>                    PublicKeyToken=b03f5f7f11d50a3a
1>                    ReferenceSourceTarget=ResolveAssemblyReference
1>                    ResolvedFrom={RawFileName}
1>                    Version=
1>            C:\Users\hansnguyen\.nuget\packages\microsoft.windowsdesktop.app.ref\3.0.0\ref\netcoreapp3.0\System.Threading.AccessControl.dll
1>                    AssemblyVersion=4.0.4.0
1>                    CopyLocal=false
1>                    ExternallyResolved=true
1>                    FileVersion=4.700.19.46214
1>                    FrameworkReferenceName=Microsoft.WindowsDesktop.App.WPF
1>                    FrameworkReferenceVersion=3.0.0
1>                    FusionName=System.Threading.AccessControl, Version=4.0.4.0, Culture=neutral, PublicKeyToken=b03f5f7f11d50a3a
1>                    ImageRuntime=v4.0.30319
1>                    NuGetPackageId=Microsoft.WindowsDesktop.App.Ref
1>                    NuGetPackageVersion=3.0.0
1>                    OriginalItemSpec=C:\Users\hansnguyen\.nuget\packages\microsoft.windowsdesktop.app.ref\3.0.0\ref\netcoreapp3.0\System.Threading.AccessControl.dll
1>                    Private=false
1>                    PublicKeyToken=b03f5f7f11d50a3a
1>                    ReferenceSourceTarget=ResolveAssemblyReference
1>                    ResolvedFrom={RawFileName}
1>                    Version=
1>            C:\Users\hansnguyen\.nuget\packages\microsoft.netcore.app.ref\3.0.0\ref\netcoreapp3.0\System.Threading.Channels.dll
1>                    AssemblyVersion=4.0.1.0
1>                    CopyLocal=false
1>                    ExternallyResolved=true
1>                    FileVersion=4.700.19.46214
1>                    FrameworkReferenceName=Microsoft.NETCore.App
1>                    FrameworkReferenceVersion=3.0.0
1>                    FusionName=System.Threading.Channels, Version=4.0.1.0, Culture=neutral, PublicKeyToken=cc7b13ffcd2ddd51
1>                    ImageRuntime=v4.0.30319
1>                    NuGetPackageId=Microsoft.NETCore.App.Ref
1>                    NuGetPackageVersion=3.0.0
1>                    OriginalItemSpec=C:\Users\hansnguyen\.nuget\packages\microsoft.netcore.app.ref\3.0.0\ref\netcoreapp3.0\System.Threading.Channels.dll
1>                    Private=false
1>                    PublicKeyToken=cc7b13ffcd2ddd51
1>                    ReferenceSourceTarget=ResolveAssemblyReference
1>                    ResolvedFrom={RawFileName}
1>                    Version=
1>            C:\Users\hansnguyen\.nuget\packages\microsoft.netcore.app.ref\3.0.0\ref\netcoreapp3.0\System.Threading.dll
1>                    AssemblyVersion=4.1.1.0
1>                    CopyLocal=false
1>                    ExternallyResolved=true
1>                    FileVersion=4.700.19.46214
1>                    FrameworkReferenceName=Microsoft.NETCore.App
1>                    FrameworkReferenceVersion=3.0.0
1>                    FusionName=System.Threading, Version=4.1.1.0, Culture=neutral, PublicKeyToken=b03f5f7f11d50a3a
1>                    ImageRuntime=v4.0.30319
1>                    NuGetPackageId=Microsoft.NETCore.App.Ref
1>                    NuGetPackageVersion=3.0.0
1>                    OriginalItemSpec=C:\Users\hansnguyen\.nuget\packages\microsoft.netcore.app.ref\3.0.0\ref\netcoreapp3.0\System.Threading.dll
1>                    Private=false
1>                    PublicKeyToken=b03f5f7f11d50a3a
1>                    ReferenceSourceTarget=ResolveAssemblyReference
1>                    ResolvedFrom={RawFileName}
1>                    Version=
1>            C:\Users\hansnguyen\.nuget\packages\microsoft.netcore.app.ref\3.0.0\ref\netcoreapp3.0\System.Threading.Overlapped.dll
1>                    AssemblyVersion=4.1.1.0
1>                    CopyLocal=false
1>                    ExternallyResolved=true
1>                    FileVersion=4.700.19.46214
1>                    FrameworkReferenceName=Microsoft.NETCore.App
1>                    FrameworkReferenceVersion=3.0.0
1>                    FusionName=System.Threading.Overlapped, Version=4.1.1.0, Culture=neutral, PublicKeyToken=b03f5f7f11d50a3a
1>                    ImageRuntime=v4.0.30319
1>                    NuGetPackageId=Microsoft.NETCore.App.Ref
1>                    NuGetPackageVersion=3.0.0
1>                    OriginalItemSpec=C:\Users\hansnguyen\.nuget\packages\microsoft.netcore.app.ref\3.0.0\ref\netcoreapp3.0\System.Threading.Overlapped.dll
1>                    Private=false
1>                    PublicKeyToken=b03f5f7f11d50a3a
1>                    ReferenceSourceTarget=ResolveAssemblyReference
1>                    ResolvedFrom={RawFileName}
1>                    Version=
1>            C:\Users\hansnguyen\.nuget\packages\microsoft.netcore.app.ref\3.0.0\ref\netcoreapp3.0\System.Threading.Tasks.Dataflow.dll
1>                    AssemblyVersion=4.6.4.0
1>                    CopyLocal=false
1>                    ExternallyResolved=true
1>                    FileVersion=4.700.19.46214
1>                    FrameworkReferenceName=Microsoft.NETCore.App
1>                    FrameworkReferenceVersion=3.0.0
1>                    FusionName=System.Threading.Tasks.Dataflow, Version=4.6.4.0, Culture=neutral, PublicKeyToken=b03f5f7f11d50a3a
1>                    ImageRuntime=v4.0.30319
1>                    NuGetPackageId=Microsoft.NETCore.App.Ref
1>                    NuGetPackageVersion=3.0.0
1>                    OriginalItemSpec=C:\Users\hansnguyen\.nuget\packages\microsoft.netcore.app.ref\3.0.0\ref\netcoreapp3.0\System.Threading.Tasks.Dataflow.dll
1>                    Private=false
1>                    PublicKeyToken=b03f5f7f11d50a3a
1>                    ReferenceSourceTarget=ResolveAssemblyReference
1>                    ResolvedFrom={RawFileName}
1>                    Version=
1>            C:\Users\hansnguyen\.nuget\packages\microsoft.netcore.app.ref\3.0.0\ref\netcoreapp3.0\System.Threading.Tasks.dll
1>                    AssemblyVersion=4.1.1.0
1>                    CopyLocal=false
1>                    ExternallyResolved=true
1>                    FileVersion=4.700.19.46214
1>                    FrameworkReferenceName=Microsoft.NETCore.App
1>                    FrameworkReferenceVersion=3.0.0
1>                    FusionName=System.Threading.Tasks, Version=4.1.1.0, Culture=neutral, PublicKeyToken=b03f5f7f11d50a3a
1>                    ImageRuntime=v4.0.30319
1>                    NuGetPackageId=Microsoft.NETCore.App.Ref
1>                    NuGetPackageVersion=3.0.0
1>                    OriginalItemSpec=C:\Users\hansnguyen\.nuget\packages\microsoft.netcore.app.ref\3.0.0\ref\netcoreapp3.0\System.Threading.Tasks.dll
1>                    Private=false
1>                    PublicKeyToken=b03f5f7f11d50a3a
1>                    ReferenceSourceTarget=ResolveAssemblyReference
1>                    ResolvedFrom={RawFileName}
1>                    Version=
1>            C:\Users\hansnguyen\.nuget\packages\microsoft.netcore.app.ref\3.0.0\ref\netcoreapp3.0\System.Threading.Tasks.Extensions.dll
1>                    AssemblyVersion=4.3.0.0
1>                    CopyLocal=false
1>                    ExternallyResolved=true
1>                    FileVersion=4.700.19.46214
1>                    FrameworkReferenceName=Microsoft.NETCore.App
1>                    FrameworkReferenceVersion=3.0.0
1>                    FusionName=System.Threading.Tasks.Extensions, Version=4.3.0.0, Culture=neutral, PublicKeyToken=cc7b13ffcd2ddd51
1>                    ImageRuntime=v4.0.30319
1>                    NuGetPackageId=Microsoft.NETCore.App.Ref
1>                    NuGetPackageVersion=3.0.0
1>                    OriginalItemSpec=C:\Users\hansnguyen\.nuget\packages\microsoft.netcore.app.ref\3.0.0\ref\netcoreapp3.0\System.Threading.Tasks.Extensions.dll
1>                    Private=false
1>                    PublicKeyToken=cc7b13ffcd2ddd51
1>                    ReferenceSourceTarget=ResolveAssemblyReference
1>                    ResolvedFrom={RawFileName}
1>                    Version=
1>            C:\Users\hansnguyen\.nuget\packages\microsoft.netcore.app.ref\3.0.0\ref\netcoreapp3.0\System.Threading.Tasks.Parallel.dll
1>                    AssemblyVersion=4.0.3.0
1>                    CopyLocal=false
1>                    ExternallyResolved=true
1>                    FileVersion=4.700.19.46214
1>                    FrameworkReferenceName=Microsoft.NETCore.App
1>                    FrameworkReferenceVersion=3.0.0
1>                    FusionName=System.Threading.Tasks.Parallel, Version=4.0.3.0, Culture=neutral, PublicKeyToken=b03f5f7f11d50a3a
1>                    ImageRuntime=v4.0.30319
1>                    NuGetPackageId=Microsoft.NETCore.App.Ref
1>                    NuGetPackageVersion=3.0.0
1>                    OriginalItemSpec=C:\Users\hansnguyen\.nuget\packages\microsoft.netcore.app.ref\3.0.0\ref\netcoreapp3.0\System.Threading.Tasks.Parallel.dll
1>                    Private=false
1>                    PublicKeyToken=b03f5f7f11d50a3a
1>                    ReferenceSourceTarget=ResolveAssemblyReference
1>                    ResolvedFrom={RawFileName}
1>                    Version=
1>            C:\Users\hansnguyen\.nuget\packages\microsoft.netcore.app.ref\3.0.0\ref\netcoreapp3.0\System.Threading.Thread.dll
1>                    AssemblyVersion=4.1.1.0
1>                    CopyLocal=false
1>                    ExternallyResolved=true
1>                    FileVersion=4.700.19.46214
1>                    FrameworkReferenceName=Microsoft.NETCore.App
1>                    FrameworkReferenceVersion=3.0.0
1>                    FusionName=System.Threading.Thread, Version=4.1.1.0, Culture=neutral, PublicKeyToken=b03f5f7f11d50a3a
1>                    ImageRuntime=v4.0.30319
1>                    NuGetPackageId=Microsoft.NETCore.App.Ref
1>                    NuGetPackageVersion=3.0.0
1>                    OriginalItemSpec=C:\Users\hansnguyen\.nuget\packages\microsoft.netcore.app.ref\3.0.0\ref\netcoreapp3.0\System.Threading.Thread.dll
1>                    Private=false
1>                    PublicKeyToken=b03f5f7f11d50a3a
1>                    ReferenceSourceTarget=ResolveAssemblyReference
1>                    ResolvedFrom={RawFileName}
1>                    Version=
1>            C:\Users\hansnguyen\.nuget\packages\microsoft.netcore.app.ref\3.0.0\ref\netcoreapp3.0\System.Threading.ThreadPool.dll
1>                    AssemblyVersion=4.1.1.0
1>                    CopyLocal=false
1>                    ExternallyResolved=true
1>                    FileVersion=4.700.19.46214
1>                    FrameworkReferenceName=Microsoft.NETCore.App
1>                    FrameworkReferenceVersion=3.0.0
1>                    FusionName=System.Threading.ThreadPool, Version=4.1.1.0, Culture=neutral, PublicKeyToken=b03f5f7f11d50a3a
1>                    ImageRuntime=v4.0.30319
1>                    NuGetPackageId=Microsoft.NETCore.App.Ref
1>                    NuGetPackageVersion=3.0.0
1>                    OriginalItemSpec=C:\Users\hansnguyen\.nuget\packages\microsoft.netcore.app.ref\3.0.0\ref\netcoreapp3.0\System.Threading.ThreadPool.dll
1>                    Private=false
1>                    PublicKeyToken=b03f5f7f11d50a3a
1>                    ReferenceSourceTarget=ResolveAssemblyReference
1>                    ResolvedFrom={RawFileName}
1>                    Version=
1>            C:\Users\hansnguyen\.nuget\packages\microsoft.netcore.app.ref\3.0.0\ref\netcoreapp3.0\System.Threading.Timer.dll
1>                    AssemblyVersion=4.1.1.0
1>                    CopyLocal=false
1>                    ExternallyResolved=true
1>                    FileVersion=4.700.19.46214
1>                    FrameworkReferenceName=Microsoft.NETCore.App
1>                    FrameworkReferenceVersion=3.0.0
1>                    FusionName=System.Threading.Timer, Version=4.1.1.0, Culture=neutral, PublicKeyToken=b03f5f7f11d50a3a
1>                    ImageRuntime=v4.0.30319
1>                    NuGetPackageId=Microsoft.NETCore.App.Ref
1>                    NuGetPackageVersion=3.0.0
1>                    OriginalItemSpec=C:\Users\hansnguyen\.nuget\packages\microsoft.netcore.app.ref\3.0.0\ref\netcoreapp3.0\System.Threading.Timer.dll
1>                    Private=false
1>                    PublicKeyToken=b03f5f7f11d50a3a
1>                    ReferenceSourceTarget=ResolveAssemblyReference
1>                    ResolvedFrom={RawFileName}
1>                    Version=
1>            C:\Users\hansnguyen\.nuget\packages\microsoft.netcore.app.ref\3.0.0\ref\netcoreapp3.0\System.Transactions.dll
1>                    AssemblyVersion=4.0.0.0
1>                    CopyLocal=false
1>                    ExternallyResolved=true
1>                    FileVersion=4.700.19.46214
1>                    FrameworkReferenceName=Microsoft.NETCore.App
1>                    FrameworkReferenceVersion=3.0.0
1>                    FusionName=System.Transactions, Version=4.0.0.0, Culture=neutral, PublicKeyToken=b77a5c561934e089
1>                    ImageRuntime=v4.0.30319
1>                    NuGetPackageId=Microsoft.NETCore.App.Ref
1>                    NuGetPackageVersion=3.0.0
1>                    OriginalItemSpec=C:\Users\hansnguyen\.nuget\packages\microsoft.netcore.app.ref\3.0.0\ref\netcoreapp3.0\System.Transactions.dll
1>                    Private=false
1>                    PublicKeyToken=b77a5c561934e089
1>                    ReferenceSourceTarget=ResolveAssemblyReference
1>                    ResolvedFrom={RawFileName}
1>                    Version=
1>            C:\Users\hansnguyen\.nuget\packages\microsoft.netcore.app.ref\3.0.0\ref\netcoreapp3.0\System.Transactions.Local.dll
1>                    AssemblyVersion=4.0.1.0
1>                    CopyLocal=false
1>                    ExternallyResolved=true
1>                    FileVersion=4.700.19.46214
1>                    FrameworkReferenceName=Microsoft.NETCore.App
1>                    FrameworkReferenceVersion=3.0.0
1>                    FusionName=System.Transactions.Local, Version=4.0.1.0, Culture=neutral, PublicKeyToken=cc7b13ffcd2ddd51
1>                    ImageRuntime=v4.0.30319
1>                    NuGetPackageId=Microsoft.NETCore.App.Ref
1>                    NuGetPackageVersion=3.0.0
1>                    OriginalItemSpec=C:\Users\hansnguyen\.nuget\packages\microsoft.netcore.app.ref\3.0.0\ref\netcoreapp3.0\System.Transactions.Local.dll
1>                    Private=false
1>                    PublicKeyToken=cc7b13ffcd2ddd51
1>                    ReferenceSourceTarget=ResolveAssemblyReference
1>                    ResolvedFrom={RawFileName}
1>                    Version=
1>            C:\Users\hansnguyen\.nuget\packages\microsoft.netcore.app.ref\3.0.0\ref\netcoreapp3.0\System.ValueTuple.dll
1>                    AssemblyVersion=4.0.3.0
1>                    CopyLocal=false
1>                    ExternallyResolved=true
1>                    FileVersion=4.700.19.46214
1>                    FrameworkReferenceName=Microsoft.NETCore.App
1>                    FrameworkReferenceVersion=3.0.0
1>                    FusionName=System.ValueTuple, Version=4.0.3.0, Culture=neutral, PublicKeyToken=cc7b13ffcd2ddd51
1>                    ImageRuntime=v4.0.30319
1>                    NuGetPackageId=Microsoft.NETCore.App.Ref
1>                    NuGetPackageVersion=3.0.0
1>                    OriginalItemSpec=C:\Users\hansnguyen\.nuget\packages\microsoft.netcore.app.ref\3.0.0\ref\netcoreapp3.0\System.ValueTuple.dll
1>                    Private=false
1>                    PublicKeyToken=cc7b13ffcd2ddd51
1>                    ReferenceSourceTarget=ResolveAssemblyReference
1>                    ResolvedFrom={RawFileName}
1>                    Version=
1>            C:\Users\hansnguyen\.nuget\packages\microsoft.netcore.app.ref\3.0.0\ref\netcoreapp3.0\System.Web.dll
1>                    AssemblyVersion=4.0.0.0
1>                    CopyLocal=false
1>                    ExternallyResolved=true
1>                    FileVersion=4.700.19.46214
1>                    FrameworkReferenceName=Microsoft.NETCore.App
1>                    FrameworkReferenceVersion=3.0.0
1>                    FusionName=System.Web, Version=4.0.0.0, Culture=neutral, PublicKeyToken=b03f5f7f11d50a3a
1>                    ImageRuntime=v4.0.30319
1>                    NuGetPackageId=Microsoft.NETCore.App.Ref
1>                    NuGetPackageVersion=3.0.0
1>                    OriginalItemSpec=C:\Users\hansnguyen\.nuget\packages\microsoft.netcore.app.ref\3.0.0\ref\netcoreapp3.0\System.Web.dll
1>                    Private=false
1>                    PublicKeyToken=b03f5f7f11d50a3a
1>                    ReferenceSourceTarget=ResolveAssemblyReference
1>                    ResolvedFrom={RawFileName}
1>                    Version=
1>            C:\Users\hansnguyen\.nuget\packages\microsoft.netcore.app.ref\3.0.0\ref\netcoreapp3.0\System.Web.HttpUtility.dll
1>                    AssemblyVersion=4.0.1.0
1>                    CopyLocal=false
1>                    ExternallyResolved=true
1>                    FileVersion=4.700.19.46214
1>                    FrameworkReferenceName=Microsoft.NETCore.App
1>                    FrameworkReferenceVersion=3.0.0
1>                    FusionName=System.Web.HttpUtility, Version=4.0.1.0, Culture=neutral, PublicKeyToken=cc7b13ffcd2ddd51
1>                    ImageRuntime=v4.0.30319
1>                    NuGetPackageId=Microsoft.NETCore.App.Ref
1>                    NuGetPackageVersion=3.0.0
1>                    OriginalItemSpec=C:\Users\hansnguyen\.nuget\packages\microsoft.netcore.app.ref\3.0.0\ref\netcoreapp3.0\System.Web.HttpUtility.dll
1>                    Private=false
1>                    PublicKeyToken=cc7b13ffcd2ddd51
1>                    ReferenceSourceTarget=ResolveAssemblyReference
1>                    ResolvedFrom={RawFileName}
1>                    Version=
1>            C:\Users\hansnguyen\.nuget\packages\microsoft.windowsdesktop.app.ref\3.0.0\ref\netcoreapp3.0\System.Windows.Controls.Ribbon.dll
1>                    AssemblyVersion=4.0.0.0
1>                    CopyLocal=false
1>                    ExternallyResolved=true
1>                    FileVersion=4.800.19.46214
1>                    FrameworkReferenceName=Microsoft.WindowsDesktop.App.WPF
1>                    FrameworkReferenceVersion=3.0.0
1>                    FusionName=System.Windows.Controls.Ribbon, Version=4.0.0.0, Culture=neutral, PublicKeyToken=b77a5c561934e089
1>                    ImageRuntime=v4.0.30319
1>                    NuGetPackageId=Microsoft.WindowsDesktop.App.Ref
1>                    NuGetPackageVersion=3.0.0
1>                    OriginalItemSpec=C:\Users\hansnguyen\.nuget\packages\microsoft.windowsdesktop.app.ref\3.0.0\ref\netcoreapp3.0\System.Windows.Controls.Ribbon.dll
1>                    Private=false
1>                    PublicKeyToken=b77a5c561934e089
1>                    ReferenceSourceTarget=ResolveAssemblyReference
1>                    ResolvedFrom={RawFileName}
1>                    Version=
1>            C:\Users\hansnguyen\.nuget\packages\microsoft.netcore.app.ref\3.0.0\ref\netcoreapp3.0\System.Windows.dll
1>                    AssemblyVersion=4.0.0.0
1>                    CopyLocal=false
1>                    ExternallyResolved=true
1>                    FileVersion=4.700.19.46214
1>                    FrameworkReferenceName=Microsoft.NETCore.App
1>                    FrameworkReferenceVersion=3.0.0
1>                    FusionName=System.Windows, Version=4.0.0.0, Culture=neutral, PublicKeyToken=b03f5f7f11d50a3a
1>                    ImageRuntime=v4.0.30319
1>                    NuGetPackageId=Microsoft.NETCore.App.Ref
1>                    NuGetPackageVersion=3.0.0
1>                    OriginalItemSpec=C:\Users\hansnguyen\.nuget\packages\microsoft.netcore.app.ref\3.0.0\ref\netcoreapp3.0\System.Windows.dll
1>                    Private=false
1>                    PublicKeyToken=b03f5f7f11d50a3a
1>                    ReferenceSourceTarget=ResolveAssemblyReference
1>                    ResolvedFrom={RawFileName}
1>                    Version=
1>            C:\Users\hansnguyen\.nuget\packages\microsoft.windowsdesktop.app.ref\3.0.0\ref\netcoreapp3.0\System.Windows.Extensions.dll
1>                    AssemblyVersion=4.0.0.0
1>                    CopyLocal=false
1>                    ExternallyResolved=true
1>                    FileVersion=4.700.19.46214
1>                    FrameworkReferenceName=Microsoft.WindowsDesktop.App.WPF
1>                    FrameworkReferenceVersion=3.0.0
1>                    FusionName=System.Windows.Extensions, Version=4.0.0.0, Culture=neutral, PublicKeyToken=cc7b13ffcd2ddd51
1>                    ImageRuntime=v4.0.30319
1>                    NuGetPackageId=Microsoft.WindowsDesktop.App.Ref
1>                    NuGetPackageVersion=3.0.0
1>                    OriginalItemSpec=C:\Users\hansnguyen\.nuget\packages\microsoft.windowsdesktop.app.ref\3.0.0\ref\netcoreapp3.0\System.Windows.Extensions.dll
1>                    Private=false
1>                    PublicKeyToken=cc7b13ffcd2ddd51
1>                    ReferenceSourceTarget=ResolveAssemblyReference
1>                    ResolvedFrom={RawFileName}
1>                    Version=
1>            C:\Users\hansnguyen\.nuget\packages\microsoft.windowsdesktop.app.ref\3.0.0\ref\netcoreapp3.0\System.Windows.Input.Manipulations.dll
1>                    AssemblyVersion=4.0.0.0
1>                    CopyLocal=false
1>                    ExternallyResolved=true
1>                    FileVersion=4.800.19.46214
1>                    FrameworkReferenceName=Microsoft.WindowsDesktop.App.WPF
1>                    FrameworkReferenceVersion=3.0.0
1>                    FusionName=System.Windows.Input.Manipulations, Version=4.0.0.0, Culture=neutral, PublicKeyToken=b77a5c561934e089
1>                    ImageRuntime=v4.0.30319
1>                    NuGetPackageId=Microsoft.WindowsDesktop.App.Ref
1>                    NuGetPackageVersion=3.0.0
1>                    OriginalItemSpec=C:\Users\hansnguyen\.nuget\packages\microsoft.windowsdesktop.app.ref\3.0.0\ref\netcoreapp3.0\System.Windows.Input.Manipulations.dll
1>                    Private=false
1>                    PublicKeyToken=b77a5c561934e089
1>                    ReferenceSourceTarget=ResolveAssemblyReference
1>                    ResolvedFrom={RawFileName}
1>                    Version=
1>            C:\Users\hansnguyen\.nuget\packages\microsoft.windowsdesktop.app.ref\3.0.0\ref\netcoreapp3.0\System.Windows.Presentation.dll
1>                    AssemblyVersion=4.0.0.0
1>                    CopyLocal=false
1>                    ExternallyResolved=true
1>                    FileVersion=4.800.19.46214
1>                    FrameworkReferenceName=Microsoft.WindowsDesktop.App.WPF
1>                    FrameworkReferenceVersion=3.0.0
1>                    FusionName=System.Windows.Presentation, Version=4.0.0.0, Culture=neutral, PublicKeyToken=b77a5c561934e089
1>                    ImageRuntime=v4.0.30319
1>                    NuGetPackageId=Microsoft.WindowsDesktop.App.Ref
1>                    NuGetPackageVersion=3.0.0
1>                    OriginalItemSpec=C:\Users\hansnguyen\.nuget\packages\microsoft.windowsdesktop.app.ref\3.0.0\ref\netcoreapp3.0\System.Windows.Presentation.dll
1>                    Private=false
1>                    PublicKeyToken=b77a5c561934e089
1>                    ReferenceSourceTarget=ResolveAssemblyReference
1>                    ResolvedFrom={RawFileName}
1>                    Version=
1>            C:\Users\hansnguyen\.nuget\packages\microsoft.windowsdesktop.app.ref\3.0.0\ref\netcoreapp3.0\System.Xaml.dll
1>                    AssemblyVersion=4.0.0.0
1>                    CopyLocal=false
1>                    ExternallyResolved=true
1>                    FileVersion=4.800.19.46214
1>                    FrameworkReferenceName=Microsoft.WindowsDesktop.App.WPF
1>                    FrameworkReferenceVersion=3.0.0
1>                    FusionName=System.Xaml, Version=4.0.0.0, Culture=neutral, PublicKeyToken=b77a5c561934e089
1>                    ImageRuntime=v4.0.30319
1>                    NuGetPackageId=Microsoft.WindowsDesktop.App.Ref
1>                    NuGetPackageVersion=3.0.0
1>                    OriginalItemSpec=C:\Users\hansnguyen\.nuget\packages\microsoft.windowsdesktop.app.ref\3.0.0\ref\netcoreapp3.0\System.Xaml.dll
1>                    Private=false
1>                    PublicKeyToken=b77a5c561934e089
1>                    ReferenceSourceTarget=ResolveAssemblyReference
1>                    ResolvedFrom={RawFileName}
1>                    Version=
1>            C:\Users\hansnguyen\.nuget\packages\microsoft.netcore.app.ref\3.0.0\ref\netcoreapp3.0\System.Xml.dll
1>                    AssemblyVersion=4.0.0.0
1>                    CopyLocal=false
1>                    ExternallyResolved=true
1>                    FileVersion=4.700.19.46214
1>                    FrameworkReferenceName=Microsoft.NETCore.App
1>                    FrameworkReferenceVersion=3.0.0
1>                    FusionName=System.Xml, Version=4.0.0.0, Culture=neutral, PublicKeyToken=b77a5c561934e089
1>                    ImageRuntime=v4.0.30319
1>                    NuGetPackageId=Microsoft.NETCore.App.Ref
1>                    NuGetPackageVersion=3.0.0
1>                    OriginalItemSpec=C:\Users\hansnguyen\.nuget\packages\microsoft.netcore.app.ref\3.0.0\ref\netcoreapp3.0\System.Xml.dll
1>                    Private=false
1>                    PublicKeyToken=b77a5c561934e089
1>                    ReferenceSourceTarget=ResolveAssemblyReference
1>                    ResolvedFrom={RawFileName}
1>                    Version=
1>            C:\Users\hansnguyen\.nuget\packages\microsoft.netcore.app.ref\3.0.0\ref\netcoreapp3.0\System.Xml.Linq.dll
1>                    AssemblyVersion=4.0.0.0
1>                    CopyLocal=false
1>                    ExternallyResolved=true
1>                    FileVersion=4.700.19.46214
1>                    FrameworkReferenceName=Microsoft.NETCore.App
1>                    FrameworkReferenceVersion=3.0.0
1>                    FusionName=System.Xml.Linq, Version=4.0.0.0, Culture=neutral, PublicKeyToken=b77a5c561934e089
1>                    ImageRuntime=v4.0.30319
1>                    NuGetPackageId=Microsoft.NETCore.App.Ref
1>                    NuGetPackageVersion=3.0.0
1>                    OriginalItemSpec=C:\Users\hansnguyen\.nuget\packages\microsoft.netcore.app.ref\3.0.0\ref\netcoreapp3.0\System.Xml.Linq.dll
1>                    Private=false
1>                    PublicKeyToken=b77a5c561934e089
1>                    ReferenceSourceTarget=ResolveAssemblyReference
1>                    ResolvedFrom={RawFileName}
1>                    Version=
1>            C:\Users\hansnguyen\.nuget\packages\microsoft.netcore.app.ref\3.0.0\ref\netcoreapp3.0\System.Xml.ReaderWriter.dll
1>                    AssemblyVersion=4.2.1.0
1>                    CopyLocal=false
1>                    ExternallyResolved=true
1>                    FileVersion=4.700.19.46214
1>                    FrameworkReferenceName=Microsoft.NETCore.App
1>                    FrameworkReferenceVersion=3.0.0
1>                    FusionName=System.Xml.ReaderWriter, Version=4.2.1.0, Culture=neutral, PublicKeyToken=b03f5f7f11d50a3a
1>                    ImageRuntime=v4.0.30319
1>                    NuGetPackageId=Microsoft.NETCore.App.Ref
1>                    NuGetPackageVersion=3.0.0
1>                    OriginalItemSpec=C:\Users\hansnguyen\.nuget\packages\microsoft.netcore.app.ref\3.0.0\ref\netcoreapp3.0\System.Xml.ReaderWriter.dll
1>                    Private=false
1>                    PublicKeyToken=b03f5f7f11d50a3a
1>                    ReferenceSourceTarget=ResolveAssemblyReference
1>                    ResolvedFrom={RawFileName}
1>                    Version=
1>            C:\Users\hansnguyen\.nuget\packages\microsoft.netcore.app.ref\3.0.0\ref\netcoreapp3.0\System.Xml.Serialization.dll
1>                    AssemblyVersion=4.0.0.0
1>                    CopyLocal=false
1>                    ExternallyResolved=true
1>                    FileVersion=4.700.19.46214
1>                    FrameworkReferenceName=Microsoft.NETCore.App
1>                    FrameworkReferenceVersion=3.0.0
1>                    FusionName=System.Xml.Serialization, Version=4.0.0.0, Culture=neutral, PublicKeyToken=b77a5c561934e089
1>                    ImageRuntime=v4.0.30319
1>                    NuGetPackageId=Microsoft.NETCore.App.Ref
1>                    NuGetPackageVersion=3.0.0
1>                    OriginalItemSpec=C:\Users\hansnguyen\.nuget\packages\microsoft.netcore.app.ref\3.0.0\ref\netcoreapp3.0\System.Xml.Serialization.dll
1>                    Private=false
1>                    PublicKeyToken=b77a5c561934e089
1>                    ReferenceSourceTarget=ResolveAssemblyReference
1>                    ResolvedFrom={RawFileName}
1>                    Version=
1>            C:\Users\hansnguyen\.nuget\packages\microsoft.netcore.app.ref\3.0.0\ref\netcoreapp3.0\System.Xml.XDocument.dll
1>                    AssemblyVersion=4.1.1.0
1>                    CopyLocal=false
1>                    ExternallyResolved=true
1>                    FileVersion=4.700.19.46214
1>                    FrameworkReferenceName=Microsoft.NETCore.App
1>                    FrameworkReferenceVersion=3.0.0
1>                    FusionName=System.Xml.XDocument, Version=4.1.1.0, Culture=neutral, PublicKeyToken=b03f5f7f11d50a3a
1>                    ImageRuntime=v4.0.30319
1>                    NuGetPackageId=Microsoft.NETCore.App.Ref
1>                    NuGetPackageVersion=3.0.0
1>                    OriginalItemSpec=C:\Users\hansnguyen\.nuget\packages\microsoft.netcore.app.ref\3.0.0\ref\netcoreapp3.0\System.Xml.XDocument.dll
1>                    Private=false
1>                    PublicKeyToken=b03f5f7f11d50a3a
1>                    ReferenceSourceTarget=ResolveAssemblyReference
1>                    ResolvedFrom={RawFileName}
1>                    Version=
1>            C:\Users\hansnguyen\.nuget\packages\microsoft.netcore.app.ref\3.0.0\ref\netcoreapp3.0\System.Xml.XmlDocument.dll
1>                    AssemblyVersion=4.1.1.0
1>                    CopyLocal=false
1>                    ExternallyResolved=true
1>                    FileVersion=4.700.19.46214
1>                    FrameworkReferenceName=Microsoft.NETCore.App
1>                    FrameworkReferenceVersion=3.0.0
1>                    FusionName=System.Xml.XmlDocument, Version=4.1.1.0, Culture=neutral, PublicKeyToken=b03f5f7f11d50a3a
1>                    ImageRuntime=v4.0.30319
1>                    NuGetPackageId=Microsoft.NETCore.App.Ref
1>                    NuGetPackageVersion=3.0.0
1>                    OriginalItemSpec=C:\Users\hansnguyen\.nuget\packages\microsoft.netcore.app.ref\3.0.0\ref\netcoreapp3.0\System.Xml.XmlDocument.dll
1>                    Private=false
1>                    PublicKeyToken=b03f5f7f11d50a3a
1>                    ReferenceSourceTarget=ResolveAssemblyReference
1>                    ResolvedFrom={RawFileName}
1>                    Version=
1>            C:\Users\hansnguyen\.nuget\packages\microsoft.netcore.app.ref\3.0.0\ref\netcoreapp3.0\System.Xml.XmlSerializer.dll
1>                    AssemblyVersion=4.1.1.0
1>                    CopyLocal=false
1>                    ExternallyResolved=true
1>                    FileVersion=4.700.19.46214
1>                    FrameworkReferenceName=Microsoft.NETCore.App
1>                    FrameworkReferenceVersion=3.0.0
1>                    FusionName=System.Xml.XmlSerializer, Version=4.1.1.0, Culture=neutral, PublicKeyToken=b03f5f7f11d50a3a
1>                    ImageRuntime=v4.0.30319
1>                    NuGetPackageId=Microsoft.NETCore.App.Ref
1>                    NuGetPackageVersion=3.0.0
1>                    OriginalItemSpec=C:\Users\hansnguyen\.nuget\packages\microsoft.netcore.app.ref\3.0.0\ref\netcoreapp3.0\System.Xml.XmlSerializer.dll
1>                    Private=false
1>                    PublicKeyToken=b03f5f7f11d50a3a
1>                    ReferenceSourceTarget=ResolveAssemblyReference
1>                    ResolvedFrom={RawFileName}
1>                    Version=
1>            C:\Users\hansnguyen\.nuget\packages\microsoft.netcore.app.ref\3.0.0\ref\netcoreapp3.0\System.Xml.XPath.dll
1>                    AssemblyVersion=4.1.1.0
1>                    CopyLocal=false
1>                    ExternallyResolved=true
1>                    FileVersion=4.700.19.46214
1>                    FrameworkReferenceName=Microsoft.NETCore.App
1>                    FrameworkReferenceVersion=3.0.0
1>                    FusionName=System.Xml.XPath, Version=4.1.1.0, Culture=neutral, PublicKeyToken=b03f5f7f11d50a3a
1>                    ImageRuntime=v4.0.30319
1>                    NuGetPackageId=Microsoft.NETCore.App.Ref
1>                    NuGetPackageVersion=3.0.0
1>                    OriginalItemSpec=C:\Users\hansnguyen\.nuget\packages\microsoft.netcore.app.ref\3.0.0\ref\netcoreapp3.0\System.Xml.XPath.dll
1>                    Private=false
1>                    PublicKeyToken=b03f5f7f11d50a3a
1>                    ReferenceSourceTarget=ResolveAssemblyReference
1>                    ResolvedFrom={RawFileName}
1>                    Version=
1>            C:\Users\hansnguyen\.nuget\packages\microsoft.netcore.app.ref\3.0.0\ref\netcoreapp3.0\System.Xml.XPath.XDocument.dll
1>                    AssemblyVersion=4.1.1.0
1>                    CopyLocal=false
1>                    ExternallyResolved=true
1>                    FileVersion=4.700.19.46214
1>                    FrameworkReferenceName=Microsoft.NETCore.App
1>                    FrameworkReferenceVersion=3.0.0
1>                    FusionName=System.Xml.XPath.XDocument, Version=4.1.1.0, Culture=neutral, PublicKeyToken=b03f5f7f11d50a3a
1>                    ImageRuntime=v4.0.30319
1>                    NuGetPackageId=Microsoft.NETCore.App.Ref
1>                    NuGetPackageVersion=3.0.0
1>                    OriginalItemSpec=C:\Users\hansnguyen\.nuget\packages\microsoft.netcore.app.ref\3.0.0\ref\netcoreapp3.0\System.Xml.XPath.XDocument.dll
1>                    Private=false
1>                    PublicKeyToken=b03f5f7f11d50a3a
1>                    ReferenceSourceTarget=ResolveAssemblyReference
1>                    ResolvedFrom={RawFileName}
1>                    Version=
1>            C:\Users\hansnguyen\.nuget\packages\microsoft.windowsdesktop.app.ref\3.0.0\ref\netcoreapp3.0\UIAutomationClient.dll
1>                    AssemblyVersion=4.0.0.0
1>                    CopyLocal=false
1>                    ExternallyResolved=true
1>                    FileVersion=4.800.19.46214
1>                    FrameworkReferenceName=Microsoft.WindowsDesktop.App.WPF
1>                    FrameworkReferenceVersion=3.0.0
1>                    FusionName=UIAutomationClient, Version=4.0.0.0, Culture=neutral, PublicKeyToken=31bf3856ad364e35
1>                    ImageRuntime=v4.0.30319
1>                    NuGetPackageId=Microsoft.WindowsDesktop.App.Ref
1>                    NuGetPackageVersion=3.0.0
1>                    OriginalItemSpec=C:\Users\hansnguyen\.nuget\packages\microsoft.windowsdesktop.app.ref\3.0.0\ref\netcoreapp3.0\UIAutomationClient.dll
1>                    Private=false
1>                    PublicKeyToken=31bf3856ad364e35
1>                    ReferenceSourceTarget=ResolveAssemblyReference
1>                    ResolvedFrom={RawFileName}
1>                    Version=
1>            C:\Users\hansnguyen\.nuget\packages\microsoft.windowsdesktop.app.ref\3.0.0\ref\netcoreapp3.0\UIAutomationClientSideProviders.dll
1>                    AssemblyVersion=4.0.0.0
1>                    CopyLocal=false
1>                    ExternallyResolved=true
1>                    FileVersion=4.800.19.46214
1>                    FrameworkReferenceName=Microsoft.WindowsDesktop.App.WPF
1>                    FrameworkReferenceVersion=3.0.0
1>                    FusionName=UIAutomationClientSideProviders, Version=4.0.0.0, Culture=neutral, PublicKeyToken=b77a5c561934e089
1>                    ImageRuntime=v4.0.30319
1>                    NuGetPackageId=Microsoft.WindowsDesktop.App.Ref
1>                    NuGetPackageVersion=3.0.0
1>                    OriginalItemSpec=C:\Users\hansnguyen\.nuget\packages\microsoft.windowsdesktop.app.ref\3.0.0\ref\netcoreapp3.0\UIAutomationClientSideProviders.dll
1>                    Private=false
1>                    PublicKeyToken=b77a5c561934e089
1>                    ReferenceSourceTarget=ResolveAssemblyReference
1>                    ResolvedFrom={RawFileName}
1>                    Version=
1>            C:\Users\hansnguyen\.nuget\packages\microsoft.windowsdesktop.app.ref\3.0.0\ref\netcoreapp3.0\UIAutomationProvider.dll
1>                    AssemblyVersion=4.0.0.0
1>                    CopyLocal=false
1>                    ExternallyResolved=true
1>                    FileVersion=4.800.19.46214
1>                    FrameworkReferenceName=Microsoft.WindowsDesktop.App.WPF
1>                    FrameworkReferenceVersion=3.0.0
1>                    FusionName=UIAutomationProvider, Version=4.0.0.0, Culture=neutral, PublicKeyToken=31bf3856ad364e35
1>                    ImageRuntime=v4.0.30319
1>                    NuGetPackageId=Microsoft.WindowsDesktop.App.Ref
1>                    NuGetPackageVersion=3.0.0
1>                    OriginalItemSpec=C:\Users\hansnguyen\.nuget\packages\microsoft.windowsdesktop.app.ref\3.0.0\ref\netcoreapp3.0\UIAutomationProvider.dll
1>                    Private=false
1>                    PublicKeyToken=31bf3856ad364e35
1>                    ReferenceSourceTarget=ResolveAssemblyReference
1>                    ResolvedFrom={RawFileName}
1>                    Version=
1>            C:\Users\hansnguyen\.nuget\packages\microsoft.windowsdesktop.app.ref\3.0.0\ref\netcoreapp3.0\UIAutomationTypes.dll
1>                    AssemblyVersion=4.0.0.0
1>                    CopyLocal=false
1>                    ExternallyResolved=true
1>                    FileVersion=4.800.19.46214
1>                    FrameworkReferenceName=Microsoft.WindowsDesktop.App.WPF
1>                    FrameworkReferenceVersion=3.0.0
1>                    FusionName=UIAutomationTypes, Version=4.0.0.0, Culture=neutral, PublicKeyToken=31bf3856ad364e35
1>                    ImageRuntime=v4.0.30319
1>                    NuGetPackageId=Microsoft.WindowsDesktop.App.Ref
1>                    NuGetPackageVersion=3.0.0
1>                    OriginalItemSpec=C:\Users\hansnguyen\.nuget\packages\microsoft.windowsdesktop.app.ref\3.0.0\ref\netcoreapp3.0\UIAutomationTypes.dll
1>                    Private=false
1>                    PublicKeyToken=31bf3856ad364e35
1>                    ReferenceSourceTarget=ResolveAssemblyReference
1>                    ResolvedFrom={RawFileName}
1>                    Version=
1>            C:\Users\hansnguyen\.nuget\packages\microsoft.windowsdesktop.app.ref\3.0.0\ref\netcoreapp3.0\WindowsBase.dll
1>                    AssemblyVersion=4.0.0.0
1>                    CopyLocal=false
1>                    ExternallyResolved=true
1>                    FileVersion=4.800.19.46214
1>                    FrameworkReferenceName=Microsoft.WindowsDesktop.App.WPF
1>                    FrameworkReferenceVersion=3.0.0
1>                    FusionName=WindowsBase, Version=4.0.0.0, Culture=neutral, PublicKeyToken=31bf3856ad364e35
1>                    ImageRuntime=v4.0.30319
1>                    NuGetPackageId=Microsoft.WindowsDesktop.App.Ref
1>                    NuGetPackageVersion=3.0.0
1>                    OriginalItemSpec=C:\Users\hansnguyen\.nuget\packages\microsoft.windowsdesktop.app.ref\3.0.0\ref\netcoreapp3.0\WindowsBase.dll
1>                    Private=false
1>                    PublicKeyToken=31bf3856ad364e35
1>                    ReferenceSourceTarget=ResolveAssemblyReference
1>                    ResolvedFrom={RawFileName}
1>                    Version=
1>    Task Parameter:Language=C#
1>    Task Parameter:XamlDebuggingInformation=True
1>    Task Parameter:RootNamespace=GridWithMenuApp1_VS2022
1>    Task Parameter:
1>        SourceCodeFiles=
1>            App.xaml.cs
1>                    CopyToOutputDirectory=Never
1>            Data\SampleData.cs
1>                    CopyToOutputDirectory=Never
1>            MainWindow.xaml.cs
1>                    CopyToOutputDirectory=Never
1>            Properties\AssemblyInfo.cs
1>                    CopyToOutputDirectory=Never
1>            Properties\Resources.Designer.cs
1>                    CopyToOutputDirectory=Never
1>            Properties\Settings.Designer.cs
1>                    AutoGen=True
1>                    CopyToOutputDirectory=Never
1>                    DependentUpon=Settings.settings
1>                    DesignTimeSharedInput=True
1>    Task Parameter:HostInBrowser=false
1>    Task Parameter:LanguageSourceExtension=.cs
1>    Task Parameter:IsRunningInVisualStudio=True
1>    Task Parameter:DefineConstants=TRACE;DEBUG;NETCOREAPP;NETCOREAPP3_0;
1>    Task Parameter:AssemblyName=GridWithMenuApp1_VS2022
1>    Task Parameter:
1>        ApplicationMarkup=
1>            App.xaml
1>                    Generator=MSBuild:Compile
1>                    SubType=Designer
1>                    XamlRuntime=Wpf
1>    Task Parameter:SupportCustomOutputPaths=True
1>    Task Parameter:LocalizationDirectivesToLocFile=None
1>    Task Parameter:
1>        PageMarkup=
1>            MainWindow.xaml
1>                    Generator=MSBuild:Compile
1>                    SubType=Designer
1>                    XamlRuntime=Wpf
1>    Task Parameter:KnownReferencePaths=C:\Program Files\Microsoft Visual Studio\2022\Preview\MSBuild\Current\Bin\amd64
1>
1>    Microsoft (R) Build Task 'MarkupCompilePass1' Version '6.0.21.37805'.
1>    Copyright (C) Microsoft Corporation 2005. All rights reserved.
1>
1>    Input: Markup ApplicationDefinition file: 'C:\Users\hansnguyen\source\repos\GridWithMenuApp1_VS2022\App.xaml'.
1>    Current project directory is 'C:\Users\hansnguyen\source\repos\GridWithMenuApp1_VS2022\'.
1>    Analysis Result : 'All'.
1>    Recompiled XAML file : 'C:\Users\hansnguyen\source\repos\GridWithMenuApp1_VS2022\MainWindow.xaml'.
1>    Started the markup compilation.
1>    OutputType is 'winexe'.
1>    Input: Assembly Reference file: 'C:\Users\hansnguyen\.nuget\packages\microsoft.windowsdesktop.app.ref\3.0.0\ref\netcoreapp3.0\Accessibility.dll'.
1>    Input: Assembly Reference file: 'C:\Users\hansnguyen\.nuget\packages\c1.xaml.wpf\4.5.20213.749\lib\netcoreapp3.0\C1.WPF.4.5.2.dll'.
1>    Input: Assembly Reference file: 'C:\Users\hansnguyen\.nuget\packages\c1.xaml.wpf.datetimeeditors\4.5.20213.749\lib\netcoreapp3.0\C1.WPF.DateTimeEditors.4.5.2.dll'.
1>    Input: Assembly Reference file: 'C:\Users\hansnguyen\.nuget\packages\c1.xaml.wpf.flexgrid\4.5.20213.749\lib\netcoreapp3.0\C1.WPF.FlexGrid.4.5.2.dll'.
1>    Input: Assembly Reference file: 'C:\Users\hansnguyen\.nuget\packages\c1.xaml.wpf.flexgrid.grouppanel\4.5.20213.749\lib\netcoreapp3.0\C1.WPF.FlexGrid.GroupPanel.4.5.2.dll'.
1>    Input: Assembly Reference file: 'C:\Users\hansnguyen\.nuget\packages\c1.xaml.wpf.flexgridfilter\4.5.20213.749\lib\netcoreapp3.0\C1.WPF.FlexGridFilter.4.5.2.dll'.
1>    Input: Assembly Reference file: 'C:\Users\hansnguyen\.nuget\packages\c1.xaml.wpf.toolbar\4.5.20213.749\lib\netcoreapp3.0\C1.WPF.Toolbar.4.5.2.dll'.
1>    Input: Assembly Reference file: 'C:\Users\hansnguyen\.nuget\packages\microsoft.netcore.app.ref\3.0.0\ref\netcoreapp3.0\Microsoft.CSharp.dll'.
1>    Input: Assembly Reference file: 'C:\Users\hansnguyen\.nuget\packages\microsoft.netcore.app.ref\3.0.0\ref\netcoreapp3.0\Microsoft.VisualBasic.Core.dll'.
1>    Input: Assembly Reference file: 'C:\Users\hansnguyen\.nuget\packages\microsoft.netcore.app.ref\3.0.0\ref\netcoreapp3.0\Microsoft.VisualBasic.dll'.
1>    Input: Assembly Reference file: 'C:\Users\hansnguyen\.nuget\packages\microsoft.netcore.app.ref\3.0.0\ref\netcoreapp3.0\Microsoft.Win32.Primitives.dll'.
1>    Input: Assembly Reference file: 'C:\Users\hansnguyen\.nuget\packages\microsoft.windowsdesktop.app.ref\3.0.0\ref\netcoreapp3.0\Microsoft.Win32.Registry.AccessControl.dll'.
1>    Input: Assembly Reference file: 'C:\Users\hansnguyen\.nuget\packages\microsoft.windowsdesktop.app.ref\3.0.0\ref\netcoreapp3.0\Microsoft.Win32.Registry.dll'.
1>    Input: Assembly Reference file: 'C:\Users\hansnguyen\.nuget\packages\microsoft.windowsdesktop.app.ref\3.0.0\ref\netcoreapp3.0\Microsoft.Win32.SystemEvents.dll'.
1>    Input: Assembly Reference file: 'C:\Users\hansnguyen\.nuget\packages\microsoft.netcore.app.ref\3.0.0\ref\netcoreapp3.0\mscorlib.dll'.
1>    Input: Assembly Reference file: 'C:\Users\hansnguyen\.nuget\packages\microsoft.netcore.app.ref\3.0.0\ref\netcoreapp3.0\netstandard.dll'.
1>    Input: Assembly Reference file: 'C:\Users\hansnguyen\.nuget\packages\microsoft.windowsdesktop.app.ref\3.0.0\ref\netcoreapp3.0\PresentationCore.dll'.
1>    Input: Assembly Reference file: 'C:\Users\hansnguyen\.nuget\packages\microsoft.windowsdesktop.app.ref\3.0.0\ref\netcoreapp3.0\PresentationFramework.Aero.dll'.
1>    Input: Assembly Reference file: 'C:\Users\hansnguyen\.nuget\packages\microsoft.windowsdesktop.app.ref\3.0.0\ref\netcoreapp3.0\PresentationFramework.Aero2.dll'.
1>    Input: Assembly Reference file: 'C:\Users\hansnguyen\.nuget\packages\microsoft.windowsdesktop.app.ref\3.0.0\ref\netcoreapp3.0\PresentationFramework.AeroLite.dll'.
1>    Input: Assembly Reference file: 'C:\Users\hansnguyen\.nuget\packages\microsoft.windowsdesktop.app.ref\3.0.0\ref\netcoreapp3.0\PresentationFramework.Classic.dll'.
1>    Input: Assembly Reference file: 'C:\Users\hansnguyen\.nuget\packages\microsoft.windowsdesktop.app.ref\3.0.0\ref\netcoreapp3.0\PresentationFramework.dll'.
1>    Input: Assembly Reference file: 'C:\Users\hansnguyen\.nuget\packages\microsoft.windowsdesktop.app.ref\3.0.0\ref\netcoreapp3.0\PresentationFramework.Luna.dll'.
1>    Input: Assembly Reference file: 'C:\Users\hansnguyen\.nuget\packages\microsoft.windowsdesktop.app.ref\3.0.0\ref\netcoreapp3.0\PresentationFramework.Royale.dll'.
1>    Input: Assembly Reference file: 'C:\Users\hansnguyen\.nuget\packages\microsoft.windowsdesktop.app.ref\3.0.0\ref\netcoreapp3.0\PresentationUI.dll'.
1>    Input: Assembly Reference file: 'C:\Users\hansnguyen\.nuget\packages\microsoft.windowsdesktop.app.ref\3.0.0\ref\netcoreapp3.0\ReachFramework.dll'.
1>    Input: Assembly Reference file: 'C:\Users\hansnguyen\.nuget\packages\microsoft.netcore.app.ref\3.0.0\ref\netcoreapp3.0\System.AppContext.dll'.
1>    Input: Assembly Reference file: 'C:\Users\hansnguyen\.nuget\packages\microsoft.netcore.app.ref\3.0.0\ref\netcoreapp3.0\System.Buffers.dll'.
1>    Input: Assembly Reference file: 'C:\Users\hansnguyen\.nuget\packages\microsoft.windowsdesktop.app.ref\3.0.0\ref\netcoreapp3.0\System.CodeDom.dll'.
1>    Input: Assembly Reference file: 'C:\Users\hansnguyen\.nuget\packages\microsoft.netcore.app.ref\3.0.0\ref\netcoreapp3.0\System.Collections.Concurrent.dll'.
1>    Input: Assembly Reference file: 'C:\Users\hansnguyen\.nuget\packages\microsoft.netcore.app.ref\3.0.0\ref\netcoreapp3.0\System.Collections.dll'.
1>    Input: Assembly Reference file: 'C:\Users\hansnguyen\.nuget\packages\microsoft.netcore.app.ref\3.0.0\ref\netcoreapp3.0\System.Collections.Immutable.dll'.
1>    Input: Assembly Reference file: 'C:\Users\hansnguyen\.nuget\packages\microsoft.netcore.app.ref\3.0.0\ref\netcoreapp3.0\System.Collections.NonGeneric.dll'.
1>    Input: Assembly Reference file: 'C:\Users\hansnguyen\.nuget\packages\microsoft.netcore.app.ref\3.0.0\ref\netcoreapp3.0\System.Collections.Specialized.dll'.
1>    Input: Assembly Reference file: 'C:\Users\hansnguyen\.nuget\packages\microsoft.netcore.app.ref\3.0.0\ref\netcoreapp3.0\System.ComponentModel.Annotations.dll'.
1>    Input: Assembly Reference file: 'C:\Users\hansnguyen\.nuget\packages\microsoft.netcore.app.ref\3.0.0\ref\netcoreapp3.0\System.ComponentModel.DataAnnotations.dll'.
1>    Input: Assembly Reference file: 'C:\Users\hansnguyen\.nuget\packages\microsoft.netcore.app.ref\3.0.0\ref\netcoreapp3.0\System.ComponentModel.dll'.
1>    Input: Assembly Reference file: 'C:\Users\hansnguyen\.nuget\packages\microsoft.netcore.app.ref\3.0.0\ref\netcoreapp3.0\System.ComponentModel.EventBasedAsync.dll'.
1>    Input: Assembly Reference file: 'C:\Users\hansnguyen\.nuget\packages\microsoft.netcore.app.ref\3.0.0\ref\netcoreapp3.0\System.ComponentModel.Primitives.dll'.
1>    Input: Assembly Reference file: 'C:\Users\hansnguyen\.nuget\packages\microsoft.netcore.app.ref\3.0.0\ref\netcoreapp3.0\System.ComponentModel.TypeConverter.dll'.
1>    Input: Assembly Reference file: 'C:\Users\hansnguyen\.nuget\packages\microsoft.windowsdesktop.app.ref\3.0.0\ref\netcoreapp3.0\System.Configuration.ConfigurationManager.dll'.
1>    Input: Assembly Reference file: 'C:\Users\hansnguyen\.nuget\packages\microsoft.netcore.app.ref\3.0.0\ref\netcoreapp3.0\System.Configuration.dll'.
1>    Input: Assembly Reference file: 'C:\Users\hansnguyen\.nuget\packages\microsoft.netcore.app.ref\3.0.0\ref\netcoreapp3.0\System.Console.dll'.
1>    Input: Assembly Reference file: 'C:\Users\hansnguyen\.nuget\packages\microsoft.netcore.app.ref\3.0.0\ref\netcoreapp3.0\System.Core.dll'.
1>    Input: Assembly Reference file: 'C:\Users\hansnguyen\.nuget\packages\microsoft.netcore.app.ref\3.0.0\ref\netcoreapp3.0\System.Data.Common.dll'.
1>    Input: Assembly Reference file: 'C:\Users\hansnguyen\.nuget\packages\microsoft.netcore.app.ref\3.0.0\ref\netcoreapp3.0\System.Data.DataSetExtensions.dll'.
1>    Input: Assembly Reference file: 'C:\Users\hansnguyen\.nuget\packages\microsoft.netcore.app.ref\3.0.0\ref\netcoreapp3.0\System.Data.dll'.
1>    Input: Assembly Reference file: 'C:\Users\hansnguyen\.nuget\packages\microsoft.netcore.app.ref\3.0.0\ref\netcoreapp3.0\System.Diagnostics.Contracts.dll'.
1>    Input: Assembly Reference file: 'C:\Users\hansnguyen\.nuget\packages\microsoft.netcore.app.ref\3.0.0\ref\netcoreapp3.0\System.Diagnostics.Debug.dll'.
1>    Input: Assembly Reference file: 'C:\Users\hansnguyen\.nuget\packages\microsoft.netcore.app.ref\3.0.0\ref\netcoreapp3.0\System.Diagnostics.DiagnosticSource.dll'.
1>    Input: Assembly Reference file: 'C:\Users\hansnguyen\.nuget\packages\microsoft.windowsdesktop.app.ref\3.0.0\ref\netcoreapp3.0\System.Diagnostics.EventLog.dll'.
1>    Input: Assembly Reference file: 'C:\Users\hansnguyen\.nuget\packages\microsoft.netcore.app.ref\3.0.0\ref\netcoreapp3.0\System.Diagnostics.FileVersionInfo.dll'.
1>    Input: Assembly Reference file: 'C:\Users\hansnguyen\.nuget\packages\microsoft.windowsdesktop.app.ref\3.0.0\ref\netcoreapp3.0\System.Diagnostics.PerformanceCounter.dll'.
1>    Input: Assembly Reference file: 'C:\Users\hansnguyen\.nuget\packages\microsoft.netcore.app.ref\3.0.0\ref\netcoreapp3.0\System.Diagnostics.Process.dll'.
1>    Input: Assembly Reference file: 'C:\Users\hansnguyen\.nuget\packages\microsoft.netcore.app.ref\3.0.0\ref\netcoreapp3.0\System.Diagnostics.StackTrace.dll'.
1>    Input: Assembly Reference file: 'C:\Users\hansnguyen\.nuget\packages\microsoft.netcore.app.ref\3.0.0\ref\netcoreapp3.0\System.Diagnostics.TextWriterTraceListener.dll'.
1>    Input: Assembly Reference file: 'C:\Users\hansnguyen\.nuget\packages\microsoft.netcore.app.ref\3.0.0\ref\netcoreapp3.0\System.Diagnostics.Tools.dll'.
1>    Input: Assembly Reference file: 'C:\Users\hansnguyen\.nuget\packages\microsoft.netcore.app.ref\3.0.0\ref\netcoreapp3.0\System.Diagnostics.TraceSource.dll'.
1>    Input: Assembly Reference file: 'C:\Users\hansnguyen\.nuget\packages\microsoft.netcore.app.ref\3.0.0\ref\netcoreapp3.0\System.Diagnostics.Tracing.dll'.
1>    Input: Assembly Reference file: 'C:\Users\hansnguyen\.nuget\packages\microsoft.windowsdesktop.app.ref\3.0.0\ref\netcoreapp3.0\System.DirectoryServices.dll'.
1>    Input: Assembly Reference file: 'C:\Users\hansnguyen\.nuget\packages\microsoft.netcore.app.ref\3.0.0\ref\netcoreapp3.0\System.dll'.
1>    Input: Assembly Reference file: 'C:\Users\hansnguyen\.nuget\packages\microsoft.netcore.app.ref\3.0.0\ref\netcoreapp3.0\System.Drawing.dll'.
1>    Input: Assembly Reference file: 'C:\Users\hansnguyen\.nuget\packages\microsoft.netcore.app.ref\3.0.0\ref\netcoreapp3.0\System.Drawing.Primitives.dll'.
1>    Input: Assembly Reference file: 'C:\Users\hansnguyen\.nuget\packages\microsoft.netcore.app.ref\3.0.0\ref\netcoreapp3.0\System.Dynamic.Runtime.dll'.
1>    Input: Assembly Reference file: 'C:\Users\hansnguyen\.nuget\packages\microsoft.netcore.app.ref\3.0.0\ref\netcoreapp3.0\System.Globalization.Calendars.dll'.
1>    Input: Assembly Reference file: 'C:\Users\hansnguyen\.nuget\packages\microsoft.netcore.app.ref\3.0.0\ref\netcoreapp3.0\System.Globalization.dll'.
1>    Input: Assembly Reference file: 'C:\Users\hansnguyen\.nuget\packages\microsoft.netcore.app.ref\3.0.0\ref\netcoreapp3.0\System.Globalization.Extensions.dll'.
1>    Input: Assembly Reference file: 'C:\Users\hansnguyen\.nuget\packages\microsoft.netcore.app.ref\3.0.0\ref\netcoreapp3.0\System.IO.Compression.Brotli.dll'.
1>    Input: Assembly Reference file: 'C:\Users\hansnguyen\.nuget\packages\microsoft.netcore.app.ref\3.0.0\ref\netcoreapp3.0\System.IO.Compression.dll'.
1>    Input: Assembly Reference file: 'C:\Users\hansnguyen\.nuget\packages\microsoft.netcore.app.ref\3.0.0\ref\netcoreapp3.0\System.IO.Compression.FileSystem.dll'.
1>    Input: Assembly Reference file: 'C:\Users\hansnguyen\.nuget\packages\microsoft.netcore.app.ref\3.0.0\ref\netcoreapp3.0\System.IO.Compression.ZipFile.dll'.
1>    Input: Assembly Reference file: 'C:\Users\hansnguyen\.nuget\packages\microsoft.netcore.app.ref\3.0.0\ref\netcoreapp3.0\System.IO.dll'.
1>    Input: Assembly Reference file: 'C:\Users\hansnguyen\.nuget\packages\microsoft.windowsdesktop.app.ref\3.0.0\ref\netcoreapp3.0\System.IO.FileSystem.AccessControl.dll'.
1>    Input: Assembly Reference file: 'C:\Users\hansnguyen\.nuget\packages\microsoft.netcore.app.ref\3.0.0\ref\netcoreapp3.0\System.IO.FileSystem.dll'.
1>    Input: Assembly Reference file: 'C:\Users\hansnguyen\.nuget\packages\microsoft.netcore.app.ref\3.0.0\ref\netcoreapp3.0\System.IO.FileSystem.DriveInfo.dll'.
1>    Input: Assembly Reference file: 'C:\Users\hansnguyen\.nuget\packages\microsoft.netcore.app.ref\3.0.0\ref\netcoreapp3.0\System.IO.FileSystem.Primitives.dll'.
1>    Input: Assembly Reference file: 'C:\Users\hansnguyen\.nuget\packages\microsoft.netcore.app.ref\3.0.0\ref\netcoreapp3.0\System.IO.FileSystem.Watcher.dll'.
1>    Input: Assembly Reference file: 'C:\Users\hansnguyen\.nuget\packages\microsoft.netcore.app.ref\3.0.0\ref\netcoreapp3.0\System.IO.IsolatedStorage.dll'.
1>    Input: Assembly Reference file: 'C:\Users\hansnguyen\.nuget\packages\microsoft.netcore.app.ref\3.0.0\ref\netcoreapp3.0\System.IO.MemoryMappedFiles.dll'.
1>    Input: Assembly Reference file: 'C:\Users\hansnguyen\.nuget\packages\microsoft.windowsdesktop.app.ref\3.0.0\ref\netcoreapp3.0\System.IO.Packaging.dll'.
1>    Input: Assembly Reference file: 'C:\Users\hansnguyen\.nuget\packages\microsoft.windowsdesktop.app.ref\3.0.0\ref\netcoreapp3.0\System.IO.Pipes.AccessControl.dll'.
1>    Input: Assembly Reference file: 'C:\Users\hansnguyen\.nuget\packages\microsoft.netcore.app.ref\3.0.0\ref\netcoreapp3.0\System.IO.Pipes.dll'.
1>    Input: Assembly Reference file: 'C:\Users\hansnguyen\.nuget\packages\microsoft.netcore.app.ref\3.0.0\ref\netcoreapp3.0\System.IO.UnmanagedMemoryStream.dll'.
1>    Input: Assembly Reference file: 'C:\Users\hansnguyen\.nuget\packages\microsoft.netcore.app.ref\3.0.0\ref\netcoreapp3.0\System.Linq.dll'.
1>    Input: Assembly Reference file: 'C:\Users\hansnguyen\.nuget\packages\microsoft.netcore.app.ref\3.0.0\ref\netcoreapp3.0\System.Linq.Expressions.dll'.
1>    Input: Assembly Reference file: 'C:\Users\hansnguyen\.nuget\packages\microsoft.netcore.app.ref\3.0.0\ref\netcoreapp3.0\System.Linq.Parallel.dll'.
1>    Input: Assembly Reference file: 'C:\Users\hansnguyen\.nuget\packages\microsoft.netcore.app.ref\3.0.0\ref\netcoreapp3.0\System.Linq.Queryable.dll'.
1>    Input: Assembly Reference file: 'C:\Users\hansnguyen\.nuget\packages\microsoft.netcore.app.ref\3.0.0\ref\netcoreapp3.0\System.Memory.dll'.
1>    Input: Assembly Reference file: 'C:\Users\hansnguyen\.nuget\packages\microsoft.netcore.app.ref\3.0.0\ref\netcoreapp3.0\System.Net.dll'.
1>    Input: Assembly Reference file: 'C:\Users\hansnguyen\.nuget\packages\microsoft.netcore.app.ref\3.0.0\ref\netcoreapp3.0\System.Net.Http.dll'.
1>    Input: Assembly Reference file: 'C:\Users\hansnguyen\.nuget\packages\microsoft.netcore.app.ref\3.0.0\ref\netcoreapp3.0\System.Net.HttpListener.dll'.
1>    Input: Assembly Reference file: 'C:\Users\hansnguyen\.nuget\packages\microsoft.netcore.app.ref\3.0.0\ref\netcoreapp3.0\System.Net.Mail.dll'.
1>    Input: Assembly Reference file: 'C:\Users\hansnguyen\.nuget\packages\microsoft.netcore.app.ref\3.0.0\ref\netcoreapp3.0\System.Net.NameResolution.dll'.
1>    Input: Assembly Reference file: 'C:\Users\hansnguyen\.nuget\packages\microsoft.netcore.app.ref\3.0.0\ref\netcoreapp3.0\System.Net.NetworkInformation.dll'.
1>    Input: Assembly Reference file: 'C:\Users\hansnguyen\.nuget\packages\microsoft.netcore.app.ref\3.0.0\ref\netcoreapp3.0\System.Net.Ping.dll'.
1>    Input: Assembly Reference file: 'C:\Users\hansnguyen\.nuget\packages\microsoft.netcore.app.ref\3.0.0\ref\netcoreapp3.0\System.Net.Primitives.dll'.
1>    Input: Assembly Reference file: 'C:\Users\hansnguyen\.nuget\packages\microsoft.netcore.app.ref\3.0.0\ref\netcoreapp3.0\System.Net.Requests.dll'.
1>    Input: Assembly Reference file: 'C:\Users\hansnguyen\.nuget\packages\microsoft.netcore.app.ref\3.0.0\ref\netcoreapp3.0\System.Net.Security.dll'.
1>    Input: Assembly Reference file: 'C:\Users\hansnguyen\.nuget\packages\microsoft.netcore.app.ref\3.0.0\ref\netcoreapp3.0\System.Net.ServicePoint.dll'.
1>    Input: Assembly Reference file: 'C:\Users\hansnguyen\.nuget\packages\microsoft.netcore.app.ref\3.0.0\ref\netcoreapp3.0\System.Net.Sockets.dll'.
1>    Input: Assembly Reference file: 'C:\Users\hansnguyen\.nuget\packages\microsoft.netcore.app.ref\3.0.0\ref\netcoreapp3.0\System.Net.WebClient.dll'.
1>    Input: Assembly Reference file: 'C:\Users\hansnguyen\.nuget\packages\microsoft.netcore.app.ref\3.0.0\ref\netcoreapp3.0\System.Net.WebHeaderCollection.dll'.
1>    Input: Assembly Reference file: 'C:\Users\hansnguyen\.nuget\packages\microsoft.netcore.app.ref\3.0.0\ref\netcoreapp3.0\System.Net.WebProxy.dll'.
1>    Input: Assembly Reference file: 'C:\Users\hansnguyen\.nuget\packages\microsoft.netcore.app.ref\3.0.0\ref\netcoreapp3.0\System.Net.WebSockets.Client.dll'.
1>    Input: Assembly Reference file: 'C:\Users\hansnguyen\.nuget\packages\microsoft.netcore.app.ref\3.0.0\ref\netcoreapp3.0\System.Net.WebSockets.dll'.
1>    Input: Assembly Reference file: 'C:\Users\hansnguyen\.nuget\packages\microsoft.netcore.app.ref\3.0.0\ref\netcoreapp3.0\System.Numerics.dll'.
1>    Input: Assembly Reference file: 'C:\Users\hansnguyen\.nuget\packages\microsoft.netcore.app.ref\3.0.0\ref\netcoreapp3.0\System.Numerics.Vectors.dll'.
1>    Input: Assembly Reference file: 'C:\Users\hansnguyen\.nuget\packages\microsoft.netcore.app.ref\3.0.0\ref\netcoreapp3.0\System.ObjectModel.dll'.
1>    Input: Assembly Reference file: 'C:\Users\hansnguyen\.nuget\packages\microsoft.windowsdesktop.app.ref\3.0.0\ref\netcoreapp3.0\System.Printing.dll'.
1>    Input: Assembly Reference file: 'C:\Users\hansnguyen\.nuget\packages\microsoft.netcore.app.ref\3.0.0\ref\netcoreapp3.0\System.Reflection.DispatchProxy.dll'.
1>    Input: Assembly Reference file: 'C:\Users\hansnguyen\.nuget\packages\microsoft.netcore.app.ref\3.0.0\ref\netcoreapp3.0\System.Reflection.dll'.
1>    Input: Assembly Reference file: 'C:\Users\hansnguyen\.nuget\packages\microsoft.netcore.app.ref\3.0.0\ref\netcoreapp3.0\System.Reflection.Emit.dll'.
1>    Input: Assembly Reference file: 'C:\Users\hansnguyen\.nuget\packages\microsoft.netcore.app.ref\3.0.0\ref\netcoreapp3.0\System.Reflection.Emit.ILGeneration.dll'.
1>    Input: Assembly Reference file: 'C:\Users\hansnguyen\.nuget\packages\microsoft.netcore.app.ref\3.0.0\ref\netcoreapp3.0\System.Reflection.Emit.Lightweight.dll'.
1>    Input: Assembly Reference file: 'C:\Users\hansnguyen\.nuget\packages\microsoft.netcore.app.ref\3.0.0\ref\netcoreapp3.0\System.Reflection.Extensions.dll'.
1>    Input: Assembly Reference file: 'C:\Users\hansnguyen\.nuget\packages\microsoft.netcore.app.ref\3.0.0\ref\netcoreapp3.0\System.Reflection.Metadata.dll'.
1>    Input: Assembly Reference file: 'C:\Users\hansnguyen\.nuget\packages\microsoft.netcore.app.ref\3.0.0\ref\netcoreapp3.0\System.Reflection.Primitives.dll'.
1>    Input: Assembly Reference file: 'C:\Users\hansnguyen\.nuget\packages\microsoft.netcore.app.ref\3.0.0\ref\netcoreapp3.0\System.Reflection.TypeExtensions.dll'.
1>    Input: Assembly Reference file: 'C:\Users\hansnguyen\.nuget\packages\microsoft.windowsdesktop.app.ref\3.0.0\ref\netcoreapp3.0\System.Resources.Extensions.dll'.
1>    Input: Assembly Reference file: 'C:\Users\hansnguyen\.nuget\packages\microsoft.netcore.app.ref\3.0.0\ref\netcoreapp3.0\System.Resources.Reader.dll'.
1>    Input: Assembly Reference file: 'C:\Users\hansnguyen\.nuget\packages\microsoft.netcore.app.ref\3.0.0\ref\netcoreapp3.0\System.Resources.ResourceManager.dll'.
1>    Input: Assembly Reference file: 'C:\Users\hansnguyen\.nuget\packages\microsoft.netcore.app.ref\3.0.0\ref\netcoreapp3.0\System.Resources.Writer.dll'.
1>    Input: Assembly Reference file: 'C:\Users\hansnguyen\.nuget\packages\microsoft.netcore.app.ref\3.0.0\ref\netcoreapp3.0\System.Runtime.CompilerServices.Unsafe.dll'.
1>    Input: Assembly Reference file: 'C:\Users\hansnguyen\.nuget\packages\microsoft.netcore.app.ref\3.0.0\ref\netcoreapp3.0\System.Runtime.CompilerServices.VisualC.dll'.
1>    Input: Assembly Reference file: 'C:\Users\hansnguyen\.nuget\packages\microsoft.netcore.app.ref\3.0.0\ref\netcoreapp3.0\System.Runtime.dll'.
1>    Input: Assembly Reference file: 'C:\Users\hansnguyen\.nuget\packages\microsoft.netcore.app.ref\3.0.0\ref\netcoreapp3.0\System.Runtime.Extensions.dll'.
1>    Input: Assembly Reference file: 'C:\Users\hansnguyen\.nuget\packages\microsoft.netcore.app.ref\3.0.0\ref\netcoreapp3.0\System.Runtime.Handles.dll'.
1>    Input: Assembly Reference file: 'C:\Users\hansnguyen\.nuget\packages\microsoft.netcore.app.ref\3.0.0\ref\netcoreapp3.0\System.Runtime.InteropServices.dll'.
1>    Input: Assembly Reference file: 'C:\Users\hansnguyen\.nuget\packages\microsoft.netcore.app.ref\3.0.0\ref\netcoreapp3.0\System.Runtime.InteropServices.RuntimeInformation.dll'.
1>    Input: Assembly Reference file: 'C:\Users\hansnguyen\.nuget\packages\microsoft.netcore.app.ref\3.0.0\ref\netcoreapp3.0\System.Runtime.InteropServices.WindowsRuntime.dll'.
1>    Input: Assembly Reference file: 'C:\Users\hansnguyen\.nuget\packages\microsoft.netcore.app.ref\3.0.0\ref\netcoreapp3.0\System.Runtime.Intrinsics.dll'.
1>    Input: Assembly Reference file: 'C:\Users\hansnguyen\.nuget\packages\microsoft.netcore.app.ref\3.0.0\ref\netcoreapp3.0\System.Runtime.Loader.dll'.
1>    Input: Assembly Reference file: 'C:\Users\hansnguyen\.nuget\packages\microsoft.netcore.app.ref\3.0.0\ref\netcoreapp3.0\System.Runtime.Numerics.dll'.
1>    Input: Assembly Reference file: 'C:\Users\hansnguyen\.nuget\packages\microsoft.netcore.app.ref\3.0.0\ref\netcoreapp3.0\System.Runtime.Serialization.dll'.
1>    Input: Assembly Reference file: 'C:\Users\hansnguyen\.nuget\packages\microsoft.netcore.app.ref\3.0.0\ref\netcoreapp3.0\System.Runtime.Serialization.Formatters.dll'.
1>    Input: Assembly Reference file: 'C:\Users\hansnguyen\.nuget\packages\microsoft.netcore.app.ref\3.0.0\ref\netcoreapp3.0\System.Runtime.Serialization.Json.dll'.
1>    Input: Assembly Reference file: 'C:\Users\hansnguyen\.nuget\packages\microsoft.netcore.app.ref\3.0.0\ref\netcoreapp3.0\System.Runtime.Serialization.Primitives.dll'.
1>    Input: Assembly Reference file: 'C:\Users\hansnguyen\.nuget\packages\microsoft.netcore.app.ref\3.0.0\ref\netcoreapp3.0\System.Runtime.Serialization.Xml.dll'.
1>    Input: Assembly Reference file: 'C:\Users\hansnguyen\.nuget\packages\microsoft.windowsdesktop.app.ref\3.0.0\ref\netcoreapp3.0\System.Security.AccessControl.dll'.
1>    Input: Assembly Reference file: 'C:\Users\hansnguyen\.nuget\packages\microsoft.netcore.app.ref\3.0.0\ref\netcoreapp3.0\System.Security.Claims.dll'.
1>    Input: Assembly Reference file: 'C:\Users\hansnguyen\.nuget\packages\microsoft.netcore.app.ref\3.0.0\ref\netcoreapp3.0\System.Security.Cryptography.Algorithms.dll'.
1>    Input: Assembly Reference file: 'C:\Users\hansnguyen\.nuget\packages\microsoft.windowsdesktop.app.ref\3.0.0\ref\netcoreapp3.0\System.Security.Cryptography.Cng.dll'.
1>    Input: Assembly Reference file: 'C:\Users\hansnguyen\.nuget\packages\microsoft.netcore.app.ref\3.0.0\ref\netcoreapp3.0\System.Security.Cryptography.Csp.dll'.
1>    Input: Assembly Reference file: 'C:\Users\hansnguyen\.nuget\packages\microsoft.netcore.app.ref\3.0.0\ref\netcoreapp3.0\System.Security.Cryptography.Encoding.dll'.
1>    Input: Assembly Reference file: 'C:\Users\hansnguyen\.nuget\packages\microsoft.windowsdesktop.app.ref\3.0.0\ref\netcoreapp3.0\System.Security.Cryptography.Pkcs.dll'.
1>    Input: Assembly Reference file: 'C:\Users\hansnguyen\.nuget\packages\microsoft.netcore.app.ref\3.0.0\ref\netcoreapp3.0\System.Security.Cryptography.Primitives.dll'.
1>    Input: Assembly Reference file: 'C:\Users\hansnguyen\.nuget\packages\microsoft.windowsdesktop.app.ref\3.0.0\ref\netcoreapp3.0\System.Security.Cryptography.ProtectedData.dll'.
1>    Input: Assembly Reference file: 'C:\Users\hansnguyen\.nuget\packages\microsoft.netcore.app.ref\3.0.0\ref\netcoreapp3.0\System.Security.Cryptography.X509Certificates.dll'.
1>    Input: Assembly Reference file: 'C:\Users\hansnguyen\.nuget\packages\microsoft.windowsdesktop.app.ref\3.0.0\ref\netcoreapp3.0\System.Security.Cryptography.Xml.dll'.
1>    Input: Assembly Reference file: 'C:\Users\hansnguyen\.nuget\packages\microsoft.netcore.app.ref\3.0.0\ref\netcoreapp3.0\System.Security.dll'.
1>    Input: Assembly Reference file: 'C:\Users\hansnguyen\.nuget\packages\microsoft.windowsdesktop.app.ref\3.0.0\ref\netcoreapp3.0\System.Security.Permissions.dll'.
1>    Input: Assembly Reference file: 'C:\Users\hansnguyen\.nuget\packages\microsoft.netcore.app.ref\3.0.0\ref\netcoreapp3.0\System.Security.Principal.dll'.
1>    Input: Assembly Reference file: 'C:\Users\hansnguyen\.nuget\packages\microsoft.windowsdesktop.app.ref\3.0.0\ref\netcoreapp3.0\System.Security.Principal.Windows.dll'.
1>    Input: Assembly Reference file: 'C:\Users\hansnguyen\.nuget\packages\microsoft.netcore.app.ref\3.0.0\ref\netcoreapp3.0\System.Security.SecureString.dll'.
1>    Input: Assembly Reference file: 'C:\Users\hansnguyen\.nuget\packages\microsoft.netcore.app.ref\3.0.0\ref\netcoreapp3.0\System.ServiceModel.Web.dll'.
1>    Input: Assembly Reference file: 'C:\Users\hansnguyen\.nuget\packages\microsoft.netcore.app.ref\3.0.0\ref\netcoreapp3.0\System.ServiceProcess.dll'.
1>    Input: Assembly Reference file: 'C:\Users\hansnguyen\.nuget\packages\microsoft.netcore.app.ref\3.0.0\ref\netcoreapp3.0\System.Text.Encoding.CodePages.dll'.
1>    Input: Assembly Reference file: 'C:\Users\hansnguyen\.nuget\packages\microsoft.netcore.app.ref\3.0.0\ref\netcoreapp3.0\System.Text.Encoding.dll'.
1>    Input: Assembly Reference file: 'C:\Users\hansnguyen\.nuget\packages\microsoft.netcore.app.ref\3.0.0\ref\netcoreapp3.0\System.Text.Encoding.Extensions.dll'.
1>    Input: Assembly Reference file: 'C:\Users\hansnguyen\.nuget\packages\microsoft.netcore.app.ref\3.0.0\ref\netcoreapp3.0\System.Text.Encodings.Web.dll'.
1>    Input: Assembly Reference file: 'C:\Users\hansnguyen\.nuget\packages\microsoft.netcore.app.ref\3.0.0\ref\netcoreapp3.0\System.Text.Json.dll'.
1>    Input: Assembly Reference file: 'C:\Users\hansnguyen\.nuget\packages\microsoft.netcore.app.ref\3.0.0\ref\netcoreapp3.0\System.Text.RegularExpressions.dll'.
1>    Input: Assembly Reference file: 'C:\Users\hansnguyen\.nuget\packages\microsoft.windowsdesktop.app.ref\3.0.0\ref\netcoreapp3.0\System.Threading.AccessControl.dll'.
1>    Input: Assembly Reference file: 'C:\Users\hansnguyen\.nuget\packages\microsoft.netcore.app.ref\3.0.0\ref\netcoreapp3.0\System.Threading.Channels.dll'.
1>    Input: Assembly Reference file: 'C:\Users\hansnguyen\.nuget\packages\microsoft.netcore.app.ref\3.0.0\ref\netcoreapp3.0\System.Threading.dll'.
1>    Input: Assembly Reference file: 'C:\Users\hansnguyen\.nuget\packages\microsoft.netcore.app.ref\3.0.0\ref\netcoreapp3.0\System.Threading.Overlapped.dll'.
1>    Input: Assembly Reference file: 'C:\Users\hansnguyen\.nuget\packages\microsoft.netcore.app.ref\3.0.0\ref\netcoreapp3.0\System.Threading.Tasks.Dataflow.dll'.
1>    Input: Assembly Reference file: 'C:\Users\hansnguyen\.nuget\packages\microsoft.netcore.app.ref\3.0.0\ref\netcoreapp3.0\System.Threading.Tasks.dll'.
1>    Input: Assembly Reference file: 'C:\Users\hansnguyen\.nuget\packages\microsoft.netcore.app.ref\3.0.0\ref\netcoreapp3.0\System.Threading.Tasks.Extensions.dll'.
1>    Input: Assembly Reference file: 'C:\Users\hansnguyen\.nuget\packages\microsoft.netcore.app.ref\3.0.0\ref\netcoreapp3.0\System.Threading.Tasks.Parallel.dll'.
1>    Input: Assembly Reference file: 'C:\Users\hansnguyen\.nuget\packages\microsoft.netcore.app.ref\3.0.0\ref\netcoreapp3.0\System.Threading.Thread.dll'.
1>    Input: Assembly Reference file: 'C:\Users\hansnguyen\.nuget\packages\microsoft.netcore.app.ref\3.0.0\ref\netcoreapp3.0\System.Threading.ThreadPool.dll'.
1>    Input: Assembly Reference file: 'C:\Users\hansnguyen\.nuget\packages\microsoft.netcore.app.ref\3.0.0\ref\netcoreapp3.0\System.Threading.Timer.dll'.
1>    Input: Assembly Reference file: 'C:\Users\hansnguyen\.nuget\packages\microsoft.netcore.app.ref\3.0.0\ref\netcoreapp3.0\System.Transactions.dll'.
1>    Input: Assembly Reference file: 'C:\Users\hansnguyen\.nuget\packages\microsoft.netcore.app.ref\3.0.0\ref\netcoreapp3.0\System.Transactions.Local.dll'.
1>    Input: Assembly Reference file: 'C:\Users\hansnguyen\.nuget\packages\microsoft.netcore.app.ref\3.0.0\ref\netcoreapp3.0\System.ValueTuple.dll'.
1>    Input: Assembly Reference file: 'C:\Users\hansnguyen\.nuget\packages\microsoft.netcore.app.ref\3.0.0\ref\netcoreapp3.0\System.Web.dll'.
1>    Input: Assembly Reference file: 'C:\Users\hansnguyen\.nuget\packages\microsoft.netcore.app.ref\3.0.0\ref\netcoreapp3.0\System.Web.HttpUtility.dll'.
1>    Input: Assembly Reference file: 'C:\Users\hansnguyen\.nuget\packages\microsoft.windowsdesktop.app.ref\3.0.0\ref\netcoreapp3.0\System.Windows.Controls.Ribbon.dll'.
1>    Input: Assembly Reference file: 'C:\Users\hansnguyen\.nuget\packages\microsoft.netcore.app.ref\3.0.0\ref\netcoreapp3.0\System.Windows.dll'.
1>    Input: Assembly Reference file: 'C:\Users\hansnguyen\.nuget\packages\microsoft.windowsdesktop.app.ref\3.0.0\ref\netcoreapp3.0\System.Windows.Extensions.dll'.
1>    Input: Assembly Reference file: 'C:\Users\hansnguyen\.nuget\packages\microsoft.windowsdesktop.app.ref\3.0.0\ref\netcoreapp3.0\System.Windows.Input.Manipulations.dll'.
1>    Input: Assembly Reference file: 'C:\Users\hansnguyen\.nuget\packages\microsoft.windowsdesktop.app.ref\3.0.0\ref\netcoreapp3.0\System.Windows.Presentation.dll'.
1>    Input: Assembly Reference file: 'C:\Users\hansnguyen\.nuget\packages\microsoft.windowsdesktop.app.ref\3.0.0\ref\netcoreapp3.0\System.Xaml.dll'.
1>    Input: Assembly Reference file: 'C:\Users\hansnguyen\.nuget\packages\microsoft.netcore.app.ref\3.0.0\ref\netcoreapp3.0\System.Xml.dll'.
1>    Input: Assembly Reference file: 'C:\Users\hansnguyen\.nuget\packages\microsoft.netcore.app.ref\3.0.0\ref\netcoreapp3.0\System.Xml.Linq.dll'.
1>    Input: Assembly Reference file: 'C:\Users\hansnguyen\.nuget\packages\microsoft.netcore.app.ref\3.0.0\ref\netcoreapp3.0\System.Xml.ReaderWriter.dll'.
1>    Input: Assembly Reference file: 'C:\Users\hansnguyen\.nuget\packages\microsoft.netcore.app.ref\3.0.0\ref\netcoreapp3.0\System.Xml.Serialization.dll'.
1>    Input: Assembly Reference file: 'C:\Users\hansnguyen\.nuget\packages\microsoft.netcore.app.ref\3.0.0\ref\netcoreapp3.0\System.Xml.XDocument.dll'.
1>    Input: Assembly Reference file: 'C:\Users\hansnguyen\.nuget\packages\microsoft.netcore.app.ref\3.0.0\ref\netcoreapp3.0\System.Xml.XmlDocument.dll'.
1>    Input: Assembly Reference file: 'C:\Users\hansnguyen\.nuget\packages\microsoft.netcore.app.ref\3.0.0\ref\netcoreapp3.0\System.Xml.XmlSerializer.dll'.
1>    Input: Assembly Reference file: 'C:\Users\hansnguyen\.nuget\packages\microsoft.netcore.app.ref\3.0.0\ref\netcoreapp3.0\System.Xml.XPath.dll'.
1>    Input: Assembly Reference file: 'C:\Users\hansnguyen\.nuget\packages\microsoft.netcore.app.ref\3.0.0\ref\netcoreapp3.0\System.Xml.XPath.XDocument.dll'.
1>    Input: Assembly Reference file: 'C:\Users\hansnguyen\.nuget\packages\microsoft.windowsdesktop.app.ref\3.0.0\ref\netcoreapp3.0\UIAutomationClient.dll'.
1>    Input: Assembly Reference file: 'C:\Users\hansnguyen\.nuget\packages\microsoft.windowsdesktop.app.ref\3.0.0\ref\netcoreapp3.0\UIAutomationClientSideProviders.dll'.
1>    Input: Assembly Reference file: 'C:\Users\hansnguyen\.nuget\packages\microsoft.windowsdesktop.app.ref\3.0.0\ref\netcoreapp3.0\UIAutomationProvider.dll'.
1>    Input: Assembly Reference file: 'C:\Users\hansnguyen\.nuget\packages\microsoft.windowsdesktop.app.ref\3.0.0\ref\netcoreapp3.0\UIAutomationTypes.dll'.
1>    Input: Assembly Reference file: 'C:\Users\hansnguyen\.nuget\packages\microsoft.windowsdesktop.app.ref\3.0.0\ref\netcoreapp3.0\WindowsBase.dll'.
1>    Input file 'C:\Users\hansnguyen\source\repos\GridWithMenuApp1_VS2022\App.xaml' is resolved to new relative path 'App.xaml' at directory 'C:\Users\hansnguyen\source\repos\GridWithMenuApp1_VS2022\'.
1>    Input file 'C:\Users\hansnguyen\source\repos\GridWithMenuApp1_VS2022\MainWindow.xaml' is resolved to new relative path 'MainWindow.xaml' at directory 'C:\Users\hansnguyen\source\repos\GridWithMenuApp1_VS2022\'.
1>    Generated code file: 'C:\Users\hansnguyen\source\repos\GridWithMenuApp1_VS2022\obj\Debug\netcoreapp3.0\MainWindow.g.cs'.
1>    Generated code file: 'C:\Users\hansnguyen\source\repos\GridWithMenuApp1_VS2022\obj\Debug\netcoreapp3.0\App.g.cs'.
1>    Markup compilation is done.
1>    MarkupCompilePass1 successfully generated BAML or source code files.
1>    Output Property: _RequireMCPass2ForMainAssembly=True
1>    Output Property: _RequireMCPass2ForSatelliteAssemblyOnly=False
1>    Output Item(s): 
1>        Compile=
1>            C:\Users\hansnguyen\source\repos\GridWithMenuApp1_VS2022\obj\Debug\netcoreapp3.0\MainWindow.g.cs
1>            C:\Users\hansnguyen\source\repos\GridWithMenuApp1_VS2022\obj\Debug\netcoreapp3.0\App.g.cs
1>            C:\Users\hansnguyen\source\repos\GridWithMenuApp1_VS2022\obj\Debug\netcoreapp3.0\GeneratedInternalTypeHelper.g.cs
1>    Output Item(s): 
1>        FileWrites=
1>            C:\Users\hansnguyen\source\repos\GridWithMenuApp1_VS2022\obj\Debug\netcoreapp3.0\MainWindow.g.cs
1>            C:\Users\hansnguyen\source\repos\GridWithMenuApp1_VS2022\obj\Debug\netcoreapp3.0\App.g.cs
1>            C:\Users\hansnguyen\source\repos\GridWithMenuApp1_VS2022\obj\Debug\netcoreapp3.0\GeneratedInternalTypeHelper.g.cs
1>            C:\Users\hansnguyen\source\repos\GridWithMenuApp1_VS2022\obj\Debug\netcoreapp3.0\GridWithMenuApp1_VS2022_MarkupCompile.cache
1>            C:\Users\hansnguyen\source\repos\GridWithMenuApp1_VS2022\obj\Debug\netcoreapp3.0\GridWithMenuApp1_VS2022_MarkupCompile.lref
1>    Output Item(s): 
1>        _GeneratedCodeFiles=
1>            C:\Users\hansnguyen\source\repos\GridWithMenuApp1_VS2022\obj\Debug\netcoreapp3.0\MainWindow.g.cs
1>            C:\Users\hansnguyen\source\repos\GridWithMenuApp1_VS2022\obj\Debug\netcoreapp3.0\App.g.cs
1>            C:\Users\hansnguyen\source\repos\GridWithMenuApp1_VS2022\obj\Debug\netcoreapp3.0\GeneratedInternalTypeHelper.g.cs
1>  Done executing task "MarkupCompilePass1".
1>  Task "Message" skipped, due to false condition; ('$(MSBuildTargetsVerbose)'=='true') was evaluated as (''=='true').
1>  Task "Message" skipped, due to false condition; ('$(MSBuildTargetsVerbose)'=='true') was evaluated as (''=='true').
1>  Task "Message" skipped, due to false condition; ('$(MSBuildTargetsVerbose)'=='true') was evaluated as (''=='true').
1>  Task "Message" skipped, due to false condition; ('$(MSBuildTargetsVerbose)'=='true') was evaluated as (''=='true').
1>  Task "Message" skipped, due to false condition; ('$(MSBuildTargetsVerbose)'=='true') was evaluated as (''=='true').
1>  Task "Message" skipped, due to false condition; ('$(MSBuildTargetsVerbose)'=='true') was evaluated as (''=='true').
1>Done building target "MarkupCompilePass1" in project "GridWithMenuApp1_VS2022.csproj".
1>Target "AfterMarkupCompilePass1" in file "C:\Program Files\dotnet\sdk\6.0.100-preview.7.21379.14\Sdks\Microsoft.NET.Sdk.WindowsDesktop\targets\Microsoft.WinFX.targets":
1>Done building target "AfterMarkupCompilePass1" in project "GridWithMenuApp1_VS2022.csproj".
1>Target "GenerateTemporaryTargetAssembly" in file "C:\Program Files\dotnet\sdk\6.0.100-preview.7.21379.14\Sdks\Microsoft.NET.Sdk.WindowsDesktop\targets\Microsoft.WinFX.targets":
1>  Task "Message" skipped, due to false condition; ('$(MSBuildTargetsVerbose)' == 'true') was evaluated as ('' == 'true').
1>  Set Property: _ParentProjectName=GridWithMenuApp1_VS2022
1>  Set Property: _ParentProjectExtension=.csproj
1>  Set Property: _TemporaryTargetAssemblyProjectNameNoExtension=GridWithMenuApp1_VS2022_nesf0oga_wpftmp
1>  Set Property: _TemporaryTargetAssemblyProjectName=GridWithMenuApp1_VS2022_nesf0oga_wpftmp.csproj
1>  Added Item(s): _SourceGeneratedNuGetPropsAndTargets=C:\Users\hansnguyen\source\repos\GridWithMenuApp1_VS2022\obj\GridWithMenuApp1_VS2022.csproj.nuget.g.props
1>  Added Item(s): _SourceGeneratedNuGetPropsAndTargets=C:\Users\hansnguyen\source\repos\GridWithMenuApp1_VS2022\obj\GridWithMenuApp1_VS2022.csproj.nuget.g.targets
1>  Added Item(s): _SourceGeneratedNuGetPropsAndTargets=C:\Users\hansnguyen\source\repos\GridWithMenuApp1_VS2022\obj\GridWithMenuApp1_VS2022.csproj.nuget.dgspec.json
1>  Added Item(s): _DestGeneratedNuGetPropsAndTargets=obj\GridWithMenuApp1_VS2022_nesf0oga_wpftmp.csproj.nuget.g.props
1>  Added Item(s): _DestGeneratedNuGetPropsAndTargets=obj\GridWithMenuApp1_VS2022_nesf0oga_wpftmp.csproj.nuget.g.targets
1>  Added Item(s): _DestGeneratedNuGetPropsAndTargets=obj\GridWithMenuApp1_VS2022_nesf0oga_wpftmp.csproj.nuget.dgspec.json
1>  Using "Copy" task from assembly "Microsoft.Build.Tasks.Core, Version=15.1.0.0, Culture=neutral, PublicKeyToken=b03f5f7f11d50a3a".
1>  Task "Copy"
1>    Task Parameter:
1>        DestinationFiles=
1>            obj\GridWithMenuApp1_VS2022_nesf0oga_wpftmp.csproj.nuget.g.props
1>            obj\GridWithMenuApp1_VS2022_nesf0oga_wpftmp.csproj.nuget.g.targets
1>            obj\GridWithMenuApp1_VS2022_nesf0oga_wpftmp.csproj.nuget.dgspec.json
1>    Task Parameter:
1>        SourceFiles=
1>            C:\Users\hansnguyen\source\repos\GridWithMenuApp1_VS2022\obj\GridWithMenuApp1_VS2022.csproj.nuget.g.props
1>            C:\Users\hansnguyen\source\repos\GridWithMenuApp1_VS2022\obj\GridWithMenuApp1_VS2022.csproj.nuget.g.targets
1>            C:\Users\hansnguyen\source\repos\GridWithMenuApp1_VS2022\obj\GridWithMenuApp1_VS2022.csproj.nuget.dgspec.json
1>    Copying file from "C:\Users\hansnguyen\source\repos\GridWithMenuApp1_VS2022\obj\GridWithMenuApp1_VS2022.csproj.nuget.g.props" to "C:\Users\hansnguyen\source\repos\GridWithMenuApp1_VS2022\obj\GridWithMenuApp1_VS2022_nesf0oga_wpftmp.csproj.nuget.g.props".
1>    Copying file from "C:\Users\hansnguyen\source\repos\GridWithMenuApp1_VS2022\obj\GridWithMenuApp1_VS2022.csproj.nuget.g.targets" to "C:\Users\hansnguyen\source\repos\GridWithMenuApp1_VS2022\obj\GridWithMenuApp1_VS2022_nesf0oga_wpftmp.csproj.nuget.g.targets".
1>    Copying file from "C:\Users\hansnguyen\source\repos\GridWithMenuApp1_VS2022\obj\GridWithMenuApp1_VS2022.csproj.nuget.dgspec.json" to "C:\Users\hansnguyen\source\repos\GridWithMenuApp1_VS2022\obj\GridWithMenuApp1_VS2022_nesf0oga_wpftmp.csproj.nuget.dgspec.json".
1>  Done executing task "Copy".
1>  Set Property: _IntermediateOutputPathNoTargetFrameworkOrRID=obj\Debug\netcoreapp3.0\
1>  Set Property: _IntermediateOutputPathNoTargetFrameworkOrRID=obj\Debug\
1>  Using "GenerateTemporaryTargetAssembly" task from assembly "C:\Program Files\dotnet\sdk\6.0.100-preview.7.21379.14\Sdks\Microsoft.NET.Sdk.WindowsDesktop\tools\net472\PresentationBuildTasks.dll".
1>  Task "GenerateTemporaryTargetAssembly"
1>    Task Parameter:IntermediateOutputPath=obj\Debug\
1>    Task Parameter:BaseIntermediateOutputPath=obj\
1>    Task Parameter:CurrentProject=C:\Users\hansnguyen\source\repos\GridWithMenuApp1_VS2022\GridWithMenuApp1_VS2022.csproj
1>    Task Parameter:ReferencePathTypeName=ReferencePath
1>    Task Parameter:
1>        ReferencePath=
1>            C:\Users\hansnguyen\.nuget\packages\microsoft.windowsdesktop.app.ref\3.0.0\ref\netcoreapp3.0\Accessibility.dll
1>                    AssemblyVersion=4.0.0.0
1>                    CopyLocal=false
1>                    ExternallyResolved=true
1>                    FileVersion=4.800.19.46210
1>                    FrameworkReferenceName=Microsoft.WindowsDesktop.App.WPF
1>                    FrameworkReferenceVersion=3.0.0
1>                    FusionName=Accessibility, Version=4.0.0.0, Culture=neutral, PublicKeyToken=31bf3856ad364e35
1>                    ImageRuntime=v4.0.30319
1>                    NuGetPackageId=Microsoft.WindowsDesktop.App.Ref
1>                    NuGetPackageVersion=3.0.0
1>                    OriginalItemSpec=C:\Users\hansnguyen\.nuget\packages\microsoft.windowsdesktop.app.ref\3.0.0\ref\netcoreapp3.0\Accessibility.dll
1>                    Private=false
1>                    PublicKeyToken=31bf3856ad364e35
1>                    ReferenceSourceTarget=ResolveAssemblyReference
1>                    ResolvedFrom={RawFileName}
1>                    Version=
1>            C:\Users\hansnguyen\.nuget\packages\c1.xaml.wpf\4.5.20213.749\lib\netcoreapp3.0\C1.WPF.4.5.2.dll
1>                    CopyLocal=false
1>                    ExternallyResolved=true
1>                    FusionName=C1.WPF.4.5.2, Version=4.5.20213.749, Culture=neutral, PublicKeyToken=2aa4ec5576d6c3ce
1>                    HintPath=C:\Users\hansnguyen\.nuget\packages\c1.xaml.wpf\4.5.20213.749\lib\netcoreapp3.0\C1.WPF.4.5.2.dll
1>                    ImageRuntime=v4.0.30319
1>                    NuGetPackageId=C1.Xaml.WPF
1>                    NuGetPackageVersion=4.5.20213.749
1>                    NuGetSourceType=Package
1>                    OriginalItemSpec=C:\Users\hansnguyen\.nuget\packages\c1.xaml.wpf\4.5.20213.749\lib\netcoreapp3.0\C1.WPF.4.5.2.dll
1>                    PathInPackage=lib/netcoreapp3.0/C1.WPF.4.5.2.dll
1>                    Private=false
1>                    ReferenceSourceTarget=ResolveAssemblyReference
1>                    ResolvedFrom={HintPathFromItem}
1>                    Version=
1>            C:\Users\hansnguyen\.nuget\packages\c1.xaml.wpf.datetimeeditors\4.5.20213.749\lib\netcoreapp3.0\C1.WPF.DateTimeEditors.4.5.2.dll
1>                    CopyLocal=false
1>                    ExternallyResolved=true
1>                    FusionName=C1.WPF.DateTimeEditors.4.5.2, Version=4.5.20213.749, Culture=neutral, PublicKeyToken=2aa4ec5576d6c3ce
1>                    HintPath=C:\Users\hansnguyen\.nuget\packages\c1.xaml.wpf.datetimeeditors\4.5.20213.749\lib\netcoreapp3.0\C1.WPF.DateTimeEditors.4.5.2.dll
1>                    ImageRuntime=v4.0.30319
1>                    NuGetPackageId=C1.Xaml.WPF.DateTimeEditors
1>                    NuGetPackageVersion=4.5.20213.749
1>                    NuGetSourceType=Package
1>                    OriginalItemSpec=C:\Users\hansnguyen\.nuget\packages\c1.xaml.wpf.datetimeeditors\4.5.20213.749\lib\netcoreapp3.0\C1.WPF.DateTimeEditors.4.5.2.dll
1>                    PathInPackage=lib/netcoreapp3.0/C1.WPF.DateTimeEditors.4.5.2.dll
1>                    Private=false
1>                    ReferenceSourceTarget=ResolveAssemblyReference
1>                    ResolvedFrom={HintPathFromItem}
1>                    Version=
1>            C:\Users\hansnguyen\.nuget\packages\c1.xaml.wpf.flexgrid\4.5.20213.749\lib\netcoreapp3.0\C1.WPF.FlexGrid.4.5.2.dll
1>                    CopyLocal=false
1>                    ExternallyResolved=true
1>                    FusionName=C1.WPF.FlexGrid.4.5.2, Version=4.5.20213.749, Culture=neutral, PublicKeyToken=2aa4ec5576d6c3ce
1>                    HintPath=C:\Users\hansnguyen\.nuget\packages\c1.xaml.wpf.flexgrid\4.5.20213.749\lib\netcoreapp3.0\C1.WPF.FlexGrid.4.5.2.dll
1>                    ImageRuntime=v4.0.30319
1>                    NuGetPackageId=C1.Xaml.WPF.FlexGrid
1>                    NuGetPackageVersion=4.5.20213.749
1>                    NuGetSourceType=Package
1>                    OriginalItemSpec=C:\Users\hansnguyen\.nuget\packages\c1.xaml.wpf.flexgrid\4.5.20213.749\lib\netcoreapp3.0\C1.WPF.FlexGrid.4.5.2.dll
1>                    PathInPackage=lib/netcoreapp3.0/C1.WPF.FlexGrid.4.5.2.dll
1>                    Private=false
1>                    ReferenceSourceTarget=ResolveAssemblyReference
1>                    ResolvedFrom={HintPathFromItem}
1>                    Version=
1>            C:\Users\hansnguyen\.nuget\packages\c1.xaml.wpf.flexgrid.grouppanel\4.5.20213.749\lib\netcoreapp3.0\C1.WPF.FlexGrid.GroupPanel.4.5.2.dll
1>                    CopyLocal=false
1>                    ExternallyResolved=true
1>                    FusionName=C1.WPF.FlexGrid.GroupPanel.4.5.2, Version=4.5.20213.749, Culture=neutral, PublicKeyToken=2aa4ec5576d6c3ce
1>                    HintPath=C:\Users\hansnguyen\.nuget\packages\c1.xaml.wpf.flexgrid.grouppanel\4.5.20213.749\lib\netcoreapp3.0\C1.WPF.FlexGrid.GroupPanel.4.5.2.dll
1>                    ImageRuntime=v4.0.30319
1>                    NuGetPackageId=C1.Xaml.WPF.FlexGrid.GroupPanel
1>                    NuGetPackageVersion=4.5.20213.749
1>                    NuGetSourceType=Package
1>                    OriginalItemSpec=C:\Users\hansnguyen\.nuget\packages\c1.xaml.wpf.flexgrid.grouppanel\4.5.20213.749\lib\netcoreapp3.0\C1.WPF.FlexGrid.GroupPanel.4.5.2.dll
1>                    PathInPackage=lib/netcoreapp3.0/C1.WPF.FlexGrid.GroupPanel.4.5.2.dll
1>                    Private=false
1>                    ReferenceSourceTarget=ResolveAssemblyReference
1>                    ResolvedFrom={HintPathFromItem}
1>                    Version=
1>            C:\Users\hansnguyen\.nuget\packages\c1.xaml.wpf.flexgridfilter\4.5.20213.749\lib\netcoreapp3.0\C1.WPF.FlexGridFilter.4.5.2.dll
1>                    CopyLocal=false
1>                    ExternallyResolved=true
1>                    FusionName=C1.WPF.FlexGridFilter.4.5.2, Version=4.5.20213.749, Culture=neutral, PublicKeyToken=2aa4ec5576d6c3ce
1>                    HintPath=C:\Users\hansnguyen\.nuget\packages\c1.xaml.wpf.flexgridfilter\4.5.20213.749\lib\netcoreapp3.0\C1.WPF.FlexGridFilter.4.5.2.dll
1>                    ImageRuntime=v4.0.30319
1>                    NuGetPackageId=C1.Xaml.WPF.FlexGridFilter
1>                    NuGetPackageVersion=4.5.20213.749
1>                    NuGetSourceType=Package
1>                    OriginalItemSpec=C:\Users\hansnguyen\.nuget\packages\c1.xaml.wpf.flexgridfilter\4.5.20213.749\lib\netcoreapp3.0\C1.WPF.FlexGridFilter.4.5.2.dll
1>                    PathInPackage=lib/netcoreapp3.0/C1.WPF.FlexGridFilter.4.5.2.dll
1>                    Private=false
1>                    ReferenceSourceTarget=ResolveAssemblyReference
1>                    ResolvedFrom={HintPathFromItem}
1>                    Version=
1>            C:\Users\hansnguyen\.nuget\packages\c1.xaml.wpf.toolbar\4.5.20213.749\lib\netcoreapp3.0\C1.WPF.Toolbar.4.5.2.dll
1>                    CopyLocal=false
1>                    ExternallyResolved=true
1>                    FusionName=C1.WPF.Toolbar.4.5.2, Version=4.5.20213.749, Culture=neutral, PublicKeyToken=2aa4ec5576d6c3ce
1>                    HintPath=C:\Users\hansnguyen\.nuget\packages\c1.xaml.wpf.toolbar\4.5.20213.749\lib\netcoreapp3.0\C1.WPF.Toolbar.4.5.2.dll
1>                    ImageRuntime=v4.0.30319
1>                    NuGetPackageId=C1.Xaml.WPF.Toolbar
1>                    NuGetPackageVersion=4.5.20213.749
1>                    NuGetSourceType=Package
1>                    OriginalItemSpec=C:\Users\hansnguyen\.nuget\packages\c1.xaml.wpf.toolbar\4.5.20213.749\lib\netcoreapp3.0\C1.WPF.Toolbar.4.5.2.dll
1>                    PathInPackage=lib/netcoreapp3.0/C1.WPF.Toolbar.4.5.2.dll
1>                    Private=false
1>                    ReferenceSourceTarget=ResolveAssemblyReference
1>                    ResolvedFrom={HintPathFromItem}
1>                    Version=
1>            C:\Users\hansnguyen\.nuget\packages\microsoft.netcore.app.ref\3.0.0\ref\netcoreapp3.0\Microsoft.CSharp.dll
1>                    AssemblyVersion=4.0.0.0
1>                    CopyLocal=false
1>                    ExternallyResolved=true
1>                    FileVersion=4.700.19.46214
1>                    FrameworkReferenceName=Microsoft.NETCore.App
1>                    FrameworkReferenceVersion=3.0.0
1>                    FusionName=Microsoft.CSharp, Version=4.0.0.0, Culture=neutral, PublicKeyToken=b03f5f7f11d50a3a
1>                    ImageRuntime=v4.0.30319
1>                    NuGetPackageId=Microsoft.NETCore.App.Ref
1>                    NuGetPackageVersion=3.0.0
1>                    OriginalItemSpec=C:\Users\hansnguyen\.nuget\packages\microsoft.netcore.app.ref\3.0.0\ref\netcoreapp3.0\Microsoft.CSharp.dll
1>                    Private=false
1>                    PublicKeyToken=b03f5f7f11d50a3a
1>                    ReferenceSourceTarget=ResolveAssemblyReference
1>                    ResolvedFrom={RawFileName}
1>                    Version=
1>            C:\Users\hansnguyen\.nuget\packages\microsoft.netcore.app.ref\3.0.0\ref\netcoreapp3.0\Microsoft.VisualBasic.Core.dll
1>                    AssemblyVersion=10.0.4.0
1>                    CopyLocal=false
1>                    ExternallyResolved=true
1>                    FileVersion=4.700.19.46214
1>                    FrameworkReferenceName=Microsoft.NETCore.App
1>                    FrameworkReferenceVersion=3.0.0
1>                    FusionName=Microsoft.VisualBasic.Core, Version=10.0.4.0, Culture=neutral, PublicKeyToken=b03f5f7f11d50a3a
1>                    ImageRuntime=v4.0.30319
1>                    NuGetPackageId=Microsoft.NETCore.App.Ref
1>                    NuGetPackageVersion=3.0.0
1>                    OriginalItemSpec=C:\Users\hansnguyen\.nuget\packages\microsoft.netcore.app.ref\3.0.0\ref\netcoreapp3.0\Microsoft.VisualBasic.Core.dll
1>                    Private=false
1>                    PublicKeyToken=b03f5f7f11d50a3a
1>                    ReferenceSourceTarget=ResolveAssemblyReference
1>                    ResolvedFrom={RawFileName}
1>                    Version=
1>            C:\Users\hansnguyen\.nuget\packages\microsoft.netcore.app.ref\3.0.0\ref\netcoreapp3.0\Microsoft.VisualBasic.dll
1>                    AssemblyVersion=10.0.0.0
1>                    CopyLocal=false
1>                    ExternallyResolved=true
1>                    FileVersion=4.700.19.46214
1>                    FrameworkReferenceName=Microsoft.NETCore.App
1>                    FrameworkReferenceVersion=3.0.0
1>                    FusionName=Microsoft.VisualBasic, Version=10.0.0.0, Culture=neutral, PublicKeyToken=b03f5f7f11d50a3a
1>                    ImageRuntime=v4.0.30319
1>                    NuGetPackageId=Microsoft.NETCore.App.Ref
1>                    NuGetPackageVersion=3.0.0
1>                    OriginalItemSpec=C:\Users\hansnguyen\.nuget\packages\microsoft.netcore.app.ref\3.0.0\ref\netcoreapp3.0\Microsoft.VisualBasic.dll
1>                    Private=false
1>                    PublicKeyToken=b03f5f7f11d50a3a
1>                    ReferenceSourceTarget=ResolveAssemblyReference
1>                    ResolvedFrom={RawFileName}
1>                    Version=
1>            C:\Users\hansnguyen\.nuget\packages\microsoft.netcore.app.ref\3.0.0\ref\netcoreapp3.0\Microsoft.Win32.Primitives.dll
1>                    AssemblyVersion=4.1.1.0
1>                    CopyLocal=false
1>                    ExternallyResolved=true
1>                    FileVersion=4.700.19.46214
1>                    FrameworkReferenceName=Microsoft.NETCore.App
1>                    FrameworkReferenceVersion=3.0.0
1>                    FusionName=Microsoft.Win32.Primitives, Version=4.1.1.0, Culture=neutral, PublicKeyToken=b03f5f7f11d50a3a
1>                    ImageRuntime=v4.0.30319
1>                    NuGetPackageId=Microsoft.NETCore.App.Ref
1>                    NuGetPackageVersion=3.0.0
1>                    OriginalItemSpec=C:\Users\hansnguyen\.nuget\packages\microsoft.netcore.app.ref\3.0.0\ref\netcoreapp3.0\Microsoft.Win32.Primitives.dll
1>                    Private=false
1>                    PublicKeyToken=b03f5f7f11d50a3a
1>                    ReferenceSourceTarget=ResolveAssemblyReference
1>                    ResolvedFrom={RawFileName}
1>                    Version=
1>            C:\Users\hansnguyen\.nuget\packages\microsoft.windowsdesktop.app.ref\3.0.0\ref\netcoreapp3.0\Microsoft.Win32.Registry.AccessControl.dll
1>                    AssemblyVersion=4.0.4.0
1>                    CopyLocal=false
1>                    ExternallyResolved=true
1>                    FileVersion=4.700.19.46214
1>                    FrameworkReferenceName=Microsoft.WindowsDesktop.App.WPF
1>                    FrameworkReferenceVersion=3.0.0
1>                    FusionName=Microsoft.Win32.Registry.AccessControl, Version=4.0.4.0, Culture=neutral, PublicKeyToken=b03f5f7f11d50a3a
1>                    ImageRuntime=v4.0.30319
1>                    NuGetPackageId=Microsoft.WindowsDesktop.App.Ref
1>                    NuGetPackageVersion=3.0.0
1>                    OriginalItemSpec=C:\Users\hansnguyen\.nuget\packages\microsoft.windowsdesktop.app.ref\3.0.0\ref\netcoreapp3.0\Microsoft.Win32.Registry.AccessControl.dll
1>                    Private=false
1>                    PublicKeyToken=b03f5f7f11d50a3a
1>                    ReferenceSourceTarget=ResolveAssemblyReference
1>                    ResolvedFrom={RawFileName}
1>                    Version=
1>            C:\Users\hansnguyen\.nuget\packages\microsoft.windowsdesktop.app.ref\3.0.0\ref\netcoreapp3.0\Microsoft.Win32.Registry.dll
1>                    AssemblyVersion=4.1.2.0
1>                    CopyLocal=false
1>                    ExternallyResolved=true
1>                    FileVersion=4.700.19.46214
1>                    FrameworkReferenceName=Microsoft.WindowsDesktop.App.WPF
1>                    FrameworkReferenceVersion=3.0.0
1>                    FusionName=Microsoft.Win32.Registry, Version=4.1.2.0, Culture=neutral, PublicKeyToken=b03f5f7f11d50a3a
1>                    ImageRuntime=v4.0.30319
1>                    NuGetPackageId=Microsoft.WindowsDesktop.App.Ref
1>                    NuGetPackageVersion=3.0.0
1>                    OriginalItemSpec=C:\Users\hansnguyen\.nuget\packages\microsoft.windowsdesktop.app.ref\3.0.0\ref\netcoreapp3.0\Microsoft.Win32.Registry.dll
1>                    Private=false
1>                    PublicKeyToken=b03f5f7f11d50a3a
1>                    ReferenceSourceTarget=ResolveAssemblyReference
1>                    ResolvedFrom={RawFileName}
1>                    Version=
1>            C:\Users\hansnguyen\.nuget\packages\microsoft.windowsdesktop.app.ref\3.0.0\ref\netcoreapp3.0\Microsoft.Win32.SystemEvents.dll
1>                    AssemblyVersion=4.0.1.0
1>                    CopyLocal=false
1>                    ExternallyResolved=true
1>                    FileVersion=4.700.19.46214
1>                    FrameworkReferenceName=Microsoft.WindowsDesktop.App.WPF
1>                    FrameworkReferenceVersion=3.0.0
1>                    FusionName=Microsoft.Win32.SystemEvents, Version=4.0.1.0, Culture=neutral, PublicKeyToken=cc7b13ffcd2ddd51
1>                    ImageRuntime=v4.0.30319
1>                    NuGetPackageId=Microsoft.WindowsDesktop.App.Ref
1>                    NuGetPackageVersion=3.0.0
1>                    OriginalItemSpec=C:\Users\hansnguyen\.nuget\packages\microsoft.windowsdesktop.app.ref\3.0.0\ref\netcoreapp3.0\Microsoft.Win32.SystemEvents.dll
1>                    Private=false
1>                    PublicKeyToken=cc7b13ffcd2ddd51
1>                    ReferenceSourceTarget=ResolveAssemblyReference
1>                    ResolvedFrom={RawFileName}
1>                    Version=
1>            C:\Users\hansnguyen\.nuget\packages\microsoft.netcore.app.ref\3.0.0\ref\netcoreapp3.0\mscorlib.dll
1>                    AssemblyVersion=4.0.0.0
1>                    CopyLocal=false
1>                    ExternallyResolved=true
1>                    FileVersion=4.700.19.46214
1>                    FrameworkReferenceName=Microsoft.NETCore.App
1>                    FrameworkReferenceVersion=3.0.0
1>                    FusionName=mscorlib, Version=4.0.0.0, Culture=neutral, PublicKeyToken=b77a5c561934e089
1>                    ImageRuntime=v4.0.30319
1>                    NuGetPackageId=Microsoft.NETCore.App.Ref
1>                    NuGetPackageVersion=3.0.0
1>                    OriginalItemSpec=C:\Users\hansnguyen\.nuget\packages\microsoft.netcore.app.ref\3.0.0\ref\netcoreapp3.0\mscorlib.dll
1>                    Private=false
1>                    PublicKeyToken=b77a5c561934e089
1>                    ReferenceSourceTarget=ResolveAssemblyReference
1>                    ResolvedFrom={RawFileName}
1>                    Version=
1>            C:\Users\hansnguyen\.nuget\packages\microsoft.netcore.app.ref\3.0.0\ref\netcoreapp3.0\netstandard.dll
1>                    AssemblyVersion=2.1.0.0
1>                    CopyLocal=false
1>                    ExternallyResolved=true
1>                    FileVersion=4.700.19.46214
1>                    FrameworkReferenceName=Microsoft.NETCore.App
1>                    FrameworkReferenceVersion=3.0.0
1>                    FusionName=netstandard, Version=2.1.0.0, Culture=neutral, PublicKeyToken=cc7b13ffcd2ddd51
1>                    ImageRuntime=v4.0.30319
1>                    NuGetPackageId=Microsoft.NETCore.App.Ref
1>                    NuGetPackageVersion=3.0.0
1>                    OriginalItemSpec=C:\Users\hansnguyen\.nuget\packages\microsoft.netcore.app.ref\3.0.0\ref\netcoreapp3.0\netstandard.dll
1>                    Private=false
1>                    PublicKeyToken=cc7b13ffcd2ddd51
1>                    ReferenceSourceTarget=ResolveAssemblyReference
1>                    ResolvedFrom={RawFileName}
1>                    Version=
1>            C:\Users\hansnguyen\.nuget\packages\microsoft.windowsdesktop.app.ref\3.0.0\ref\netcoreapp3.0\PresentationCore.dll
1>                    AssemblyVersion=4.0.0.0
1>                    CopyLocal=false
1>                    ExternallyResolved=true
1>                    FileVersion=4.800.19.46214
1>                    FrameworkReferenceName=Microsoft.WindowsDesktop.App.WPF
1>                    FrameworkReferenceVersion=3.0.0
1>                    FusionName=PresentationCore, Version=4.0.0.0, Culture=neutral, PublicKeyToken=31bf3856ad364e35
1>                    ImageRuntime=v4.0.30319
1>                    NuGetPackageId=Microsoft.WindowsDesktop.App.Ref
1>                    NuGetPackageVersion=3.0.0
1>                    OriginalItemSpec=C:\Users\hansnguyen\.nuget\packages\microsoft.windowsdesktop.app.ref\3.0.0\ref\netcoreapp3.0\PresentationCore.dll
1>                    Private=false
1>                    PublicKeyToken=31bf3856ad364e35
1>                    ReferenceSourceTarget=ResolveAssemblyReference
1>                    ResolvedFrom={RawFileName}
1>                    Version=
1>            C:\Users\hansnguyen\.nuget\packages\microsoft.windowsdesktop.app.ref\3.0.0\ref\netcoreapp3.0\PresentationFramework.Aero.dll
1>                    AssemblyVersion=4.0.0.0
1>                    CopyLocal=false
1>                    ExternallyResolved=true
1>                    FileVersion=4.800.19.46214
1>                    FrameworkReferenceName=Microsoft.WindowsDesktop.App.WPF
1>                    FrameworkReferenceVersion=3.0.0
1>                    FusionName=PresentationFramework.Aero, Version=4.0.0.0, Culture=neutral, PublicKeyToken=31bf3856ad364e35
1>                    ImageRuntime=v4.0.30319
1>                    NuGetPackageId=Microsoft.WindowsDesktop.App.Ref
1>                    NuGetPackageVersion=3.0.0
1>                    OriginalItemSpec=C:\Users\hansnguyen\.nuget\packages\microsoft.windowsdesktop.app.ref\3.0.0\ref\netcoreapp3.0\PresentationFramework.Aero.dll
1>                    Private=false
1>                    PublicKeyToken=31bf3856ad364e35
1>                    ReferenceSourceTarget=ResolveAssemblyReference
1>                    ResolvedFrom={RawFileName}
1>                    Version=
1>            C:\Users\hansnguyen\.nuget\packages\microsoft.windowsdesktop.app.ref\3.0.0\ref\netcoreapp3.0\PresentationFramework.Aero2.dll
1>                    AssemblyVersion=4.0.0.0
1>                    CopyLocal=false
1>                    ExternallyResolved=true
1>                    FileVersion=4.800.19.46214
1>                    FrameworkReferenceName=Microsoft.WindowsDesktop.App.WPF
1>                    FrameworkReferenceVersion=3.0.0
1>                    FusionName=PresentationFramework.Aero2, Version=4.0.0.0, Culture=neutral, PublicKeyToken=31bf3856ad364e35
1>                    ImageRuntime=v4.0.30319
1>                    NuGetPackageId=Microsoft.WindowsDesktop.App.Ref
1>                    NuGetPackageVersion=3.0.0
1>                    OriginalItemSpec=C:\Users\hansnguyen\.nuget\packages\microsoft.windowsdesktop.app.ref\3.0.0\ref\netcoreapp3.0\PresentationFramework.Aero2.dll
1>                    Private=false
1>                    PublicKeyToken=31bf3856ad364e35
1>                    ReferenceSourceTarget=ResolveAssemblyReference
1>                    ResolvedFrom={RawFileName}
1>                    Version=
1>            C:\Users\hansnguyen\.nuget\packages\microsoft.windowsdesktop.app.ref\3.0.0\ref\netcoreapp3.0\PresentationFramework.AeroLite.dll
1>                    AssemblyVersion=4.0.0.0
1>                    CopyLocal=false
1>                    ExternallyResolved=true
1>                    FileVersion=4.800.19.46214
1>                    FrameworkReferenceName=Microsoft.WindowsDesktop.App.WPF
1>                    FrameworkReferenceVersion=3.0.0
1>                    FusionName=PresentationFramework.AeroLite, Version=4.0.0.0, Culture=neutral, PublicKeyToken=31bf3856ad364e35
1>                    ImageRuntime=v4.0.30319
1>                    NuGetPackageId=Microsoft.WindowsDesktop.App.Ref
1>                    NuGetPackageVersion=3.0.0
1>                    OriginalItemSpec=C:\Users\hansnguyen\.nuget\packages\microsoft.windowsdesktop.app.ref\3.0.0\ref\netcoreapp3.0\PresentationFramework.AeroLite.dll
1>                    Private=false
1>                    PublicKeyToken=31bf3856ad364e35
1>                    ReferenceSourceTarget=ResolveAssemblyReference
1>                    ResolvedFrom={RawFileName}
1>                    Version=
1>            C:\Users\hansnguyen\.nuget\packages\microsoft.windowsdesktop.app.ref\3.0.0\ref\netcoreapp3.0\PresentationFramework.Classic.dll
1>                    AssemblyVersion=4.0.0.0
1>                    CopyLocal=false
1>                    ExternallyResolved=true
1>                    FileVersion=4.800.19.46214
1>                    FrameworkReferenceName=Microsoft.WindowsDesktop.App.WPF
1>                    FrameworkReferenceVersion=3.0.0
1>                    FusionName=PresentationFramework.Classic, Version=4.0.0.0, Culture=neutral, PublicKeyToken=31bf3856ad364e35
1>                    ImageRuntime=v4.0.30319
1>                    NuGetPackageId=Microsoft.WindowsDesktop.App.Ref
1>                    NuGetPackageVersion=3.0.0
1>                    OriginalItemSpec=C:\Users\hansnguyen\.nuget\packages\microsoft.windowsdesktop.app.ref\3.0.0\ref\netcoreapp3.0\PresentationFramework.Classic.dll
1>                    Private=false
1>                    PublicKeyToken=31bf3856ad364e35
1>                    ReferenceSourceTarget=ResolveAssemblyReference
1>                    ResolvedFrom={RawFileName}
1>                    Version=
1>            C:\Users\hansnguyen\.nuget\packages\microsoft.windowsdesktop.app.ref\3.0.0\ref\netcoreapp3.0\PresentationFramework.dll
1>                    AssemblyVersion=4.0.0.0
1>                    CopyLocal=false
1>                    ExternallyResolved=true
1>                    FileVersion=4.800.19.46214
1>                    FrameworkReferenceName=Microsoft.WindowsDesktop.App.WPF
1>                    FrameworkReferenceVersion=3.0.0
1>                    FusionName=PresentationFramework, Version=4.0.0.0, Culture=neutral, PublicKeyToken=31bf3856ad364e35
1>                    ImageRuntime=v4.0.30319
1>                    NuGetPackageId=Microsoft.WindowsDesktop.App.Ref
1>                    NuGetPackageVersion=3.0.0
1>                    OriginalItemSpec=C:\Users\hansnguyen\.nuget\packages\microsoft.windowsdesktop.app.ref\3.0.0\ref\netcoreapp3.0\PresentationFramework.dll
1>                    Private=false
1>                    PublicKeyToken=31bf3856ad364e35
1>                    ReferenceSourceTarget=ResolveAssemblyReference
1>                    ResolvedFrom={RawFileName}
1>                    Version=
1>            C:\Users\hansnguyen\.nuget\packages\microsoft.windowsdesktop.app.ref\3.0.0\ref\netcoreapp3.0\PresentationFramework.Luna.dll
1>                    AssemblyVersion=4.0.0.0
1>                    CopyLocal=false
1>                    ExternallyResolved=true
1>                    FileVersion=4.800.19.46214
1>                    FrameworkReferenceName=Microsoft.WindowsDesktop.App.WPF
1>                    FrameworkReferenceVersion=3.0.0
1>                    FusionName=PresentationFramework.Luna, Version=4.0.0.0, Culture=neutral, PublicKeyToken=31bf3856ad364e35
1>                    ImageRuntime=v4.0.30319
1>                    NuGetPackageId=Microsoft.WindowsDesktop.App.Ref
1>                    NuGetPackageVersion=3.0.0
1>                    OriginalItemSpec=C:\Users\hansnguyen\.nuget\packages\microsoft.windowsdesktop.app.ref\3.0.0\ref\netcoreapp3.0\PresentationFramework.Luna.dll
1>                    Private=false
1>                    PublicKeyToken=31bf3856ad364e35
1>                    ReferenceSourceTarget=ResolveAssemblyReference
1>                    ResolvedFrom={RawFileName}
1>                    Version=
1>            C:\Users\hansnguyen\.nuget\packages\microsoft.windowsdesktop.app.ref\3.0.0\ref\netcoreapp3.0\PresentationFramework.Royale.dll
1>                    AssemblyVersion=4.0.0.0
1>                    CopyLocal=false
1>                    ExternallyResolved=true
1>                    FileVersion=4.800.19.46214
1>                    FrameworkReferenceName=Microsoft.WindowsDesktop.App.WPF
1>                    FrameworkReferenceVersion=3.0.0
1>                    FusionName=PresentationFramework.Royale, Version=4.0.0.0, Culture=neutral, PublicKeyToken=31bf3856ad364e35
1>                    ImageRuntime=v4.0.30319
1>                    NuGetPackageId=Microsoft.WindowsDesktop.App.Ref
1>                    NuGetPackageVersion=3.0.0
1>                    OriginalItemSpec=C:\Users\hansnguyen\.nuget\packages\microsoft.windowsdesktop.app.ref\3.0.0\ref\netcoreapp3.0\PresentationFramework.Royale.dll
1>                    Private=false
1>                    PublicKeyToken=31bf3856ad364e35
1>                    ReferenceSourceTarget=ResolveAssemblyReference
1>                    ResolvedFrom={RawFileName}
1>                    Version=
1>            C:\Users\hansnguyen\.nuget\packages\microsoft.windowsdesktop.app.ref\3.0.0\ref\netcoreapp3.0\PresentationUI.dll
1>                    AssemblyVersion=4.0.0.0
1>                    CopyLocal=false
1>                    ExternallyResolved=true
1>                    FileVersion=4.800.19.46214
1>                    FrameworkReferenceName=Microsoft.WindowsDesktop.App.WPF
1>                    FrameworkReferenceVersion=3.0.0
1>                    FusionName=PresentationUI, Version=4.0.0.0, Culture=neutral, PublicKeyToken=b77a5c561934e089
1>                    ImageRuntime=v4.0.30319
1>                    NuGetPackageId=Microsoft.WindowsDesktop.App.Ref
1>                    NuGetPackageVersion=3.0.0
1>                    OriginalItemSpec=C:\Users\hansnguyen\.nuget\packages\microsoft.windowsdesktop.app.ref\3.0.0\ref\netcoreapp3.0\PresentationUI.dll
1>                    Private=false
1>                    PublicKeyToken=b77a5c561934e089
1>                    ReferenceSourceTarget=ResolveAssemblyReference
1>                    ResolvedFrom={RawFileName}
1>                    Version=
1>            C:\Users\hansnguyen\.nuget\packages\microsoft.windowsdesktop.app.ref\3.0.0\ref\netcoreapp3.0\ReachFramework.dll
1>                    AssemblyVersion=4.0.0.0
1>                    CopyLocal=false
1>                    ExternallyResolved=true
1>                    FileVersion=4.800.19.46214
1>                    FrameworkReferenceName=Microsoft.WindowsDesktop.App.WPF
1>                    FrameworkReferenceVersion=3.0.0
1>                    FusionName=ReachFramework, Version=4.0.0.0, Culture=neutral, PublicKeyToken=31bf3856ad364e35
1>                    ImageRuntime=v4.0.30319
1>                    NuGetPackageId=Microsoft.WindowsDesktop.App.Ref
1>                    NuGetPackageVersion=3.0.0
1>                    OriginalItemSpec=C:\Users\hansnguyen\.nuget\packages\microsoft.windowsdesktop.app.ref\3.0.0\ref\netcoreapp3.0\ReachFramework.dll
1>                    Private=false
1>                    PublicKeyToken=31bf3856ad364e35
1>                    ReferenceSourceTarget=ResolveAssemblyReference
1>                    ResolvedFrom={RawFileName}
1>                    Version=
1>            C:\Users\hansnguyen\.nuget\packages\microsoft.netcore.app.ref\3.0.0\ref\netcoreapp3.0\System.AppContext.dll
1>                    AssemblyVersion=4.2.1.0
1>                    CopyLocal=false
1>                    ExternallyResolved=true
1>                    FileVersion=4.700.19.46214
1>                    FrameworkReferenceName=Microsoft.NETCore.App
1>                    FrameworkReferenceVersion=3.0.0
1>                    FusionName=System.AppContext, Version=4.2.1.0, Culture=neutral, PublicKeyToken=b03f5f7f11d50a3a
1>                    ImageRuntime=v4.0.30319
1>                    NuGetPackageId=Microsoft.NETCore.App.Ref
1>                    NuGetPackageVersion=3.0.0
1>                    OriginalItemSpec=C:\Users\hansnguyen\.nuget\packages\microsoft.netcore.app.ref\3.0.0\ref\netcoreapp3.0\System.AppContext.dll
1>                    Private=false
1>                    PublicKeyToken=b03f5f7f11d50a3a
1>                    ReferenceSourceTarget=ResolveAssemblyReference
1>                    ResolvedFrom={RawFileName}
1>                    Version=
1>            C:\Users\hansnguyen\.nuget\packages\microsoft.netcore.app.ref\3.0.0\ref\netcoreapp3.0\System.Buffers.dll
1>                    AssemblyVersion=4.0.2.0
1>                    CopyLocal=false
1>                    ExternallyResolved=true
1>                    FileVersion=4.700.19.46214
1>                    FrameworkReferenceName=Microsoft.NETCore.App
1>                    FrameworkReferenceVersion=3.0.0
1>                    FusionName=System.Buffers, Version=4.0.2.0, Culture=neutral, PublicKeyToken=cc7b13ffcd2ddd51
1>                    ImageRuntime=v4.0.30319
1>                    NuGetPackageId=Microsoft.NETCore.App.Ref
1>                    NuGetPackageVersion=3.0.0
1>                    OriginalItemSpec=C:\Users\hansnguyen\.nuget\packages\microsoft.netcore.app.ref\3.0.0\ref\netcoreapp3.0\System.Buffers.dll
1>                    Private=false
1>                    PublicKeyToken=cc7b13ffcd2ddd51
1>                    ReferenceSourceTarget=ResolveAssemblyReference
1>                    ResolvedFrom={RawFileName}
1>                    Version=
1>            C:\Users\hansnguyen\.nuget\packages\microsoft.windowsdesktop.app.ref\3.0.0\ref\netcoreapp3.0\System.CodeDom.dll
1>                    AssemblyVersion=4.0.2.0
1>                    CopyLocal=false
1>                    ExternallyResolved=true
1>                    FileVersion=4.700.19.46214
1>                    FrameworkReferenceName=Microsoft.WindowsDesktop.App.WPF
1>                    FrameworkReferenceVersion=3.0.0
1>                    FusionName=System.CodeDom, Version=4.0.2.0, Culture=neutral, PublicKeyToken=cc7b13ffcd2ddd51
1>                    ImageRuntime=v4.0.30319
1>                    NuGetPackageId=Microsoft.WindowsDesktop.App.Ref
1>                    NuGetPackageVersion=3.0.0
1>                    OriginalItemSpec=C:\Users\hansnguyen\.nuget\packages\microsoft.windowsdesktop.app.ref\3.0.0\ref\netcoreapp3.0\System.CodeDom.dll
1>                    Private=false
1>                    PublicKeyToken=cc7b13ffcd2ddd51
1>                    ReferenceSourceTarget=ResolveAssemblyReference
1>                    ResolvedFrom={RawFileName}
1>                    Version=
1>            C:\Users\hansnguyen\.nuget\packages\microsoft.netcore.app.ref\3.0.0\ref\netcoreapp3.0\System.Collections.Concurrent.dll
1>                    AssemblyVersion=4.0.14.0
1>                    CopyLocal=false
1>                    ExternallyResolved=true
1>                    FileVersion=4.700.19.46214
1>                    FrameworkReferenceName=Microsoft.NETCore.App
1>                    FrameworkReferenceVersion=3.0.0
1>                    FusionName=System.Collections.Concurrent, Version=4.0.14.0, Culture=neutral, PublicKeyToken=b03f5f7f11d50a3a
1>                    ImageRuntime=v4.0.30319
1>                    NuGetPackageId=Microsoft.NETCore.App.Ref
1>                    NuGetPackageVersion=3.0.0
1>                    OriginalItemSpec=C:\Users\hansnguyen\.nuget\packages\microsoft.netcore.app.ref\3.0.0\ref\netcoreapp3.0\System.Collections.Concurrent.dll
1>                    Private=false
1>                    PublicKeyToken=b03f5f7f11d50a3a
1>                    ReferenceSourceTarget=ResolveAssemblyReference
1>                    ResolvedFrom={RawFileName}
1>                    Version=
1>            C:\Users\hansnguyen\.nuget\packages\microsoft.netcore.app.ref\3.0.0\ref\netcoreapp3.0\System.Collections.dll
1>                    AssemblyVersion=4.1.1.0
1>                    CopyLocal=false
1>                    ExternallyResolved=true
1>                    FileVersion=4.700.19.46214
1>                    FrameworkReferenceName=Microsoft.NETCore.App
1>                    FrameworkReferenceVersion=3.0.0
1>                    FusionName=System.Collections, Version=4.1.1.0, Culture=neutral, PublicKeyToken=b03f5f7f11d50a3a
1>                    ImageRuntime=v4.0.30319
1>                    NuGetPackageId=Microsoft.NETCore.App.Ref
1>                    NuGetPackageVersion=3.0.0
1>                    OriginalItemSpec=C:\Users\hansnguyen\.nuget\packages\microsoft.netcore.app.ref\3.0.0\ref\netcoreapp3.0\System.Collections.dll
1>                    Private=false
1>                    PublicKeyToken=b03f5f7f11d50a3a
1>                    ReferenceSourceTarget=ResolveAssemblyReference
1>                    ResolvedFrom={RawFileName}
1>                    Version=
1>            C:\Users\hansnguyen\.nuget\packages\microsoft.netcore.app.ref\3.0.0\ref\netcoreapp3.0\System.Collections.Immutable.dll
1>                    AssemblyVersion=1.2.4.0
1>                    CopyLocal=false
1>                    ExternallyResolved=true
1>                    FileVersion=4.700.19.46214
1>                    FrameworkReferenceName=Microsoft.NETCore.App
1>                    FrameworkReferenceVersion=3.0.0
1>                    FusionName=System.Collections.Immutable, Version=1.2.4.0, Culture=neutral, PublicKeyToken=b03f5f7f11d50a3a
1>                    ImageRuntime=v4.0.30319
1>                    NuGetPackageId=Microsoft.NETCore.App.Ref
1>                    NuGetPackageVersion=3.0.0
1>                    OriginalItemSpec=C:\Users\hansnguyen\.nuget\packages\microsoft.netcore.app.ref\3.0.0\ref\netcoreapp3.0\System.Collections.Immutable.dll
1>                    Private=false
1>                    PublicKeyToken=b03f5f7f11d50a3a
1>                    ReferenceSourceTarget=ResolveAssemblyReference
1>                    ResolvedFrom={RawFileName}
1>                    Version=
1>            C:\Users\hansnguyen\.nuget\packages\microsoft.netcore.app.ref\3.0.0\ref\netcoreapp3.0\System.Collections.NonGeneric.dll
1>                    AssemblyVersion=4.1.1.0
1>                    CopyLocal=false
1>                    ExternallyResolved=true
1>                    FileVersion=4.700.19.46214
1>                    FrameworkReferenceName=Microsoft.NETCore.App
1>                    FrameworkReferenceVersion=3.0.0
1>                    FusionName=System.Collections.NonGeneric, Version=4.1.1.0, Culture=neutral, PublicKeyToken=b03f5f7f11d50a3a
1>                    ImageRuntime=v4.0.30319
1>                    NuGetPackageId=Microsoft.NETCore.App.Ref
1>                    NuGetPackageVersion=3.0.0
1>                    OriginalItemSpec=C:\Users\hansnguyen\.nuget\packages\microsoft.netcore.app.ref\3.0.0\ref\netcoreapp3.0\System.Collections.NonGeneric.dll
1>                    Private=false
1>                    PublicKeyToken=b03f5f7f11d50a3a
1>                    ReferenceSourceTarget=ResolveAssemblyReference
1>                    ResolvedFrom={RawFileName}
1>                    Version=
1>            C:\Users\hansnguyen\.nuget\packages\microsoft.netcore.app.ref\3.0.0\ref\netcoreapp3.0\System.Collections.Specialized.dll
1>                    AssemblyVersion=4.1.1.0
1>                    CopyLocal=false
1>                    ExternallyResolved=true
1>                    FileVersion=4.700.19.46214
1>                    FrameworkReferenceName=Microsoft.NETCore.App
1>                    FrameworkReferenceVersion=3.0.0
1>                    FusionName=System.Collections.Specialized, Version=4.1.1.0, Culture=neutral, PublicKeyToken=b03f5f7f11d50a3a
1>                    ImageRuntime=v4.0.30319
1>                    NuGetPackageId=Microsoft.NETCore.App.Ref
1>                    NuGetPackageVersion=3.0.0
1>                    OriginalItemSpec=C:\Users\hansnguyen\.nuget\packages\microsoft.netcore.app.ref\3.0.0\ref\netcoreapp3.0\System.Collections.Specialized.dll
1>                    Private=false
1>                    PublicKeyToken=b03f5f7f11d50a3a
1>                    ReferenceSourceTarget=ResolveAssemblyReference
1>                    ResolvedFrom={RawFileName}
1>                    Version=
1>            C:\Users\hansnguyen\.nuget\packages\microsoft.netcore.app.ref\3.0.0\ref\netcoreapp3.0\System.ComponentModel.Annotations.dll
1>                    AssemblyVersion=4.3.0.0
1>                    CopyLocal=false
1>                    ExternallyResolved=true
1>                    FileVersion=4.700.19.46214
1>                    FrameworkReferenceName=Microsoft.NETCore.App
1>                    FrameworkReferenceVersion=3.0.0
1>                    FusionName=System.ComponentModel.Annotations, Version=4.3.0.0, Culture=neutral, PublicKeyToken=b03f5f7f11d50a3a
1>                    ImageRuntime=v4.0.30319
1>                    NuGetPackageId=Microsoft.NETCore.App.Ref
1>                    NuGetPackageVersion=3.0.0
1>                    OriginalItemSpec=C:\Users\hansnguyen\.nuget\packages\microsoft.netcore.app.ref\3.0.0\ref\netcoreapp3.0\System.ComponentModel.Annotations.dll
1>                    Private=false
1>                    PublicKeyToken=b03f5f7f11d50a3a
1>                    ReferenceSourceTarget=ResolveAssemblyReference
1>                    ResolvedFrom={RawFileName}
1>                    Version=
1>            C:\Users\hansnguyen\.nuget\packages\microsoft.netcore.app.ref\3.0.0\ref\netcoreapp3.0\System.ComponentModel.DataAnnotations.dll
1>                    AssemblyVersion=4.0.0.0
1>                    CopyLocal=false
1>                    ExternallyResolved=true
1>                    FileVersion=4.700.19.46214
1>                    FrameworkReferenceName=Microsoft.NETCore.App
1>                    FrameworkReferenceVersion=3.0.0
1>                    FusionName=System.ComponentModel.DataAnnotations, Version=4.0.0.0, Culture=neutral, PublicKeyToken=31bf3856ad364e35
1>                    ImageRuntime=v4.0.30319
1>                    NuGetPackageId=Microsoft.NETCore.App.Ref
1>                    NuGetPackageVersion=3.0.0
1>                    OriginalItemSpec=C:\Users\hansnguyen\.nuget\packages\microsoft.netcore.app.ref\3.0.0\ref\netcoreapp3.0\System.ComponentModel.DataAnnotations.dll
1>                    Private=false
1>                    PublicKeyToken=31bf3856ad364e35
1>                    ReferenceSourceTarget=ResolveAssemblyReference
1>                    ResolvedFrom={RawFileName}
1>                    Version=
1>            C:\Users\hansnguyen\.nuget\packages\microsoft.netcore.app.ref\3.0.0\ref\netcoreapp3.0\System.ComponentModel.dll
1>                    AssemblyVersion=4.0.3.0
1>                    CopyLocal=false
1>                    ExternallyResolved=true
1>                    FileVersion=4.700.19.46214
1>                    FrameworkReferenceName=Microsoft.NETCore.App
1>                    FrameworkReferenceVersion=3.0.0
1>                    FusionName=System.ComponentModel, Version=4.0.3.0, Culture=neutral, PublicKeyToken=b03f5f7f11d50a3a
1>                    ImageRuntime=v4.0.30319
1>                    NuGetPackageId=Microsoft.NETCore.App.Ref
1>                    NuGetPackageVersion=3.0.0
1>                    OriginalItemSpec=C:\Users\hansnguyen\.nuget\packages\microsoft.netcore.app.ref\3.0.0\ref\netcoreapp3.0\System.ComponentModel.dll
1>                    Private=false
1>                    PublicKeyToken=b03f5f7f11d50a3a
1>                    ReferenceSourceTarget=ResolveAssemblyReference
1>                    ResolvedFrom={RawFileName}
1>                    Version=
1>            C:\Users\hansnguyen\.nuget\packages\microsoft.netcore.app.ref\3.0.0\ref\netcoreapp3.0\System.ComponentModel.EventBasedAsync.dll
1>                    AssemblyVersion=4.1.1.0
1>                    CopyLocal=false
1>                    ExternallyResolved=true
1>                    FileVersion=4.700.19.46214
1>                    FrameworkReferenceName=Microsoft.NETCore.App
1>                    FrameworkReferenceVersion=3.0.0
1>                    FusionName=System.ComponentModel.EventBasedAsync, Version=4.1.1.0, Culture=neutral, PublicKeyToken=b03f5f7f11d50a3a
1>                    ImageRuntime=v4.0.30319
1>                    NuGetPackageId=Microsoft.NETCore.App.Ref
1>                    NuGetPackageVersion=3.0.0
1>                    OriginalItemSpec=C:\Users\hansnguyen\.nuget\packages\microsoft.netcore.app.ref\3.0.0\ref\netcoreapp3.0\System.ComponentModel.EventBasedAsync.dll
1>                    Private=false
1>                    PublicKeyToken=b03f5f7f11d50a3a
1>                    ReferenceSourceTarget=ResolveAssemblyReference
1>                    ResolvedFrom={RawFileName}
1>                    Version=
1>            C:\Users\hansnguyen\.nuget\packages\microsoft.netcore.app.ref\3.0.0\ref\netcoreapp3.0\System.ComponentModel.Primitives.dll
1>                    AssemblyVersion=4.2.1.0
1>                    CopyLocal=false
1>                    ExternallyResolved=true
1>                    FileVersion=4.700.19.46214
1>                    FrameworkReferenceName=Microsoft.NETCore.App
1>                    FrameworkReferenceVersion=3.0.0
1>                    FusionName=System.ComponentModel.Primitives, Version=4.2.1.0, Culture=neutral, PublicKeyToken=b03f5f7f11d50a3a
1>                    ImageRuntime=v4.0.30319
1>                    NuGetPackageId=Microsoft.NETCore.App.Ref
1>                    NuGetPackageVersion=3.0.0
1>                    OriginalItemSpec=C:\Users\hansnguyen\.nuget\packages\microsoft.netcore.app.ref\3.0.0\ref\netcoreapp3.0\System.ComponentModel.Primitives.dll
1>                    Private=false
1>                    PublicKeyToken=b03f5f7f11d50a3a
1>                    ReferenceSourceTarget=ResolveAssemblyReference
1>                    ResolvedFrom={RawFileName}
1>                    Version=
1>            C:\Users\hansnguyen\.nuget\packages\microsoft.netcore.app.ref\3.0.0\ref\netcoreapp3.0\System.ComponentModel.TypeConverter.dll
1>                    AssemblyVersion=4.2.1.0
1>                    CopyLocal=false
1>                    ExternallyResolved=true
1>                    FileVersion=4.700.19.46214
1>                    FrameworkReferenceName=Microsoft.NETCore.App
1>                    FrameworkReferenceVersion=3.0.0
1>                    FusionName=System.ComponentModel.TypeConverter, Version=4.2.1.0, Culture=neutral, PublicKeyToken=b03f5f7f11d50a3a
1>                    ImageRuntime=v4.0.30319
1>                    NuGetPackageId=Microsoft.NETCore.App.Ref
1>                    NuGetPackageVersion=3.0.0
1>                    OriginalItemSpec=C:\Users\hansnguyen\.nuget\packages\microsoft.netcore.app.ref\3.0.0\ref\netcoreapp3.0\System.ComponentModel.TypeConverter.dll
1>                    Private=false
1>                    PublicKeyToken=b03f5f7f11d50a3a
1>                    ReferenceSourceTarget=ResolveAssemblyReference
1>                    ResolvedFrom={RawFileName}
1>                    Version=
1>            C:\Users\hansnguyen\.nuget\packages\microsoft.windowsdesktop.app.ref\3.0.0\ref\netcoreapp3.0\System.Configuration.ConfigurationManager.dll
1>                    AssemblyVersion=4.0.2.0
1>                    CopyLocal=false
1>                    ExternallyResolved=true
1>                    FileVersion=4.700.19.46214
1>                    FrameworkReferenceName=Microsoft.WindowsDesktop.App.WPF
1>                    FrameworkReferenceVersion=3.0.0
1>                    FusionName=System.Configuration.ConfigurationManager, Version=4.0.2.0, Culture=neutral, PublicKeyToken=cc7b13ffcd2ddd51
1>                    ImageRuntime=v4.0.30319
1>                    NuGetPackageId=Microsoft.WindowsDesktop.App.Ref
1>                    NuGetPackageVersion=3.0.0
1>                    OriginalItemSpec=C:\Users\hansnguyen\.nuget\packages\microsoft.windowsdesktop.app.ref\3.0.0\ref\netcoreapp3.0\System.Configuration.ConfigurationManager.dll
1>                    Private=false
1>                    PublicKeyToken=cc7b13ffcd2ddd51
1>                    ReferenceSourceTarget=ResolveAssemblyReference
1>                    ResolvedFrom={RawFileName}
1>                    Version=
1>            C:\Users\hansnguyen\.nuget\packages\microsoft.netcore.app.ref\3.0.0\ref\netcoreapp3.0\System.Configuration.dll
1>                    AssemblyVersion=4.0.0.0
1>                    CopyLocal=false
1>                    ExternallyResolved=true
1>                    FileVersion=4.700.19.46214
1>                    FrameworkReferenceName=Microsoft.NETCore.App
1>                    FrameworkReferenceVersion=3.0.0
1>                    FusionName=System.Configuration, Version=4.0.0.0, Culture=neutral, PublicKeyToken=b03f5f7f11d50a3a
1>                    ImageRuntime=v4.0.30319
1>                    NuGetPackageId=Microsoft.NETCore.App.Ref
1>                    NuGetPackageVersion=3.0.0
1>                    OriginalItemSpec=C:\Users\hansnguyen\.nuget\packages\microsoft.netcore.app.ref\3.0.0\ref\netcoreapp3.0\System.Configuration.dll
1>                    Private=false
1>                    PublicKeyToken=b03f5f7f11d50a3a
1>                    ReferenceSourceTarget=ResolveAssemblyReference
1>                    ResolvedFrom={RawFileName}
1>                    Version=
1>            C:\Users\hansnguyen\.nuget\packages\microsoft.netcore.app.ref\3.0.0\ref\netcoreapp3.0\System.Console.dll
1>                    AssemblyVersion=4.1.1.0
1>                    CopyLocal=false
1>                    ExternallyResolved=true
1>                    FileVersion=4.700.19.46214
1>                    FrameworkReferenceName=Microsoft.NETCore.App
1>                    FrameworkReferenceVersion=3.0.0
1>                    FusionName=System.Console, Version=4.1.1.0, Culture=neutral, PublicKeyToken=b03f5f7f11d50a3a
1>                    ImageRuntime=v4.0.30319
1>                    NuGetPackageId=Microsoft.NETCore.App.Ref
1>                    NuGetPackageVersion=3.0.0
1>                    OriginalItemSpec=C:\Users\hansnguyen\.nuget\packages\microsoft.netcore.app.ref\3.0.0\ref\netcoreapp3.0\System.Console.dll
1>                    Private=false
1>                    PublicKeyToken=b03f5f7f11d50a3a
1>                    ReferenceSourceTarget=ResolveAssemblyReference
1>                    ResolvedFrom={RawFileName}
1>                    Version=
1>            C:\Users\hansnguyen\.nuget\packages\microsoft.netcore.app.ref\3.0.0\ref\netcoreapp3.0\System.Core.dll
1>                    AssemblyVersion=4.0.0.0
1>                    CopyLocal=false
1>                    ExternallyResolved=true
1>                    FileVersion=4.700.19.46214
1>                    FrameworkReferenceName=Microsoft.NETCore.App
1>                    FrameworkReferenceVersion=3.0.0
1>                    FusionName=System.Core, Version=4.0.0.0, Culture=neutral, PublicKeyToken=b77a5c561934e089
1>                    ImageRuntime=v4.0.30319
1>                    NuGetPackageId=Microsoft.NETCore.App.Ref
1>                    NuGetPackageVersion=3.0.0
1>                    OriginalItemSpec=C:\Users\hansnguyen\.nuget\packages\microsoft.netcore.app.ref\3.0.0\ref\netcoreapp3.0\System.Core.dll
1>                    Private=false
1>                    PublicKeyToken=b77a5c561934e089
1>                    ReferenceSourceTarget=ResolveAssemblyReference
1>                    ResolvedFrom={RawFileName}
1>                    Version=
1>            C:\Users\hansnguyen\.nuget\packages\microsoft.netcore.app.ref\3.0.0\ref\netcoreapp3.0\System.Data.Common.dll
1>                    AssemblyVersion=4.2.1.0
1>                    CopyLocal=false
1>                    ExternallyResolved=true
1>                    FileVersion=4.700.19.46214
1>                    FrameworkReferenceName=Microsoft.NETCore.App
1>                    FrameworkReferenceVersion=3.0.0
1>                    FusionName=System.Data.Common, Version=4.2.1.0, Culture=neutral, PublicKeyToken=b03f5f7f11d50a3a
1>                    ImageRuntime=v4.0.30319
1>                    NuGetPackageId=Microsoft.NETCore.App.Ref
1>                    NuGetPackageVersion=3.0.0
1>                    OriginalItemSpec=C:\Users\hansnguyen\.nuget\packages\microsoft.netcore.app.ref\3.0.0\ref\netcoreapp3.0\System.Data.Common.dll
1>                    Private=false
1>                    PublicKeyToken=b03f5f7f11d50a3a
1>                    ReferenceSourceTarget=ResolveAssemblyReference
1>                    ResolvedFrom={RawFileName}
1>                    Version=
1>            C:\Users\hansnguyen\.nuget\packages\microsoft.netcore.app.ref\3.0.0\ref\netcoreapp3.0\System.Data.DataSetExtensions.dll
1>                    AssemblyVersion=4.0.0.0
1>                    CopyLocal=false
1>                    ExternallyResolved=true
1>                    FileVersion=4.700.19.46214
1>                    FrameworkReferenceName=Microsoft.NETCore.App
1>                    FrameworkReferenceVersion=3.0.0
1>                    FusionName=System.Data.DataSetExtensions, Version=4.0.0.0, Culture=neutral, PublicKeyToken=b77a5c561934e089
1>                    ImageRuntime=v4.0.30319
1>                    NuGetPackageId=Microsoft.NETCore.App.Ref
1>                    NuGetPackageVersion=3.0.0
1>                    OriginalItemSpec=C:\Users\hansnguyen\.nuget\packages\microsoft.netcore.app.ref\3.0.0\ref\netcoreapp3.0\System.Data.DataSetExtensions.dll
1>                    Private=false
1>                    PublicKeyToken=b77a5c561934e089
1>                    ReferenceSourceTarget=ResolveAssemblyReference
1>                    ResolvedFrom={RawFileName}
1>                    Version=
1>            C:\Users\hansnguyen\.nuget\packages\microsoft.netcore.app.ref\3.0.0\ref\netcoreapp3.0\System.Data.dll
1>                    AssemblyVersion=4.0.0.0
1>                    CopyLocal=false
1>                    ExternallyResolved=true
1>                    FileVersion=4.700.19.46214
1>                    FrameworkReferenceName=Microsoft.NETCore.App
1>                    FrameworkReferenceVersion=3.0.0
1>                    FusionName=System.Data, Version=4.0.0.0, Culture=neutral, PublicKeyToken=b77a5c561934e089
1>                    ImageRuntime=v4.0.30319
1>                    NuGetPackageId=Microsoft.NETCore.App.Ref
1>                    NuGetPackageVersion=3.0.0
1>                    OriginalItemSpec=C:\Users\hansnguyen\.nuget\packages\microsoft.netcore.app.ref\3.0.0\ref\netcoreapp3.0\System.Data.dll
1>                    Private=false
1>                    PublicKeyToken=b77a5c561934e089
1>                    ReferenceSourceTarget=ResolveAssemblyReference
1>                    ResolvedFrom={RawFileName}
1>                    Version=
1>            C:\Users\hansnguyen\.nuget\packages\microsoft.netcore.app.ref\3.0.0\ref\netcoreapp3.0\System.Diagnostics.Contracts.dll
1>                    AssemblyVersion=4.0.3.0
1>                    CopyLocal=false
1>                    ExternallyResolved=true
1>                    FileVersion=4.700.19.46214
1>                    FrameworkReferenceName=Microsoft.NETCore.App
1>                    FrameworkReferenceVersion=3.0.0
1>                    FusionName=System.Diagnostics.Contracts, Version=4.0.3.0, Culture=neutral, PublicKeyToken=b03f5f7f11d50a3a
1>                    ImageRuntime=v4.0.30319
1>                    NuGetPackageId=Microsoft.NETCore.App.Ref
1>                    NuGetPackageVersion=3.0.0
1>                    OriginalItemSpec=C:\Users\hansnguyen\.nuget\packages\microsoft.netcore.app.ref\3.0.0\ref\netcoreapp3.0\System.Diagnostics.Contracts.dll
1>                    Private=false
1>                    PublicKeyToken=b03f5f7f11d50a3a
1>                    ReferenceSourceTarget=ResolveAssemblyReference
1>                    ResolvedFrom={RawFileName}
1>                    Version=
1>            C:\Users\hansnguyen\.nuget\packages\microsoft.netcore.app.ref\3.0.0\ref\netcoreapp3.0\System.Diagnostics.Debug.dll
1>                    AssemblyVersion=4.1.1.0
1>                    CopyLocal=false
1>                    ExternallyResolved=true
1>                    FileVersion=4.700.19.46214
1>                    FrameworkReferenceName=Microsoft.NETCore.App
1>                    FrameworkReferenceVersion=3.0.0
1>                    FusionName=System.Diagnostics.Debug, Version=4.1.1.0, Culture=neutral, PublicKeyToken=b03f5f7f11d50a3a
1>                    ImageRuntime=v4.0.30319
1>                    NuGetPackageId=Microsoft.NETCore.App.Ref
1>                    NuGetPackageVersion=3.0.0
1>                    OriginalItemSpec=C:\Users\hansnguyen\.nuget\packages\microsoft.netcore.app.ref\3.0.0\ref\netcoreapp3.0\System.Diagnostics.Debug.dll
1>                    Private=false
1>                    PublicKeyToken=b03f5f7f11d50a3a
1>                    ReferenceSourceTarget=ResolveAssemblyReference
1>                    ResolvedFrom={RawFileName}
1>                    Version=
1>            C:\Users\hansnguyen\.nuget\packages\microsoft.netcore.app.ref\3.0.0\ref\netcoreapp3.0\System.Diagnostics.DiagnosticSource.dll
1>                    AssemblyVersion=4.0.4.0
1>                    CopyLocal=false
1>                    ExternallyResolved=true
1>                    FileVersion=4.700.19.46214
1>                    FrameworkReferenceName=Microsoft.NETCore.App
1>                    FrameworkReferenceVersion=3.0.0
1>                    FusionName=System.Diagnostics.DiagnosticSource, Version=4.0.4.0, Culture=neutral, PublicKeyToken=cc7b13ffcd2ddd51
1>                    ImageRuntime=v4.0.30319
1>                    NuGetPackageId=Microsoft.NETCore.App.Ref
1>                    NuGetPackageVersion=3.0.0
1>                    OriginalItemSpec=C:\Users\hansnguyen\.nuget\packages\microsoft.netcore.app.ref\3.0.0\ref\netcoreapp3.0\System.Diagnostics.DiagnosticSource.dll
1>                    Private=false
1>                    PublicKeyToken=cc7b13ffcd2ddd51
1>                    ReferenceSourceTarget=ResolveAssemblyReference
1>                    ResolvedFrom={RawFileName}
1>                    Version=
1>            C:\Users\hansnguyen\.nuget\packages\microsoft.windowsdesktop.app.ref\3.0.0\ref\netcoreapp3.0\System.Diagnostics.EventLog.dll
1>                    AssemblyVersion=4.0.1.0
1>                    CopyLocal=false
1>                    ExternallyResolved=true
1>                    FileVersion=4.700.19.46214
1>                    FrameworkReferenceName=Microsoft.WindowsDesktop.App.WPF
1>                    FrameworkReferenceVersion=3.0.0
1>                    FusionName=System.Diagnostics.EventLog, Version=4.0.1.0, Culture=neutral, PublicKeyToken=cc7b13ffcd2ddd51
1>                    ImageRuntime=v4.0.30319
1>                    NuGetPackageId=Microsoft.WindowsDesktop.App.Ref
1>                    NuGetPackageVersion=3.0.0
1>                    OriginalItemSpec=C:\Users\hansnguyen\.nuget\packages\microsoft.windowsdesktop.app.ref\3.0.0\ref\netcoreapp3.0\System.Diagnostics.EventLog.dll
1>                    Private=false
1>                    PublicKeyToken=cc7b13ffcd2ddd51
1>                    ReferenceSourceTarget=ResolveAssemblyReference
1>                    ResolvedFrom={RawFileName}
1>                    Version=
1>            C:\Users\hansnguyen\.nuget\packages\microsoft.netcore.app.ref\3.0.0\ref\netcoreapp3.0\System.Diagnostics.FileVersionInfo.dll
1>                    AssemblyVersion=4.0.3.0
1>                    CopyLocal=false
1>                    ExternallyResolved=true
1>                    FileVersion=4.700.19.46214
1>                    FrameworkReferenceName=Microsoft.NETCore.App
1>                    FrameworkReferenceVersion=3.0.0
1>                    FusionName=System.Diagnostics.FileVersionInfo, Version=4.0.3.0, Culture=neutral, PublicKeyToken=b03f5f7f11d50a3a
1>                    ImageRuntime=v4.0.30319
1>                    NuGetPackageId=Microsoft.NETCore.App.Ref
1>                    NuGetPackageVersion=3.0.0
1>                    OriginalItemSpec=C:\Users\hansnguyen\.nuget\packages\microsoft.netcore.app.ref\3.0.0\ref\netcoreapp3.0\System.Diagnostics.FileVersionInfo.dll
1>                    Private=false
1>                    PublicKeyToken=b03f5f7f11d50a3a
1>                    ReferenceSourceTarget=ResolveAssemblyReference
1>                    ResolvedFrom={RawFileName}
1>                    Version=
1>            C:\Users\hansnguyen\.nuget\packages\microsoft.windowsdesktop.app.ref\3.0.0\ref\netcoreapp3.0\System.Diagnostics.PerformanceCounter.dll
1>                    AssemblyVersion=4.0.1.0
1>                    CopyLocal=false
1>                    ExternallyResolved=true
1>                    FileVersion=4.700.19.37515
1>                    FrameworkReferenceName=Microsoft.WindowsDesktop.App.WPF
1>                    FrameworkReferenceVersion=3.0.0
1>                    FusionName=System.Diagnostics.PerformanceCounter, Version=4.0.1.0, Culture=neutral, PublicKeyToken=cc7b13ffcd2ddd51
1>                    ImageRuntime=v4.0.30319
1>                    NuGetPackageId=Microsoft.WindowsDesktop.App.Ref
1>                    NuGetPackageVersion=3.0.0
1>                    OriginalItemSpec=C:\Users\hansnguyen\.nuget\packages\microsoft.windowsdesktop.app.ref\3.0.0\ref\netcoreapp3.0\System.Diagnostics.PerformanceCounter.dll
1>                    Private=false
1>                    PublicKeyToken=cc7b13ffcd2ddd51
1>                    ReferenceSourceTarget=ResolveAssemblyReference
1>                    ResolvedFrom={RawFileName}
1>                    Version=
1>            C:\Users\hansnguyen\.nuget\packages\microsoft.netcore.app.ref\3.0.0\ref\netcoreapp3.0\System.Diagnostics.Process.dll
1>                    AssemblyVersion=4.2.1.0
1>                    CopyLocal=false
1>                    ExternallyResolved=true
1>                    FileVersion=4.700.19.46214
1>                    FrameworkReferenceName=Microsoft.NETCore.App
1>                    FrameworkReferenceVersion=3.0.0
1>                    FusionName=System.Diagnostics.Process, Version=4.2.1.0, Culture=neutral, PublicKeyToken=b03f5f7f11d50a3a
1>                    ImageRuntime=v4.0.30319
1>                    NuGetPackageId=Microsoft.NETCore.App.Ref
1>                    NuGetPackageVersion=3.0.0
1>                    OriginalItemSpec=C:\Users\hansnguyen\.nuget\packages\microsoft.netcore.app.ref\3.0.0\ref\netcoreapp3.0\System.Diagnostics.Process.dll
1>                    Private=false
1>                    PublicKeyToken=b03f5f7f11d50a3a
1>                    ReferenceSourceTarget=ResolveAssemblyReference
1>                    ResolvedFrom={RawFileName}
1>                    Version=
1>            C:\Users\hansnguyen\.nuget\packages\microsoft.netcore.app.ref\3.0.0\ref\netcoreapp3.0\System.Diagnostics.StackTrace.dll
1>                    AssemblyVersion=4.1.1.0
1>                    CopyLocal=false
1>                    ExternallyResolved=true
1>                    FileVersion=4.700.19.46214
1>                    FrameworkReferenceName=Microsoft.NETCore.App
1>                    FrameworkReferenceVersion=3.0.0
1>                    FusionName=System.Diagnostics.StackTrace, Version=4.1.1.0, Culture=neutral, PublicKeyToken=b03f5f7f11d50a3a
1>                    ImageRuntime=v4.0.30319
1>                    NuGetPackageId=Microsoft.NETCore.App.Ref
1>                    NuGetPackageVersion=3.0.0
1>                    OriginalItemSpec=C:\Users\hansnguyen\.nuget\packages\microsoft.netcore.app.ref\3.0.0\ref\netcoreapp3.0\System.Diagnostics.StackTrace.dll
1>                    Private=false
1>                    PublicKeyToken=b03f5f7f11d50a3a
1>                    ReferenceSourceTarget=ResolveAssemblyReference
1>                    ResolvedFrom={RawFileName}
1>                    Version=
1>            C:\Users\hansnguyen\.nuget\packages\microsoft.netcore.app.ref\3.0.0\ref\netcoreapp3.0\System.Diagnostics.TextWriterTraceListener.dll
1>                    AssemblyVersion=4.1.1.0
1>                    CopyLocal=false
1>                    ExternallyResolved=true
1>                    FileVersion=4.700.19.46214
1>                    FrameworkReferenceName=Microsoft.NETCore.App
1>                    FrameworkReferenceVersion=3.0.0
1>                    FusionName=System.Diagnostics.TextWriterTraceListener, Version=4.1.1.0, Culture=neutral, PublicKeyToken=b03f5f7f11d50a3a
1>                    ImageRuntime=v4.0.30319
1>                    NuGetPackageId=Microsoft.NETCore.App.Ref
1>                    NuGetPackageVersion=3.0.0
1>                    OriginalItemSpec=C:\Users\hansnguyen\.nuget\packages\microsoft.netcore.app.ref\3.0.0\ref\netcoreapp3.0\System.Diagnostics.TextWriterTraceListener.dll
1>                    Private=false
1>                    PublicKeyToken=b03f5f7f11d50a3a
1>                    ReferenceSourceTarget=ResolveAssemblyReference
1>                    ResolvedFrom={RawFileName}
1>                    Version=
1>            C:\Users\hansnguyen\.nuget\packages\microsoft.netcore.app.ref\3.0.0\ref\netcoreapp3.0\System.Diagnostics.Tools.dll
1>                    AssemblyVersion=4.1.1.0
1>                    CopyLocal=false
1>                    ExternallyResolved=true
1>                    FileVersion=4.700.19.46214
1>                    FrameworkReferenceName=Microsoft.NETCore.App
1>                    FrameworkReferenceVersion=3.0.0
1>                    FusionName=System.Diagnostics.Tools, Version=4.1.1.0, Culture=neutral, PublicKeyToken=b03f5f7f11d50a3a
1>                    ImageRuntime=v4.0.30319
1>                    NuGetPackageId=Microsoft.NETCore.App.Ref
1>                    NuGetPackageVersion=3.0.0
1>                    OriginalItemSpec=C:\Users\hansnguyen\.nuget\packages\microsoft.netcore.app.ref\3.0.0\ref\netcoreapp3.0\System.Diagnostics.Tools.dll
1>                    Private=false
1>                    PublicKeyToken=b03f5f7f11d50a3a
1>                    ReferenceSourceTarget=ResolveAssemblyReference
1>                    ResolvedFrom={RawFileName}
1>                    Version=
1>            C:\Users\hansnguyen\.nuget\packages\microsoft.netcore.app.ref\3.0.0\ref\netcoreapp3.0\System.Diagnostics.TraceSource.dll
1>                    AssemblyVersion=4.1.1.0
1>                    CopyLocal=false
1>                    ExternallyResolved=true
1>                    FileVersion=4.700.19.46214
1>                    FrameworkReferenceName=Microsoft.NETCore.App
1>                    FrameworkReferenceVersion=3.0.0
1>                    FusionName=System.Diagnostics.TraceSource, Version=4.1.1.0, Culture=neutral, PublicKeyToken=b03f5f7f11d50a3a
1>                    ImageRuntime=v4.0.30319
1>                    NuGetPackageId=Microsoft.NETCore.App.Ref
1>                    NuGetPackageVersion=3.0.0
1>                    OriginalItemSpec=C:\Users\hansnguyen\.nuget\packages\microsoft.netcore.app.ref\3.0.0\ref\netcoreapp3.0\System.Diagnostics.TraceSource.dll
1>                    Private=false
1>                    PublicKeyToken=b03f5f7f11d50a3a
1>                    ReferenceSourceTarget=ResolveAssemblyReference
1>                    ResolvedFrom={RawFileName}
1>                    Version=
1>            C:\Users\hansnguyen\.nuget\packages\microsoft.netcore.app.ref\3.0.0\ref\netcoreapp3.0\System.Diagnostics.Tracing.dll
1>                    AssemblyVersion=4.2.1.0
1>                    CopyLocal=false
1>                    ExternallyResolved=true
1>                    FileVersion=4.700.19.46214
1>                    FrameworkReferenceName=Microsoft.NETCore.App
1>                    FrameworkReferenceVersion=3.0.0
1>                    FusionName=System.Diagnostics.Tracing, Version=4.2.1.0, Culture=neutral, PublicKeyToken=b03f5f7f11d50a3a
1>                    ImageRuntime=v4.0.30319
1>                    NuGetPackageId=Microsoft.NETCore.App.Ref
1>                    NuGetPackageVersion=3.0.0
1>                    OriginalItemSpec=C:\Users\hansnguyen\.nuget\packages\microsoft.netcore.app.ref\3.0.0\ref\netcoreapp3.0\System.Diagnostics.Tracing.dll
1>                    Private=false
1>                    PublicKeyToken=b03f5f7f11d50a3a
1>                    ReferenceSourceTarget=ResolveAssemblyReference
1>                    ResolvedFrom={RawFileName}
1>                    Version=
1>            C:\Users\hansnguyen\.nuget\packages\microsoft.windowsdesktop.app.ref\3.0.0\ref\netcoreapp3.0\System.DirectoryServices.dll
1>                    AssemblyVersion=4.0.0.0
1>                    CopyLocal=false
1>                    ExternallyResolved=true
1>                    FileVersion=4.700.19.46214
1>                    FrameworkReferenceName=Microsoft.WindowsDesktop.App.WPF
1>                    FrameworkReferenceVersion=3.0.0
1>                    FusionName=System.DirectoryServices, Version=4.0.0.0, Culture=neutral, PublicKeyToken=b03f5f7f11d50a3a
1>                    ImageRuntime=v4.0.30319
1>                    NuGetPackageId=Microsoft.WindowsDesktop.App.Ref
1>                    NuGetPackageVersion=3.0.0
1>                    OriginalItemSpec=C:\Users\hansnguyen\.nuget\packages\microsoft.windowsdesktop.app.ref\3.0.0\ref\netcoreapp3.0\System.DirectoryServices.dll
1>                    Private=false
1>                    PublicKeyToken=b03f5f7f11d50a3a
1>                    ReferenceSourceTarget=ResolveAssemblyReference
1>                    ResolvedFrom={RawFileName}
1>                    Version=
1>            C:\Users\hansnguyen\.nuget\packages\microsoft.netcore.app.ref\3.0.0\ref\netcoreapp3.0\System.dll
1>                    AssemblyVersion=4.0.0.0
1>                    CopyLocal=false
1>                    ExternallyResolved=true
1>                    FileVersion=4.700.19.46214
1>                    FrameworkReferenceName=Microsoft.NETCore.App
1>                    FrameworkReferenceVersion=3.0.0
1>                    FusionName=System, Version=4.0.0.0, Culture=neutral, PublicKeyToken=b77a5c561934e089
1>                    ImageRuntime=v4.0.30319
1>                    NuGetPackageId=Microsoft.NETCore.App.Ref
1>                    NuGetPackageVersion=3.0.0
1>                    OriginalItemSpec=C:\Users\hansnguyen\.nuget\packages\microsoft.netcore.app.ref\3.0.0\ref\netcoreapp3.0\System.dll
1>                    Private=false
1>                    PublicKeyToken=b77a5c561934e089
1>                    ReferenceSourceTarget=ResolveAssemblyReference
1>                    ResolvedFrom={RawFileName}
1>                    Version=
1>            C:\Users\hansnguyen\.nuget\packages\microsoft.netcore.app.ref\3.0.0\ref\netcoreapp3.0\System.Drawing.dll
1>                    AssemblyVersion=4.0.0.0
1>                    CopyLocal=false
1>                    ExternallyResolved=true
1>                    FileVersion=4.700.19.46214
1>                    FrameworkReferenceName=Microsoft.NETCore.App
1>                    FrameworkReferenceVersion=3.0.0
1>                    FusionName=System.Drawing, Version=4.0.0.0, Culture=neutral, PublicKeyToken=b03f5f7f11d50a3a
1>                    ImageRuntime=v4.0.30319
1>                    NuGetPackageId=Microsoft.NETCore.App.Ref
1>                    NuGetPackageVersion=3.0.0
1>                    OriginalItemSpec=C:\Users\hansnguyen\.nuget\packages\microsoft.netcore.app.ref\3.0.0\ref\netcoreapp3.0\System.Drawing.dll
1>                    Private=false
1>                    PublicKeyToken=b03f5f7f11d50a3a
1>                    ReferenceSourceTarget=ResolveAssemblyReference
1>                    ResolvedFrom={RawFileName}
1>                    Version=
1>            C:\Users\hansnguyen\.nuget\packages\microsoft.netcore.app.ref\3.0.0\ref\netcoreapp3.0\System.Drawing.Primitives.dll
1>                    AssemblyVersion=4.2.0.0
1>                    CopyLocal=false
1>                    ExternallyResolved=true
1>                    FileVersion=4.700.19.46214
1>                    FrameworkReferenceName=Microsoft.NETCore.App
1>                    FrameworkReferenceVersion=3.0.0
1>                    FusionName=System.Drawing.Primitives, Version=4.2.0.0, Culture=neutral, PublicKeyToken=b03f5f7f11d50a3a
1>                    ImageRuntime=v4.0.30319
1>                    NuGetPackageId=Microsoft.NETCore.App.Ref
1>                    NuGetPackageVersion=3.0.0
1>                    OriginalItemSpec=C:\Users\hansnguyen\.nuget\packages\microsoft.netcore.app.ref\3.0.0\ref\netcoreapp3.0\System.Drawing.Primitives.dll
1>                    Private=false
1>                    PublicKeyToken=b03f5f7f11d50a3a
1>                    ReferenceSourceTarget=ResolveAssemblyReference
1>                    ResolvedFrom={RawFileName}
1>                    Version=
1>            C:\Users\hansnguyen\.nuget\packages\microsoft.netcore.app.ref\3.0.0\ref\netcoreapp3.0\System.Dynamic.Runtime.dll
1>                    AssemblyVersion=4.1.1.0
1>                    CopyLocal=false
1>                    ExternallyResolved=true
1>                    FileVersion=4.700.19.46214
1>                    FrameworkReferenceName=Microsoft.NETCore.App
1>                    FrameworkReferenceVersion=3.0.0
1>                    FusionName=System.Dynamic.Runtime, Version=4.1.1.0, Culture=neutral, PublicKeyToken=b03f5f7f11d50a3a
1>                    ImageRuntime=v4.0.30319
1>                    NuGetPackageId=Microsoft.NETCore.App.Ref
1>                    NuGetPackageVersion=3.0.0
1>                    OriginalItemSpec=C:\Users\hansnguyen\.nuget\packages\microsoft.netcore.app.ref\3.0.0\ref\netcoreapp3.0\System.Dynamic.Runtime.dll
1>                    Private=false
1>                    PublicKeyToken=b03f5f7f11d50a3a
1>                    ReferenceSourceTarget=ResolveAssemblyReference
1>                    ResolvedFrom={RawFileName}
1>                    Version=
1>            C:\Users\hansnguyen\.nuget\packages\microsoft.netcore.app.ref\3.0.0\ref\netcoreapp3.0\System.Globalization.Calendars.dll
1>                    AssemblyVersion=4.1.1.0
1>                    CopyLocal=false
1>                    ExternallyResolved=true
1>                    FileVersion=4.700.19.46214
1>                    FrameworkReferenceName=Microsoft.NETCore.App
1>                    FrameworkReferenceVersion=3.0.0
1>                    FusionName=System.Globalization.Calendars, Version=4.1.1.0, Culture=neutral, PublicKeyToken=b03f5f7f11d50a3a
1>                    ImageRuntime=v4.0.30319
1>                    NuGetPackageId=Microsoft.NETCore.App.Ref
1>                    NuGetPackageVersion=3.0.0
1>                    OriginalItemSpec=C:\Users\hansnguyen\.nuget\packages\microsoft.netcore.app.ref\3.0.0\ref\netcoreapp3.0\System.Globalization.Calendars.dll
1>                    Private=false
1>                    PublicKeyToken=b03f5f7f11d50a3a
1>                    ReferenceSourceTarget=ResolveAssemblyReference
1>                    ResolvedFrom={RawFileName}
1>                    Version=
1>            C:\Users\hansnguyen\.nuget\packages\microsoft.netcore.app.ref\3.0.0\ref\netcoreapp3.0\System.Globalization.dll
1>                    AssemblyVersion=4.1.1.0
1>                    CopyLocal=false
1>                    ExternallyResolved=true
1>                    FileVersion=4.700.19.46214
1>                    FrameworkReferenceName=Microsoft.NETCore.App
1>                    FrameworkReferenceVersion=3.0.0
1>                    FusionName=System.Globalization, Version=4.1.1.0, Culture=neutral, PublicKeyToken=b03f5f7f11d50a3a
1>                    ImageRuntime=v4.0.30319
1>                    NuGetPackageId=Microsoft.NETCore.App.Ref
1>                    NuGetPackageVersion=3.0.0
1>                    OriginalItemSpec=C:\Users\hansnguyen\.nuget\packages\microsoft.netcore.app.ref\3.0.0\ref\netcoreapp3.0\System.Globalization.dll
1>                    Private=false
1>                    PublicKeyToken=b03f5f7f11d50a3a
1>                    ReferenceSourceTarget=ResolveAssemblyReference
1>                    ResolvedFrom={RawFileName}
1>                    Version=
1>            C:\Users\hansnguyen\.nuget\packages\microsoft.netcore.app.ref\3.0.0\ref\netcoreapp3.0\System.Globalization.Extensions.dll
1>                    AssemblyVersion=4.1.1.0
1>                    CopyLocal=false
1>                    ExternallyResolved=true
1>                    FileVersion=4.700.19.46214
1>                    FrameworkReferenceName=Microsoft.NETCore.App
1>                    FrameworkReferenceVersion=3.0.0
1>                    FusionName=System.Globalization.Extensions, Version=4.1.1.0, Culture=neutral, PublicKeyToken=b03f5f7f11d50a3a
1>                    ImageRuntime=v4.0.30319
1>                    NuGetPackageId=Microsoft.NETCore.App.Ref
1>                    NuGetPackageVersion=3.0.0
1>                    OriginalItemSpec=C:\Users\hansnguyen\.nuget\packages\microsoft.netcore.app.ref\3.0.0\ref\netcoreapp3.0\System.Globalization.Extensions.dll
1>                    Private=false
1>                    PublicKeyToken=b03f5f7f11d50a3a
1>                    ReferenceSourceTarget=ResolveAssemblyReference
1>                    ResolvedFrom={RawFileName}
1>                    Version=
1>            C:\Users\hansnguyen\.nuget\packages\microsoft.netcore.app.ref\3.0.0\ref\netcoreapp3.0\System.IO.Compression.Brotli.dll
1>                    AssemblyVersion=4.2.1.0
1>                    CopyLocal=false
1>                    ExternallyResolved=true
1>                    FileVersion=4.700.19.46214
1>                    FrameworkReferenceName=Microsoft.NETCore.App
1>                    FrameworkReferenceVersion=3.0.0
1>                    FusionName=System.IO.Compression.Brotli, Version=4.2.1.0, Culture=neutral, PublicKeyToken=b77a5c561934e089
1>                    ImageRuntime=v4.0.30319
1>                    NuGetPackageId=Microsoft.NETCore.App.Ref
1>                    NuGetPackageVersion=3.0.0
1>                    OriginalItemSpec=C:\Users\hansnguyen\.nuget\packages\microsoft.netcore.app.ref\3.0.0\ref\netcoreapp3.0\System.IO.Compression.Brotli.dll
1>                    Private=false
1>                    PublicKeyToken=b77a5c561934e089
1>                    ReferenceSourceTarget=ResolveAssemblyReference
1>                    ResolvedFrom={RawFileName}
1>                    Version=
1>            C:\Users\hansnguyen\.nuget\packages\microsoft.netcore.app.ref\3.0.0\ref\netcoreapp3.0\System.IO.Compression.dll
1>                    AssemblyVersion=4.2.1.0
1>                    CopyLocal=false
1>                    ExternallyResolved=true
1>                    FileVersion=4.700.19.46214
1>                    FrameworkReferenceName=Microsoft.NETCore.App
1>                    FrameworkReferenceVersion=3.0.0
1>                    FusionName=System.IO.Compression, Version=4.2.1.0, Culture=neutral, PublicKeyToken=b77a5c561934e089
1>                    ImageRuntime=v4.0.30319
1>                    NuGetPackageId=Microsoft.NETCore.App.Ref
1>                    NuGetPackageVersion=3.0.0
1>                    OriginalItemSpec=C:\Users\hansnguyen\.nuget\packages\microsoft.netcore.app.ref\3.0.0\ref\netcoreapp3.0\System.IO.Compression.dll
1>                    Private=false
1>                    PublicKeyToken=b77a5c561934e089
1>                    ReferenceSourceTarget=ResolveAssemblyReference
1>                    ResolvedFrom={RawFileName}
1>                    Version=
1>            C:\Users\hansnguyen\.nuget\packages\microsoft.netcore.app.ref\3.0.0\ref\netcoreapp3.0\System.IO.Compression.FileSystem.dll
1>                    AssemblyVersion=4.0.0.0
1>                    CopyLocal=false
1>                    ExternallyResolved=true
1>                    FileVersion=4.700.19.46214
1>                    FrameworkReferenceName=Microsoft.NETCore.App
1>                    FrameworkReferenceVersion=3.0.0
1>                    FusionName=System.IO.Compression.FileSystem, Version=4.0.0.0, Culture=neutral, PublicKeyToken=b77a5c561934e089
1>                    ImageRuntime=v4.0.30319
1>                    NuGetPackageId=Microsoft.NETCore.App.Ref
1>                    NuGetPackageVersion=3.0.0
1>                    OriginalItemSpec=C:\Users\hansnguyen\.nuget\packages\microsoft.netcore.app.ref\3.0.0\ref\netcoreapp3.0\System.IO.Compression.FileSystem.dll
1>                    Private=false
1>                    PublicKeyToken=b77a5c561934e089
1>                    ReferenceSourceTarget=ResolveAssemblyReference
1>                    ResolvedFrom={RawFileName}
1>                    Version=
1>            C:\Users\hansnguyen\.nuget\packages\microsoft.netcore.app.ref\3.0.0\ref\netcoreapp3.0\System.IO.Compression.ZipFile.dll
1>                    AssemblyVersion=4.0.4.0
1>                    CopyLocal=false
1>                    ExternallyResolved=true
1>                    FileVersion=4.700.19.46214
1>                    FrameworkReferenceName=Microsoft.NETCore.App
1>                    FrameworkReferenceVersion=3.0.0
1>                    FusionName=System.IO.Compression.ZipFile, Version=4.0.4.0, Culture=neutral, PublicKeyToken=b77a5c561934e089
1>                    ImageRuntime=v4.0.30319
1>                    NuGetPackageId=Microsoft.NETCore.App.Ref
1>                    NuGetPackageVersion=3.0.0
1>                    OriginalItemSpec=C:\Users\hansnguyen\.nuget\packages\microsoft.netcore.app.ref\3.0.0\ref\netcoreapp3.0\System.IO.Compression.ZipFile.dll
1>                    Private=false
1>                    PublicKeyToken=b77a5c561934e089
1>                    ReferenceSourceTarget=ResolveAssemblyReference
1>                    ResolvedFrom={RawFileName}
1>                    Version=
1>            C:\Users\hansnguyen\.nuget\packages\microsoft.netcore.app.ref\3.0.0\ref\netcoreapp3.0\System.IO.dll
1>                    AssemblyVersion=4.2.1.0
1>                    CopyLocal=false
1>                    ExternallyResolved=true
1>                    FileVersion=4.700.19.46214
1>                    FrameworkReferenceName=Microsoft.NETCore.App
1>                    FrameworkReferenceVersion=3.0.0
1>                    FusionName=System.IO, Version=4.2.1.0, Culture=neutral, PublicKeyToken=b03f5f7f11d50a3a
1>                    ImageRuntime=v4.0.30319
1>                    NuGetPackageId=Microsoft.NETCore.App.Ref
1>                    NuGetPackageVersion=3.0.0
1>                    OriginalItemSpec=C:\Users\hansnguyen\.nuget\packages\microsoft.netcore.app.ref\3.0.0\ref\netcoreapp3.0\System.IO.dll
1>                    Private=false
1>                    PublicKeyToken=b03f5f7f11d50a3a
1>                    ReferenceSourceTarget=ResolveAssemblyReference
1>                    ResolvedFrom={RawFileName}
1>                    Version=
1>            C:\Users\hansnguyen\.nuget\packages\microsoft.windowsdesktop.app.ref\3.0.0\ref\netcoreapp3.0\System.IO.FileSystem.AccessControl.dll
1>                    AssemblyVersion=4.0.4.0
1>                    CopyLocal=false
1>                    ExternallyResolved=true
1>                    FileVersion=4.700.19.46214
1>                    FrameworkReferenceName=Microsoft.WindowsDesktop.App.WPF
1>                    FrameworkReferenceVersion=3.0.0
1>                    FusionName=System.IO.FileSystem.AccessControl, Version=4.0.4.0, Culture=neutral, PublicKeyToken=b03f5f7f11d50a3a
1>                    ImageRuntime=v4.0.30319
1>                    NuGetPackageId=Microsoft.WindowsDesktop.App.Ref
1>                    NuGetPackageVersion=3.0.0
1>                    OriginalItemSpec=C:\Users\hansnguyen\.nuget\packages\microsoft.windowsdesktop.app.ref\3.0.0\ref\netcoreapp3.0\System.IO.FileSystem.AccessControl.dll
1>                    Private=false
1>                    PublicKeyToken=b03f5f7f11d50a3a
1>                    ReferenceSourceTarget=ResolveAssemblyReference
1>                    ResolvedFrom={RawFileName}
1>                    Version=
1>            C:\Users\hansnguyen\.nuget\packages\microsoft.netcore.app.ref\3.0.0\ref\netcoreapp3.0\System.IO.FileSystem.dll
1>                    AssemblyVersion=4.1.1.0
1>                    CopyLocal=false
1>                    ExternallyResolved=true
1>                    FileVersion=4.700.19.46214
1>                    FrameworkReferenceName=Microsoft.NETCore.App
1>                    FrameworkReferenceVersion=3.0.0
1>                    FusionName=System.IO.FileSystem, Version=4.1.1.0, Culture=neutral, PublicKeyToken=b03f5f7f11d50a3a
1>                    ImageRuntime=v4.0.30319
1>                    NuGetPackageId=Microsoft.NETCore.App.Ref
1>                    NuGetPackageVersion=3.0.0
1>                    OriginalItemSpec=C:\Users\hansnguyen\.nuget\packages\microsoft.netcore.app.ref\3.0.0\ref\netcoreapp3.0\System.IO.FileSystem.dll
1>                    Private=false
1>                    PublicKeyToken=b03f5f7f11d50a3a
1>                    ReferenceSourceTarget=ResolveAssemblyReference
1>                    ResolvedFrom={RawFileName}
1>                    Version=
1>            C:\Users\hansnguyen\.nuget\packages\microsoft.netcore.app.ref\3.0.0\ref\netcoreapp3.0\System.IO.FileSystem.DriveInfo.dll
1>                    AssemblyVersion=4.1.1.0
1>                    CopyLocal=false
1>                    ExternallyResolved=true
1>                    FileVersion=4.700.19.46214
1>                    FrameworkReferenceName=Microsoft.NETCore.App
1>                    FrameworkReferenceVersion=3.0.0
1>                    FusionName=System.IO.FileSystem.DriveInfo, Version=4.1.1.0, Culture=neutral, PublicKeyToken=b03f5f7f11d50a3a
1>                    ImageRuntime=v4.0.30319
1>                    NuGetPackageId=Microsoft.NETCore.App.Ref
1>                    NuGetPackageVersion=3.0.0
1>                    OriginalItemSpec=C:\Users\hansnguyen\.nuget\packages\microsoft.netcore.app.ref\3.0.0\ref\netcoreapp3.0\System.IO.FileSystem.DriveInfo.dll
1>                    Private=false
1>                    PublicKeyToken=b03f5f7f11d50a3a
1>                    ReferenceSourceTarget=ResolveAssemblyReference
1>                    ResolvedFrom={RawFileName}
1>                    Version=
1>            C:\Users\hansnguyen\.nuget\packages\microsoft.netcore.app.ref\3.0.0\ref\netcoreapp3.0\System.IO.FileSystem.Primitives.dll
1>                    AssemblyVersion=4.1.1.0
1>                    CopyLocal=false
1>                    ExternallyResolved=true
1>                    FileVersion=4.700.19.46214
1>                    FrameworkReferenceName=Microsoft.NETCore.App
1>                    FrameworkReferenceVersion=3.0.0
1>                    FusionName=System.IO.FileSystem.Primitives, Version=4.1.1.0, Culture=neutral, PublicKeyToken=b03f5f7f11d50a3a
1>                    ImageRuntime=v4.0.30319
1>                    NuGetPackageId=Microsoft.NETCore.App.Ref
1>                    NuGetPackageVersion=3.0.0
1>                    OriginalItemSpec=C:\Users\hansnguyen\.nuget\packages\microsoft.netcore.app.ref\3.0.0\ref\netcoreapp3.0\System.IO.FileSystem.Primitives.dll
1>                    Private=false
1>                    PublicKeyToken=b03f5f7f11d50a3a
1>                    ReferenceSourceTarget=ResolveAssemblyReference
1>                    ResolvedFrom={RawFileName}
1>                    Version=
1>            C:\Users\hansnguyen\.nuget\packages\microsoft.netcore.app.ref\3.0.0\ref\netcoreapp3.0\System.IO.FileSystem.Watcher.dll
1>                    AssemblyVersion=4.1.1.0
1>                    CopyLocal=false
1>                    ExternallyResolved=true
1>                    FileVersion=4.700.19.46214
1>                    FrameworkReferenceName=Microsoft.NETCore.App
1>                    FrameworkReferenceVersion=3.0.0
1>                    FusionName=System.IO.FileSystem.Watcher, Version=4.1.1.0, Culture=neutral, PublicKeyToken=b03f5f7f11d50a3a
1>                    ImageRuntime=v4.0.30319
1>                    NuGetPackageId=Microsoft.NETCore.App.Ref
1>                    NuGetPackageVersion=3.0.0
1>                    OriginalItemSpec=C:\Users\hansnguyen\.nuget\packages\microsoft.netcore.app.ref\3.0.0\ref\netcoreapp3.0\System.IO.FileSystem.Watcher.dll
1>                    Private=false
1>                    PublicKeyToken=b03f5f7f11d50a3a
1>                    ReferenceSourceTarget=ResolveAssemblyReference
1>                    ResolvedFrom={RawFileName}
1>                    Version=
1>            C:\Users\hansnguyen\.nuget\packages\microsoft.netcore.app.ref\3.0.0\ref\netcoreapp3.0\System.IO.IsolatedStorage.dll
1>                    AssemblyVersion=4.1.1.0
1>                    CopyLocal=false
1>                    ExternallyResolved=true
1>                    FileVersion=4.700.19.46214
1>                    FrameworkReferenceName=Microsoft.NETCore.App
1>                    FrameworkReferenceVersion=3.0.0
1>                    FusionName=System.IO.IsolatedStorage, Version=4.1.1.0, Culture=neutral, PublicKeyToken=b03f5f7f11d50a3a
1>                    ImageRuntime=v4.0.30319
1>                    NuGetPackageId=Microsoft.NETCore.App.Ref
1>                    NuGetPackageVersion=3.0.0
1>                    OriginalItemSpec=C:\Users\hansnguyen\.nuget\packages\microsoft.netcore.app.ref\3.0.0\ref\netcoreapp3.0\System.IO.IsolatedStorage.dll
1>                    Private=false
1>                    PublicKeyToken=b03f5f7f11d50a3a
1>                    ReferenceSourceTarget=ResolveAssemblyReference
1>                    ResolvedFrom={RawFileName}
1>                    Version=
1>            C:\Users\hansnguyen\.nuget\packages\microsoft.netcore.app.ref\3.0.0\ref\netcoreapp3.0\System.IO.MemoryMappedFiles.dll
1>                    AssemblyVersion=4.1.1.0
1>                    CopyLocal=false
1>                    ExternallyResolved=true
1>                    FileVersion=4.700.19.46214
1>                    FrameworkReferenceName=Microsoft.NETCore.App
1>                    FrameworkReferenceVersion=3.0.0
1>                    FusionName=System.IO.MemoryMappedFiles, Version=4.1.1.0, Culture=neutral, PublicKeyToken=b03f5f7f11d50a3a
1>                    ImageRuntime=v4.0.30319
1>                    NuGetPackageId=Microsoft.NETCore.App.Ref
1>                    NuGetPackageVersion=3.0.0
1>                    OriginalItemSpec=C:\Users\hansnguyen\.nuget\packages\microsoft.netcore.app.ref\3.0.0\ref\netcoreapp3.0\System.IO.MemoryMappedFiles.dll
1>                    Private=false
1>                    PublicKeyToken=b03f5f7f11d50a3a
1>                    ReferenceSourceTarget=ResolveAssemblyReference
1>                    ResolvedFrom={RawFileName}
1>                    Version=
1>            C:\Users\hansnguyen\.nuget\packages\microsoft.windowsdesktop.app.ref\3.0.0\ref\netcoreapp3.0\System.IO.Packaging.dll
1>                    AssemblyVersion=4.0.4.0
1>                    CopyLocal=false
1>                    ExternallyResolved=true
1>                    FileVersion=4.700.19.46214
1>                    FrameworkReferenceName=Microsoft.WindowsDesktop.App.WPF
1>                    FrameworkReferenceVersion=3.0.0
1>                    FusionName=System.IO.Packaging, Version=4.0.4.0, Culture=neutral, PublicKeyToken=b03f5f7f11d50a3a
1>                    ImageRuntime=v4.0.30319
1>                    NuGetPackageId=Microsoft.WindowsDesktop.App.Ref
1>                    NuGetPackageVersion=3.0.0
1>                    OriginalItemSpec=C:\Users\hansnguyen\.nuget\packages\microsoft.windowsdesktop.app.ref\3.0.0\ref\netcoreapp3.0\System.IO.Packaging.dll
1>                    Private=false
1>                    PublicKeyToken=b03f5f7f11d50a3a
1>                    ReferenceSourceTarget=ResolveAssemblyReference
1>                    ResolvedFrom={RawFileName}
1>                    Version=
1>            C:\Users\hansnguyen\.nuget\packages\microsoft.windowsdesktop.app.ref\3.0.0\ref\netcoreapp3.0\System.IO.Pipes.AccessControl.dll
1>                    AssemblyVersion=4.0.3.0
1>                    CopyLocal=false
1>                    ExternallyResolved=true
1>                    FileVersion=4.6.26606.5
1>                    FrameworkReferenceName=Microsoft.WindowsDesktop.App.WPF
1>                    FrameworkReferenceVersion=3.0.0
1>                    FusionName=System.IO.Pipes.AccessControl, Version=4.0.3.0, Culture=neutral, PublicKeyToken=b03f5f7f11d50a3a
1>                    ImageRuntime=v4.0.30319
1>                    NuGetPackageId=Microsoft.WindowsDesktop.App.Ref
1>                    NuGetPackageVersion=3.0.0
1>                    OriginalItemSpec=C:\Users\hansnguyen\.nuget\packages\microsoft.windowsdesktop.app.ref\3.0.0\ref\netcoreapp3.0\System.IO.Pipes.AccessControl.dll
1>                    Private=false
1>                    PublicKeyToken=b03f5f7f11d50a3a
1>                    ReferenceSourceTarget=ResolveAssemblyReference
1>                    ResolvedFrom={RawFileName}
1>                    Version=
1>            C:\Users\hansnguyen\.nuget\packages\microsoft.netcore.app.ref\3.0.0\ref\netcoreapp3.0\System.IO.Pipes.dll
1>                    AssemblyVersion=4.1.1.0
1>                    CopyLocal=false
1>                    ExternallyResolved=true
1>                    FileVersion=4.700.19.46214
1>                    FrameworkReferenceName=Microsoft.NETCore.App
1>                    FrameworkReferenceVersion=3.0.0
1>                    FusionName=System.IO.Pipes, Version=4.1.1.0, Culture=neutral, PublicKeyToken=b03f5f7f11d50a3a
1>                    ImageRuntime=v4.0.30319
1>                    NuGetPackageId=Microsoft.NETCore.App.Ref
1>                    NuGetPackageVersion=3.0.0
1>                    OriginalItemSpec=C:\Users\hansnguyen\.nuget\packages\microsoft.netcore.app.ref\3.0.0\ref\netcoreapp3.0\System.IO.Pipes.dll
1>                    Private=false
1>                    PublicKeyToken=b03f5f7f11d50a3a
1>                    ReferenceSourceTarget=ResolveAssemblyReference
1>                    ResolvedFrom={RawFileName}
1>                    Version=
1>            C:\Users\hansnguyen\.nuget\packages\microsoft.netcore.app.ref\3.0.0\ref\netcoreapp3.0\System.IO.UnmanagedMemoryStream.dll
1>                    AssemblyVersion=4.1.1.0
1>                    CopyLocal=false
1>                    ExternallyResolved=true
1>                    FileVersion=4.700.19.46214
1>                    FrameworkReferenceName=Microsoft.NETCore.App
1>                    FrameworkReferenceVersion=3.0.0
1>                    FusionName=System.IO.UnmanagedMemoryStream, Version=4.1.1.0, Culture=neutral, PublicKeyToken=b03f5f7f11d50a3a
1>                    ImageRuntime=v4.0.30319
1>                    NuGetPackageId=Microsoft.NETCore.App.Ref
1>                    NuGetPackageVersion=3.0.0
1>                    OriginalItemSpec=C:\Users\hansnguyen\.nuget\packages\microsoft.netcore.app.ref\3.0.0\ref\netcoreapp3.0\System.IO.UnmanagedMemoryStream.dll
1>                    Private=false
1>                    PublicKeyToken=b03f5f7f11d50a3a
1>                    ReferenceSourceTarget=ResolveAssemblyReference
1>                    ResolvedFrom={RawFileName}
1>                    Version=
1>            C:\Users\hansnguyen\.nuget\packages\microsoft.netcore.app.ref\3.0.0\ref\netcoreapp3.0\System.Linq.dll
1>                    AssemblyVersion=4.2.1.0
1>                    CopyLocal=false
1>                    ExternallyResolved=true
1>                    FileVersion=4.700.19.46214
1>                    FrameworkReferenceName=Microsoft.NETCore.App
1>                    FrameworkReferenceVersion=3.0.0
1>                    FusionName=System.Linq, Version=4.2.1.0, Culture=neutral, PublicKeyToken=b03f5f7f11d50a3a
1>                    ImageRuntime=v4.0.30319
1>                    NuGetPackageId=Microsoft.NETCore.App.Ref
1>                    NuGetPackageVersion=3.0.0
1>                    OriginalItemSpec=C:\Users\hansnguyen\.nuget\packages\microsoft.netcore.app.ref\3.0.0\ref\netcoreapp3.0\System.Linq.dll
1>                    Private=false
1>                    PublicKeyToken=b03f5f7f11d50a3a
1>                    ReferenceSourceTarget=ResolveAssemblyReference
1>                    ResolvedFrom={RawFileName}
1>                    Version=
1>            C:\Users\hansnguyen\.nuget\packages\microsoft.netcore.app.ref\3.0.0\ref\netcoreapp3.0\System.Linq.Expressions.dll
1>                    AssemblyVersion=4.2.1.0
1>                    CopyLocal=false
1>                    ExternallyResolved=true
1>                    FileVersion=4.700.19.46214
1>                    FrameworkReferenceName=Microsoft.NETCore.App
1>                    FrameworkReferenceVersion=3.0.0
1>                    FusionName=System.Linq.Expressions, Version=4.2.1.0, Culture=neutral, PublicKeyToken=b03f5f7f11d50a3a
1>                    ImageRuntime=v4.0.30319
1>                    NuGetPackageId=Microsoft.NETCore.App.Ref
1>                    NuGetPackageVersion=3.0.0
1>                    OriginalItemSpec=C:\Users\hansnguyen\.nuget\packages\microsoft.netcore.app.ref\3.0.0\ref\netcoreapp3.0\System.Linq.Expressions.dll
1>                    Private=false
1>                    PublicKeyToken=b03f5f7f11d50a3a
1>                    ReferenceSourceTarget=ResolveAssemblyReference
1>                    ResolvedFrom={RawFileName}
1>                    Version=
1>            C:\Users\hansnguyen\.nuget\packages\microsoft.netcore.app.ref\3.0.0\ref\netcoreapp3.0\System.Linq.Parallel.dll
1>                    AssemblyVersion=4.0.3.0
1>                    CopyLocal=false
1>                    ExternallyResolved=true
1>                    FileVersion=4.700.19.46214
1>                    FrameworkReferenceName=Microsoft.NETCore.App
1>                    FrameworkReferenceVersion=3.0.0
1>                    FusionName=System.Linq.Parallel, Version=4.0.3.0, Culture=neutral, PublicKeyToken=b03f5f7f11d50a3a
1>                    ImageRuntime=v4.0.30319
1>                    NuGetPackageId=Microsoft.NETCore.App.Ref
1>                    NuGetPackageVersion=3.0.0
1>                    OriginalItemSpec=C:\Users\hansnguyen\.nuget\packages\microsoft.netcore.app.ref\3.0.0\ref\netcoreapp3.0\System.Linq.Parallel.dll
1>                    Private=false
1>                    PublicKeyToken=b03f5f7f11d50a3a
1>                    ReferenceSourceTarget=ResolveAssemblyReference
1>                    ResolvedFrom={RawFileName}
1>                    Version=
1>            C:\Users\hansnguyen\.nuget\packages\microsoft.netcore.app.ref\3.0.0\ref\netcoreapp3.0\System.Linq.Queryable.dll
1>                    AssemblyVersion=4.0.3.0
1>                    CopyLocal=false
1>                    ExternallyResolved=true
1>                    FileVersion=4.700.19.46214
1>                    FrameworkReferenceName=Microsoft.NETCore.App
1>                    FrameworkReferenceVersion=3.0.0
1>                    FusionName=System.Linq.Queryable, Version=4.0.3.0, Culture=neutral, PublicKeyToken=b03f5f7f11d50a3a
1>                    ImageRuntime=v4.0.30319
1>                    NuGetPackageId=Microsoft.NETCore.App.Ref
1>                    NuGetPackageVersion=3.0.0
1>                    OriginalItemSpec=C:\Users\hansnguyen\.nuget\packages\microsoft.netcore.app.ref\3.0.0\ref\netcoreapp3.0\System.Linq.Queryable.dll
1>                    Private=false
1>                    PublicKeyToken=b03f5f7f11d50a3a
1>                    ReferenceSourceTarget=ResolveAssemblyReference
1>                    ResolvedFrom={RawFileName}
1>                    Version=
1>            C:\Users\hansnguyen\.nuget\packages\microsoft.netcore.app.ref\3.0.0\ref\netcoreapp3.0\System.Memory.dll
1>                    AssemblyVersion=4.2.0.0
1>                    CopyLocal=false
1>                    ExternallyResolved=true
1>                    FileVersion=4.700.19.46214
1>                    FrameworkReferenceName=Microsoft.NETCore.App
1>                    FrameworkReferenceVersion=3.0.0
1>                    FusionName=System.Memory, Version=4.2.0.0, Culture=neutral, PublicKeyToken=cc7b13ffcd2ddd51
1>                    ImageRuntime=v4.0.30319
1>                    NuGetPackageId=Microsoft.NETCore.App.Ref
1>                    NuGetPackageVersion=3.0.0
1>                    OriginalItemSpec=C:\Users\hansnguyen\.nuget\packages\microsoft.netcore.app.ref\3.0.0\ref\netcoreapp3.0\System.Memory.dll
1>                    Private=false
1>                    PublicKeyToken=cc7b13ffcd2ddd51
1>                    ReferenceSourceTarget=ResolveAssemblyReference
1>                    ResolvedFrom={RawFileName}
1>                    Version=
1>            C:\Users\hansnguyen\.nuget\packages\microsoft.netcore.app.ref\3.0.0\ref\netcoreapp3.0\System.Net.dll
1>                    AssemblyVersion=4.0.0.0
1>                    CopyLocal=false
1>                    ExternallyResolved=true
1>                    FileVersion=4.700.19.46214
1>                    FrameworkReferenceName=Microsoft.NETCore.App
1>                    FrameworkReferenceVersion=3.0.0
1>                    FusionName=System.Net, Version=4.0.0.0, Culture=neutral, PublicKeyToken=b03f5f7f11d50a3a
1>                    ImageRuntime=v4.0.30319
1>                    NuGetPackageId=Microsoft.NETCore.App.Ref
1>                    NuGetPackageVersion=3.0.0
1>                    OriginalItemSpec=C:\Users\hansnguyen\.nuget\packages\microsoft.netcore.app.ref\3.0.0\ref\netcoreapp3.0\System.Net.dll
1>                    Private=false
1>                    PublicKeyToken=b03f5f7f11d50a3a
1>                    ReferenceSourceTarget=ResolveAssemblyReference
1>                    ResolvedFrom={RawFileName}
1>                    Version=
1>            C:\Users\hansnguyen\.nuget\packages\microsoft.netcore.app.ref\3.0.0\ref\netcoreapp3.0\System.Net.Http.dll
1>                    AssemblyVersion=4.2.1.0
1>                    CopyLocal=false
1>                    ExternallyResolved=true
1>                    FileVersion=4.700.19.46214
1>                    FrameworkReferenceName=Microsoft.NETCore.App
1>                    FrameworkReferenceVersion=3.0.0
1>                    FusionName=System.Net.Http, Version=4.2.1.0, Culture=neutral, PublicKeyToken=b03f5f7f11d50a3a
1>                    ImageRuntime=v4.0.30319
1>                    NuGetPackageId=Microsoft.NETCore.App.Ref
1>                    NuGetPackageVersion=3.0.0
1>                    OriginalItemSpec=C:\Users\hansnguyen\.nuget\packages\microsoft.netcore.app.ref\3.0.0\ref\netcoreapp3.0\System.Net.Http.dll
1>                    Private=false
1>                    PublicKeyToken=b03f5f7f11d50a3a
1>                    ReferenceSourceTarget=ResolveAssemblyReference
1>                    ResolvedFrom={RawFileName}
1>                    Version=
1>            C:\Users\hansnguyen\.nuget\packages\microsoft.netcore.app.ref\3.0.0\ref\netcoreapp3.0\System.Net.HttpListener.dll
1>                    AssemblyVersion=4.0.1.0
1>                    CopyLocal=false
1>                    ExternallyResolved=true
1>                    FileVersion=4.700.19.46214
1>                    FrameworkReferenceName=Microsoft.NETCore.App
1>                    FrameworkReferenceVersion=3.0.0
1>                    FusionName=System.Net.HttpListener, Version=4.0.1.0, Culture=neutral, PublicKeyToken=cc7b13ffcd2ddd51
1>                    ImageRuntime=v4.0.30319
1>                    NuGetPackageId=Microsoft.NETCore.App.Ref
1>                    NuGetPackageVersion=3.0.0
1>                    OriginalItemSpec=C:\Users\hansnguyen\.nuget\packages\microsoft.netcore.app.ref\3.0.0\ref\netcoreapp3.0\System.Net.HttpListener.dll
1>                    Private=false
1>                    PublicKeyToken=cc7b13ffcd2ddd51
1>                    ReferenceSourceTarget=ResolveAssemblyReference
1>                    ResolvedFrom={RawFileName}
1>                    Version=
1>            C:\Users\hansnguyen\.nuget\packages\microsoft.netcore.app.ref\3.0.0\ref\netcoreapp3.0\System.Net.Mail.dll
1>                    AssemblyVersion=4.0.1.0
1>                    CopyLocal=false
1>                    ExternallyResolved=true
1>                    FileVersion=4.700.19.46214
1>                    FrameworkReferenceName=Microsoft.NETCore.App
1>                    FrameworkReferenceVersion=3.0.0
1>                    FusionName=System.Net.Mail, Version=4.0.1.0, Culture=neutral, PublicKeyToken=cc7b13ffcd2ddd51
1>                    ImageRuntime=v4.0.30319
1>                    NuGetPackageId=Microsoft.NETCore.App.Ref
1>                    NuGetPackageVersion=3.0.0
1>                    OriginalItemSpec=C:\Users\hansnguyen\.nuget\packages\microsoft.netcore.app.ref\3.0.0\ref\netcoreapp3.0\System.Net.Mail.dll
1>                    Private=false
1>                    PublicKeyToken=cc7b13ffcd2ddd51
1>                    ReferenceSourceTarget=ResolveAssemblyReference
1>                    ResolvedFrom={RawFileName}
1>                    Version=
1>            C:\Users\hansnguyen\.nuget\packages\microsoft.netcore.app.ref\3.0.0\ref\netcoreapp3.0\System.Net.NameResolution.dll
1>                    AssemblyVersion=4.1.1.0
1>                    CopyLocal=false
1>                    ExternallyResolved=true
1>                    FileVersion=4.700.19.46214
1>                    FrameworkReferenceName=Microsoft.NETCore.App
1>                    FrameworkReferenceVersion=3.0.0
1>                    FusionName=System.Net.NameResolution, Version=4.1.1.0, Culture=neutral, PublicKeyToken=b03f5f7f11d50a3a
1>                    ImageRuntime=v4.0.30319
1>                    NuGetPackageId=Microsoft.NETCore.App.Ref
1>                    NuGetPackageVersion=3.0.0
1>                    OriginalItemSpec=C:\Users\hansnguyen\.nuget\packages\microsoft.netcore.app.ref\3.0.0\ref\netcoreapp3.0\System.Net.NameResolution.dll
1>                    Private=false
1>                    PublicKeyToken=b03f5f7f11d50a3a
1>                    ReferenceSourceTarget=ResolveAssemblyReference
1>                    ResolvedFrom={RawFileName}
1>                    Version=
1>            C:\Users\hansnguyen\.nuget\packages\microsoft.netcore.app.ref\3.0.0\ref\netcoreapp3.0\System.Net.NetworkInformation.dll
1>                    AssemblyVersion=4.2.1.0
1>                    CopyLocal=false
1>                    ExternallyResolved=true
1>                    FileVersion=4.700.19.46214
1>                    FrameworkReferenceName=Microsoft.NETCore.App
1>                    FrameworkReferenceVersion=3.0.0
1>                    FusionName=System.Net.NetworkInformation, Version=4.2.1.0, Culture=neutral, PublicKeyToken=b03f5f7f11d50a3a
1>                    ImageRuntime=v4.0.30319
1>                    NuGetPackageId=Microsoft.NETCore.App.Ref
1>                    NuGetPackageVersion=3.0.0
1>                    OriginalItemSpec=C:\Users\hansnguyen\.nuget\packages\microsoft.netcore.app.ref\3.0.0\ref\netcoreapp3.0\System.Net.NetworkInformation.dll
1>                    Private=false
1>                    PublicKeyToken=b03f5f7f11d50a3a
1>                    ReferenceSourceTarget=ResolveAssemblyReference
1>                    ResolvedFrom={RawFileName}
1>                    Version=
1>            C:\Users\hansnguyen\.nuget\packages\microsoft.netcore.app.ref\3.0.0\ref\netcoreapp3.0\System.Net.Ping.dll
1>                    AssemblyVersion=4.1.1.0
1>                    CopyLocal=false
1>                    ExternallyResolved=true
1>                    FileVersion=4.700.19.46214
1>                    FrameworkReferenceName=Microsoft.NETCore.App
1>                    FrameworkReferenceVersion=3.0.0
1>                    FusionName=System.Net.Ping, Version=4.1.1.0, Culture=neutral, PublicKeyToken=b03f5f7f11d50a3a
1>                    ImageRuntime=v4.0.30319
1>                    NuGetPackageId=Microsoft.NETCore.App.Ref
1>                    NuGetPackageVersion=3.0.0
1>                    OriginalItemSpec=C:\Users\hansnguyen\.nuget\packages\microsoft.netcore.app.ref\3.0.0\ref\netcoreapp3.0\System.Net.Ping.dll
1>                    Private=false
1>                    PublicKeyToken=b03f5f7f11d50a3a
1>                    ReferenceSourceTarget=ResolveAssemblyReference
1>                    ResolvedFrom={RawFileName}
1>                    Version=
1>            C:\Users\hansnguyen\.nuget\packages\microsoft.netcore.app.ref\3.0.0\ref\netcoreapp3.0\System.Net.Primitives.dll
1>                    AssemblyVersion=4.1.1.0
1>                    CopyLocal=false
1>                    ExternallyResolved=true
1>                    FileVersion=4.700.19.46214
1>                    FrameworkReferenceName=Microsoft.NETCore.App
1>                    FrameworkReferenceVersion=3.0.0
1>                    FusionName=System.Net.Primitives, Version=4.1.1.0, Culture=neutral, PublicKeyToken=b03f5f7f11d50a3a
1>                    ImageRuntime=v4.0.30319
1>                    NuGetPackageId=Microsoft.NETCore.App.Ref
1>                    NuGetPackageVersion=3.0.0
1>                    OriginalItemSpec=C:\Users\hansnguyen\.nuget\packages\microsoft.netcore.app.ref\3.0.0\ref\netcoreapp3.0\System.Net.Primitives.dll
1>                    Private=false
1>                    PublicKeyToken=b03f5f7f11d50a3a
1>                    ReferenceSourceTarget=ResolveAssemblyReference
1>                    ResolvedFrom={RawFileName}
1>                    Version=
1>            C:\Users\hansnguyen\.nuget\packages\microsoft.netcore.app.ref\3.0.0\ref\netcoreapp3.0\System.Net.Requests.dll
1>                    AssemblyVersion=4.1.1.0
1>                    CopyLocal=false
1>                    ExternallyResolved=true
1>                    FileVersion=4.700.19.46214
1>                    FrameworkReferenceName=Microsoft.NETCore.App
1>                    FrameworkReferenceVersion=3.0.0
1>                    FusionName=System.Net.Requests, Version=4.1.1.0, Culture=neutral, PublicKeyToken=b03f5f7f11d50a3a
1>                    ImageRuntime=v4.0.30319
1>                    NuGetPackageId=Microsoft.NETCore.App.Ref
1>                    NuGetPackageVersion=3.0.0
1>                    OriginalItemSpec=C:\Users\hansnguyen\.nuget\packages\microsoft.netcore.app.ref\3.0.0\ref\netcoreapp3.0\System.Net.Requests.dll
1>                    Private=false
1>                    PublicKeyToken=b03f5f7f11d50a3a
1>                    ReferenceSourceTarget=ResolveAssemblyReference
1>                    ResolvedFrom={RawFileName}
1>                    Version=
1>            C:\Users\hansnguyen\.nuget\packages\microsoft.netcore.app.ref\3.0.0\ref\netcoreapp3.0\System.Net.Security.dll
1>                    AssemblyVersion=4.1.1.0
1>                    CopyLocal=false
1>                    ExternallyResolved=true
1>                    FileVersion=4.700.19.46214
1>                    FrameworkReferenceName=Microsoft.NETCore.App
1>                    FrameworkReferenceVersion=3.0.0
1>                    FusionName=System.Net.Security, Version=4.1.1.0, Culture=neutral, PublicKeyToken=b03f5f7f11d50a3a
1>                    ImageRuntime=v4.0.30319
1>                    NuGetPackageId=Microsoft.NETCore.App.Ref
1>                    NuGetPackageVersion=3.0.0
1>                    OriginalItemSpec=C:\Users\hansnguyen\.nuget\packages\microsoft.netcore.app.ref\3.0.0\ref\netcoreapp3.0\System.Net.Security.dll
1>                    Private=false
1>                    PublicKeyToken=b03f5f7f11d50a3a
1>                    ReferenceSourceTarget=ResolveAssemblyReference
1>                    ResolvedFrom={RawFileName}
1>                    Version=
1>            C:\Users\hansnguyen\.nuget\packages\microsoft.netcore.app.ref\3.0.0\ref\netcoreapp3.0\System.Net.ServicePoint.dll
1>                    AssemblyVersion=4.0.1.0
1>                    CopyLocal=false
1>                    ExternallyResolved=true
1>                    FileVersion=4.700.19.46214
1>                    FrameworkReferenceName=Microsoft.NETCore.App
1>                    FrameworkReferenceVersion=3.0.0
1>                    FusionName=System.Net.ServicePoint, Version=4.0.1.0, Culture=neutral, PublicKeyToken=cc7b13ffcd2ddd51
1>                    ImageRuntime=v4.0.30319
1>                    NuGetPackageId=Microsoft.NETCore.App.Ref
1>                    NuGetPackageVersion=3.0.0
1>                    OriginalItemSpec=C:\Users\hansnguyen\.nuget\packages\microsoft.netcore.app.ref\3.0.0\ref\netcoreapp3.0\System.Net.ServicePoint.dll
1>                    Private=false
1>                    PublicKeyToken=cc7b13ffcd2ddd51
1>                    ReferenceSourceTarget=ResolveAssemblyReference
1>                    ResolvedFrom={RawFileName}
1>                    Version=
1>            C:\Users\hansnguyen\.nuget\packages\microsoft.netcore.app.ref\3.0.0\ref\netcoreapp3.0\System.Net.Sockets.dll
1>                    AssemblyVersion=4.2.1.0
1>                    CopyLocal=false
1>                    ExternallyResolved=true
1>                    FileVersion=4.700.19.46214
1>                    FrameworkReferenceName=Microsoft.NETCore.App
1>                    FrameworkReferenceVersion=3.0.0
1>                    FusionName=System.Net.Sockets, Version=4.2.1.0, Culture=neutral, PublicKeyToken=b03f5f7f11d50a3a
1>                    ImageRuntime=v4.0.30319
1>                    NuGetPackageId=Microsoft.NETCore.App.Ref
1>                    NuGetPackageVersion=3.0.0
1>                    OriginalItemSpec=C:\Users\hansnguyen\.nuget\packages\microsoft.netcore.app.ref\3.0.0\ref\netcoreapp3.0\System.Net.Sockets.dll
1>                    Private=false
1>                    PublicKeyToken=b03f5f7f11d50a3a
1>                    ReferenceSourceTarget=ResolveAssemblyReference
1>                    ResolvedFrom={RawFileName}
1>                    Version=
1>            C:\Users\hansnguyen\.nuget\packages\microsoft.netcore.app.ref\3.0.0\ref\netcoreapp3.0\System.Net.WebClient.dll
1>                    AssemblyVersion=4.0.1.0
1>                    CopyLocal=false
1>                    ExternallyResolved=true
1>                    FileVersion=4.700.19.46214
1>                    FrameworkReferenceName=Microsoft.NETCore.App
1>                    FrameworkReferenceVersion=3.0.0
1>                    FusionName=System.Net.WebClient, Version=4.0.1.0, Culture=neutral, PublicKeyToken=cc7b13ffcd2ddd51
1>                    ImageRuntime=v4.0.30319
1>                    NuGetPackageId=Microsoft.NETCore.App.Ref
1>                    NuGetPackageVersion=3.0.0
1>                    OriginalItemSpec=C:\Users\hansnguyen\.nuget\packages\microsoft.netcore.app.ref\3.0.0\ref\netcoreapp3.0\System.Net.WebClient.dll
1>                    Private=false
1>                    PublicKeyToken=cc7b13ffcd2ddd51
1>                    ReferenceSourceTarget=ResolveAssemblyReference
1>                    ResolvedFrom={RawFileName}
1>                    Version=
1>            C:\Users\hansnguyen\.nuget\packages\microsoft.netcore.app.ref\3.0.0\ref\netcoreapp3.0\System.Net.WebHeaderCollection.dll
1>                    AssemblyVersion=4.1.1.0
1>                    CopyLocal=false
1>                    ExternallyResolved=true
1>                    FileVersion=4.700.19.46214
1>                    FrameworkReferenceName=Microsoft.NETCore.App
1>                    FrameworkReferenceVersion=3.0.0
1>                    FusionName=System.Net.WebHeaderCollection, Version=4.1.1.0, Culture=neutral, PublicKeyToken=b03f5f7f11d50a3a
1>                    ImageRuntime=v4.0.30319
1>                    NuGetPackageId=Microsoft.NETCore.App.Ref
1>                    NuGetPackageVersion=3.0.0
1>                    OriginalItemSpec=C:\Users\hansnguyen\.nuget\packages\microsoft.netcore.app.ref\3.0.0\ref\netcoreapp3.0\System.Net.WebHeaderCollection.dll
1>                    Private=false
1>                    PublicKeyToken=b03f5f7f11d50a3a
1>                    ReferenceSourceTarget=ResolveAssemblyReference
1>                    ResolvedFrom={RawFileName}
1>                    Version=
1>            C:\Users\hansnguyen\.nuget\packages\microsoft.netcore.app.ref\3.0.0\ref\netcoreapp3.0\System.Net.WebProxy.dll
1>                    AssemblyVersion=4.0.1.0
1>                    CopyLocal=false
1>                    ExternallyResolved=true
1>                    FileVersion=4.700.19.46214
1>                    FrameworkReferenceName=Microsoft.NETCore.App
1>                    FrameworkReferenceVersion=3.0.0
1>                    FusionName=System.Net.WebProxy, Version=4.0.1.0, Culture=neutral, PublicKeyToken=cc7b13ffcd2ddd51
1>                    ImageRuntime=v4.0.30319
1>                    NuGetPackageId=Microsoft.NETCore.App.Ref
1>                    NuGetPackageVersion=3.0.0
1>                    OriginalItemSpec=C:\Users\hansnguyen\.nuget\packages\microsoft.netcore.app.ref\3.0.0\ref\netcoreapp3.0\System.Net.WebProxy.dll
1>                    Private=false
1>                    PublicKeyToken=cc7b13ffcd2ddd51
1>                    ReferenceSourceTarget=ResolveAssemblyReference
1>                    ResolvedFrom={RawFileName}
1>                    Version=
1>            C:\Users\hansnguyen\.nuget\packages\microsoft.netcore.app.ref\3.0.0\ref\netcoreapp3.0\System.Net.WebSockets.Client.dll
1>                    AssemblyVersion=4.1.1.0
1>                    CopyLocal=false
1>                    ExternallyResolved=true
1>                    FileVersion=4.700.19.46214
1>                    FrameworkReferenceName=Microsoft.NETCore.App
1>                    FrameworkReferenceVersion=3.0.0
1>                    FusionName=System.Net.WebSockets.Client, Version=4.1.1.0, Culture=neutral, PublicKeyToken=b03f5f7f11d50a3a
1>                    ImageRuntime=v4.0.30319
1>                    NuGetPackageId=Microsoft.NETCore.App.Ref
1>                    NuGetPackageVersion=3.0.0
1>                    OriginalItemSpec=C:\Users\hansnguyen\.nuget\packages\microsoft.netcore.app.ref\3.0.0\ref\netcoreapp3.0\System.Net.WebSockets.Client.dll
1>                    Private=false
1>                    PublicKeyToken=b03f5f7f11d50a3a
1>                    ReferenceSourceTarget=ResolveAssemblyReference
1>                    ResolvedFrom={RawFileName}
1>                    Version=
1>            C:\Users\hansnguyen\.nuget\packages\microsoft.netcore.app.ref\3.0.0\ref\netcoreapp3.0\System.Net.WebSockets.dll
1>                    AssemblyVersion=4.1.1.0
1>                    CopyLocal=false
1>                    ExternallyResolved=true
1>                    FileVersion=4.700.19.46214
1>                    FrameworkReferenceName=Microsoft.NETCore.App
1>                    FrameworkReferenceVersion=3.0.0
1>                    FusionName=System.Net.WebSockets, Version=4.1.1.0, Culture=neutral, PublicKeyToken=b03f5f7f11d50a3a
1>                    ImageRuntime=v4.0.30319
1>                    NuGetPackageId=Microsoft.NETCore.App.Ref
1>                    NuGetPackageVersion=3.0.0
1>                    OriginalItemSpec=C:\Users\hansnguyen\.nuget\packages\microsoft.netcore.app.ref\3.0.0\ref\netcoreapp3.0\System.Net.WebSockets.dll
1>                    Private=false
1>                    PublicKeyToken=b03f5f7f11d50a3a
1>                    ReferenceSourceTarget=ResolveAssemblyReference
1>                    ResolvedFrom={RawFileName}
1>                    Version=
1>            C:\Users\hansnguyen\.nuget\packages\microsoft.netcore.app.ref\3.0.0\ref\netcoreapp3.0\System.Numerics.dll
1>                    AssemblyVersion=4.0.0.0
1>                    CopyLocal=false
1>                    ExternallyResolved=true
1>                    FileVersion=4.700.19.46214
1>                    FrameworkReferenceName=Microsoft.NETCore.App
1>                    FrameworkReferenceVersion=3.0.0
1>                    FusionName=System.Numerics, Version=4.0.0.0, Culture=neutral, PublicKeyToken=b77a5c561934e089
1>                    ImageRuntime=v4.0.30319
1>                    NuGetPackageId=Microsoft.NETCore.App.Ref
1>                    NuGetPackageVersion=3.0.0
1>                    OriginalItemSpec=C:\Users\hansnguyen\.nuget\packages\microsoft.netcore.app.ref\3.0.0\ref\netcoreapp3.0\System.Numerics.dll
1>                    Private=false
1>                    PublicKeyToken=b77a5c561934e089
1>                    ReferenceSourceTarget=ResolveAssemblyReference
1>                    ResolvedFrom={RawFileName}
1>                    Version=
1>            C:\Users\hansnguyen\.nuget\packages\microsoft.netcore.app.ref\3.0.0\ref\netcoreapp3.0\System.Numerics.Vectors.dll
1>                    AssemblyVersion=4.1.5.0
1>                    CopyLocal=false
1>                    ExternallyResolved=true
1>                    FileVersion=4.700.19.46214
1>                    FrameworkReferenceName=Microsoft.NETCore.App
1>                    FrameworkReferenceVersion=3.0.0
1>                    FusionName=System.Numerics.Vectors, Version=4.1.5.0, Culture=neutral, PublicKeyToken=b03f5f7f11d50a3a
1>                    ImageRuntime=v4.0.30319
1>                    NuGetPackageId=Microsoft.NETCore.App.Ref
1>                    NuGetPackageVersion=3.0.0
1>                    OriginalItemSpec=C:\Users\hansnguyen\.nuget\packages\microsoft.netcore.app.ref\3.0.0\ref\netcoreapp3.0\System.Numerics.Vectors.dll
1>                    Private=false
1>                    PublicKeyToken=b03f5f7f11d50a3a
1>                    ReferenceSourceTarget=ResolveAssemblyReference
1>                    ResolvedFrom={RawFileName}
1>                    Version=
1>            C:\Users\hansnguyen\.nuget\packages\microsoft.netcore.app.ref\3.0.0\ref\netcoreapp3.0\System.ObjectModel.dll
1>                    AssemblyVersion=4.1.1.0
1>                    CopyLocal=false
1>                    ExternallyResolved=true
1>                    FileVersion=4.700.19.46214
1>                    FrameworkReferenceName=Microsoft.NETCore.App
1>                    FrameworkReferenceVersion=3.0.0
1>                    FusionName=System.ObjectModel, Version=4.1.1.0, Culture=neutral, PublicKeyToken=b03f5f7f11d50a3a
1>                    ImageRuntime=v4.0.30319
1>                    NuGetPackageId=Microsoft.NETCore.App.Ref
1>                    NuGetPackageVersion=3.0.0
1>                    OriginalItemSpec=C:\Users\hansnguyen\.nuget\packages\microsoft.netcore.app.ref\3.0.0\ref\netcoreapp3.0\System.ObjectModel.dll
1>                    Private=false
1>                    PublicKeyToken=b03f5f7f11d50a3a
1>                    ReferenceSourceTarget=ResolveAssemblyReference
1>                    ResolvedFrom={RawFileName}
1>                    Version=
1>            C:\Users\hansnguyen\.nuget\packages\microsoft.windowsdesktop.app.ref\3.0.0\ref\netcoreapp3.0\System.Printing.dll
1>                    AssemblyVersion=4.0.0.0
1>                    CopyLocal=false
1>                    ExternallyResolved=true
1>                    FileVersion=4.800.19.46214
1>                    FrameworkReferenceName=Microsoft.WindowsDesktop.App.WPF
1>                    FrameworkReferenceVersion=3.0.0
1>                    FusionName=System.Printing, Version=4.0.0.0, Culture=neutral, PublicKeyToken=31bf3856ad364e35
1>                    ImageRuntime=v4.0.30319
1>                    NuGetPackageId=Microsoft.WindowsDesktop.App.Ref
1>                    NuGetPackageVersion=3.0.0
1>                    OriginalItemSpec=C:\Users\hansnguyen\.nuget\packages\microsoft.windowsdesktop.app.ref\3.0.0\ref\netcoreapp3.0\System.Printing.dll
1>                    Private=false
1>                    PublicKeyToken=31bf3856ad364e35
1>                    ReferenceSourceTarget=ResolveAssemblyReference
1>                    ResolvedFrom={RawFileName}
1>                    Version=
1>            C:\Users\hansnguyen\.nuget\packages\microsoft.netcore.app.ref\3.0.0\ref\netcoreapp3.0\System.Reflection.DispatchProxy.dll
1>                    AssemblyVersion=4.0.5.0
1>                    CopyLocal=false
1>                    ExternallyResolved=true
1>                    FileVersion=4.700.19.46214
1>                    FrameworkReferenceName=Microsoft.NETCore.App
1>                    FrameworkReferenceVersion=3.0.0
1>                    FusionName=System.Reflection.DispatchProxy, Version=4.0.5.0, Culture=neutral, PublicKeyToken=b03f5f7f11d50a3a
1>                    ImageRuntime=v4.0.30319
1>                    NuGetPackageId=Microsoft.NETCore.App.Ref
1>                    NuGetPackageVersion=3.0.0
1>                    OriginalItemSpec=C:\Users\hansnguyen\.nuget\packages\microsoft.netcore.app.ref\3.0.0\ref\netcoreapp3.0\System.Reflection.DispatchProxy.dll
1>                    Private=false
1>                    PublicKeyToken=b03f5f7f11d50a3a
1>                    ReferenceSourceTarget=ResolveAssemblyReference
1>                    ResolvedFrom={RawFileName}
1>                    Version=
1>            C:\Users\hansnguyen\.nuget\packages\microsoft.netcore.app.ref\3.0.0\ref\netcoreapp3.0\System.Reflection.dll
1>                    AssemblyVersion=4.2.1.0
1>                    CopyLocal=false
1>                    ExternallyResolved=true
1>                    FileVersion=4.700.19.46214
1>                    FrameworkReferenceName=Microsoft.NETCore.App
1>                    FrameworkReferenceVersion=3.0.0
1>                    FusionName=System.Reflection, Version=4.2.1.0, Culture=neutral, PublicKeyToken=b03f5f7f11d50a3a
1>                    ImageRuntime=v4.0.30319
1>                    NuGetPackageId=Microsoft.NETCore.App.Ref
1>                    NuGetPackageVersion=3.0.0
1>                    OriginalItemSpec=C:\Users\hansnguyen\.nuget\packages\microsoft.netcore.app.ref\3.0.0\ref\netcoreapp3.0\System.Reflection.dll
1>                    Private=false
1>                    PublicKeyToken=b03f5f7f11d50a3a
1>                    ReferenceSourceTarget=ResolveAssemblyReference
1>                    ResolvedFrom={RawFileName}
1>                    Version=
1>            C:\Users\hansnguyen\.nuget\packages\microsoft.netcore.app.ref\3.0.0\ref\netcoreapp3.0\System.Reflection.Emit.dll
1>                    AssemblyVersion=4.1.1.0
1>                    CopyLocal=false
1>                    ExternallyResolved=true
1>                    FileVersion=4.700.19.46214
1>                    FrameworkReferenceName=Microsoft.NETCore.App
1>                    FrameworkReferenceVersion=3.0.0
1>                    FusionName=System.Reflection.Emit, Version=4.1.1.0, Culture=neutral, PublicKeyToken=b03f5f7f11d50a3a
1>                    ImageRuntime=v4.0.30319
1>                    NuGetPackageId=Microsoft.NETCore.App.Ref
1>                    NuGetPackageVersion=3.0.0
1>                    OriginalItemSpec=C:\Users\hansnguyen\.nuget\packages\microsoft.netcore.app.ref\3.0.0\ref\netcoreapp3.0\System.Reflection.Emit.dll
1>                    Private=false
1>                    PublicKeyToken=b03f5f7f11d50a3a
1>                    ReferenceSourceTarget=ResolveAssemblyReference
1>                    ResolvedFrom={RawFileName}
1>                    Version=
1>            C:\Users\hansnguyen\.nuget\packages\microsoft.netcore.app.ref\3.0.0\ref\netcoreapp3.0\System.Reflection.Emit.ILGeneration.dll
1>                    AssemblyVersion=4.1.0.0
1>                    CopyLocal=false
1>                    ExternallyResolved=true
1>                    FileVersion=4.700.19.46214
1>                    FrameworkReferenceName=Microsoft.NETCore.App
1>                    FrameworkReferenceVersion=3.0.0
1>                    FusionName=System.Reflection.Emit.ILGeneration, Version=4.1.0.0, Culture=neutral, PublicKeyToken=b03f5f7f11d50a3a
1>                    ImageRuntime=v4.0.30319
1>                    NuGetPackageId=Microsoft.NETCore.App.Ref
1>                    NuGetPackageVersion=3.0.0
1>                    OriginalItemSpec=C:\Users\hansnguyen\.nuget\packages\microsoft.netcore.app.ref\3.0.0\ref\netcoreapp3.0\System.Reflection.Emit.ILGeneration.dll
1>                    Private=false
1>                    PublicKeyToken=b03f5f7f11d50a3a
1>                    ReferenceSourceTarget=ResolveAssemblyReference
1>                    ResolvedFrom={RawFileName}
1>                    Version=
1>            C:\Users\hansnguyen\.nuget\packages\microsoft.netcore.app.ref\3.0.0\ref\netcoreapp3.0\System.Reflection.Emit.Lightweight.dll
1>                    AssemblyVersion=4.1.0.0
1>                    CopyLocal=false
1>                    ExternallyResolved=true
1>                    FileVersion=4.700.19.46214
1>                    FrameworkReferenceName=Microsoft.NETCore.App
1>                    FrameworkReferenceVersion=3.0.0
1>                    FusionName=System.Reflection.Emit.Lightweight, Version=4.1.0.0, Culture=neutral, PublicKeyToken=b03f5f7f11d50a3a
1>                    ImageRuntime=v4.0.30319
1>                    NuGetPackageId=Microsoft.NETCore.App.Ref
1>                    NuGetPackageVersion=3.0.0
1>                    OriginalItemSpec=C:\Users\hansnguyen\.nuget\packages\microsoft.netcore.app.ref\3.0.0\ref\netcoreapp3.0\System.Reflection.Emit.Lightweight.dll
1>                    Private=false
1>                    PublicKeyToken=b03f5f7f11d50a3a
1>                    ReferenceSourceTarget=ResolveAssemblyReference
1>                    ResolvedFrom={RawFileName}
1>                    Version=
1>            C:\Users\hansnguyen\.nuget\packages\microsoft.netcore.app.ref\3.0.0\ref\netcoreapp3.0\System.Reflection.Extensions.dll
1>                    AssemblyVersion=4.1.1.0
1>                    CopyLocal=false
1>                    ExternallyResolved=true
1>                    FileVersion=4.700.19.46214
1>                    FrameworkReferenceName=Microsoft.NETCore.App
1>                    FrameworkReferenceVersion=3.0.0
1>                    FusionName=System.Reflection.Extensions, Version=4.1.1.0, Culture=neutral, PublicKeyToken=b03f5f7f11d50a3a
1>                    ImageRuntime=v4.0.30319
1>                    NuGetPackageId=Microsoft.NETCore.App.Ref
1>                    NuGetPackageVersion=3.0.0
1>                    OriginalItemSpec=C:\Users\hansnguyen\.nuget\packages\microsoft.netcore.app.ref\3.0.0\ref\netcoreapp3.0\System.Reflection.Extensions.dll
1>                    Private=false
1>                    PublicKeyToken=b03f5f7f11d50a3a
1>                    ReferenceSourceTarget=ResolveAssemblyReference
1>                    ResolvedFrom={RawFileName}
1>                    Version=
1>            C:\Users\hansnguyen\.nuget\packages\microsoft.netcore.app.ref\3.0.0\ref\netcoreapp3.0\System.Reflection.Metadata.dll
1>                    AssemblyVersion=1.4.4.0
1>                    CopyLocal=false
1>                    ExternallyResolved=true
1>                    FileVersion=4.700.19.46214
1>                    FrameworkReferenceName=Microsoft.NETCore.App
1>                    FrameworkReferenceVersion=3.0.0
1>                    FusionName=System.Reflection.Metadata, Version=1.4.4.0, Culture=neutral, PublicKeyToken=b03f5f7f11d50a3a
1>                    ImageRuntime=v4.0.30319
1>                    NuGetPackageId=Microsoft.NETCore.App.Ref
1>                    NuGetPackageVersion=3.0.0
1>                    OriginalItemSpec=C:\Users\hansnguyen\.nuget\packages\microsoft.netcore.app.ref\3.0.0\ref\netcoreapp3.0\System.Reflection.Metadata.dll
1>                    Private=false
1>                    PublicKeyToken=b03f5f7f11d50a3a
1>                    ReferenceSourceTarget=ResolveAssemblyReference
1>                    ResolvedFrom={RawFileName}
1>                    Version=
1>            C:\Users\hansnguyen\.nuget\packages\microsoft.netcore.app.ref\3.0.0\ref\netcoreapp3.0\System.Reflection.Primitives.dll
1>                    AssemblyVersion=4.1.1.0
1>                    CopyLocal=false
1>                    ExternallyResolved=true
1>                    FileVersion=4.700.19.46214
1>                    FrameworkReferenceName=Microsoft.NETCore.App
1>                    FrameworkReferenceVersion=3.0.0
1>                    FusionName=System.Reflection.Primitives, Version=4.1.1.0, Culture=neutral, PublicKeyToken=b03f5f7f11d50a3a
1>                    ImageRuntime=v4.0.30319
1>                    NuGetPackageId=Microsoft.NETCore.App.Ref
1>                    NuGetPackageVersion=3.0.0
1>                    OriginalItemSpec=C:\Users\hansnguyen\.nuget\packages\microsoft.netcore.app.ref\3.0.0\ref\netcoreapp3.0\System.Reflection.Primitives.dll
1>                    Private=false
1>                    PublicKeyToken=b03f5f7f11d50a3a
1>                    ReferenceSourceTarget=ResolveAssemblyReference
1>                    ResolvedFrom={RawFileName}
1>                    Version=
1>            C:\Users\hansnguyen\.nuget\packages\microsoft.netcore.app.ref\3.0.0\ref\netcoreapp3.0\System.Reflection.TypeExtensions.dll
1>                    AssemblyVersion=4.1.2.0
1>                    CopyLocal=false
1>                    ExternallyResolved=true
1>                    FileVersion=4.700.19.46214
1>                    FrameworkReferenceName=Microsoft.NETCore.App
1>                    FrameworkReferenceVersion=3.0.0
1>                    FusionName=System.Reflection.TypeExtensions, Version=4.1.2.0, Culture=neutral, PublicKeyToken=b03f5f7f11d50a3a
1>                    ImageRuntime=v4.0.30319
1>                    NuGetPackageId=Microsoft.NETCore.App.Ref
1>                    NuGetPackageVersion=3.0.0
1>                    OriginalItemSpec=C:\Users\hansnguyen\.nuget\packages\microsoft.netcore.app.ref\3.0.0\ref\netcoreapp3.0\System.Reflection.TypeExtensions.dll
1>                    Private=false
1>                    PublicKeyToken=b03f5f7f11d50a3a
1>                    ReferenceSourceTarget=ResolveAssemblyReference
1>                    ResolvedFrom={RawFileName}
1>                    Version=
1>            C:\Users\hansnguyen\.nuget\packages\microsoft.windowsdesktop.app.ref\3.0.0\ref\netcoreapp3.0\System.Resources.Extensions.dll
1>                    AssemblyVersion=4.0.0.0
1>                    CopyLocal=false
1>                    ExternallyResolved=true
1>                    FileVersion=4.700.19.46214
1>                    FrameworkReferenceName=Microsoft.WindowsDesktop.App.WPF
1>                    FrameworkReferenceVersion=3.0.0
1>                    FusionName=System.Resources.Extensions, Version=4.0.0.0, Culture=neutral, PublicKeyToken=cc7b13ffcd2ddd51
1>                    ImageRuntime=v4.0.30319
1>                    NuGetPackageId=Microsoft.WindowsDesktop.App.Ref
1>                    NuGetPackageVersion=3.0.0
1>                    OriginalItemSpec=C:\Users\hansnguyen\.nuget\packages\microsoft.windowsdesktop.app.ref\3.0.0\ref\netcoreapp3.0\System.Resources.Extensions.dll
1>                    Private=false
1>                    PublicKeyToken=cc7b13ffcd2ddd51
1>                    ReferenceSourceTarget=ResolveAssemblyReference
1>                    ResolvedFrom={RawFileName}
1>                    Version=
1>            C:\Users\hansnguyen\.nuget\packages\microsoft.netcore.app.ref\3.0.0\ref\netcoreapp3.0\System.Resources.Reader.dll
1>                    AssemblyVersion=4.1.1.0
1>                    CopyLocal=false
1>                    ExternallyResolved=true
1>                    FileVersion=4.700.19.46214
1>                    FrameworkReferenceName=Microsoft.NETCore.App
1>                    FrameworkReferenceVersion=3.0.0
1>                    FusionName=System.Resources.Reader, Version=4.1.1.0, Culture=neutral, PublicKeyToken=b03f5f7f11d50a3a
1>                    ImageRuntime=v4.0.30319
1>                    NuGetPackageId=Microsoft.NETCore.App.Ref
1>                    NuGetPackageVersion=3.0.0
1>                    OriginalItemSpec=C:\Users\hansnguyen\.nuget\packages\microsoft.netcore.app.ref\3.0.0\ref\netcoreapp3.0\System.Resources.Reader.dll
1>                    Private=false
1>                    PublicKeyToken=b03f5f7f11d50a3a
1>                    ReferenceSourceTarget=ResolveAssemblyReference
1>                    ResolvedFrom={RawFileName}
1>                    Version=
1>            C:\Users\hansnguyen\.nuget\packages\microsoft.netcore.app.ref\3.0.0\ref\netcoreapp3.0\System.Resources.ResourceManager.dll
1>                    AssemblyVersion=4.1.1.0
1>                    CopyLocal=false
1>                    ExternallyResolved=true
1>                    FileVersion=4.700.19.46214
1>                    FrameworkReferenceName=Microsoft.NETCore.App
1>                    FrameworkReferenceVersion=3.0.0
1>                    FusionName=System.Resources.ResourceManager, Version=4.1.1.0, Culture=neutral, PublicKeyToken=b03f5f7f11d50a3a
1>                    ImageRuntime=v4.0.30319
1>                    NuGetPackageId=Microsoft.NETCore.App.Ref
1>                    NuGetPackageVersion=3.0.0
1>                    OriginalItemSpec=C:\Users\hansnguyen\.nuget\packages\microsoft.netcore.app.ref\3.0.0\ref\netcoreapp3.0\System.Resources.ResourceManager.dll
1>                    Private=false
1>                    PublicKeyToken=b03f5f7f11d50a3a
1>                    ReferenceSourceTarget=ResolveAssemblyReference
1>                    ResolvedFrom={RawFileName}
1>                    Version=
1>            C:\Users\hansnguyen\.nuget\packages\microsoft.netcore.app.ref\3.0.0\ref\netcoreapp3.0\System.Resources.Writer.dll
1>                    AssemblyVersion=4.1.1.0
1>                    CopyLocal=false
1>                    ExternallyResolved=true
1>                    FileVersion=4.700.19.46214
1>                    FrameworkReferenceName=Microsoft.NETCore.App
1>                    FrameworkReferenceVersion=3.0.0
1>                    FusionName=System.Resources.Writer, Version=4.1.1.0, Culture=neutral, PublicKeyToken=b03f5f7f11d50a3a
1>                    ImageRuntime=v4.0.30319
1>                    NuGetPackageId=Microsoft.NETCore.App.Ref
1>                    NuGetPackageVersion=3.0.0
1>                    OriginalItemSpec=C:\Users\hansnguyen\.nuget\packages\microsoft.netcore.app.ref\3.0.0\ref\netcoreapp3.0\System.Resources.Writer.dll
1>                    Private=false
1>                    PublicKeyToken=b03f5f7f11d50a3a
1>                    ReferenceSourceTarget=ResolveAssemblyReference
1>                    ResolvedFrom={RawFileName}
1>                    Version=
1>            C:\Users\hansnguyen\.nuget\packages\microsoft.netcore.app.ref\3.0.0\ref\netcoreapp3.0\System.Runtime.CompilerServices.Unsafe.dll
1>                    AssemblyVersion=4.0.5.0
1>                    CopyLocal=false
1>                    ExternallyResolved=true
1>                    FileVersion=4.700.19.46214
1>                    FrameworkReferenceName=Microsoft.NETCore.App
1>                    FrameworkReferenceVersion=3.0.0
1>                    FusionName=System.Runtime.CompilerServices.Unsafe, Version=4.0.5.0, Culture=neutral, PublicKeyToken=b03f5f7f11d50a3a
1>                    ImageRuntime=v4.0.30319
1>                    NuGetPackageId=Microsoft.NETCore.App.Ref
1>                    NuGetPackageVersion=3.0.0
1>                    OriginalItemSpec=C:\Users\hansnguyen\.nuget\packages\microsoft.netcore.app.ref\3.0.0\ref\netcoreapp3.0\System.Runtime.CompilerServices.Unsafe.dll
1>                    Private=false
1>                    PublicKeyToken=b03f5f7f11d50a3a
1>                    ReferenceSourceTarget=ResolveAssemblyReference
1>                    ResolvedFrom={RawFileName}
1>                    Version=
1>            C:\Users\hansnguyen\.nuget\packages\microsoft.netcore.app.ref\3.0.0\ref\netcoreapp3.0\System.Runtime.CompilerServices.VisualC.dll
1>                    AssemblyVersion=4.1.1.0
1>                    CopyLocal=false
1>                    ExternallyResolved=true
1>                    FileVersion=4.700.19.46214
1>                    FrameworkReferenceName=Microsoft.NETCore.App
1>                    FrameworkReferenceVersion=3.0.0
1>                    FusionName=System.Runtime.CompilerServices.VisualC, Version=4.1.1.0, Culture=neutral, PublicKeyToken=b03f5f7f11d50a3a
1>                    ImageRuntime=v4.0.30319
1>                    NuGetPackageId=Microsoft.NETCore.App.Ref
1>                    NuGetPackageVersion=3.0.0
1>                    OriginalItemSpec=C:\Users\hansnguyen\.nuget\packages\microsoft.netcore.app.ref\3.0.0\ref\netcoreapp3.0\System.Runtime.CompilerServices.VisualC.dll
1>                    Private=false
1>                    PublicKeyToken=b03f5f7f11d50a3a
1>                    ReferenceSourceTarget=ResolveAssemblyReference
1>                    ResolvedFrom={RawFileName}
1>                    Version=
1>            C:\Users\hansnguyen\.nuget\packages\microsoft.netcore.app.ref\3.0.0\ref\netcoreapp3.0\System.Runtime.dll
1>                    AssemblyVersion=4.2.1.0
1>                    CopyLocal=false
1>                    ExternallyResolved=true
1>                    FileVersion=4.700.19.46214
1>                    FrameworkReferenceName=Microsoft.NETCore.App
1>                    FrameworkReferenceVersion=3.0.0
1>                    FusionName=System.Runtime, Version=4.2.1.0, Culture=neutral, PublicKeyToken=b03f5f7f11d50a3a
1>                    ImageRuntime=v4.0.30319
1>                    NuGetPackageId=Microsoft.NETCore.App.Ref
1>                    NuGetPackageVersion=3.0.0
1>                    OriginalItemSpec=C:\Users\hansnguyen\.nuget\packages\microsoft.netcore.app.ref\3.0.0\ref\netcoreapp3.0\System.Runtime.dll
1>                    Private=false
1>                    PublicKeyToken=b03f5f7f11d50a3a
1>                    ReferenceSourceTarget=ResolveAssemblyReference
1>                    ResolvedFrom={RawFileName}
1>                    Version=
1>            C:\Users\hansnguyen\.nuget\packages\microsoft.netcore.app.ref\3.0.0\ref\netcoreapp3.0\System.Runtime.Extensions.dll
1>                    AssemblyVersion=4.2.1.0
1>                    CopyLocal=false
1>                    ExternallyResolved=true
1>                    FileVersion=4.700.19.46214
1>                    FrameworkReferenceName=Microsoft.NETCore.App
1>                    FrameworkReferenceVersion=3.0.0
1>                    FusionName=System.Runtime.Extensions, Version=4.2.1.0, Culture=neutral, PublicKeyToken=b03f5f7f11d50a3a
1>                    ImageRuntime=v4.0.30319
1>                    NuGetPackageId=Microsoft.NETCore.App.Ref
1>                    NuGetPackageVersion=3.0.0
1>                    OriginalItemSpec=C:\Users\hansnguyen\.nuget\packages\microsoft.netcore.app.ref\3.0.0\ref\netcoreapp3.0\System.Runtime.Extensions.dll
1>                    Private=false
1>                    PublicKeyToken=b03f5f7f11d50a3a
1>                    ReferenceSourceTarget=ResolveAssemblyReference
1>                    ResolvedFrom={RawFileName}
1>                    Version=
1>            C:\Users\hansnguyen\.nuget\packages\microsoft.netcore.app.ref\3.0.0\ref\netcoreapp3.0\System.Runtime.Handles.dll
1>                    AssemblyVersion=4.1.1.0
1>                    CopyLocal=false
1>                    ExternallyResolved=true
1>                    FileVersion=4.700.19.46214
1>                    FrameworkReferenceName=Microsoft.NETCore.App
1>                    FrameworkReferenceVersion=3.0.0
1>                    FusionName=System.Runtime.Handles, Version=4.1.1.0, Culture=neutral, PublicKeyToken=b03f5f7f11d50a3a
1>                    ImageRuntime=v4.0.30319
1>                    NuGetPackageId=Microsoft.NETCore.App.Ref
1>                    NuGetPackageVersion=3.0.0
1>                    OriginalItemSpec=C:\Users\hansnguyen\.nuget\packages\microsoft.netcore.app.ref\3.0.0\ref\netcoreapp3.0\System.Runtime.Handles.dll
1>                    Private=false
1>                    PublicKeyToken=b03f5f7f11d50a3a
1>                    ReferenceSourceTarget=ResolveAssemblyReference
1>                    ResolvedFrom={RawFileName}
1>                    Version=
1>            C:\Users\hansnguyen\.nuget\packages\microsoft.netcore.app.ref\3.0.0\ref\netcoreapp3.0\System.Runtime.InteropServices.dll
1>                    AssemblyVersion=4.2.1.0
1>                    CopyLocal=false
1>                    ExternallyResolved=true
1>                    FileVersion=4.700.19.46214
1>                    FrameworkReferenceName=Microsoft.NETCore.App
1>                    FrameworkReferenceVersion=3.0.0
1>                    FusionName=System.Runtime.InteropServices, Version=4.2.1.0, Culture=neutral, PublicKeyToken=b03f5f7f11d50a3a
1>                    ImageRuntime=v4.0.30319
1>                    NuGetPackageId=Microsoft.NETCore.App.Ref
1>                    NuGetPackageVersion=3.0.0
1>                    OriginalItemSpec=C:\Users\hansnguyen\.nuget\packages\microsoft.netcore.app.ref\3.0.0\ref\netcoreapp3.0\System.Runtime.InteropServices.dll
1>                    Private=false
1>                    PublicKeyToken=b03f5f7f11d50a3a
1>                    ReferenceSourceTarget=ResolveAssemblyReference
1>                    ResolvedFrom={RawFileName}
1>                    Version=
1>            C:\Users\hansnguyen\.nuget\packages\microsoft.netcore.app.ref\3.0.0\ref\netcoreapp3.0\System.Runtime.InteropServices.RuntimeInformation.dll
1>                    AssemblyVersion=4.0.3.0
1>                    CopyLocal=false
1>                    ExternallyResolved=true
1>                    FileVersion=4.700.19.46214
1>                    FrameworkReferenceName=Microsoft.NETCore.App
1>                    FrameworkReferenceVersion=3.0.0
1>                    FusionName=System.Runtime.InteropServices.RuntimeInformation, Version=4.0.3.0, Culture=neutral, PublicKeyToken=b03f5f7f11d50a3a
1>                    ImageRuntime=v4.0.30319
1>                    NuGetPackageId=Microsoft.NETCore.App.Ref
1>                    NuGetPackageVersion=3.0.0
1>                    OriginalItemSpec=C:\Users\hansnguyen\.nuget\packages\microsoft.netcore.app.ref\3.0.0\ref\netcoreapp3.0\System.Runtime.InteropServices.RuntimeInformation.dll
1>                    Private=false
1>                    PublicKeyToken=b03f5f7f11d50a3a
1>                    ReferenceSourceTarget=ResolveAssemblyReference
1>                    ResolvedFrom={RawFileName}
1>                    Version=
1>            C:\Users\hansnguyen\.nuget\packages\microsoft.netcore.app.ref\3.0.0\ref\netcoreapp3.0\System.Runtime.InteropServices.WindowsRuntime.dll
1>                    AssemblyVersion=4.0.3.0
1>                    CopyLocal=false
1>                    ExternallyResolved=true
1>                    FileVersion=4.700.19.46214
1>                    FrameworkReferenceName=Microsoft.NETCore.App
1>                    FrameworkReferenceVersion=3.0.0
1>                    FusionName=System.Runtime.InteropServices.WindowsRuntime, Version=4.0.3.0, Culture=neutral, PublicKeyToken=b03f5f7f11d50a3a
1>                    ImageRuntime=v4.0.30319
1>                    NuGetPackageId=Microsoft.NETCore.App.Ref
1>                    NuGetPackageVersion=3.0.0
1>                    OriginalItemSpec=C:\Users\hansnguyen\.nuget\packages\microsoft.netcore.app.ref\3.0.0\ref\netcoreapp3.0\System.Runtime.InteropServices.WindowsRuntime.dll
1>                    Private=false
1>                    PublicKeyToken=b03f5f7f11d50a3a
1>                    ReferenceSourceTarget=ResolveAssemblyReference
1>                    ResolvedFrom={RawFileName}
1>                    Version=
1>            C:\Users\hansnguyen\.nuget\packages\microsoft.netcore.app.ref\3.0.0\ref\netcoreapp3.0\System.Runtime.Intrinsics.dll
1>                    AssemblyVersion=4.0.0.0
1>                    CopyLocal=false
1>                    ExternallyResolved=true
1>                    FileVersion=4.700.19.46214
1>                    FrameworkReferenceName=Microsoft.NETCore.App
1>                    FrameworkReferenceVersion=3.0.0
1>                    FusionName=System.Runtime.Intrinsics, Version=4.0.0.0, Culture=neutral, PublicKeyToken=cc7b13ffcd2ddd51
1>                    ImageRuntime=v4.0.30319
1>                    NuGetPackageId=Microsoft.NETCore.App.Ref
1>                    NuGetPackageVersion=3.0.0
1>                    OriginalItemSpec=C:\Users\hansnguyen\.nuget\packages\microsoft.netcore.app.ref\3.0.0\ref\netcoreapp3.0\System.Runtime.Intrinsics.dll
1>                    Private=false
1>                    PublicKeyToken=cc7b13ffcd2ddd51
1>                    ReferenceSourceTarget=ResolveAssemblyReference
1>                    ResolvedFrom={RawFileName}
1>                    Version=
1>            C:\Users\hansnguyen\.nuget\packages\microsoft.netcore.app.ref\3.0.0\ref\netcoreapp3.0\System.Runtime.Loader.dll
1>                    AssemblyVersion=4.1.0.0
1>                    CopyLocal=false
1>                    ExternallyResolved=true
1>                    FileVersion=4.700.19.46214
1>                    FrameworkReferenceName=Microsoft.NETCore.App
1>                    FrameworkReferenceVersion=3.0.0
1>                    FusionName=System.Runtime.Loader, Version=4.1.0.0, Culture=neutral, PublicKeyToken=b03f5f7f11d50a3a
1>                    ImageRuntime=v4.0.30319
1>                    NuGetPackageId=Microsoft.NETCore.App.Ref
1>                    NuGetPackageVersion=3.0.0
1>                    OriginalItemSpec=C:\Users\hansnguyen\.nuget\packages\microsoft.netcore.app.ref\3.0.0\ref\netcoreapp3.0\System.Runtime.Loader.dll
1>                    Private=false
1>                    PublicKeyToken=b03f5f7f11d50a3a
1>                    ReferenceSourceTarget=ResolveAssemblyReference
1>                    ResolvedFrom={RawFileName}
1>                    Version=
1>            C:\Users\hansnguyen\.nuget\packages\microsoft.netcore.app.ref\3.0.0\ref\netcoreapp3.0\System.Runtime.Numerics.dll
1>                    AssemblyVersion=4.1.1.0
1>                    CopyLocal=false
1>                    ExternallyResolved=true
1>                    FileVersion=4.700.19.46214
1>                    FrameworkReferenceName=Microsoft.NETCore.App
1>                    FrameworkReferenceVersion=3.0.0
1>                    FusionName=System.Runtime.Numerics, Version=4.1.1.0, Culture=neutral, PublicKeyToken=b03f5f7f11d50a3a
1>                    ImageRuntime=v4.0.30319
1>                    NuGetPackageId=Microsoft.NETCore.App.Ref
1>                    NuGetPackageVersion=3.0.0
1>                    OriginalItemSpec=C:\Users\hansnguyen\.nuget\packages\microsoft.netcore.app.ref\3.0.0\ref\netcoreapp3.0\System.Runtime.Numerics.dll
1>                    Private=false
1>                    PublicKeyToken=b03f5f7f11d50a3a
1>                    ReferenceSourceTarget=ResolveAssemblyReference
1>                    ResolvedFrom={RawFileName}
1>                    Version=
1>            C:\Users\hansnguyen\.nuget\packages\microsoft.netcore.app.ref\3.0.0\ref\netcoreapp3.0\System.Runtime.Serialization.dll
1>                    AssemblyVersion=4.0.0.0
1>                    CopyLocal=false
1>                    ExternallyResolved=true
1>                    FileVersion=4.700.19.46214
1>                    FrameworkReferenceName=Microsoft.NETCore.App
1>                    FrameworkReferenceVersion=3.0.0
1>                    FusionName=System.Runtime.Serialization, Version=4.0.0.0, Culture=neutral, PublicKeyToken=b77a5c561934e089
1>                    ImageRuntime=v4.0.30319
1>                    NuGetPackageId=Microsoft.NETCore.App.Ref
1>                    NuGetPackageVersion=3.0.0
1>                    OriginalItemSpec=C:\Users\hansnguyen\.nuget\packages\microsoft.netcore.app.ref\3.0.0\ref\netcoreapp3.0\System.Runtime.Serialization.dll
1>                    Private=false
1>                    PublicKeyToken=b77a5c561934e089
1>                    ReferenceSourceTarget=ResolveAssemblyReference
1>                    ResolvedFrom={RawFileName}
1>                    Version=
1>            C:\Users\hansnguyen\.nuget\packages\microsoft.netcore.app.ref\3.0.0\ref\netcoreapp3.0\System.Runtime.Serialization.Formatters.dll
1>                    AssemblyVersion=4.0.3.0
1>                    CopyLocal=false
1>                    ExternallyResolved=true
1>                    FileVersion=4.700.19.46214
1>                    FrameworkReferenceName=Microsoft.NETCore.App
1>                    FrameworkReferenceVersion=3.0.0
1>                    FusionName=System.Runtime.Serialization.Formatters, Version=4.0.3.0, Culture=neutral, PublicKeyToken=b03f5f7f11d50a3a
1>                    ImageRuntime=v4.0.30319
1>                    NuGetPackageId=Microsoft.NETCore.App.Ref
1>                    NuGetPackageVersion=3.0.0
1>                    OriginalItemSpec=C:\Users\hansnguyen\.nuget\packages\microsoft.netcore.app.ref\3.0.0\ref\netcoreapp3.0\System.Runtime.Serialization.Formatters.dll
1>                    Private=false
1>                    PublicKeyToken=b03f5f7f11d50a3a
1>                    ReferenceSourceTarget=ResolveAssemblyReference
1>                    ResolvedFrom={RawFileName}
1>                    Version=
1>            C:\Users\hansnguyen\.nuget\packages\microsoft.netcore.app.ref\3.0.0\ref\netcoreapp3.0\System.Runtime.Serialization.Json.dll
1>                    AssemblyVersion=4.0.4.0
1>                    CopyLocal=false
1>                    ExternallyResolved=true
1>                    FileVersion=4.700.19.46214
1>                    FrameworkReferenceName=Microsoft.NETCore.App
1>                    FrameworkReferenceVersion=3.0.0
1>                    FusionName=System.Runtime.Serialization.Json, Version=4.0.4.0, Culture=neutral, PublicKeyToken=b03f5f7f11d50a3a
1>                    ImageRuntime=v4.0.30319
1>                    NuGetPackageId=Microsoft.NETCore.App.Ref
1>                    NuGetPackageVersion=3.0.0
1>                    OriginalItemSpec=C:\Users\hansnguyen\.nuget\packages\microsoft.netcore.app.ref\3.0.0\ref\netcoreapp3.0\System.Runtime.Serialization.Json.dll
1>                    Private=false
1>                    PublicKeyToken=b03f5f7f11d50a3a
1>                    ReferenceSourceTarget=ResolveAssemblyReference
1>                    ResolvedFrom={RawFileName}
1>                    Version=
1>            C:\Users\hansnguyen\.nuget\packages\microsoft.netcore.app.ref\3.0.0\ref\netcoreapp3.0\System.Runtime.Serialization.Primitives.dll
1>                    AssemblyVersion=4.2.1.0
1>                    CopyLocal=false
1>                    ExternallyResolved=true
1>                    FileVersion=4.700.19.46214
1>                    FrameworkReferenceName=Microsoft.NETCore.App
1>                    FrameworkReferenceVersion=3.0.0
1>                    FusionName=System.Runtime.Serialization.Primitives, Version=4.2.1.0, Culture=neutral, PublicKeyToken=b03f5f7f11d50a3a
1>                    ImageRuntime=v4.0.30319
1>                    NuGetPackageId=Microsoft.NETCore.App.Ref
1>                    NuGetPackageVersion=3.0.0
1>                    OriginalItemSpec=C:\Users\hansnguyen\.nuget\packages\microsoft.netcore.app.ref\3.0.0\ref\netcoreapp3.0\System.Runtime.Serialization.Primitives.dll
1>                    Private=false
1>                    PublicKeyToken=b03f5f7f11d50a3a
1>                    ReferenceSourceTarget=ResolveAssemblyReference
1>                    ResolvedFrom={RawFileName}
1>                    Version=
1>            C:\Users\hansnguyen\.nuget\packages\microsoft.netcore.app.ref\3.0.0\ref\netcoreapp3.0\System.Runtime.Serialization.Xml.dll
1>                    AssemblyVersion=4.1.4.0
1>                    CopyLocal=false
1>                    ExternallyResolved=true
1>                    FileVersion=4.700.19.46214
1>                    FrameworkReferenceName=Microsoft.NETCore.App
1>                    FrameworkReferenceVersion=3.0.0
1>                    FusionName=System.Runtime.Serialization.Xml, Version=4.1.4.0, Culture=neutral, PublicKeyToken=b03f5f7f11d50a3a
1>                    ImageRuntime=v4.0.30319
1>                    NuGetPackageId=Microsoft.NETCore.App.Ref
1>                    NuGetPackageVersion=3.0.0
1>                    OriginalItemSpec=C:\Users\hansnguyen\.nuget\packages\microsoft.netcore.app.ref\3.0.0\ref\netcoreapp3.0\System.Runtime.Serialization.Xml.dll
1>                    Private=false
1>                    PublicKeyToken=b03f5f7f11d50a3a
1>                    ReferenceSourceTarget=ResolveAssemblyReference
1>                    ResolvedFrom={RawFileName}
1>                    Version=
1>            C:\Users\hansnguyen\.nuget\packages\microsoft.windowsdesktop.app.ref\3.0.0\ref\netcoreapp3.0\System.Security.AccessControl.dll
1>                    AssemblyVersion=4.1.1.0
1>                    CopyLocal=false
1>                    ExternallyResolved=true
1>                    FileVersion=4.700.19.46214
1>                    FrameworkReferenceName=Microsoft.WindowsDesktop.App.WPF
1>                    FrameworkReferenceVersion=3.0.0
1>                    FusionName=System.Security.AccessControl, Version=4.1.1.0, Culture=neutral, PublicKeyToken=b03f5f7f11d50a3a
1>                    ImageRuntime=v4.0.30319
1>                    NuGetPackageId=Microsoft.WindowsDesktop.App.Ref
1>                    NuGetPackageVersion=3.0.0
1>                    OriginalItemSpec=C:\Users\hansnguyen\.nuget\packages\microsoft.windowsdesktop.app.ref\3.0.0\ref\netcoreapp3.0\System.Security.AccessControl.dll
1>                    Private=false
1>                    PublicKeyToken=b03f5f7f11d50a3a
1>                    ReferenceSourceTarget=ResolveAssemblyReference
1>                    ResolvedFrom={RawFileName}
1>                    Version=
1>            C:\Users\hansnguyen\.nuget\packages\microsoft.netcore.app.ref\3.0.0\ref\netcoreapp3.0\System.Security.Claims.dll
1>                    AssemblyVersion=4.1.1.0
1>                    CopyLocal=false
1>                    ExternallyResolved=true
1>                    FileVersion=4.700.19.46214
1>                    FrameworkReferenceName=Microsoft.NETCore.App
1>                    FrameworkReferenceVersion=3.0.0
1>                    FusionName=System.Security.Claims, Version=4.1.1.0, Culture=neutral, PublicKeyToken=b03f5f7f11d50a3a
1>                    ImageRuntime=v4.0.30319
1>                    NuGetPackageId=Microsoft.NETCore.App.Ref
1>                    NuGetPackageVersion=3.0.0
1>                    OriginalItemSpec=C:\Users\hansnguyen\.nuget\packages\microsoft.netcore.app.ref\3.0.0\ref\netcoreapp3.0\System.Security.Claims.dll
1>                    Private=false
1>                    PublicKeyToken=b03f5f7f11d50a3a
1>                    ReferenceSourceTarget=ResolveAssemblyReference
1>                    ResolvedFrom={RawFileName}
1>                    Version=
1>            C:\Users\hansnguyen\.nuget\packages\microsoft.netcore.app.ref\3.0.0\ref\netcoreapp3.0\System.Security.Cryptography.Algorithms.dll
1>                    AssemblyVersion=4.3.1.0
1>                    CopyLocal=false
1>                    ExternallyResolved=true
1>                    FileVersion=4.700.19.46214
1>                    FrameworkReferenceName=Microsoft.NETCore.App
1>                    FrameworkReferenceVersion=3.0.0
1>                    FusionName=System.Security.Cryptography.Algorithms, Version=4.3.1.0, Culture=neutral, PublicKeyToken=b03f5f7f11d50a3a
1>                    ImageRuntime=v4.0.30319
1>                    NuGetPackageId=Microsoft.NETCore.App.Ref
1>                    NuGetPackageVersion=3.0.0
1>                    OriginalItemSpec=C:\Users\hansnguyen\.nuget\packages\microsoft.netcore.app.ref\3.0.0\ref\netcoreapp3.0\System.Security.Cryptography.Algorithms.dll
1>                    Private=false
1>                    PublicKeyToken=b03f5f7f11d50a3a
1>                    ReferenceSourceTarget=ResolveAssemblyReference
1>                    ResolvedFrom={RawFileName}
1>                    Version=
1>            C:\Users\hansnguyen\.nuget\packages\microsoft.windowsdesktop.app.ref\3.0.0\ref\netcoreapp3.0\System.Security.Cryptography.Cng.dll
1>                    AssemblyVersion=4.3.2.0
1>                    CopyLocal=false
1>                    ExternallyResolved=true
1>                    FileVersion=4.700.19.46214
1>                    FrameworkReferenceName=Microsoft.WindowsDesktop.App.WPF
1>                    FrameworkReferenceVersion=3.0.0
1>                    FusionName=System.Security.Cryptography.Cng, Version=4.3.2.0, Culture=neutral, PublicKeyToken=b03f5f7f11d50a3a
1>                    ImageRuntime=v4.0.30319
1>                    NuGetPackageId=Microsoft.WindowsDesktop.App.Ref
1>                    NuGetPackageVersion=3.0.0
1>                    OriginalItemSpec=C:\Users\hansnguyen\.nuget\packages\microsoft.windowsdesktop.app.ref\3.0.0\ref\netcoreapp3.0\System.Security.Cryptography.Cng.dll
1>                    Private=false
1>                    PublicKeyToken=b03f5f7f11d50a3a
1>                    ReferenceSourceTarget=ResolveAssemblyReference
1>                    ResolvedFrom={RawFileName}
1>                    Version=
1>            C:\Users\hansnguyen\.nuget\packages\microsoft.netcore.app.ref\3.0.0\ref\netcoreapp3.0\System.Security.Cryptography.Csp.dll
1>                    AssemblyVersion=4.1.1.0
1>                    CopyLocal=false
1>                    ExternallyResolved=true
1>                    FileVersion=4.700.19.46214
1>                    FrameworkReferenceName=Microsoft.NETCore.App
1>                    FrameworkReferenceVersion=3.0.0
1>                    FusionName=System.Security.Cryptography.Csp, Version=4.1.1.0, Culture=neutral, PublicKeyToken=b03f5f7f11d50a3a
1>                    ImageRuntime=v4.0.30319
1>                    NuGetPackageId=Microsoft.NETCore.App.Ref
1>                    NuGetPackageVersion=3.0.0
1>                    OriginalItemSpec=C:\Users\hansnguyen\.nuget\packages\microsoft.netcore.app.ref\3.0.0\ref\netcoreapp3.0\System.Security.Cryptography.Csp.dll
1>                    Private=false
1>                    PublicKeyToken=b03f5f7f11d50a3a
1>                    ReferenceSourceTarget=ResolveAssemblyReference
1>                    ResolvedFrom={RawFileName}
1>                    Version=
1>            C:\Users\hansnguyen\.nuget\packages\microsoft.netcore.app.ref\3.0.0\ref\netcoreapp3.0\System.Security.Cryptography.Encoding.dll
1>                    AssemblyVersion=4.1.1.0
1>                    CopyLocal=false
1>                    ExternallyResolved=true
1>                    FileVersion=4.700.19.46214
1>                    FrameworkReferenceName=Microsoft.NETCore.App
1>                    FrameworkReferenceVersion=3.0.0
1>                    FusionName=System.Security.Cryptography.Encoding, Version=4.1.1.0, Culture=neutral, PublicKeyToken=b03f5f7f11d50a3a
1>                    ImageRuntime=v4.0.30319
1>                    NuGetPackageId=Microsoft.NETCore.App.Ref
1>                    NuGetPackageVersion=3.0.0
1>                    OriginalItemSpec=C:\Users\hansnguyen\.nuget\packages\microsoft.netcore.app.ref\3.0.0\ref\netcoreapp3.0\System.Security.Cryptography.Encoding.dll
1>                    Private=false
1>                    PublicKeyToken=b03f5f7f11d50a3a
1>                    ReferenceSourceTarget=ResolveAssemblyReference
1>                    ResolvedFrom={RawFileName}
1>                    Version=
1>            C:\Users\hansnguyen\.nuget\packages\microsoft.windowsdesktop.app.ref\3.0.0\ref\netcoreapp3.0\System.Security.Cryptography.Pkcs.dll
1>                    AssemblyVersion=4.1.0.0
1>                    CopyLocal=false
1>                    ExternallyResolved=true
1>                    FileVersion=4.700.19.46214
1>                    FrameworkReferenceName=Microsoft.WindowsDesktop.App.WPF
1>                    FrameworkReferenceVersion=3.0.0
1>                    FusionName=System.Security.Cryptography.Pkcs, Version=4.1.0.0, Culture=neutral, PublicKeyToken=b03f5f7f11d50a3a
1>                    ImageRuntime=v4.0.30319
1>                    NuGetPackageId=Microsoft.WindowsDesktop.App.Ref
1>                    NuGetPackageVersion=3.0.0
1>                    OriginalItemSpec=C:\Users\hansnguyen\.nuget\packages\microsoft.windowsdesktop.app.ref\3.0.0\ref\netcoreapp3.0\System.Security.Cryptography.Pkcs.dll
1>                    Private=false
1>                    PublicKeyToken=b03f5f7f11d50a3a
1>                    ReferenceSourceTarget=ResolveAssemblyReference
1>                    ResolvedFrom={RawFileName}
1>                    Version=
1>            C:\Users\hansnguyen\.nuget\packages\microsoft.netcore.app.ref\3.0.0\ref\netcoreapp3.0\System.Security.Cryptography.Primitives.dll
1>                    AssemblyVersion=4.1.1.0
1>                    CopyLocal=false
1>                    ExternallyResolved=true
1>                    FileVersion=4.700.19.46214
1>                    FrameworkReferenceName=Microsoft.NETCore.App
1>                    FrameworkReferenceVersion=3.0.0
1>                    FusionName=System.Security.Cryptography.Primitives, Version=4.1.1.0, Culture=neutral, PublicKeyToken=b03f5f7f11d50a3a
1>                    ImageRuntime=v4.0.30319
1>                    NuGetPackageId=Microsoft.NETCore.App.Ref
1>                    NuGetPackageVersion=3.0.0
1>                    OriginalItemSpec=C:\Users\hansnguyen\.nuget\packages\microsoft.netcore.app.ref\3.0.0\ref\netcoreapp3.0\System.Security.Cryptography.Primitives.dll
1>                    Private=false
1>                    PublicKeyToken=b03f5f7f11d50a3a
1>                    ReferenceSourceTarget=ResolveAssemblyReference
1>                    ResolvedFrom={RawFileName}
1>                    Version=
1>            C:\Users\hansnguyen\.nuget\packages\microsoft.windowsdesktop.app.ref\3.0.0\ref\netcoreapp3.0\System.Security.Cryptography.ProtectedData.dll
1>                    AssemblyVersion=4.0.4.0
1>                    CopyLocal=false
1>                    ExternallyResolved=true
1>                    FileVersion=4.700.19.46214
1>                    FrameworkReferenceName=Microsoft.WindowsDesktop.App.WPF
1>                    FrameworkReferenceVersion=3.0.0
1>                    FusionName=System.Security.Cryptography.ProtectedData, Version=4.0.4.0, Culture=neutral, PublicKeyToken=b03f5f7f11d50a3a
1>                    ImageRuntime=v4.0.30319
1>                    NuGetPackageId=Microsoft.WindowsDesktop.App.Ref
1>                    NuGetPackageVersion=3.0.0
1>                    OriginalItemSpec=C:\Users\hansnguyen\.nuget\packages\microsoft.windowsdesktop.app.ref\3.0.0\ref\netcoreapp3.0\System.Security.Cryptography.ProtectedData.dll
1>                    Private=false
1>                    PublicKeyToken=b03f5f7f11d50a3a
1>                    ReferenceSourceTarget=ResolveAssemblyReference
1>                    ResolvedFrom={RawFileName}
1>                    Version=
1>            C:\Users\hansnguyen\.nuget\packages\microsoft.netcore.app.ref\3.0.0\ref\netcoreapp3.0\System.Security.Cryptography.X509Certificates.dll
1>                    AssemblyVersion=4.2.1.0
1>                    CopyLocal=false
1>                    ExternallyResolved=true
1>                    FileVersion=4.700.19.46214
1>                    FrameworkReferenceName=Microsoft.NETCore.App
1>                    FrameworkReferenceVersion=3.0.0
1>                    FusionName=System.Security.Cryptography.X509Certificates, Version=4.2.1.0, Culture=neutral, PublicKeyToken=b03f5f7f11d50a3a
1>                    ImageRuntime=v4.0.30319
1>                    NuGetPackageId=Microsoft.NETCore.App.Ref
1>                    NuGetPackageVersion=3.0.0
1>                    OriginalItemSpec=C:\Users\hansnguyen\.nuget\packages\microsoft.netcore.app.ref\3.0.0\ref\netcoreapp3.0\System.Security.Cryptography.X509Certificates.dll
1>                    Private=false
1>                    PublicKeyToken=b03f5f7f11d50a3a
1>                    ReferenceSourceTarget=ResolveAssemblyReference
1>                    ResolvedFrom={RawFileName}
1>                    Version=
1>            C:\Users\hansnguyen\.nuget\packages\microsoft.windowsdesktop.app.ref\3.0.0\ref\netcoreapp3.0\System.Security.Cryptography.Xml.dll
1>                    AssemblyVersion=4.0.2.0
1>                    CopyLocal=false
1>                    ExternallyResolved=true
1>                    FileVersion=4.700.19.46214
1>                    FrameworkReferenceName=Microsoft.WindowsDesktop.App.WPF
1>                    FrameworkReferenceVersion=3.0.0
1>                    FusionName=System.Security.Cryptography.Xml, Version=4.0.2.0, Culture=neutral, PublicKeyToken=cc7b13ffcd2ddd51
1>                    ImageRuntime=v4.0.30319
1>                    NuGetPackageId=Microsoft.WindowsDesktop.App.Ref
1>                    NuGetPackageVersion=3.0.0
1>                    OriginalItemSpec=C:\Users\hansnguyen\.nuget\packages\microsoft.windowsdesktop.app.ref\3.0.0\ref\netcoreapp3.0\System.Security.Cryptography.Xml.dll
1>                    Private=false
1>                    PublicKeyToken=cc7b13ffcd2ddd51
1>                    ReferenceSourceTarget=ResolveAssemblyReference
1>                    ResolvedFrom={RawFileName}
1>                    Version=
1>            C:\Users\hansnguyen\.nuget\packages\microsoft.netcore.app.ref\3.0.0\ref\netcoreapp3.0\System.Security.dll
1>                    AssemblyVersion=4.0.0.0
1>                    CopyLocal=false
1>                    ExternallyResolved=true
1>                    FileVersion=4.700.19.46214
1>                    FrameworkReferenceName=Microsoft.NETCore.App
1>                    FrameworkReferenceVersion=3.0.0
1>                    FusionName=System.Security, Version=4.0.0.0, Culture=neutral, PublicKeyToken=b03f5f7f11d50a3a
1>                    ImageRuntime=v4.0.30319
1>                    NuGetPackageId=Microsoft.NETCore.App.Ref
1>                    NuGetPackageVersion=3.0.0
1>                    OriginalItemSpec=C:\Users\hansnguyen\.nuget\packages\microsoft.netcore.app.ref\3.0.0\ref\netcoreapp3.0\System.Security.dll
1>                    Private=false
1>                    PublicKeyToken=b03f5f7f11d50a3a
1>                    ReferenceSourceTarget=ResolveAssemblyReference
1>                    ResolvedFrom={RawFileName}
1>                    Version=
1>            C:\Users\hansnguyen\.nuget\packages\microsoft.windowsdesktop.app.ref\3.0.0\ref\netcoreapp3.0\System.Security.Permissions.dll
1>                    AssemblyVersion=4.0.2.0
1>                    CopyLocal=false
1>                    ExternallyResolved=true
1>                    FileVersion=4.700.19.46214
1>                    FrameworkReferenceName=Microsoft.WindowsDesktop.App.WPF
1>                    FrameworkReferenceVersion=3.0.0
1>                    FusionName=System.Security.Permissions, Version=4.0.2.0, Culture=neutral, PublicKeyToken=cc7b13ffcd2ddd51
1>                    ImageRuntime=v4.0.30319
1>                    NuGetPackageId=Microsoft.WindowsDesktop.App.Ref
1>                    NuGetPackageVersion=3.0.0
1>                    OriginalItemSpec=C:\Users\hansnguyen\.nuget\packages\microsoft.windowsdesktop.app.ref\3.0.0\ref\netcoreapp3.0\System.Security.Permissions.dll
1>                    Private=false
1>                    PublicKeyToken=cc7b13ffcd2ddd51
1>                    ReferenceSourceTarget=ResolveAssemblyReference
1>                    ResolvedFrom={RawFileName}
1>                    Version=
1>            C:\Users\hansnguyen\.nuget\packages\microsoft.netcore.app.ref\3.0.0\ref\netcoreapp3.0\System.Security.Principal.dll
1>                    AssemblyVersion=4.1.1.0
1>                    CopyLocal=false
1>                    ExternallyResolved=true
1>                    FileVersion=4.700.19.46214
1>                    FrameworkReferenceName=Microsoft.NETCore.App
1>                    FrameworkReferenceVersion=3.0.0
1>                    FusionName=System.Security.Principal, Version=4.1.1.0, Culture=neutral, PublicKeyToken=b03f5f7f11d50a3a
1>                    ImageRuntime=v4.0.30319
1>                    NuGetPackageId=Microsoft.NETCore.App.Ref
1>                    NuGetPackageVersion=3.0.0
1>                    OriginalItemSpec=C:\Users\hansnguyen\.nuget\packages\microsoft.netcore.app.ref\3.0.0\ref\netcoreapp3.0\System.Security.Principal.dll
1>                    Private=false
1>                    PublicKeyToken=b03f5f7f11d50a3a
1>                    ReferenceSourceTarget=ResolveAssemblyReference
1>                    ResolvedFrom={RawFileName}
1>                    Version=
1>            C:\Users\hansnguyen\.nuget\packages\microsoft.windowsdesktop.app.ref\3.0.0\ref\netcoreapp3.0\System.Security.Principal.Windows.dll
1>                    AssemblyVersion=4.1.1.0
1>                    CopyLocal=false
1>                    ExternallyResolved=true
1>                    FileVersion=4.700.19.46214
1>                    FrameworkReferenceName=Microsoft.WindowsDesktop.App.WPF
1>                    FrameworkReferenceVersion=3.0.0
1>                    FusionName=System.Security.Principal.Windows, Version=4.1.1.0, Culture=neutral, PublicKeyToken=b03f5f7f11d50a3a
1>                    ImageRuntime=v4.0.30319
1>                    NuGetPackageId=Microsoft.WindowsDesktop.App.Ref
1>                    NuGetPackageVersion=3.0.0
1>                    OriginalItemSpec=C:\Users\hansnguyen\.nuget\packages\microsoft.windowsdesktop.app.ref\3.0.0\ref\netcoreapp3.0\System.Security.Principal.Windows.dll
1>                    Private=false
1>                    PublicKeyToken=b03f5f7f11d50a3a
1>                    ReferenceSourceTarget=ResolveAssemblyReference
1>                    ResolvedFrom={RawFileName}
1>                    Version=
1>            C:\Users\hansnguyen\.nuget\packages\microsoft.netcore.app.ref\3.0.0\ref\netcoreapp3.0\System.Security.SecureString.dll
1>                    AssemblyVersion=4.1.1.0
1>                    CopyLocal=false
1>                    ExternallyResolved=true
1>                    FileVersion=4.700.19.46214
1>                    FrameworkReferenceName=Microsoft.NETCore.App
1>                    FrameworkReferenceVersion=3.0.0
1>                    FusionName=System.Security.SecureString, Version=4.1.1.0, Culture=neutral, PublicKeyToken=b03f5f7f11d50a3a
1>                    ImageRuntime=v4.0.30319
1>                    NuGetPackageId=Microsoft.NETCore.App.Ref
1>                    NuGetPackageVersion=3.0.0
1>                    OriginalItemSpec=C:\Users\hansnguyen\.nuget\packages\microsoft.netcore.app.ref\3.0.0\ref\netcoreapp3.0\System.Security.SecureString.dll
1>                    Private=false
1>                    PublicKeyToken=b03f5f7f11d50a3a
1>                    ReferenceSourceTarget=ResolveAssemblyReference
1>                    ResolvedFrom={RawFileName}
1>                    Version=
1>            C:\Users\hansnguyen\.nuget\packages\microsoft.netcore.app.ref\3.0.0\ref\netcoreapp3.0\System.ServiceModel.Web.dll
1>                    AssemblyVersion=4.0.0.0
1>                    CopyLocal=false
1>                    ExternallyResolved=true
1>                    FileVersion=4.700.19.46214
1>                    FrameworkReferenceName=Microsoft.NETCore.App
1>                    FrameworkReferenceVersion=3.0.0
1>                    FusionName=System.ServiceModel.Web, Version=4.0.0.0, Culture=neutral, PublicKeyToken=31bf3856ad364e35
1>                    ImageRuntime=v4.0.30319
1>                    NuGetPackageId=Microsoft.NETCore.App.Ref
1>                    NuGetPackageVersion=3.0.0
1>                    OriginalItemSpec=C:\Users\hansnguyen\.nuget\packages\microsoft.netcore.app.ref\3.0.0\ref\netcoreapp3.0\System.ServiceModel.Web.dll
1>                    Private=false
1>                    PublicKeyToken=31bf3856ad364e35
1>                    ReferenceSourceTarget=ResolveAssemblyReference
1>                    ResolvedFrom={RawFileName}
1>                    Version=
1>            C:\Users\hansnguyen\.nuget\packages\microsoft.netcore.app.ref\3.0.0\ref\netcoreapp3.0\System.ServiceProcess.dll
1>                    AssemblyVersion=4.0.0.0
1>                    CopyLocal=false
1>                    ExternallyResolved=true
1>                    FileVersion=4.700.19.46214
1>                    FrameworkReferenceName=Microsoft.NETCore.App
1>                    FrameworkReferenceVersion=3.0.0
1>                    FusionName=System.ServiceProcess, Version=4.0.0.0, Culture=neutral, PublicKeyToken=b03f5f7f11d50a3a
1>                    ImageRuntime=v4.0.30319
1>                    NuGetPackageId=Microsoft.NETCore.App.Ref
1>                    NuGetPackageVersion=3.0.0
1>                    OriginalItemSpec=C:\Users\hansnguyen\.nuget\packages\microsoft.netcore.app.ref\3.0.0\ref\netcoreapp3.0\System.ServiceProcess.dll
1>                    Private=false
1>                    PublicKeyToken=b03f5f7f11d50a3a
1>                    ReferenceSourceTarget=ResolveAssemblyReference
1>                    ResolvedFrom={RawFileName}
1>                    Version=
1>            C:\Users\hansnguyen\.nuget\packages\microsoft.netcore.app.ref\3.0.0\ref\netcoreapp3.0\System.Text.Encoding.CodePages.dll
1>                    AssemblyVersion=4.1.2.0
1>                    CopyLocal=false
1>                    ExternallyResolved=true
1>                    FileVersion=4.700.19.46214
1>                    FrameworkReferenceName=Microsoft.NETCore.App
1>                    FrameworkReferenceVersion=3.0.0
1>                    FusionName=System.Text.Encoding.CodePages, Version=4.1.2.0, Culture=neutral, PublicKeyToken=b03f5f7f11d50a3a
1>                    ImageRuntime=v4.0.30319
1>                    NuGetPackageId=Microsoft.NETCore.App.Ref
1>                    NuGetPackageVersion=3.0.0
1>                    OriginalItemSpec=C:\Users\hansnguyen\.nuget\packages\microsoft.netcore.app.ref\3.0.0\ref\netcoreapp3.0\System.Text.Encoding.CodePages.dll
1>                    Private=false
1>                    PublicKeyToken=b03f5f7f11d50a3a
1>                    ReferenceSourceTarget=ResolveAssemblyReference
1>                    ResolvedFrom={RawFileName}
1>                    Version=
1>            C:\Users\hansnguyen\.nuget\packages\microsoft.netcore.app.ref\3.0.0\ref\netcoreapp3.0\System.Text.Encoding.dll
1>                    AssemblyVersion=4.1.1.0
1>                    CopyLocal=false
1>                    ExternallyResolved=true
1>                    FileVersion=4.700.19.46214
1>                    FrameworkReferenceName=Microsoft.NETCore.App
1>                    FrameworkReferenceVersion=3.0.0
1>                    FusionName=System.Text.Encoding, Version=4.1.1.0, Culture=neutral, PublicKeyToken=b03f5f7f11d50a3a
1>                    ImageRuntime=v4.0.30319
1>                    NuGetPackageId=Microsoft.NETCore.App.Ref
1>                    NuGetPackageVersion=3.0.0
1>                    OriginalItemSpec=C:\Users\hansnguyen\.nuget\packages\microsoft.netcore.app.ref\3.0.0\ref\netcoreapp3.0\System.Text.Encoding.dll
1>                    Private=false
1>                    PublicKeyToken=b03f5f7f11d50a3a
1>                    ReferenceSourceTarget=ResolveAssemblyReference
1>                    ResolvedFrom={RawFileName}
1>                    Version=
1>            C:\Users\hansnguyen\.nuget\packages\microsoft.netcore.app.ref\3.0.0\ref\netcoreapp3.0\System.Text.Encoding.Extensions.dll
1>                    AssemblyVersion=4.1.1.0
1>                    CopyLocal=false
1>                    ExternallyResolved=true
1>                    FileVersion=4.700.19.46214
1>                    FrameworkReferenceName=Microsoft.NETCore.App
1>                    FrameworkReferenceVersion=3.0.0
1>                    FusionName=System.Text.Encoding.Extensions, Version=4.1.1.0, Culture=neutral, PublicKeyToken=b03f5f7f11d50a3a
1>                    ImageRuntime=v4.0.30319
1>                    NuGetPackageId=Microsoft.NETCore.App.Ref
1>                    NuGetPackageVersion=3.0.0
1>                    OriginalItemSpec=C:\Users\hansnguyen\.nuget\packages\microsoft.netcore.app.ref\3.0.0\ref\netcoreapp3.0\System.Text.Encoding.Extensions.dll
1>                    Private=false
1>                    PublicKeyToken=b03f5f7f11d50a3a
1>                    ReferenceSourceTarget=ResolveAssemblyReference
1>                    ResolvedFrom={RawFileName}
1>                    Version=
1>            C:\Users\hansnguyen\.nuget\packages\microsoft.netcore.app.ref\3.0.0\ref\netcoreapp3.0\System.Text.Encodings.Web.dll
1>                    AssemblyVersion=4.0.4.0
1>                    CopyLocal=false
1>                    ExternallyResolved=true
1>                    FileVersion=4.700.19.46214
1>                    FrameworkReferenceName=Microsoft.NETCore.App
1>                    FrameworkReferenceVersion=3.0.0
1>                    FusionName=System.Text.Encodings.Web, Version=4.0.4.0, Culture=neutral, PublicKeyToken=cc7b13ffcd2ddd51
1>                    ImageRuntime=v4.0.30319
1>                    NuGetPackageId=Microsoft.NETCore.App.Ref
1>                    NuGetPackageVersion=3.0.0
1>                    OriginalItemSpec=C:\Users\hansnguyen\.nuget\packages\microsoft.netcore.app.ref\3.0.0\ref\netcoreapp3.0\System.Text.Encodings.Web.dll
1>                    Private=false
1>                    PublicKeyToken=cc7b13ffcd2ddd51
1>                    ReferenceSourceTarget=ResolveAssemblyReference
1>                    ResolvedFrom={RawFileName}
1>                    Version=
1>            C:\Users\hansnguyen\.nuget\packages\microsoft.netcore.app.ref\3.0.0\ref\netcoreapp3.0\System.Text.Json.dll
1>                    AssemblyVersion=4.0.0.0
1>                    CopyLocal=false
1>                    ExternallyResolved=true
1>                    FileVersion=4.700.19.46214
1>                    FrameworkReferenceName=Microsoft.NETCore.App
1>                    FrameworkReferenceVersion=3.0.0
1>                    FusionName=System.Text.Json, Version=4.0.0.0, Culture=neutral, PublicKeyToken=cc7b13ffcd2ddd51
1>                    ImageRuntime=v4.0.30319
1>                    NuGetPackageId=Microsoft.NETCore.App.Ref
1>                    NuGetPackageVersion=3.0.0
1>                    OriginalItemSpec=C:\Users\hansnguyen\.nuget\packages\microsoft.netcore.app.ref\3.0.0\ref\netcoreapp3.0\System.Text.Json.dll
1>                    Private=false
1>                    PublicKeyToken=cc7b13ffcd2ddd51
1>                    ReferenceSourceTarget=ResolveAssemblyReference
1>                    ResolvedFrom={RawFileName}
1>                    Version=
1>            C:\Users\hansnguyen\.nuget\packages\microsoft.netcore.app.ref\3.0.0\ref\netcoreapp3.0\System.Text.RegularExpressions.dll
1>                    AssemblyVersion=4.2.1.0
1>                    CopyLocal=false
1>                    ExternallyResolved=true
1>                    FileVersion=4.700.19.46214
1>                    FrameworkReferenceName=Microsoft.NETCore.App
1>                    FrameworkReferenceVersion=3.0.0
1>                    FusionName=System.Text.RegularExpressions, Version=4.2.1.0, Culture=neutral, PublicKeyToken=b03f5f7f11d50a3a
1>                    ImageRuntime=v4.0.30319
1>                    NuGetPackageId=Microsoft.NETCore.App.Ref
1>                    NuGetPackageVersion=3.0.0
1>                    OriginalItemSpec=C:\Users\hansnguyen\.nuget\packages\microsoft.netcore.app.ref\3.0.0\ref\netcoreapp3.0\System.Text.RegularExpressions.dll
1>                    Private=false
1>                    PublicKeyToken=b03f5f7f11d50a3a
1>                    ReferenceSourceTarget=ResolveAssemblyReference
1>                    ResolvedFrom={RawFileName}
1>                    Version=
1>            C:\Users\hansnguyen\.nuget\packages\microsoft.windowsdesktop.app.ref\3.0.0\ref\netcoreapp3.0\System.Threading.AccessControl.dll
1>                    AssemblyVersion=4.0.4.0
1>                    CopyLocal=false
1>                    ExternallyResolved=true
1>                    FileVersion=4.700.19.46214
1>                    FrameworkReferenceName=Microsoft.WindowsDesktop.App.WPF
1>                    FrameworkReferenceVersion=3.0.0
1>                    FusionName=System.Threading.AccessControl, Version=4.0.4.0, Culture=neutral, PublicKeyToken=b03f5f7f11d50a3a
1>                    ImageRuntime=v4.0.30319
1>                    NuGetPackageId=Microsoft.WindowsDesktop.App.Ref
1>                    NuGetPackageVersion=3.0.0
1>                    OriginalItemSpec=C:\Users\hansnguyen\.nuget\packages\microsoft.windowsdesktop.app.ref\3.0.0\ref\netcoreapp3.0\System.Threading.AccessControl.dll
1>                    Private=false
1>                    PublicKeyToken=b03f5f7f11d50a3a
1>                    ReferenceSourceTarget=ResolveAssemblyReference
1>                    ResolvedFrom={RawFileName}
1>                    Version=
1>            C:\Users\hansnguyen\.nuget\packages\microsoft.netcore.app.ref\3.0.0\ref\netcoreapp3.0\System.Threading.Channels.dll
1>                    AssemblyVersion=4.0.1.0
1>                    CopyLocal=false
1>                    ExternallyResolved=true
1>                    FileVersion=4.700.19.46214
1>                    FrameworkReferenceName=Microsoft.NETCore.App
1>                    FrameworkReferenceVersion=3.0.0
1>                    FusionName=System.Threading.Channels, Version=4.0.1.0, Culture=neutral, PublicKeyToken=cc7b13ffcd2ddd51
1>                    ImageRuntime=v4.0.30319
1>                    NuGetPackageId=Microsoft.NETCore.App.Ref
1>                    NuGetPackageVersion=3.0.0
1>                    OriginalItemSpec=C:\Users\hansnguyen\.nuget\packages\microsoft.netcore.app.ref\3.0.0\ref\netcoreapp3.0\System.Threading.Channels.dll
1>                    Private=false
1>                    PublicKeyToken=cc7b13ffcd2ddd51
1>                    ReferenceSourceTarget=ResolveAssemblyReference
1>                    ResolvedFrom={RawFileName}
1>                    Version=
1>            C:\Users\hansnguyen\.nuget\packages\microsoft.netcore.app.ref\3.0.0\ref\netcoreapp3.0\System.Threading.dll
1>                    AssemblyVersion=4.1.1.0
1>                    CopyLocal=false
1>                    ExternallyResolved=true
1>                    FileVersion=4.700.19.46214
1>                    FrameworkReferenceName=Microsoft.NETCore.App
1>                    FrameworkReferenceVersion=3.0.0
1>                    FusionName=System.Threading, Version=4.1.1.0, Culture=neutral, PublicKeyToken=b03f5f7f11d50a3a
1>                    ImageRuntime=v4.0.30319
1>                    NuGetPackageId=Microsoft.NETCore.App.Ref
1>                    NuGetPackageVersion=3.0.0
1>                    OriginalItemSpec=C:\Users\hansnguyen\.nuget\packages\microsoft.netcore.app.ref\3.0.0\ref\netcoreapp3.0\System.Threading.dll
1>                    Private=false
1>                    PublicKeyToken=b03f5f7f11d50a3a
1>                    ReferenceSourceTarget=ResolveAssemblyReference
1>                    ResolvedFrom={RawFileName}
1>                    Version=
1>            C:\Users\hansnguyen\.nuget\packages\microsoft.netcore.app.ref\3.0.0\ref\netcoreapp3.0\System.Threading.Overlapped.dll
1>                    AssemblyVersion=4.1.1.0
1>                    CopyLocal=false
1>                    ExternallyResolved=true
1>                    FileVersion=4.700.19.46214
1>                    FrameworkReferenceName=Microsoft.NETCore.App
1>                    FrameworkReferenceVersion=3.0.0
1>                    FusionName=System.Threading.Overlapped, Version=4.1.1.0, Culture=neutral, PublicKeyToken=b03f5f7f11d50a3a
1>                    ImageRuntime=v4.0.30319
1>                    NuGetPackageId=Microsoft.NETCore.App.Ref
1>                    NuGetPackageVersion=3.0.0
1>                    OriginalItemSpec=C:\Users\hansnguyen\.nuget\packages\microsoft.netcore.app.ref\3.0.0\ref\netcoreapp3.0\System.Threading.Overlapped.dll
1>                    Private=false
1>                    PublicKeyToken=b03f5f7f11d50a3a
1>                    ReferenceSourceTarget=ResolveAssemblyReference
1>                    ResolvedFrom={RawFileName}
1>                    Version=
1>            C:\Users\hansnguyen\.nuget\packages\microsoft.netcore.app.ref\3.0.0\ref\netcoreapp3.0\System.Threading.Tasks.Dataflow.dll
1>                    AssemblyVersion=4.6.4.0
1>                    CopyLocal=false
1>                    ExternallyResolved=true
1>                    FileVersion=4.700.19.46214
1>                    FrameworkReferenceName=Microsoft.NETCore.App
1>                    FrameworkReferenceVersion=3.0.0
1>                    FusionName=System.Threading.Tasks.Dataflow, Version=4.6.4.0, Culture=neutral, PublicKeyToken=b03f5f7f11d50a3a
1>                    ImageRuntime=v4.0.30319
1>                    NuGetPackageId=Microsoft.NETCore.App.Ref
1>                    NuGetPackageVersion=3.0.0
1>                    OriginalItemSpec=C:\Users\hansnguyen\.nuget\packages\microsoft.netcore.app.ref\3.0.0\ref\netcoreapp3.0\System.Threading.Tasks.Dataflow.dll
1>                    Private=false
1>                    PublicKeyToken=b03f5f7f11d50a3a
1>                    ReferenceSourceTarget=ResolveAssemblyReference
1>                    ResolvedFrom={RawFileName}
1>                    Version=
1>            C:\Users\hansnguyen\.nuget\packages\microsoft.netcore.app.ref\3.0.0\ref\netcoreapp3.0\System.Threading.Tasks.dll
1>                    AssemblyVersion=4.1.1.0
1>                    CopyLocal=false
1>                    ExternallyResolved=true
1>                    FileVersion=4.700.19.46214
1>                    FrameworkReferenceName=Microsoft.NETCore.App
1>                    FrameworkReferenceVersion=3.0.0
1>                    FusionName=System.Threading.Tasks, Version=4.1.1.0, Culture=neutral, PublicKeyToken=b03f5f7f11d50a3a
1>                    ImageRuntime=v4.0.30319
1>                    NuGetPackageId=Microsoft.NETCore.App.Ref
1>                    NuGetPackageVersion=3.0.0
1>                    OriginalItemSpec=C:\Users\hansnguyen\.nuget\packages\microsoft.netcore.app.ref\3.0.0\ref\netcoreapp3.0\System.Threading.Tasks.dll
1>                    Private=false
1>                    PublicKeyToken=b03f5f7f11d50a3a
1>                    ReferenceSourceTarget=ResolveAssemblyReference
1>                    ResolvedFrom={RawFileName}
1>                    Version=
1>            C:\Users\hansnguyen\.nuget\packages\microsoft.netcore.app.ref\3.0.0\ref\netcoreapp3.0\System.Threading.Tasks.Extensions.dll
1>                    AssemblyVersion=4.3.0.0
1>                    CopyLocal=false
1>                    ExternallyResolved=true
1>                    FileVersion=4.700.19.46214
1>                    FrameworkReferenceName=Microsoft.NETCore.App
1>                    FrameworkReferenceVersion=3.0.0
1>                    FusionName=System.Threading.Tasks.Extensions, Version=4.3.0.0, Culture=neutral, PublicKeyToken=cc7b13ffcd2ddd51
1>                    ImageRuntime=v4.0.30319
1>                    NuGetPackageId=Microsoft.NETCore.App.Ref
1>                    NuGetPackageVersion=3.0.0
1>                    OriginalItemSpec=C:\Users\hansnguyen\.nuget\packages\microsoft.netcore.app.ref\3.0.0\ref\netcoreapp3.0\System.Threading.Tasks.Extensions.dll
1>                    Private=false
1>                    PublicKeyToken=cc7b13ffcd2ddd51
1>                    ReferenceSourceTarget=ResolveAssemblyReference
1>                    ResolvedFrom={RawFileName}
1>                    Version=
1>            C:\Users\hansnguyen\.nuget\packages\microsoft.netcore.app.ref\3.0.0\ref\netcoreapp3.0\System.Threading.Tasks.Parallel.dll
1>                    AssemblyVersion=4.0.3.0
1>                    CopyLocal=false
1>                    ExternallyResolved=true
1>                    FileVersion=4.700.19.46214
1>                    FrameworkReferenceName=Microsoft.NETCore.App
1>                    FrameworkReferenceVersion=3.0.0
1>                    FusionName=System.Threading.Tasks.Parallel, Version=4.0.3.0, Culture=neutral, PublicKeyToken=b03f5f7f11d50a3a
1>                    ImageRuntime=v4.0.30319
1>                    NuGetPackageId=Microsoft.NETCore.App.Ref
1>                    NuGetPackageVersion=3.0.0
1>                    OriginalItemSpec=C:\Users\hansnguyen\.nuget\packages\microsoft.netcore.app.ref\3.0.0\ref\netcoreapp3.0\System.Threading.Tasks.Parallel.dll
1>                    Private=false
1>                    PublicKeyToken=b03f5f7f11d50a3a
1>                    ReferenceSourceTarget=ResolveAssemblyReference
1>                    ResolvedFrom={RawFileName}
1>                    Version=
1>            C:\Users\hansnguyen\.nuget\packages\microsoft.netcore.app.ref\3.0.0\ref\netcoreapp3.0\System.Threading.Thread.dll
1>                    AssemblyVersion=4.1.1.0
1>                    CopyLocal=false
1>                    ExternallyResolved=true
1>                    FileVersion=4.700.19.46214
1>                    FrameworkReferenceName=Microsoft.NETCore.App
1>                    FrameworkReferenceVersion=3.0.0
1>                    FusionName=System.Threading.Thread, Version=4.1.1.0, Culture=neutral, PublicKeyToken=b03f5f7f11d50a3a
1>                    ImageRuntime=v4.0.30319
1>                    NuGetPackageId=Microsoft.NETCore.App.Ref
1>                    NuGetPackageVersion=3.0.0
1>                    OriginalItemSpec=C:\Users\hansnguyen\.nuget\packages\microsoft.netcore.app.ref\3.0.0\ref\netcoreapp3.0\System.Threading.Thread.dll
1>                    Private=false
1>                    PublicKeyToken=b03f5f7f11d50a3a
1>                    ReferenceSourceTarget=ResolveAssemblyReference
1>                    ResolvedFrom={RawFileName}
1>                    Version=
1>            C:\Users\hansnguyen\.nuget\packages\microsoft.netcore.app.ref\3.0.0\ref\netcoreapp3.0\System.Threading.ThreadPool.dll
1>                    AssemblyVersion=4.1.1.0
1>                    CopyLocal=false
1>                    ExternallyResolved=true
1>                    FileVersion=4.700.19.46214
1>                    FrameworkReferenceName=Microsoft.NETCore.App
1>                    FrameworkReferenceVersion=3.0.0
1>                    FusionName=System.Threading.ThreadPool, Version=4.1.1.0, Culture=neutral, PublicKeyToken=b03f5f7f11d50a3a
1>                    ImageRuntime=v4.0.30319
1>                    NuGetPackageId=Microsoft.NETCore.App.Ref
1>                    NuGetPackageVersion=3.0.0
1>                    OriginalItemSpec=C:\Users\hansnguyen\.nuget\packages\microsoft.netcore.app.ref\3.0.0\ref\netcoreapp3.0\System.Threading.ThreadPool.dll
1>                    Private=false
1>                    PublicKeyToken=b03f5f7f11d50a3a
1>                    ReferenceSourceTarget=ResolveAssemblyReference
1>                    ResolvedFrom={RawFileName}
1>                    Version=
1>            C:\Users\hansnguyen\.nuget\packages\microsoft.netcore.app.ref\3.0.0\ref\netcoreapp3.0\System.Threading.Timer.dll
1>                    AssemblyVersion=4.1.1.0
1>                    CopyLocal=false
1>                    ExternallyResolved=true
1>                    FileVersion=4.700.19.46214
1>                    FrameworkReferenceName=Microsoft.NETCore.App
1>                    FrameworkReferenceVersion=3.0.0
1>                    FusionName=System.Threading.Timer, Version=4.1.1.0, Culture=neutral, PublicKeyToken=b03f5f7f11d50a3a
1>                    ImageRuntime=v4.0.30319
1>                    NuGetPackageId=Microsoft.NETCore.App.Ref
1>                    NuGetPackageVersion=3.0.0
1>                    OriginalItemSpec=C:\Users\hansnguyen\.nuget\packages\microsoft.netcore.app.ref\3.0.0\ref\netcoreapp3.0\System.Threading.Timer.dll
1>                    Private=false
1>                    PublicKeyToken=b03f5f7f11d50a3a
1>                    ReferenceSourceTarget=ResolveAssemblyReference
1>                    ResolvedFrom={RawFileName}
1>                    Version=
1>            C:\Users\hansnguyen\.nuget\packages\microsoft.netcore.app.ref\3.0.0\ref\netcoreapp3.0\System.Transactions.dll
1>                    AssemblyVersion=4.0.0.0
1>                    CopyLocal=false
1>                    ExternallyResolved=true
1>                    FileVersion=4.700.19.46214
1>                    FrameworkReferenceName=Microsoft.NETCore.App
1>                    FrameworkReferenceVersion=3.0.0
1>                    FusionName=System.Transactions, Version=4.0.0.0, Culture=neutral, PublicKeyToken=b77a5c561934e089
1>                    ImageRuntime=v4.0.30319
1>                    NuGetPackageId=Microsoft.NETCore.App.Ref
1>                    NuGetPackageVersion=3.0.0
1>                    OriginalItemSpec=C:\Users\hansnguyen\.nuget\packages\microsoft.netcore.app.ref\3.0.0\ref\netcoreapp3.0\System.Transactions.dll
1>                    Private=false
1>                    PublicKeyToken=b77a5c561934e089
1>                    ReferenceSourceTarget=ResolveAssemblyReference
1>                    ResolvedFrom={RawFileName}
1>                    Version=
1>            C:\Users\hansnguyen\.nuget\packages\microsoft.netcore.app.ref\3.0.0\ref\netcoreapp3.0\System.Transactions.Local.dll
1>                    AssemblyVersion=4.0.1.0
1>                    CopyLocal=false
1>                    ExternallyResolved=true
1>                    FileVersion=4.700.19.46214
1>                    FrameworkReferenceName=Microsoft.NETCore.App
1>                    FrameworkReferenceVersion=3.0.0
1>                    FusionName=System.Transactions.Local, Version=4.0.1.0, Culture=neutral, PublicKeyToken=cc7b13ffcd2ddd51
1>                    ImageRuntime=v4.0.30319
1>                    NuGetPackageId=Microsoft.NETCore.App.Ref
1>                    NuGetPackageVersion=3.0.0
1>                    OriginalItemSpec=C:\Users\hansnguyen\.nuget\packages\microsoft.netcore.app.ref\3.0.0\ref\netcoreapp3.0\System.Transactions.Local.dll
1>                    Private=false
1>                    PublicKeyToken=cc7b13ffcd2ddd51
1>                    ReferenceSourceTarget=ResolveAssemblyReference
1>                    ResolvedFrom={RawFileName}
1>                    Version=
1>            C:\Users\hansnguyen\.nuget\packages\microsoft.netcore.app.ref\3.0.0\ref\netcoreapp3.0\System.ValueTuple.dll
1>                    AssemblyVersion=4.0.3.0
1>                    CopyLocal=false
1>                    ExternallyResolved=true
1>                    FileVersion=4.700.19.46214
1>                    FrameworkReferenceName=Microsoft.NETCore.App
1>                    FrameworkReferenceVersion=3.0.0
1>                    FusionName=System.ValueTuple, Version=4.0.3.0, Culture=neutral, PublicKeyToken=cc7b13ffcd2ddd51
1>                    ImageRuntime=v4.0.30319
1>                    NuGetPackageId=Microsoft.NETCore.App.Ref
1>                    NuGetPackageVersion=3.0.0
1>                    OriginalItemSpec=C:\Users\hansnguyen\.nuget\packages\microsoft.netcore.app.ref\3.0.0\ref\netcoreapp3.0\System.ValueTuple.dll
1>                    Private=false
1>                    PublicKeyToken=cc7b13ffcd2ddd51
1>                    ReferenceSourceTarget=ResolveAssemblyReference
1>                    ResolvedFrom={RawFileName}
1>                    Version=
1>            C:\Users\hansnguyen\.nuget\packages\microsoft.netcore.app.ref\3.0.0\ref\netcoreapp3.0\System.Web.dll
1>                    AssemblyVersion=4.0.0.0
1>                    CopyLocal=false
1>                    ExternallyResolved=true
1>                    FileVersion=4.700.19.46214
1>                    FrameworkReferenceName=Microsoft.NETCore.App
1>                    FrameworkReferenceVersion=3.0.0
1>                    FusionName=System.Web, Version=4.0.0.0, Culture=neutral, PublicKeyToken=b03f5f7f11d50a3a
1>                    ImageRuntime=v4.0.30319
1>                    NuGetPackageId=Microsoft.NETCore.App.Ref
1>                    NuGetPackageVersion=3.0.0
1>                    OriginalItemSpec=C:\Users\hansnguyen\.nuget\packages\microsoft.netcore.app.ref\3.0.0\ref\netcoreapp3.0\System.Web.dll
1>                    Private=false
1>                    PublicKeyToken=b03f5f7f11d50a3a
1>                    ReferenceSourceTarget=ResolveAssemblyReference
1>                    ResolvedFrom={RawFileName}
1>                    Version=
1>            C:\Users\hansnguyen\.nuget\packages\microsoft.netcore.app.ref\3.0.0\ref\netcoreapp3.0\System.Web.HttpUtility.dll
1>                    AssemblyVersion=4.0.1.0
1>                    CopyLocal=false
1>                    ExternallyResolved=true
1>                    FileVersion=4.700.19.46214
1>                    FrameworkReferenceName=Microsoft.NETCore.App
1>                    FrameworkReferenceVersion=3.0.0
1>                    FusionName=System.Web.HttpUtility, Version=4.0.1.0, Culture=neutral, PublicKeyToken=cc7b13ffcd2ddd51
1>                    ImageRuntime=v4.0.30319
1>                    NuGetPackageId=Microsoft.NETCore.App.Ref
1>                    NuGetPackageVersion=3.0.0
1>                    OriginalItemSpec=C:\Users\hansnguyen\.nuget\packages\microsoft.netcore.app.ref\3.0.0\ref\netcoreapp3.0\System.Web.HttpUtility.dll
1>                    Private=false
1>                    PublicKeyToken=cc7b13ffcd2ddd51
1>                    ReferenceSourceTarget=ResolveAssemblyReference
1>                    ResolvedFrom={RawFileName}
1>                    Version=
1>            C:\Users\hansnguyen\.nuget\packages\microsoft.windowsdesktop.app.ref\3.0.0\ref\netcoreapp3.0\System.Windows.Controls.Ribbon.dll
1>                    AssemblyVersion=4.0.0.0
1>                    CopyLocal=false
1>                    ExternallyResolved=true
1>                    FileVersion=4.800.19.46214
1>                    FrameworkReferenceName=Microsoft.WindowsDesktop.App.WPF
1>                    FrameworkReferenceVersion=3.0.0
1>                    FusionName=System.Windows.Controls.Ribbon, Version=4.0.0.0, Culture=neutral, PublicKeyToken=b77a5c561934e089
1>                    ImageRuntime=v4.0.30319
1>                    NuGetPackageId=Microsoft.WindowsDesktop.App.Ref
1>                    NuGetPackageVersion=3.0.0
1>                    OriginalItemSpec=C:\Users\hansnguyen\.nuget\packages\microsoft.windowsdesktop.app.ref\3.0.0\ref\netcoreapp3.0\System.Windows.Controls.Ribbon.dll
1>                    Private=false
1>                    PublicKeyToken=b77a5c561934e089
1>                    ReferenceSourceTarget=ResolveAssemblyReference
1>                    ResolvedFrom={RawFileName}
1>                    Version=
1>            C:\Users\hansnguyen\.nuget\packages\microsoft.netcore.app.ref\3.0.0\ref\netcoreapp3.0\System.Windows.dll
1>                    AssemblyVersion=4.0.0.0
1>                    CopyLocal=false
1>                    ExternallyResolved=true
1>                    FileVersion=4.700.19.46214
1>                    FrameworkReferenceName=Microsoft.NETCore.App
1>                    FrameworkReferenceVersion=3.0.0
1>                    FusionName=System.Windows, Version=4.0.0.0, Culture=neutral, PublicKeyToken=b03f5f7f11d50a3a
1>                    ImageRuntime=v4.0.30319
1>                    NuGetPackageId=Microsoft.NETCore.App.Ref
1>                    NuGetPackageVersion=3.0.0
1>                    OriginalItemSpec=C:\Users\hansnguyen\.nuget\packages\microsoft.netcore.app.ref\3.0.0\ref\netcoreapp3.0\System.Windows.dll
1>                    Private=false
1>                    PublicKeyToken=b03f5f7f11d50a3a
1>                    ReferenceSourceTarget=ResolveAssemblyReference
1>                    ResolvedFrom={RawFileName}
1>                    Version=
1>            C:\Users\hansnguyen\.nuget\packages\microsoft.windowsdesktop.app.ref\3.0.0\ref\netcoreapp3.0\System.Windows.Extensions.dll
1>                    AssemblyVersion=4.0.0.0
1>                    CopyLocal=false
1>                    ExternallyResolved=true
1>                    FileVersion=4.700.19.46214
1>                    FrameworkReferenceName=Microsoft.WindowsDesktop.App.WPF
1>                    FrameworkReferenceVersion=3.0.0
1>                    FusionName=System.Windows.Extensions, Version=4.0.0.0, Culture=neutral, PublicKeyToken=cc7b13ffcd2ddd51
1>                    ImageRuntime=v4.0.30319
1>                    NuGetPackageId=Microsoft.WindowsDesktop.App.Ref
1>                    NuGetPackageVersion=3.0.0
1>                    OriginalItemSpec=C:\Users\hansnguyen\.nuget\packages\microsoft.windowsdesktop.app.ref\3.0.0\ref\netcoreapp3.0\System.Windows.Extensions.dll
1>                    Private=false
1>                    PublicKeyToken=cc7b13ffcd2ddd51
1>                    ReferenceSourceTarget=ResolveAssemblyReference
1>                    ResolvedFrom={RawFileName}
1>                    Version=
1>            C:\Users\hansnguyen\.nuget\packages\microsoft.windowsdesktop.app.ref\3.0.0\ref\netcoreapp3.0\System.Windows.Input.Manipulations.dll
1>                    AssemblyVersion=4.0.0.0
1>                    CopyLocal=false
1>                    ExternallyResolved=true
1>                    FileVersion=4.800.19.46214
1>                    FrameworkReferenceName=Microsoft.WindowsDesktop.App.WPF
1>                    FrameworkReferenceVersion=3.0.0
1>                    FusionName=System.Windows.Input.Manipulations, Version=4.0.0.0, Culture=neutral, PublicKeyToken=b77a5c561934e089
1>                    ImageRuntime=v4.0.30319
1>                    NuGetPackageId=Microsoft.WindowsDesktop.App.Ref
1>                    NuGetPackageVersion=3.0.0
1>                    OriginalItemSpec=C:\Users\hansnguyen\.nuget\packages\microsoft.windowsdesktop.app.ref\3.0.0\ref\netcoreapp3.0\System.Windows.Input.Manipulations.dll
1>                    Private=false
1>                    PublicKeyToken=b77a5c561934e089
1>                    ReferenceSourceTarget=ResolveAssemblyReference
1>                    ResolvedFrom={RawFileName}
1>                    Version=
1>            C:\Users\hansnguyen\.nuget\packages\microsoft.windowsdesktop.app.ref\3.0.0\ref\netcoreapp3.0\System.Windows.Presentation.dll
1>                    AssemblyVersion=4.0.0.0
1>                    CopyLocal=false
1>                    ExternallyResolved=true
1>                    FileVersion=4.800.19.46214
1>                    FrameworkReferenceName=Microsoft.WindowsDesktop.App.WPF
1>                    FrameworkReferenceVersion=3.0.0
1>                    FusionName=System.Windows.Presentation, Version=4.0.0.0, Culture=neutral, PublicKeyToken=b77a5c561934e089
1>                    ImageRuntime=v4.0.30319
1>                    NuGetPackageId=Microsoft.WindowsDesktop.App.Ref
1>                    NuGetPackageVersion=3.0.0
1>                    OriginalItemSpec=C:\Users\hansnguyen\.nuget\packages\microsoft.windowsdesktop.app.ref\3.0.0\ref\netcoreapp3.0\System.Windows.Presentation.dll
1>                    Private=false
1>                    PublicKeyToken=b77a5c561934e089
1>                    ReferenceSourceTarget=ResolveAssemblyReference
1>                    ResolvedFrom={RawFileName}
1>                    Version=
1>            C:\Users\hansnguyen\.nuget\packages\microsoft.windowsdesktop.app.ref\3.0.0\ref\netcoreapp3.0\System.Xaml.dll
1>                    AssemblyVersion=4.0.0.0
1>                    CopyLocal=false
1>                    ExternallyResolved=true
1>                    FileVersion=4.800.19.46214
1>                    FrameworkReferenceName=Microsoft.WindowsDesktop.App.WPF
1>                    FrameworkReferenceVersion=3.0.0
1>                    FusionName=System.Xaml, Version=4.0.0.0, Culture=neutral, PublicKeyToken=b77a5c561934e089
1>                    ImageRuntime=v4.0.30319
1>                    NuGetPackageId=Microsoft.WindowsDesktop.App.Ref
1>                    NuGetPackageVersion=3.0.0
1>                    OriginalItemSpec=C:\Users\hansnguyen\.nuget\packages\microsoft.windowsdesktop.app.ref\3.0.0\ref\netcoreapp3.0\System.Xaml.dll
1>                    Private=false
1>                    PublicKeyToken=b77a5c561934e089
1>                    ReferenceSourceTarget=ResolveAssemblyReference
1>                    ResolvedFrom={RawFileName}
1>                    Version=
1>            C:\Users\hansnguyen\.nuget\packages\microsoft.netcore.app.ref\3.0.0\ref\netcoreapp3.0\System.Xml.dll
1>                    AssemblyVersion=4.0.0.0
1>                    CopyLocal=false
1>                    ExternallyResolved=true
1>                    FileVersion=4.700.19.46214
1>                    FrameworkReferenceName=Microsoft.NETCore.App
1>                    FrameworkReferenceVersion=3.0.0
1>                    FusionName=System.Xml, Version=4.0.0.0, Culture=neutral, PublicKeyToken=b77a5c561934e089
1>                    ImageRuntime=v4.0.30319
1>                    NuGetPackageId=Microsoft.NETCore.App.Ref
1>                    NuGetPackageVersion=3.0.0
1>                    OriginalItemSpec=C:\Users\hansnguyen\.nuget\packages\microsoft.netcore.app.ref\3.0.0\ref\netcoreapp3.0\System.Xml.dll
1>                    Private=false
1>                    PublicKeyToken=b77a5c561934e089
1>                    ReferenceSourceTarget=ResolveAssemblyReference
1>                    ResolvedFrom={RawFileName}
1>                    Version=
1>            C:\Users\hansnguyen\.nuget\packages\microsoft.netcore.app.ref\3.0.0\ref\netcoreapp3.0\System.Xml.Linq.dll
1>                    AssemblyVersion=4.0.0.0
1>                    CopyLocal=false
1>                    ExternallyResolved=true
1>                    FileVersion=4.700.19.46214
1>                    FrameworkReferenceName=Microsoft.NETCore.App
1>                    FrameworkReferenceVersion=3.0.0
1>                    FusionName=System.Xml.Linq, Version=4.0.0.0, Culture=neutral, PublicKeyToken=b77a5c561934e089
1>                    ImageRuntime=v4.0.30319
1>                    NuGetPackageId=Microsoft.NETCore.App.Ref
1>                    NuGetPackageVersion=3.0.0
1>                    OriginalItemSpec=C:\Users\hansnguyen\.nuget\packages\microsoft.netcore.app.ref\3.0.0\ref\netcoreapp3.0\System.Xml.Linq.dll
1>                    Private=false
1>                    PublicKeyToken=b77a5c561934e089
1>                    ReferenceSourceTarget=ResolveAssemblyReference
1>                    ResolvedFrom={RawFileName}
1>                    Version=
1>            C:\Users\hansnguyen\.nuget\packages\microsoft.netcore.app.ref\3.0.0\ref\netcoreapp3.0\System.Xml.ReaderWriter.dll
1>                    AssemblyVersion=4.2.1.0
1>                    CopyLocal=false
1>                    ExternallyResolved=true
1>                    FileVersion=4.700.19.46214
1>                    FrameworkReferenceName=Microsoft.NETCore.App
1>                    FrameworkReferenceVersion=3.0.0
1>                    FusionName=System.Xml.ReaderWriter, Version=4.2.1.0, Culture=neutral, PublicKeyToken=b03f5f7f11d50a3a
1>                    ImageRuntime=v4.0.30319
1>                    NuGetPackageId=Microsoft.NETCore.App.Ref
1>                    NuGetPackageVersion=3.0.0
1>                    OriginalItemSpec=C:\Users\hansnguyen\.nuget\packages\microsoft.netcore.app.ref\3.0.0\ref\netcoreapp3.0\System.Xml.ReaderWriter.dll
1>                    Private=false
1>                    PublicKeyToken=b03f5f7f11d50a3a
1>                    ReferenceSourceTarget=ResolveAssemblyReference
1>                    ResolvedFrom={RawFileName}
1>                    Version=
1>            C:\Users\hansnguyen\.nuget\packages\microsoft.netcore.app.ref\3.0.0\ref\netcoreapp3.0\System.Xml.Serialization.dll
1>                    AssemblyVersion=4.0.0.0
1>                    CopyLocal=false
1>                    ExternallyResolved=true
1>                    FileVersion=4.700.19.46214
1>                    FrameworkReferenceName=Microsoft.NETCore.App
1>                    FrameworkReferenceVersion=3.0.0
1>                    FusionName=System.Xml.Serialization, Version=4.0.0.0, Culture=neutral, PublicKeyToken=b77a5c561934e089
1>                    ImageRuntime=v4.0.30319
1>                    NuGetPackageId=Microsoft.NETCore.App.Ref
1>                    NuGetPackageVersion=3.0.0
1>                    OriginalItemSpec=C:\Users\hansnguyen\.nuget\packages\microsoft.netcore.app.ref\3.0.0\ref\netcoreapp3.0\System.Xml.Serialization.dll
1>                    Private=false
1>                    PublicKeyToken=b77a5c561934e089
1>                    ReferenceSourceTarget=ResolveAssemblyReference
1>                    ResolvedFrom={RawFileName}
1>                    Version=
1>            C:\Users\hansnguyen\.nuget\packages\microsoft.netcore.app.ref\3.0.0\ref\netcoreapp3.0\System.Xml.XDocument.dll
1>                    AssemblyVersion=4.1.1.0
1>                    CopyLocal=false
1>                    ExternallyResolved=true
1>                    FileVersion=4.700.19.46214
1>                    FrameworkReferenceName=Microsoft.NETCore.App
1>                    FrameworkReferenceVersion=3.0.0
1>                    FusionName=System.Xml.XDocument, Version=4.1.1.0, Culture=neutral, PublicKeyToken=b03f5f7f11d50a3a
1>                    ImageRuntime=v4.0.30319
1>                    NuGetPackageId=Microsoft.NETCore.App.Ref
1>                    NuGetPackageVersion=3.0.0
1>                    OriginalItemSpec=C:\Users\hansnguyen\.nuget\packages\microsoft.netcore.app.ref\3.0.0\ref\netcoreapp3.0\System.Xml.XDocument.dll
1>                    Private=false
1>                    PublicKeyToken=b03f5f7f11d50a3a
1>                    ReferenceSourceTarget=ResolveAssemblyReference
1>                    ResolvedFrom={RawFileName}
1>                    Version=
1>            C:\Users\hansnguyen\.nuget\packages\microsoft.netcore.app.ref\3.0.0\ref\netcoreapp3.0\System.Xml.XmlDocument.dll
1>                    AssemblyVersion=4.1.1.0
1>                    CopyLocal=false
1>                    ExternallyResolved=true
1>                    FileVersion=4.700.19.46214
1>                    FrameworkReferenceName=Microsoft.NETCore.App
1>                    FrameworkReferenceVersion=3.0.0
1>                    FusionName=System.Xml.XmlDocument, Version=4.1.1.0, Culture=neutral, PublicKeyToken=b03f5f7f11d50a3a
1>                    ImageRuntime=v4.0.30319
1>                    NuGetPackageId=Microsoft.NETCore.App.Ref
1>                    NuGetPackageVersion=3.0.0
1>                    OriginalItemSpec=C:\Users\hansnguyen\.nuget\packages\microsoft.netcore.app.ref\3.0.0\ref\netcoreapp3.0\System.Xml.XmlDocument.dll
1>                    Private=false
1>                    PublicKeyToken=b03f5f7f11d50a3a
1>                    ReferenceSourceTarget=ResolveAssemblyReference
1>                    ResolvedFrom={RawFileName}
1>                    Version=
1>            C:\Users\hansnguyen\.nuget\packages\microsoft.netcore.app.ref\3.0.0\ref\netcoreapp3.0\System.Xml.XmlSerializer.dll
1>                    AssemblyVersion=4.1.1.0
1>                    CopyLocal=false
1>                    ExternallyResolved=true
1>                    FileVersion=4.700.19.46214
1>                    FrameworkReferenceName=Microsoft.NETCore.App
1>                    FrameworkReferenceVersion=3.0.0
1>                    FusionName=System.Xml.XmlSerializer, Version=4.1.1.0, Culture=neutral, PublicKeyToken=b03f5f7f11d50a3a
1>                    ImageRuntime=v4.0.30319
1>                    NuGetPackageId=Microsoft.NETCore.App.Ref
1>                    NuGetPackageVersion=3.0.0
1>                    OriginalItemSpec=C:\Users\hansnguyen\.nuget\packages\microsoft.netcore.app.ref\3.0.0\ref\netcoreapp3.0\System.Xml.XmlSerializer.dll
1>                    Private=false
1>                    PublicKeyToken=b03f5f7f11d50a3a
1>                    ReferenceSourceTarget=ResolveAssemblyReference
1>                    ResolvedFrom={RawFileName}
1>                    Version=
1>            C:\Users\hansnguyen\.nuget\packages\microsoft.netcore.app.ref\3.0.0\ref\netcoreapp3.0\System.Xml.XPath.dll
1>                    AssemblyVersion=4.1.1.0
1>                    CopyLocal=false
1>                    ExternallyResolved=true
1>                    FileVersion=4.700.19.46214
1>                    FrameworkReferenceName=Microsoft.NETCore.App
1>                    FrameworkReferenceVersion=3.0.0
1>                    FusionName=System.Xml.XPath, Version=4.1.1.0, Culture=neutral, PublicKeyToken=b03f5f7f11d50a3a
1>                    ImageRuntime=v4.0.30319
1>                    NuGetPackageId=Microsoft.NETCore.App.Ref
1>                    NuGetPackageVersion=3.0.0
1>                    OriginalItemSpec=C:\Users\hansnguyen\.nuget\packages\microsoft.netcore.app.ref\3.0.0\ref\netcoreapp3.0\System.Xml.XPath.dll
1>                    Private=false
1>                    PublicKeyToken=b03f5f7f11d50a3a
1>                    ReferenceSourceTarget=ResolveAssemblyReference
1>                    ResolvedFrom={RawFileName}
1>                    Version=
1>            C:\Users\hansnguyen\.nuget\packages\microsoft.netcore.app.ref\3.0.0\ref\netcoreapp3.0\System.Xml.XPath.XDocument.dll
1>                    AssemblyVersion=4.1.1.0
1>                    CopyLocal=false
1>                    ExternallyResolved=true
1>                    FileVersion=4.700.19.46214
1>                    FrameworkReferenceName=Microsoft.NETCore.App
1>                    FrameworkReferenceVersion=3.0.0
1>                    FusionName=System.Xml.XPath.XDocument, Version=4.1.1.0, Culture=neutral, PublicKeyToken=b03f5f7f11d50a3a
1>                    ImageRuntime=v4.0.30319
1>                    NuGetPackageId=Microsoft.NETCore.App.Ref
1>                    NuGetPackageVersion=3.0.0
1>                    OriginalItemSpec=C:\Users\hansnguyen\.nuget\packages\microsoft.netcore.app.ref\3.0.0\ref\netcoreapp3.0\System.Xml.XPath.XDocument.dll
1>                    Private=false
1>                    PublicKeyToken=b03f5f7f11d50a3a
1>                    ReferenceSourceTarget=ResolveAssemblyReference
1>                    ResolvedFrom={RawFileName}
1>                    Version=
1>            C:\Users\hansnguyen\.nuget\packages\microsoft.windowsdesktop.app.ref\3.0.0\ref\netcoreapp3.0\UIAutomationClient.dll
1>                    AssemblyVersion=4.0.0.0
1>                    CopyLocal=false
1>                    ExternallyResolved=true
1>                    FileVersion=4.800.19.46214
1>                    FrameworkReferenceName=Microsoft.WindowsDesktop.App.WPF
1>                    FrameworkReferenceVersion=3.0.0
1>                    FusionName=UIAutomationClient, Version=4.0.0.0, Culture=neutral, PublicKeyToken=31bf3856ad364e35
1>                    ImageRuntime=v4.0.30319
1>                    NuGetPackageId=Microsoft.WindowsDesktop.App.Ref
1>                    NuGetPackageVersion=3.0.0
1>                    OriginalItemSpec=C:\Users\hansnguyen\.nuget\packages\microsoft.windowsdesktop.app.ref\3.0.0\ref\netcoreapp3.0\UIAutomationClient.dll
1>                    Private=false
1>                    PublicKeyToken=31bf3856ad364e35
1>                    ReferenceSourceTarget=ResolveAssemblyReference
1>                    ResolvedFrom={RawFileName}
1>                    Version=
1>            C:\Users\hansnguyen\.nuget\packages\microsoft.windowsdesktop.app.ref\3.0.0\ref\netcoreapp3.0\UIAutomationClientSideProviders.dll
1>                    AssemblyVersion=4.0.0.0
1>                    CopyLocal=false
1>                    ExternallyResolved=true
1>                    FileVersion=4.800.19.46214
1>                    FrameworkReferenceName=Microsoft.WindowsDesktop.App.WPF
1>                    FrameworkReferenceVersion=3.0.0
1>                    FusionName=UIAutomationClientSideProviders, Version=4.0.0.0, Culture=neutral, PublicKeyToken=b77a5c561934e089
1>                    ImageRuntime=v4.0.30319
1>                    NuGetPackageId=Microsoft.WindowsDesktop.App.Ref
1>                    NuGetPackageVersion=3.0.0
1>                    OriginalItemSpec=C:\Users\hansnguyen\.nuget\packages\microsoft.windowsdesktop.app.ref\3.0.0\ref\netcoreapp3.0\UIAutomationClientSideProviders.dll
1>                    Private=false
1>                    PublicKeyToken=b77a5c561934e089
1>                    ReferenceSourceTarget=ResolveAssemblyReference
1>                    ResolvedFrom={RawFileName}
1>                    Version=
1>            C:\Users\hansnguyen\.nuget\packages\microsoft.windowsdesktop.app.ref\3.0.0\ref\netcoreapp3.0\UIAutomationProvider.dll
1>                    AssemblyVersion=4.0.0.0
1>                    CopyLocal=false
1>                    ExternallyResolved=true
1>                    FileVersion=4.800.19.46214
1>                    FrameworkReferenceName=Microsoft.WindowsDesktop.App.WPF
1>                    FrameworkReferenceVersion=3.0.0
1>                    FusionName=UIAutomationProvider, Version=4.0.0.0, Culture=neutral, PublicKeyToken=31bf3856ad364e35
1>                    ImageRuntime=v4.0.30319
1>                    NuGetPackageId=Microsoft.WindowsDesktop.App.Ref
1>                    NuGetPackageVersion=3.0.0
1>                    OriginalItemSpec=C:\Users\hansnguyen\.nuget\packages\microsoft.windowsdesktop.app.ref\3.0.0\ref\netcoreapp3.0\UIAutomationProvider.dll
1>                    Private=false
1>                    PublicKeyToken=31bf3856ad364e35
1>                    ReferenceSourceTarget=ResolveAssemblyReference
1>                    ResolvedFrom={RawFileName}
1>                    Version=
1>            C:\Users\hansnguyen\.nuget\packages\microsoft.windowsdesktop.app.ref\3.0.0\ref\netcoreapp3.0\UIAutomationTypes.dll
1>                    AssemblyVersion=4.0.0.0
1>                    CopyLocal=false
1>                    ExternallyResolved=true
1>                    FileVersion=4.800.19.46214
1>                    FrameworkReferenceName=Microsoft.WindowsDesktop.App.WPF
1>                    FrameworkReferenceVersion=3.0.0
1>                    FusionName=UIAutomationTypes, Version=4.0.0.0, Culture=neutral, PublicKeyToken=31bf3856ad364e35
1>                    ImageRuntime=v4.0.30319
1>                    NuGetPackageId=Microsoft.WindowsDesktop.App.Ref
1>                    NuGetPackageVersion=3.0.0
1>                    OriginalItemSpec=C:\Users\hansnguyen\.nuget\packages\microsoft.windowsdesktop.app.ref\3.0.0\ref\netcoreapp3.0\UIAutomationTypes.dll
1>                    Private=false
1>                    PublicKeyToken=31bf3856ad364e35
1>                    ReferenceSourceTarget=ResolveAssemblyReference
1>                    ResolvedFrom={RawFileName}
1>                    Version=
1>            C:\Users\hansnguyen\.nuget\packages\microsoft.windowsdesktop.app.ref\3.0.0\ref\netcoreapp3.0\WindowsBase.dll
1>                    AssemblyVersion=4.0.0.0
1>                    CopyLocal=false
1>                    ExternallyResolved=true
1>                    FileVersion=4.800.19.46214
1>                    FrameworkReferenceName=Microsoft.WindowsDesktop.App.WPF
1>                    FrameworkReferenceVersion=3.0.0
1>                    FusionName=WindowsBase, Version=4.0.0.0, Culture=neutral, PublicKeyToken=31bf3856ad364e35
1>                    ImageRuntime=v4.0.30319
1>                    NuGetPackageId=Microsoft.WindowsDesktop.App.Ref
1>                    NuGetPackageVersion=3.0.0
1>                    OriginalItemSpec=C:\Users\hansnguyen\.nuget\packages\microsoft.windowsdesktop.app.ref\3.0.0\ref\netcoreapp3.0\WindowsBase.dll
1>                    Private=false
1>                    PublicKeyToken=31bf3856ad364e35
1>                    ReferenceSourceTarget=ResolveAssemblyReference
1>                    ResolvedFrom={RawFileName}
1>                    Version=
1>    Task Parameter:TemporaryTargetAssemblyProjectName=GridWithMenuApp1_VS2022_nesf0oga_wpftmp.csproj
1>    Task Parameter:AssemblyName=GridWithMenuApp1_VS2022
1>    Task Parameter:CompileTypeName=Compile
1>    Task Parameter:CompileTargetName=_CompileTemporaryAssembly
1>    Task Parameter:IncludePackageReferencesDuringMarkupCompilation=true
1>    Task Parameter:
1>        GeneratedCodeFiles=
1>            C:\Users\hansnguyen\source\repos\GridWithMenuApp1_VS2022\obj\Debug\netcoreapp3.0\MainWindow.g.cs
1>            C:\Users\hansnguyen\source\repos\GridWithMenuApp1_VS2022\obj\Debug\netcoreapp3.0\App.g.cs
1>            C:\Users\hansnguyen\source\repos\GridWithMenuApp1_VS2022\obj\Debug\netcoreapp3.0\GeneratedInternalTypeHelper.g.cs
1>    Task Parameter:MSBuildProjectExtensionsPath=C:\Users\hansnguyen\source\repos\GridWithMenuApp1_VS2022\obj\
1>    Task Parameter:MSBuildBinPath=C:\Program Files\Microsoft Visual Studio\2022\Preview\MSBuild\Current\Bin\amd64
1>    Search paths being used for $(MSBuildExtensionsPath) are C:\Program Files\Microsoft Visual Studio\2022\Preview\MSBuild;$(MSBuildProgramFiles32)\MSBuild
1>    Trying to import C:\Program Files\Microsoft Visual Studio\2022\Preview\MSBuild\$(MSBuildToolsVersion)\Microsoft.Common.props using extensions path C:\Program Files\Microsoft Visual Studio\2022\Preview\MSBuild
1>    Search paths being used for $(MSBuildExtensionsPath) are C:\Program Files\Microsoft Visual Studio\2022\Preview\MSBuild;$(MSBuildProgramFiles32)\MSBuild
1>    Trying to import C:\Program Files\Microsoft Visual Studio\2022\Preview\MSBuild\$(MSBuildToolsVersion)\Imports\Microsoft.Common.props\ImportBefore\* using extensions path C:\Program Files\Microsoft Visual Studio\2022\Preview\MSBuild
1>    Search paths being used for $(MSBuildExtensionsPath) are C:\Program Files\Microsoft Visual Studio\2022\Preview\MSBuild;$(MSBuildProgramFiles32)\MSBuild
1>    The "Configuration" property is a global property, and cannot be modified.
1>    The "Platform" property is a global property, and cannot be modified.
1>    Search paths being used for $(MSBuildExtensionsPath) are C:\Program Files\Microsoft Visual Studio\2022\Preview\MSBuild;$(MSBuildProgramFiles32)\MSBuild
1>    Search paths being used for $(MSBuildExtensionsPath) are C:\Program Files\Microsoft Visual Studio\2022\Preview\MSBuild;$(MSBuildProgramFiles32)\MSBuild
1>    The "Configuration" property is a global property, and cannot be modified.
1>    The "Platform" property is a global property, and cannot be modified.
1>    Property reassignment: $(TargetsForTfmSpecificContentInPackage)=";PackTool;_PackProjectToolValidation" (previous value: ";PackTool") at C:\Program Files\dotnet\sdk\6.0.100-preview.7.21379.14\Sdks\Microsoft.NET.Sdk\targets\Microsoft.NET.PackProjectTool.props (15,5)
1>    Property reassignment: $(OutputType)="WinExe" (previous value: "Library") at C:\Users\hansnguyen\source\repos\GridWithMenuApp1_VS2022\GridWithMenuApp1_VS2022_nesf0oga_wpftmp.csproj (11,5)
1>    Property reassignment: $(AssemblyName)="" (previous value: "GridWithMenuApp1_VS2022") at C:\Users\hansnguyen\source\repos\GridWithMenuApp1_VS2022\GridWithMenuApp1_VS2022_nesf0oga_wpftmp.csproj (15,5)
1>    The "Configuration" property is a global property, and cannot be modified.
1>    The "Platform" property is a global property, and cannot be modified.
1>    Property reassignment: $(PublishProfileImported)="false" (previous value: "true") at C:\Program Files\dotnet\sdk\6.0.100-preview.7.21379.14\Sdks\Microsoft.NET.Sdk\targets\Microsoft.NET.Sdk.ImportPublishProfile.targets (28,5)
1>    Property reassignment: $(TargetPlatformVersion)="" (previous value: "0.0") at C:\Program Files\dotnet\sdk\6.0.100-preview.7.21379.14\Sdks\Microsoft.NET.Sdk\targets\Microsoft.NET.TargetFrameworkInference.targets (65,5)
1>    Property reassignment: $(DefaultItemExcludes)=";bin\Debug\/**;obj\Debug\/**" (previous value: ";bin\Debug\/**") at C:\Program Files\dotnet\sdk\6.0.100-preview.7.21379.14\Sdks\Microsoft.NET.Sdk\targets\Microsoft.NET.TargetFrameworkInference.targets (223,5)
1>    Property reassignment: $(IntermediateOutputPath)="obj\Debug\netcoreapp3.0\" (previous value: "obj\Debug\") at C:\Program Files\dotnet\sdk\6.0.100-preview.7.21379.14\Sdks\Microsoft.NET.Sdk\targets\Microsoft.NET.TargetFrameworkInference.targets (241,5)
1>    Property reassignment: $(OutputPath)="bin\Debug\netcoreapp3.0\" (previous value: "bin\Debug\") at C:\Program Files\dotnet\sdk\6.0.100-preview.7.21379.14\Sdks\Microsoft.NET.Sdk\targets\Microsoft.NET.TargetFrameworkInference.targets (242,5)
1>    Property reassignment: $(_FrameworkVersionForImplicitDefine)="3_0" (previous value: "3.0") at C:\Program Files\dotnet\sdk\6.0.100-preview.7.21379.14\Sdks\Microsoft.NET.Sdk\targets\Microsoft.NET.Sdk.BeforeCommon.targets (189,5)
1>    Search paths being used for $(MSBuildExtensionsPath) are C:\Program Files\Microsoft Visual Studio\2022\Preview\MSBuild;$(MSBuildProgramFiles32)\MSBuild
1>    The "UseHostCompilerIfAvailable" property is a global property, and cannot be modified.
1>    Property reassignment: $(DefineCommonItemSchemas)="false" (previous value: "true") at C:\Program Files\Microsoft Visual Studio\2022\Preview\MSBuild\Microsoft\VisualStudio\Managed\Microsoft.Managed.DesignTime.targets (12,5)
1>    Property reassignment: $(DefineCommonCapabilities)="false" (previous value: "true") at C:\Program Files\Microsoft Visual Studio\2022\Preview\MSBuild\Microsoft\VisualStudio\Managed\Microsoft.Managed.DesignTime.targets (13,5)
1>    Property reassignment: $(DefineCommonReferenceSchemas)="false" (previous value: "true") at C:\Program Files\Microsoft Visual Studio\2022\Preview\MSBuild\Microsoft\VisualStudio\Managed\Microsoft.Managed.DesignTime.targets (14,5)
1>    Property reassignment: $(ManagedXamlResourcesDirectory)="C:\Program Files\Microsoft Visual Studio\2022\Preview\MSBuild\Microsoft\VisualStudio\Managed\en" (previous value: "C:\Program Files\Microsoft Visual Studio\2022\Preview\MSBuild\Microsoft\VisualStudio\Managed\en-US") at C:\Program Files\Microsoft Visual Studio\2022\Preview\MSBuild\Microsoft\VisualStudio\Managed\Microsoft.Managed.DesignTime.targets (65,5)
1>    Property reassignment: $(ManagedXamlResourcesDirectory)="C:\Program Files\Microsoft Visual Studio\2022\Preview\MSBuild\Microsoft\VisualStudio\Managed\" (previous value: "C:\Program Files\Microsoft Visual Studio\2022\Preview\MSBuild\Microsoft\VisualStudio\Managed\en") at C:\Program Files\Microsoft Visual Studio\2022\Preview\MSBuild\Microsoft\VisualStudio\Managed\Microsoft.Managed.DesignTime.targets (68,5)
1>    Search paths being used for $(MSBuildExtensionsPath) are C:\Program Files\Microsoft Visual Studio\2022\Preview\MSBuild;$(MSBuildProgramFiles32)\MSBuild
1>    Search paths being used for $(MSBuildExtensionsPath) are C:\Program Files\Microsoft Visual Studio\2022\Preview\MSBuild;$(MSBuildProgramFiles32)\MSBuild
1>    Trying to import C:\Program Files\Microsoft Visual Studio\2022\Preview\MSBuild\$(MSBuildToolsVersion)\Microsoft.Common.targets\ImportBefore\* using extensions path C:\Program Files\Microsoft Visual Studio\2022\Preview\MSBuild
1>    Property reassignment: $(TargetPlatformIdentifier)="Windows" (previous value: "") at C:\Program Files\Microsoft Visual Studio\2022\Preview\MSBuild\Current\Bin\amd64\Microsoft.Common.CurrentVersion.targets (90,5)
1>    Property reassignment: $(TargetPlatformVersion)="7.0" (previous value: "") at C:\Program Files\Microsoft Visual Studio\2022\Preview\MSBuild\Current\Bin\amd64\Microsoft.Common.CurrentVersion.targets (91,5)
1>    The "Platform" property is a global property, and cannot be modified.
1>    The "Configuration" property is a global property, and cannot be modified.
1>    Property reassignment: $(_DebugSymbolsProduced)="true" (previous value: "false") at C:\Program Files\Microsoft Visual Studio\2022\Preview\MSBuild\Current\Bin\amd64\Microsoft.Common.CurrentVersion.targets (176,5)
1>    Property reassignment: $(_DocumentationFileProduced)="false" (previous value: "true") at C:\Program Files\Microsoft Visual Studio\2022\Preview\MSBuild\Current\Bin\amd64\Microsoft.Common.CurrentVersion.targets (186,5)
1>    Property reassignment: $(AssemblyName)="GridWithMenuApp1_VS2022_nesf0oga_wpftmp" (previous value: "") at C:\Program Files\Microsoft Visual Studio\2022\Preview\MSBuild\Current\Bin\amd64\Microsoft.Common.CurrentVersion.targets (238,5)
1>    The "DevEnvDir" property is a global property, and cannot be modified.
1>    The "SolutionName" property is a global property, and cannot be modified.
1>    The "SolutionFileName" property is a global property, and cannot be modified.
1>    The "SolutionPath" property is a global property, and cannot be modified.
1>    The "SolutionDir" property is a global property, and cannot be modified.
1>    The "SolutionExt" property is a global property, and cannot be modified.
1>    Property reassignment: $(ProcessorArchitecture)="msil" (previous value: "") at C:\Program Files\Microsoft Visual Studio\2022\Preview\MSBuild\Current\Bin\amd64\Microsoft.Common.CurrentVersion.targets (519,5)
1>    Property reassignment: $(DelaySign)="" (previous value: "false") at C:\Program Files\Microsoft Visual Studio\2022\Preview\MSBuild\Current\Bin\amd64\Microsoft.Common.CurrentVersion.targets (558,5)
1>    Property reassignment: $(_SGenGenerateSerializationAssembliesConfig)="Auto" (previous value: "") at C:\Program Files\Microsoft Visual Studio\2022\Preview\MSBuild\Current\Bin\amd64\Microsoft.Common.CurrentVersion.targets (3712,5)
1>    Property reassignment: $(_SGenGenerateSerializationAssembliesConfig)="Off" (previous value: "Auto") at C:\Program Files\Microsoft Visual Studio\2022\Preview\MSBuild\Current\Bin\amd64\Microsoft.Common.CurrentVersion.targets (3713,5)
1>    Property reassignment: $(_TargetsThatPrepareProjectReferences)="
1>          AssignProjectConfiguration;
1>          _SplitProjectReferencesByFileExistence
1>        " (previous value: "_SplitProjectReferencesByFileExistence") at C:\Program Files\Microsoft Visual Studio\2022\Preview\MSBuild\Current\Bin\amd64\Microsoft.Common.CurrentVersion.targets (4848,5)
1>    Property reassignment: $(_CodeAnalysisTreatWarningsAsErrors)="false" (previous value: "") at C:\Program Files\Microsoft Visual Studio\2022\Preview\MSBuild\Microsoft\VisualStudio\v17.0\CodeAnalysis\Microsoft.CodeAnalysis.targets (125,5)
1>    Property reassignment: $(PrepareForRunDependsOn)="
1>          CopyFilesToOutputDirectory
1>        ;RunCodeAnalysis" (previous value: "
1>          CopyFilesToOutputDirectory
1>        ") at C:\Program Files\Microsoft Visual Studio\2022\Preview\MSBuild\Microsoft\VisualStudio\v17.0\CodeAnalysis\Microsoft.CodeAnalysis.targets (167,9)
1>    Property reassignment: $(PrepareResourcesDependsOn)="
1>          XamlMarkupCompilePass1;
1>          XamlMarkupCompilePass2;
1>          
1>          ;
1>          PrepareResourceNames;
1>          ResGen;
1>          CompileLicxFiles
1>         
1>        " (previous value: "
1>          ;
1>          PrepareResourceNames;
1>          ResGen;
1>          CompileLicxFiles
1>        ") at C:\Windows\Microsoft.NET\Framework\v4.0.30319\Microsoft.Xaml.targets (35,5)
1>    Property reassignment: $(CoreCompileDependsOn)="
1>            DesignTimeXamlMarkupCompilation;
1>            ;_ComputeNonExistentFileProperty;ResolveCodeAnalysisRuleSet
1>        " (previous value: ";_ComputeNonExistentFileProperty;ResolveCodeAnalysisRuleSet") at C:\Windows\Microsoft.NET\Framework\v4.0.30319\Microsoft.Xaml.targets (76,5)
1>    Property reassignment: $(PrepareResourcesDependsOn)="
1>          ValidationExtension;
1>          ExpressionBuildExtension;
1>          
1>          XamlMarkupCompilePass1;
1>          XamlMarkupCompilePass2;
1>          
1>          ;
1>          PrepareResourceNames;
1>          ResGen;
1>          CompileLicxFiles
1>         
1>        
1>        " (previous value: "
1>          XamlMarkupCompilePass1;
1>          XamlMarkupCompilePass2;
1>          
1>          ;
1>          PrepareResourceNames;
1>          ResGen;
1>          CompileLicxFiles
1>         
1>        ") at C:\Windows\Microsoft.NET\Framework\v4.0.30319\Microsoft.WorkflowBuildExtensions.targets (16,5)
1>    Property reassignment: $(CoreCompileDependsOn)="
1>            GenerateCompiledExpressionsTempFile;
1>            
1>            DesignTimeXamlMarkupCompilation;
1>            ;_ComputeNonExistentFileProperty;ResolveCodeAnalysisRuleSet
1>        
1>        " (previous value: "
1>            DesignTimeXamlMarkupCompilation;
1>            ;_ComputeNonExistentFileProperty;ResolveCodeAnalysisRuleSet
1>        ") at C:\Windows\Microsoft.NET\Framework\v4.0.30319\Microsoft.WorkflowBuildExtensions.targets (24,5)
1>    Property reassignment: $(ResolveReferencesDependsOn)="
1>          
1>          BeforeResolveReferences;
1>          AssignProjectConfiguration;
1>          ResolveProjectReferences;
1>          FindInvalidProjectReferences;
1>          ResolveNativeReferences;
1>          ResolveAssemblyReferences;
1>          GenerateBindingRedirects;
1>          ResolveComReferences;
1>          AfterResolveReferences
1>        ;
1>          ResolveTestReferences
1>        " (previous value: "
1>          BeforeResolveReferences;
1>          AssignProjectConfiguration;
1>          ResolveProjectReferences;
1>          FindInvalidProjectReferences;
1>          ResolveNativeReferences;
1>          ResolveAssemblyReferences;
1>          GenerateBindingRedirects;
1>          ResolveComReferences;
1>          AfterResolveReferences
1>        ") at C:\Program Files\Microsoft Visual Studio\2022\Preview\MSBuild\Microsoft\VisualStudio\v17.0\TeamTest\Microsoft.TeamTest.targets (4,5)
1>    Search paths being used for $(MSBuildExtensionsPath) are C:\Program Files\Microsoft Visual Studio\2022\Preview\MSBuild;$(MSBuildProgramFiles32)\MSBuild
1>    Trying to import C:\Program Files\Microsoft Visual Studio\2022\Preview\MSBuild\$(MSBuildToolsVersion)\Microsoft.Common.targets\ImportAfter\* using extensions path C:\Program Files\Microsoft Visual Studio\2022\Preview\MSBuild
1>    Search paths being used for $(MSBuildExtensionsPath) are C:\Program Files\Microsoft Visual Studio\2022\Preview\MSBuild;$(MSBuildProgramFiles32)\MSBuild
1>    Trying to import C:\Program Files\Microsoft Visual Studio\2022\Preview\MSBuild\Sdks\Microsoft.Docker.Sdk\build\Microsoft.Docker.targets using extensions path C:\Program Files\Microsoft Visual Studio\2022\Preview\MSBuild
1>    Property reassignment: $(ResolveAssemblyReferencesDependsOn)="
1>          
1>          ResolveProjectReferences;
1>          FindInvalidProjectReferences;
1>          GetFrameworkPaths;
1>          GetReferenceAssemblyPaths;
1>          PrepareForBuild;
1>          ResolveSDKReferences;
1>          ExpandSDKReferences;
1>        ;
1>          FakesGenerateBeforeBuild;
1>        " (previous value: "
1>          ResolveProjectReferences;
1>          FindInvalidProjectReferences;
1>          GetFrameworkPaths;
1>          GetReferenceAssemblyPaths;
1>          PrepareForBuild;
1>          ResolveSDKReferences;
1>          ExpandSDKReferences;
1>        ") at C:\Program Files\Microsoft Visual Studio\2022\Preview\MSBuild\Microsoft\VisualStudio\v17.0\Fakes\Microsoft.QualityTools.Testing.Fakes.targets (72,5)
1>    Search paths being used for $(MSBuildExtensionsPath) are C:\Program Files\Microsoft Visual Studio\2022\Preview\MSBuild;$(MSBuildProgramFiles32)\MSBuild
1>    Search paths being used for $(MSBuildExtensionsPath) are C:\Program Files\Microsoft Visual Studio\2022\Preview\MSBuild;$(MSBuildProgramFiles32)\MSBuild
1>    Property reassignment: $(ProjectAssetsCacheFile)="C:\Users\hansnguyen\source\repos\GridWithMenuApp1_VS2022\obj\Debug\netcoreapp3.0\GridWithMenuApp1_VS2022_nesf0oga_wpftmp.assets.cache" (previous value: "obj\Debug\netcoreapp3.0\GridWithMenuApp1_VS2022_nesf0oga_wpftmp.assets.cache") at C:\Program Files\dotnet\sdk\6.0.100-preview.7.21379.14\Sdks\Microsoft.NET.Sdk\targets\Microsoft.PackageDependencyResolution.targets (29,5)
1>    Property reassignment: $(ResolveAssemblyReferencesDependsOn)="
1>          
1>          
1>          ResolveProjectReferences;
1>          FindInvalidProjectReferences;
1>          GetFrameworkPaths;
1>          GetReferenceAssemblyPaths;
1>          PrepareForBuild;
1>          ResolveSDKReferences;
1>          ExpandSDKReferences;
1>        ;
1>          FakesGenerateBeforeBuild;
1>        ;
1>          ResolvePackageDependenciesForBuild;
1>          _HandlePackageFileConflicts;
1>        " (previous value: "
1>          
1>          ResolveProjectReferences;
1>          FindInvalidProjectReferences;
1>          GetFrameworkPaths;
1>          GetReferenceAssemblyPaths;
1>          PrepareForBuild;
1>          ResolveSDKReferences;
1>          ExpandSDKReferences;
1>        ;
1>          FakesGenerateBeforeBuild;
1>        ") at C:\Program Files\dotnet\sdk\6.0.100-preview.7.21379.14\Sdks\Microsoft.NET.Sdk\targets\Microsoft.PackageDependencyResolution.targets (76,5)
1>    Property reassignment: $(PrepareResourcesDependsOn)="
1>          ResolvePackageDependenciesForBuild;
1>          _HandlePackageFileConflicts;
1>          
1>          ValidationExtension;
1>          ExpressionBuildExtension;
1>          
1>          XamlMarkupCompilePass1;
1>          XamlMarkupCompilePass2;
1>          
1>          ;
1>          PrepareResourceNames;
1>          ResGen;
1>          CompileLicxFiles
1>         
1>        
1>        
1>        " (previous value: "
1>          ValidationExtension;
1>          ExpressionBuildExtension;
1>          
1>          XamlMarkupCompilePass1;
1>          XamlMarkupCompilePass2;
1>          
1>          ;
1>          PrepareResourceNames;
1>          ResGen;
1>          CompileLicxFiles
1>         
1>        
1>        ") at C:\Program Files\dotnet\sdk\6.0.100-preview.7.21379.14\Sdks\Microsoft.NET.Sdk\targets\Microsoft.PackageDependencyResolution.targets (82,5)
1>    Property reassignment: $(DefaultItemExcludes)=";bin\Debug\/**;obj\Debug\/**;bin\/**" (previous value: ";bin\Debug\/**;obj\Debug\/**") at C:\Program Files\dotnet\sdk\6.0.100-preview.7.21379.14\Sdks\Microsoft.NET.Sdk\targets\Microsoft.NET.Sdk.DefaultItems.targets (27,5)
1>    Property reassignment: $(DefaultItemExcludes)=";bin\Debug\/**;obj\Debug\/**;bin\/**;obj\/**" (previous value: ";bin\Debug\/**;obj\Debug\/**;bin\/**") at C:\Program Files\dotnet\sdk\6.0.100-preview.7.21379.14\Sdks\Microsoft.NET.Sdk\targets\Microsoft.NET.Sdk.DefaultItems.targets (29,5)
1>    Property reassignment: $(DefaultItemExcludes)=";bin\Debug\/**;obj\Debug\/**;bin\/**;obj\/**;**/*.user" (previous value: ";bin\Debug\/**;obj\Debug\/**;bin\/**;obj\/**") at C:\Program Files\dotnet\sdk\6.0.100-preview.7.21379.14\Sdks\Microsoft.NET.Sdk\targets\Microsoft.NET.Sdk.DefaultItems.targets (32,5)
1>    Property reassignment: $(DefaultItemExcludes)=";bin\Debug\/**;obj\Debug\/**;bin\/**;obj\/**;**/*.user;**/*.*proj" (previous value: ";bin\Debug\/**;obj\Debug\/**;bin\/**;obj\/**;**/*.user") at C:\Program Files\dotnet\sdk\6.0.100-preview.7.21379.14\Sdks\Microsoft.NET.Sdk\targets\Microsoft.NET.Sdk.DefaultItems.targets (33,5)
1>    Property reassignment: $(DefaultItemExcludes)=";bin\Debug\/**;obj\Debug\/**;bin\/**;obj\/**;**/*.user;**/*.*proj;**/*.sln" (previous value: ";bin\Debug\/**;obj\Debug\/**;bin\/**;obj\/**;**/*.user;**/*.*proj") at C:\Program Files\dotnet\sdk\6.0.100-preview.7.21379.14\Sdks\Microsoft.NET.Sdk\targets\Microsoft.NET.Sdk.DefaultItems.targets (34,5)
1>    Property reassignment: $(DefaultItemExcludes)=";bin\Debug\/**;obj\Debug\/**;bin\/**;obj\/**;**/*.user;**/*.*proj;**/*.sln;**/*.vssscc" (previous value: ";bin\Debug\/**;obj\Debug\/**;bin\/**;obj\/**;**/*.user;**/*.*proj;**/*.sln") at C:\Program Files\dotnet\sdk\6.0.100-preview.7.21379.14\Sdks\Microsoft.NET.Sdk\targets\Microsoft.NET.Sdk.DefaultItems.targets (35,5)
1>    Property reassignment: $(ResolveAssemblyReferencesDependsOn)="
1>          
1>          
1>          
1>          ResolveProjectReferences;
1>          FindInvalidProjectReferences;
1>          GetFrameworkPaths;
1>          GetReferenceAssemblyPaths;
1>          PrepareForBuild;
1>          ResolveSDKReferences;
1>          ExpandSDKReferences;
1>        ;
1>          FakesGenerateBeforeBuild;
1>        ;
1>          ResolvePackageDependenciesForBuild;
1>          _HandlePackageFileConflicts;
1>        ;
1>          ResolveTargetingPackAssets;
1>        " (previous value: "
1>          
1>          
1>          ResolveProjectReferences;
1>          FindInvalidProjectReferences;
1>          GetFrameworkPaths;
1>          GetReferenceAssemblyPaths;
1>          PrepareForBuild;
1>          ResolveSDKReferences;
1>          ExpandSDKReferences;
1>        ;
1>          FakesGenerateBeforeBuild;
1>        ;
1>          ResolvePackageDependenciesForBuild;
1>          _HandlePackageFileConflicts;
1>        ") at C:\Program Files\dotnet\sdk\6.0.100-preview.7.21379.14\Sdks\Microsoft.NET.Sdk\targets\Microsoft.NET.Sdk.FrameworkReferenceResolution.targets (14,5)
1>    Property reassignment: $(_GenerateRuntimeConfigurationPropertyInputsCache)="C:\Users\hansnguyen\source\repos\GridWithMenuApp1_VS2022\obj\Debug\netcoreapp3.0\GridWithMenuApp1_VS2022_nesf0oga_wpftmp.genruntimeconfig.cache" (previous value: "obj\Debug\netcoreapp3.0\GridWithMenuApp1_VS2022_nesf0oga_wpftmp.genruntimeconfig.cache") at C:\Program Files\dotnet\sdk\6.0.100-preview.7.21379.14\Sdks\Microsoft.NET.Sdk\targets\Microsoft.NET.Sdk.targets (41,5)
1>    Property reassignment: $(_DefaultUserProfileRuntimeStorePath)="C:\Users\hansnguyen" (previous value: "") at C:\Program Files\dotnet\sdk\6.0.100-preview.7.21379.14\Sdks\Microsoft.NET.Sdk\targets\Microsoft.NET.Sdk.targets (71,5)
1>    Property reassignment: $(_DefaultUserProfileRuntimeStorePath)="C:\Users\hansnguyen\.dotnet\store" (previous value: "C:\Users\hansnguyen") at C:\Program Files\dotnet\sdk\6.0.100-preview.7.21379.14\Sdks\Microsoft.NET.Sdk\targets\Microsoft.NET.Sdk.targets (72,5)
1>    Property reassignment: $(AvailablePlatforms)="Any CPU,x86,x64,ARM32" (previous value: "Any CPU,x86,x64") at C:\Program Files\dotnet\sdk\6.0.100-preview.7.21379.14\Sdks\Microsoft.NET.Sdk\targets\Microsoft.NET.Sdk.targets (97,5)
1>    Property reassignment: $(CoreBuildDependsOn)="
1>          _CheckForBuildWithNoBuild;
1>          
1>          BuildOnlySettings;
1>          PrepareForBuild;
1>          PreBuildEvent;
1>          ResolveReferences;
1>          PrepareResources;
1>          ResolveKeySource;
1>          Compile;
1>          ExportWindowsMDFile;
1>          UnmanagedUnregistration;
1>          GenerateSerializationAssemblies;
1>          CreateSatelliteAssemblies;
1>          GenerateManifests;
1>          GetTargetPath;
1>          PrepareForRun;
1>          UnmanagedRegistration;
1>          IncrementalClean;
1>          PostBuildEvent
1>        ;
1>          GenerateBuildDependencyFile;
1>          GenerateBuildRuntimeConfigurationFiles
1>        " (previous value: "
1>          BuildOnlySettings;
1>          PrepareForBuild;
1>          PreBuildEvent;
1>          ResolveReferences;
1>          PrepareResources;
1>          ResolveKeySource;
1>          Compile;
1>          ExportWindowsMDFile;
1>          UnmanagedUnregistration;
1>          GenerateSerializationAssemblies;
1>          CreateSatelliteAssemblies;
1>          GenerateManifests;
1>          GetTargetPath;
1>          PrepareForRun;
1>          UnmanagedRegistration;
1>          IncrementalClean;
1>          PostBuildEvent
1>        ") at C:\Program Files\dotnet\sdk\6.0.100-preview.7.21379.14\Sdks\Microsoft.NET.Sdk\targets\Microsoft.NET.Sdk.targets (110,5)
1>    Property reassignment: $(CoreCleanDependsOn)="
1>          _SdkBeforeClean;
1>          
1>        " (previous value: "") at C:\Program Files\dotnet\sdk\6.0.100-preview.7.21379.14\Sdks\Microsoft.NET.Sdk\targets\Microsoft.NET.Sdk.targets (119,5)
1>    Property reassignment: $(RebuildDependsOn)="
1>          _SdkBeforeRebuild;
1>          
1>          BeforeRebuild;
1>          Clean;
1>          Build;
1>          AfterRebuild;
1>        
1>        " (previous value: "
1>          BeforeRebuild;
1>          Clean;
1>          Build;
1>          AfterRebuild;
1>        ") at C:\Program Files\dotnet\sdk\6.0.100-preview.7.21379.14\Sdks\Microsoft.NET.Sdk\targets\Microsoft.NET.Sdk.targets (126,5)
1>    Property reassignment: $(CompileDependsOn)="
1>          
1>          ResolveReferences;
1>          ResolveKeySource;
1>          SetWin32ManifestProperties;
1>          FindReferenceAssembliesForReferences;
1>          _GenerateCompileInputs;
1>          BeforeCompile;
1>          _TimeStampBeforeCompile;
1>          _GenerateCompileDependencyCache;
1>          CoreCompile;
1>          _TimeStampAfterCompile;
1>          AfterCompile;
1>        ;
1>          _CreateAppHost;
1>          _CreateComHost;
1>          _GetIjwHostPaths;
1>        " (previous value: "
1>          ResolveReferences;
1>          ResolveKeySource;
1>          SetWin32ManifestProperties;
1>          FindReferenceAssembliesForReferences;
1>          _GenerateCompileInputs;
1>          BeforeCompile;
1>          _TimeStampBeforeCompile;
1>          _GenerateCompileDependencyCache;
1>          CoreCompile;
1>          _TimeStampAfterCompile;
1>          AfterCompile;
1>        ") at C:\Program Files\dotnet\sdk\6.0.100-preview.7.21379.14\Sdks\Microsoft.NET.Sdk\targets\Microsoft.NET.Sdk.targets (506,5)
1>    Property reassignment: $(CreateSatelliteAssembliesDependsOn)="
1>          
1>          _GenerateSatelliteAssemblyInputs;
1>          ComputeIntermediateSatelliteAssemblies;
1>          GenerateSatelliteAssemblies
1>        ;
1>          CoreGenerateSatelliteAssemblies
1>        " (previous value: "
1>          _GenerateSatelliteAssemblyInputs;
1>          ComputeIntermediateSatelliteAssemblies;
1>          GenerateSatelliteAssemblies
1>        ") at C:\Program Files\dotnet\sdk\6.0.100-preview.7.21379.14\Sdks\Microsoft.NET.Sdk\targets\Microsoft.NET.Sdk.targets (892,5)
1>    Property reassignment: $(DesignerRuntimeImplementationProjectOutputGroupDependsOn)="
1>          
1>          ;
1>          
1>          ;
1>          BuildOnlySettings;
1>          PrepareForBuild;
1>          AssignTargetPaths;
1>          ResolveReferences
1>        
1>        ;
1>          _GenerateDesignerDepsFile;
1>          _GenerateDesignerRuntimeConfigFile;
1>          _GatherDesignerShadowCopyFiles;
1>        " (previous value: "
1>          ;
1>          
1>          ;
1>          BuildOnlySettings;
1>          PrepareForBuild;
1>          AssignTargetPaths;
1>          ResolveReferences
1>        
1>        ") at C:\Program Files\dotnet\sdk\6.0.100-preview.7.21379.14\Sdks\Microsoft.NET.Sdk\targets\Microsoft.NET.DesignerSupport.targets (21,5)
1>    Property reassignment: $(PublishReadyToRunComposite)="false" (previous value: "true") at C:\Program Files\dotnet\sdk\6.0.100-preview.7.21379.14\Sdks\Microsoft.NET.Sdk\targets\Microsoft.NET.CrossGen.targets (23,5)
1>    Property reassignment: $(_ShimInputCacheFile)="C:\Users\hansnguyen\source\repos\GridWithMenuApp1_VS2022\obj\Debug\netcoreapp3.0\GridWithMenuApp1_VS2022_nesf0oga_wpftmp.shiminput.cache" (previous value: "obj\Debug\netcoreapp3.0\GridWithMenuApp1_VS2022_nesf0oga_wpftmp.shiminput.cache") at C:\Program Files\dotnet\sdk\6.0.100-preview.7.21379.14\Sdks\Microsoft.NET.Sdk\targets\Microsoft.NET.PackTool.targets (109,5)
1>    Property reassignment: $(_ShimCreatedSentinelFile)="C:\Users\hansnguyen\source\repos\GridWithMenuApp1_VS2022\obj\Debug\netcoreapp3.0\GridWithMenuApp1_VS2022_nesf0oga_wpftmp.shimcreated.sentinel" (previous value: "obj\Debug\netcoreapp3.0\GridWithMenuApp1_VS2022_nesf0oga_wpftmp.shimcreated.sentinel") at C:\Program Files\dotnet\sdk\6.0.100-preview.7.21379.14\Sdks\Microsoft.NET.Sdk\targets\Microsoft.NET.PackTool.targets (111,5)
1>    Property reassignment: $(DefineConstants)="TRACE;DEBUG" (previous value: "TRACE") at C:\Program Files\dotnet\sdk\6.0.100-preview.7.21379.14\Sdks\Microsoft.NET.Sdk\targets\Microsoft.NET.Sdk.CSharp.targets (31,5)
1>    Property reassignment: $(DefineConstants)="TRACE;DEBUG;NETCOREAPP;NETCOREAPP3_0;" (previous value: "TRACE;DEBUG") at C:\Program Files\dotnet\sdk\6.0.100-preview.7.21379.14\Sdks\Microsoft.NET.Sdk\targets\Microsoft.NET.Sdk.CSharp.targets (34,5)
1>    Property reassignment: $(SupportedOSPlatformVersion)="7.0" (previous value: "") at C:\Program Files\dotnet\sdk\6.0.100-preview.7.21379.14\Sdks\Microsoft.NET.Sdk\targets\Microsoft.NET.Windows.targets (44,5)
1>    Property reassignment: $(TargetPlatformMinVersion)="7.0" (previous value: "") at C:\Program Files\dotnet\sdk\6.0.100-preview.7.21379.14\Sdks\Microsoft.NET.Sdk\targets\Microsoft.NET.Windows.targets (45,5)
1>    Property reassignment: $(_TargetFrameworkVersionValue)="3.0" (previous value: "0.0") at C:\Program Files\dotnet\sdk\6.0.100-preview.7.21379.14\Sdks\Microsoft.NET.Sdk.WindowsDesktop\targets\Microsoft.NET.Sdk.WindowsDesktop.targets (51,5)
1>    Property reassignment: $(DisableImplicitNamespaceImports)="true" (previous value: "") at C:\Program Files\dotnet\sdk\6.0.100-preview.7.21379.14\Sdks\Microsoft.NET.Sdk.WindowsDesktop\targets\Microsoft.WinFX.targets (23,5)
1>    Property reassignment: $(PrepareResourceNamesDependsOn)="
1>                        AssignWinFXEmbeddedResource;
1>                        
1>          AssignTargetPaths;
1>          SplitResourcesByCulture;
1>          CreateManifestResourceNames;
1>          CreateCustomManifestResourceNames
1>        
1>          " (previous value: "
1>          AssignTargetPaths;
1>          SplitResourcesByCulture;
1>          CreateManifestResourceNames;
1>          CreateCustomManifestResourceNames
1>        ") at C:\Program Files\dotnet\sdk\6.0.100-preview.7.21379.14\Sdks\Microsoft.NET.Sdk.WindowsDesktop\targets\Microsoft.WinFX.targets (65,7)
1>    Property reassignment: $(PrepareResourcesDependsOn)="
1>                    MarkupCompilePass1;
1>                    AfterMarkupCompilePass1;
1>                    MarkupCompilePass2ForMainAssembly;
1>                    FileClassification;
1>                    MainResourcesGeneration;
1>                    
1>          ResolvePackageDependenciesForBuild;
1>          _HandlePackageFileConflicts;
1>          
1>          ValidationExtension;
1>          ExpressionBuildExtension;
1>          
1>          XamlMarkupCompilePass1;
1>          XamlMarkupCompilePass2;
1>          
1>          ;
1>          PrepareResourceNames;
1>          ResGen;
1>          CompileLicxFiles
1>         
1>        
1>        
1>        
1>          " (previous value: "
1>          ResolvePackageDependenciesForBuild;
1>          _HandlePackageFileConflicts;
1>          
1>          ValidationExtension;
1>          ExpressionBuildExtension;
1>          
1>          XamlMarkupCompilePass1;
1>          XamlMarkupCompilePass2;
1>          
1>          ;
1>          PrepareResourceNames;
1>          ResGen;
1>          CompileLicxFiles
1>         
1>        
1>        
1>        ") at C:\Program Files\dotnet\sdk\6.0.100-preview.7.21379.14\Sdks\Microsoft.NET.Sdk.WindowsDesktop\targets\Microsoft.WinFX.targets (74,7)
1>    Property reassignment: $(CoreCompileDependsOn)="
1>              DesignTimeMarkupCompilation;
1>              
1>            GenerateCompiledExpressionsTempFile;
1>            
1>            DesignTimeXamlMarkupCompilation;
1>            ;_ComputeNonExistentFileProperty;ResolveCodeAnalysisRuleSet
1>        
1>        
1>          " (previous value: "
1>            GenerateCompiledExpressionsTempFile;
1>            
1>            DesignTimeXamlMarkupCompilation;
1>            ;_ComputeNonExistentFileProperty;ResolveCodeAnalysisRuleSet
1>        
1>        ") at C:\Program Files\dotnet\sdk\6.0.100-preview.7.21379.14\Sdks\Microsoft.NET.Sdk.WindowsDesktop\targets\Microsoft.WinFX.targets (88,7)
1>    Property reassignment: $(CompileDependsOn)="
1>            
1>          
1>          ResolveReferences;
1>          ResolveKeySource;
1>          SetWin32ManifestProperties;
1>          FindReferenceAssembliesForReferences;
1>          _GenerateCompileInputs;
1>          BeforeCompile;
1>          _TimeStampBeforeCompile;
1>          _GenerateCompileDependencyCache;
1>          CoreCompile;
1>          _TimeStampAfterCompile;
1>          AfterCompile;
1>        ;
1>          _CreateAppHost;
1>          _CreateComHost;
1>          _GetIjwHostPaths;
1>        ;
1>            _AfterCompileWinFXInternal
1>        " (previous value: "
1>          
1>          ResolveReferences;
1>          ResolveKeySource;
1>          SetWin32ManifestProperties;
1>          FindReferenceAssembliesForReferences;
1>          _GenerateCompileInputs;
1>          BeforeCompile;
1>          _TimeStampBeforeCompile;
1>          _GenerateCompileDependencyCache;
1>          CoreCompile;
1>          _TimeStampAfterCompile;
1>          AfterCompile;
1>        ;
1>          _CreateAppHost;
1>          _CreateComHost;
1>          _GetIjwHostPaths;
1>        ") at C:\Program Files\dotnet\sdk\6.0.100-preview.7.21379.14\Sdks\Microsoft.NET.Sdk.WindowsDesktop\targets\Microsoft.WinFX.targets (142,5)
1>    Property reassignment: $(PublishBuildDependsOn)="
1>                BuildOnlySettings;
1>                PrepareForBuild;
1>                ResolveReferences;
1>                PrepareResources;
1>                ResolveKeySource;
1>                PrepareResourcesForSatelliteAssemblies;
1>                GenerateSerializationAssemblies;
1>                CreateSatelliteAssemblies;
1>            " (previous value: "
1>          BuildOnlySettings;
1>          PrepareForBuild;
1>          ResolveReferences;
1>          PrepareResources;
1>          ResolveKeySource;
1>          GenerateSerializationAssemblies;
1>          CreateSatelliteAssemblies;
1>        ") at C:\Program Files\dotnet\sdk\6.0.100-preview.7.21379.14\Sdks\Microsoft.NET.Sdk.WindowsDesktop\targets\Microsoft.WinFX.targets (836,9)
1>    Property reassignment: $(PackageDescription)="Package Description" (previous value: "") at C:\Program Files\dotnet\sdk\6.0.100-preview.7.21379.14\Sdks\NuGet.Build.Tasks.Pack\build\NuGet.Build.Tasks.Pack.targets (35,5)
1>    Property reassignment: $(GenerateNuspecDependsOn)="Build;_LoadPackInputItems; _GetTargetFrameworksOutput; _WalkEachTargetPerFramework; _GetPackageFiles; " (previous value: "_LoadPackInputItems; _GetTargetFrameworksOutput; _WalkEachTargetPerFramework; _GetPackageFiles; ") at C:\Program Files\dotnet\sdk\6.0.100-preview.7.21379.14\Sdks\NuGet.Build.Tasks.Pack\build\NuGet.Build.Tasks.Pack.targets (60,5)
1>    Overriding target "ResolveFrameworkReferences" in project "C:\Program Files\Microsoft Visual Studio\2022\Preview\MSBuild\Microsoft\VisualStudio\Managed\Microsoft.Managed.DesignTime.targets" with target "ResolveFrameworkReferences" from project "C:\Program Files\Microsoft Visual Studio\2022\Preview\MSBuild\Current\Bin\amd64\Microsoft.Common.CurrentVersion.targets".
1>    Overriding target "GenerateCompiledExpressionsTempFile" in project "C:\Windows\Microsoft.NET\Framework\v4.0.30319\Microsoft.WorkflowBuildExtensions.targets" with target "GenerateCompiledExpressionsTempFile" from project "C:\Program Files\Microsoft Visual Studio\2022\Preview\MSBuild\Current\Bin\amd64\Microsoft.WorkflowBuildExtensions.targets".
1>    Overriding target "CollectPackageReferences" in project "C:\Program Files\Microsoft Visual Studio\2022\Preview\MSBuild\Microsoft\VisualStudio\Managed\Microsoft.Managed.DesignTime.targets" with target "CollectPackageReferences" from project "C:\Program Files\Microsoft Visual Studio\2022\Preview\Common7\IDE\CommonExtensions\Microsoft\NuGet\NuGet.targets".
1>    Overriding target "ApplyLicensec02c28b7-1c24-4109-8eb3-f99c3905f3f1" in project "C:\Users\hansnguyen\.nuget\packages\c1.xaml.wpf\4.5.20213.749\buildTransitive\netcoreapp3.0\C1.Xaml.WPF.targets" with target "ApplyLicensec02c28b7-1c24-4109-8eb3-f99c3905f3f1" from project "C:\Users\hansnguyen\.nuget\packages\c1.xaml.wpf.toolbar\4.5.20213.749\buildTransitive\netcoreapp3.0\C1.Xaml.WPF.Toolbar.targets".
1>    Overriding target "ApplyLicensec02c28b7-1c24-4109-8eb3-f99c3905f3f1" in project "C:\Users\hansnguyen\.nuget\packages\c1.xaml.wpf.toolbar\4.5.20213.749\buildTransitive\netcoreapp3.0\C1.Xaml.WPF.Toolbar.targets" with target "ApplyLicensec02c28b7-1c24-4109-8eb3-f99c3905f3f1" from project "C:\Users\hansnguyen\.nuget\packages\c1.xaml.wpf.flexgrid\4.5.20213.749\buildTransitive\netcoreapp3.0\C1.Xaml.WPF.FlexGrid.targets".
1>    Overriding target "ApplyLicensec02c28b7-1c24-4109-8eb3-f99c3905f3f1" in project "C:\Users\hansnguyen\.nuget\packages\c1.xaml.wpf.flexgrid\4.5.20213.749\buildTransitive\netcoreapp3.0\C1.Xaml.WPF.FlexGrid.targets" with target "ApplyLicensec02c28b7-1c24-4109-8eb3-f99c3905f3f1" from project "C:\Users\hansnguyen\.nuget\packages\c1.xaml.wpf.datetimeeditors\4.5.20213.749\buildTransitive\netcoreapp3.0\C1.Xaml.WPF.DateTimeEditors.targets".
1>    Overriding target "ApplyLicensec02c28b7-1c24-4109-8eb3-f99c3905f3f1" in project "C:\Users\hansnguyen\.nuget\packages\c1.xaml.wpf.datetimeeditors\4.5.20213.749\buildTransitive\netcoreapp3.0\C1.Xaml.WPF.DateTimeEditors.targets" with target "ApplyLicensec02c28b7-1c24-4109-8eb3-f99c3905f3f1" from project "C:\Users\hansnguyen\.nuget\packages\c1.xaml.wpf.flexgridfilter\4.5.20213.749\buildTransitive\netcoreapp3.0\C1.Xaml.WPF.FlexGridFilter.targets".
1>    Overriding target "ApplyLicensec02c28b7-1c24-4109-8eb3-f99c3905f3f1" in project "C:\Users\hansnguyen\.nuget\packages\c1.xaml.wpf.flexgridfilter\4.5.20213.749\buildTransitive\netcoreapp3.0\C1.Xaml.WPF.FlexGridFilter.targets" with target "ApplyLicensec02c28b7-1c24-4109-8eb3-f99c3905f3f1" from project "C:\Users\hansnguyen\.nuget\packages\c1.xaml.wpf.flexgrid.grouppanel\4.5.20213.749\buildTransitive\netcoreapp3.0\C1.Xaml.WPF.FlexGrid.GroupPanel.targets".
1>    Overriding target "ResolvePackageDependenciesDesignTime" in project "C:\Program Files\Microsoft Visual Studio\2022\Preview\MSBuild\Microsoft\VisualStudio\Managed\Microsoft.Managed.DesignTime.targets" with target "ResolvePackageDependenciesDesignTime" from project "C:\Program Files\dotnet\sdk\6.0.100-preview.7.21379.14\Sdks\Microsoft.NET.Sdk\targets\Microsoft.PackageDependencyResolution.targets".
1>    Overriding target "CollectSDKReferencesDesignTime" in project "C:\Program Files\Microsoft Visual Studio\2022\Preview\MSBuild\Microsoft\VisualStudio\Managed\Microsoft.Managed.DesignTime.targets" with target "CollectSDKReferencesDesignTime" from project "C:\Program Files\dotnet\sdk\6.0.100-preview.7.21379.14\Sdks\Microsoft.NET.Sdk\targets\Microsoft.PackageDependencyResolution.targets".
1>    Overriding target "CollectResolvedSDKReferencesDesignTime" in project "C:\Program Files\Microsoft Visual Studio\2022\Preview\MSBuild\Microsoft\VisualStudio\Managed\Microsoft.Managed.DesignTime.targets" with target "CollectResolvedSDKReferencesDesignTime" from project "C:\Program Files\dotnet\sdk\6.0.100-preview.7.21379.14\Sdks\Microsoft.NET.Sdk\targets\Microsoft.PackageDependencyResolution.targets".
1>    Overriding target "ResolveFrameworkReferences" in project "C:\Program Files\Microsoft Visual Studio\2022\Preview\MSBuild\Current\Bin\amd64\Microsoft.Common.CurrentVersion.targets" with target "ResolveFrameworkReferences" from project "C:\Program Files\dotnet\sdk\6.0.100-preview.7.21379.14\Sdks\Microsoft.NET.Sdk\targets\Microsoft.NET.Sdk.FrameworkReferenceResolution.targets".
1>    Overriding target "Run" in project "C:\Program Files\Microsoft Visual Studio\2022\Preview\MSBuild\Current\Bin\amd64\Microsoft.Common.CurrentVersion.targets" with target "Run" from project "C:\Program Files\dotnet\sdk\6.0.100-preview.7.21379.14\Sdks\Microsoft.NET.Sdk\targets\Microsoft.NET.Sdk.targets".
1>    Overriding target "GenerateSupportedTargetFrameworkAlias" in project "C:\Program Files\Microsoft Visual Studio\2022\Preview\MSBuild\Current\Bin\amd64\Microsoft.Common.CurrentVersion.targets" with target "GenerateSupportedTargetFrameworkAlias" from project "C:\Program Files\dotnet\sdk\6.0.100-preview.7.21379.14\Sdks\Microsoft.NET.Sdk\targets\Microsoft.NET.Sdk.targets".
1>    Overriding target "GetReferenceAssemblyPaths" in project "C:\Program Files\Microsoft Visual Studio\2022\Preview\MSBuild\Current\Bin\amd64\Microsoft.Common.CurrentVersion.targets" with target "GetReferenceAssemblyPaths" from project "C:\Program Files\dotnet\sdk\6.0.100-preview.7.21379.14\Sdks\Microsoft.NET.Sdk\targets\Microsoft.NET.DisableStandardFrameworkResolution.targets".
1>    Overriding target "GetFrameworkPaths" in project "C:\Program Files\Microsoft Visual Studio\2022\Preview\MSBuild\Current\Bin\amd64\Microsoft.Common.CurrentVersion.targets" with target "GetFrameworkPaths" from project "C:\Program Files\dotnet\sdk\6.0.100-preview.7.21379.14\Sdks\Microsoft.NET.Sdk\targets\Microsoft.NET.DisableStandardFrameworkResolution.targets".
1>    Overriding target "DesignerRuntimeImplementationProjectOutputGroup" in project "C:\Program Files\Microsoft Visual Studio\2022\Preview\MSBuild\Current\Bin\amd64\Microsoft.Common.CurrentVersion.targets" with target "DesignerRuntimeImplementationProjectOutputGroup" from project "C:\Program Files\dotnet\sdk\6.0.100-preview.7.21379.14\Sdks\Microsoft.NET.Sdk\targets\Microsoft.NET.DesignerSupport.targets".
1>    Overriding target "Publish" in project "C:\Program Files\Microsoft Visual Studio\2022\Preview\MSBuild\Current\Bin\amd64\Microsoft.Common.CurrentVersion.targets" with target "Publish" from project "C:\Program Files\dotnet\sdk\6.0.100-preview.7.21379.14\Sdks\Microsoft.NET.Sdk\targets\Microsoft.NET.Publish.targets".
1>    Overriding target "ResolveReadyToRunCompilers" in project "C:\Program Files\dotnet\sdk\6.0.100-preview.7.21379.14\Sdks\Microsoft.NET.Sdk\targets\Microsoft.NET.CrossGen.targets" with target "ResolveReadyToRunCompilers" from project "C:\Program Files\dotnet\sdk\6.0.100-preview.7.21379.14\Sdks\Microsoft.NET.Sdk\targets\Microsoft.NET.Publish.targets".
1>    Overriding target "GetCopyToPublishDirectoryItems" in project "C:\Program Files\Microsoft Visual Studio\2022\Preview\MSBuild\Current\Bin\amd64\Microsoft.Common.CurrentVersion.targets" with target "GetCopyToPublishDirectoryItems" from project "C:\Program Files\dotnet\sdk\6.0.100-preview.7.21379.14\Sdks\Microsoft.NET.Sdk\targets\Microsoft.NET.Publish.targets".
1>    Overriding target "SatelliteDllsProjectOutputGroup" in project "C:\Program Files\Microsoft Visual Studio\2022\Preview\MSBuild\Current\Bin\amd64\Microsoft.Common.CurrentVersion.targets" with target "SatelliteDllsProjectOutputGroup" from project "C:\Program Files\dotnet\sdk\6.0.100-preview.7.21379.14\Sdks\Microsoft.NET.Sdk.WindowsDesktop\targets\Microsoft.WinFX.targets".
1>    The target "ClCompile" listed in an AfterTargets attribute at "C:\Program Files\Microsoft Visual Studio\2022\Preview\MSBuild\Microsoft\VisualStudio\v17.0\CodeAnalysis\Microsoft.CodeAnalysis.targets (446,11)" does not exist in the project, and will be ignored.
1>    Initial Properties:
1>    __DisableWorkloadResolverSentinelPath =     C:\Program Files\Microsoft Visual Studio\2022\Preview\MSBuild\Current\Bin\amd64\SdkResolvers\Microsoft.DotNet.MSBuildSdkResolver\DisableWorkloadResolver.sentinel
1>    _AfterCompileWinFXInternalDependsOn =     
1>            PrepareResourcesForSatelliteAssemblies;
1>            MergeLocalizationDirectives;
1>            AfterCompileWinFX
1>        
1>    _BeforePublishNoBuildTargets   =     
1>          BuildOnlySettings;
1>          _PreventProjectReferencesFromBuilding;
1>          ResolveReferences;
1>          PrepareResourceNames;
1>          ComputeIntermediateSatelliteAssemblies;
1>          ComputeEmbeddedApphostPaths;
1>        
1>    _CodeAnalysisTreatWarningsAsErrors =     false
1>    _ComHostLibraryExtension       =     .dll
1>    _CompileTargetNameForLocalType =     _CompileTemporaryAssembly
1>    _CompileTemporaryAssemblyDependsOn =     BuildOnlySettings;ResolveKeySource;ResolveProjectReferences;CoreCompile
1>    _CorePublishTargets            =     
1>          PrepareForPublish;
1>          ComputeAndCopyFilesToPublishDirectory;
1>          ;
1>          PublishItemsOutputGroup;
1>        
1>    _DebugSymbolsProduced          =     true
1>    _DefaultUserProfileRuntimeStorePath =     C:\Users\hansnguyen\.dotnet\store
1>    _DeploymentApplicationManifestIdentity =     GridWithMenuApp1_VS2022_nesf0oga_wpftmp.exe
1>    _DeploymentBuiltUpdateInterval =     0
1>    _DeploymentBuiltUpdateIntervalUnits =     Days
1>    _DeploymentDeployManifestIdentity =     GridWithMenuApp1_VS2022_nesf0oga_wpftmp.application
1>    _DeploymentFileMappingExtension =     
1>    _DeploymentLauncherBased       =     true
1>    _DeploymentPublishableProjectDefault =     true
1>    _DeploymentTargetApplicationManifestFileName =     GridWithMenuApp1_VS2022_nesf0oga_wpftmp.dll.manifest
1>    _DeploymentUrl                 =     
1>    _DesignerDepsFileName          =     GridWithMenuApp1_VS2022_nesf0oga_wpftmp.designer.deps.json
1>    _DesignerDepsFilePath          =     obj\Debug\netcoreapp3.0\GridWithMenuApp1_VS2022_nesf0oga_wpftmp.designer.deps.json
1>    _DesignerRuntimeConfigFileName =     GridWithMenuApp1_VS2022_nesf0oga_wpftmp.designer.runtimeconfig.json
1>    _DesignerRuntimeConfigFilePath =     obj\Debug\netcoreapp3.0\GridWithMenuApp1_VS2022_nesf0oga_wpftmp.designer.runtimeconfig.json
1>    _DirectoryBuildPropsBasePath   =     
1>    _DirectoryBuildPropsFile       =     Directory.Build.props
1>    _DirectoryBuildTargetsBasePath =     
1>    _DirectoryBuildTargetsFile     =     Directory.Build.targets
1>    _DirectoryPackagesPropsBasePath =     
1>    _DirectoryPackagesPropsFile    =     Directory.Packages.props
1>    _DocumentationFileProduced     =     false
1>    _DotNetAppHostExecutableName   =     apphost.exe
1>    _DotNetAppHostExecutableNameWithoutExtension =     apphost
1>    _DotNetComHostLibraryName      =     comhost.dll
1>    _DotNetComHostLibraryNameWithoutExtension =     comhost
1>    _DotNetHostExecutableName      =     dotnet.exe
1>    _DotNetHostFxrLibraryName      =     libhostfxr.so
1>    _DotNetHostPolicyLibraryName   =     libhostpolicy.so
1>    _DotNetIjwHostLibraryName      =     Ijwhost.dll
1>    _DotNetIjwHostLibraryNameWithoutExtension =     Ijwhost
1>    _DotNetSingleFileHostExecutableNameWithoutExtension =     singlefilehost
1>    _EnableWindowsDesktopGlobbing  =     true
1>    _EnableWindowsDesktopNetCoreFrameworkReferences =     true
1>    _FrameworkIdentifierForImplicitDefine =     NETCOREAPP
1>    _FrameworkVersionForImplicitDefine =     3_0
1>    _GenerateAppxManifestDependsOn =     ;_FixVCLibs120References
1>    _GenerateBindingRedirectsIntermediateAppConfig =     obj\Debug\netcoreapp3.0\GridWithMenuApp1_VS2022_nesf0oga_wpftmp.dll.config
1>    _GenerateRestoreGraphProjectEntryInputProperties =     ExcludeRestorePackageImports=true
1>    _GenerateRuntimeConfigurationPropertyInputsCache =     C:\Users\hansnguyen\source\repos\GridWithMenuApp1_VS2022\obj\Debug\netcoreapp3.0\GridWithMenuApp1_VS2022_nesf0oga_wpftmp.genruntimeconfig.cache
1>    _GenerateSupportedRuntimeIntermediateAppConfig =     obj\Debug\netcoreapp3.0\GridWithMenuApp1_VS2022_nesf0oga_wpftmp.dll.withSupportedRuntime.config
1>    _GetChildProjectCopyToOutputDirectoryItems =     true
1>    _GetChildProjectCopyToPublishDirectoryItems =     true
1>    _IjwHostLibraryExtension       =     .dll
1>    _InitialBaseIntermediateOutputPath =     obj\
1>    _InitialMSBuildProjectExtensionsPath =     C:\Users\hansnguyen\source\repos\GridWithMenuApp1_VS2022\obj\
1>    _IsExecutable                  =     true
1>    _IsNETCoreOrNETStandard        =     true
1>    _LinkSemaphore                 =     obj\Debug\netcoreapp3.0\linked\Link.semaphore
1>    _MaxSupportedLangVersion       =     8.0
1>    _MicrosoftNETSdkWindowsDesktop =     true
1>    _MicrosoftWindowsDesktopSdkImported =     true
1>    _NativeExecutableExtension     =     .exe
1>    _NativeLibraryExtension        =     .so
1>    _NativeLibraryPrefix           =     lib
1>    _NETAnalyzersSDKAssemblyVersion =     6.0.0
1>    _NETCoreSdkIsPreview           =     true
1>    _NugetFallbackFolder           =     C:\Program Files\dotnet\sdk\6.0.100-preview.7.21379.14\Sdks\Microsoft.NET.Sdk\targets\..\..\..\..\NuGetFallbackFolder
1>    _NugetTargetMonikerAndRID      =     .NETCoreApp,Version=v3.0
1>    _OriginalConfiguration         =     Debug
1>    _OriginalPlatform              =     AnyCPU
1>    _PackToolPublishDependency     =     _PublishBuildAlternative
1>    _PlatformWithoutConfigurationInference =     AnyCPU
1>    _PresentationBuildTasksAssembly =     C:\Program Files\dotnet\sdk\6.0.100-preview.7.21379.14\Sdks\Microsoft.NET.Sdk.WindowsDesktop\tools\net472\PresentationBuildTasks.dll
1>    _PresentationBuildTasksTfm     =     net472
1>    _ProjectDefaultTargets         =     Build
1>    _PublishNoBuildAlternativeDependsOn =     
1>          BuildOnlySettings;
1>          _PreventProjectReferencesFromBuilding;
1>          ResolveReferences;
1>          PrepareResourceNames;
1>          ComputeIntermediateSatelliteAssemblies;
1>          ComputeEmbeddedApphostPaths;
1>        ;
1>          PrepareForPublish;
1>          ComputeAndCopyFilesToPublishDirectory;
1>          ;
1>          PublishItemsOutputGroup;
1>        
1>    _PublishProfileDesignerFolder  =     Properties
1>    _PublishProfileRootFolder      =     C:\Users\hansnguyen\source\repos\GridWithMenuApp1_VS2022\Properties\PublishProfiles\
1>    _RecursiveTargetForContentCopying =     GetCopyToOutputDirectoryItems
1>    _RemoveUnsupportedTargetFrameworksForWindowsDesktop =     true
1>    _RequireMCPass2ForMainAssembly =     false
1>    _RequireMCPass2ForSatelliteAssemblyOnly =     false
1>    _ResolveProjectReferencesTargetName =     ResolveProjectReferences
1>    _ResolveReferenceDependencies  =     false
1>    _ResourceNameInMainAssembly    =     GridWithMenuApp1_VS2022_nesf0oga_wpftmp.g.resources
1>    _RuntimeIdentifierUsesAppHost  =     true
1>    _SGenDllCreated                =     false
1>    _SGenDllName                   =     GridWithMenuApp1_VS2022_nesf0oga_wpftmp.XmlSerializers.dll
1>    _SGenGenerateSerializationAssembliesConfig =     Off
1>    _ShimCreatedSentinelFile       =     C:\Users\hansnguyen\source\repos\GridWithMenuApp1_VS2022\obj\Debug\netcoreapp3.0\GridWithMenuApp1_VS2022_nesf0oga_wpftmp.shimcreated.sentinel
1>    _ShimInputCacheFile            =     C:\Users\hansnguyen\source\repos\GridWithMenuApp1_VS2022\obj\Debug\netcoreapp3.0\GridWithMenuApp1_VS2022_nesf0oga_wpftmp.shiminput.cache
1>    _TargetAssemblyProjectName     =     GridWithMenuApp1_VS2022
1>    _TargetFrameworkDirectories    =     
1>    _TargetFrameworkVersionValue   =     3.0
1>    _TargetFrameworkVersionWithoutV =     3.0
1>    _TargetLatestRuntimePatchIsDefault =     true
1>    _TargetsThatPrepareProjectReferences =     
1>          AssignProjectConfiguration;
1>          _SplitProjectReferencesByFileExistence
1>        
1>    _ToolsSettingsFilePath         =     obj\DotnetToolSettings.xml
1>    _UndefinedTargetFrameworkVersion =     0.0
1>    _UsingDefaultForHasRuntimeOutput =     true
1>    _UsingDefaultPlatformTarget    =     true
1>    _WindowsDesktopSdkTargetFrameworkVersionFloor =     3.0
1>    _WorkloadLibraryPacksFolder    =     C:\Program Files\dotnet\library-packs
1>    _WpfTempProjectNuGetFilePathNoExt =     
1>    AddAdditionalExplicitAssemblyReferences =     false
1>    AddAppConfigToBuildOutputs     =     true
1>    AddItemTemplatesGuid           =     {FAE04EC0-301F-11d3-BF4B-00C04F79EFBC}
1>    AfterMicrosoftNETSdkTargets    =     ;C:\Program Files\dotnet\sdk\6.0.100-preview.7.21379.14\Sdks\Microsoft.NET.Sdk\targets\../../Microsoft.NET.Sdk.WindowsDesktop/targets/Microsoft.NET.Sdk.WindowsDesktop.targets
1>    AllowedOutputExtensionsInPackageBuildOutputFolder =     .dll; .exe; .winmd; .json; .pri; .xml ;
1>    AllowedOutputExtensionsInSymbolsPackageBuildOutputFolder =     .pdb; .mdb; .dll; .exe; .winmd; .json; .pri; .xml ;; 
1>    AllowedReferenceAssemblyFileExtensions =     
1>          .winmd;
1>          .dll;
1>          .exe
1>        
1>    AllowedReferenceRelatedFileExtensions =     
1>          .pdb;
1>          .xml;
1>          .pri;
1>          .dll.config;
1>          .exe.config
1>        
1>    AllowUnsafeBlocks              =     false
1>    ALLUSERSPROFILE                =     C:\ProgramData
1>    AlwaysCompileMarkupFilesInSeparateDomain =     true
1>    AlwaysIncludeCoreFrameworkInRuntimeConfig =     false
1>    AlwaysUseNumericalSuffixInItemNames =     true
1>    AndroidTargetsPath             =     C:\Program Files\Microsoft Visual Studio\2022\Preview\MSBuild\Microsoft\MDD\Android\V150\
1>    APPDATA                        =     C:\Users\hansnguyen\AppData\Roaming
1>    AppDesignerFolder              =     Properties
1>    AppDesignerFolderContentsVisibleOnlyInShowAllFiles =     false
1>    AppendRuntimeIdentifierToOutputPath =     true
1>    AppendTargetFrameworkToOutputPath =     true
1>    AssemblyFoldersConfigFile      =     C:\Program Files\Microsoft Visual Studio\2022\Preview\MSBuild\Current\Bin\AssemblyFolders.config
1>    AssemblyFoldersConfigFileSearchPath =     {AssemblyFoldersFromConfig:C:\Program Files\Microsoft Visual Studio\2022\Preview\MSBuild\Current\Bin\AssemblyFolders.config,v3.0};
1>    AssemblyFoldersSuffix          =     AssemblyFoldersEx
1>    AssemblyName                   =     GridWithMenuApp1_VS2022_nesf0oga_wpftmp
1>    AssemblyReferenceTabs          =     0
1>    AssemblySearchPaths            =     {CandidateAssemblyFiles};{HintPathFromItem};{TargetFrameworkDirectory};{RawFileName}
1>    AssemblyTitle                  =     
1>    AssetTargetFallback            =     ;net461;net462;net47;net471;net472;net48
1>    AssignTargetPathsDependsOn     =     
1>    Authors                        =     
1>    AutomaticallyUseReferenceAssemblyPackages =     true
1>    AutoUnifyAssemblyReferences    =     true
1>    AvailablePlatforms             =     Any CPU,x86,x64,ARM32
1>    BaseIntermediateOutputPath     =     obj\
1>    BaseOutputPath                 =     bin\
1>    BaseOutputPathWasSpecified     =     true
1>    BuildCompileAction             =     Build
1>    BuildDependsOn                 =     
1>          BeforeBuild;
1>          CoreBuild;
1>          AfterBuild
1>        
1>    BuildGenerateSourcesAction     =     Build
1>    BuildingInsideVisualStudio     =     true
1>    BuildingProject                =     true
1>    BuildInParallel                =     true
1>    BuildLinkAction                =     Build
1>    BuildOutputTargetFolder        =     lib
1>    BuildProjectReferences         =     true
1>    BuiltProjectOutputGroupDependenciesDependsOn =     
1>          ;
1>          
1>          ;
1>          BuildOnlySettings;
1>          PrepareForBuild;
1>          AssignTargetPaths;
1>          ResolveReferences
1>        
1>        
1>    BuiltProjectOutputGroupDependsOn =     PrepareForBuild
1>    BundledNETCoreAppPackageVersion =     6.0.0-preview.7.21377.19
1>    BundledNETCoreAppTargetFrameworkVersion =     6.0
1>    BundledNETCorePlatformsPackageVersion =     6.0.0-preview.7.21377.19
1>    BundledNETStandardPackageVersion =     2.1.0
1>    BundledNETStandardTargetFrameworkVersion =     2.1
1>    BundledRuntimeIdentifierGraphFile =     C:\Program Files\dotnet\sdk\6.0.100-preview.7.21379.14\RuntimeIdentifierGraph.json
1>    CheckEolTargetFramework        =     true
1>    CheckForOverflowUnderflow      =     false
1>    CleanDependsOn                 =     
1>          BeforeClean;
1>          UnmanagedUnregistration;
1>          CoreClean;
1>          CleanReferencedProjects;
1>          CleanPublishFolder;
1>          AfterClean
1>        
1>    CleanFile                      =     GridWithMenuApp1_VS2022_nesf0oga_wpftmp.csproj.FileListAbsolute.txt
1>    CmdUIContextGuid               =     {FAE04EC1-301F-11d3-BF4B-00C04F79EFBC}
1>    CodeAnalysisApplyLogFileXsl    =     false
1>    CodeAnalysisFailOnMissingRules =     false
1>    CodeAnalysisForceOutput        =     true
1>    CodeAnalysisGenerateSuccessFile =     true
1>    CodeAnalysisIgnoreGeneratedCode =     true
1>    CodeAnalysisIgnoreInvalidTargets =     true
1>    CodeAnalysisIgnoreMissingIndirectReferences =     false
1>    CodeAnalysisInputAssembly      =     bin\Debug\netcoreapp3.0\GridWithMenuApp1_VS2022_nesf0oga_wpftmp.dll
1>    CodeAnalysisLogFile            =     bin\Debug\netcoreapp3.0\GridWithMenuApp1_VS2022_nesf0oga_wpftmp.dll.CodeAnalysisLog.xml
1>    CodeAnalysisModuleSuppressionsFile =     GlobalSuppressions.cs
1>    CodeAnalysisOutputToConsole    =     false
1>    CodeAnalysisOverrideRuleVisibilities =     false
1>    CodeAnalysisPath               =     C:\Program Files\Microsoft Visual Studio\2022\Preview\Team Tools\Static Analysis Tools\FxCop\
1>    CodeAnalysisQuiet              =     false
1>    CodeAnalysisRuleDirectories    =     ;C:\Program Files\Microsoft Visual Studio\2022\Preview\Team Tools\Static Analysis Tools\FxCop\\Rules
1>    CodeAnalysisRuleIds            =     CA1000;CA1001;CA1002;CA1003;CA1005;CA1008;CA1010;CA1012;CA1014;CA1016;CA1017;CA1018;CA1019;CA1021;CA1024;CA1027;CA1028;CA1030;CA1031;CA1032;CA1033;CA1034;CA1036;CA1040;CA1041;CA1043;CA1044;CA1045;CA1046;CA1047;CA1050;CA1051;CA1052;CA1054;CA1055;CA1056;CA1058;CA1060;CA1061;CA1062;CA1063;CA1064;CA1065;CA1066;CA1067;CA1068;CA1069;CA1070;CA1200;CA1303;CA1304;CA1305;CA1307;CA1308;CA1309;CA1310;CA1401;CA1416;CA1417;CA1418;CA1419;CA1501;CA1502;CA1505;CA1506;CA1507;CA1508;CA1509;CA1700;CA1707;CA1708;CA1710;CA1711;CA1712;CA1713;CA1715;CA1716;CA1720;CA1721;CA1724;CA1725;CA1727;CA1802;CA1805;CA1806;CA1810;CA1812;CA1813;CA1814;CA1815;CA1816;CA1819;CA1820;CA1821;CA1822;CA1823;CA1824;CA1825;CA1826;CA1827;CA1828;CA1829;CA1830;CA1831;CA1832;CA1833;CA1834;CA1835;CA1836;CA1837;CA1838;CA1839;CA1840;CA1841;CA1842;CA1843;CA1844;CA1845;CA1846;CA1847;CA1848;CA2000;CA2002;CA2007;CA2008;CA2009;CA2011;CA2012;CA2013;CA2014;CA2015;CA2016;CA2017;CA2100;CA2101;CA2109;CA2119;CA2153;CA2200;CA2201;CA2207;CA2208;CA2211;CA2213;CA2214;CA2215;CA2216;CA2217;CA2218;CA2219;CA2224;CA2225;CA2226;CA2227;CA2229;CA2231;CA2234;CA2235;CA2237;CA2241;CA2242;CA2243;CA2244;CA2245;CA2246;CA2247;CA2248;CA2249;CA2250;CA2251;CA2252;CA2253;CA2254;CA2300;CA2301;CA2302;CA2305;CA2310;CA2311;CA2312;CA2315;CA2321;CA2322;CA2326;CA2327;CA2328;CA2329;CA2330;CA2350;CA2351;CA2352;CA2353;CA2354;CA2355;CA2356;CA2361;CA2362;CA3001;CA3002;CA3003;CA3004;CA3005;CA3006;CA3007;CA3008;CA3009;CA3010;CA3011;CA3012;CA3061;CA3075;CA3076;CA3077;CA3147;CA5350;CA5351;CA5358;CA5359;CA5360;CA5361;CA5362;CA5363;CA5364;CA5365;CA5366;CA5367;CA5368;CA5369;CA5370;CA5371;CA5372;CA5373;CA5374;CA5375;CA5376;CA5377;CA5378;CA5379;CA5380;CA5381;CA5382;CA5383;CA5384;CA5385;CA5386;CA5387;CA5388;CA5389;CA5390;CA5391;CA5392;CA5393;CA5394;CA5395;CA5396;CA5397;CA5398;CA5399;CA5400;CA5401;CA5402;CA5403
1>    CodeAnalysisRuleSetDirectories =     ;C:\Program Files\Microsoft Visual Studio\2022\Preview\Team Tools\Static Analysis Tools\\Rule Sets
1>    CodeAnalysisSaveMessagesToReport =     Active
1>    CodeAnalysisSearchGlobalAssemblyCache =     true
1>    CodeAnalysisStaticAnalysisDirectory =     C:\Program Files\Microsoft Visual Studio\2022\Preview\Team Tools\Static Analysis Tools\
1>    CodeAnalysisSucceededFile      =     bin\Debug\netcoreapp3.0\GridWithMenuApp1_VS2022_nesf0oga_wpftmp.dll.lastcodeanalysissucceeded
1>    CodeAnalysisSummary            =     false
1>    CodeAnalysisTargets            =     C:\Program Files\Microsoft Visual Studio\2022\Preview\MSBuild\Microsoft\VisualStudio\v17.0\CodeAnalysis\Microsoft.CodeAnalysis.targets
1>    CodeAnalysisTimeout            =     120
1>    CodeAnalysisUpdateProject      =     false
1>    CodeAnalysisUseTypeNameInSuppression =     true
1>    CodeAnalysisVerbose            =     false
1>    CommonOutputGroupsDependsOn    =     
1>          ;
1>          BuildOnlySettings;
1>          PrepareForBuild;
1>          AssignTargetPaths;
1>          ResolveReferences
1>        
1>    CommonProgramFiles             =     C:\Program Files\Common Files
1>    CommonProgramW6432             =     C:\Program Files\Common Files
1>    CommonTargetsPath              =     C:\Program Files\Microsoft Visual Studio\2022\Preview\MSBuild\Current\Bin\amd64\Microsoft.Common.CurrentVersion.targets
1>    CommonXamlResourcesDirectory   =     C:\Program Files\Microsoft Visual Studio\2022\Preview\MSBuild\Current\Bin\amd64\en-US\
1>    Company                        =     
1>    CompileDependsOn               =     
1>            
1>          
1>          ResolveReferences;
1>          ResolveKeySource;
1>          SetWin32ManifestProperties;
1>          FindReferenceAssembliesForReferences;
1>          _GenerateCompileInputs;
1>          BeforeCompile;
1>          _TimeStampBeforeCompile;
1>          _GenerateCompileDependencyCache;
1>          CoreCompile;
1>          _TimeStampAfterCompile;
1>          AfterCompile;
1>        ;
1>          _CreateAppHost;
1>          _CreateComHost;
1>          _GetIjwHostPaths;
1>        ;
1>            _AfterCompileWinFXInternal
1>        
1>    CompileLicxFilesDependsOn      =     
1>    CompilerGeneratedFilesOutputPath =     
1>    CompileTargetNameForTemporaryAssembly =     CompileTemporaryAssembly
1>    COMPLUS_GCHeapCount            =     6
1>    COMPLUS_GCNoAffinitize         =     1
1>    ComputeIntermediateSatelliteAssembliesDependsOn =     
1>          CreateManifestResourceNames
1>        
1>    ComputeNETCoreBuildOutputFiles =     true
1>    COMPUTERNAME                   =     VN-C1-HANS
1>    ComReferenceExecuteAsTool      =     false
1>    ComReferenceNoClassMembers     =     false
1>    ComSpec                        =     C:\Windows\system32\cmd.exe
1>    Configuration                  =     Debug
1>    ConfigurationName              =     Debug
1>    Configurations                 =     Debug;Release
1>    ConsiderPlatformAsProcessorArchitecture =     true
1>    ContentFilesProjectOutputGroupDependsOn =     PrepareForBuild;AssignTargetPaths
1>    ContentPreprocessorOutputDirectory =     obj\Debug\netcoreapp3.0\NuGet\
1>    ContentTargetFolders           =     content;contentFiles
1>    ContinueOnError                =     false
1>    CopyBuildOutputToPublishDirectory =     true
1>    CopyConflictingTransitiveContent =     false
1>    CopyLocalLockFileAssemblies    =     true
1>    CopyOutputSymbolsToPublishDirectory =     true
1>    CoreBuildDependsOn             =     
1>          _CheckForBuildWithNoBuild;
1>          
1>          BuildOnlySettings;
1>          PrepareForBuild;
1>          PreBuildEvent;
1>          ResolveReferences;
1>          PrepareResources;
1>          ResolveKeySource;
1>          Compile;
1>          ExportWindowsMDFile;
1>          UnmanagedUnregistration;
1>          GenerateSerializationAssemblies;
1>          CreateSatelliteAssemblies;
1>          GenerateManifests;
1>          GetTargetPath;
1>          PrepareForRun;
1>          UnmanagedRegistration;
1>          IncrementalClean;
1>          PostBuildEvent
1>        ;
1>          GenerateBuildDependencyFile;
1>          GenerateBuildRuntimeConfigurationFiles
1>        
1>    CoreCleanDependsOn             =     
1>          _SdkBeforeClean;
1>          
1>        
1>    CoreCompileDependsOn           =     
1>              DesignTimeMarkupCompilation;
1>              
1>            GenerateCompiledExpressionsTempFile;
1>            
1>            DesignTimeXamlMarkupCompilation;
1>            ;_ComputeNonExistentFileProperty;ResolveCodeAnalysisRuleSet
1>        
1>        
1>          
1>    CoreResGenDependsOn            =     FindReferenceAssembliesForReferences
1>    CreateCustomManifestResourceNamesDependsOn =     
1>    CreateHardLinksForCopyAdditionalFilesIfPossible =     false
1>    CreateManifestResourceNamesDependsOn =     
1>    CreateSatelliteAssembliesDependsOn =     
1>          
1>          _GenerateSatelliteAssemblyInputs;
1>          ComputeIntermediateSatelliteAssemblies;
1>          GenerateSatelliteAssemblies
1>        ;
1>          CoreGenerateSatelliteAssemblies
1>        
1>    CreateSymbolicLinksForCopyAdditionalFilesIfPossible =     false
1>    CSharpCoreTargetsPath          =     C:\Program Files\Microsoft Visual Studio\2022\Preview\MSBuild\Current\Bin\Roslyn\Microsoft.CSharp.Core.targets
1>    CSharpDesignTimeTargetsPath    =     C:\Program Files\Microsoft Visual Studio\2022\Preview\MSBuild\Microsoft\VisualStudio\Managed\Microsoft.CSharp.DesignTime.targets
1>    CSharpTargetsPath              =     C:\Program Files\Microsoft Visual Studio\2022\Preview\MSBuild\Current\Bin\amd64\Microsoft.CSharp.CurrentVersion.targets
1>    CurrentSolutionConfigurationContents =     <SolutionConfiguration>
1>    <ProjectConfiguration Project="{4693df72-4233-4932-899a-9f364d66c4d9}" AbsolutePath="C:\Users\hansnguyen\source\repos\GridWithMenuApp1_VS2022\GridWithMenuApp1_VS2022.csproj">Debug|AnyCPU</ProjectConfiguration>
1>    </SolutionConfiguration>
1>    CustomAfterMicrosoftCommonProps =     C:\Program Files\Microsoft Visual Studio\2022\Preview\MSBuild\vCurrent\Custom.After.Microsoft.Common.props
1>    CustomAfterMicrosoftCommonTargets =     C:\Program Files\Microsoft Visual Studio\2022\Preview\MSBuild\vCurrent\Custom.After.Microsoft.Common.targets
1>    CustomAfterMicrosoftCSharpTargets =     C:\Program Files\Microsoft Visual Studio\2022\Preview\MSBuild\vCurrent\Custom.After.Microsoft.CSharp.targets
1>    CustomBeforeMicrosoftCommonProps =     C:\Program Files\Microsoft Visual Studio\2022\Preview\MSBuild\vCurrent\Custom.Before.Microsoft.Common.props
1>    CustomBeforeMicrosoftCommonTargets =     C:\Program Files\Microsoft Visual Studio\2022\Preview\MSBuild\vCurrent\Custom.Before.Microsoft.Common.targets
1>    CustomBeforeMicrosoftCSharpTargets =     C:\Program Files\Microsoft Visual Studio\2022\Preview\MSBuild\vCurrent\Custom.Before.Microsoft.CSharp.targets
1>    DebuggerFlavor                 =     ProjectDebugger
1>    DebugSymbols                   =     true
1>    DebugSymbolsProjectOutputGroupDependenciesDependsOn =     
1>          ;
1>          
1>          ;
1>          BuildOnlySettings;
1>          PrepareForBuild;
1>          AssignTargetPaths;
1>          ResolveReferences
1>        
1>        
1>    DebugSymbolsProjectOutputGroupDependsOn =     
1>    DebugType                      =     portable
1>    DefaultAllowedOutputExtensionsInPackageBuildOutputFolder =     .dll; .exe; .winmd; .json; .pri; .xml
1>    DefaultAppHostRuntimeIdentifier =     win-x64
1>    DefaultCopyToPublishDirectoryMetadata =     true
1>    DefaultExcludesInProjectFolder =     ;**/.*/**
1>    DefaultImplicitPackages        =     Microsoft.NETCore.App;NETStandard.Library
1>    DefaultItemExcludes            =     ;bin\Debug\/**;obj\Debug\/**;bin\/**;obj\/**;**/*.user;**/*.*proj;**/*.sln;**/*.vssscc
1>    DefaultLanguageSourceExtension =     .cs
1>    DefaultProjectTypeGuid         =     {FAE04EC0-301F-11D3-BF4B-00C04F79EFBC}
1>    DefaultXamlRuntime             =     Wpf
1>    DeferredValidationErrorsFileName =     obj\Debug\netcoreapp3.0\\AC2C1ABA-CCF6-44D4-8127-588FD4D0A860-DeferredValidationErrors.xml
1>    DefineCommonCapabilities       =     false
1>    DefineCommonItemSchemas        =     false
1>    DefineCommonManagedCapabilities =     true
1>    DefineCommonManagedItemSchemas =     true
1>    DefineCommonManagedReferenceSchemas =     true
1>    DefineCommonReferenceSchemas   =     false
1>    DefineConstants                =     TRACE;DEBUG;NETCOREAPP;NETCOREAPP3_0;
1>    DefineCSharpItemSchemas        =     false
1>    DefineExplicitDefaults         =     true
1>    DelaySign                      =     
1>    DeploymentComputeClickOnceManifestInfoDependsOn =     
1>          CleanPublishFolder;
1>          _DeploymentGenerateTrustInfo
1>          
1>        
1>    DeploymentType                 =     Installed
1>    DesignerFunctionVisibility     =     Private
1>    DesignerHiddenCodeGeneration   =     Declarations
1>    DesignerRuntimeImplementationProjectOutputGroupDependsOn =     
1>          
1>          ;
1>          
1>          ;
1>          BuildOnlySettings;
1>          PrepareForBuild;
1>          AssignTargetPaths;
1>          ResolveReferences
1>        
1>        ;
1>          _GenerateDesignerDepsFile;
1>          _GenerateDesignerRuntimeConfigFile;
1>          _GatherDesignerShadowCopyFiles;
1>        
1>    DesignerVariableNaming         =     Camel
1>    DesignTimeAssemblySearchPaths  =     {CandidateAssemblyFiles};{HintPathFromItem};{TargetFrameworkDirectory};{RawFileName}
1>    DesignTimeAutoUnify            =     true
1>    DesignTimeIntermediateOutputPath =     obj\Debug\netcoreapp3.0\InProcessTempFiles\
1>    DesignTimeResolveAssemblyReferencesDependsOn =     
1>          GetFrameworkPaths;
1>          GetReferenceAssemblyPaths;
1>          ResolveReferences
1>        
1>    DesktopBridgeComFilesOutputGroupDependsOn =     
1>          
1>          ;
1>          BuildOnlySettings;
1>          PrepareForBuild;
1>          AssignTargetPaths;
1>          ResolveReferences
1>        
1>          ;
1>        
1>    DesktopBridgeCommonTargets     =     C:\Program Files\Microsoft Visual Studio\2022\Preview\MSBuild\Microsoft\DesktopBridge\Microsoft.DesktopBridge.Common.targets
1>    DesktopBridgeCopyLocalOutputGroupDependsOn =     
1>          
1>          ;
1>          BuildOnlySettings;
1>          PrepareForBuild;
1>          AssignTargetPaths;
1>          ResolveReferences
1>        ;
1>          ;
1>        
1>    DesktopBridgeFrameworkSDKRegistrationOutputGroupDependsOn =     
1>          
1>          ;
1>          BuildOnlySettings;
1>          PrepareForBuild;
1>          AssignTargetPaths;
1>          ResolveReferences
1>        ;
1>          
1>        
1>    DesktopBridgeOutputGroupsDependsOn =     
1>          ;
1>          BuildOnlySettings;
1>          PrepareForBuild;
1>          AssignTargetPaths;
1>          ResolveReferences
1>        
1>    DesktopBridgePublishItemsOutputGroupDependsOn =     
1>          
1>          ;
1>          BuildOnlySettings;
1>          PrepareForBuild;
1>          AssignTargetPaths;
1>          ResolveReferences
1>        ;
1>          ;
1>          PublishItemsOutputGroup
1>        
1>    Deterministic                  =     true
1>    DevEnvDir                      =     C:\Program Files\Microsoft Visual Studio\2022\Preview\Common7\IDE\
1>    DEVPATH                        =     C:\ProgramData\Red Gate\.NET Reflector\DevPath
1>    DisableHandlePackageFileConflicts =     true
1>    DisableImplicitNamespaceImports =     true
1>    DisableImplicitNamespaceImports_DotNet =     false
1>    DisableLogTaskParameter_ConvertToAbsolutePath_Path =     true
1>    DisableLogTaskParameter_FindUnderPath_OutOfPath =     true
1>    DisableLogTaskParameter_RemoveDuplicates_Inputs =     true
1>    DisableLogTaskParameterItemMetadata_ConvertToAbsolutePath_AbsolutePaths =     true
1>    DisableLogTaskParameterItemMetadata_Copy_CopiedFiles =     true
1>    DisableLogTaskParameterItemMetadata_Copy_DestinationFiles =     true
1>    DisableLogTaskParameterItemMetadata_Copy_SourceFiles =     true
1>    DisableLogTaskParameterItemMetadata_FindUnderPath_Files =     true
1>    DisableLogTaskParameterItemMetadata_FindUnderPath_InPath =     true
1>    DisableLogTaskParameterItemMetadata_GenerateResource_FilesWritten =     true
1>    DisableLogTaskParameterItemMetadata_Hash_ItemsToHash =     true
1>    DisableLogTaskParameterItemMetadata_RemoveDuplicates_Filtered =     true
1>    DisableLogTaskParameterItemMetadata_WriteLinesToFile_Lines =     true
1>    DisableStandardFrameworkResolution =     true
1>    DisableWinExeOutputInference   =     true
1>    DockerBuildTasksAssembly       =     C:\Program Files\Microsoft Visual Studio\2022\Preview\MSBuild\Sdks\Microsoft.Docker.Sdk\build\..\tools\Microsoft.Docker.BuildTasks.dll
1>    DockerIntermediateOutputPath   =     obj\Docker
1>    DockerPublishDirectory         =     obj\Docker\publish
1>    DocumentationFile              =     
1>    DocumentationProjectOutputGroupDependenciesDependsOn =     
1>          ;
1>          
1>          ;
1>          BuildOnlySettings;
1>          PrepareForBuild;
1>          AssignTargetPaths;
1>          ResolveReferences
1>        
1>        
1>    DocumentationProjectOutputGroupDependsOn =     
1>    DotnetCliToolTargetFramework   =     netcoreapp2.2
1>    DotNetNativeLibraryVersion     =     
1>    DriverData                     =     C:\Windows\System32\Drivers\DriverData
1>    EmbeddedResourceUseDependentUponConvention =     true
1>    EmbeddedWin32Manifest          =     
1>    EmitAssetsLogMessages          =     true
1>    EmitCompilerGeneratedFiles     =     false
1>    EmitLegacyAssetsFileItems      =     false
1>    EnableDefaultApplicationDefinition =     true
1>    EnableDefaultCompileItems      =     true
1>    EnableDefaultEmbeddedResourceItems =     true
1>    EnableDefaultItems             =     true
1>    EnableDefaultNoneItems         =     true
1>    EnableDefaultPageItems         =     true
1>    EnableFrameworkPathOverride    =     false
1>    EnableNETAnalyzers             =     false
1>    EnableWebSdkImplicitPackageVersions =     false
1>    EnforceCodeStyleInBuild        =     false
1>    ErrorEndLocation               =     true
1>    ErrorReport                    =     prompt
1>    ExpandSDKAllowedReferenceExtensions =     
1>          .winmd;
1>          .dll
1>        
1>    ExpandSDKReferencesDependsOn   =     
1>          ResolveSDKReferences
1>        
1>    FakesBinPath                   =     C:\Program Files\Microsoft Visual Studio\2022\Preview\MSBuild\Microsoft\VisualStudio\v17.0\Fakes
1>    FakesCommandLineArguments      =      /msbuildpath:"C:\Program Files\Microsoft Visual Studio\2022\Preview\MSBuild\Current\Bin\amd64\msbuild.exe"
1>    FakesConfigurationDirectory    =     C:\Users\hansnguyen\source\repos\GridWithMenuApp1_VS2022\Fakes
1>    FakesContinueOnError           =     false
1>    FakesGenerateBeforeBuildDependsOn =     
1>          ;
1>          ResolveFakesReferences;
1>          BuildFakesAssemblies;
1>        
1>    FakesImported                  =     true
1>    FakesIntermediatePath          =     C:\Users\hansnguyen\source\repos\GridWithMenuApp1_VS2022\obj\Debug\netcoreapp3.0\Fakes
1>    FakesMSBuildPath               =     C:\Program Files\Microsoft Visual Studio\2022\Preview\MSBuild\Current\Bin\amd64\msbuild.exe
1>    FakesOutputPath                =     C:\Users\hansnguyen\source\repos\GridWithMenuApp1_VS2022\FakesAssemblies
1>    FakesRelativeOutputDir         =     FakesAssemblies
1>    FakesTargets                   =     C:\Program Files\Microsoft Visual Studio\2022\Preview\MSBuild\Microsoft\VisualStudio\v17.0\Fakes\Microsoft.QualityTools.Testing.Fakes.targets
1>    FakesTasks                     =     C:\Program Files\Microsoft Visual Studio\2022\Preview\MSBuild\Microsoft\VisualStudio\v17.0\Fakes\Microsoft.QualityTools.Testing.Fakes.Tasks.dll
1>    FakesToolsPath                 =     C:\Program Files\Microsoft Visual Studio\2022\Preview\MSBuild\Microsoft\VisualStudio\v17.0\Fakes
1>    FakesUseV2Generation           =     true
1>    FakesVerbosity                 =     Critical
1>    FileAlignment                  =     512
1>    FindInvalidProjectReferencesDependsOn =     
1>          GetReferenceTargetPlatformMonikers
1>        
1>    FPS_BROWSER_APP_PROFILE_STRING =     Internet Explorer
1>    FPS_BROWSER_USER_PROFILE_STRING =     Default
1>    Framework20Dir                 =     @(_TargetFramework20DirectoryItem)
1>    Framework30Dir                 =     @(_TargetFramework30DirectoryItem)
1>    Framework35Dir                 =     @(_TargetFramework35DirectoryItem)
1>    Framework40Dir                 =     @(_TargetFramework40DirectoryItem)
1>    FrameworkDir                   =     @(_TargetFramework40DirectoryItem)
1>    FrameworkPathOverride          =     
1>    FrameworkRegistryBase          =     Software\Microsoft\.NETCoreApp
1>    FrameworkSDKDir                =     @(_TargetFrameworkSDKDirectoryItem)
1>    FrameworkSDKRoot               =     
1>    FullReferenceAssemblyNames     =     Full
1>    GCExpConfigUsedInSession       =     2
1>    Generateassemblyinfo           =     False
1>    GenerateBindingRedirectsOutputType =     true
1>    GenerateClickOnceManifests     =     
1>    GenerateCompiledExpressionsTempFilePathForEditing =     obj\Debug\netcoreapp3.0\\TemporaryGeneratedFile_E7A71F73-0F8D-4B9B-B56E-8E70B10BC5D3.cs
1>    GenerateCompiledExpressionsTempFilePathForTypeInfer =     obj\Debug\netcoreapp3.0\\TemporaryGeneratedFile_5937a670-0e60-4077-877b-f7221da3dda1.cs
1>    GenerateCompiledExpressionsTempFilePathForValidation =     obj\Debug\netcoreapp3.0\\TemporaryGeneratedFile_036C0B5B-1481-4323-8D20-8F5ADCB23D92.cs
1>    GeneratedAssemblyInfoFile      =     obj\Debug\netcoreapp3.0\GridWithMenuApp1_VS2022_nesf0oga_wpftmp.AssemblyInfo.cs
1>    GenerateDependencyFile         =     true
1>    GeneratedFileExtension         =     .g.cs
1>    GeneratedImplicitNamespaceImportFile =     obj\Debug\netcoreapp3.0\GridWithMenuApp1_VS2022_nesf0oga_wpftmp.ImplicitNamespaceImports.cs
1>    GenerateDocumentationFile      =     false
1>    GenerateFakesDependsOn         =     
1>          ;
1>          BeforeGenerateFakesAssemblies;
1>          GenerateFakesAssemblies;
1>          CopyFakesAssembliesToOutputDir;
1>        
1>    GenerateFullPaths              =     true
1>    GenerateManifestsDependsOn     =     
1>          SetWin32ManifestProperties;
1>          GenerateApplicationManifest;
1>          GenerateDeploymentManifest
1>        
1>    GenerateNuspecDependsOn        =     Build;_LoadPackInputItems; _GetTargetFrameworksOutput; _WalkEachTargetPerFramework; _GetPackageFiles; 
1>    GeneratePackageOnBuild         =     false
1>    GenerateResourceMSBuildArchitecture =     CurrentArchitecture
1>    GenerateResourceMSBuildRuntime =     CurrentRuntime
1>    GenerateResourceUsePreserializedResources =     true
1>    GenerateRuntimeConfigDevFile   =     true
1>    GenerateRuntimeConfigurationFiles =     true
1>    GenerateTargetFrameworkAttribute =     true
1>    GeneratorsTypeGuid             =     {FAE04EC1-301F-11d3-BF4B-00C04F79EFBC}
1>    GetCopyToOutputDirectoryItemsDependsOn =     
1>          AssignTargetPaths;
1>          
1>          AssignProjectConfiguration;
1>          _SplitProjectReferencesByFileExistence
1>        ;
1>          _GetProjectReferenceTargetFrameworkProperties;
1>          _PopulateCommonStateForGetCopyToOutputDirectoryItems
1>        
1>    GetFrameworkPathsDependsOn     =     
1>    GetReferenceNearestTargetFrameworkTaskSupportsTargetPlatformParameter =     true
1>    GetTargetPathDependsOn         =     
1>    GetTargetPathWithTargetPlatformMonikerDependsOn =     
1>    GIT_LFS_PATH                   =     C:\Program Files\Git LFS
1>    HasRuntimeOutput               =     true
1>    HideWarningsAndErrors          =     false
1>    HighEntropyVA                  =     true
1>    HOMEDRIVE                      =     C:
1>    HOMEPATH                       =     \Users\hansnguyen
1>    HostInBrowser                  =     false
1>    ILLinkTasksAssembly            =     C:\Program Files\dotnet\sdk\6.0.100-preview.7.21379.14\Sdks\Microsoft.NET.ILLink.Tasks\build\..\tools\net472\ILLink.Tasks.dll
1>    ImplicitConfigurationDefine    =     DEBUG
1>    ImplicitFrameworkDefine        =     NETCOREAPP3_0
1>    ImportByWildcardAfterMicrosoftCommonProps =     true
1>    ImportByWildcardAfterMicrosoftCommonTargets =     true
1>    ImportByWildcardAfterMicrosoftCSharpTargets =     true
1>    ImportByWildcardBeforeMicrosoftCommonProps =     true
1>    ImportByWildcardBeforeMicrosoftCommonTargets =     true
1>    ImportByWildcardBeforeMicrosoftCSharpTargets =     true
1>    ImportDirectoryBuildProps      =     true
1>    ImportDirectoryBuildTargets    =     true
1>    ImportDirectoryPackagesProps   =     true
1>    ImportFrameworkWinFXTargets    =     false
1>    ImportNuGetBuildTasksPackTargetsFromSdk =     true
1>    ImportProjectExtensionProps    =     true
1>    ImportProjectExtensionTargets  =     true
1>    ImportUserLocationsByWildcardAfterMicrosoftCommonProps =     true
1>    ImportUserLocationsByWildcardAfterMicrosoftCommonTargets =     true
1>    ImportUserLocationsByWildcardAfterMicrosoftCSharpTargets =     true
1>    ImportUserLocationsByWildcardBeforeMicrosoftCommonProps =     true
1>    ImportUserLocationsByWildcardBeforeMicrosoftCommonTargets =     true
1>    ImportUserLocationsByWildcardBeforeMicrosoftCSharpTargets =     true
1>    ImportWindowsDesktopTargets    =     true
1>    ImportXamlTargets              =     true
1>    IncludeBuildOutput             =     true
1>    IncludeContentInPack           =     true
1>    IncludeFileVersionsInDependencyFile =     true
1>    IncludeMainProjectInDepsFile   =     true
1>    IncludePackageReferencesDuringMarkupCompilation =     true
1>    IncludeSymbolsInSingleFile     =     false
1>    InnerBuildProperty             =     TargetFramework
1>    InnerBuildPropertyValues       =     TargetFrameworks
1>    IntermediateLinkDir            =     obj\Debug\netcoreapp3.0\linked\
1>    IntermediateOutputPath         =     obj\Debug\netcoreapp3.0\
1>    iOSTargetsPath                 =     C:\Program Files\Microsoft Visual Studio\2022\Preview\MSBuild\Microsoft\MDD\iOS\V150\
1>    IsApplication                  =     true
1>    IsCSharpOrVbProject            =     true
1>    IsLegacyCodeAnalysis           =     true
1>    IsPackable                     =     true
1>    IsPublishable                  =     true
1>    IsRestoreTargetsFileLoaded     =     true
1>    JAVA_HOME                      =     C:\Program Files\Microsoft\jdk-11.0.10.9-hotspot
1>    LangID                         =     1033
1>    LangName                       =     en-US
1>    Language                       =     C#
1>    LanguageServiceId              =     {694DD9B6-B865-4C5B-AD85-86356E9C88DC}
1>    LanguageServiceName            =     C#
1>    LanguageTargets                =     C:\Program Files\Microsoft Visual Studio\2022\Preview\MSBuild\Current\Bin\amd64\Microsoft.CSharp.targets
1>    LangVersion                    =     8.0
1>    LiveUnitTestingPortableRuntimePath =     C:\Program Files\Microsoft Visual Studio\2022\Preview\MSBuild\Microsoft\LiveUnitTesting\Portable\Microsoft.CodeAnalysis.LiveUnitTesting.Runtime.dll
1>    LiveUnitTestingRuntimePath     =     C:\Program Files\Microsoft Visual Studio\2022\Preview\MSBuild\Microsoft\LiveUnitTesting\Microsoft.CodeAnalysis.LiveUnitTesting.Runtime.dll
1>    LoadTimeSensitiveProperties    =     
1>          ;
1>        
1>    LoadTimeSensitiveTargets       =     
1>          ;
1>          XamlMarkupCompilePass1;
1>        
1>    LOCALAPPDATA                   =     C:\Users\hansnguyen\AppData\Local
1>    LocalizationDirectivesToLocFile =     None
1>    LOGONSERVER                    =     \\VNDC01
1>    ManagedXamlNeutralResourcesDirectory =     C:\Program Files\Microsoft Visual Studio\2022\Preview\MSBuild\Microsoft\VisualStudio\Managed\
1>    ManagedXamlResourcesDirectory  =     C:\Program Files\Microsoft Visual Studio\2022\Preview\MSBuild\Microsoft\VisualStudio\Managed\
1>    MarkPackageReferencesAsExternallyResolved =     true
1>    MarkupCompilePass2ForMainAssemblyDependsOn =     
1>                         GenerateTemporaryTargetAssembly;
1>                         MarkupCompilePass2;
1>                         AfterMarkupCompilePass2;
1>                         CleanupTemporaryTargetAssembly
1>           
1>    MaxSupportedLangVersion        =     8.0
1>    MaxTargetPath                  =     100
1>    MicrosoftCommonPropsHasBeenImported =     true
1>    MicrosoftNETBuildExtensionsTargets =     C:\Program Files\Microsoft Visual Studio\2022\Preview\MSBuild\Microsoft\Microsoft.NET.Build.Extensions\Microsoft.NET.Build.Extensions.targets
1>    MicrosoftNETBuildExtensionsTasksAssembly =     C:\Program Files\Microsoft Visual Studio\2022\Preview\MSBuild\Microsoft\Microsoft.NET.Build.Extensions\\tools\net472\Microsoft.NET.Build.Extensions.Tasks.dll
1>    MicrosoftNETBuildTasksAssembly =     C:\Program Files\dotnet\sdk\6.0.100-preview.7.21379.14\Sdks\Microsoft.NET.Sdk\targets\..\tools\net472\Microsoft.NET.Build.Tasks.dll
1>    MicrosoftNETBuildTasksDirectory =     C:\Program Files\dotnet\sdk\6.0.100-preview.7.21379.14\Sdks\Microsoft.NET.Sdk\targets\..\tools\net472\
1>    MicrosoftNETBuildTasksDirectoryRoot =     C:\Program Files\dotnet\sdk\6.0.100-preview.7.21379.14\Sdks\Microsoft.NET.Sdk\targets\..\tools\
1>    MicrosoftNETBuildTasksTFM      =     net472
1>    MicrosoftNETCrossgenBuildTasksAssembly =     C:\Program Files\dotnet\sdk\6.0.100-preview.7.21379.14\Sdks\Microsoft.NET.Sdk\targets\..\tasks\net472\Microsoft.NET.Sdk.Crossgen.dll
1>    MicrosoftNETFrameworkReferenceAssembliesLatestPackageVersion =     1.0.2
1>    MicrosoftNETWindowsWorkloadInstalled =     true
1>    MsAppxPackageTargets           =     C:\Program Files\Microsoft Visual Studio\2022\Preview\MSBuild\Microsoft\VisualStudio\v17.0\AppxPackage\Microsoft.AppXPackage.Targets
1>    MSBuildAllProjects             =     C:\Users\hansnguyen\source\repos\GridWithMenuApp1_VS2022\GridWithMenuApp1_VS2022_nesf0oga_wpftmp.csproj;;C:\Users\hansnguyen\source\repos\GridWithMenuApp1_VS2022\obj\GridWithMenuApp1_VS2022_nesf0oga_wpftmp.csproj.nuget.g.props;C:\Program Files\Microsoft Visual Studio\2022\Preview\MSBuild\Current\Bin\amd64\Microsoft.Xaml.targets;C:\Program Files\Microsoft Visual Studio\2022\Preview\Common7\IDE\CommonExtensions\Microsoft\NuGet\NuGet.targets;C:\Users\hansnguyen\source\repos\GridWithMenuApp1_VS2022\obj\GridWithMenuApp1_VS2022_nesf0oga_wpftmp.csproj.nuget.g.targets;C:\Program Files\dotnet\sdk\6.0.100-preview.7.21379.14\Sdks\NuGet.Build.Tasks.Pack\build\NuGet.Build.Tasks.Pack.targets
1>    MSBuildAssemblyVersion         =     17.0
1>    MSBuildBinPath                 =     C:\Program Files\Microsoft Visual Studio\2022\Preview\MSBuild\Current\Bin\amd64
1>    MSBuildCopyContentTransitively =     true
1>    MSBuildDisableFeaturesFromVersion =     999.999
1>    MSBuildEnableWorkloadResolver  =     true
1>    MSBuildExtensionsPath          =     C:\Program Files\Microsoft Visual Studio\2022\Preview\MSBuild
1>    MSBuildExtensionsPath32        =     C:\Program Files\Microsoft Visual Studio\2022\Preview\MSBuild
1>    MSBuildExtensionsPath64        =     C:\Program Files\MSBuild
1>    MSBuildFileVersion             =     17.0.0.38001
1>    MSBuildFrameworkToolsPath      =     C:\Windows\Microsoft.NET\Framework\v4.0.30319\
1>    MSBuildFrameworkToolsPath32    =     C:\Windows\Microsoft.NET\Framework\v4.0.30319\
1>    MSBuildFrameworkToolsPath64    =     C:\Windows\Microsoft.NET\Framework64\v4.0.30319\
1>    MSBuildFrameworkToolsRoot      =     C:\Windows\Microsoft.NET\Framework\
1>    MSBuildLastTaskResult          =     true
1>    MSBuildLoadMicrosoftTargetsReadOnly =     true
1>    MSBuildNodeCount               =     12
1>    MSBuildProgramFiles32          =     C:\Program Files (x86)
1>    MSBuildProjectDefaultTargets   =     Build
1>    MSBuildProjectDirectory        =     C:\Users\hansnguyen\source\repos\GridWithMenuApp1_VS2022
1>    MSBuildProjectDirectoryNoRoot  =     Users\hansnguyen\source\repos\GridWithMenuApp1_VS2022
1>    MSBuildProjectExtension        =     .csproj
1>    MSBuildProjectExtensionsPath   =     C:\Users\hansnguyen\source\repos\GridWithMenuApp1_VS2022\obj\
1>    MSBuildProjectFile             =     GridWithMenuApp1_VS2022_nesf0oga_wpftmp.csproj
1>    MSBuildProjectFullPath         =     C:\Users\hansnguyen\source\repos\GridWithMenuApp1_VS2022\GridWithMenuApp1_VS2022_nesf0oga_wpftmp.csproj
1>    MSBuildProjectName             =     GridWithMenuApp1_VS2022_nesf0oga_wpftmp
1>    MSBuildRuntimeType             =     Full
1>    MSBuildRuntimeVersion          =     4.0.30319
1>    MSBuildSDKsPath                =     C:\Program Files\Microsoft Visual Studio\2022\Preview\MSBuild\Sdks
1>    MSBuildSemanticVersion         =     17.0.0-preview-21380-01+b6e7d6051
1>    MSBuildStartupDirectory        =     C:\Windows\system32
1>    MSBuildToolsPath               =     C:\Program Files\Microsoft Visual Studio\2022\Preview\MSBuild\Current\Bin\amd64
1>    MSBuildToolsPath32             =     C:\Program Files\Microsoft Visual Studio\2022\Preview\MSBuild\Current\Bin
1>    MSBuildToolsPath64             =     C:\Program Files\Microsoft Visual Studio\2022\Preview\MSBuild\Current\Bin\amd64
1>    MSBuildToolsRoot               =     C:\Program Files\Microsoft Visual Studio\2022\Preview\MSBuild
1>    MSBuildToolsVersion            =     Current
1>    MSBuildUserExtensionsPath      =     C:\Users\hansnguyen\AppData\Local\Microsoft\MSBuild
1>    MSBuildUseVisualStudioDirectoryLayout =     True
1>    MSBuildVersion                 =     17.0.0
1>    MSBuildWarningsAsErrors        =     ;NU1605
1>    MSBuildWarningsAsMessages      =     1701;1702
1>    MsTestToolsTargets             =     C:\Program Files\Microsoft Visual Studio\2022\Preview\MSBuild\Microsoft\VisualStudio\v17.0\TeamTest\Microsoft.TeamTest.targets
1>    NETCoreAppMaximumVersion       =     6.0
1>    NetCoreRoot                    =     C:\Program Files\dotnet\
1>    NETCoreSdkBundledCliToolsProps =     C:\Program Files\dotnet\sdk\6.0.100-preview.7.21379.14\Sdks\Microsoft.NET.Sdk\targets\..\..\..\Microsoft.NETCoreSdk.BundledCliTools.props
1>    NETCoreSdkBundledVersionsProps =     C:\Program Files\dotnet\sdk\6.0.100-preview.7.21379.14\Sdks\Microsoft.NET.Sdk\targets\..\..\..\Microsoft.NETCoreSdk.BundledVersions.props
1>    NETCoreSdkPortableRuntimeIdentifier =     win-x64
1>    NETCoreSdkRuntimeIdentifier    =     win-x64
1>    NETCoreSdkVersion              =     6.0.100-preview.7.21379.14
1>    NetCoreTargetingPackRoot       =     C:\Program Files\dotnet\packs
1>    NetfxCoreRuntimeSettingsTargets =     C:\Program Files (x86)\MSBuild\15.0\.Net\CoreRuntime\Microsoft.Net.CoreRuntime.Settings.targets
1>    NetfxCoreRuntimeTargets        =     C:\Program Files (x86)\MSBuild\15.0\.Net\CoreRuntime\Microsoft.Net.CoreRuntime.targets
1>    NoCompilerStandardLib          =     true
1>    NoStdLib                       =     true
1>    NoWarn                         =     1701;1702
1>    NuGetBuildTasksPackTargets     =     C:\Program Files\dotnet\sdk\6.0.100-preview.7.21379.14\Sdks\Microsoft.NET.Sdk\Sdk\..\..\NuGet.Build.Tasks.Pack\build\NuGet.Build.Tasks.Pack.targets
1>    NugetExe                       =     C:\bin\nuget.exe
1>    NuGetInteractive               =     
1>    NuGetPackageFolders            =     C:\Users\hansnguyen\.nuget\packages\;C:\Program Files (x86)\Microsoft Visual Studio\Shared\NuGetPackages;C:\Program Files (x86)\Microsoft\Xamarin\NuGet\;C:\Program Files\dotnet\sdk\NuGetFallbackFolder
1>    NuGetPackageRoot               =     C:\Users\hansnguyen\.nuget\packages\
1>    NuGetPackTaskAssemblyFile      =     ..\Desktop\NuGet.Build.Tasks.Pack.dll
1>    NuGetProjectStyle              =     PackageReference
1>    NuGetProps                     =     C:\Program Files\Microsoft Visual Studio\2022\Preview\MSBuild\Microsoft\NuGet\17.0\Microsoft.NuGet.props
1>    NuGetPropsFile                 =     C:\Program Files\Microsoft Visual Studio\2022\Preview\MSBuild\Current\Bin\..\..\..\Common7\IDE\CommonExtensions\Microsoft\NuGet\NuGet.props
1>    NuGetRestoreTargets            =     C:\Program Files\Microsoft Visual Studio\2022\Preview\MSBuild\Current\Bin\..\..\..\Common7\IDE\CommonExtensions\Microsoft\NuGet\NuGet.targets
1>    NugetSignParams                =      sign -CertificateFingerprint 2F40FF5FB6C4D38019C6323988F3FD9C5F148DA8 -Timestamper http://timestamp.digicert.com 
1>    NuGetTargetMoniker             =     .NETCoreApp,Version=v3.0
1>    NuGetTargets                   =     C:\Program Files\Microsoft Visual Studio\2022\Preview\MSBuild\Microsoft\NuGet\17.0\Microsoft.NuGet.targets
1>    NuGetToolVersion               =     6.0.0
1>    NUMBER_OF_PROCESSORS           =     12
1>    NuspecOutputPath               =     obj\Debug\
1>    OneDrive                       =     C:\Users\hansnguyen\OneDrive - GrapeCity Group
1>    OneDriveCommercial             =     C:\Users\hansnguyen\OneDrive - GrapeCity Group
1>    Optimize                       =     false
1>    OS                             =     Windows_NT
1>    OSVersion                      =     5.1.2600.0
1>    OutDir                         =     bin\Debug\netcoreapp3.0\
1>    OutputPath                     =     bin\Debug\netcoreapp3.0\
1>    OutputType                     =     WinExe
1>    OverwriteReadOnlyFiles         =     false
1>    PackageAction                  =     Pack
1>    PackageDescription             =     Package Description
1>    PackageDownloadSupported       =     true
1>    PackagedShimOutputRootDirectory =     bin\Debug\netcoreapp3.0\
1>    PackageId                      =     GridWithMenuApp1_VS2022_nesf0oga_wpftmp
1>    PackageOutputPath              =     bin\Debug\
1>    PackageRequireLicenseAcceptance =     false
1>    PackageVersion                 =     1.0.0
1>    PackDependsOn                  =     ; _IntermediatePack; GenerateNuspec; 
1>    Path                           =     C:\Program Files\Microsoft\jdk-11.0.10.9-hotspot\bin;C:\Windows\system32;C:\Windows;C:\Windows\System32\Wbem;C:\Windows\System32\WindowsPowerShell\v1.0\;C:\Windows\System32\OpenSSH\;C:\Program Files\dotnet\;C:\Program Files\Microsoft SQL Server\130\Tools\Binn\;C:\Program Files\Microsoft SQL Server\Client SDK\ODBC\170\Tools\Binn\;C:\Program Files\Git LFS;C:\Program Files (x86)\dotnet\;C:\Program Files (x86)\Microsoft SQL Server\150\Tools\Binn\;C:\Program Files\Microsoft SQL Server\150\Tools\Binn\;C:\Program Files\Microsoft SQL Server\150\DTS\Binn\;C:\Program Files\Git\cmd;C:\Program Files (x86)\Microsoft SQL Server\150\DTS\Binn\;C:\Program Files\Azure Data Studio\bin;C:\Program Files\Microsoft SQL Server\140\Tools\Binn\;C:\Users\hansnguyen\AppData\Local\Microsoft\WindowsApps;C:\Users\hansnguyen\.dotnet\tools;C:\Program Files\Azure Data Studio\bin;C:\Program Files\Microsoft Visual Studio\2022\Preview\MSBuild\Current\Bin;
1>    PATHEXT                        =     .COM;.EXE;.BAT;.CMD;.VBS;.VBE;.JS;.JSE;.WSF;.WSH;.MSC
1>    PKGAPI                         =     068D1D7C-572C-4BD0-A4B2-A3B2E6EF967C
1>    PkgC1_Xaml_WPF                 =     C:\Users\hansnguyen\.nuget\packages\c1.xaml.wpf\4.5.20213.749
1>    PkgC1_Xaml_WPF_DateTimeEditors =     C:\Users\hansnguyen\.nuget\packages\c1.xaml.wpf.datetimeeditors\4.5.20213.749
1>    PkgC1_Xaml_WPF_FlexGrid        =     C:\Users\hansnguyen\.nuget\packages\c1.xaml.wpf.flexgrid\4.5.20213.749
1>    PkgC1_Xaml_WPF_FlexGrid_GroupPanel =     C:\Users\hansnguyen\.nuget\packages\c1.xaml.wpf.flexgrid.grouppanel\4.5.20213.749
1>    PkgC1_Xaml_WPF_Toolbar         =     C:\Users\hansnguyen\.nuget\packages\c1.xaml.wpf.toolbar\4.5.20213.749
1>    PkgDefApplicationConfigFile    =     C:\Users\hansnguyen\AppData\Local\Microsoft\VisualStudio\17.0_a10c1319\devenv.exe.config
1>    PKGFEED                        =     https://pkg.grapecitydev.com/nuget/nuget-dev/
1>    Platform                       =     AnyCPU
1>    PlatformName                   =     AnyCPU
1>    Platforms                      =     AnyCPU
1>    PlatformTargetAsMSBuildArchitecture =     CurrentArchitecture
1>    PlatformTargetAsMSBuildArchitectureExplicitlySet =     false
1>    PostBuildEventDependsOn        =     
1>    PreBuildEventDependsOn         =     
1>    Prefer32Bit                    =     false
1>    PreferredUILang                =     en-US
1>    PrepareForBuildDependsOn       =     ;GetFrameworkPaths;GetReferenceAssemblyPaths;AssignLinkMetadata
1>    PrepareForRunDependsOn         =     
1>          CopyFilesToOutputDirectory
1>        ;RunCodeAnalysis
1>    PrepareProjectReferencesDependsOn =     
1>          AssignProjectConfiguration;
1>          _SplitProjectReferencesByFileExistence;
1>          _GetProjectReferenceTargetFrameworkProperties;
1>          _GetProjectReferencePlatformProperties
1>        
1>    PrepareResourceNamesDependsOn  =     
1>                        AssignWinFXEmbeddedResource;
1>                        
1>          AssignTargetPaths;
1>          SplitResourcesByCulture;
1>          CreateManifestResourceNames;
1>          CreateCustomManifestResourceNames
1>        
1>          
1>    PrepareResourcesDependsOn      =     
1>                    MarkupCompilePass1;
1>                    AfterMarkupCompilePass1;
1>                    MarkupCompilePass2ForMainAssembly;
1>                    FileClassification;
1>                    MainResourcesGeneration;
1>                    
1>          ResolvePackageDependenciesForBuild;
1>          _HandlePackageFileConflicts;
1>          
1>          ValidationExtension;
1>          ExpressionBuildExtension;
1>          
1>          XamlMarkupCompilePass1;
1>          XamlMarkupCompilePass2;
1>          
1>          ;
1>          PrepareResourceNames;
1>          ResGen;
1>          CompileLicxFiles
1>         
1>        
1>        
1>        
1>          
1>    PreserveCompilationReferences  =     
1>    PROCESSOR_ARCHITECTURE         =     AMD64
1>    PROCESSOR_IDENTIFIER           =     Intel64 Family 6 Model 165 Stepping 2, GenuineIntel
1>    PROCESSOR_LEVEL                =     6
1>    PROCESSOR_REVISION             =     a502
1>    ProcessorArchitecture          =     msil
1>    ProcessorArchitectureAsPlatform =     AnyCPU
1>    ProduceReferenceAssembly       =     false
1>    Product                        =     
1>    ProgramData                    =     C:\ProgramData
1>    ProgramFiles                   =     C:\Program Files
1>    ProgramW6432                   =     C:\Program Files
1>    ProjectAssetsCacheFile         =     C:\Users\hansnguyen\source\repos\GridWithMenuApp1_VS2022\obj\Debug\netcoreapp3.0\GridWithMenuApp1_VS2022_nesf0oga_wpftmp.assets.cache
1>    ProjectAssetsFile              =     C:\Users\hansnguyen\source\repos\GridWithMenuApp1_VS2022\obj\project.assets.json
1>    ProjectDepsFileName            =     GridWithMenuApp1_VS2022_nesf0oga_wpftmp.deps.json
1>    ProjectDepsFilePath            =     C:\Users\hansnguyen\source\repos\GridWithMenuApp1_VS2022\bin\Debug\netcoreapp3.0\GridWithMenuApp1_VS2022_nesf0oga_wpftmp.deps.json
1>    ProjectDesignTimeAssemblyResolutionSearchPaths =     
1>          {CandidateAssemblyFiles};
1>          ;
1>          {HintPathFromItem};
1>          {TargetFrameworkDirectory};
1>          {Registry:Software\Microsoft\.NETCoreApp,v3.0,AssemblyFoldersEx};
1>          {RawFileName};
1>          C:\Users\hansnguyen\source\repos\GridWithMenuApp1_VS2022\bin\Debug\netcoreapp3.0\
1>        
1>    ProjectDir                     =     C:\Users\hansnguyen\source\repos\GridWithMenuApp1_VS2022\
1>    ProjectExt                     =     .csproj
1>    ProjectFileName                =     GridWithMenuApp1_VS2022_nesf0oga_wpftmp.csproj
1>    ProjectFlavor                  =     Client
1>    ProjectName                    =     GridWithMenuApp1_VS2022_nesf0oga_wpftmp
1>    ProjectNSettingsTargets        =     C:\Program Files (x86)\MSBuild\15.0\.Net\.NetNative\15.0.24211\Microsoft.NetNative.Settings.targets
1>    ProjectNTargets                =     C:\Program Files (x86)\MSBuild\15.0\.Net\.NetNative\15.0.24211\Microsoft.NetNative.targets
1>    ProjectPath                    =     C:\Users\hansnguyen\source\repos\GridWithMenuApp1_VS2022\GridWithMenuApp1_VS2022_nesf0oga_wpftmp.csproj
1>    ProjectRuntimeConfigDevFilePath =     C:\Users\hansnguyen\source\repos\GridWithMenuApp1_VS2022\bin\Debug\netcoreapp3.0\GridWithMenuApp1_VS2022_nesf0oga_wpftmp.runtimeconfig.dev.json
1>    ProjectRuntimeConfigFileName   =     GridWithMenuApp1_VS2022_nesf0oga_wpftmp.runtimeconfig.json
1>    ProjectRuntimeConfigFilePath   =     C:\Users\hansnguyen\source\repos\GridWithMenuApp1_VS2022\bin\Debug\netcoreapp3.0\GridWithMenuApp1_VS2022_nesf0oga_wpftmp.runtimeconfig.json
1>    PSModulePath                   =     C:\Program Files\WindowsPowerShell\Modules;C:\Windows\system32\WindowsPowerShell\v1.0\Modules;C:\Program Files (x86)\Microsoft SQL Server\150\Tools\PowerShell\Modules\
1>    PUBLIC                         =     C:\Users\Public
1>    PublishableProject             =     true
1>    PublishBuildDependsOn          =     
1>                BuildOnlySettings;
1>                PrepareForBuild;
1>                ResolveReferences;
1>                PrepareResources;
1>                ResolveKeySource;
1>                PrepareResourcesForSatelliteAssemblies;
1>                GenerateSerializationAssemblies;
1>                CreateSatelliteAssemblies;
1>            
1>    PublishDependsOn               =     
1>          SetGenerateManifests;
1>          Build;
1>          PublishOnly
1>        
1>    PublishDir                     =     bin\Debug\netcoreapp3.0\publish\
1>    PublishDirName                 =     publish
1>    PublishDocumentationFile       =     true
1>    PublishDocumentationFiles      =     true
1>    PublishItemsOutputGroupDependsOn =     
1>          ;
1>          ResolveReferences;
1>          ComputeResolvedFilesToPublishList;
1>          _ComputeFilesToBundle;
1>        
1>    PublishOnlyDependsOn           =     
1>          SetGenerateManifests;
1>          PublishBuild;
1>          BeforePublish;
1>          GenerateManifests;
1>          CopyFilesToOutputDirectory;
1>          _CopyFilesToPublishFolder;
1>          _DeploymentGenerateBootstrapper;
1>          ResolveKeySource;
1>          _DeploymentSignClickOnceDeployment;
1>          AfterPublish
1>        
1>    PublishProfileImported         =     false
1>    PublishReadyToRunComposite     =     false
1>    PublishReadyToRunUseRuntimePackOptimizationData =     true
1>    PublishReferencesDocumentationFiles =     true
1>    RebuildDependsOn               =     
1>          _SdkBeforeRebuild;
1>          
1>          BeforeRebuild;
1>          Clean;
1>          Build;
1>          AfterRebuild;
1>        
1>        
1>    RefAssembliesFolderName        =     refs
1>    ReferenceCopyLocalPathsOutputGroupDependsOn =     
1>          ;
1>          
1>          ;
1>          BuildOnlySettings;
1>          PrepareForBuild;
1>          AssignTargetPaths;
1>          ResolveReferences
1>        
1>        
1>    ReportingServicesTargets       =     C:\Program Files\Microsoft Visual Studio\2022\Preview\MSBuild\Microsoft\VisualStudio\v17.0\ReportingServices\Microsoft.ReportingServices.targets
1>    ResGenDependsOn                =     ResolveAssemblyReferences;SplitResourcesByCulture;BeforeResGen;CoreResGen;AfterResGen
1>    ResGenExecuteAsTool            =     false
1>    ResolveAssemblyReferenceOutputUnresolvedAssemblyConflicts =     true
1>    ResolveAssemblyReferencesDependsOn =     
1>          
1>          
1>          
1>          ResolveProjectReferences;
1>          FindInvalidProjectReferences;
1>          GetFrameworkPaths;
1>          GetReferenceAssemblyPaths;
1>          PrepareForBuild;
1>          ResolveSDKReferences;
1>          ExpandSDKReferences;
1>        ;
1>          FakesGenerateBeforeBuild;
1>        ;
1>          ResolvePackageDependenciesForBuild;
1>          _HandlePackageFileConflicts;
1>        ;
1>          ResolveTargetingPackAssets;
1>        
1>    ResolveNuGetPackages           =     false
1>    ResolvePackageDependenciesForBuildDependsOn =     
1>          ResolveLockFileReferences;
1>          ResolveLockFileAnalyzers;
1>          ResolveLockFileCopyLocalFiles;
1>          ResolveRuntimePackAssets;
1>          RunProduceContentAssets;
1>          IncludeTransitiveProjectReferences
1>        
1>    ResolveReferencesDependsOn     =     
1>          
1>          BeforeResolveReferences;
1>          AssignProjectConfiguration;
1>          ResolveProjectReferences;
1>          FindInvalidProjectReferences;
1>          ResolveNativeReferences;
1>          ResolveAssemblyReferences;
1>          GenerateBindingRedirects;
1>          ResolveComReferences;
1>          AfterResolveReferences
1>        ;
1>          ResolveTestReferences
1>        
1>    ResolveSDKReferencesDependsOn  =     
1>          GetInstalledSDKLocations
1>        
1>    RestoreAdditionalProjectFallbackFolders =     ;C:\Program Files\dotnet\sdk\6.0.100-preview.7.21379.14\Sdks\Microsoft.NET.Sdk\targets\..\..\..\..\NuGetFallbackFolder
1>    RestoreBuildInParallel         =     true
1>    RestoreContinueOnError         =     WarnAndContinue
1>    RestoreOutputPath              =     C:\Users\hansnguyen\source\repos\GridWithMenuApp1_VS2022\obj\
1>    RestoreProjectStyle            =     PackageReference
1>    RestoreRecursive               =     true
1>    RestoreSuccess                 =     True
1>    RestoreTaskAssemblyFile        =     NuGet.Build.Tasks.dll
1>    RestoreTool                    =     NuGet
1>    RestoreUseSkipNonexistentTargets =     true
1>    RootNamespace                  =     GridWithMenuApp1_VS2022_nesf0oga_wpftmp
1>    RoslynTargetsPath              =     C:\Program Files\Microsoft Visual Studio\2022\Preview\MSBuild\Current\Bin\Roslyn
1>    RunAfterInstall                =     true
1>    RunAnalyzersDuringBuild        =     true
1>    RunAnalyzersDuringLiveAnalysis =     true
1>    RunArguments                   =     
1>    RunCodeAnalysisDependsOn       =     ;Compile
1>    RunCodeAnalysisInputs          =     bin\Debug\netcoreapp3.0\GridWithMenuApp1_VS2022_nesf0oga_wpftmp.dll
1>    RunCommand                     =     C:\Users\hansnguyen\source\repos\GridWithMenuApp1_VS2022\bin\Debug\netcoreapp3.0\GridWithMenuApp1_VS2022_nesf0oga_wpftmp.exe
1>    RunCppAnalysis                 =     false
1>    RunDependsOn                   =     
1>    RunMsvcAnalysis                =     false
1>    RuntimeIdentifierGraphPath     =     C:\Program Files\dotnet\sdk\6.0.100-preview.7.21379.14\RuntimeIdentifierGraph.json
1>    RuntimePackInWorkloadVersion   =     6.0.0-preview.7.21377.19
1>    RunWorkingDirectory            =     
1>    SatelliteDllsProjectOutputGroupDependenciesDependsOn =     
1>          ;
1>          
1>          ;
1>          BuildOnlySettings;
1>          PrepareForBuild;
1>          AssignTargetPaths;
1>          ResolveReferences
1>        
1>        
1>    SatelliteDllsProjectOutputGroupDependsOn =     PrepareForBuild;PrepareResourceNames
1>    SDK35ToolsPath                 =     
1>    SDK40ToolsPath                 =     C:\Program Files (x86)\Microsoft SDKs\Windows\v10.0A\bin\NETFX 4.8 Tools\
1>    SDKRedistOutputGroupDependsOn  =     ResolveSDKReferences;ExpandSDKReferences
1>    SDKReferenceDirectoryRoot      =     C:\Users\hansnguyen\AppData\Local\Microsoft SDKs;C:\Program Files (x86)\Microsoft SDKs
1>    SDKReferenceRegistryRoot       =     Software\Microsoft\Microsoft SDKs
1>    SelfContained                  =     false
1>    ServiceHubLogSessionKey        =     E9293FB2
1>    SESSIONNAME                    =     Console
1>    SGenFilesOutputGroupDependenciesDependsOn =     
1>          ;
1>          
1>          ;
1>          BuildOnlySettings;
1>          PrepareForBuild;
1>          AssignTargetPaths;
1>          ResolveReferences
1>        
1>        
1>    SGenFilesOutputGroupDependsOn  =     
1>    SGenShouldGenerateSerializer   =     true
1>    SGenUseKeep                    =     false
1>    SGenUseProxyTypes              =     true
1>    ShouldMarkCertainSDKReferencesAsRuntimeOnly =     true
1>    SignAssembly                   =     false
1>    SkipCopyUnchangedFiles         =     true
1>    SkipImportNuGetBuildTargets    =     true
1>    SkipImportNuGetProps           =     true
1>    SolutionDir                    =     C:\Users\hansnguyen\source\repos\GridWithMenuApp1_VS2022\
1>    SolutionExt                    =     .sln
1>    SolutionFileName               =     GridWithMenuApp1_VS2022.sln
1>    SolutionName                   =     GridWithMenuApp1_VS2022
1>    SolutionPath                   =     C:\Users\hansnguyen\source\repos\GridWithMenuApp1_VS2022\GridWithMenuApp1_VS2022.sln
1>    SourceControlInformationFeatureSupported =     true
1>    SourceFilesProjectOutputGroupDependsOn =     PrepareForBuild;AssignTargetPaths
1>    SourceRootMappedPathsFeatureSupported =     true
1>    SupportedOSPlatformVersion     =     7.0
1>    SupportedOutputTypes           =     Exe;WinExe;Library
1>    SuppressDependenciesWhenPacking =     false
1>    SuppressLegacyCodeAnalysisDeprecatedWarning =     false
1>    SuppressOutOfDateMessageOnBuild =     true
1>    SymbolPackageFormat            =     symbols.nupkg
1>    SystemDrive                    =     C:
1>    SystemRoot                     =     C:\Windows
1>    TargetCulture                  =     *
1>    TargetDeployManifestFileName   =     GridWithMenuApp1_VS2022_nesf0oga_wpftmp.application
1>    TargetDir                      =     C:\Users\hansnguyen\source\repos\GridWithMenuApp1_VS2022\bin\Debug\netcoreapp3.0\
1>    TargetedFrameworkDir           =     @(_TargetedFrameworkDirectoryItem)
1>    TargetedSDKArchitecture        =     msil
1>    TargetedSDKConfiguration       =     Debug
1>    TargetExt                      =     .dll
1>    TargetFileName                 =     GridWithMenuApp1_VS2022_nesf0oga_wpftmp.dll
1>    TargetFramework                =     netcoreapp3.0
1>    TargetFrameworkAsMSBuildRuntime =     CLR2
1>    TargetFrameworkDirectory       =     
1>    TargetFrameworkIdentifier      =     .NETCoreApp
1>    TargetFrameworkMoniker         =     .NETCoreApp,Version=v3.0
1>    TargetFrameworkMonikerAssemblyAttributesPath =     obj\Debug\netcoreapp3.0\.NETCoreApp,Version=v3.0.AssemblyAttributes.cs
1>    TargetFrameworkSDKToolsDirectory =     C:\Program Files (x86)\Microsoft SDKs\Windows\v10.0A\bin\NETFX 4.8 Tools\
1>    TargetFrameworkVersion         =     v3.0
1>    TargetLatestRuntimePatch       =     false
1>    TargetName                     =     GridWithMenuApp1_VS2022_nesf0oga_wpftmp
1>    TargetPath                     =     C:\Users\hansnguyen\source\repos\GridWithMenuApp1_VS2022\bin\Debug\netcoreapp3.0\GridWithMenuApp1_VS2022_nesf0oga_wpftmp.dll
1>    TargetPlatformDisplayName      =     Windows 7.0
1>    TargetPlatformIdentifier       =     Windows
1>    TargetPlatformMinVersion       =     7.0
1>    TargetPlatformMoniker          =     Windows,Version=7.0
1>    TargetPlatformRegistryBase     =     Software\Microsoft\Microsoft SDKs\Windows
1>    TargetPlatformSdkPath          =     
1>    TargetPlatformVersion          =     7.0
1>    TargetRuntime                  =     Managed
1>    TargetsForTfmSpecificContentInPackage =     ;PackTool;_PackProjectToolValidation
1>    TaskKeyToken                   =     31bf3856ad364e35
1>    TaskVersion                    =     4.0.0.0
1>    TEMP                           =     C:\Users\HANSNG~1\AppData\Local\Temp
1>    TemplateLanguage               =     CSharp
1>    ThreadedWaitDialogDpiContext   =     -4
1>    TMP                            =     C:\Users\HANSNG~1\AppData\Local\Temp
1>    ToolCommandName                =     GridWithMenuApp1_VS2022_nesf0oga_wpftmp
1>    ToolDepsJsonGeneratorProject   =     C:\Program Files\dotnet\sdk\6.0.100-preview.7.21379.14\Sdks\Microsoft.NET.Sdk\targets\GenerateDeps\GenerateDeps.proj
1>    ToolEntryPoint                 =     GridWithMenuApp1_VS2022_nesf0oga_wpftmp.dll
1>    TreatWarningsAsErrors          =     false
1>    UnmanagedRegistrationDependsOn =     
1>    UnmanagedUnregistrationDependsOn =     
1>    UseAppHost                     =     true
1>    UseCommonOutputDirectory       =     false
1>    UseDefaultPlatformLookupTables =     true
1>    UseDotNetNativeToolchain       =     
1>    UseHostCompilerIfAvailable     =     false
1>    USERDNSDOMAIN                  =     GRAPECITY.NET
1>    USERDOMAIN                     =     GRAPECITY
1>    USERDOMAIN_ROAMINGPROFILE      =     GRAPECITY
1>    USERNAME                       =     HansNguyen
1>    USERPROFILE                    =     C:\Users\hansnguyen
1>    UserProfileRuntimeStorePath    =     C:\Users\hansnguyen\.dotnet\store
1>    UserRuntimeConfig              =     C:\Users\hansnguyen\source\repos\GridWithMenuApp1_VS2022/runtimeconfig.template.json
1>    UseSourcePath                  =     true
1>    UseWPF                         =     true
1>    UsingILLinkTasksSdk            =     true
1>    UsingMicrosoftNETSdk           =     true
1>    UsingNETSdkDefaults            =     true
1>    Utf8Output                     =     true
1>    ValidateRuntimeIdentifierCompatibility =     false
1>    VBOX_MSI_INSTALL_PATH          =     C:\Program Files\Oracle\VirtualBox\
1>    VCTargetsPath                  =     C:\Program Files\Microsoft Visual Studio\2022\Preview\MSBuild\Microsoft\VC\v170\
1>    VCTargetsPath10                =     C:\Program Files (x86)\MSBuild\Microsoft.Cpp\v4.0\
1>    VCTargetsPath11                =     C:\Program Files (x86)\MSBuild\Microsoft.Cpp\v4.0\V110\
1>    VCTargetsPath12                =     C:\Program Files (x86)\MSBuild\Microsoft.Cpp\v4.0\V120\
1>    VCTargetsPath14                =     C:\Program Files (x86)\MSBuild\Microsoft.Cpp\v4.0\V140\
1>    VerifyMatchingImplicitPackageVersion =     true
1>    Version                        =     1.0.0
1>    VersionlessImplicitFrameworkDefine =     NETCOREAPP
1>    VersionPrefix                  =     1.0.0
1>    VisualStudioDir                =     C:\Users\hansnguyen\Documents\Visual Studio 2022
1>    VisualStudioEdition            =     Microsoft Visual Studio Enterprise 2022
1>    VisualStudioVersion            =     17.0
1>    VSAPPIDDIR                     =     C:\Program Files\Microsoft Visual Studio\2022\Preview\Common7\IDE\
1>    VSAPPIDNAME                    =     devenv.exe
1>    VSIDEResolvedNonMSBuildProjectOutputs =     <VSIDEResolvedNonMSBuildProjectOutputs />
1>    VsInstallRoot                  =     C:\Program Files\Microsoft Visual Studio\2022\Preview
1>    VSLANG                         =     1033
1>    VSSKUEDITION                   =     Enterprise
1>    WarningLevel                   =     4
1>    WarningsAsErrors               =     ;NU1605
1>    WarnOnPackingNonPackableProject =     false
1>    WebReference_EnableLegacyEventingModel =     false
1>    WebReference_EnableProperties  =     true
1>    WebReference_EnableSQLTypes    =     true
1>    windir                         =     C:\Windows
1>    WindowsSDK80Path               =     
1>    WMSJSProject                   =     WJProject
1>    WMSJSProjectDirectory          =     JavaScript
1>    WorkflowBuildExtensionAssemblyName =     Microsoft.Activities.Build, Version=4.0.0.0, Culture=neutral, PublicKeyToken=31bf3856ad364e35
1>    WorkflowBuildExtensionKeyToken =     31bf3856ad364e35
1>    WorkflowBuildExtensionVersion  =     4.0.0.0
1>    XamlBuildTaskAssemblyName      =     XamlBuildTask, Version=4.0.0.0, Culture=neutral, PublicKeyToken=31bf3856ad364e35
1>    XamlBuildTaskLocation          =     C:\Program Files\Microsoft Visual Studio\2022\Preview\MSBuild\Current\Bin\amd64
1>    XamlBuildTaskPath              =     C:\Program Files\Microsoft Visual Studio\2022\Preview\MSBuild\Current\Bin\amd64
1>    XamlDebuggingInformation       =     true
1>    XamlGenCodeFileNames           =     GridWithMenuApp1_VS2022_nesf0oga_wpftmp.csproj.XamlGeneratedCodeFileListAbsolute.txt
1>    XamlGenMarkupFileNames         =     GridWithMenuApp1_VS2022_nesf0oga_wpftmp.csproj.XamlGeneratedXamlFileListAbsolute.txt
1>    XamlPass2FlagFile              =     GridWithMenuApp1_VS2022_nesf0oga_wpftmp.csproj.XamlPass2Flag.txt
1>    XamlRequiresCompilationPass2   =     false
1>    XamlTemporaryAssemblyName      =     GridWithMenuApp1_VS2022_nesf0oga_wpftmp
1>    YieldDuringToolExecution       =     true
1>    Target "BuildOnlySettings" in file "C:\Program Files\Microsoft Visual Studio\2022\Preview\MSBuild\Current\Bin\amd64\Microsoft.Common.CurrentVersion.targets":
1>      Set Property: BuildingProject=true
1>    Done building target "BuildOnlySettings" in project "GridWithMenuApp1_VS2022_nesf0oga_wpftmp.csproj".
1>    Target "ResolveKeySource" skipped, due to false condition; ($(SignManifests) == 'true' or $(SignAssembly) == 'true') was evaluated as ( == 'true' or false == 'true').
1>    Target "AddWindowsSdkKnownFrameworkReferences" in file "C:\Program Files\dotnet\sdk\6.0.100-preview.7.21379.14\Sdks\Microsoft.NET.Sdk\targets\Microsoft.NET.Sdk.FrameworkReferenceResolution.targets":
1>      Removed Item(s): 
1>          KnownFrameworkReference=
1>              Microsoft.Windows.SDK.NET.Ref
1>                      DefaultRuntimeFrameworkVersion=10.0.17763.19
1>                      IsWindowsOnly=true
1>                      LatestRuntimeFrameworkVersion=10.0.17763.19
1>                      RuntimeFrameworkName=Microsoft.Windows.SDK.NET.Ref
1>                      RuntimePackAlwaysCopyLocal=true
1>                      RuntimePackNamePatterns=Microsoft.Windows.SDK.NET.Ref
1>                      RuntimePackRuntimeIdentifiers=any
1>                      TargetFramework=net6.0-windows10.0.17763.0
1>                      TargetingPackName=Microsoft.Windows.SDK.NET.Ref
1>                      TargetingPackVersion=10.0.17763.19
1>              Microsoft.Windows.SDK.NET.Ref
1>                      DefaultRuntimeFrameworkVersion=10.0.18362.19
1>                      IsWindowsOnly=true
1>                      LatestRuntimeFrameworkVersion=10.0.18362.19
1>                      RuntimeFrameworkName=Microsoft.Windows.SDK.NET.Ref
1>                      RuntimePackAlwaysCopyLocal=true
1>                      RuntimePackNamePatterns=Microsoft.Windows.SDK.NET.Ref
1>                      RuntimePackRuntimeIdentifiers=any
1>                      TargetFramework=net6.0-windows10.0.18362.0
1>                      TargetingPackName=Microsoft.Windows.SDK.NET.Ref
1>                      TargetingPackVersion=10.0.18362.19
1>              Microsoft.Windows.SDK.NET.Ref
1>                      DefaultRuntimeFrameworkVersion=10.0.19041.19
1>                      IsWindowsOnly=true
1>                      LatestRuntimeFrameworkVersion=10.0.19041.19
1>                      RuntimeFrameworkName=Microsoft.Windows.SDK.NET.Ref
1>                      RuntimePackAlwaysCopyLocal=true
1>                      RuntimePackNamePatterns=Microsoft.Windows.SDK.NET.Ref
1>                      RuntimePackRuntimeIdentifiers=any
1>                      TargetFramework=net6.0-windows10.0.19041.0
1>                      TargetingPackName=Microsoft.Windows.SDK.NET.Ref
1>                      TargetingPackVersion=10.0.19041.19
1>              Microsoft.Windows.SDK.NET.Ref
1>                      DefaultRuntimeFrameworkVersion=10.0.17763.19
1>                      IsWindowsOnly=true
1>                      LatestRuntimeFrameworkVersion=10.0.17763.19
1>                      RuntimeFrameworkName=Microsoft.Windows.SDK.NET.Ref
1>                      RuntimePackAlwaysCopyLocal=true
1>                      RuntimePackNamePatterns=Microsoft.Windows.SDK.NET.Ref
1>                      RuntimePackRuntimeIdentifiers=any
1>                      TargetFramework=net5.0-windows10.0.17763.0
1>                      TargetingPackName=Microsoft.Windows.SDK.NET.Ref
1>                      TargetingPackVersion=10.0.17763.19
1>              Microsoft.Windows.SDK.NET.Ref
1>                      DefaultRuntimeFrameworkVersion=10.0.18362.19
1>                      IsWindowsOnly=true
1>                      LatestRuntimeFrameworkVersion=10.0.18362.19
1>                      RuntimeFrameworkName=Microsoft.Windows.SDK.NET.Ref
1>                      RuntimePackAlwaysCopyLocal=true
1>                      RuntimePackNamePatterns=Microsoft.Windows.SDK.NET.Ref
1>                      RuntimePackRuntimeIdentifiers=any
1>                      TargetFramework=net5.0-windows10.0.18362.0
1>                      TargetingPackName=Microsoft.Windows.SDK.NET.Ref
1>                      TargetingPackVersion=10.0.18362.19
1>              Microsoft.Windows.SDK.NET.Ref
1>                      DefaultRuntimeFrameworkVersion=10.0.19041.19
1>                      IsWindowsOnly=true
1>                      LatestRuntimeFrameworkVersion=10.0.19041.19
1>                      RuntimeFrameworkName=Microsoft.Windows.SDK.NET.Ref
1>                      RuntimePackAlwaysCopyLocal=true
1>                      RuntimePackNamePatterns=Microsoft.Windows.SDK.NET.Ref
1>                      RuntimePackRuntimeIdentifiers=any
1>                      TargetFramework=net5.0-windows10.0.19041.0
1>                      TargetingPackName=Microsoft.Windows.SDK.NET.Ref
1>                      TargetingPackVersion=10.0.19041.19
1>      Using "CreateWindowsSdkKnownFrameworkReferences" task from assembly "C:\Program Files\dotnet\sdk\6.0.100-preview.7.21379.14\Sdks\Microsoft.NET.Sdk\targets\..\tools\net472\Microsoft.NET.Build.Tasks.dll".
1>      Task "CreateWindowsSdkKnownFrameworkReferences"
1>        Task Parameter:TargetPlatformIdentifier=Windows
1>        Task Parameter:TargetFrameworkIdentifier=.NETCoreApp
1>        Task Parameter:TargetPlatformVersion=7.0
1>        Task Parameter:
1>            WindowsSdkSupportedTargetPlatformVersions=
1>                10.0.20348.0
1>                        MinimumNETVersion=5.0
1>                        WindowsSdkPackageVersion=10.0.20348.19
1>                10.0.19041.0
1>                        MinimumNETVersion=5.0
1>                        WindowsSdkPackageVersion=10.0.19041.19
1>                10.0.18362.0
1>                        MinimumNETVersion=5.0
1>                        WindowsSdkPackageVersion=10.0.18362.19
1>                10.0.17763.0
1>                        MinimumNETVersion=5.0
1>                        WindowsSdkPackageVersion=10.0.17763.19
1>                8.0
1>                7.0
1>        Task Parameter:TargetFrameworkVersion=3.0
1>      Done executing task "CreateWindowsSdkKnownFrameworkReferences".
1>    Done building target "AddWindowsSdkKnownFrameworkReferences" in project "GridWithMenuApp1_VS2022_nesf0oga_wpftmp.csproj".
1>    Target "_NormalizeTargetPlatformVersion" skipped, due to false condition; ('$(TargetPlatformVersion)' != '' and '$(TargetFrameworkIdentifier)' == '.NETCoreApp' and $([MSBuild]::VersionGreaterThanOrEquals($(TargetFrameworkVersion), 5.0)) and ('$(Language)' != 'C++' or '$(_EnablePackageReferencesInVCProjects)' == 'true')) was evaluated as ('7.0' != '' and '.NETCoreApp' == '.NETCoreApp' and False and ('C#' != 'C++' or '' == 'true')).
1>    Target "_CheckForLanguageAndFeatureCombinationSupport" in file "C:\Program Files\dotnet\sdk\6.0.100-preview.7.21379.14\Sdks\Microsoft.NET.Sdk\targets\Microsoft.NET.RuntimeIdentifierInference.targets":
1>      Task "NETSdkError" skipped, due to false condition; (('$(Language)' == 'C++' and '$(_EnablePackageReferencesInVCProjects)' != 'true') and $(OutputType) != 'library' and '$(TargetFrameworkIdentifier)' == '.NETCoreApp') was evaluated as (('C#' == 'C++' and '' != 'true') and WinExe != 'library' and '.NETCoreApp' == '.NETCoreApp').
1>      Task "NETSdkError" skipped, due to false condition; (('$(Language)' == 'C++' and '$(_EnablePackageReferencesInVCProjects)' != 'true') and $(EnableComHosting) == 'true') was evaluated as (('C#' == 'C++' and '' != 'true') and  == 'true').
1>      Task "NETSdkError" skipped, due to false condition; (('$(Language)' == 'C++' and '$(_EnablePackageReferencesInVCProjects)' != 'true') and $(SelfContained) == 'true') was evaluated as (('C#' == 'C++' and '' != 'true') and false == 'true').
1>    Done building target "_CheckForLanguageAndFeatureCombinationSupport" in project "GridWithMenuApp1_VS2022_nesf0oga_wpftmp.csproj".
1>    Target "UpdateAspNetToFrameworkReference" in file "C:\Program Files\dotnet\sdk\6.0.100-preview.7.21379.14\Sdks\Microsoft.NET.Sdk\targets\Microsoft.NET.Sdk.DefaultItems.Shared.targets":
1>      Using "CheckIfPackageReferenceShouldBeFrameworkReference" task from assembly "C:\Program Files\dotnet\sdk\6.0.100-preview.7.21379.14\Sdks\Microsoft.NET.Sdk\targets\..\tools\net472\Microsoft.NET.Build.Tasks.dll".
1>      Task "CheckIfPackageReferenceShouldBeFrameworkReference"
1>        Task Parameter:
1>            FrameworkReferences=
1>                Microsoft.NETCore.App
1>                        IsImplicitlyDefined=true
1>                        Pack=false
1>                        PrivateAssets=All
1>                Microsoft.WindowsDesktop.App.WPF
1>                        IsImplicitlyDefined=true
1>        Task Parameter:PackageReferenceToReplace=Microsoft.AspNetCore.All
1>        Task Parameter:
1>            PackageReferences=
1>                C1.Xaml.WPF
1>                        Version=4.5.20213.*
1>                C1.Xaml.WPF.FlexGrid
1>                        Version=4.5.20213.*
1>                C1.Xaml.WPF.Toolbar
1>                        Version=4.5.20213.*
1>                C1.Xaml.WPF.DateTimeEditors
1>                        Version=4.5.20213.*
1>                C1.Xaml.WPF.FlexGridFilter
1>                        Version=4.5.20213.*
1>                C1.Xaml.WPF.FlexGrid.GroupPanel
1>                        Version=4.5.20213.*
1>        Task Parameter:FrameworkReferenceToUse=Microsoft.AspNetCore.App
1>        Output Property: _ShouldRemoveAspNetCoreAll=False
1>      Done executing task "CheckIfPackageReferenceShouldBeFrameworkReference".
1>      Task "NETSdkError" skipped, due to false condition; ('$(_ShouldRemoveAspNetCoreAll)' == 'true') was evaluated as ('False' == 'true').
1>      Task "CheckIfPackageReferenceShouldBeFrameworkReference"
1>        Task Parameter:
1>            FrameworkReferences=
1>                Microsoft.NETCore.App
1>                        IsImplicitlyDefined=true
1>                        Pack=false
1>                        PrivateAssets=All
1>                Microsoft.WindowsDesktop.App.WPF
1>                        IsImplicitlyDefined=true
1>        Task Parameter:PackageReferenceToReplace=Microsoft.AspNetCore.App
1>        Task Parameter:
1>            PackageReferences=
1>                C1.Xaml.WPF
1>                        Version=4.5.20213.*
1>                C1.Xaml.WPF.FlexGrid
1>                        Version=4.5.20213.*
1>                C1.Xaml.WPF.Toolbar
1>                        Version=4.5.20213.*
1>                C1.Xaml.WPF.DateTimeEditors
1>                        Version=4.5.20213.*
1>                C1.Xaml.WPF.FlexGridFilter
1>                        Version=4.5.20213.*
1>                C1.Xaml.WPF.FlexGrid.GroupPanel
1>                        Version=4.5.20213.*
1>        Task Parameter:FrameworkReferenceToUse=Microsoft.AspNetCore.App
1>        Output Property: _ShouldRemoveAspNetCoreApp=False
1>        Output Property: _ShouldAddAspNetCoreAppFrameworkReference=False
1>      Done executing task "CheckIfPackageReferenceShouldBeFrameworkReference".
1>      Task "NETSdkWarning" skipped, due to false condition; ('$(_ShouldRemoveAspNetCoreApp)' == 'true') was evaluated as ('False' == 'true').
1>    Done building target "UpdateAspNetToFrameworkReference" in project "GridWithMenuApp1_VS2022_nesf0oga_wpftmp.csproj".
1>    Target "IncludeTargetingPackReference" skipped, due to false condition; ('$(TargetFrameworkMoniker)' != '' and '$(TargetFrameworkIdentifier)' == '.NETFramework' and '$(AutomaticallyUseReferenceAssemblyPackages)' == 'true') was evaluated as ('.NETCoreApp,Version=v3.0' != '' and '.NETCoreApp' == '.NETFramework' and 'true' == 'true').
1>    Target "CheckForImplicitPackageReferenceOverrides" in file "C:\Program Files\dotnet\sdk\6.0.100-preview.7.21379.14\Sdks\Microsoft.NET.Sdk\targets\Microsoft.NET.Sdk.DefaultItems.Shared.targets":
1>      Set Property: ImplicitPackageReferenceInformationLink=https://aka.ms/sdkimplicitrefs
1>      Using "CheckForImplicitPackageReferenceOverrides" task from assembly "C:\Program Files\dotnet\sdk\6.0.100-preview.7.21379.14\Sdks\Microsoft.NET.Sdk\targets\..\tools\net472\Microsoft.NET.Build.Tasks.dll".
1>      Task "CheckForImplicitPackageReferenceOverrides"
1>        Task Parameter:
1>            PackageReferenceItems=
1>                C1.Xaml.WPF
1>                        Version=4.5.20213.*
1>                C1.Xaml.WPF.FlexGrid
1>                        Version=4.5.20213.*
1>                C1.Xaml.WPF.Toolbar
1>                        Version=4.5.20213.*
1>                C1.Xaml.WPF.DateTimeEditors
1>                        Version=4.5.20213.*
1>                C1.Xaml.WPF.FlexGridFilter
1>                        Version=4.5.20213.*
1>                C1.Xaml.WPF.FlexGrid.GroupPanel
1>                        Version=4.5.20213.*
1>        Task Parameter:MoreInformationLink=https://aka.ms/sdkimplicitrefs
1>      Done executing task "CheckForImplicitPackageReferenceOverrides".
1>    Done building target "CheckForImplicitPackageReferenceOverrides" in project "GridWithMenuApp1_VS2022_nesf0oga_wpftmp.csproj".
1>    Target "ApplyImplicitVersions" in file "C:\Program Files\dotnet\sdk\6.0.100-preview.7.21379.14\Sdks\Microsoft.NET.Sdk\targets\Microsoft.NET.Sdk.DefaultItems.Shared.targets":
1>      Using "ApplyImplicitVersions" task from assembly "C:\Program Files\dotnet\sdk\6.0.100-preview.7.21379.14\Sdks\Microsoft.NET.Sdk\targets\..\tools\net472\Microsoft.NET.Build.Tasks.dll".
1>      Task "ApplyImplicitVersions"
1>        Task Parameter:TargetLatestRuntimePatch=False
1>        Task Parameter:
1>            PackageReferences=
1>                C1.Xaml.WPF
1>                        Version=4.5.20213.*
1>                C1.Xaml.WPF.FlexGrid
1>                        Version=4.5.20213.*
1>                C1.Xaml.WPF.Toolbar
1>                        Version=4.5.20213.*
1>                C1.Xaml.WPF.DateTimeEditors
1>                        Version=4.5.20213.*
1>                C1.Xaml.WPF.FlexGridFilter
1>                        Version=4.5.20213.*
1>                C1.Xaml.WPF.FlexGrid.GroupPanel
1>                        Version=4.5.20213.*
1>        Task Parameter:
1>            ImplicitPackageReferenceVersions=
1>                Microsoft.NETCore.App
1>                        DefaultVersion=1.0.5
1>                        LatestVersion=1.0.16
1>                        TargetFrameworkVersion=1.0
1>                Microsoft.NETCore.App
1>                        DefaultVersion=1.1.2
1>                        LatestVersion=1.1.13
1>                        TargetFrameworkVersion=1.1
1>                Microsoft.NETCore.App
1>                        DefaultVersion=2.0.0
1>                        LatestVersion=2.0.9
1>                        TargetFrameworkVersion=2.0
1>                Microsoft.NETCore.App
1>                        DefaultVersion=2.1.0
1>                        LatestVersion=2.1.28
1>                        TargetFrameworkVersion=2.1
1>                Microsoft.NETCore.App
1>                        DefaultVersion=2.2.0
1>                        LatestVersion=2.2.8
1>                        TargetFrameworkVersion=2.2
1>                Microsoft.AspNetCore.App
1>                        DefaultVersion=2.1.1
1>                        LatestVersion=2.1.28
1>                        TargetFrameworkVersion=2.1
1>                Microsoft.AspNetCore.All
1>                        DefaultVersion=2.1.1
1>                        LatestVersion=2.1.28
1>                        TargetFrameworkVersion=2.1
1>                Microsoft.AspNetCore.App
1>                        DefaultVersion=2.2.0
1>                        LatestVersion=2.2.8
1>                        TargetFrameworkVersion=2.2
1>                Microsoft.AspNetCore.All
1>                        DefaultVersion=2.2.0
1>                        LatestVersion=2.2.8
1>                        TargetFrameworkVersion=2.2
1>        Task Parameter:TargetFrameworkVersion=3.0
1>      Done executing task "ApplyImplicitVersions".
1>    Done building target "ApplyImplicitVersions" in project "GridWithMenuApp1_VS2022_nesf0oga_wpftmp.csproj".
1>    Target "ProcessFrameworkReferences" in file "C:\Program Files\dotnet\sdk\6.0.100-preview.7.21379.14\Sdks\Microsoft.NET.Sdk\targets\Microsoft.NET.Sdk.FrameworkReferenceResolution.targets":
1>      Using "CheckForDuplicateFrameworkReferences" task from assembly "C:\Program Files\dotnet\sdk\6.0.100-preview.7.21379.14\Sdks\Microsoft.NET.Sdk\targets\..\tools\net472\Microsoft.NET.Build.Tasks.dll".
1>      Task "CheckForDuplicateFrameworkReferences"
1>        Task Parameter:
1>            FrameworkReferences=
1>                Microsoft.NETCore.App
1>                        IsImplicitlyDefined=true
1>                        Pack=false
1>                        PrivateAssets=All
1>                Microsoft.WindowsDesktop.App.WPF
1>                        IsImplicitlyDefined=true
1>        Task Parameter:MoreInformationLink=https://aka.ms/sdkimplicitrefs
1>      Done executing task "CheckForDuplicateFrameworkReferences".
1>      Set Property: EnableTargetingPackDownload=true
1>      Set Property: EnableRuntimePackDownload=true
1>      Using "ProcessFrameworkReferences" task from assembly "C:\Program Files\dotnet\sdk\6.0.100-preview.7.21379.14\Sdks\Microsoft.NET.Sdk\targets\..\tools\net472\Microsoft.NET.Build.Tasks.dll".
1>      Task "ProcessFrameworkReferences"
1>        Task Parameter:RuntimeGraphPath=C:\Program Files\dotnet\sdk\6.0.100-preview.7.21379.14\RuntimeIdentifierGraph.json
1>        Task Parameter:TargetPlatformIdentifier=Windows
1>        Task Parameter:
1>            FrameworkReferences=
1>                Microsoft.NETCore.App
1>                        IsImplicitlyDefined=true
1>                        Pack=false
1>                        PrivateAssets=All
1>                Microsoft.WindowsDesktop.App.WPF
1>                        IsImplicitlyDefined=true
1>        Task Parameter:TargetFrameworkIdentifier=.NETCoreApp
1>        Task Parameter:TargetLatestRuntimePatch=False
1>        Task Parameter:
1>            KnownRuntimePacks=
1>                Microsoft.NETCore.App
1>                        LatestRuntimeFrameworkVersion=6.0.0-preview.7.21377.19
1>                        RuntimeFrameworkName=Microsoft.NETCore.App
1>                        RuntimePackLabels=Mono
1>                        RuntimePackNamePatterns=Microsoft.NETCore.App.Runtime.Mono.**RID**
1>                        RuntimePackRuntimeIdentifiers=linux-arm;linux-arm64;linux-musl-arm64;linux-musl-x64;linux-x64;osx-x64;rhel.6-x64;win-arm;win-arm64;win-x64;win-x86;linux-musl-arm;osx-arm64;maccatalyst-x64;maccatalyst-arm64;browser-wasm;ios-arm64;ios-arm;iossimulator-arm64;iossimulator-x64;iossimulator-x86;tvos-arm64;tvossimulator-arm64;tvossimulator-x64;android-arm64;android-arm;android-x64;android-x86
1>                        TargetFramework=net6.0
1>        Task Parameter:TargetingPackRoot=C:\Program Files\dotnet\packs
1>        Task Parameter:TargetPlatformVersion=7.0
1>        Task Parameter:SelfContained=False
1>        Task Parameter:
1>            KnownCrossgen2Packs=
1>                Microsoft.NETCore.App.Crossgen2
1>                        Crossgen2PackNamePattern=Microsoft.NETCore.App.Crossgen2.**RID**
1>                        Crossgen2PackVersion=6.0.0-preview.7.21377.19
1>                        Crossgen2RuntimeIdentifiers=linux-musl-x64;linux-x64;win-x64;linux-arm;linux-arm64;linux-musl-arm;linux-musl-arm64;osx-arm64;osx-x64;win-arm;win-arm64;win-x86
1>                        TargetFramework=net6.0
1>                Microsoft.NETCore.App.Crossgen2
1>                        Crossgen2PackNamePattern=Microsoft.NETCore.App.Crossgen2.**RID**
1>                        Crossgen2PackVersion=5.0.8
1>                        Crossgen2RuntimeIdentifiers=linux-musl-x64;linux-x64;win-x64
1>                        TargetFramework=net5.0
1>        Task Parameter:EnableTargetingPackDownload=True
1>        Task Parameter:TargetLatestRuntimePatchIsDefault=True
1>        Task Parameter:TargetFrameworkVersion=3.0
1>        Task Parameter:
1>            KnownFrameworkReferences=
1>                Microsoft.NETCore.App
1>                        DefaultRuntimeFrameworkVersion=6.0.0-preview.7.21377.19
1>                        LatestRuntimeFrameworkVersion=6.0.0-preview.7.21377.19
1>                        RuntimeFrameworkName=Microsoft.NETCore.App
1>                        RuntimePackNamePatterns=Microsoft.NETCore.App.Runtime.**RID**
1>                        RuntimePackRuntimeIdentifiers=linux-arm;linux-arm64;linux-musl-arm64;linux-musl-x64;linux-x64;osx-x64;rhel.6-x64;tizen.4.0.0-armel;tizen.5.0.0-armel;win-arm;win-arm64;win-x64;win-x86;linux-musl-arm;osx-arm64;maccatalyst-x64;maccatalyst-arm64
1>                        TargetFramework=net6.0
1>                        TargetingPackName=Microsoft.NETCore.App.Ref
1>                        TargetingPackVersion=6.0.0-preview.7.21377.19
1>                Microsoft.WindowsDesktop.App
1>                        DefaultRuntimeFrameworkVersion=6.0.0-preview.7.21378.9
1>                        IsWindowsOnly=true
1>                        LatestRuntimeFrameworkVersion=6.0.0-preview.7.21378.9
1>                        RuntimeFrameworkName=Microsoft.WindowsDesktop.App
1>                        RuntimePackNamePatterns=Microsoft.WindowsDesktop.App.Runtime.**RID**
1>                        RuntimePackRuntimeIdentifiers=win-x64;win-x86;win-arm64
1>                        TargetFramework=net6.0
1>                        TargetingPackName=Microsoft.WindowsDesktop.App.Ref
1>                        TargetingPackVersion=6.0.0-preview.7.21378.9
1>                Microsoft.WindowsDesktop.App.WPF
1>                        DefaultRuntimeFrameworkVersion=6.0.0-preview.7.21378.9
1>                        IsWindowsOnly=true
1>                        LatestRuntimeFrameworkVersion=6.0.0-preview.7.21378.9
1>                        Profile=WPF
1>                        RuntimeFrameworkName=Microsoft.WindowsDesktop.App
1>                        RuntimePackNamePatterns=Microsoft.WindowsDesktop.App.Runtime.**RID**
1>                        RuntimePackRuntimeIdentifiers=win-x64;win-x86;win-arm64
1>                        TargetFramework=net6.0
1>                        TargetingPackName=Microsoft.WindowsDesktop.App.Ref
1>                        TargetingPackVersion=6.0.0-preview.7.21378.9
1>                Microsoft.WindowsDesktop.App.WindowsForms
1>                        DefaultRuntimeFrameworkVersion=6.0.0-preview.7.21378.9
1>                        IsWindowsOnly=true
1>                        LatestRuntimeFrameworkVersion=6.0.0-preview.7.21378.9
1>                        Profile=WindowsForms
1>                        RuntimeFrameworkName=Microsoft.WindowsDesktop.App
1>                        RuntimePackNamePatterns=Microsoft.WindowsDesktop.App.Runtime.**RID**
1>                        RuntimePackRuntimeIdentifiers=win-x64;win-x86;win-arm64
1>                        TargetFramework=net6.0
1>                        TargetingPackName=Microsoft.WindowsDesktop.App.Ref
1>                        TargetingPackVersion=6.0.0-preview.7.21378.9
1>                Microsoft.AspNetCore.App
1>                        DefaultRuntimeFrameworkVersion=6.0.0-preview.7.21378.6
1>                        LatestRuntimeFrameworkVersion=6.0.0-preview.7.21378.6
1>                        RuntimeFrameworkName=Microsoft.AspNetCore.App
1>                        RuntimePackNamePatterns=Microsoft.AspNetCore.App.Runtime.**RID**
1>                        RuntimePackRuntimeIdentifiers=win-x64;win-x86;win-arm;osx-x64;linux-musl-x64;linux-musl-arm64;linux-x64;linux-arm;linux-arm64;linux-musl-arm;win-arm64;osx-arm64
1>                        TargetFramework=net6.0
1>                        TargetingPackName=Microsoft.AspNetCore.App.Ref
1>                        TargetingPackVersion=6.0.0-preview.7.21378.6
1>                Microsoft.NETCore.App
1>                        DefaultRuntimeFrameworkVersion=5.0.0
1>                        IsTrimmable=true
1>                        LatestRuntimeFrameworkVersion=5.0.8
1>                        RuntimeFrameworkName=Microsoft.NETCore.App
1>                        RuntimePackNamePatterns=Microsoft.NETCore.App.Runtime.**RID**
1>                        RuntimePackRuntimeIdentifiers=linux-arm;linux-arm64;linux-musl-arm64;linux-musl-x64;linux-x64;osx-x64;rhel.6-x64;tizen.4.0.0-armel;tizen.5.0.0-armel;win-arm;win-arm64;win-x64;win-x86;linux-musl-arm;browser-wasm
1>                        TargetFramework=net5.0
1>                        TargetingPackName=Microsoft.NETCore.App.Ref
1>                        TargetingPackVersion=5.0.0
1>                Microsoft.WindowsDesktop.App
1>                        DefaultRuntimeFrameworkVersion=5.0.0
1>                        IsWindowsOnly=true
1>                        LatestRuntimeFrameworkVersion=5.0.8
1>                        RuntimeFrameworkName=Microsoft.WindowsDesktop.App
1>                        RuntimePackNamePatterns=Microsoft.WindowsDesktop.App.Runtime.**RID**
1>                        RuntimePackRuntimeIdentifiers=win-x64;win-x86
1>                        TargetFramework=net5.0
1>                        TargetingPackName=Microsoft.WindowsDesktop.App.Ref
1>                        TargetingPackVersion=5.0.0
1>                Microsoft.WindowsDesktop.App.WPF
1>                        DefaultRuntimeFrameworkVersion=5.0.0
1>                        IsWindowsOnly=true
1>                        LatestRuntimeFrameworkVersion=5.0.8
1>                        Profile=WPF
1>                        RuntimeFrameworkName=Microsoft.WindowsDesktop.App
1>                        RuntimePackNamePatterns=Microsoft.WindowsDesktop.App.Runtime.**RID**
1>                        RuntimePackRuntimeIdentifiers=win-x64;win-x86
1>                        TargetFramework=net5.0
1>                        TargetingPackName=Microsoft.WindowsDesktop.App.Ref
1>                        TargetingPackVersion=5.0.0
1>                Microsoft.WindowsDesktop.App.WindowsForms
1>                        DefaultRuntimeFrameworkVersion=5.0.0
1>                        IsWindowsOnly=true
1>                        LatestRuntimeFrameworkVersion=5.0.8
1>                        Profile=WindowsForms
1>                        RuntimeFrameworkName=Microsoft.WindowsDesktop.App
1>                        RuntimePackNamePatterns=Microsoft.WindowsDesktop.App.Runtime.**RID**
1>                        RuntimePackRuntimeIdentifiers=win-x64;win-x86
1>                        TargetFramework=net5.0
1>                        TargetingPackName=Microsoft.WindowsDesktop.App.Ref
1>                        TargetingPackVersion=5.0.0
1>                Microsoft.AspNetCore.App
1>                        DefaultRuntimeFrameworkVersion=5.0.0
1>                        LatestRuntimeFrameworkVersion=5.0.8
1>                        RuntimeFrameworkName=Microsoft.AspNetCore.App
1>                        RuntimePackNamePatterns=Microsoft.AspNetCore.App.Runtime.**RID**
1>                        RuntimePackRuntimeIdentifiers=win-x64;win-x86;win-arm;osx-x64;linux-musl-x64;linux-musl-arm64;linux-x64;linux-arm;linux-arm64;linux-musl-arm;win-arm64
1>                        TargetFramework=net5.0
1>                        TargetingPackName=Microsoft.AspNetCore.App.Ref
1>                        TargetingPackVersion=5.0.0
1>                Microsoft.NETCore.App
1>                        DefaultRuntimeFrameworkVersion=3.1.0
1>                        IsTrimmable=true
1>                        LatestRuntimeFrameworkVersion=3.1.17
1>                        RuntimeFrameworkName=Microsoft.NETCore.App
1>                        RuntimePackNamePatterns=Microsoft.NETCore.App.Runtime.**RID**
1>                        RuntimePackRuntimeIdentifiers=linux-arm;linux-arm64;linux-musl-arm64;linux-musl-x64;linux-x64;osx-x64;rhel.6-x64;tizen.4.0.0-armel;tizen.5.0.0-armel;win-arm;win-arm64;win-x64;win-x86
1>                        TargetFramework=netcoreapp3.1
1>                        TargetingPackName=Microsoft.NETCore.App.Ref
1>                        TargetingPackVersion=3.1.0
1>                Microsoft.WindowsDesktop.App
1>                        DefaultRuntimeFrameworkVersion=3.1.0
1>                        IsWindowsOnly=true
1>                        LatestRuntimeFrameworkVersion=3.1.17
1>                        RuntimeFrameworkName=Microsoft.WindowsDesktop.App
1>                        RuntimePackNamePatterns=Microsoft.WindowsDesktop.App.Runtime.**RID**
1>                        RuntimePackRuntimeIdentifiers=win-x64;win-x86
1>                        TargetFramework=netcoreapp3.1
1>                        TargetingPackName=Microsoft.WindowsDesktop.App.Ref
1>                        TargetingPackVersion=3.1.0
1>                Microsoft.WindowsDesktop.App.WPF
1>                        DefaultRuntimeFrameworkVersion=3.1.0
1>                        IsWindowsOnly=true
1>                        LatestRuntimeFrameworkVersion=3.1.17
1>                        Profile=WPF
1>                        RuntimeFrameworkName=Microsoft.WindowsDesktop.App
1>                        RuntimePackNamePatterns=Microsoft.WindowsDesktop.App.Runtime.**RID**
1>                        RuntimePackRuntimeIdentifiers=win-x64;win-x86
1>                        TargetFramework=netcoreapp3.1
1>                        TargetingPackName=Microsoft.WindowsDesktop.App.Ref
1>                        TargetingPackVersion=3.1.0
1>                Microsoft.WindowsDesktop.App.WindowsForms
1>                        DefaultRuntimeFrameworkVersion=3.1.0
1>                        IsWindowsOnly=true
1>                        LatestRuntimeFrameworkVersion=3.1.17
1>                        Profile=WindowsForms
1>                        RuntimeFrameworkName=Microsoft.WindowsDesktop.App
1>                        RuntimePackNamePatterns=Microsoft.WindowsDesktop.App.Runtime.**RID**
1>                        RuntimePackRuntimeIdentifiers=win-x64;win-x86
1>                        TargetFramework=netcoreapp3.1
1>                        TargetingPackName=Microsoft.WindowsDesktop.App.Ref
1>                        TargetingPackVersion=3.1.0
1>                Microsoft.AspNetCore.App
1>                        DefaultRuntimeFrameworkVersion=3.1.0
1>                        LatestRuntimeFrameworkVersion=3.1.17
1>                        RuntimeFrameworkName=Microsoft.AspNetCore.App
1>                        RuntimePackNamePatterns=Microsoft.AspNetCore.App.Runtime.**RID**
1>                        RuntimePackRuntimeIdentifiers=win-x64;win-x86;win-arm;osx-x64;linux-musl-x64;linux-musl-arm64;linux-x64;linux-arm;linux-arm64
1>                        TargetFramework=netcoreapp3.1
1>                        TargetingPackName=Microsoft.AspNetCore.App.Ref
1>                        TargetingPackVersion=3.1.10
1>                Microsoft.NETCore.App
1>                        DefaultRuntimeFrameworkVersion=3.0.0
1>                        IsTrimmable=true
1>                        LatestRuntimeFrameworkVersion=3.0.3
1>                        RuntimeFrameworkName=Microsoft.NETCore.App
1>                        RuntimePackNamePatterns=Microsoft.NETCore.App.Runtime.**RID**
1>                        RuntimePackRuntimeIdentifiers=linux-arm;linux-arm64;linux-musl-arm64;linux-musl-x64;linux-x64;osx-x64;rhel.6-x64;tizen.4.0.0-armel;tizen.5.0.0-armel;win-arm;win-arm64;win-x64;win-x86
1>                        TargetFramework=netcoreapp3.0
1>                        TargetingPackName=Microsoft.NETCore.App.Ref
1>                        TargetingPackVersion=3.0.0
1>                Microsoft.WindowsDesktop.App
1>                        DefaultRuntimeFrameworkVersion=3.0.0
1>                        IsWindowsOnly=true
1>                        LatestRuntimeFrameworkVersion=3.0.3
1>                        RuntimeFrameworkName=Microsoft.WindowsDesktop.App
1>                        RuntimePackNamePatterns=Microsoft.WindowsDesktop.App.Runtime.**RID**
1>                        RuntimePackRuntimeIdentifiers=win-x64;win-x86
1>                        TargetFramework=netcoreapp3.0
1>                        TargetingPackName=Microsoft.WindowsDesktop.App.Ref
1>                        TargetingPackVersion=3.0.0
1>                Microsoft.WindowsDesktop.App.WPF
1>                        DefaultRuntimeFrameworkVersion=3.0.0
1>                        IsWindowsOnly=true
1>                        LatestRuntimeFrameworkVersion=3.0.3
1>                        Profile=WPF
1>                        RuntimeFrameworkName=Microsoft.WindowsDesktop.App
1>                        RuntimePackNamePatterns=Microsoft.WindowsDesktop.App.Runtime.**RID**
1>                        RuntimePackRuntimeIdentifiers=win-x64;win-x86
1>                        TargetFramework=netcoreapp3.0
1>                        TargetingPackName=Microsoft.WindowsDesktop.App.Ref
1>                        TargetingPackVersion=3.0.0
1>                Microsoft.WindowsDesktop.App.WindowsForms
1>                        DefaultRuntimeFrameworkVersion=3.0.0
1>                        IsWindowsOnly=true
1>                        LatestRuntimeFrameworkVersion=3.0.3
1>                        Profile=WindowsForms
1>                        RuntimeFrameworkName=Microsoft.WindowsDesktop.App
1>                        RuntimePackNamePatterns=Microsoft.WindowsDesktop.App.Runtime.**RID**
1>                        RuntimePackRuntimeIdentifiers=win-x64;win-x86
1>                        TargetFramework=netcoreapp3.0
1>                        TargetingPackName=Microsoft.WindowsDesktop.App.Ref
1>                        TargetingPackVersion=3.0.0
1>                Microsoft.AspNetCore.App
1>                        DefaultRuntimeFrameworkVersion=3.0.0
1>                        LatestRuntimeFrameworkVersion=3.0.3
1>                        RuntimeFrameworkName=Microsoft.AspNetCore.App
1>                        RuntimePackNamePatterns=Microsoft.AspNetCore.App.Runtime.**RID**
1>                        RuntimePackRuntimeIdentifiers=win-x64;win-x86;win-arm;osx-x64;linux-musl-x64;linux-musl-arm64;linux-x64;linux-arm;linux-arm64
1>                        TargetFramework=netcoreapp3.0
1>                        TargetingPackName=Microsoft.AspNetCore.App.Ref
1>                        TargetingPackVersion=3.0.1
1>                NETStandard.Library
1>                        TargetFramework=netstandard2.1
1>                        TargetingPackName=NETStandard.Library.Ref
1>                        TargetingPackVersion=2.1.0
1>        Task Parameter:EnableRuntimePackDownload=True
1>        Task Parameter:NETCoreSdkRuntimeIdentifier=win-x64
1>        Output Item(s): 
1>            _PackageToDownload=
1>                Microsoft.NETCore.App.Ref
1>                        Version=3.0.0
1>                Microsoft.WindowsDesktop.App.Ref
1>                        Version=3.0.0
1>                Microsoft.AspNetCore.App.Ref
1>                        Version=3.0.1
1>        Output Item(s): 
1>            RuntimeFramework=
1>                Microsoft.NETCore.App
1>                        FrameworkName=Microsoft.NETCore.App
1>                        Version=3.0.0
1>                Microsoft.WindowsDesktop.App
1>                        FrameworkName=Microsoft.WindowsDesktop.App
1>                        Version=3.0.0
1>                Microsoft.WindowsDesktop.App
1>                        FrameworkName=Microsoft.WindowsDesktop.App.WPF
1>                        Version=3.0.0
1>                Microsoft.WindowsDesktop.App
1>                        FrameworkName=Microsoft.WindowsDesktop.App.WindowsForms
1>                        Version=3.0.0
1>                Microsoft.AspNetCore.App
1>                        FrameworkName=Microsoft.AspNetCore.App
1>                        Version=3.0.0
1>        Output Item(s): 
1>            TargetingPack=
1>                Microsoft.NETCore.App
1>                        NuGetPackageId=Microsoft.NETCore.App.Ref
1>                        NuGetPackageVersion=3.0.0
1>                        PackageConflictPreferredPackages=Microsoft.NETCore.App.Ref;Microsoft.NETCore.App.Runtime.linux-arm;Microsoft.NETCore.App.Runtime.linux-arm64;Microsoft.NETCore.App.Runtime.linux-musl-arm64;Microsoft.NETCore.App.Runtime.linux-musl-x64;Microsoft.NETCore.App.Runtime.linux-x64;Microsoft.NETCore.App.Runtime.osx-x64;Microsoft.NETCore.App.Runtime.rhel.6-x64;Microsoft.NETCore.App.Runtime.tizen.4.0.0-armel;Microsoft.NETCore.App.Runtime.tizen.5.0.0-armel;Microsoft.NETCore.App.Runtime.win-arm;Microsoft.NETCore.App.Runtime.win-arm64;Microsoft.NETCore.App.Runtime.win-x64;Microsoft.NETCore.App.Runtime.win-x86
1>                        RuntimeFrameworkName=Microsoft.NETCore.App
1>                        RuntimePackRuntimeIdentifiers=linux-arm;linux-arm64;linux-musl-arm64;linux-musl-x64;linux-x64;osx-x64;rhel.6-x64;tizen.4.0.0-armel;tizen.5.0.0-armel;win-arm;win-arm64;win-x64;win-x86
1>                        TargetFramework=netcoreapp3.0
1>                        TargetingPackFormat=
1>                Microsoft.WindowsDesktop.App
1>                        NuGetPackageId=Microsoft.WindowsDesktop.App.Ref
1>                        NuGetPackageVersion=3.0.0
1>                        PackageConflictPreferredPackages=Microsoft.WindowsDesktop.App.Ref;Microsoft.WindowsDesktop.App.Runtime.win-x64;Microsoft.WindowsDesktop.App.Runtime.win-x86
1>                        RuntimeFrameworkName=Microsoft.WindowsDesktop.App
1>                        RuntimePackRuntimeIdentifiers=win-x64;win-x86
1>                        TargetFramework=netcoreapp3.0
1>                        TargetingPackFormat=
1>                Microsoft.WindowsDesktop.App.WPF
1>                        NuGetPackageId=Microsoft.WindowsDesktop.App.Ref
1>                        NuGetPackageVersion=3.0.0
1>                        PackageConflictPreferredPackages=Microsoft.WindowsDesktop.App.Ref;Microsoft.WindowsDesktop.App.Runtime.win-x64;Microsoft.WindowsDesktop.App.Runtime.win-x86
1>                        Profile=WPF
1>                        RuntimeFrameworkName=Microsoft.WindowsDesktop.App
1>                        RuntimePackRuntimeIdentifiers=win-x64;win-x86
1>                        TargetFramework=netcoreapp3.0
1>                        TargetingPackFormat=
1>                Microsoft.WindowsDesktop.App.WindowsForms
1>                        NuGetPackageId=Microsoft.WindowsDesktop.App.Ref
1>                        NuGetPackageVersion=3.0.0
1>                        PackageConflictPreferredPackages=Microsoft.WindowsDesktop.App.Ref;Microsoft.WindowsDesktop.App.Runtime.win-x64;Microsoft.WindowsDesktop.App.Runtime.win-x86
1>                        Profile=WindowsForms
1>                        RuntimeFrameworkName=Microsoft.WindowsDesktop.App
1>                        RuntimePackRuntimeIdentifiers=win-x64;win-x86
1>                        TargetFramework=netcoreapp3.0
1>                        TargetingPackFormat=
1>                Microsoft.AspNetCore.App
1>                        NuGetPackageId=Microsoft.AspNetCore.App.Ref
1>                        NuGetPackageVersion=3.0.1
1>                        PackageConflictPreferredPackages=Microsoft.AspNetCore.App.Ref;Microsoft.AspNetCore.App.Runtime.win-x64;Microsoft.AspNetCore.App.Runtime.win-x86;Microsoft.AspNetCore.App.Runtime.win-arm;Microsoft.AspNetCore.App.Runtime.osx-x64;Microsoft.AspNetCore.App.Runtime.linux-musl-x64;Microsoft.AspNetCore.App.Runtime.linux-musl-arm64;Microsoft.AspNetCore.App.Runtime.linux-x64;Microsoft.AspNetCore.App.Runtime.linux-arm;Microsoft.AspNetCore.App.Runtime.linux-arm64
1>                        RuntimeFrameworkName=Microsoft.AspNetCore.App
1>                        RuntimePackRuntimeIdentifiers=win-x64;win-x86;win-arm;osx-x64;linux-musl-x64;linux-musl-arm64;linux-x64;linux-arm;linux-arm64
1>                        TargetFramework=netcoreapp3.0
1>                        TargetingPackFormat=
1>      Done executing task "ProcessFrameworkReferences".
1>      Set Property: AppHostRuntimeIdentifier=
1>      Set Property: AppHostRuntimeIdentifier=win-x64
1>      Using "ResolveAppHosts" task from assembly "C:\Program Files\dotnet\sdk\6.0.100-preview.7.21379.14\Sdks\Microsoft.NET.Sdk\targets\..\tools\net472\Microsoft.NET.Build.Tasks.dll".
1>      Task "ResolveAppHosts"
1>        Task Parameter:RuntimeGraphPath=C:\Program Files\dotnet\sdk\6.0.100-preview.7.21379.14\RuntimeIdentifierGraph.json
1>        Task Parameter:DotNetComHostLibraryNameWithoutExtension=comhost
1>        Task Parameter:TargetFrameworkIdentifier=.NETCoreApp
1>        Task Parameter:DotNetSingleFileHostExecutableNameWithoutExtension=singlefilehost
1>        Task Parameter:AppHostRuntimeIdentifier=win-x64
1>        Task Parameter:TargetingPackRoot=C:\Program Files\dotnet\packs
1>        Task Parameter:NetCoreTargetingPackRoot=C:\Program Files\dotnet\packs
1>        Task Parameter:DotNetAppHostExecutableNameWithoutExtension=apphost
1>        Task Parameter:TargetFrameworkVersion=3.0
1>        Task Parameter:
1>            KnownAppHostPacks=
1>                Microsoft.NETCore.App
1>                        AppHostPackNamePattern=Microsoft.NETCore.App.Host.**RID**
1>                        AppHostPackVersion=6.0.0-preview.7.21377.19
1>                        AppHostRuntimeIdentifiers=linux-arm;linux-arm64;linux-musl-arm64;linux-musl-x64;linux-x64;osx-x64;rhel.6-x64;tizen.4.0.0-armel;tizen.5.0.0-armel;win-arm;win-arm64;win-x64;win-x86;linux-musl-arm;osx-arm64
1>                        TargetFramework=net6.0
1>                Microsoft.NETCore.App
1>                        AppHostPackNamePattern=Microsoft.NETCore.App.Host.**RID**
1>                        AppHostPackVersion=5.0.8
1>                        AppHostRuntimeIdentifiers=linux-arm;linux-arm64;linux-musl-arm64;linux-musl-x64;linux-x64;osx-x64;rhel.6-x64;tizen.4.0.0-armel;tizen.5.0.0-armel;win-arm;win-arm64;win-x64;win-x86;linux-musl-arm
1>                        TargetFramework=net5.0
1>                Microsoft.NETCore.App
1>                        AppHostPackNamePattern=Microsoft.NETCore.App.Host.**RID**
1>                        AppHostPackVersion=3.1.17
1>                        AppHostRuntimeIdentifiers=linux-arm;linux-arm64;linux-musl-arm64;linux-musl-x64;linux-x64;osx-x64;rhel.6-x64;tizen.4.0.0-armel;tizen.5.0.0-armel;win-arm;win-arm64;win-x64;win-x86
1>                        TargetFramework=netcoreapp3.1
1>                Microsoft.NETCore.App
1>                        AppHostPackNamePattern=Microsoft.NETCore.App.Host.**RID**
1>                        AppHostPackVersion=3.0.3
1>                        AppHostRuntimeIdentifiers=linux-arm;linux-arm64;linux-musl-arm64;linux-musl-x64;linux-x64;osx-x64;rhel.6-x64;tizen.4.0.0-armel;tizen.5.0.0-armel;win-arm;win-arm64;win-x64;win-x86
1>                        TargetFramework=netcoreapp3.0
1>        Task Parameter:DotNetIjwHostLibraryNameWithoutExtension=Ijwhost
1>        Output Item(s): 
1>            _PackageToDownload=
1>                Microsoft.NETCore.App.Host.win-x64
1>                        Version=3.0.3
1>                Microsoft.NETCore.App.Host.win-x64
1>                        Version=3.0.3
1>                Microsoft.NETCore.App.Host.win-x64
1>                        Version=3.0.3
1>                Microsoft.NETCore.App.Host.win-x64
1>                        Version=3.0.3
1>        Output Item(s): 
1>            AppHostPack=
1>                AppHost
1>                        NuGetPackageId=Microsoft.NETCore.App.Host.win-x64
1>                        NuGetPackageVersion=3.0.3
1>                        PathInPackage=runtimes\win-x64\native\apphost.exe
1>                        RuntimeIdentifier=win-x64
1>        Output Item(s): 
1>            SingleFileHostPack=
1>                SingleFileHost
1>                        NuGetPackageId=Microsoft.NETCore.App.Host.win-x64
1>                        NuGetPackageVersion=3.0.3
1>                        PathInPackage=runtimes\win-x64\native\singlefilehost.exe
1>                        RuntimeIdentifier=win-x64
1>        Output Item(s): 
1>            ComHostPack=
1>                ComHost
1>                        NuGetPackageId=Microsoft.NETCore.App.Host.win-x64
1>                        NuGetPackageVersion=3.0.3
1>                        PathInPackage=runtimes\win-x64\native\comhost.dll
1>                        RuntimeIdentifier=win-x64
1>        Output Item(s): 
1>            IjwHostPack=
1>                IjwHost
1>                        NuGetPackageId=Microsoft.NETCore.App.Host.win-x64
1>                        NuGetPackageVersion=3.0.3
1>                        PathInPackage=runtimes\win-x64\native\Ijwhost.dll
1>                        RuntimeIdentifier=win-x64
1>      Done executing task "ResolveAppHosts".
1>      Set Property: UsePackageDownload=true
1>      Added Item(s): 
1>          PackageDownload=
1>              Microsoft.NETCore.App.Ref
1>                      Version=[3.0.0]
1>              Microsoft.WindowsDesktop.App.Ref
1>                      Version=[3.0.0]
1>      Added Item(s): 
1>          PackageDownload=
1>              Microsoft.AspNetCore.App.Ref
1>                      Version=[3.0.1]
1>      Added Item(s): 
1>          PackageDownload=
1>              Microsoft.NETCore.App.Host.win-x64
1>                      Version=[3.0.3]
1>              Microsoft.NETCore.App.Host.win-x64
1>                      Version=[3.0.3]
1>              Microsoft.NETCore.App.Host.win-x64
1>                      Version=[3.0.3]
1>              Microsoft.NETCore.App.Host.win-x64
1>                      Version=[3.0.3]
1>    Done building target "ProcessFrameworkReferences" in project "GridWithMenuApp1_VS2022_nesf0oga_wpftmp.csproj".
1>    Target "_DefaultMicrosoftNETPlatformLibrary" in file "C:\Program Files\dotnet\sdk\6.0.100-preview.7.21379.14\Sdks\Microsoft.NET.Sdk\targets\Microsoft.NET.Sdk.Shared.targets":
1>    Done building target "_DefaultMicrosoftNETPlatformLibrary" in project "GridWithMenuApp1_VS2022_nesf0oga_wpftmp.csproj".
1>    Target "_ComputePackageReferencePublish" in file "C:\Program Files\dotnet\sdk\6.0.100-preview.7.21379.14\Sdks\Microsoft.NET.Sdk\targets\Microsoft.NET.Sdk.Shared.targets":
1>    Done building target "_ComputePackageReferencePublish" in project "GridWithMenuApp1_VS2022_nesf0oga_wpftmp.csproj".
1>    Target "ResolvePackageAssets" in file "C:\Program Files\dotnet\sdk\6.0.100-preview.7.21379.14\Sdks\Microsoft.NET.Sdk\targets\Microsoft.PackageDependencyResolution.targets":
1>      Set Property: UseAppHostFromAssetsFile=false
1>      Set Property: CopyLocalRuntimeTargetAssets=true
1>      Using "ResolvePackageAssets" task from assembly "C:\Program Files\dotnet\sdk\6.0.100-preview.7.21379.14\Sdks\Microsoft.NET.Sdk\targets\..\tools\net472\Microsoft.NET.Build.Tasks.dll".
1>      Task "ResolvePackageAssets"
1>        Task Parameter:CopyLocalRuntimeTargetAssets=True
1>        Task Parameter:VerifyMatchingImplicitPackageVersion=True
1>        Task Parameter:
1>            PackageReferences=
1>                C1.Xaml.WPF
1>                        Version=4.5.20213.*
1>                C1.Xaml.WPF.FlexGrid
1>                        Version=4.5.20213.*
1>                C1.Xaml.WPF.Toolbar
1>                        Version=4.5.20213.*
1>                C1.Xaml.WPF.DateTimeEditors
1>                        Version=4.5.20213.*
1>                C1.Xaml.WPF.FlexGridFilter
1>                        Version=4.5.20213.*
1>                C1.Xaml.WPF.FlexGrid.GroupPanel
1>                        Version=4.5.20213.*
1>        Task Parameter:IsSelfContained=False
1>        Task Parameter:EmitAssetsLogMessages=True
1>        Task Parameter:TargetFramework=netcoreapp3.0
1>        Task Parameter:ProjectPath=C:\Users\hansnguyen\source\repos\GridWithMenuApp1_VS2022\GridWithMenuApp1_VS2022_nesf0oga_wpftmp.csproj
1>        Task Parameter:ProjectAssetsFile=C:\Users\hansnguyen\source\repos\GridWithMenuApp1_VS2022\obj\project.assets.json
1>        Task Parameter:ProjectLanguage=C#
1>        Task Parameter:
1>            RuntimeFrameworks=
1>                Microsoft.NETCore.App
1>                        FrameworkName=Microsoft.NETCore.App
1>                        Version=3.0.0
1>                Microsoft.WindowsDesktop.App
1>                        FrameworkName=Microsoft.WindowsDesktop.App
1>                        Version=3.0.0
1>                Microsoft.WindowsDesktop.App
1>                        FrameworkName=Microsoft.WindowsDesktop.App.WPF
1>                        Version=3.0.0
1>                Microsoft.WindowsDesktop.App
1>                        FrameworkName=Microsoft.WindowsDesktop.App.WindowsForms
1>                        Version=3.0.0
1>                Microsoft.AspNetCore.App
1>                        FrameworkName=Microsoft.AspNetCore.App
1>                        Version=3.0.0
1>        Task Parameter:ProjectAssetsCacheFile=C:\Users\hansnguyen\source\repos\GridWithMenuApp1_VS2022\obj\Debug\netcoreapp3.0\GridWithMenuApp1_VS2022_nesf0oga_wpftmp.assets.cache
1>        Task Parameter:DotNetAppHostExecutableNameWithoutExtension=apphost
1>        Task Parameter:MarkPackageReferencesAsExternallyResolved=True
1>        Output Item(s): 
1>            ResourceCopyLocalItems=
1>                C:\Users\hansnguyen\.nuget\packages\c1.xaml.wpf\4.5.20213.749\lib\netcoreapp3.0\ar\C1.WPF.4.5.2.resources.dll
1>                        AssetType=resources
1>                        CopyLocal=true
1>                        Culture=ar
1>                        DestinationSubDirectory=ar\
1>                        DestinationSubPath=ar\C1.WPF.4.5.2.resources.dll
1>                        NuGetPackageId=C1.Xaml.WPF
1>                        NuGetPackageVersion=4.5.20213.749
1>                        PathInPackage=lib/netcoreapp3.0/ar/C1.WPF.4.5.2.resources.dll
1>                C:\Users\hansnguyen\.nuget\packages\c1.xaml.wpf\4.5.20213.749\lib\netcoreapp3.0\cs\C1.WPF.4.5.2.resources.dll
1>                        AssetType=resources
1>                        CopyLocal=true
1>                        Culture=cs
1>                        DestinationSubDirectory=cs\
1>                        DestinationSubPath=cs\C1.WPF.4.5.2.resources.dll
1>                        NuGetPackageId=C1.Xaml.WPF
1>                        NuGetPackageVersion=4.5.20213.749
1>                        PathInPackage=lib/netcoreapp3.0/cs/C1.WPF.4.5.2.resources.dll
1>                C:\Users\hansnguyen\.nuget\packages\c1.xaml.wpf\4.5.20213.749\lib\netcoreapp3.0\da\C1.WPF.4.5.2.resources.dll
1>                        AssetType=resources
1>                        CopyLocal=true
1>                        Culture=da
1>                        DestinationSubDirectory=da\
1>                        DestinationSubPath=da\C1.WPF.4.5.2.resources.dll
1>                        NuGetPackageId=C1.Xaml.WPF
1>                        NuGetPackageVersion=4.5.20213.749
1>                        PathInPackage=lib/netcoreapp3.0/da/C1.WPF.4.5.2.resources.dll
1>                C:\Users\hansnguyen\.nuget\packages\c1.xaml.wpf\4.5.20213.749\lib\netcoreapp3.0\de\C1.WPF.4.5.2.resources.dll
1>                        AssetType=resources
1>                        CopyLocal=true
1>                        Culture=de
1>                        DestinationSubDirectory=de\
1>                        DestinationSubPath=de\C1.WPF.4.5.2.resources.dll
1>                        NuGetPackageId=C1.Xaml.WPF
1>                        NuGetPackageVersion=4.5.20213.749
1>                        PathInPackage=lib/netcoreapp3.0/de/C1.WPF.4.5.2.resources.dll
1>                C:\Users\hansnguyen\.nuget\packages\c1.xaml.wpf\4.5.20213.749\lib\netcoreapp3.0\el\C1.WPF.4.5.2.resources.dll
1>                        AssetType=resources
1>                        CopyLocal=true
1>                        Culture=el
1>                        DestinationSubDirectory=el\
1>                        DestinationSubPath=el\C1.WPF.4.5.2.resources.dll
1>                        NuGetPackageId=C1.Xaml.WPF
1>                        NuGetPackageVersion=4.5.20213.749
1>                        PathInPackage=lib/netcoreapp3.0/el/C1.WPF.4.5.2.resources.dll
1>                C:\Users\hansnguyen\.nuget\packages\c1.xaml.wpf\4.5.20213.749\lib\netcoreapp3.0\es\C1.WPF.4.5.2.resources.dll
1>                        AssetType=resources
1>                        CopyLocal=true
1>                        Culture=es
1>                        DestinationSubDirectory=es\
1>                        DestinationSubPath=es\C1.WPF.4.5.2.resources.dll
1>                        NuGetPackageId=C1.Xaml.WPF
1>                        NuGetPackageVersion=4.5.20213.749
1>                        PathInPackage=lib/netcoreapp3.0/es/C1.WPF.4.5.2.resources.dll
1>                C:\Users\hansnguyen\.nuget\packages\c1.xaml.wpf\4.5.20213.749\lib\netcoreapp3.0\fi\C1.WPF.4.5.2.resources.dll
1>                        AssetType=resources
1>                        CopyLocal=true
1>                        Culture=fi
1>                        DestinationSubDirectory=fi\
1>                        DestinationSubPath=fi\C1.WPF.4.5.2.resources.dll
1>                        NuGetPackageId=C1.Xaml.WPF
1>                        NuGetPackageVersion=4.5.20213.749
1>                        PathInPackage=lib/netcoreapp3.0/fi/C1.WPF.4.5.2.resources.dll
1>                C:\Users\hansnguyen\.nuget\packages\c1.xaml.wpf\4.5.20213.749\lib\netcoreapp3.0\fr\C1.WPF.4.5.2.resources.dll
1>                        AssetType=resources
1>                        CopyLocal=true
1>                        Culture=fr
1>                        DestinationSubDirectory=fr\
1>                        DestinationSubPath=fr\C1.WPF.4.5.2.resources.dll
1>                        NuGetPackageId=C1.Xaml.WPF
1>                        NuGetPackageVersion=4.5.20213.749
1>                        PathInPackage=lib/netcoreapp3.0/fr/C1.WPF.4.5.2.resources.dll
1>                C:\Users\hansnguyen\.nuget\packages\c1.xaml.wpf\4.5.20213.749\lib\netcoreapp3.0\he\C1.WPF.4.5.2.resources.dll
1>                        AssetType=resources
1>                        CopyLocal=true
1>                        Culture=he
1>                        DestinationSubDirectory=he\
1>                        DestinationSubPath=he\C1.WPF.4.5.2.resources.dll
1>                        NuGetPackageId=C1.Xaml.WPF
1>                        NuGetPackageVersion=4.5.20213.749
1>                        PathInPackage=lib/netcoreapp3.0/he/C1.WPF.4.5.2.resources.dll
1>                C:\Users\hansnguyen\.nuget\packages\c1.xaml.wpf\4.5.20213.749\lib\netcoreapp3.0\it\C1.WPF.4.5.2.resources.dll
1>                        AssetType=resources
1>                        CopyLocal=true
1>                        Culture=it
1>                        DestinationSubDirectory=it\
1>                        DestinationSubPath=it\C1.WPF.4.5.2.resources.dll
1>                        NuGetPackageId=C1.Xaml.WPF
1>                        NuGetPackageVersion=4.5.20213.749
1>                        PathInPackage=lib/netcoreapp3.0/it/C1.WPF.4.5.2.resources.dll
1>                C:\Users\hansnguyen\.nuget\packages\c1.xaml.wpf\4.5.20213.749\lib\netcoreapp3.0\ja\C1.WPF.4.5.2.resources.dll
1>                        AssetType=resources
1>                        CopyLocal=true
1>                        Culture=ja
1>                        DestinationSubDirectory=ja\
1>                        DestinationSubPath=ja\C1.WPF.4.5.2.resources.dll
1>                        NuGetPackageId=C1.Xaml.WPF
1>                        NuGetPackageVersion=4.5.20213.749
1>                        PathInPackage=lib/netcoreapp3.0/ja/C1.WPF.4.5.2.resources.dll
1>                C:\Users\hansnguyen\.nuget\packages\c1.xaml.wpf\4.5.20213.749\lib\netcoreapp3.0\ko\C1.WPF.4.5.2.resources.dll
1>                        AssetType=resources
1>                        CopyLocal=true
1>                        Culture=ko
1>                        DestinationSubDirectory=ko\
1>                        DestinationSubPath=ko\C1.WPF.4.5.2.resources.dll
1>                        NuGetPackageId=C1.Xaml.WPF
1>                        NuGetPackageVersion=4.5.20213.749
1>                        PathInPackage=lib/netcoreapp3.0/ko/C1.WPF.4.5.2.resources.dll
1>                C:\Users\hansnguyen\.nuget\packages\c1.xaml.wpf\4.5.20213.749\lib\netcoreapp3.0\nl\C1.WPF.4.5.2.resources.dll
1>                        AssetType=resources
1>                        CopyLocal=true
1>                        Culture=nl
1>                        DestinationSubDirectory=nl\
1>                        DestinationSubPath=nl\C1.WPF.4.5.2.resources.dll
1>                        NuGetPackageId=C1.Xaml.WPF
1>                        NuGetPackageVersion=4.5.20213.749
1>                        PathInPackage=lib/netcoreapp3.0/nl/C1.WPF.4.5.2.resources.dll
1>                C:\Users\hansnguyen\.nuget\packages\c1.xaml.wpf\4.5.20213.749\lib\netcoreapp3.0\no\C1.WPF.4.5.2.resources.dll
1>                        AssetType=resources
1>                        CopyLocal=true
1>                        Culture=no
1>                        DestinationSubDirectory=no\
1>                        DestinationSubPath=no\C1.WPF.4.5.2.resources.dll
1>                        NuGetPackageId=C1.Xaml.WPF
1>                        NuGetPackageVersion=4.5.20213.749
1>                        PathInPackage=lib/netcoreapp3.0/no/C1.WPF.4.5.2.resources.dll
1>                C:\Users\hansnguyen\.nuget\packages\c1.xaml.wpf\4.5.20213.749\lib\netcoreapp3.0\pl\C1.WPF.4.5.2.resources.dll
1>                        AssetType=resources
1>                        CopyLocal=true
1>                        Culture=pl
1>                        DestinationSubDirectory=pl\
1>                        DestinationSubPath=pl\C1.WPF.4.5.2.resources.dll
1>                        NuGetPackageId=C1.Xaml.WPF
1>                        NuGetPackageVersion=4.5.20213.749
1>                        PathInPackage=lib/netcoreapp3.0/pl/C1.WPF.4.5.2.resources.dll
1>                C:\Users\hansnguyen\.nuget\packages\c1.xaml.wpf\4.5.20213.749\lib\netcoreapp3.0\pt\C1.WPF.4.5.2.resources.dll
1>                        AssetType=resources
1>                        CopyLocal=true
1>                        Culture=pt
1>                        DestinationSubDirectory=pt\
1>                        DestinationSubPath=pt\C1.WPF.4.5.2.resources.dll
1>                        NuGetPackageId=C1.Xaml.WPF
1>                        NuGetPackageVersion=4.5.20213.749
1>                        PathInPackage=lib/netcoreapp3.0/pt/C1.WPF.4.5.2.resources.dll
1>                C:\Users\hansnguyen\.nuget\packages\c1.xaml.wpf\4.5.20213.749\lib\netcoreapp3.0\ro\C1.WPF.4.5.2.resources.dll
1>                        AssetType=resources
1>                        CopyLocal=true
1>                        Culture=ro
1>                        DestinationSubDirectory=ro\
1>                        DestinationSubPath=ro\C1.WPF.4.5.2.resources.dll
1>                        NuGetPackageId=C1.Xaml.WPF
1>                        NuGetPackageVersion=4.5.20213.749
1>                        PathInPackage=lib/netcoreapp3.0/ro/C1.WPF.4.5.2.resources.dll
1>                C:\Users\hansnguyen\.nuget\packages\c1.xaml.wpf\4.5.20213.749\lib\netcoreapp3.0\ru\C1.WPF.4.5.2.resources.dll
1>                        AssetType=resources
1>                        CopyLocal=true
1>                        Culture=ru
1>                        DestinationSubDirectory=ru\
1>                        DestinationSubPath=ru\C1.WPF.4.5.2.resources.dll
1>                        NuGetPackageId=C1.Xaml.WPF
1>                        NuGetPackageVersion=4.5.20213.749
1>                        PathInPackage=lib/netcoreapp3.0/ru/C1.WPF.4.5.2.resources.dll
1>                C:\Users\hansnguyen\.nuget\packages\c1.xaml.wpf\4.5.20213.749\lib\netcoreapp3.0\sk\C1.WPF.4.5.2.resources.dll
1>                        AssetType=resources
1>                        CopyLocal=true
1>                        Culture=sk
1>                        DestinationSubDirectory=sk\
1>                        DestinationSubPath=sk\C1.WPF.4.5.2.resources.dll
1>                        NuGetPackageId=C1.Xaml.WPF
1>                        NuGetPackageVersion=4.5.20213.749
1>                        PathInPackage=lib/netcoreapp3.0/sk/C1.WPF.4.5.2.resources.dll
1>                C:\Users\hansnguyen\.nuget\packages\c1.xaml.wpf\4.5.20213.749\lib\netcoreapp3.0\sv\C1.WPF.4.5.2.resources.dll
1>                        AssetType=resources
1>                        CopyLocal=true
1>                        Culture=sv
1>                        DestinationSubDirectory=sv\
1>                        DestinationSubPath=sv\C1.WPF.4.5.2.resources.dll
1>                        NuGetPackageId=C1.Xaml.WPF
1>                        NuGetPackageVersion=4.5.20213.749
1>                        PathInPackage=lib/netcoreapp3.0/sv/C1.WPF.4.5.2.resources.dll
1>                C:\Users\hansnguyen\.nuget\packages\c1.xaml.wpf\4.5.20213.749\lib\netcoreapp3.0\tr\C1.WPF.4.5.2.resources.dll
1>                        AssetType=resources
1>                        CopyLocal=true
1>                        Culture=tr
1>                        DestinationSubDirectory=tr\
1>                        DestinationSubPath=tr\C1.WPF.4.5.2.resources.dll
1>                        NuGetPackageId=C1.Xaml.WPF
1>                        NuGetPackageVersion=4.5.20213.749
1>                        PathInPackage=lib/netcoreapp3.0/tr/C1.WPF.4.5.2.resources.dll
1>                C:\Users\hansnguyen\.nuget\packages\c1.xaml.wpf\4.5.20213.749\lib\netcoreapp3.0\zh-Hans\C1.WPF.4.5.2.resources.dll
1>                        AssetType=resources
1>                        CopyLocal=true
1>                        Culture=zh-Hans
1>                        DestinationSubDirectory=zh-Hans\
1>                        DestinationSubPath=zh-Hans\C1.WPF.4.5.2.resources.dll
1>                        NuGetPackageId=C1.Xaml.WPF
1>                        NuGetPackageVersion=4.5.20213.749
1>                        PathInPackage=lib/netcoreapp3.0/zh-Hans/C1.WPF.4.5.2.resources.dll
1>                C:\Users\hansnguyen\.nuget\packages\c1.xaml.wpf\4.5.20213.749\lib\netcoreapp3.0\zh-Hant\C1.WPF.4.5.2.resources.dll
1>                        AssetType=resources
1>                        CopyLocal=true
1>                        Culture=zh-Hant
1>                        DestinationSubDirectory=zh-Hant\
1>                        DestinationSubPath=zh-Hant\C1.WPF.4.5.2.resources.dll
1>                        NuGetPackageId=C1.Xaml.WPF
1>                        NuGetPackageVersion=4.5.20213.749
1>                        PathInPackage=lib/netcoreapp3.0/zh-Hant/C1.WPF.4.5.2.resources.dll
1>                C:\Users\hansnguyen\.nuget\packages\c1.xaml.wpf\4.5.20213.749\lib\netcoreapp3.0\zh\C1.WPF.4.5.2.resources.dll
1>                        AssetType=resources
1>                        CopyLocal=true
1>                        Culture=zh
1>                        DestinationSubDirectory=zh\
1>                        DestinationSubPath=zh\C1.WPF.4.5.2.resources.dll
1>                        NuGetPackageId=C1.Xaml.WPF
1>                        NuGetPackageVersion=4.5.20213.749
1>                        PathInPackage=lib/netcoreapp3.0/zh/C1.WPF.4.5.2.resources.dll
1>                C:\Users\hansnguyen\.nuget\packages\c1.xaml.wpf.flexgrid.grouppanel\4.5.20213.749\lib\netcoreapp3.0\ar\C1.WPF.FlexGrid.GroupPanel.4.5.2.resources.dll
1>                        AssetType=resources
1>                        CopyLocal=true
1>                        Culture=ar
1>                        DestinationSubDirectory=ar\
1>                        DestinationSubPath=ar\C1.WPF.FlexGrid.GroupPanel.4.5.2.resources.dll
1>                        NuGetPackageId=C1.Xaml.WPF.FlexGrid.GroupPanel
1>                        NuGetPackageVersion=4.5.20213.749
1>                        PathInPackage=lib/netcoreapp3.0/ar/C1.WPF.FlexGrid.GroupPanel.4.5.2.resources.dll
1>                C:\Users\hansnguyen\.nuget\packages\c1.xaml.wpf.flexgrid.grouppanel\4.5.20213.749\lib\netcoreapp3.0\cs\C1.WPF.FlexGrid.GroupPanel.4.5.2.resources.dll
1>                        AssetType=resources
1>                        CopyLocal=true
1>                        Culture=cs
1>                        DestinationSubDirectory=cs\
1>                        DestinationSubPath=cs\C1.WPF.FlexGrid.GroupPanel.4.5.2.resources.dll
1>                        NuGetPackageId=C1.Xaml.WPF.FlexGrid.GroupPanel
1>                        NuGetPackageVersion=4.5.20213.749
1>                        PathInPackage=lib/netcoreapp3.0/cs/C1.WPF.FlexGrid.GroupPanel.4.5.2.resources.dll
1>                C:\Users\hansnguyen\.nuget\packages\c1.xaml.wpf.flexgrid.grouppanel\4.5.20213.749\lib\netcoreapp3.0\da\C1.WPF.FlexGrid.GroupPanel.4.5.2.resources.dll
1>                        AssetType=resources
1>                        CopyLocal=true
1>                        Culture=da
1>                        DestinationSubDirectory=da\
1>                        DestinationSubPath=da\C1.WPF.FlexGrid.GroupPanel.4.5.2.resources.dll
1>                        NuGetPackageId=C1.Xaml.WPF.FlexGrid.GroupPanel
1>                        NuGetPackageVersion=4.5.20213.749
1>                        PathInPackage=lib/netcoreapp3.0/da/C1.WPF.FlexGrid.GroupPanel.4.5.2.resources.dll
1>                C:\Users\hansnguyen\.nuget\packages\c1.xaml.wpf.flexgrid.grouppanel\4.5.20213.749\lib\netcoreapp3.0\de\C1.WPF.FlexGrid.GroupPanel.4.5.2.resources.dll
1>                        AssetType=resources
1>                        CopyLocal=true
1>                        Culture=de
1>                        DestinationSubDirectory=de\
1>                        DestinationSubPath=de\C1.WPF.FlexGrid.GroupPanel.4.5.2.resources.dll
1>                        NuGetPackageId=C1.Xaml.WPF.FlexGrid.GroupPanel
1>                        NuGetPackageVersion=4.5.20213.749
1>                        PathInPackage=lib/netcoreapp3.0/de/C1.WPF.FlexGrid.GroupPanel.4.5.2.resources.dll
1>                C:\Users\hansnguyen\.nuget\packages\c1.xaml.wpf.flexgrid.grouppanel\4.5.20213.749\lib\netcoreapp3.0\el\C1.WPF.FlexGrid.GroupPanel.4.5.2.resources.dll
1>                        AssetType=resources
1>                        CopyLocal=true
1>                        Culture=el
1>                        DestinationSubDirectory=el\
1>                        DestinationSubPath=el\C1.WPF.FlexGrid.GroupPanel.4.5.2.resources.dll
1>                        NuGetPackageId=C1.Xaml.WPF.FlexGrid.GroupPanel
1>                        NuGetPackageVersion=4.5.20213.749
1>                        PathInPackage=lib/netcoreapp3.0/el/C1.WPF.FlexGrid.GroupPanel.4.5.2.resources.dll
1>                C:\Users\hansnguyen\.nuget\packages\c1.xaml.wpf.flexgrid.grouppanel\4.5.20213.749\lib\netcoreapp3.0\es\C1.WPF.FlexGrid.GroupPanel.4.5.2.resources.dll
1>                        AssetType=resources
1>                        CopyLocal=true
1>                        Culture=es
1>                        DestinationSubDirectory=es\
1>                        DestinationSubPath=es\C1.WPF.FlexGrid.GroupPanel.4.5.2.resources.dll
1>                        NuGetPackageId=C1.Xaml.WPF.FlexGrid.GroupPanel
1>                        NuGetPackageVersion=4.5.20213.749
1>                        PathInPackage=lib/netcoreapp3.0/es/C1.WPF.FlexGrid.GroupPanel.4.5.2.resources.dll
1>                C:\Users\hansnguyen\.nuget\packages\c1.xaml.wpf.flexgrid.grouppanel\4.5.20213.749\lib\netcoreapp3.0\fi\C1.WPF.FlexGrid.GroupPanel.4.5.2.resources.dll
1>                        AssetType=resources
1>                        CopyLocal=true
1>                        Culture=fi
1>                        DestinationSubDirectory=fi\
1>                        DestinationSubPath=fi\C1.WPF.FlexGrid.GroupPanel.4.5.2.resources.dll
1>                        NuGetPackageId=C1.Xaml.WPF.FlexGrid.GroupPanel
1>                        NuGetPackageVersion=4.5.20213.749
1>                        PathInPackage=lib/netcoreapp3.0/fi/C1.WPF.FlexGrid.GroupPanel.4.5.2.resources.dll
1>                C:\Users\hansnguyen\.nuget\packages\c1.xaml.wpf.flexgrid.grouppanel\4.5.20213.749\lib\netcoreapp3.0\fr\C1.WPF.FlexGrid.GroupPanel.4.5.2.resources.dll
1>                        AssetType=resources
1>                        CopyLocal=true
1>                        Culture=fr
1>                        DestinationSubDirectory=fr\
1>                        DestinationSubPath=fr\C1.WPF.FlexGrid.GroupPanel.4.5.2.resources.dll
1>                        NuGetPackageId=C1.Xaml.WPF.FlexGrid.GroupPanel
1>                        NuGetPackageVersion=4.5.20213.749
1>                        PathInPackage=lib/netcoreapp3.0/fr/C1.WPF.FlexGrid.GroupPanel.4.5.2.resources.dll
1>                C:\Users\hansnguyen\.nuget\packages\c1.xaml.wpf.flexgrid.grouppanel\4.5.20213.749\lib\netcoreapp3.0\he\C1.WPF.FlexGrid.GroupPanel.4.5.2.resources.dll
1>                        AssetType=resources
1>                        CopyLocal=true
1>                        Culture=he
1>                        DestinationSubDirectory=he\
1>                        DestinationSubPath=he\C1.WPF.FlexGrid.GroupPanel.4.5.2.resources.dll
1>                        NuGetPackageId=C1.Xaml.WPF.FlexGrid.GroupPanel
1>                        NuGetPackageVersion=4.5.20213.749
1>                        PathInPackage=lib/netcoreapp3.0/he/C1.WPF.FlexGrid.GroupPanel.4.5.2.resources.dll
1>                C:\Users\hansnguyen\.nuget\packages\c1.xaml.wpf.flexgrid.grouppanel\4.5.20213.749\lib\netcoreapp3.0\hi\C1.WPF.FlexGrid.GroupPanel.4.5.2.resources.dll
1>                        AssetType=resources
1>                        CopyLocal=true
1>                        Culture=hi
1>                        DestinationSubDirectory=hi\
1>                        DestinationSubPath=hi\C1.WPF.FlexGrid.GroupPanel.4.5.2.resources.dll
1>                        NuGetPackageId=C1.Xaml.WPF.FlexGrid.GroupPanel
1>                        NuGetPackageVersion=4.5.20213.749
1>                        PathInPackage=lib/netcoreapp3.0/hi/C1.WPF.FlexGrid.GroupPanel.4.5.2.resources.dll
1>                C:\Users\hansnguyen\.nuget\packages\c1.xaml.wpf.flexgrid.grouppanel\4.5.20213.749\lib\netcoreapp3.0\it\C1.WPF.FlexGrid.GroupPanel.4.5.2.resources.dll
1>                        AssetType=resources
1>                        CopyLocal=true
1>                        Culture=it
1>                        DestinationSubDirectory=it\
1>                        DestinationSubPath=it\C1.WPF.FlexGrid.GroupPanel.4.5.2.resources.dll
1>                        NuGetPackageId=C1.Xaml.WPF.FlexGrid.GroupPanel
1>                        NuGetPackageVersion=4.5.20213.749
1>                        PathInPackage=lib/netcoreapp3.0/it/C1.WPF.FlexGrid.GroupPanel.4.5.2.resources.dll
1>                C:\Users\hansnguyen\.nuget\packages\c1.xaml.wpf.flexgrid.grouppanel\4.5.20213.749\lib\netcoreapp3.0\ja\C1.WPF.FlexGrid.GroupPanel.4.5.2.resources.dll
1>                        AssetType=resources
1>                        CopyLocal=true
1>                        Culture=ja
1>                        DestinationSubDirectory=ja\
1>                        DestinationSubPath=ja\C1.WPF.FlexGrid.GroupPanel.4.5.2.resources.dll
1>                        NuGetPackageId=C1.Xaml.WPF.FlexGrid.GroupPanel
1>                        NuGetPackageVersion=4.5.20213.749
1>                        PathInPackage=lib/netcoreapp3.0/ja/C1.WPF.FlexGrid.GroupPanel.4.5.2.resources.dll
1>                C:\Users\hansnguyen\.nuget\packages\c1.xaml.wpf.flexgrid.grouppanel\4.5.20213.749\lib\netcoreapp3.0\ko\C1.WPF.FlexGrid.GroupPanel.4.5.2.resources.dll
1>                        AssetType=resources
1>                        CopyLocal=true
1>                        Culture=ko
1>                        DestinationSubDirectory=ko\
1>                        DestinationSubPath=ko\C1.WPF.FlexGrid.GroupPanel.4.5.2.resources.dll
1>                        NuGetPackageId=C1.Xaml.WPF.FlexGrid.GroupPanel
1>                        NuGetPackageVersion=4.5.20213.749
1>                        PathInPackage=lib/netcoreapp3.0/ko/C1.WPF.FlexGrid.GroupPanel.4.5.2.resources.dll
1>                C:\Users\hansnguyen\.nuget\packages\c1.xaml.wpf.flexgrid.grouppanel\4.5.20213.749\lib\netcoreapp3.0\nl\C1.WPF.FlexGrid.GroupPanel.4.5.2.resources.dll
1>                        AssetType=resources
1>                        CopyLocal=true
1>                        Culture=nl
1>                        DestinationSubDirectory=nl\
1>                        DestinationSubPath=nl\C1.WPF.FlexGrid.GroupPanel.4.5.2.resources.dll
1>                        NuGetPackageId=C1.Xaml.WPF.FlexGrid.GroupPanel
1>                        NuGetPackageVersion=4.5.20213.749
1>                        PathInPackage=lib/netcoreapp3.0/nl/C1.WPF.FlexGrid.GroupPanel.4.5.2.resources.dll
1>                C:\Users\hansnguyen\.nuget\packages\c1.xaml.wpf.flexgrid.grouppanel\4.5.20213.749\lib\netcoreapp3.0\no\C1.WPF.FlexGrid.GroupPanel.4.5.2.resources.dll
1>                        AssetType=resources
1>                        CopyLocal=true
1>                        Culture=no
1>                        DestinationSubDirectory=no\
1>                        DestinationSubPath=no\C1.WPF.FlexGrid.GroupPanel.4.5.2.resources.dll
1>                        NuGetPackageId=C1.Xaml.WPF.FlexGrid.GroupPanel
1>                        NuGetPackageVersion=4.5.20213.749
1>                        PathInPackage=lib/netcoreapp3.0/no/C1.WPF.FlexGrid.GroupPanel.4.5.2.resources.dll
1>                C:\Users\hansnguyen\.nuget\packages\c1.xaml.wpf.flexgrid.grouppanel\4.5.20213.749\lib\netcoreapp3.0\pl\C1.WPF.FlexGrid.GroupPanel.4.5.2.resources.dll
1>                        AssetType=resources
1>                        CopyLocal=true
1>                        Culture=pl
1>                        DestinationSubDirectory=pl\
1>                        DestinationSubPath=pl\C1.WPF.FlexGrid.GroupPanel.4.5.2.resources.dll
1>                        NuGetPackageId=C1.Xaml.WPF.FlexGrid.GroupPanel
1>                        NuGetPackageVersion=4.5.20213.749
1>                        PathInPackage=lib/netcoreapp3.0/pl/C1.WPF.FlexGrid.GroupPanel.4.5.2.resources.dll
1>                C:\Users\hansnguyen\.nuget\packages\c1.xaml.wpf.flexgrid.grouppanel\4.5.20213.749\lib\netcoreapp3.0\pt\C1.WPF.FlexGrid.GroupPanel.4.5.2.resources.dll
1>                        AssetType=resources
1>                        CopyLocal=true
1>                        Culture=pt
1>                        DestinationSubDirectory=pt\
1>                        DestinationSubPath=pt\C1.WPF.FlexGrid.GroupPanel.4.5.2.resources.dll
1>                        NuGetPackageId=C1.Xaml.WPF.FlexGrid.GroupPanel
1>                        NuGetPackageVersion=4.5.20213.749
1>                        PathInPackage=lib/netcoreapp3.0/pt/C1.WPF.FlexGrid.GroupPanel.4.5.2.resources.dll
1>                C:\Users\hansnguyen\.nuget\packages\c1.xaml.wpf.flexgrid.grouppanel\4.5.20213.749\lib\netcoreapp3.0\ro\C1.WPF.FlexGrid.GroupPanel.4.5.2.resources.dll
1>                        AssetType=resources
1>                        CopyLocal=true
1>                        Culture=ro
1>                        DestinationSubDirectory=ro\
1>                        DestinationSubPath=ro\C1.WPF.FlexGrid.GroupPanel.4.5.2.resources.dll
1>                        NuGetPackageId=C1.Xaml.WPF.FlexGrid.GroupPanel
1>                        NuGetPackageVersion=4.5.20213.749
1>                        PathInPackage=lib/netcoreapp3.0/ro/C1.WPF.FlexGrid.GroupPanel.4.5.2.resources.dll
1>                C:\Users\hansnguyen\.nuget\packages\c1.xaml.wpf.flexgrid.grouppanel\4.5.20213.749\lib\netcoreapp3.0\ru\C1.WPF.FlexGrid.GroupPanel.4.5.2.resources.dll
1>                        AssetType=resources
1>                        CopyLocal=true
1>                        Culture=ru
1>                        DestinationSubDirectory=ru\
1>                        DestinationSubPath=ru\C1.WPF.FlexGrid.GroupPanel.4.5.2.resources.dll
1>                        NuGetPackageId=C1.Xaml.WPF.FlexGrid.GroupPanel
1>                        NuGetPackageVersion=4.5.20213.749
1>                        PathInPackage=lib/netcoreapp3.0/ru/C1.WPF.FlexGrid.GroupPanel.4.5.2.resources.dll
1>                C:\Users\hansnguyen\.nuget\packages\c1.xaml.wpf.flexgrid.grouppanel\4.5.20213.749\lib\netcoreapp3.0\sk\C1.WPF.FlexGrid.GroupPanel.4.5.2.resources.dll
1>                        AssetType=resources
1>                        CopyLocal=true
1>                        Culture=sk
1>                        DestinationSubDirectory=sk\
1>                        DestinationSubPath=sk\C1.WPF.FlexGrid.GroupPanel.4.5.2.resources.dll
1>                        NuGetPackageId=C1.Xaml.WPF.FlexGrid.GroupPanel
1>                        NuGetPackageVersion=4.5.20213.749
1>                        PathInPackage=lib/netcoreapp3.0/sk/C1.WPF.FlexGrid.GroupPanel.4.5.2.resources.dll
1>                C:\Users\hansnguyen\.nuget\packages\c1.xaml.wpf.flexgrid.grouppanel\4.5.20213.749\lib\netcoreapp3.0\sv\C1.WPF.FlexGrid.GroupPanel.4.5.2.resources.dll
1>                        AssetType=resources
1>                        CopyLocal=true
1>                        Culture=sv
1>                        DestinationSubDirectory=sv\
1>                        DestinationSubPath=sv\C1.WPF.FlexGrid.GroupPanel.4.5.2.resources.dll
1>                        NuGetPackageId=C1.Xaml.WPF.FlexGrid.GroupPanel
1>                        NuGetPackageVersion=4.5.20213.749
1>                        PathInPackage=lib/netcoreapp3.0/sv/C1.WPF.FlexGrid.GroupPanel.4.5.2.resources.dll
1>                C:\Users\hansnguyen\.nuget\packages\c1.xaml.wpf.flexgrid.grouppanel\4.5.20213.749\lib\netcoreapp3.0\tr\C1.WPF.FlexGrid.GroupPanel.4.5.2.resources.dll
1>                        AssetType=resources
1>                        CopyLocal=true
1>                        Culture=tr
1>                        DestinationSubDirectory=tr\
1>                        DestinationSubPath=tr\C1.WPF.FlexGrid.GroupPanel.4.5.2.resources.dll
1>                        NuGetPackageId=C1.Xaml.WPF.FlexGrid.GroupPanel
1>                        NuGetPackageVersion=4.5.20213.749
1>                        PathInPackage=lib/netcoreapp3.0/tr/C1.WPF.FlexGrid.GroupPanel.4.5.2.resources.dll
1>                C:\Users\hansnguyen\.nuget\packages\c1.xaml.wpf.flexgrid.grouppanel\4.5.20213.749\lib\netcoreapp3.0\zh-Hans\C1.WPF.FlexGrid.GroupPanel.4.5.2.resources.dll
1>                        AssetType=resources
1>                        CopyLocal=true
1>                        Culture=zh-Hans
1>                        DestinationSubDirectory=zh-Hans\
1>                        DestinationSubPath=zh-Hans\C1.WPF.FlexGrid.GroupPanel.4.5.2.resources.dll
1>                        NuGetPackageId=C1.Xaml.WPF.FlexGrid.GroupPanel
1>                        NuGetPackageVersion=4.5.20213.749
1>                        PathInPackage=lib/netcoreapp3.0/zh-Hans/C1.WPF.FlexGrid.GroupPanel.4.5.2.resources.dll
1>                C:\Users\hansnguyen\.nuget\packages\c1.xaml.wpf.flexgrid.grouppanel\4.5.20213.749\lib\netcoreapp3.0\zh-Hant\C1.WPF.FlexGrid.GroupPanel.4.5.2.resources.dll
1>                        AssetType=resources
1>                        CopyLocal=true
1>                        Culture=zh-Hant
1>                        DestinationSubDirectory=zh-Hant\
1>                        DestinationSubPath=zh-Hant\C1.WPF.FlexGrid.GroupPanel.4.5.2.resources.dll
1>                        NuGetPackageId=C1.Xaml.WPF.FlexGrid.GroupPanel
1>                        NuGetPackageVersion=4.5.20213.749
1>                        PathInPackage=lib/netcoreapp3.0/zh-Hant/C1.WPF.FlexGrid.GroupPanel.4.5.2.resources.dll
1>                C:\Users\hansnguyen\.nuget\packages\c1.xaml.wpf.flexgrid.grouppanel\4.5.20213.749\lib\netcoreapp3.0\zh\C1.WPF.FlexGrid.GroupPanel.4.5.2.resources.dll
1>                        AssetType=resources
1>                        CopyLocal=true
1>                        Culture=zh
1>                        DestinationSubDirectory=zh\
1>                        DestinationSubPath=zh\C1.WPF.FlexGrid.GroupPanel.4.5.2.resources.dll
1>                        NuGetPackageId=C1.Xaml.WPF.FlexGrid.GroupPanel
1>                        NuGetPackageVersion=4.5.20213.749
1>                        PathInPackage=lib/netcoreapp3.0/zh/C1.WPF.FlexGrid.GroupPanel.4.5.2.resources.dll
1>                C:\Users\hansnguyen\.nuget\packages\c1.xaml.wpf.flexgridfilter\4.5.20213.749\lib\netcoreapp3.0\ar\C1.WPF.FlexGridFilter.4.5.2.resources.dll
1>                        AssetType=resources
1>                        CopyLocal=true
1>                        Culture=ar
1>                        DestinationSubDirectory=ar\
1>                        DestinationSubPath=ar\C1.WPF.FlexGridFilter.4.5.2.resources.dll
1>                        NuGetPackageId=C1.Xaml.WPF.FlexGridFilter
1>                        NuGetPackageVersion=4.5.20213.749
1>                        PathInPackage=lib/netcoreapp3.0/ar/C1.WPF.FlexGridFilter.4.5.2.resources.dll
1>                C:\Users\hansnguyen\.nuget\packages\c1.xaml.wpf.flexgridfilter\4.5.20213.749\lib\netcoreapp3.0\cs\C1.WPF.FlexGridFilter.4.5.2.resources.dll
1>                        AssetType=resources
1>                        CopyLocal=true
1>                        Culture=cs
1>                        DestinationSubDirectory=cs\
1>                        DestinationSubPath=cs\C1.WPF.FlexGridFilter.4.5.2.resources.dll
1>                        NuGetPackageId=C1.Xaml.WPF.FlexGridFilter
1>                        NuGetPackageVersion=4.5.20213.749
1>                        PathInPackage=lib/netcoreapp3.0/cs/C1.WPF.FlexGridFilter.4.5.2.resources.dll
1>                C:\Users\hansnguyen\.nuget\packages\c1.xaml.wpf.flexgridfilter\4.5.20213.749\lib\netcoreapp3.0\da\C1.WPF.FlexGridFilter.4.5.2.resources.dll
1>                        AssetType=resources
1>                        CopyLocal=true
1>                        Culture=da
1>                        DestinationSubDirectory=da\
1>                        DestinationSubPath=da\C1.WPF.FlexGridFilter.4.5.2.resources.dll
1>                        NuGetPackageId=C1.Xaml.WPF.FlexGridFilter
1>                        NuGetPackageVersion=4.5.20213.749
1>                        PathInPackage=lib/netcoreapp3.0/da/C1.WPF.FlexGridFilter.4.5.2.resources.dll
1>                C:\Users\hansnguyen\.nuget\packages\c1.xaml.wpf.flexgridfilter\4.5.20213.749\lib\netcoreapp3.0\de\C1.WPF.FlexGridFilter.4.5.2.resources.dll
1>                        AssetType=resources
1>                        CopyLocal=true
1>                        Culture=de
1>                        DestinationSubDirectory=de\
1>                        DestinationSubPath=de\C1.WPF.FlexGridFilter.4.5.2.resources.dll
1>                        NuGetPackageId=C1.Xaml.WPF.FlexGridFilter
1>                        NuGetPackageVersion=4.5.20213.749
1>                        PathInPackage=lib/netcoreapp3.0/de/C1.WPF.FlexGridFilter.4.5.2.resources.dll
1>                C:\Users\hansnguyen\.nuget\packages\c1.xaml.wpf.flexgridfilter\4.5.20213.749\lib\netcoreapp3.0\el\C1.WPF.FlexGridFilter.4.5.2.resources.dll
1>                        AssetType=resources
1>                        CopyLocal=true
1>                        Culture=el
1>                        DestinationSubDirectory=el\
1>                        DestinationSubPath=el\C1.WPF.FlexGridFilter.4.5.2.resources.dll
1>                        NuGetPackageId=C1.Xaml.WPF.FlexGridFilter
1>                        NuGetPackageVersion=4.5.20213.749
1>                        PathInPackage=lib/netcoreapp3.0/el/C1.WPF.FlexGridFilter.4.5.2.resources.dll
1>                C:\Users\hansnguyen\.nuget\packages\c1.xaml.wpf.flexgridfilter\4.5.20213.749\lib\netcoreapp3.0\es\C1.WPF.FlexGridFilter.4.5.2.resources.dll
1>                        AssetType=resources
1>                        CopyLocal=true
1>                        Culture=es
1>                        DestinationSubDirectory=es\
1>                        DestinationSubPath=es\C1.WPF.FlexGridFilter.4.5.2.resources.dll
1>                        NuGetPackageId=C1.Xaml.WPF.FlexGridFilter
1>                        NuGetPackageVersion=4.5.20213.749
1>                        PathInPackage=lib/netcoreapp3.0/es/C1.WPF.FlexGridFilter.4.5.2.resources.dll
1>                C:\Users\hansnguyen\.nuget\packages\c1.xaml.wpf.flexgridfilter\4.5.20213.749\lib\netcoreapp3.0\fi\C1.WPF.FlexGridFilter.4.5.2.resources.dll
1>                        AssetType=resources
1>                        CopyLocal=true
1>                        Culture=fi
1>                        DestinationSubDirectory=fi\
1>                        DestinationSubPath=fi\C1.WPF.FlexGridFilter.4.5.2.resources.dll
1>                        NuGetPackageId=C1.Xaml.WPF.FlexGridFilter
1>                        NuGetPackageVersion=4.5.20213.749
1>                        PathInPackage=lib/netcoreapp3.0/fi/C1.WPF.FlexGridFilter.4.5.2.resources.dll
1>                C:\Users\hansnguyen\.nuget\packages\c1.xaml.wpf.flexgridfilter\4.5.20213.749\lib\netcoreapp3.0\fr\C1.WPF.FlexGridFilter.4.5.2.resources.dll
1>                        AssetType=resources
1>                        CopyLocal=true
1>                        Culture=fr
1>                        DestinationSubDirectory=fr\
1>                        DestinationSubPath=fr\C1.WPF.FlexGridFilter.4.5.2.resources.dll
1>                        NuGetPackageId=C1.Xaml.WPF.FlexGridFilter
1>                        NuGetPackageVersion=4.5.20213.749
1>                        PathInPackage=lib/netcoreapp3.0/fr/C1.WPF.FlexGridFilter.4.5.2.resources.dll
1>                C:\Users\hansnguyen\.nuget\packages\c1.xaml.wpf.flexgridfilter\4.5.20213.749\lib\netcoreapp3.0\he\C1.WPF.FlexGridFilter.4.5.2.resources.dll
1>                        AssetType=resources
1>                        CopyLocal=true
1>                        Culture=he
1>                        DestinationSubDirectory=he\
1>                        DestinationSubPath=he\C1.WPF.FlexGridFilter.4.5.2.resources.dll
1>                        NuGetPackageId=C1.Xaml.WPF.FlexGridFilter
1>                        NuGetPackageVersion=4.5.20213.749
1>                        PathInPackage=lib/netcoreapp3.0/he/C1.WPF.FlexGridFilter.4.5.2.resources.dll
1>                C:\Users\hansnguyen\.nuget\packages\c1.xaml.wpf.flexgridfilter\4.5.20213.749\lib\netcoreapp3.0\it\C1.WPF.FlexGridFilter.4.5.2.resources.dll
1>                        AssetType=resources
1>                        CopyLocal=true
1>                        Culture=it
1>                        DestinationSubDirectory=it\
1>                        DestinationSubPath=it\C1.WPF.FlexGridFilter.4.5.2.resources.dll
1>                        NuGetPackageId=C1.Xaml.WPF.FlexGridFilter
1>                        NuGetPackageVersion=4.5.20213.749
1>                        PathInPackage=lib/netcoreapp3.0/it/C1.WPF.FlexGridFilter.4.5.2.resources.dll
1>                C:\Users\hansnguyen\.nuget\packages\c1.xaml.wpf.flexgridfilter\4.5.20213.749\lib\netcoreapp3.0\ja\C1.WPF.FlexGridFilter.4.5.2.resources.dll
1>                        AssetType=resources
1>                        CopyLocal=true
1>                        Culture=ja
1>                        DestinationSubDirectory=ja\
1>                        DestinationSubPath=ja\C1.WPF.FlexGridFilter.4.5.2.resources.dll
1>                        NuGetPackageId=C1.Xaml.WPF.FlexGridFilter
1>                        NuGetPackageVersion=4.5.20213.749
1>                        PathInPackage=lib/netcoreapp3.0/ja/C1.WPF.FlexGridFilter.4.5.2.resources.dll
1>                C:\Users\hansnguyen\.nuget\packages\c1.xaml.wpf.flexgridfilter\4.5.20213.749\lib\netcoreapp3.0\ko\C1.WPF.FlexGridFilter.4.5.2.resources.dll
1>                        AssetType=resources
1>                        CopyLocal=true
1>                        Culture=ko
1>                        DestinationSubDirectory=ko\
1>                        DestinationSubPath=ko\C1.WPF.FlexGridFilter.4.5.2.resources.dll
1>                        NuGetPackageId=C1.Xaml.WPF.FlexGridFilter
1>                        NuGetPackageVersion=4.5.20213.749
1>                        PathInPackage=lib/netcoreapp3.0/ko/C1.WPF.FlexGridFilter.4.5.2.resources.dll
1>                C:\Users\hansnguyen\.nuget\packages\c1.xaml.wpf.flexgridfilter\4.5.20213.749\lib\netcoreapp3.0\nl\C1.WPF.FlexGridFilter.4.5.2.resources.dll
1>                        AssetType=resources
1>                        CopyLocal=true
1>                        Culture=nl
1>                        DestinationSubDirectory=nl\
1>                        DestinationSubPath=nl\C1.WPF.FlexGridFilter.4.5.2.resources.dll
1>                        NuGetPackageId=C1.Xaml.WPF.FlexGridFilter
1>                        NuGetPackageVersion=4.5.20213.749
1>                        PathInPackage=lib/netcoreapp3.0/nl/C1.WPF.FlexGridFilter.4.5.2.resources.dll
1>                C:\Users\hansnguyen\.nuget\packages\c1.xaml.wpf.flexgridfilter\4.5.20213.749\lib\netcoreapp3.0\no\C1.WPF.FlexGridFilter.4.5.2.resources.dll
1>                        AssetType=resources
1>                        CopyLocal=true
1>                        Culture=no
1>                        DestinationSubDirectory=no\
1>                        DestinationSubPath=no\C1.WPF.FlexGridFilter.4.5.2.resources.dll
1>                        NuGetPackageId=C1.Xaml.WPF.FlexGridFilter
1>                        NuGetPackageVersion=4.5.20213.749
1>                        PathInPackage=lib/netcoreapp3.0/no/C1.WPF.FlexGridFilter.4.5.2.resources.dll
1>                C:\Users\hansnguyen\.nuget\packages\c1.xaml.wpf.flexgridfilter\4.5.20213.749\lib\netcoreapp3.0\pl\C1.WPF.FlexGridFilter.4.5.2.resources.dll
1>                        AssetType=resources
1>                        CopyLocal=true
1>                        Culture=pl
1>                        DestinationSubDirectory=pl\
1>                        DestinationSubPath=pl\C1.WPF.FlexGridFilter.4.5.2.resources.dll
1>                        NuGetPackageId=C1.Xaml.WPF.FlexGridFilter
1>                        NuGetPackageVersion=4.5.20213.749
1>                        PathInPackage=lib/netcoreapp3.0/pl/C1.WPF.FlexGridFilter.4.5.2.resources.dll
1>                C:\Users\hansnguyen\.nuget\packages\c1.xaml.wpf.flexgridfilter\4.5.20213.749\lib\netcoreapp3.0\pt\C1.WPF.FlexGridFilter.4.5.2.resources.dll
1>                        AssetType=resources
1>                        CopyLocal=true
1>                        Culture=pt
1>                        DestinationSubDirectory=pt\
1>                        DestinationSubPath=pt\C1.WPF.FlexGridFilter.4.5.2.resources.dll
1>                        NuGetPackageId=C1.Xaml.WPF.FlexGridFilter
1>                        NuGetPackageVersion=4.5.20213.749
1>                        PathInPackage=lib/netcoreapp3.0/pt/C1.WPF.FlexGridFilter.4.5.2.resources.dll
1>                C:\Users\hansnguyen\.nuget\packages\c1.xaml.wpf.flexgridfilter\4.5.20213.749\lib\netcoreapp3.0\ro\C1.WPF.FlexGridFilter.4.5.2.resources.dll
1>                        AssetType=resources
1>                        CopyLocal=true
1>                        Culture=ro
1>                        DestinationSubDirectory=ro\
1>                        DestinationSubPath=ro\C1.WPF.FlexGridFilter.4.5.2.resources.dll
1>                        NuGetPackageId=C1.Xaml.WPF.FlexGridFilter
1>                        NuGetPackageVersion=4.5.20213.749
1>                        PathInPackage=lib/netcoreapp3.0/ro/C1.WPF.FlexGridFilter.4.5.2.resources.dll
1>                C:\Users\hansnguyen\.nuget\packages\c1.xaml.wpf.flexgridfilter\4.5.20213.749\lib\netcoreapp3.0\ru\C1.WPF.FlexGridFilter.4.5.2.resources.dll
1>                        AssetType=resources
1>                        CopyLocal=true
1>                        Culture=ru
1>                        DestinationSubDirectory=ru\
1>                        DestinationSubPath=ru\C1.WPF.FlexGridFilter.4.5.2.resources.dll
1>                        NuGetPackageId=C1.Xaml.WPF.FlexGridFilter
1>                        NuGetPackageVersion=4.5.20213.749
1>                        PathInPackage=lib/netcoreapp3.0/ru/C1.WPF.FlexGridFilter.4.5.2.resources.dll
1>                C:\Users\hansnguyen\.nuget\packages\c1.xaml.wpf.flexgridfilter\4.5.20213.749\lib\netcoreapp3.0\sk\C1.WPF.FlexGridFilter.4.5.2.resources.dll
1>                        AssetType=resources
1>                        CopyLocal=true
1>                        Culture=sk
1>                        DestinationSubDirectory=sk\
1>                        DestinationSubPath=sk\C1.WPF.FlexGridFilter.4.5.2.resources.dll
1>                        NuGetPackageId=C1.Xaml.WPF.FlexGridFilter
1>                        NuGetPackageVersion=4.5.20213.749
1>                        PathInPackage=lib/netcoreapp3.0/sk/C1.WPF.FlexGridFilter.4.5.2.resources.dll
1>                C:\Users\hansnguyen\.nuget\packages\c1.xaml.wpf.flexgridfilter\4.5.20213.749\lib\netcoreapp3.0\sv\C1.WPF.FlexGridFilter.4.5.2.resources.dll
1>                        AssetType=resources
1>                        CopyLocal=true
1>                        Culture=sv
1>                        DestinationSubDirectory=sv\
1>                        DestinationSubPath=sv\C1.WPF.FlexGridFilter.4.5.2.resources.dll
1>                        NuGetPackageId=C1.Xaml.WPF.FlexGridFilter
1>                        NuGetPackageVersion=4.5.20213.749
1>                        PathInPackage=lib/netcoreapp3.0/sv/C1.WPF.FlexGridFilter.4.5.2.resources.dll
1>                C:\Users\hansnguyen\.nuget\packages\c1.xaml.wpf.flexgridfilter\4.5.20213.749\lib\netcoreapp3.0\tr\C1.WPF.FlexGridFilter.4.5.2.resources.dll
1>                        AssetType=resources
1>                        CopyLocal=true
1>                        Culture=tr
1>                        DestinationSubDirectory=tr\
1>                        DestinationSubPath=tr\C1.WPF.FlexGridFilter.4.5.2.resources.dll
1>                        NuGetPackageId=C1.Xaml.WPF.FlexGridFilter
1>                        NuGetPackageVersion=4.5.20213.749
1>                        PathInPackage=lib/netcoreapp3.0/tr/C1.WPF.FlexGridFilter.4.5.2.resources.dll
1>                C:\Users\hansnguyen\.nuget\packages\c1.xaml.wpf.flexgridfilter\4.5.20213.749\lib\netcoreapp3.0\zh-Hans\C1.WPF.FlexGridFilter.4.5.2.resources.dll
1>                        AssetType=resources
1>                        CopyLocal=true
1>                        Culture=zh-Hans
1>                        DestinationSubDirectory=zh-Hans\
1>                        DestinationSubPath=zh-Hans\C1.WPF.FlexGridFilter.4.5.2.resources.dll
1>                        NuGetPackageId=C1.Xaml.WPF.FlexGridFilter
1>                        NuGetPackageVersion=4.5.20213.749
1>                        PathInPackage=lib/netcoreapp3.0/zh-Hans/C1.WPF.FlexGridFilter.4.5.2.resources.dll
1>                C:\Users\hansnguyen\.nuget\packages\c1.xaml.wpf.flexgridfilter\4.5.20213.749\lib\netcoreapp3.0\zh-Hant\C1.WPF.FlexGridFilter.4.5.2.resources.dll
1>                        AssetType=resources
1>                        CopyLocal=true
1>                        Culture=zh-Hant
1>                        DestinationSubDirectory=zh-Hant\
1>                        DestinationSubPath=zh-Hant\C1.WPF.FlexGridFilter.4.5.2.resources.dll
1>                        NuGetPackageId=C1.Xaml.WPF.FlexGridFilter
1>                        NuGetPackageVersion=4.5.20213.749
1>                        PathInPackage=lib/netcoreapp3.0/zh-Hant/C1.WPF.FlexGridFilter.4.5.2.resources.dll
1>                C:\Users\hansnguyen\.nuget\packages\c1.xaml.wpf.flexgridfilter\4.5.20213.749\lib\netcoreapp3.0\zh\C1.WPF.FlexGridFilter.4.5.2.resources.dll
1>                        AssetType=resources
1>                        CopyLocal=true
1>                        Culture=zh
1>                        DestinationSubDirectory=zh\
1>                        DestinationSubPath=zh\C1.WPF.FlexGridFilter.4.5.2.resources.dll
1>                        NuGetPackageId=C1.Xaml.WPF.FlexGridFilter
1>                        NuGetPackageVersion=4.5.20213.749
1>                        PathInPackage=lib/netcoreapp3.0/zh/C1.WPF.FlexGridFilter.4.5.2.resources.dll
1>        Output Item(s): 
1>            RuntimeCopyLocalItems=
1>                C:\Users\hansnguyen\.nuget\packages\c1.xaml.wpf\4.5.20213.749\lib\netcoreapp3.0\C1.WPF.4.5.2.dll
1>                        AssetType=runtime
1>                        CopyLocal=true
1>                        DestinationSubPath=C1.WPF.4.5.2.dll
1>                        NuGetPackageId=C1.Xaml.WPF
1>                        NuGetPackageVersion=4.5.20213.749
1>                        PathInPackage=lib/netcoreapp3.0/C1.WPF.4.5.2.dll
1>                C:\Users\hansnguyen\.nuget\packages\c1.xaml.wpf.datetimeeditors\4.5.20213.749\lib\netcoreapp3.0\C1.WPF.DateTimeEditors.4.5.2.dll
1>                        AssetType=runtime
1>                        CopyLocal=true
1>                        DestinationSubPath=C1.WPF.DateTimeEditors.4.5.2.dll
1>                        NuGetPackageId=C1.Xaml.WPF.DateTimeEditors
1>                        NuGetPackageVersion=4.5.20213.749
1>                        PathInPackage=lib/netcoreapp3.0/C1.WPF.DateTimeEditors.4.5.2.dll
1>                C:\Users\hansnguyen\.nuget\packages\c1.xaml.wpf.flexgrid\4.5.20213.749\lib\netcoreapp3.0\C1.WPF.FlexGrid.4.5.2.dll
1>                        AssetType=runtime
1>                        CopyLocal=true
1>                        DestinationSubPath=C1.WPF.FlexGrid.4.5.2.dll
1>                        NuGetPackageId=C1.Xaml.WPF.FlexGrid
1>                        NuGetPackageVersion=4.5.20213.749
1>                        PathInPackage=lib/netcoreapp3.0/C1.WPF.FlexGrid.4.5.2.dll
1>                C:\Users\hansnguyen\.nuget\packages\c1.xaml.wpf.flexgrid.grouppanel\4.5.20213.749\lib\netcoreapp3.0\C1.WPF.FlexGrid.GroupPanel.4.5.2.dll
1>                        AssetType=runtime
1>                        CopyLocal=true
1>                        DestinationSubPath=C1.WPF.FlexGrid.GroupPanel.4.5.2.dll
1>                        NuGetPackageId=C1.Xaml.WPF.FlexGrid.GroupPanel
1>                        NuGetPackageVersion=4.5.20213.749
1>                        PathInPackage=lib/netcoreapp3.0/C1.WPF.FlexGrid.GroupPanel.4.5.2.dll
1>                C:\Users\hansnguyen\.nuget\packages\c1.xaml.wpf.flexgridfilter\4.5.20213.749\lib\netcoreapp3.0\C1.WPF.FlexGridFilter.4.5.2.dll
1>                        AssetType=runtime
1>                        CopyLocal=true
1>                        DestinationSubPath=C1.WPF.FlexGridFilter.4.5.2.dll
1>                        NuGetPackageId=C1.Xaml.WPF.FlexGridFilter
1>                        NuGetPackageVersion=4.5.20213.749
1>                        PathInPackage=lib/netcoreapp3.0/C1.WPF.FlexGridFilter.4.5.2.dll
1>                C:\Users\hansnguyen\.nuget\packages\c1.xaml.wpf.toolbar\4.5.20213.749\lib\netcoreapp3.0\C1.WPF.Toolbar.4.5.2.dll
1>                        AssetType=runtime
1>                        CopyLocal=true
1>                        DestinationSubPath=C1.WPF.Toolbar.4.5.2.dll
1>                        NuGetPackageId=C1.Xaml.WPF.Toolbar
1>                        NuGetPackageVersion=4.5.20213.749
1>                        PathInPackage=lib/netcoreapp3.0/C1.WPF.Toolbar.4.5.2.dll
1>        Output Item(s): 
1>            ResolvedCompileFileDefinitions=
1>                C:\Users\hansnguyen\.nuget\packages\c1.xaml.wpf\4.5.20213.749\lib\netcoreapp3.0\C1.WPF.4.5.2.dll
1>                        ExternallyResolved=true
1>                        HintPath=C:\Users\hansnguyen\.nuget\packages\c1.xaml.wpf\4.5.20213.749\lib\netcoreapp3.0\C1.WPF.4.5.2.dll
1>                        NuGetPackageId=C1.Xaml.WPF
1>                        NuGetPackageVersion=4.5.20213.749
1>                        NuGetSourceType=Package
1>                        PathInPackage=lib/netcoreapp3.0/C1.WPF.4.5.2.dll
1>                        Private=false
1>                C:\Users\hansnguyen\.nuget\packages\c1.xaml.wpf.datetimeeditors\4.5.20213.749\lib\netcoreapp3.0\C1.WPF.DateTimeEditors.4.5.2.dll
1>                        ExternallyResolved=true
1>                        HintPath=C:\Users\hansnguyen\.nuget\packages\c1.xaml.wpf.datetimeeditors\4.5.20213.749\lib\netcoreapp3.0\C1.WPF.DateTimeEditors.4.5.2.dll
1>                        NuGetPackageId=C1.Xaml.WPF.DateTimeEditors
1>                        NuGetPackageVersion=4.5.20213.749
1>                        NuGetSourceType=Package
1>                        PathInPackage=lib/netcoreapp3.0/C1.WPF.DateTimeEditors.4.5.2.dll
1>                        Private=false
1>                C:\Users\hansnguyen\.nuget\packages\c1.xaml.wpf.flexgrid\4.5.20213.749\lib\netcoreapp3.0\C1.WPF.FlexGrid.4.5.2.dll
1>                        ExternallyResolved=true
1>                        HintPath=C:\Users\hansnguyen\.nuget\packages\c1.xaml.wpf.flexgrid\4.5.20213.749\lib\netcoreapp3.0\C1.WPF.FlexGrid.4.5.2.dll
1>                        NuGetPackageId=C1.Xaml.WPF.FlexGrid
1>                        NuGetPackageVersion=4.5.20213.749
1>                        NuGetSourceType=Package
1>                        PathInPackage=lib/netcoreapp3.0/C1.WPF.FlexGrid.4.5.2.dll
1>                        Private=false
1>                C:\Users\hansnguyen\.nuget\packages\c1.xaml.wpf.flexgrid.grouppanel\4.5.20213.749\lib\netcoreapp3.0\C1.WPF.FlexGrid.GroupPanel.4.5.2.dll
1>                        ExternallyResolved=true
1>                        HintPath=C:\Users\hansnguyen\.nuget\packages\c1.xaml.wpf.flexgrid.grouppanel\4.5.20213.749\lib\netcoreapp3.0\C1.WPF.FlexGrid.GroupPanel.4.5.2.dll
1>                        NuGetPackageId=C1.Xaml.WPF.FlexGrid.GroupPanel
1>                        NuGetPackageVersion=4.5.20213.749
1>                        NuGetSourceType=Package
1>                        PathInPackage=lib/netcoreapp3.0/C1.WPF.FlexGrid.GroupPanel.4.5.2.dll
1>                        Private=false
1>                C:\Users\hansnguyen\.nuget\packages\c1.xaml.wpf.flexgridfilter\4.5.20213.749\lib\netcoreapp3.0\C1.WPF.FlexGridFilter.4.5.2.dll
1>                        ExternallyResolved=true
1>                        HintPath=C:\Users\hansnguyen\.nuget\packages\c1.xaml.wpf.flexgridfilter\4.5.20213.749\lib\netcoreapp3.0\C1.WPF.FlexGridFilter.4.5.2.dll
1>                        NuGetPackageId=C1.Xaml.WPF.FlexGridFilter
1>                        NuGetPackageVersion=4.5.20213.749
1>                        NuGetSourceType=Package
1>                        PathInPackage=lib/netcoreapp3.0/C1.WPF.FlexGridFilter.4.5.2.dll
1>                        Private=false
1>                C:\Users\hansnguyen\.nuget\packages\c1.xaml.wpf.toolbar\4.5.20213.749\lib\netcoreapp3.0\C1.WPF.Toolbar.4.5.2.dll
1>                        ExternallyResolved=true
1>                        HintPath=C:\Users\hansnguyen\.nuget\packages\c1.xaml.wpf.toolbar\4.5.20213.749\lib\netcoreapp3.0\C1.WPF.Toolbar.4.5.2.dll
1>                        NuGetPackageId=C1.Xaml.WPF.Toolbar
1>                        NuGetPackageVersion=4.5.20213.749
1>                        NuGetSourceType=Package
1>                        PathInPackage=lib/netcoreapp3.0/C1.WPF.Toolbar.4.5.2.dll
1>                        Private=false
1>        Output Item(s): 
1>            AssetsFilePackageFolder=
1>                C:\Users\hansnguyen\.nuget\packages\
1>                C:\Program Files (x86)\Microsoft Visual Studio\Shared\NuGetPackages
1>                C:\Program Files (x86)\Microsoft\Xamarin\NuGet\
1>                C:\Program Files\dotnet\sdk\NuGetFallbackFolder
1>        Output Item(s): 
1>            PackageDependencies=
1>                C1.Xaml.WPF
1>                C1.Xaml.WPF.DateTimeEditors
1>                C1.Xaml.WPF.FlexGrid
1>                C1.Xaml.WPF.FlexGrid.GroupPanel
1>                C1.Xaml.WPF.FlexGridFilter
1>                C1.Xaml.WPF.Toolbar
1>      Done executing task "ResolvePackageAssets".
1>    Done building target "ResolvePackageAssets" in project "GridWithMenuApp1_VS2022_nesf0oga_wpftmp.csproj".
1>    Target "AdjustDefaultPlatformTargetForNetFrameworkExeWithNoNativeCopyLocalItems" skipped, due to false condition; ('$(_UsingDefaultPlatformTarget)' == 'true' and
1>                         '$(_UsingDefaultRuntimeIdentifier)' == 'true') was evaluated as ('true' == 'true' and
1>                         '' == 'true').
1>    Target "_CheckForTransitiveWindowsDesktopDependencies" skipped, due to false condition; ('$(TargetFrameworkIdentifier)' == '.NETCoreApp' and $([MSBuild]::VersionGreaterThanOrEquals($(_TargetFrameworkVersionWithoutV), '5.0')) and '$(TargetPlatformIdentifier)' != 'Windows' and '@(TransitiveFrameworkReference)' != '') was evaluated as ('.NETCoreApp' == '.NETCoreApp' and False and 'Windows' != 'Windows' and '' != '').
1>    Target "AddTransitiveFrameworkReferences" skipped, due to false condition; ('@(TransitiveFrameworkReference)' != '') was evaluated as ('' != '').
1>    Target "ResolveLockFileReferences" in file "C:\Program Files\dotnet\sdk\6.0.100-preview.7.21379.14\Sdks\Microsoft.NET.Sdk\targets\Microsoft.PackageDependencyResolution.targets":
1>      Using "JoinItems" task from assembly "C:\Program Files\dotnet\sdk\6.0.100-preview.7.21379.14\Sdks\Microsoft.NET.Sdk\targets\..\tools\net472\Microsoft.NET.Build.Tasks.dll".
1>      Task "JoinItems"
1>        Task Parameter:RightMetadata=*
1>        Task Parameter:LeftMetadata=*
1>        Task Parameter:LeftKey=FileName
1>        Task Parameter:
1>            Left=
1>                C:\Users\hansnguyen\.nuget\packages\c1.xaml.wpf\4.5.20213.749\lib\netcoreapp3.0\C1.WPF.4.5.2.dll
1>                        ExternallyResolved=true
1>                        HintPath=C:\Users\hansnguyen\.nuget\packages\c1.xaml.wpf\4.5.20213.749\lib\netcoreapp3.0\C1.WPF.4.5.2.dll
1>                        NuGetPackageId=C1.Xaml.WPF
1>                        NuGetPackageVersion=4.5.20213.749
1>                        NuGetSourceType=Package
1>                        PathInPackage=lib/netcoreapp3.0/C1.WPF.4.5.2.dll
1>                        Private=false
1>                C:\Users\hansnguyen\.nuget\packages\c1.xaml.wpf.datetimeeditors\4.5.20213.749\lib\netcoreapp3.0\C1.WPF.DateTimeEditors.4.5.2.dll
1>                        ExternallyResolved=true
1>                        HintPath=C:\Users\hansnguyen\.nuget\packages\c1.xaml.wpf.datetimeeditors\4.5.20213.749\lib\netcoreapp3.0\C1.WPF.DateTimeEditors.4.5.2.dll
1>                        NuGetPackageId=C1.Xaml.WPF.DateTimeEditors
1>                        NuGetPackageVersion=4.5.20213.749
1>                        NuGetSourceType=Package
1>                        PathInPackage=lib/netcoreapp3.0/C1.WPF.DateTimeEditors.4.5.2.dll
1>                        Private=false
1>                C:\Users\hansnguyen\.nuget\packages\c1.xaml.wpf.flexgrid\4.5.20213.749\lib\netcoreapp3.0\C1.WPF.FlexGrid.4.5.2.dll
1>                        ExternallyResolved=true
1>                        HintPath=C:\Users\hansnguyen\.nuget\packages\c1.xaml.wpf.flexgrid\4.5.20213.749\lib\netcoreapp3.0\C1.WPF.FlexGrid.4.5.2.dll
1>                        NuGetPackageId=C1.Xaml.WPF.FlexGrid
1>                        NuGetPackageVersion=4.5.20213.749
1>                        NuGetSourceType=Package
1>                        PathInPackage=lib/netcoreapp3.0/C1.WPF.FlexGrid.4.5.2.dll
1>                        Private=false
1>                C:\Users\hansnguyen\.nuget\packages\c1.xaml.wpf.flexgrid.grouppanel\4.5.20213.749\lib\netcoreapp3.0\C1.WPF.FlexGrid.GroupPanel.4.5.2.dll
1>                        ExternallyResolved=true
1>                        HintPath=C:\Users\hansnguyen\.nuget\packages\c1.xaml.wpf.flexgrid.grouppanel\4.5.20213.749\lib\netcoreapp3.0\C1.WPF.FlexGrid.GroupPanel.4.5.2.dll
1>                        NuGetPackageId=C1.Xaml.WPF.FlexGrid.GroupPanel
1>                        NuGetPackageVersion=4.5.20213.749
1>                        NuGetSourceType=Package
1>                        PathInPackage=lib/netcoreapp3.0/C1.WPF.FlexGrid.GroupPanel.4.5.2.dll
1>                        Private=false
1>                C:\Users\hansnguyen\.nuget\packages\c1.xaml.wpf.flexgridfilter\4.5.20213.749\lib\netcoreapp3.0\C1.WPF.FlexGridFilter.4.5.2.dll
1>                        ExternallyResolved=true
1>                        HintPath=C:\Users\hansnguyen\.nuget\packages\c1.xaml.wpf.flexgridfilter\4.5.20213.749\lib\netcoreapp3.0\C1.WPF.FlexGridFilter.4.5.2.dll
1>                        NuGetPackageId=C1.Xaml.WPF.FlexGridFilter
1>                        NuGetPackageVersion=4.5.20213.749
1>                        NuGetSourceType=Package
1>                        PathInPackage=lib/netcoreapp3.0/C1.WPF.FlexGridFilter.4.5.2.dll
1>                        Private=false
1>                C:\Users\hansnguyen\.nuget\packages\c1.xaml.wpf.toolbar\4.5.20213.749\lib\netcoreapp3.0\C1.WPF.Toolbar.4.5.2.dll
1>                        ExternallyResolved=true
1>                        HintPath=C:\Users\hansnguyen\.nuget\packages\c1.xaml.wpf.toolbar\4.5.20213.749\lib\netcoreapp3.0\C1.WPF.Toolbar.4.5.2.dll
1>                        NuGetPackageId=C1.Xaml.WPF.Toolbar
1>                        NuGetPackageVersion=4.5.20213.749
1>                        NuGetSourceType=Package
1>                        PathInPackage=lib/netcoreapp3.0/C1.WPF.Toolbar.4.5.2.dll
1>                        Private=false
1>      Done executing task "JoinItems".
1>      Added Item(s): 
1>          ResolvedCompileFileDefinitionsToAdd=
1>              C:\Users\hansnguyen\.nuget\packages\c1.xaml.wpf\4.5.20213.749\lib\netcoreapp3.0\C1.WPF.4.5.2.dll
1>                      ExternallyResolved=true
1>                      HintPath=C:\Users\hansnguyen\.nuget\packages\c1.xaml.wpf\4.5.20213.749\lib\netcoreapp3.0\C1.WPF.4.5.2.dll
1>                      NuGetPackageId=C1.Xaml.WPF
1>                      NuGetPackageVersion=4.5.20213.749
1>                      NuGetSourceType=Package
1>                      PathInPackage=lib/netcoreapp3.0/C1.WPF.4.5.2.dll
1>                      Private=false
1>              C:\Users\hansnguyen\.nuget\packages\c1.xaml.wpf.datetimeeditors\4.5.20213.749\lib\netcoreapp3.0\C1.WPF.DateTimeEditors.4.5.2.dll
1>                      ExternallyResolved=true
1>                      HintPath=C:\Users\hansnguyen\.nuget\packages\c1.xaml.wpf.datetimeeditors\4.5.20213.749\lib\netcoreapp3.0\C1.WPF.DateTimeEditors.4.5.2.dll
1>                      NuGetPackageId=C1.Xaml.WPF.DateTimeEditors
1>                      NuGetPackageVersion=4.5.20213.749
1>                      NuGetSourceType=Package
1>                      PathInPackage=lib/netcoreapp3.0/C1.WPF.DateTimeEditors.4.5.2.dll
1>                      Private=false
1>              C:\Users\hansnguyen\.nuget\packages\c1.xaml.wpf.flexgrid\4.5.20213.749\lib\netcoreapp3.0\C1.WPF.FlexGrid.4.5.2.dll
1>                      ExternallyResolved=true
1>                      HintPath=C:\Users\hansnguyen\.nuget\packages\c1.xaml.wpf.flexgrid\4.5.20213.749\lib\netcoreapp3.0\C1.WPF.FlexGrid.4.5.2.dll
1>                      NuGetPackageId=C1.Xaml.WPF.FlexGrid
1>                      NuGetPackageVersion=4.5.20213.749
1>                      NuGetSourceType=Package
1>                      PathInPackage=lib/netcoreapp3.0/C1.WPF.FlexGrid.4.5.2.dll
1>                      Private=false
1>              C:\Users\hansnguyen\.nuget\packages\c1.xaml.wpf.flexgrid.grouppanel\4.5.20213.749\lib\netcoreapp3.0\C1.WPF.FlexGrid.GroupPanel.4.5.2.dll
1>                      ExternallyResolved=true
1>                      HintPath=C:\Users\hansnguyen\.nuget\packages\c1.xaml.wpf.flexgrid.grouppanel\4.5.20213.749\lib\netcoreapp3.0\C1.WPF.FlexGrid.GroupPanel.4.5.2.dll
1>                      NuGetPackageId=C1.Xaml.WPF.FlexGrid.GroupPanel
1>                      NuGetPackageVersion=4.5.20213.749
1>                      NuGetSourceType=Package
1>                      PathInPackage=lib/netcoreapp3.0/C1.WPF.FlexGrid.GroupPanel.4.5.2.dll
1>                      Private=false
1>              C:\Users\hansnguyen\.nuget\packages\c1.xaml.wpf.flexgridfilter\4.5.20213.749\lib\netcoreapp3.0\C1.WPF.FlexGridFilter.4.5.2.dll
1>                      ExternallyResolved=true
1>                      HintPath=C:\Users\hansnguyen\.nuget\packages\c1.xaml.wpf.flexgridfilter\4.5.20213.749\lib\netcoreapp3.0\C1.WPF.FlexGridFilter.4.5.2.dll
1>                      NuGetPackageId=C1.Xaml.WPF.FlexGridFilter
1>                      NuGetPackageVersion=4.5.20213.749
1>                      NuGetSourceType=Package
1>                      PathInPackage=lib/netcoreapp3.0/C1.WPF.FlexGridFilter.4.5.2.dll
1>                      Private=false
1>              C:\Users\hansnguyen\.nuget\packages\c1.xaml.wpf.toolbar\4.5.20213.749\lib\netcoreapp3.0\C1.WPF.Toolbar.4.5.2.dll
1>                      ExternallyResolved=true
1>                      HintPath=C:\Users\hansnguyen\.nuget\packages\c1.xaml.wpf.toolbar\4.5.20213.749\lib\netcoreapp3.0\C1.WPF.Toolbar.4.5.2.dll
1>                      NuGetPackageId=C1.Xaml.WPF.Toolbar
1>                      NuGetPackageVersion=4.5.20213.749
1>                      NuGetSourceType=Package
1>                      PathInPackage=lib/netcoreapp3.0/C1.WPF.Toolbar.4.5.2.dll
1>                      Private=false
1>      Added Item(s): 
1>          Reference=
1>              C:\Users\hansnguyen\.nuget\packages\c1.xaml.wpf\4.5.20213.749\lib\netcoreapp3.0\C1.WPF.4.5.2.dll
1>                      ExternallyResolved=true
1>                      HintPath=C:\Users\hansnguyen\.nuget\packages\c1.xaml.wpf\4.5.20213.749\lib\netcoreapp3.0\C1.WPF.4.5.2.dll
1>                      NuGetPackageId=C1.Xaml.WPF
1>                      NuGetPackageVersion=4.5.20213.749
1>                      NuGetSourceType=Package
1>                      PathInPackage=lib/netcoreapp3.0/C1.WPF.4.5.2.dll
1>                      Private=false
1>              C:\Users\hansnguyen\.nuget\packages\c1.xaml.wpf.datetimeeditors\4.5.20213.749\lib\netcoreapp3.0\C1.WPF.DateTimeEditors.4.5.2.dll
1>                      ExternallyResolved=true
1>                      HintPath=C:\Users\hansnguyen\.nuget\packages\c1.xaml.wpf.datetimeeditors\4.5.20213.749\lib\netcoreapp3.0\C1.WPF.DateTimeEditors.4.5.2.dll
1>                      NuGetPackageId=C1.Xaml.WPF.DateTimeEditors
1>                      NuGetPackageVersion=4.5.20213.749
1>                      NuGetSourceType=Package
1>                      PathInPackage=lib/netcoreapp3.0/C1.WPF.DateTimeEditors.4.5.2.dll
1>                      Private=false
1>              C:\Users\hansnguyen\.nuget\packages\c1.xaml.wpf.flexgrid\4.5.20213.749\lib\netcoreapp3.0\C1.WPF.FlexGrid.4.5.2.dll
1>                      ExternallyResolved=true
1>                      HintPath=C:\Users\hansnguyen\.nuget\packages\c1.xaml.wpf.flexgrid\4.5.20213.749\lib\netcoreapp3.0\C1.WPF.FlexGrid.4.5.2.dll
1>                      NuGetPackageId=C1.Xaml.WPF.FlexGrid
1>                      NuGetPackageVersion=4.5.20213.749
1>                      NuGetSourceType=Package
1>                      PathInPackage=lib/netcoreapp3.0/C1.WPF.FlexGrid.4.5.2.dll
1>                      Private=false
1>              C:\Users\hansnguyen\.nuget\packages\c1.xaml.wpf.flexgrid.grouppanel\4.5.20213.749\lib\netcoreapp3.0\C1.WPF.FlexGrid.GroupPanel.4.5.2.dll
1>                      ExternallyResolved=true
1>                      HintPath=C:\Users\hansnguyen\.nuget\packages\c1.xaml.wpf.flexgrid.grouppanel\4.5.20213.749\lib\netcoreapp3.0\C1.WPF.FlexGrid.GroupPanel.4.5.2.dll
1>                      NuGetPackageId=C1.Xaml.WPF.FlexGrid.GroupPanel
1>                      NuGetPackageVersion=4.5.20213.749
1>                      NuGetSourceType=Package
1>                      PathInPackage=lib/netcoreapp3.0/C1.WPF.FlexGrid.GroupPanel.4.5.2.dll
1>                      Private=false
1>              C:\Users\hansnguyen\.nuget\packages\c1.xaml.wpf.flexgridfilter\4.5.20213.749\lib\netcoreapp3.0\C1.WPF.FlexGridFilter.4.5.2.dll
1>                      ExternallyResolved=true
1>                      HintPath=C:\Users\hansnguyen\.nuget\packages\c1.xaml.wpf.flexgridfilter\4.5.20213.749\lib\netcoreapp3.0\C1.WPF.FlexGridFilter.4.5.2.dll
1>                      NuGetPackageId=C1.Xaml.WPF.FlexGridFilter
1>                      NuGetPackageVersion=4.5.20213.749
1>                      NuGetSourceType=Package
1>                      PathInPackage=lib/netcoreapp3.0/C1.WPF.FlexGridFilter.4.5.2.dll
1>                      Private=false
1>              C:\Users\hansnguyen\.nuget\packages\c1.xaml.wpf.toolbar\4.5.20213.749\lib\netcoreapp3.0\C1.WPF.Toolbar.4.5.2.dll
1>                      ExternallyResolved=true
1>                      HintPath=C:\Users\hansnguyen\.nuget\packages\c1.xaml.wpf.toolbar\4.5.20213.749\lib\netcoreapp3.0\C1.WPF.Toolbar.4.5.2.dll
1>                      NuGetPackageId=C1.Xaml.WPF.Toolbar
1>                      NuGetPackageVersion=4.5.20213.749
1>                      NuGetSourceType=Package
1>                      PathInPackage=lib/netcoreapp3.0/C1.WPF.Toolbar.4.5.2.dll
1>                      Private=false
1>    Done building target "ResolveLockFileReferences" in project "GridWithMenuApp1_VS2022_nesf0oga_wpftmp.csproj".
1>    Target "ResolvePackageAssets" skipped. Previously built successfully.
1>    Target "ResolveLockFileAnalyzers" in file "C:\Program Files\dotnet\sdk\6.0.100-preview.7.21379.14\Sdks\Microsoft.NET.Sdk\targets\Microsoft.PackageDependencyResolution.targets":
1>    Done building target "ResolveLockFileAnalyzers" in project "GridWithMenuApp1_VS2022_nesf0oga_wpftmp.csproj".
1>    Target "ResolvePackageAssets" skipped. Previously built successfully.
1>    Target "RunProduceContentAssets" skipped, due to false condition; ('@(_ContentFilesToPreprocess)' != '') was evaluated as ('' != '').
1>    Target "ResolveLockFileCopyLocalFiles" in file "C:\Program Files\dotnet\sdk\6.0.100-preview.7.21379.14\Sdks\Microsoft.NET.Sdk\targets\Microsoft.PackageDependencyResolution.targets":
1>      Added Item(s): 
1>          _ResolvedCopyLocalBuildAssets=
1>              C:\Users\hansnguyen\.nuget\packages\c1.xaml.wpf\4.5.20213.749\lib\netcoreapp3.0\C1.WPF.4.5.2.dll
1>                      AssetType=runtime
1>                      CopyLocal=true
1>                      DestinationSubPath=C1.WPF.4.5.2.dll
1>                      NuGetPackageId=C1.Xaml.WPF
1>                      NuGetPackageVersion=4.5.20213.749
1>                      PathInPackage=lib/netcoreapp3.0/C1.WPF.4.5.2.dll
1>              C:\Users\hansnguyen\.nuget\packages\c1.xaml.wpf.datetimeeditors\4.5.20213.749\lib\netcoreapp3.0\C1.WPF.DateTimeEditors.4.5.2.dll
1>                      AssetType=runtime
1>                      CopyLocal=true
1>                      DestinationSubPath=C1.WPF.DateTimeEditors.4.5.2.dll
1>                      NuGetPackageId=C1.Xaml.WPF.DateTimeEditors
1>                      NuGetPackageVersion=4.5.20213.749
1>                      PathInPackage=lib/netcoreapp3.0/C1.WPF.DateTimeEditors.4.5.2.dll
1>              C:\Users\hansnguyen\.nuget\packages\c1.xaml.wpf.flexgrid\4.5.20213.749\lib\netcoreapp3.0\C1.WPF.FlexGrid.4.5.2.dll
1>                      AssetType=runtime
1>                      CopyLocal=true
1>                      DestinationSubPath=C1.WPF.FlexGrid.4.5.2.dll
1>                      NuGetPackageId=C1.Xaml.WPF.FlexGrid
1>                      NuGetPackageVersion=4.5.20213.749
1>                      PathInPackage=lib/netcoreapp3.0/C1.WPF.FlexGrid.4.5.2.dll
1>              C:\Users\hansnguyen\.nuget\packages\c1.xaml.wpf.flexgrid.grouppanel\4.5.20213.749\lib\netcoreapp3.0\C1.WPF.FlexGrid.GroupPanel.4.5.2.dll
1>                      AssetType=runtime
1>                      CopyLocal=true
1>                      DestinationSubPath=C1.WPF.FlexGrid.GroupPanel.4.5.2.dll
1>                      NuGetPackageId=C1.Xaml.WPF.FlexGrid.GroupPanel
1>                      NuGetPackageVersion=4.5.20213.749
1>                      PathInPackage=lib/netcoreapp3.0/C1.WPF.FlexGrid.GroupPanel.4.5.2.dll
1>              C:\Users\hansnguyen\.nuget\packages\c1.xaml.wpf.flexgridfilter\4.5.20213.749\lib\netcoreapp3.0\C1.WPF.FlexGridFilter.4.5.2.dll
1>                      AssetType=runtime
1>                      CopyLocal=true
1>                      DestinationSubPath=C1.WPF.FlexGridFilter.4.5.2.dll
1>                      NuGetPackageId=C1.Xaml.WPF.FlexGridFilter
1>                      NuGetPackageVersion=4.5.20213.749
1>                      PathInPackage=lib/netcoreapp3.0/C1.WPF.FlexGridFilter.4.5.2.dll
1>              C:\Users\hansnguyen\.nuget\packages\c1.xaml.wpf.toolbar\4.5.20213.749\lib\netcoreapp3.0\C1.WPF.Toolbar.4.5.2.dll
1>                      AssetType=runtime
1>                      CopyLocal=true
1>                      DestinationSubPath=C1.WPF.Toolbar.4.5.2.dll
1>                      NuGetPackageId=C1.Xaml.WPF.Toolbar
1>                      NuGetPackageVersion=4.5.20213.749
1>                      PathInPackage=lib/netcoreapp3.0/C1.WPF.Toolbar.4.5.2.dll
1>      Added Item(s): 
1>          _ResolvedCopyLocalBuildAssets=
1>              C:\Users\hansnguyen\.nuget\packages\c1.xaml.wpf\4.5.20213.749\lib\netcoreapp3.0\ar\C1.WPF.4.5.2.resources.dll
1>                      AssetType=resources
1>                      CopyLocal=true
1>                      Culture=ar
1>                      DestinationSubDirectory=ar\
1>                      DestinationSubPath=ar\C1.WPF.4.5.2.resources.dll
1>                      NuGetPackageId=C1.Xaml.WPF
1>                      NuGetPackageVersion=4.5.20213.749
1>                      PathInPackage=lib/netcoreapp3.0/ar/C1.WPF.4.5.2.resources.dll
1>              C:\Users\hansnguyen\.nuget\packages\c1.xaml.wpf\4.5.20213.749\lib\netcoreapp3.0\cs\C1.WPF.4.5.2.resources.dll
1>                      AssetType=resources
1>                      CopyLocal=true
1>                      Culture=cs
1>                      DestinationSubDirectory=cs\
1>                      DestinationSubPath=cs\C1.WPF.4.5.2.resources.dll
1>                      NuGetPackageId=C1.Xaml.WPF
1>                      NuGetPackageVersion=4.5.20213.749
1>                      PathInPackage=lib/netcoreapp3.0/cs/C1.WPF.4.5.2.resources.dll
1>              C:\Users\hansnguyen\.nuget\packages\c1.xaml.wpf\4.5.20213.749\lib\netcoreapp3.0\da\C1.WPF.4.5.2.resources.dll
1>                      AssetType=resources
1>                      CopyLocal=true
1>                      Culture=da
1>                      DestinationSubDirectory=da\
1>                      DestinationSubPath=da\C1.WPF.4.5.2.resources.dll
1>                      NuGetPackageId=C1.Xaml.WPF
1>                      NuGetPackageVersion=4.5.20213.749
1>                      PathInPackage=lib/netcoreapp3.0/da/C1.WPF.4.5.2.resources.dll
1>              C:\Users\hansnguyen\.nuget\packages\c1.xaml.wpf\4.5.20213.749\lib\netcoreapp3.0\de\C1.WPF.4.5.2.resources.dll
1>                      AssetType=resources
1>                      CopyLocal=true
1>                      Culture=de
1>                      DestinationSubDirectory=de\
1>                      DestinationSubPath=de\C1.WPF.4.5.2.resources.dll
1>                      NuGetPackageId=C1.Xaml.WPF
1>                      NuGetPackageVersion=4.5.20213.749
1>                      PathInPackage=lib/netcoreapp3.0/de/C1.WPF.4.5.2.resources.dll
1>              C:\Users\hansnguyen\.nuget\packages\c1.xaml.wpf\4.5.20213.749\lib\netcoreapp3.0\el\C1.WPF.4.5.2.resources.dll
1>                      AssetType=resources
1>                      CopyLocal=true
1>                      Culture=el
1>                      DestinationSubDirectory=el\
1>                      DestinationSubPath=el\C1.WPF.4.5.2.resources.dll
1>                      NuGetPackageId=C1.Xaml.WPF
1>                      NuGetPackageVersion=4.5.20213.749
1>                      PathInPackage=lib/netcoreapp3.0/el/C1.WPF.4.5.2.resources.dll
1>              C:\Users\hansnguyen\.nuget\packages\c1.xaml.wpf\4.5.20213.749\lib\netcoreapp3.0\es\C1.WPF.4.5.2.resources.dll
1>                      AssetType=resources
1>                      CopyLocal=true
1>                      Culture=es
1>                      DestinationSubDirectory=es\
1>                      DestinationSubPath=es\C1.WPF.4.5.2.resources.dll
1>                      NuGetPackageId=C1.Xaml.WPF
1>                      NuGetPackageVersion=4.5.20213.749
1>                      PathInPackage=lib/netcoreapp3.0/es/C1.WPF.4.5.2.resources.dll
1>              C:\Users\hansnguyen\.nuget\packages\c1.xaml.wpf\4.5.20213.749\lib\netcoreapp3.0\fi\C1.WPF.4.5.2.resources.dll
1>                      AssetType=resources
1>                      CopyLocal=true
1>                      Culture=fi
1>                      DestinationSubDirectory=fi\
1>                      DestinationSubPath=fi\C1.WPF.4.5.2.resources.dll
1>                      NuGetPackageId=C1.Xaml.WPF
1>                      NuGetPackageVersion=4.5.20213.749
1>                      PathInPackage=lib/netcoreapp3.0/fi/C1.WPF.4.5.2.resources.dll
1>              C:\Users\hansnguyen\.nuget\packages\c1.xaml.wpf\4.5.20213.749\lib\netcoreapp3.0\fr\C1.WPF.4.5.2.resources.dll
1>                      AssetType=resources
1>                      CopyLocal=true
1>                      Culture=fr
1>                      DestinationSubDirectory=fr\
1>                      DestinationSubPath=fr\C1.WPF.4.5.2.resources.dll
1>                      NuGetPackageId=C1.Xaml.WPF
1>                      NuGetPackageVersion=4.5.20213.749
1>                      PathInPackage=lib/netcoreapp3.0/fr/C1.WPF.4.5.2.resources.dll
1>              C:\Users\hansnguyen\.nuget\packages\c1.xaml.wpf\4.5.20213.749\lib\netcoreapp3.0\he\C1.WPF.4.5.2.resources.dll
1>                      AssetType=resources
1>                      CopyLocal=true
1>                      Culture=he
1>                      DestinationSubDirectory=he\
1>                      DestinationSubPath=he\C1.WPF.4.5.2.resources.dll
1>                      NuGetPackageId=C1.Xaml.WPF
1>                      NuGetPackageVersion=4.5.20213.749
1>                      PathInPackage=lib/netcoreapp3.0/he/C1.WPF.4.5.2.resources.dll
1>              C:\Users\hansnguyen\.nuget\packages\c1.xaml.wpf\4.5.20213.749\lib\netcoreapp3.0\it\C1.WPF.4.5.2.resources.dll
1>                      AssetType=resources
1>                      CopyLocal=true
1>                      Culture=it
1>                      DestinationSubDirectory=it\
1>                      DestinationSubPath=it\C1.WPF.4.5.2.resources.dll
1>                      NuGetPackageId=C1.Xaml.WPF
1>                      NuGetPackageVersion=4.5.20213.749
1>                      PathInPackage=lib/netcoreapp3.0/it/C1.WPF.4.5.2.resources.dll
1>              C:\Users\hansnguyen\.nuget\packages\c1.xaml.wpf\4.5.20213.749\lib\netcoreapp3.0\ja\C1.WPF.4.5.2.resources.dll
1>                      AssetType=resources
1>                      CopyLocal=true
1>                      Culture=ja
1>                      DestinationSubDirectory=ja\
1>                      DestinationSubPath=ja\C1.WPF.4.5.2.resources.dll
1>                      NuGetPackageId=C1.Xaml.WPF
1>                      NuGetPackageVersion=4.5.20213.749
1>                      PathInPackage=lib/netcoreapp3.0/ja/C1.WPF.4.5.2.resources.dll
1>              C:\Users\hansnguyen\.nuget\packages\c1.xaml.wpf\4.5.20213.749\lib\netcoreapp3.0\ko\C1.WPF.4.5.2.resources.dll
1>                      AssetType=resources
1>                      CopyLocal=true
1>                      Culture=ko
1>                      DestinationSubDirectory=ko\
1>                      DestinationSubPath=ko\C1.WPF.4.5.2.resources.dll
1>                      NuGetPackageId=C1.Xaml.WPF
1>                      NuGetPackageVersion=4.5.20213.749
1>                      PathInPackage=lib/netcoreapp3.0/ko/C1.WPF.4.5.2.resources.dll
1>              C:\Users\hansnguyen\.nuget\packages\c1.xaml.wpf\4.5.20213.749\lib\netcoreapp3.0\nl\C1.WPF.4.5.2.resources.dll
1>                      AssetType=resources
1>                      CopyLocal=true
1>                      Culture=nl
1>                      DestinationSubDirectory=nl\
1>                      DestinationSubPath=nl\C1.WPF.4.5.2.resources.dll
1>                      NuGetPackageId=C1.Xaml.WPF
1>                      NuGetPackageVersion=4.5.20213.749
1>                      PathInPackage=lib/netcoreapp3.0/nl/C1.WPF.4.5.2.resources.dll
1>              C:\Users\hansnguyen\.nuget\packages\c1.xaml.wpf\4.5.20213.749\lib\netcoreapp3.0\no\C1.WPF.4.5.2.resources.dll
1>                      AssetType=resources
1>                      CopyLocal=true
1>                      Culture=no
1>                      DestinationSubDirectory=no\
1>                      DestinationSubPath=no\C1.WPF.4.5.2.resources.dll
1>                      NuGetPackageId=C1.Xaml.WPF
1>                      NuGetPackageVersion=4.5.20213.749
1>                      PathInPackage=lib/netcoreapp3.0/no/C1.WPF.4.5.2.resources.dll
1>              C:\Users\hansnguyen\.nuget\packages\c1.xaml.wpf\4.5.20213.749\lib\netcoreapp3.0\pl\C1.WPF.4.5.2.resources.dll
1>                      AssetType=resources
1>                      CopyLocal=true
1>                      Culture=pl
1>                      DestinationSubDirectory=pl\
1>                      DestinationSubPath=pl\C1.WPF.4.5.2.resources.dll
1>                      NuGetPackageId=C1.Xaml.WPF
1>                      NuGetPackageVersion=4.5.20213.749
1>                      PathInPackage=lib/netcoreapp3.0/pl/C1.WPF.4.5.2.resources.dll
1>              C:\Users\hansnguyen\.nuget\packages\c1.xaml.wpf\4.5.20213.749\lib\netcoreapp3.0\pt\C1.WPF.4.5.2.resources.dll
1>                      AssetType=resources
1>                      CopyLocal=true
1>                      Culture=pt
1>                      DestinationSubDirectory=pt\
1>                      DestinationSubPath=pt\C1.WPF.4.5.2.resources.dll
1>                      NuGetPackageId=C1.Xaml.WPF
1>                      NuGetPackageVersion=4.5.20213.749
1>                      PathInPackage=lib/netcoreapp3.0/pt/C1.WPF.4.5.2.resources.dll
1>              C:\Users\hansnguyen\.nuget\packages\c1.xaml.wpf\4.5.20213.749\lib\netcoreapp3.0\ro\C1.WPF.4.5.2.resources.dll
1>                      AssetType=resources
1>                      CopyLocal=true
1>                      Culture=ro
1>                      DestinationSubDirectory=ro\
1>                      DestinationSubPath=ro\C1.WPF.4.5.2.resources.dll
1>                      NuGetPackageId=C1.Xaml.WPF
1>                      NuGetPackageVersion=4.5.20213.749
1>                      PathInPackage=lib/netcoreapp3.0/ro/C1.WPF.4.5.2.resources.dll
1>              C:\Users\hansnguyen\.nuget\packages\c1.xaml.wpf\4.5.20213.749\lib\netcoreapp3.0\ru\C1.WPF.4.5.2.resources.dll
1>                      AssetType=resources
1>                      CopyLocal=true
1>                      Culture=ru
1>                      DestinationSubDirectory=ru\
1>                      DestinationSubPath=ru\C1.WPF.4.5.2.resources.dll
1>                      NuGetPackageId=C1.Xaml.WPF
1>                      NuGetPackageVersion=4.5.20213.749
1>                      PathInPackage=lib/netcoreapp3.0/ru/C1.WPF.4.5.2.resources.dll
1>              C:\Users\hansnguyen\.nuget\packages\c1.xaml.wpf\4.5.20213.749\lib\netcoreapp3.0\sk\C1.WPF.4.5.2.resources.dll
1>                      AssetType=resources
1>                      CopyLocal=true
1>                      Culture=sk
1>                      DestinationSubDirectory=sk\
1>                      DestinationSubPath=sk\C1.WPF.4.5.2.resources.dll
1>                      NuGetPackageId=C1.Xaml.WPF
1>                      NuGetPackageVersion=4.5.20213.749
1>                      PathInPackage=lib/netcoreapp3.0/sk/C1.WPF.4.5.2.resources.dll
1>              C:\Users\hansnguyen\.nuget\packages\c1.xaml.wpf\4.5.20213.749\lib\netcoreapp3.0\sv\C1.WPF.4.5.2.resources.dll
1>                      AssetType=resources
1>                      CopyLocal=true
1>                      Culture=sv
1>                      DestinationSubDirectory=sv\
1>                      DestinationSubPath=sv\C1.WPF.4.5.2.resources.dll
1>                      NuGetPackageId=C1.Xaml.WPF
1>                      NuGetPackageVersion=4.5.20213.749
1>                      PathInPackage=lib/netcoreapp3.0/sv/C1.WPF.4.5.2.resources.dll
1>              C:\Users\hansnguyen\.nuget\packages\c1.xaml.wpf\4.5.20213.749\lib\netcoreapp3.0\tr\C1.WPF.4.5.2.resources.dll
1>                      AssetType=resources
1>                      CopyLocal=true
1>                      Culture=tr
1>                      DestinationSubDirectory=tr\
1>                      DestinationSubPath=tr\C1.WPF.4.5.2.resources.dll
1>                      NuGetPackageId=C1.Xaml.WPF
1>                      NuGetPackageVersion=4.5.20213.749
1>                      PathInPackage=lib/netcoreapp3.0/tr/C1.WPF.4.5.2.resources.dll
1>              C:\Users\hansnguyen\.nuget\packages\c1.xaml.wpf\4.5.20213.749\lib\netcoreapp3.0\zh-Hans\C1.WPF.4.5.2.resources.dll
1>                      AssetType=resources
1>                      CopyLocal=true
1>                      Culture=zh-Hans
1>                      DestinationSubDirectory=zh-Hans\
1>                      DestinationSubPath=zh-Hans\C1.WPF.4.5.2.resources.dll
1>                      NuGetPackageId=C1.Xaml.WPF
1>                      NuGetPackageVersion=4.5.20213.749
1>                      PathInPackage=lib/netcoreapp3.0/zh-Hans/C1.WPF.4.5.2.resources.dll
1>              C:\Users\hansnguyen\.nuget\packages\c1.xaml.wpf\4.5.20213.749\lib\netcoreapp3.0\zh-Hant\C1.WPF.4.5.2.resources.dll
1>                      AssetType=resources
1>                      CopyLocal=true
1>                      Culture=zh-Hant
1>                      DestinationSubDirectory=zh-Hant\
1>                      DestinationSubPath=zh-Hant\C1.WPF.4.5.2.resources.dll
1>                      NuGetPackageId=C1.Xaml.WPF
1>                      NuGetPackageVersion=4.5.20213.749
1>                      PathInPackage=lib/netcoreapp3.0/zh-Hant/C1.WPF.4.5.2.resources.dll
1>              C:\Users\hansnguyen\.nuget\packages\c1.xaml.wpf\4.5.20213.749\lib\netcoreapp3.0\zh\C1.WPF.4.5.2.resources.dll
1>                      AssetType=resources
1>                      CopyLocal=true
1>                      Culture=zh
1>                      DestinationSubDirectory=zh\
1>                      DestinationSubPath=zh\C1.WPF.4.5.2.resources.dll
1>                      NuGetPackageId=C1.Xaml.WPF
1>                      NuGetPackageVersion=4.5.20213.749
1>                      PathInPackage=lib/netcoreapp3.0/zh/C1.WPF.4.5.2.resources.dll
1>              C:\Users\hansnguyen\.nuget\packages\c1.xaml.wpf.flexgrid.grouppanel\4.5.20213.749\lib\netcoreapp3.0\ar\C1.WPF.FlexGrid.GroupPanel.4.5.2.resources.dll
1>                      AssetType=resources
1>                      CopyLocal=true
1>                      Culture=ar
1>                      DestinationSubDirectory=ar\
1>                      DestinationSubPath=ar\C1.WPF.FlexGrid.GroupPanel.4.5.2.resources.dll
1>                      NuGetPackageId=C1.Xaml.WPF.FlexGrid.GroupPanel
1>                      NuGetPackageVersion=4.5.20213.749
1>                      PathInPackage=lib/netcoreapp3.0/ar/C1.WPF.FlexGrid.GroupPanel.4.5.2.resources.dll
1>              C:\Users\hansnguyen\.nuget\packages\c1.xaml.wpf.flexgrid.grouppanel\4.5.20213.749\lib\netcoreapp3.0\cs\C1.WPF.FlexGrid.GroupPanel.4.5.2.resources.dll
1>                      AssetType=resources
1>                      CopyLocal=true
1>                      Culture=cs
1>                      DestinationSubDirectory=cs\
1>                      DestinationSubPath=cs\C1.WPF.FlexGrid.GroupPanel.4.5.2.resources.dll
1>                      NuGetPackageId=C1.Xaml.WPF.FlexGrid.GroupPanel
1>                      NuGetPackageVersion=4.5.20213.749
1>                      PathInPackage=lib/netcoreapp3.0/cs/C1.WPF.FlexGrid.GroupPanel.4.5.2.resources.dll
1>              C:\Users\hansnguyen\.nuget\packages\c1.xaml.wpf.flexgrid.grouppanel\4.5.20213.749\lib\netcoreapp3.0\da\C1.WPF.FlexGrid.GroupPanel.4.5.2.resources.dll
1>                      AssetType=resources
1>                      CopyLocal=true
1>                      Culture=da
1>                      DestinationSubDirectory=da\
1>                      DestinationSubPath=da\C1.WPF.FlexGrid.GroupPanel.4.5.2.resources.dll
1>                      NuGetPackageId=C1.Xaml.WPF.FlexGrid.GroupPanel
1>                      NuGetPackageVersion=4.5.20213.749
1>                      PathInPackage=lib/netcoreapp3.0/da/C1.WPF.FlexGrid.GroupPanel.4.5.2.resources.dll
1>              C:\Users\hansnguyen\.nuget\packages\c1.xaml.wpf.flexgrid.grouppanel\4.5.20213.749\lib\netcoreapp3.0\de\C1.WPF.FlexGrid.GroupPanel.4.5.2.resources.dll
1>                      AssetType=resources
1>                      CopyLocal=true
1>                      Culture=de
1>                      DestinationSubDirectory=de\
1>                      DestinationSubPath=de\C1.WPF.FlexGrid.GroupPanel.4.5.2.resources.dll
1>                      NuGetPackageId=C1.Xaml.WPF.FlexGrid.GroupPanel
1>                      NuGetPackageVersion=4.5.20213.749
1>                      PathInPackage=lib/netcoreapp3.0/de/C1.WPF.FlexGrid.GroupPanel.4.5.2.resources.dll
1>              C:\Users\hansnguyen\.nuget\packages\c1.xaml.wpf.flexgrid.grouppanel\4.5.20213.749\lib\netcoreapp3.0\el\C1.WPF.FlexGrid.GroupPanel.4.5.2.resources.dll
1>                      AssetType=resources
1>                      CopyLocal=true
1>                      Culture=el
1>                      DestinationSubDirectory=el\
1>                      DestinationSubPath=el\C1.WPF.FlexGrid.GroupPanel.4.5.2.resources.dll
1>                      NuGetPackageId=C1.Xaml.WPF.FlexGrid.GroupPanel
1>                      NuGetPackageVersion=4.5.20213.749
1>                      PathInPackage=lib/netcoreapp3.0/el/C1.WPF.FlexGrid.GroupPanel.4.5.2.resources.dll
1>              C:\Users\hansnguyen\.nuget\packages\c1.xaml.wpf.flexgrid.grouppanel\4.5.20213.749\lib\netcoreapp3.0\es\C1.WPF.FlexGrid.GroupPanel.4.5.2.resources.dll
1>                      AssetType=resources
1>                      CopyLocal=true
1>                      Culture=es
1>                      DestinationSubDirectory=es\
1>                      DestinationSubPath=es\C1.WPF.FlexGrid.GroupPanel.4.5.2.resources.dll
1>                      NuGetPackageId=C1.Xaml.WPF.FlexGrid.GroupPanel
1>                      NuGetPackageVersion=4.5.20213.749
1>                      PathInPackage=lib/netcoreapp3.0/es/C1.WPF.FlexGrid.GroupPanel.4.5.2.resources.dll
1>              C:\Users\hansnguyen\.nuget\packages\c1.xaml.wpf.flexgrid.grouppanel\4.5.20213.749\lib\netcoreapp3.0\fi\C1.WPF.FlexGrid.GroupPanel.4.5.2.resources.dll
1>                      AssetType=resources
1>                      CopyLocal=true
1>                      Culture=fi
1>                      DestinationSubDirectory=fi\
1>                      DestinationSubPath=fi\C1.WPF.FlexGrid.GroupPanel.4.5.2.resources.dll
1>                      NuGetPackageId=C1.Xaml.WPF.FlexGrid.GroupPanel
1>                      NuGetPackageVersion=4.5.20213.749
1>                      PathInPackage=lib/netcoreapp3.0/fi/C1.WPF.FlexGrid.GroupPanel.4.5.2.resources.dll
1>              C:\Users\hansnguyen\.nuget\packages\c1.xaml.wpf.flexgrid.grouppanel\4.5.20213.749\lib\netcoreapp3.0\fr\C1.WPF.FlexGrid.GroupPanel.4.5.2.resources.dll
1>                      AssetType=resources
1>                      CopyLocal=true
1>                      Culture=fr
1>                      DestinationSubDirectory=fr\
1>                      DestinationSubPath=fr\C1.WPF.FlexGrid.GroupPanel.4.5.2.resources.dll
1>                      NuGetPackageId=C1.Xaml.WPF.FlexGrid.GroupPanel
1>                      NuGetPackageVersion=4.5.20213.749
1>                      PathInPackage=lib/netcoreapp3.0/fr/C1.WPF.FlexGrid.GroupPanel.4.5.2.resources.dll
1>              C:\Users\hansnguyen\.nuget\packages\c1.xaml.wpf.flexgrid.grouppanel\4.5.20213.749\lib\netcoreapp3.0\he\C1.WPF.FlexGrid.GroupPanel.4.5.2.resources.dll
1>                      AssetType=resources
1>                      CopyLocal=true
1>                      Culture=he
1>                      DestinationSubDirectory=he\
1>                      DestinationSubPath=he\C1.WPF.FlexGrid.GroupPanel.4.5.2.resources.dll
1>                      NuGetPackageId=C1.Xaml.WPF.FlexGrid.GroupPanel
1>                      NuGetPackageVersion=4.5.20213.749
1>                      PathInPackage=lib/netcoreapp3.0/he/C1.WPF.FlexGrid.GroupPanel.4.5.2.resources.dll
1>              C:\Users\hansnguyen\.nuget\packages\c1.xaml.wpf.flexgrid.grouppanel\4.5.20213.749\lib\netcoreapp3.0\hi\C1.WPF.FlexGrid.GroupPanel.4.5.2.resources.dll
1>                      AssetType=resources
1>                      CopyLocal=true
1>                      Culture=hi
1>                      DestinationSubDirectory=hi\
1>                      DestinationSubPath=hi\C1.WPF.FlexGrid.GroupPanel.4.5.2.resources.dll
1>                      NuGetPackageId=C1.Xaml.WPF.FlexGrid.GroupPanel
1>                      NuGetPackageVersion=4.5.20213.749
1>                      PathInPackage=lib/netcoreapp3.0/hi/C1.WPF.FlexGrid.GroupPanel.4.5.2.resources.dll
1>              C:\Users\hansnguyen\.nuget\packages\c1.xaml.wpf.flexgrid.grouppanel\4.5.20213.749\lib\netcoreapp3.0\it\C1.WPF.FlexGrid.GroupPanel.4.5.2.resources.dll
1>                      AssetType=resources
1>                      CopyLocal=true
1>                      Culture=it
1>                      DestinationSubDirectory=it\
1>                      DestinationSubPath=it\C1.WPF.FlexGrid.GroupPanel.4.5.2.resources.dll
1>                      NuGetPackageId=C1.Xaml.WPF.FlexGrid.GroupPanel
1>                      NuGetPackageVersion=4.5.20213.749
1>                      PathInPackage=lib/netcoreapp3.0/it/C1.WPF.FlexGrid.GroupPanel.4.5.2.resources.dll
1>              C:\Users\hansnguyen\.nuget\packages\c1.xaml.wpf.flexgrid.grouppanel\4.5.20213.749\lib\netcoreapp3.0\ja\C1.WPF.FlexGrid.GroupPanel.4.5.2.resources.dll
1>                      AssetType=resources
1>                      CopyLocal=true
1>                      Culture=ja
1>                      DestinationSubDirectory=ja\
1>                      DestinationSubPath=ja\C1.WPF.FlexGrid.GroupPanel.4.5.2.resources.dll
1>                      NuGetPackageId=C1.Xaml.WPF.FlexGrid.GroupPanel
1>                      NuGetPackageVersion=4.5.20213.749
1>                      PathInPackage=lib/netcoreapp3.0/ja/C1.WPF.FlexGrid.GroupPanel.4.5.2.resources.dll
1>              C:\Users\hansnguyen\.nuget\packages\c1.xaml.wpf.flexgrid.grouppanel\4.5.20213.749\lib\netcoreapp3.0\ko\C1.WPF.FlexGrid.GroupPanel.4.5.2.resources.dll
1>                      AssetType=resources
1>                      CopyLocal=true
1>                      Culture=ko
1>                      DestinationSubDirectory=ko\
1>                      DestinationSubPath=ko\C1.WPF.FlexGrid.GroupPanel.4.5.2.resources.dll
1>                      NuGetPackageId=C1.Xaml.WPF.FlexGrid.GroupPanel
1>                      NuGetPackageVersion=4.5.20213.749
1>                      PathInPackage=lib/netcoreapp3.0/ko/C1.WPF.FlexGrid.GroupPanel.4.5.2.resources.dll
1>              C:\Users\hansnguyen\.nuget\packages\c1.xaml.wpf.flexgrid.grouppanel\4.5.20213.749\lib\netcoreapp3.0\nl\C1.WPF.FlexGrid.GroupPanel.4.5.2.resources.dll
1>                      AssetType=resources
1>                      CopyLocal=true
1>                      Culture=nl
1>                      DestinationSubDirectory=nl\
1>                      DestinationSubPath=nl\C1.WPF.FlexGrid.GroupPanel.4.5.2.resources.dll
1>                      NuGetPackageId=C1.Xaml.WPF.FlexGrid.GroupPanel
1>                      NuGetPackageVersion=4.5.20213.749
1>                      PathInPackage=lib/netcoreapp3.0/nl/C1.WPF.FlexGrid.GroupPanel.4.5.2.resources.dll
1>              C:\Users\hansnguyen\.nuget\packages\c1.xaml.wpf.flexgrid.grouppanel\4.5.20213.749\lib\netcoreapp3.0\no\C1.WPF.FlexGrid.GroupPanel.4.5.2.resources.dll
1>                      AssetType=resources
1>                      CopyLocal=true
1>                      Culture=no
1>                      DestinationSubDirectory=no\
1>                      DestinationSubPath=no\C1.WPF.FlexGrid.GroupPanel.4.5.2.resources.dll
1>                      NuGetPackageId=C1.Xaml.WPF.FlexGrid.GroupPanel
1>                      NuGetPackageVersion=4.5.20213.749
1>                      PathInPackage=lib/netcoreapp3.0/no/C1.WPF.FlexGrid.GroupPanel.4.5.2.resources.dll
1>              C:\Users\hansnguyen\.nuget\packages\c1.xaml.wpf.flexgrid.grouppanel\4.5.20213.749\lib\netcoreapp3.0\pl\C1.WPF.FlexGrid.GroupPanel.4.5.2.resources.dll
1>                      AssetType=resources
1>                      CopyLocal=true
1>                      Culture=pl
1>                      DestinationSubDirectory=pl\
1>                      DestinationSubPath=pl\C1.WPF.FlexGrid.GroupPanel.4.5.2.resources.dll
1>                      NuGetPackageId=C1.Xaml.WPF.FlexGrid.GroupPanel
1>                      NuGetPackageVersion=4.5.20213.749
1>                      PathInPackage=lib/netcoreapp3.0/pl/C1.WPF.FlexGrid.GroupPanel.4.5.2.resources.dll
1>              C:\Users\hansnguyen\.nuget\packages\c1.xaml.wpf.flexgrid.grouppanel\4.5.20213.749\lib\netcoreapp3.0\pt\C1.WPF.FlexGrid.GroupPanel.4.5.2.resources.dll
1>                      AssetType=resources
1>                      CopyLocal=true
1>                      Culture=pt
1>                      DestinationSubDirectory=pt\
1>                      DestinationSubPath=pt\C1.WPF.FlexGrid.GroupPanel.4.5.2.resources.dll
1>                      NuGetPackageId=C1.Xaml.WPF.FlexGrid.GroupPanel
1>                      NuGetPackageVersion=4.5.20213.749
1>                      PathInPackage=lib/netcoreapp3.0/pt/C1.WPF.FlexGrid.GroupPanel.4.5.2.resources.dll
1>              C:\Users\hansnguyen\.nuget\packages\c1.xaml.wpf.flexgrid.grouppanel\4.5.20213.749\lib\netcoreapp3.0\ro\C1.WPF.FlexGrid.GroupPanel.4.5.2.resources.dll
1>                      AssetType=resources
1>                      CopyLocal=true
1>                      Culture=ro
1>                      DestinationSubDirectory=ro\
1>                      DestinationSubPath=ro\C1.WPF.FlexGrid.GroupPanel.4.5.2.resources.dll
1>                      NuGetPackageId=C1.Xaml.WPF.FlexGrid.GroupPanel
1>                      NuGetPackageVersion=4.5.20213.749
1>                      PathInPackage=lib/netcoreapp3.0/ro/C1.WPF.FlexGrid.GroupPanel.4.5.2.resources.dll
1>              C:\Users\hansnguyen\.nuget\packages\c1.xaml.wpf.flexgrid.grouppanel\4.5.20213.749\lib\netcoreapp3.0\ru\C1.WPF.FlexGrid.GroupPanel.4.5.2.resources.dll
1>                      AssetType=resources
1>                      CopyLocal=true
1>                      Culture=ru
1>                      DestinationSubDirectory=ru\
1>                      DestinationSubPath=ru\C1.WPF.FlexGrid.GroupPanel.4.5.2.resources.dll
1>                      NuGetPackageId=C1.Xaml.WPF.FlexGrid.GroupPanel
1>                      NuGetPackageVersion=4.5.20213.749
1>                      PathInPackage=lib/netcoreapp3.0/ru/C1.WPF.FlexGrid.GroupPanel.4.5.2.resources.dll
1>              C:\Users\hansnguyen\.nuget\packages\c1.xaml.wpf.flexgrid.grouppanel\4.5.20213.749\lib\netcoreapp3.0\sk\C1.WPF.FlexGrid.GroupPanel.4.5.2.resources.dll
1>                      AssetType=resources
1>                      CopyLocal=true
1>                      Culture=sk
1>                      DestinationSubDirectory=sk\
1>                      DestinationSubPath=sk\C1.WPF.FlexGrid.GroupPanel.4.5.2.resources.dll
1>                      NuGetPackageId=C1.Xaml.WPF.FlexGrid.GroupPanel
1>                      NuGetPackageVersion=4.5.20213.749
1>                      PathInPackage=lib/netcoreapp3.0/sk/C1.WPF.FlexGrid.GroupPanel.4.5.2.resources.dll
1>              C:\Users\hansnguyen\.nuget\packages\c1.xaml.wpf.flexgrid.grouppanel\4.5.20213.749\lib\netcoreapp3.0\sv\C1.WPF.FlexGrid.GroupPanel.4.5.2.resources.dll
1>                      AssetType=resources
1>                      CopyLocal=true
1>                      Culture=sv
1>                      DestinationSubDirectory=sv\
1>                      DestinationSubPath=sv\C1.WPF.FlexGrid.GroupPanel.4.5.2.resources.dll
1>                      NuGetPackageId=C1.Xaml.WPF.FlexGrid.GroupPanel
1>                      NuGetPackageVersion=4.5.20213.749
1>                      PathInPackage=lib/netcoreapp3.0/sv/C1.WPF.FlexGrid.GroupPanel.4.5.2.resources.dll
1>              C:\Users\hansnguyen\.nuget\packages\c1.xaml.wpf.flexgrid.grouppanel\4.5.20213.749\lib\netcoreapp3.0\tr\C1.WPF.FlexGrid.GroupPanel.4.5.2.resources.dll
1>                      AssetType=resources
1>                      CopyLocal=true
1>                      Culture=tr
1>                      DestinationSubDirectory=tr\
1>                      DestinationSubPath=tr\C1.WPF.FlexGrid.GroupPanel.4.5.2.resources.dll
1>                      NuGetPackageId=C1.Xaml.WPF.FlexGrid.GroupPanel
1>                      NuGetPackageVersion=4.5.20213.749
1>                      PathInPackage=lib/netcoreapp3.0/tr/C1.WPF.FlexGrid.GroupPanel.4.5.2.resources.dll
1>              C:\Users\hansnguyen\.nuget\packages\c1.xaml.wpf.flexgrid.grouppanel\4.5.20213.749\lib\netcoreapp3.0\zh-Hans\C1.WPF.FlexGrid.GroupPanel.4.5.2.resources.dll
1>                      AssetType=resources
1>                      CopyLocal=true
1>                      Culture=zh-Hans
1>                      DestinationSubDirectory=zh-Hans\
1>                      DestinationSubPath=zh-Hans\C1.WPF.FlexGrid.GroupPanel.4.5.2.resources.dll
1>                      NuGetPackageId=C1.Xaml.WPF.FlexGrid.GroupPanel
1>                      NuGetPackageVersion=4.5.20213.749
1>                      PathInPackage=lib/netcoreapp3.0/zh-Hans/C1.WPF.FlexGrid.GroupPanel.4.5.2.resources.dll
1>              C:\Users\hansnguyen\.nuget\packages\c1.xaml.wpf.flexgrid.grouppanel\4.5.20213.749\lib\netcoreapp3.0\zh-Hant\C1.WPF.FlexGrid.GroupPanel.4.5.2.resources.dll
1>                      AssetType=resources
1>                      CopyLocal=true
1>                      Culture=zh-Hant
1>                      DestinationSubDirectory=zh-Hant\
1>                      DestinationSubPath=zh-Hant\C1.WPF.FlexGrid.GroupPanel.4.5.2.resources.dll
1>                      NuGetPackageId=C1.Xaml.WPF.FlexGrid.GroupPanel
1>                      NuGetPackageVersion=4.5.20213.749
1>                      PathInPackage=lib/netcoreapp3.0/zh-Hant/C1.WPF.FlexGrid.GroupPanel.4.5.2.resources.dll
1>              C:\Users\hansnguyen\.nuget\packages\c1.xaml.wpf.flexgrid.grouppanel\4.5.20213.749\lib\netcoreapp3.0\zh\C1.WPF.FlexGrid.GroupPanel.4.5.2.resources.dll
1>                      AssetType=resources
1>                      CopyLocal=true
1>                      Culture=zh
1>                      DestinationSubDirectory=zh\
1>                      DestinationSubPath=zh\C1.WPF.FlexGrid.GroupPanel.4.5.2.resources.dll
1>                      NuGetPackageId=C1.Xaml.WPF.FlexGrid.GroupPanel
1>                      NuGetPackageVersion=4.5.20213.749
1>                      PathInPackage=lib/netcoreapp3.0/zh/C1.WPF.FlexGrid.GroupPanel.4.5.2.resources.dll
1>              C:\Users\hansnguyen\.nuget\packages\c1.xaml.wpf.flexgridfilter\4.5.20213.749\lib\netcoreapp3.0\ar\C1.WPF.FlexGridFilter.4.5.2.resources.dll
1>                      AssetType=resources
1>                      CopyLocal=true
1>                      Culture=ar
1>                      DestinationSubDirectory=ar\
1>                      DestinationSubPath=ar\C1.WPF.FlexGridFilter.4.5.2.resources.dll
1>                      NuGetPackageId=C1.Xaml.WPF.FlexGridFilter
1>                      NuGetPackageVersion=4.5.20213.749
1>                      PathInPackage=lib/netcoreapp3.0/ar/C1.WPF.FlexGridFilter.4.5.2.resources.dll
1>              C:\Users\hansnguyen\.nuget\packages\c1.xaml.wpf.flexgridfilter\4.5.20213.749\lib\netcoreapp3.0\cs\C1.WPF.FlexGridFilter.4.5.2.resources.dll
1>                      AssetType=resources
1>                      CopyLocal=true
1>                      Culture=cs
1>                      DestinationSubDirectory=cs\
1>                      DestinationSubPath=cs\C1.WPF.FlexGridFilter.4.5.2.resources.dll
1>                      NuGetPackageId=C1.Xaml.WPF.FlexGridFilter
1>                      NuGetPackageVersion=4.5.20213.749
1>                      PathInPackage=lib/netcoreapp3.0/cs/C1.WPF.FlexGridFilter.4.5.2.resources.dll
1>              C:\Users\hansnguyen\.nuget\packages\c1.xaml.wpf.flexgridfilter\4.5.20213.749\lib\netcoreapp3.0\da\C1.WPF.FlexGridFilter.4.5.2.resources.dll
1>                      AssetType=resources
1>                      CopyLocal=true
1>                      Culture=da
1>                      DestinationSubDirectory=da\
1>                      DestinationSubPath=da\C1.WPF.FlexGridFilter.4.5.2.resources.dll
1>                      NuGetPackageId=C1.Xaml.WPF.FlexGridFilter
1>                      NuGetPackageVersion=4.5.20213.749
1>                      PathInPackage=lib/netcoreapp3.0/da/C1.WPF.FlexGridFilter.4.5.2.resources.dll
1>              C:\Users\hansnguyen\.nuget\packages\c1.xaml.wpf.flexgridfilter\4.5.20213.749\lib\netcoreapp3.0\de\C1.WPF.FlexGridFilter.4.5.2.resources.dll
1>                      AssetType=resources
1>                      CopyLocal=true
1>                      Culture=de
1>                      DestinationSubDirectory=de\
1>                      DestinationSubPath=de\C1.WPF.FlexGridFilter.4.5.2.resources.dll
1>                      NuGetPackageId=C1.Xaml.WPF.FlexGridFilter
1>                      NuGetPackageVersion=4.5.20213.749
1>                      PathInPackage=lib/netcoreapp3.0/de/C1.WPF.FlexGridFilter.4.5.2.resources.dll
1>              C:\Users\hansnguyen\.nuget\packages\c1.xaml.wpf.flexgridfilter\4.5.20213.749\lib\netcoreapp3.0\el\C1.WPF.FlexGridFilter.4.5.2.resources.dll
1>                      AssetType=resources
1>                      CopyLocal=true
1>                      Culture=el
1>                      DestinationSubDirectory=el\
1>                      DestinationSubPath=el\C1.WPF.FlexGridFilter.4.5.2.resources.dll
1>                      NuGetPackageId=C1.Xaml.WPF.FlexGridFilter
1>                      NuGetPackageVersion=4.5.20213.749
1>                      PathInPackage=lib/netcoreapp3.0/el/C1.WPF.FlexGridFilter.4.5.2.resources.dll
1>              C:\Users\hansnguyen\.nuget\packages\c1.xaml.wpf.flexgridfilter\4.5.20213.749\lib\netcoreapp3.0\es\C1.WPF.FlexGridFilter.4.5.2.resources.dll
1>                      AssetType=resources
1>                      CopyLocal=true
1>                      Culture=es
1>                      DestinationSubDirectory=es\
1>                      DestinationSubPath=es\C1.WPF.FlexGridFilter.4.5.2.resources.dll
1>                      NuGetPackageId=C1.Xaml.WPF.FlexGridFilter
1>                      NuGetPackageVersion=4.5.20213.749
1>                      PathInPackage=lib/netcoreapp3.0/es/C1.WPF.FlexGridFilter.4.5.2.resources.dll
1>              C:\Users\hansnguyen\.nuget\packages\c1.xaml.wpf.flexgridfilter\4.5.20213.749\lib\netcoreapp3.0\fi\C1.WPF.FlexGridFilter.4.5.2.resources.dll
1>                      AssetType=resources
1>                      CopyLocal=true
1>                      Culture=fi
1>                      DestinationSubDirectory=fi\
1>                      DestinationSubPath=fi\C1.WPF.FlexGridFilter.4.5.2.resources.dll
1>                      NuGetPackageId=C1.Xaml.WPF.FlexGridFilter
1>                      NuGetPackageVersion=4.5.20213.749
1>                      PathInPackage=lib/netcoreapp3.0/fi/C1.WPF.FlexGridFilter.4.5.2.resources.dll
1>              C:\Users\hansnguyen\.nuget\packages\c1.xaml.wpf.flexgridfilter\4.5.20213.749\lib\netcoreapp3.0\fr\C1.WPF.FlexGridFilter.4.5.2.resources.dll
1>                      AssetType=resources
1>                      CopyLocal=true
1>                      Culture=fr
1>                      DestinationSubDirectory=fr\
1>                      DestinationSubPath=fr\C1.WPF.FlexGridFilter.4.5.2.resources.dll
1>                      NuGetPackageId=C1.Xaml.WPF.FlexGridFilter
1>                      NuGetPackageVersion=4.5.20213.749
1>                      PathInPackage=lib/netcoreapp3.0/fr/C1.WPF.FlexGridFilter.4.5.2.resources.dll
1>              C:\Users\hansnguyen\.nuget\packages\c1.xaml.wpf.flexgridfilter\4.5.20213.749\lib\netcoreapp3.0\he\C1.WPF.FlexGridFilter.4.5.2.resources.dll
1>                      AssetType=resources
1>                      CopyLocal=true
1>                      Culture=he
1>                      DestinationSubDirectory=he\
1>                      DestinationSubPath=he\C1.WPF.FlexGridFilter.4.5.2.resources.dll
1>                      NuGetPackageId=C1.Xaml.WPF.FlexGridFilter
1>                      NuGetPackageVersion=4.5.20213.749
1>                      PathInPackage=lib/netcoreapp3.0/he/C1.WPF.FlexGridFilter.4.5.2.resources.dll
1>              C:\Users\hansnguyen\.nuget\packages\c1.xaml.wpf.flexgridfilter\4.5.20213.749\lib\netcoreapp3.0\it\C1.WPF.FlexGridFilter.4.5.2.resources.dll
1>                      AssetType=resources
1>                      CopyLocal=true
1>                      Culture=it
1>                      DestinationSubDirectory=it\
1>                      DestinationSubPath=it\C1.WPF.FlexGridFilter.4.5.2.resources.dll
1>                      NuGetPackageId=C1.Xaml.WPF.FlexGridFilter
1>                      NuGetPackageVersion=4.5.20213.749
1>                      PathInPackage=lib/netcoreapp3.0/it/C1.WPF.FlexGridFilter.4.5.2.resources.dll
1>              C:\Users\hansnguyen\.nuget\packages\c1.xaml.wpf.flexgridfilter\4.5.20213.749\lib\netcoreapp3.0\ja\C1.WPF.FlexGridFilter.4.5.2.resources.dll
1>                      AssetType=resources
1>                      CopyLocal=true
1>                      Culture=ja
1>                      DestinationSubDirectory=ja\
1>                      DestinationSubPath=ja\C1.WPF.FlexGridFilter.4.5.2.resources.dll
1>                      NuGetPackageId=C1.Xaml.WPF.FlexGridFilter
1>                      NuGetPackageVersion=4.5.20213.749
1>                      PathInPackage=lib/netcoreapp3.0/ja/C1.WPF.FlexGridFilter.4.5.2.resources.dll
1>              C:\Users\hansnguyen\.nuget\packages\c1.xaml.wpf.flexgridfilter\4.5.20213.749\lib\netcoreapp3.0\ko\C1.WPF.FlexGridFilter.4.5.2.resources.dll
1>                      AssetType=resources
1>                      CopyLocal=true
1>                      Culture=ko
1>                      DestinationSubDirectory=ko\
1>                      DestinationSubPath=ko\C1.WPF.FlexGridFilter.4.5.2.resources.dll
1>                      NuGetPackageId=C1.Xaml.WPF.FlexGridFilter
1>                      NuGetPackageVersion=4.5.20213.749
1>                      PathInPackage=lib/netcoreapp3.0/ko/C1.WPF.FlexGridFilter.4.5.2.resources.dll
1>              C:\Users\hansnguyen\.nuget\packages\c1.xaml.wpf.flexgridfilter\4.5.20213.749\lib\netcoreapp3.0\nl\C1.WPF.FlexGridFilter.4.5.2.resources.dll
1>                      AssetType=resources
1>                      CopyLocal=true
1>                      Culture=nl
1>                      DestinationSubDirectory=nl\
1>                      DestinationSubPath=nl\C1.WPF.FlexGridFilter.4.5.2.resources.dll
1>                      NuGetPackageId=C1.Xaml.WPF.FlexGridFilter
1>                      NuGetPackageVersion=4.5.20213.749
1>                      PathInPackage=lib/netcoreapp3.0/nl/C1.WPF.FlexGridFilter.4.5.2.resources.dll
1>              C:\Users\hansnguyen\.nuget\packages\c1.xaml.wpf.flexgridfilter\4.5.20213.749\lib\netcoreapp3.0\no\C1.WPF.FlexGridFilter.4.5.2.resources.dll
1>                      AssetType=resources
1>                      CopyLocal=true
1>                      Culture=no
1>                      DestinationSubDirectory=no\
1>                      DestinationSubPath=no\C1.WPF.FlexGridFilter.4.5.2.resources.dll
1>                      NuGetPackageId=C1.Xaml.WPF.FlexGridFilter
1>                      NuGetPackageVersion=4.5.20213.749
1>                      PathInPackage=lib/netcoreapp3.0/no/C1.WPF.FlexGridFilter.4.5.2.resources.dll
1>              C:\Users\hansnguyen\.nuget\packages\c1.xaml.wpf.flexgridfilter\4.5.20213.749\lib\netcoreapp3.0\pl\C1.WPF.FlexGridFilter.4.5.2.resources.dll
1>                      AssetType=resources
1>                      CopyLocal=true
1>                      Culture=pl
1>                      DestinationSubDirectory=pl\
1>                      DestinationSubPath=pl\C1.WPF.FlexGridFilter.4.5.2.resources.dll
1>                      NuGetPackageId=C1.Xaml.WPF.FlexGridFilter
1>                      NuGetPackageVersion=4.5.20213.749
1>                      PathInPackage=lib/netcoreapp3.0/pl/C1.WPF.FlexGridFilter.4.5.2.resources.dll
1>              C:\Users\hansnguyen\.nuget\packages\c1.xaml.wpf.flexgridfilter\4.5.20213.749\lib\netcoreapp3.0\pt\C1.WPF.FlexGridFilter.4.5.2.resources.dll
1>                      AssetType=resources
1>                      CopyLocal=true
1>                      Culture=pt
1>                      DestinationSubDirectory=pt\
1>                      DestinationSubPath=pt\C1.WPF.FlexGridFilter.4.5.2.resources.dll
1>                      NuGetPackageId=C1.Xaml.WPF.FlexGridFilter
1>                      NuGetPackageVersion=4.5.20213.749
1>                      PathInPackage=lib/netcoreapp3.0/pt/C1.WPF.FlexGridFilter.4.5.2.resources.dll
1>              C:\Users\hansnguyen\.nuget\packages\c1.xaml.wpf.flexgridfilter\4.5.20213.749\lib\netcoreapp3.0\ro\C1.WPF.FlexGridFilter.4.5.2.resources.dll
1>                      AssetType=resources
1>                      CopyLocal=true
1>                      Culture=ro
1>                      DestinationSubDirectory=ro\
1>                      DestinationSubPath=ro\C1.WPF.FlexGridFilter.4.5.2.resources.dll
1>                      NuGetPackageId=C1.Xaml.WPF.FlexGridFilter
1>                      NuGetPackageVersion=4.5.20213.749
1>                      PathInPackage=lib/netcoreapp3.0/ro/C1.WPF.FlexGridFilter.4.5.2.resources.dll
1>              C:\Users\hansnguyen\.nuget\packages\c1.xaml.wpf.flexgridfilter\4.5.20213.749\lib\netcoreapp3.0\ru\C1.WPF.FlexGridFilter.4.5.2.resources.dll
1>                      AssetType=resources
1>                      CopyLocal=true
1>                      Culture=ru
1>                      DestinationSubDirectory=ru\
1>                      DestinationSubPath=ru\C1.WPF.FlexGridFilter.4.5.2.resources.dll
1>                      NuGetPackageId=C1.Xaml.WPF.FlexGridFilter
1>                      NuGetPackageVersion=4.5.20213.749
1>                      PathInPackage=lib/netcoreapp3.0/ru/C1.WPF.FlexGridFilter.4.5.2.resources.dll
1>              C:\Users\hansnguyen\.nuget\packages\c1.xaml.wpf.flexgridfilter\4.5.20213.749\lib\netcoreapp3.0\sk\C1.WPF.FlexGridFilter.4.5.2.resources.dll
1>                      AssetType=resources
1>                      CopyLocal=true
1>                      Culture=sk
1>                      DestinationSubDirectory=sk\
1>                      DestinationSubPath=sk\C1.WPF.FlexGridFilter.4.5.2.resources.dll
1>                      NuGetPackageId=C1.Xaml.WPF.FlexGridFilter
1>                      NuGetPackageVersion=4.5.20213.749
1>                      PathInPackage=lib/netcoreapp3.0/sk/C1.WPF.FlexGridFilter.4.5.2.resources.dll
1>              C:\Users\hansnguyen\.nuget\packages\c1.xaml.wpf.flexgridfilter\4.5.20213.749\lib\netcoreapp3.0\sv\C1.WPF.FlexGridFilter.4.5.2.resources.dll
1>                      AssetType=resources
1>                      CopyLocal=true
1>                      Culture=sv
1>                      DestinationSubDirectory=sv\
1>                      DestinationSubPath=sv\C1.WPF.FlexGridFilter.4.5.2.resources.dll
1>                      NuGetPackageId=C1.Xaml.WPF.FlexGridFilter
1>                      NuGetPackageVersion=4.5.20213.749
1>                      PathInPackage=lib/netcoreapp3.0/sv/C1.WPF.FlexGridFilter.4.5.2.resources.dll
1>              C:\Users\hansnguyen\.nuget\packages\c1.xaml.wpf.flexgridfilter\4.5.20213.749\lib\netcoreapp3.0\tr\C1.WPF.FlexGridFilter.4.5.2.resources.dll
1>                      AssetType=resources
1>                      CopyLocal=true
1>                      Culture=tr
1>                      DestinationSubDirectory=tr\
1>                      DestinationSubPath=tr\C1.WPF.FlexGridFilter.4.5.2.resources.dll
1>                      NuGetPackageId=C1.Xaml.WPF.FlexGridFilter
1>                      NuGetPackageVersion=4.5.20213.749
1>                      PathInPackage=lib/netcoreapp3.0/tr/C1.WPF.FlexGridFilter.4.5.2.resources.dll
1>              C:\Users\hansnguyen\.nuget\packages\c1.xaml.wpf.flexgridfilter\4.5.20213.749\lib\netcoreapp3.0\zh-Hans\C1.WPF.FlexGridFilter.4.5.2.resources.dll
1>                      AssetType=resources
1>                      CopyLocal=true
1>                      Culture=zh-Hans
1>                      DestinationSubDirectory=zh-Hans\
1>                      DestinationSubPath=zh-Hans\C1.WPF.FlexGridFilter.4.5.2.resources.dll
1>                      NuGetPackageId=C1.Xaml.WPF.FlexGridFilter
1>                      NuGetPackageVersion=4.5.20213.749
1>                      PathInPackage=lib/netcoreapp3.0/zh-Hans/C1.WPF.FlexGridFilter.4.5.2.resources.dll
1>              C:\Users\hansnguyen\.nuget\packages\c1.xaml.wpf.flexgridfilter\4.5.20213.749\lib\netcoreapp3.0\zh-Hant\C1.WPF.FlexGridFilter.4.5.2.resources.dll
1>                      AssetType=resources
1>                      CopyLocal=true
1>                      Culture=zh-Hant
1>                      DestinationSubDirectory=zh-Hant\
1>                      DestinationSubPath=zh-Hant\C1.WPF.FlexGridFilter.4.5.2.resources.dll
1>                      NuGetPackageId=C1.Xaml.WPF.FlexGridFilter
1>                      NuGetPackageVersion=4.5.20213.749
1>                      PathInPackage=lib/netcoreapp3.0/zh-Hant/C1.WPF.FlexGridFilter.4.5.2.resources.dll
1>              C:\Users\hansnguyen\.nuget\packages\c1.xaml.wpf.flexgridfilter\4.5.20213.749\lib\netcoreapp3.0\zh\C1.WPF.FlexGridFilter.4.5.2.resources.dll
1>                      AssetType=resources
1>                      CopyLocal=true
1>                      Culture=zh
1>                      DestinationSubDirectory=zh\
1>                      DestinationSubPath=zh\C1.WPF.FlexGridFilter.4.5.2.resources.dll
1>                      NuGetPackageId=C1.Xaml.WPF.FlexGridFilter
1>                      NuGetPackageVersion=4.5.20213.749
1>                      PathInPackage=lib/netcoreapp3.0/zh/C1.WPF.FlexGridFilter.4.5.2.resources.dll
1>      Added Item(s): 
1>          ReferenceCopyLocalPaths=
1>              C:\Users\hansnguyen\.nuget\packages\c1.xaml.wpf\4.5.20213.749\lib\netcoreapp3.0\C1.WPF.4.5.2.dll
1>                      AssetType=runtime
1>                      CopyLocal=true
1>                      DestinationSubPath=C1.WPF.4.5.2.dll
1>                      NuGetPackageId=C1.Xaml.WPF
1>                      NuGetPackageVersion=4.5.20213.749
1>                      PathInPackage=lib/netcoreapp3.0/C1.WPF.4.5.2.dll
1>              C:\Users\hansnguyen\.nuget\packages\c1.xaml.wpf.datetimeeditors\4.5.20213.749\lib\netcoreapp3.0\C1.WPF.DateTimeEditors.4.5.2.dll
1>                      AssetType=runtime
1>                      CopyLocal=true
1>                      DestinationSubPath=C1.WPF.DateTimeEditors.4.5.2.dll
1>                      NuGetPackageId=C1.Xaml.WPF.DateTimeEditors
1>                      NuGetPackageVersion=4.5.20213.749
1>                      PathInPackage=lib/netcoreapp3.0/C1.WPF.DateTimeEditors.4.5.2.dll
1>              C:\Users\hansnguyen\.nuget\packages\c1.xaml.wpf.flexgrid\4.5.20213.749\lib\netcoreapp3.0\C1.WPF.FlexGrid.4.5.2.dll
1>                      AssetType=runtime
1>                      CopyLocal=true
1>                      DestinationSubPath=C1.WPF.FlexGrid.4.5.2.dll
1>                      NuGetPackageId=C1.Xaml.WPF.FlexGrid
1>                      NuGetPackageVersion=4.5.20213.749
1>                      PathInPackage=lib/netcoreapp3.0/C1.WPF.FlexGrid.4.5.2.dll
1>              C:\Users\hansnguyen\.nuget\packages\c1.xaml.wpf.flexgrid.grouppanel\4.5.20213.749\lib\netcoreapp3.0\C1.WPF.FlexGrid.GroupPanel.4.5.2.dll
1>                      AssetType=runtime
1>                      CopyLocal=true
1>                      DestinationSubPath=C1.WPF.FlexGrid.GroupPanel.4.5.2.dll
1>                      NuGetPackageId=C1.Xaml.WPF.FlexGrid.GroupPanel
1>                      NuGetPackageVersion=4.5.20213.749
1>                      PathInPackage=lib/netcoreapp3.0/C1.WPF.FlexGrid.GroupPanel.4.5.2.dll
1>              C:\Users\hansnguyen\.nuget\packages\c1.xaml.wpf.flexgridfilter\4.5.20213.749\lib\netcoreapp3.0\C1.WPF.FlexGridFilter.4.5.2.dll
1>                      AssetType=runtime
1>                      CopyLocal=true
1>                      DestinationSubPath=C1.WPF.FlexGridFilter.4.5.2.dll
1>                      NuGetPackageId=C1.Xaml.WPF.FlexGridFilter
1>                      NuGetPackageVersion=4.5.20213.749
1>                      PathInPackage=lib/netcoreapp3.0/C1.WPF.FlexGridFilter.4.5.2.dll
1>              C:\Users\hansnguyen\.nuget\packages\c1.xaml.wpf.toolbar\4.5.20213.749\lib\netcoreapp3.0\C1.WPF.Toolbar.4.5.2.dll
1>                      AssetType=runtime
1>                      CopyLocal=true
1>                      DestinationSubPath=C1.WPF.Toolbar.4.5.2.dll
1>                      NuGetPackageId=C1.Xaml.WPF.Toolbar
1>                      NuGetPackageVersion=4.5.20213.749
1>                      PathInPackage=lib/netcoreapp3.0/C1.WPF.Toolbar.4.5.2.dll
1>              C:\Users\hansnguyen\.nuget\packages\c1.xaml.wpf\4.5.20213.749\lib\netcoreapp3.0\ar\C1.WPF.4.5.2.resources.dll
1>                      AssetType=resources
1>                      CopyLocal=true
1>                      Culture=ar
1>                      DestinationSubDirectory=ar\
1>                      DestinationSubPath=ar\C1.WPF.4.5.2.resources.dll
1>                      NuGetPackageId=C1.Xaml.WPF
1>                      NuGetPackageVersion=4.5.20213.749
1>                      PathInPackage=lib/netcoreapp3.0/ar/C1.WPF.4.5.2.resources.dll
1>              C:\Users\hansnguyen\.nuget\packages\c1.xaml.wpf\4.5.20213.749\lib\netcoreapp3.0\cs\C1.WPF.4.5.2.resources.dll
1>                      AssetType=resources
1>                      CopyLocal=true
1>                      Culture=cs
1>                      DestinationSubDirectory=cs\
1>                      DestinationSubPath=cs\C1.WPF.4.5.2.resources.dll
1>                      NuGetPackageId=C1.Xaml.WPF
1>                      NuGetPackageVersion=4.5.20213.749
1>                      PathInPackage=lib/netcoreapp3.0/cs/C1.WPF.4.5.2.resources.dll
1>              C:\Users\hansnguyen\.nuget\packages\c1.xaml.wpf\4.5.20213.749\lib\netcoreapp3.0\da\C1.WPF.4.5.2.resources.dll
1>                      AssetType=resources
1>                      CopyLocal=true
1>                      Culture=da
1>                      DestinationSubDirectory=da\
1>                      DestinationSubPath=da\C1.WPF.4.5.2.resources.dll
1>                      NuGetPackageId=C1.Xaml.WPF
1>                      NuGetPackageVersion=4.5.20213.749
1>                      PathInPackage=lib/netcoreapp3.0/da/C1.WPF.4.5.2.resources.dll
1>              C:\Users\hansnguyen\.nuget\packages\c1.xaml.wpf\4.5.20213.749\lib\netcoreapp3.0\de\C1.WPF.4.5.2.resources.dll
1>                      AssetType=resources
1>                      CopyLocal=true
1>                      Culture=de
1>                      DestinationSubDirectory=de\
1>                      DestinationSubPath=de\C1.WPF.4.5.2.resources.dll
1>                      NuGetPackageId=C1.Xaml.WPF
1>                      NuGetPackageVersion=4.5.20213.749
1>                      PathInPackage=lib/netcoreapp3.0/de/C1.WPF.4.5.2.resources.dll
1>              C:\Users\hansnguyen\.nuget\packages\c1.xaml.wpf\4.5.20213.749\lib\netcoreapp3.0\el\C1.WPF.4.5.2.resources.dll
1>                      AssetType=resources
1>                      CopyLocal=true
1>                      Culture=el
1>                      DestinationSubDirectory=el\
1>                      DestinationSubPath=el\C1.WPF.4.5.2.resources.dll
1>                      NuGetPackageId=C1.Xaml.WPF
1>                      NuGetPackageVersion=4.5.20213.749
1>                      PathInPackage=lib/netcoreapp3.0/el/C1.WPF.4.5.2.resources.dll
1>              C:\Users\hansnguyen\.nuget\packages\c1.xaml.wpf\4.5.20213.749\lib\netcoreapp3.0\es\C1.WPF.4.5.2.resources.dll
1>                      AssetType=resources
1>                      CopyLocal=true
1>                      Culture=es
1>                      DestinationSubDirectory=es\
1>                      DestinationSubPath=es\C1.WPF.4.5.2.resources.dll
1>                      NuGetPackageId=C1.Xaml.WPF
1>                      NuGetPackageVersion=4.5.20213.749
1>                      PathInPackage=lib/netcoreapp3.0/es/C1.WPF.4.5.2.resources.dll
1>              C:\Users\hansnguyen\.nuget\packages\c1.xaml.wpf\4.5.20213.749\lib\netcoreapp3.0\fi\C1.WPF.4.5.2.resources.dll
1>                      AssetType=resources
1>                      CopyLocal=true
1>                      Culture=fi
1>                      DestinationSubDirectory=fi\
1>                      DestinationSubPath=fi\C1.WPF.4.5.2.resources.dll
1>                      NuGetPackageId=C1.Xaml.WPF
1>                      NuGetPackageVersion=4.5.20213.749
1>                      PathInPackage=lib/netcoreapp3.0/fi/C1.WPF.4.5.2.resources.dll
1>              C:\Users\hansnguyen\.nuget\packages\c1.xaml.wpf\4.5.20213.749\lib\netcoreapp3.0\fr\C1.WPF.4.5.2.resources.dll
1>                      AssetType=resources
1>                      CopyLocal=true
1>                      Culture=fr
1>                      DestinationSubDirectory=fr\
1>                      DestinationSubPath=fr\C1.WPF.4.5.2.resources.dll
1>                      NuGetPackageId=C1.Xaml.WPF
1>                      NuGetPackageVersion=4.5.20213.749
1>                      PathInPackage=lib/netcoreapp3.0/fr/C1.WPF.4.5.2.resources.dll
1>              C:\Users\hansnguyen\.nuget\packages\c1.xaml.wpf\4.5.20213.749\lib\netcoreapp3.0\he\C1.WPF.4.5.2.resources.dll
1>                      AssetType=resources
1>                      CopyLocal=true
1>                      Culture=he
1>                      DestinationSubDirectory=he\
1>                      DestinationSubPath=he\C1.WPF.4.5.2.resources.dll
1>                      NuGetPackageId=C1.Xaml.WPF
1>                      NuGetPackageVersion=4.5.20213.749
1>                      PathInPackage=lib/netcoreapp3.0/he/C1.WPF.4.5.2.resources.dll
1>              C:\Users\hansnguyen\.nuget\packages\c1.xaml.wpf\4.5.20213.749\lib\netcoreapp3.0\it\C1.WPF.4.5.2.resources.dll
1>                      AssetType=resources
1>                      CopyLocal=true
1>                      Culture=it
1>                      DestinationSubDirectory=it\
1>                      DestinationSubPath=it\C1.WPF.4.5.2.resources.dll
1>                      NuGetPackageId=C1.Xaml.WPF
1>                      NuGetPackageVersion=4.5.20213.749
1>                      PathInPackage=lib/netcoreapp3.0/it/C1.WPF.4.5.2.resources.dll
1>              C:\Users\hansnguyen\.nuget\packages\c1.xaml.wpf\4.5.20213.749\lib\netcoreapp3.0\ja\C1.WPF.4.5.2.resources.dll
1>                      AssetType=resources
1>                      CopyLocal=true
1>                      Culture=ja
1>                      DestinationSubDirectory=ja\
1>                      DestinationSubPath=ja\C1.WPF.4.5.2.resources.dll
1>                      NuGetPackageId=C1.Xaml.WPF
1>                      NuGetPackageVersion=4.5.20213.749
1>                      PathInPackage=lib/netcoreapp3.0/ja/C1.WPF.4.5.2.resources.dll
1>              C:\Users\hansnguyen\.nuget\packages\c1.xaml.wpf\4.5.20213.749\lib\netcoreapp3.0\ko\C1.WPF.4.5.2.resources.dll
1>                      AssetType=resources
1>                      CopyLocal=true
1>                      Culture=ko
1>                      DestinationSubDirectory=ko\
1>                      DestinationSubPath=ko\C1.WPF.4.5.2.resources.dll
1>                      NuGetPackageId=C1.Xaml.WPF
1>                      NuGetPackageVersion=4.5.20213.749
1>                      PathInPackage=lib/netcoreapp3.0/ko/C1.WPF.4.5.2.resources.dll
1>              C:\Users\hansnguyen\.nuget\packages\c1.xaml.wpf\4.5.20213.749\lib\netcoreapp3.0\nl\C1.WPF.4.5.2.resources.dll
1>                      AssetType=resources
1>                      CopyLocal=true
1>                      Culture=nl
1>                      DestinationSubDirectory=nl\
1>                      DestinationSubPath=nl\C1.WPF.4.5.2.resources.dll
1>                      NuGetPackageId=C1.Xaml.WPF
1>                      NuGetPackageVersion=4.5.20213.749
1>                      PathInPackage=lib/netcoreapp3.0/nl/C1.WPF.4.5.2.resources.dll
1>              C:\Users\hansnguyen\.nuget\packages\c1.xaml.wpf\4.5.20213.749\lib\netcoreapp3.0\no\C1.WPF.4.5.2.resources.dll
1>                      AssetType=resources
1>                      CopyLocal=true
1>                      Culture=no
1>                      DestinationSubDirectory=no\
1>                      DestinationSubPath=no\C1.WPF.4.5.2.resources.dll
1>                      NuGetPackageId=C1.Xaml.WPF
1>                      NuGetPackageVersion=4.5.20213.749
1>                      PathInPackage=lib/netcoreapp3.0/no/C1.WPF.4.5.2.resources.dll
1>              C:\Users\hansnguyen\.nuget\packages\c1.xaml.wpf\4.5.20213.749\lib\netcoreapp3.0\pl\C1.WPF.4.5.2.resources.dll
1>                      AssetType=resources
1>                      CopyLocal=true
1>                      Culture=pl
1>                      DestinationSubDirectory=pl\
1>                      DestinationSubPath=pl\C1.WPF.4.5.2.resources.dll
1>                      NuGetPackageId=C1.Xaml.WPF
1>                      NuGetPackageVersion=4.5.20213.749
1>                      PathInPackage=lib/netcoreapp3.0/pl/C1.WPF.4.5.2.resources.dll
1>              C:\Users\hansnguyen\.nuget\packages\c1.xaml.wpf\4.5.20213.749\lib\netcoreapp3.0\pt\C1.WPF.4.5.2.resources.dll
1>                      AssetType=resources
1>                      CopyLocal=true
1>                      Culture=pt
1>                      DestinationSubDirectory=pt\
1>                      DestinationSubPath=pt\C1.WPF.4.5.2.resources.dll
1>                      NuGetPackageId=C1.Xaml.WPF
1>                      NuGetPackageVersion=4.5.20213.749
1>                      PathInPackage=lib/netcoreapp3.0/pt/C1.WPF.4.5.2.resources.dll
1>              C:\Users\hansnguyen\.nuget\packages\c1.xaml.wpf\4.5.20213.749\lib\netcoreapp3.0\ro\C1.WPF.4.5.2.resources.dll
1>                      AssetType=resources
1>                      CopyLocal=true
1>                      Culture=ro
1>                      DestinationSubDirectory=ro\
1>                      DestinationSubPath=ro\C1.WPF.4.5.2.resources.dll
1>                      NuGetPackageId=C1.Xaml.WPF
1>                      NuGetPackageVersion=4.5.20213.749
1>                      PathInPackage=lib/netcoreapp3.0/ro/C1.WPF.4.5.2.resources.dll
1>              C:\Users\hansnguyen\.nuget\packages\c1.xaml.wpf\4.5.20213.749\lib\netcoreapp3.0\ru\C1.WPF.4.5.2.resources.dll
1>                      AssetType=resources
1>                      CopyLocal=true
1>                      Culture=ru
1>                      DestinationSubDirectory=ru\
1>                      DestinationSubPath=ru\C1.WPF.4.5.2.resources.dll
1>                      NuGetPackageId=C1.Xaml.WPF
1>                      NuGetPackageVersion=4.5.20213.749
1>                      PathInPackage=lib/netcoreapp3.0/ru/C1.WPF.4.5.2.resources.dll
1>              C:\Users\hansnguyen\.nuget\packages\c1.xaml.wpf\4.5.20213.749\lib\netcoreapp3.0\sk\C1.WPF.4.5.2.resources.dll
1>                      AssetType=resources
1>                      CopyLocal=true
1>                      Culture=sk
1>                      DestinationSubDirectory=sk\
1>                      DestinationSubPath=sk\C1.WPF.4.5.2.resources.dll
1>                      NuGetPackageId=C1.Xaml.WPF
1>                      NuGetPackageVersion=4.5.20213.749
1>                      PathInPackage=lib/netcoreapp3.0/sk/C1.WPF.4.5.2.resources.dll
1>              C:\Users\hansnguyen\.nuget\packages\c1.xaml.wpf\4.5.20213.749\lib\netcoreapp3.0\sv\C1.WPF.4.5.2.resources.dll
1>                      AssetType=resources
1>                      CopyLocal=true
1>                      Culture=sv
1>                      DestinationSubDirectory=sv\
1>                      DestinationSubPath=sv\C1.WPF.4.5.2.resources.dll
1>                      NuGetPackageId=C1.Xaml.WPF
1>                      NuGetPackageVersion=4.5.20213.749
1>                      PathInPackage=lib/netcoreapp3.0/sv/C1.WPF.4.5.2.resources.dll
1>              C:\Users\hansnguyen\.nuget\packages\c1.xaml.wpf\4.5.20213.749\lib\netcoreapp3.0\tr\C1.WPF.4.5.2.resources.dll
1>                      AssetType=resources
1>                      CopyLocal=true
1>                      Culture=tr
1>                      DestinationSubDirectory=tr\
1>                      DestinationSubPath=tr\C1.WPF.4.5.2.resources.dll
1>                      NuGetPackageId=C1.Xaml.WPF
1>                      NuGetPackageVersion=4.5.20213.749
1>                      PathInPackage=lib/netcoreapp3.0/tr/C1.WPF.4.5.2.resources.dll
1>              C:\Users\hansnguyen\.nuget\packages\c1.xaml.wpf\4.5.20213.749\lib\netcoreapp3.0\zh-Hans\C1.WPF.4.5.2.resources.dll
1>                      AssetType=resources
1>                      CopyLocal=true
1>                      Culture=zh-Hans
1>                      DestinationSubDirectory=zh-Hans\
1>                      DestinationSubPath=zh-Hans\C1.WPF.4.5.2.resources.dll
1>                      NuGetPackageId=C1.Xaml.WPF
1>                      NuGetPackageVersion=4.5.20213.749
1>                      PathInPackage=lib/netcoreapp3.0/zh-Hans/C1.WPF.4.5.2.resources.dll
1>              C:\Users\hansnguyen\.nuget\packages\c1.xaml.wpf\4.5.20213.749\lib\netcoreapp3.0\zh-Hant\C1.WPF.4.5.2.resources.dll
1>                      AssetType=resources
1>                      CopyLocal=true
1>                      Culture=zh-Hant
1>                      DestinationSubDirectory=zh-Hant\
1>                      DestinationSubPath=zh-Hant\C1.WPF.4.5.2.resources.dll
1>                      NuGetPackageId=C1.Xaml.WPF
1>                      NuGetPackageVersion=4.5.20213.749
1>                      PathInPackage=lib/netcoreapp3.0/zh-Hant/C1.WPF.4.5.2.resources.dll
1>              C:\Users\hansnguyen\.nuget\packages\c1.xaml.wpf\4.5.20213.749\lib\netcoreapp3.0\zh\C1.WPF.4.5.2.resources.dll
1>                      AssetType=resources
1>                      CopyLocal=true
1>                      Culture=zh
1>                      DestinationSubDirectory=zh\
1>                      DestinationSubPath=zh\C1.WPF.4.5.2.resources.dll
1>                      NuGetPackageId=C1.Xaml.WPF
1>                      NuGetPackageVersion=4.5.20213.749
1>                      PathInPackage=lib/netcoreapp3.0/zh/C1.WPF.4.5.2.resources.dll
1>              C:\Users\hansnguyen\.nuget\packages\c1.xaml.wpf.flexgrid.grouppanel\4.5.20213.749\lib\netcoreapp3.0\ar\C1.WPF.FlexGrid.GroupPanel.4.5.2.resources.dll
1>                      AssetType=resources
1>                      CopyLocal=true
1>                      Culture=ar
1>                      DestinationSubDirectory=ar\
1>                      DestinationSubPath=ar\C1.WPF.FlexGrid.GroupPanel.4.5.2.resources.dll
1>                      NuGetPackageId=C1.Xaml.WPF.FlexGrid.GroupPanel
1>                      NuGetPackageVersion=4.5.20213.749
1>                      PathInPackage=lib/netcoreapp3.0/ar/C1.WPF.FlexGrid.GroupPanel.4.5.2.resources.dll
1>              C:\Users\hansnguyen\.nuget\packages\c1.xaml.wpf.flexgrid.grouppanel\4.5.20213.749\lib\netcoreapp3.0\cs\C1.WPF.FlexGrid.GroupPanel.4.5.2.resources.dll
1>                      AssetType=resources
1>                      CopyLocal=true
1>                      Culture=cs
1>                      DestinationSubDirectory=cs\
1>                      DestinationSubPath=cs\C1.WPF.FlexGrid.GroupPanel.4.5.2.resources.dll
1>                      NuGetPackageId=C1.Xaml.WPF.FlexGrid.GroupPanel
1>                      NuGetPackageVersion=4.5.20213.749
1>                      PathInPackage=lib/netcoreapp3.0/cs/C1.WPF.FlexGrid.GroupPanel.4.5.2.resources.dll
1>              C:\Users\hansnguyen\.nuget\packages\c1.xaml.wpf.flexgrid.grouppanel\4.5.20213.749\lib\netcoreapp3.0\da\C1.WPF.FlexGrid.GroupPanel.4.5.2.resources.dll
1>                      AssetType=resources
1>                      CopyLocal=true
1>                      Culture=da
1>                      DestinationSubDirectory=da\
1>                      DestinationSubPath=da\C1.WPF.FlexGrid.GroupPanel.4.5.2.resources.dll
1>                      NuGetPackageId=C1.Xaml.WPF.FlexGrid.GroupPanel
1>                      NuGetPackageVersion=4.5.20213.749
1>                      PathInPackage=lib/netcoreapp3.0/da/C1.WPF.FlexGrid.GroupPanel.4.5.2.resources.dll
1>              C:\Users\hansnguyen\.nuget\packages\c1.xaml.wpf.flexgrid.grouppanel\4.5.20213.749\lib\netcoreapp3.0\de\C1.WPF.FlexGrid.GroupPanel.4.5.2.resources.dll
1>                      AssetType=resources
1>                      CopyLocal=true
1>                      Culture=de
1>                      DestinationSubDirectory=de\
1>                      DestinationSubPath=de\C1.WPF.FlexGrid.GroupPanel.4.5.2.resources.dll
1>                      NuGetPackageId=C1.Xaml.WPF.FlexGrid.GroupPanel
1>                      NuGetPackageVersion=4.5.20213.749
1>                      PathInPackage=lib/netcoreapp3.0/de/C1.WPF.FlexGrid.GroupPanel.4.5.2.resources.dll
1>              C:\Users\hansnguyen\.nuget\packages\c1.xaml.wpf.flexgrid.grouppanel\4.5.20213.749\lib\netcoreapp3.0\el\C1.WPF.FlexGrid.GroupPanel.4.5.2.resources.dll
1>                      AssetType=resources
1>                      CopyLocal=true
1>                      Culture=el
1>                      DestinationSubDirectory=el\
1>                      DestinationSubPath=el\C1.WPF.FlexGrid.GroupPanel.4.5.2.resources.dll
1>                      NuGetPackageId=C1.Xaml.WPF.FlexGrid.GroupPanel
1>                      NuGetPackageVersion=4.5.20213.749
1>                      PathInPackage=lib/netcoreapp3.0/el/C1.WPF.FlexGrid.GroupPanel.4.5.2.resources.dll
1>              C:\Users\hansnguyen\.nuget\packages\c1.xaml.wpf.flexgrid.grouppanel\4.5.20213.749\lib\netcoreapp3.0\es\C1.WPF.FlexGrid.GroupPanel.4.5.2.resources.dll
1>                      AssetType=resources
1>                      CopyLocal=true
1>                      Culture=es
1>                      DestinationSubDirectory=es\
1>                      DestinationSubPath=es\C1.WPF.FlexGrid.GroupPanel.4.5.2.resources.dll
1>                      NuGetPackageId=C1.Xaml.WPF.FlexGrid.GroupPanel
1>                      NuGetPackageVersion=4.5.20213.749
1>                      PathInPackage=lib/netcoreapp3.0/es/C1.WPF.FlexGrid.GroupPanel.4.5.2.resources.dll
1>              C:\Users\hansnguyen\.nuget\packages\c1.xaml.wpf.flexgrid.grouppanel\4.5.20213.749\lib\netcoreapp3.0\fi\C1.WPF.FlexGrid.GroupPanel.4.5.2.resources.dll
1>                      AssetType=resources
1>                      CopyLocal=true
1>                      Culture=fi
1>                      DestinationSubDirectory=fi\
1>                      DestinationSubPath=fi\C1.WPF.FlexGrid.GroupPanel.4.5.2.resources.dll
1>                      NuGetPackageId=C1.Xaml.WPF.FlexGrid.GroupPanel
1>                      NuGetPackageVersion=4.5.20213.749
1>                      PathInPackage=lib/netcoreapp3.0/fi/C1.WPF.FlexGrid.GroupPanel.4.5.2.resources.dll
1>              C:\Users\hansnguyen\.nuget\packages\c1.xaml.wpf.flexgrid.grouppanel\4.5.20213.749\lib\netcoreapp3.0\fr\C1.WPF.FlexGrid.GroupPanel.4.5.2.resources.dll
1>                      AssetType=resources
1>                      CopyLocal=true
1>                      Culture=fr
1>                      DestinationSubDirectory=fr\
1>                      DestinationSubPath=fr\C1.WPF.FlexGrid.GroupPanel.4.5.2.resources.dll
1>                      NuGetPackageId=C1.Xaml.WPF.FlexGrid.GroupPanel
1>                      NuGetPackageVersion=4.5.20213.749
1>                      PathInPackage=lib/netcoreapp3.0/fr/C1.WPF.FlexGrid.GroupPanel.4.5.2.resources.dll
1>              C:\Users\hansnguyen\.nuget\packages\c1.xaml.wpf.flexgrid.grouppanel\4.5.20213.749\lib\netcoreapp3.0\he\C1.WPF.FlexGrid.GroupPanel.4.5.2.resources.dll
1>                      AssetType=resources
1>                      CopyLocal=true
1>                      Culture=he
1>                      DestinationSubDirectory=he\
1>                      DestinationSubPath=he\C1.WPF.FlexGrid.GroupPanel.4.5.2.resources.dll
1>                      NuGetPackageId=C1.Xaml.WPF.FlexGrid.GroupPanel
1>                      NuGetPackageVersion=4.5.20213.749
1>                      PathInPackage=lib/netcoreapp3.0/he/C1.WPF.FlexGrid.GroupPanel.4.5.2.resources.dll
1>              C:\Users\hansnguyen\.nuget\packages\c1.xaml.wpf.flexgrid.grouppanel\4.5.20213.749\lib\netcoreapp3.0\hi\C1.WPF.FlexGrid.GroupPanel.4.5.2.resources.dll
1>                      AssetType=resources
1>                      CopyLocal=true
1>                      Culture=hi
1>                      DestinationSubDirectory=hi\
1>                      DestinationSubPath=hi\C1.WPF.FlexGrid.GroupPanel.4.5.2.resources.dll
1>                      NuGetPackageId=C1.Xaml.WPF.FlexGrid.GroupPanel
1>                      NuGetPackageVersion=4.5.20213.749
1>                      PathInPackage=lib/netcoreapp3.0/hi/C1.WPF.FlexGrid.GroupPanel.4.5.2.resources.dll
1>              C:\Users\hansnguyen\.nuget\packages\c1.xaml.wpf.flexgrid.grouppanel\4.5.20213.749\lib\netcoreapp3.0\it\C1.WPF.FlexGrid.GroupPanel.4.5.2.resources.dll
1>                      AssetType=resources
1>                      CopyLocal=true
1>                      Culture=it
1>                      DestinationSubDirectory=it\
1>                      DestinationSubPath=it\C1.WPF.FlexGrid.GroupPanel.4.5.2.resources.dll
1>                      NuGetPackageId=C1.Xaml.WPF.FlexGrid.GroupPanel
1>                      NuGetPackageVersion=4.5.20213.749
1>                      PathInPackage=lib/netcoreapp3.0/it/C1.WPF.FlexGrid.GroupPanel.4.5.2.resources.dll
1>              C:\Users\hansnguyen\.nuget\packages\c1.xaml.wpf.flexgrid.grouppanel\4.5.20213.749\lib\netcoreapp3.0\ja\C1.WPF.FlexGrid.GroupPanel.4.5.2.resources.dll
1>                      AssetType=resources
1>                      CopyLocal=true
1>                      Culture=ja
1>                      DestinationSubDirectory=ja\
1>                      DestinationSubPath=ja\C1.WPF.FlexGrid.GroupPanel.4.5.2.resources.dll
1>                      NuGetPackageId=C1.Xaml.WPF.FlexGrid.GroupPanel
1>                      NuGetPackageVersion=4.5.20213.749
1>                      PathInPackage=lib/netcoreapp3.0/ja/C1.WPF.FlexGrid.GroupPanel.4.5.2.resources.dll
1>              C:\Users\hansnguyen\.nuget\packages\c1.xaml.wpf.flexgrid.grouppanel\4.5.20213.749\lib\netcoreapp3.0\ko\C1.WPF.FlexGrid.GroupPanel.4.5.2.resources.dll
1>                      AssetType=resources
1>                      CopyLocal=true
1>                      Culture=ko
1>                      DestinationSubDirectory=ko\
1>                      DestinationSubPath=ko\C1.WPF.FlexGrid.GroupPanel.4.5.2.resources.dll
1>                      NuGetPackageId=C1.Xaml.WPF.FlexGrid.GroupPanel
1>                      NuGetPackageVersion=4.5.20213.749
1>                      PathInPackage=lib/netcoreapp3.0/ko/C1.WPF.FlexGrid.GroupPanel.4.5.2.resources.dll
1>              C:\Users\hansnguyen\.nuget\packages\c1.xaml.wpf.flexgrid.grouppanel\4.5.20213.749\lib\netcoreapp3.0\nl\C1.WPF.FlexGrid.GroupPanel.4.5.2.resources.dll
1>                      AssetType=resources
1>                      CopyLocal=true
1>                      Culture=nl
1>                      DestinationSubDirectory=nl\
1>                      DestinationSubPath=nl\C1.WPF.FlexGrid.GroupPanel.4.5.2.resources.dll
1>                      NuGetPackageId=C1.Xaml.WPF.FlexGrid.GroupPanel
1>                      NuGetPackageVersion=4.5.20213.749
1>                      PathInPackage=lib/netcoreapp3.0/nl/C1.WPF.FlexGrid.GroupPanel.4.5.2.resources.dll
1>              C:\Users\hansnguyen\.nuget\packages\c1.xaml.wpf.flexgrid.grouppanel\4.5.20213.749\lib\netcoreapp3.0\no\C1.WPF.FlexGrid.GroupPanel.4.5.2.resources.dll
1>                      AssetType=resources
1>                      CopyLocal=true
1>                      Culture=no
1>                      DestinationSubDirectory=no\
1>                      DestinationSubPath=no\C1.WPF.FlexGrid.GroupPanel.4.5.2.resources.dll
1>                      NuGetPackageId=C1.Xaml.WPF.FlexGrid.GroupPanel
1>                      NuGetPackageVersion=4.5.20213.749
1>                      PathInPackage=lib/netcoreapp3.0/no/C1.WPF.FlexGrid.GroupPanel.4.5.2.resources.dll
1>              C:\Users\hansnguyen\.nuget\packages\c1.xaml.wpf.flexgrid.grouppanel\4.5.20213.749\lib\netcoreapp3.0\pl\C1.WPF.FlexGrid.GroupPanel.4.5.2.resources.dll
1>                      AssetType=resources
1>                      CopyLocal=true
1>                      Culture=pl
1>                      DestinationSubDirectory=pl\
1>                      DestinationSubPath=pl\C1.WPF.FlexGrid.GroupPanel.4.5.2.resources.dll
1>                      NuGetPackageId=C1.Xaml.WPF.FlexGrid.GroupPanel
1>                      NuGetPackageVersion=4.5.20213.749
1>                      PathInPackage=lib/netcoreapp3.0/pl/C1.WPF.FlexGrid.GroupPanel.4.5.2.resources.dll
1>              C:\Users\hansnguyen\.nuget\packages\c1.xaml.wpf.flexgrid.grouppanel\4.5.20213.749\lib\netcoreapp3.0\pt\C1.WPF.FlexGrid.GroupPanel.4.5.2.resources.dll
1>                      AssetType=resources
1>                      CopyLocal=true
1>                      Culture=pt
1>                      DestinationSubDirectory=pt\
1>                      DestinationSubPath=pt\C1.WPF.FlexGrid.GroupPanel.4.5.2.resources.dll
1>                      NuGetPackageId=C1.Xaml.WPF.FlexGrid.GroupPanel
1>                      NuGetPackageVersion=4.5.20213.749
1>                      PathInPackage=lib/netcoreapp3.0/pt/C1.WPF.FlexGrid.GroupPanel.4.5.2.resources.dll
1>              C:\Users\hansnguyen\.nuget\packages\c1.xaml.wpf.flexgrid.grouppanel\4.5.20213.749\lib\netcoreapp3.0\ro\C1.WPF.FlexGrid.GroupPanel.4.5.2.resources.dll
1>                      AssetType=resources
1>                      CopyLocal=true
1>                      Culture=ro
1>                      DestinationSubDirectory=ro\
1>                      DestinationSubPath=ro\C1.WPF.FlexGrid.GroupPanel.4.5.2.resources.dll
1>                      NuGetPackageId=C1.Xaml.WPF.FlexGrid.GroupPanel
1>                      NuGetPackageVersion=4.5.20213.749
1>                      PathInPackage=lib/netcoreapp3.0/ro/C1.WPF.FlexGrid.GroupPanel.4.5.2.resources.dll
1>              C:\Users\hansnguyen\.nuget\packages\c1.xaml.wpf.flexgrid.grouppanel\4.5.20213.749\lib\netcoreapp3.0\ru\C1.WPF.FlexGrid.GroupPanel.4.5.2.resources.dll
1>                      AssetType=resources
1>                      CopyLocal=true
1>                      Culture=ru
1>                      DestinationSubDirectory=ru\
1>                      DestinationSubPath=ru\C1.WPF.FlexGrid.GroupPanel.4.5.2.resources.dll
1>                      NuGetPackageId=C1.Xaml.WPF.FlexGrid.GroupPanel
1>                      NuGetPackageVersion=4.5.20213.749
1>                      PathInPackage=lib/netcoreapp3.0/ru/C1.WPF.FlexGrid.GroupPanel.4.5.2.resources.dll
1>              C:\Users\hansnguyen\.nuget\packages\c1.xaml.wpf.flexgrid.grouppanel\4.5.20213.749\lib\netcoreapp3.0\sk\C1.WPF.FlexGrid.GroupPanel.4.5.2.resources.dll
1>                      AssetType=resources
1>                      CopyLocal=true
1>                      Culture=sk
1>                      DestinationSubDirectory=sk\
1>                      DestinationSubPath=sk\C1.WPF.FlexGrid.GroupPanel.4.5.2.resources.dll
1>                      NuGetPackageId=C1.Xaml.WPF.FlexGrid.GroupPanel
1>                      NuGetPackageVersion=4.5.20213.749
1>                      PathInPackage=lib/netcoreapp3.0/sk/C1.WPF.FlexGrid.GroupPanel.4.5.2.resources.dll
1>              C:\Users\hansnguyen\.nuget\packages\c1.xaml.wpf.flexgrid.grouppanel\4.5.20213.749\lib\netcoreapp3.0\sv\C1.WPF.FlexGrid.GroupPanel.4.5.2.resources.dll
1>                      AssetType=resources
1>                      CopyLocal=true
1>                      Culture=sv
1>                      DestinationSubDirectory=sv\
1>                      DestinationSubPath=sv\C1.WPF.FlexGrid.GroupPanel.4.5.2.resources.dll
1>                      NuGetPackageId=C1.Xaml.WPF.FlexGrid.GroupPanel
1>                      NuGetPackageVersion=4.5.20213.749
1>                      PathInPackage=lib/netcoreapp3.0/sv/C1.WPF.FlexGrid.GroupPanel.4.5.2.resources.dll
1>              C:\Users\hansnguyen\.nuget\packages\c1.xaml.wpf.flexgrid.grouppanel\4.5.20213.749\lib\netcoreapp3.0\tr\C1.WPF.FlexGrid.GroupPanel.4.5.2.resources.dll
1>                      AssetType=resources
1>                      CopyLocal=true
1>                      Culture=tr
1>                      DestinationSubDirectory=tr\
1>                      DestinationSubPath=tr\C1.WPF.FlexGrid.GroupPanel.4.5.2.resources.dll
1>                      NuGetPackageId=C1.Xaml.WPF.FlexGrid.GroupPanel
1>                      NuGetPackageVersion=4.5.20213.749
1>                      PathInPackage=lib/netcoreapp3.0/tr/C1.WPF.FlexGrid.GroupPanel.4.5.2.resources.dll
1>              C:\Users\hansnguyen\.nuget\packages\c1.xaml.wpf.flexgrid.grouppanel\4.5.20213.749\lib\netcoreapp3.0\zh-Hans\C1.WPF.FlexGrid.GroupPanel.4.5.2.resources.dll
1>                      AssetType=resources
1>                      CopyLocal=true
1>                      Culture=zh-Hans
1>                      DestinationSubDirectory=zh-Hans\
1>                      DestinationSubPath=zh-Hans\C1.WPF.FlexGrid.GroupPanel.4.5.2.resources.dll
1>                      NuGetPackageId=C1.Xaml.WPF.FlexGrid.GroupPanel
1>                      NuGetPackageVersion=4.5.20213.749
1>                      PathInPackage=lib/netcoreapp3.0/zh-Hans/C1.WPF.FlexGrid.GroupPanel.4.5.2.resources.dll
1>              C:\Users\hansnguyen\.nuget\packages\c1.xaml.wpf.flexgrid.grouppanel\4.5.20213.749\lib\netcoreapp3.0\zh-Hant\C1.WPF.FlexGrid.GroupPanel.4.5.2.resources.dll
1>                      AssetType=resources
1>                      CopyLocal=true
1>                      Culture=zh-Hant
1>                      DestinationSubDirectory=zh-Hant\
1>                      DestinationSubPath=zh-Hant\C1.WPF.FlexGrid.GroupPanel.4.5.2.resources.dll
1>                      NuGetPackageId=C1.Xaml.WPF.FlexGrid.GroupPanel
1>                      NuGetPackageVersion=4.5.20213.749
1>                      PathInPackage=lib/netcoreapp3.0/zh-Hant/C1.WPF.FlexGrid.GroupPanel.4.5.2.resources.dll
1>              C:\Users\hansnguyen\.nuget\packages\c1.xaml.wpf.flexgrid.grouppanel\4.5.20213.749\lib\netcoreapp3.0\zh\C1.WPF.FlexGrid.GroupPanel.4.5.2.resources.dll
1>                      AssetType=resources
1>                      CopyLocal=true
1>                      Culture=zh
1>                      DestinationSubDirectory=zh\
1>                      DestinationSubPath=zh\C1.WPF.FlexGrid.GroupPanel.4.5.2.resources.dll
1>                      NuGetPackageId=C1.Xaml.WPF.FlexGrid.GroupPanel
1>                      NuGetPackageVersion=4.5.20213.749
1>                      PathInPackage=lib/netcoreapp3.0/zh/C1.WPF.FlexGrid.GroupPanel.4.5.2.resources.dll
1>              C:\Users\hansnguyen\.nuget\packages\c1.xaml.wpf.flexgridfilter\4.5.20213.749\lib\netcoreapp3.0\ar\C1.WPF.FlexGridFilter.4.5.2.resources.dll
1>                      AssetType=resources
1>                      CopyLocal=true
1>                      Culture=ar
1>                      DestinationSubDirectory=ar\
1>                      DestinationSubPath=ar\C1.WPF.FlexGridFilter.4.5.2.resources.dll
1>                      NuGetPackageId=C1.Xaml.WPF.FlexGridFilter
1>                      NuGetPackageVersion=4.5.20213.749
1>                      PathInPackage=lib/netcoreapp3.0/ar/C1.WPF.FlexGridFilter.4.5.2.resources.dll
1>              C:\Users\hansnguyen\.nuget\packages\c1.xaml.wpf.flexgridfilter\4.5.20213.749\lib\netcoreapp3.0\cs\C1.WPF.FlexGridFilter.4.5.2.resources.dll
1>                      AssetType=resources
1>                      CopyLocal=true
1>                      Culture=cs
1>                      DestinationSubDirectory=cs\
1>                      DestinationSubPath=cs\C1.WPF.FlexGridFilter.4.5.2.resources.dll
1>                      NuGetPackageId=C1.Xaml.WPF.FlexGridFilter
1>                      NuGetPackageVersion=4.5.20213.749
1>                      PathInPackage=lib/netcoreapp3.0/cs/C1.WPF.FlexGridFilter.4.5.2.resources.dll
1>              C:\Users\hansnguyen\.nuget\packages\c1.xaml.wpf.flexgridfilter\4.5.20213.749\lib\netcoreapp3.0\da\C1.WPF.FlexGridFilter.4.5.2.resources.dll
1>                      AssetType=resources
1>                      CopyLocal=true
1>                      Culture=da
1>                      DestinationSubDirectory=da\
1>                      DestinationSubPath=da\C1.WPF.FlexGridFilter.4.5.2.resources.dll
1>                      NuGetPackageId=C1.Xaml.WPF.FlexGridFilter
1>                      NuGetPackageVersion=4.5.20213.749
1>                      PathInPackage=lib/netcoreapp3.0/da/C1.WPF.FlexGridFilter.4.5.2.resources.dll
1>              C:\Users\hansnguyen\.nuget\packages\c1.xaml.wpf.flexgridfilter\4.5.20213.749\lib\netcoreapp3.0\de\C1.WPF.FlexGridFilter.4.5.2.resources.dll
1>                      AssetType=resources
1>                      CopyLocal=true
1>                      Culture=de
1>                      DestinationSubDirectory=de\
1>                      DestinationSubPath=de\C1.WPF.FlexGridFilter.4.5.2.resources.dll
1>                      NuGetPackageId=C1.Xaml.WPF.FlexGridFilter
1>                      NuGetPackageVersion=4.5.20213.749
1>                      PathInPackage=lib/netcoreapp3.0/de/C1.WPF.FlexGridFilter.4.5.2.resources.dll
1>              C:\Users\hansnguyen\.nuget\packages\c1.xaml.wpf.flexgridfilter\4.5.20213.749\lib\netcoreapp3.0\el\C1.WPF.FlexGridFilter.4.5.2.resources.dll
1>                      AssetType=resources
1>                      CopyLocal=true
1>                      Culture=el
1>                      DestinationSubDirectory=el\
1>                      DestinationSubPath=el\C1.WPF.FlexGridFilter.4.5.2.resources.dll
1>                      NuGetPackageId=C1.Xaml.WPF.FlexGridFilter
1>                      NuGetPackageVersion=4.5.20213.749
1>                      PathInPackage=lib/netcoreapp3.0/el/C1.WPF.FlexGridFilter.4.5.2.resources.dll
1>              C:\Users\hansnguyen\.nuget\packages\c1.xaml.wpf.flexgridfilter\4.5.20213.749\lib\netcoreapp3.0\es\C1.WPF.FlexGridFilter.4.5.2.resources.dll
1>                      AssetType=resources
1>                      CopyLocal=true
1>                      Culture=es
1>                      DestinationSubDirectory=es\
1>                      DestinationSubPath=es\C1.WPF.FlexGridFilter.4.5.2.resources.dll
1>                      NuGetPackageId=C1.Xaml.WPF.FlexGridFilter
1>                      NuGetPackageVersion=4.5.20213.749
1>                      PathInPackage=lib/netcoreapp3.0/es/C1.WPF.FlexGridFilter.4.5.2.resources.dll
1>              C:\Users\hansnguyen\.nuget\packages\c1.xaml.wpf.flexgridfilter\4.5.20213.749\lib\netcoreapp3.0\fi\C1.WPF.FlexGridFilter.4.5.2.resources.dll
1>                      AssetType=resources
1>                      CopyLocal=true
1>                      Culture=fi
1>                      DestinationSubDirectory=fi\
1>                      DestinationSubPath=fi\C1.WPF.FlexGridFilter.4.5.2.resources.dll
1>                      NuGetPackageId=C1.Xaml.WPF.FlexGridFilter
1>                      NuGetPackageVersion=4.5.20213.749
1>                      PathInPackage=lib/netcoreapp3.0/fi/C1.WPF.FlexGridFilter.4.5.2.resources.dll
1>              C:\Users\hansnguyen\.nuget\packages\c1.xaml.wpf.flexgridfilter\4.5.20213.749\lib\netcoreapp3.0\fr\C1.WPF.FlexGridFilter.4.5.2.resources.dll
1>                      AssetType=resources
1>                      CopyLocal=true
1>                      Culture=fr
1>                      DestinationSubDirectory=fr\
1>                      DestinationSubPath=fr\C1.WPF.FlexGridFilter.4.5.2.resources.dll
1>                      NuGetPackageId=C1.Xaml.WPF.FlexGridFilter
1>                      NuGetPackageVersion=4.5.20213.749
1>                      PathInPackage=lib/netcoreapp3.0/fr/C1.WPF.FlexGridFilter.4.5.2.resources.dll
1>              C:\Users\hansnguyen\.nuget\packages\c1.xaml.wpf.flexgridfilter\4.5.20213.749\lib\netcoreapp3.0\he\C1.WPF.FlexGridFilter.4.5.2.resources.dll
1>                      AssetType=resources
1>                      CopyLocal=true
1>                      Culture=he
1>                      DestinationSubDirectory=he\
1>                      DestinationSubPath=he\C1.WPF.FlexGridFilter.4.5.2.resources.dll
1>                      NuGetPackageId=C1.Xaml.WPF.FlexGridFilter
1>                      NuGetPackageVersion=4.5.20213.749
1>                      PathInPackage=lib/netcoreapp3.0/he/C1.WPF.FlexGridFilter.4.5.2.resources.dll
1>              C:\Users\hansnguyen\.nuget\packages\c1.xaml.wpf.flexgridfilter\4.5.20213.749\lib\netcoreapp3.0\it\C1.WPF.FlexGridFilter.4.5.2.resources.dll
1>                      AssetType=resources
1>                      CopyLocal=true
1>                      Culture=it
1>                      DestinationSubDirectory=it\
1>                      DestinationSubPath=it\C1.WPF.FlexGridFilter.4.5.2.resources.dll
1>                      NuGetPackageId=C1.Xaml.WPF.FlexGridFilter
1>                      NuGetPackageVersion=4.5.20213.749
1>                      PathInPackage=lib/netcoreapp3.0/it/C1.WPF.FlexGridFilter.4.5.2.resources.dll
1>              C:\Users\hansnguyen\.nuget\packages\c1.xaml.wpf.flexgridfilter\4.5.20213.749\lib\netcoreapp3.0\ja\C1.WPF.FlexGridFilter.4.5.2.resources.dll
1>                      AssetType=resources
1>                      CopyLocal=true
1>                      Culture=ja
1>                      DestinationSubDirectory=ja\
1>                      DestinationSubPath=ja\C1.WPF.FlexGridFilter.4.5.2.resources.dll
1>                      NuGetPackageId=C1.Xaml.WPF.FlexGridFilter
1>                      NuGetPackageVersion=4.5.20213.749
1>                      PathInPackage=lib/netcoreapp3.0/ja/C1.WPF.FlexGridFilter.4.5.2.resources.dll
1>              C:\Users\hansnguyen\.nuget\packages\c1.xaml.wpf.flexgridfilter\4.5.20213.749\lib\netcoreapp3.0\ko\C1.WPF.FlexGridFilter.4.5.2.resources.dll
1>                      AssetType=resources
1>                      CopyLocal=true
1>                      Culture=ko
1>                      DestinationSubDirectory=ko\
1>                      DestinationSubPath=ko\C1.WPF.FlexGridFilter.4.5.2.resources.dll
1>                      NuGetPackageId=C1.Xaml.WPF.FlexGridFilter
1>                      NuGetPackageVersion=4.5.20213.749
1>                      PathInPackage=lib/netcoreapp3.0/ko/C1.WPF.FlexGridFilter.4.5.2.resources.dll
1>              C:\Users\hansnguyen\.nuget\packages\c1.xaml.wpf.flexgridfilter\4.5.20213.749\lib\netcoreapp3.0\nl\C1.WPF.FlexGridFilter.4.5.2.resources.dll
1>                      AssetType=resources
1>                      CopyLocal=true
1>                      Culture=nl
1>                      DestinationSubDirectory=nl\
1>                      DestinationSubPath=nl\C1.WPF.FlexGridFilter.4.5.2.resources.dll
1>                      NuGetPackageId=C1.Xaml.WPF.FlexGridFilter
1>                      NuGetPackageVersion=4.5.20213.749
1>                      PathInPackage=lib/netcoreapp3.0/nl/C1.WPF.FlexGridFilter.4.5.2.resources.dll
1>              C:\Users\hansnguyen\.nuget\packages\c1.xaml.wpf.flexgridfilter\4.5.20213.749\lib\netcoreapp3.0\no\C1.WPF.FlexGridFilter.4.5.2.resources.dll
1>                      AssetType=resources
1>                      CopyLocal=true
1>                      Culture=no
1>                      DestinationSubDirectory=no\
1>                      DestinationSubPath=no\C1.WPF.FlexGridFilter.4.5.2.resources.dll
1>                      NuGetPackageId=C1.Xaml.WPF.FlexGridFilter
1>                      NuGetPackageVersion=4.5.20213.749
1>                      PathInPackage=lib/netcoreapp3.0/no/C1.WPF.FlexGridFilter.4.5.2.resources.dll
1>              C:\Users\hansnguyen\.nuget\packages\c1.xaml.wpf.flexgridfilter\4.5.20213.749\lib\netcoreapp3.0\pl\C1.WPF.FlexGridFilter.4.5.2.resources.dll
1>                      AssetType=resources
1>                      CopyLocal=true
1>                      Culture=pl
1>                      DestinationSubDirectory=pl\
1>                      DestinationSubPath=pl\C1.WPF.FlexGridFilter.4.5.2.resources.dll
1>                      NuGetPackageId=C1.Xaml.WPF.FlexGridFilter
1>                      NuGetPackageVersion=4.5.20213.749
1>                      PathInPackage=lib/netcoreapp3.0/pl/C1.WPF.FlexGridFilter.4.5.2.resources.dll
1>              C:\Users\hansnguyen\.nuget\packages\c1.xaml.wpf.flexgridfilter\4.5.20213.749\lib\netcoreapp3.0\pt\C1.WPF.FlexGridFilter.4.5.2.resources.dll
1>                      AssetType=resources
1>                      CopyLocal=true
1>                      Culture=pt
1>                      DestinationSubDirectory=pt\
1>                      DestinationSubPath=pt\C1.WPF.FlexGridFilter.4.5.2.resources.dll
1>                      NuGetPackageId=C1.Xaml.WPF.FlexGridFilter
1>                      NuGetPackageVersion=4.5.20213.749
1>                      PathInPackage=lib/netcoreapp3.0/pt/C1.WPF.FlexGridFilter.4.5.2.resources.dll
1>              C:\Users\hansnguyen\.nuget\packages\c1.xaml.wpf.flexgridfilter\4.5.20213.749\lib\netcoreapp3.0\ro\C1.WPF.FlexGridFilter.4.5.2.resources.dll
1>                      AssetType=resources
1>                      CopyLocal=true
1>                      Culture=ro
1>                      DestinationSubDirectory=ro\
1>                      DestinationSubPath=ro\C1.WPF.FlexGridFilter.4.5.2.resources.dll
1>                      NuGetPackageId=C1.Xaml.WPF.FlexGridFilter
1>                      NuGetPackageVersion=4.5.20213.749
1>                      PathInPackage=lib/netcoreapp3.0/ro/C1.WPF.FlexGridFilter.4.5.2.resources.dll
1>              C:\Users\hansnguyen\.nuget\packages\c1.xaml.wpf.flexgridfilter\4.5.20213.749\lib\netcoreapp3.0\ru\C1.WPF.FlexGridFilter.4.5.2.resources.dll
1>                      AssetType=resources
1>                      CopyLocal=true
1>                      Culture=ru
1>                      DestinationSubDirectory=ru\
1>                      DestinationSubPath=ru\C1.WPF.FlexGridFilter.4.5.2.resources.dll
1>                      NuGetPackageId=C1.Xaml.WPF.FlexGridFilter
1>                      NuGetPackageVersion=4.5.20213.749
1>                      PathInPackage=lib/netcoreapp3.0/ru/C1.WPF.FlexGridFilter.4.5.2.resources.dll
1>              C:\Users\hansnguyen\.nuget\packages\c1.xaml.wpf.flexgridfilter\4.5.20213.749\lib\netcoreapp3.0\sk\C1.WPF.FlexGridFilter.4.5.2.resources.dll
1>                      AssetType=resources
1>                      CopyLocal=true
1>                      Culture=sk
1>                      DestinationSubDirectory=sk\
1>                      DestinationSubPath=sk\C1.WPF.FlexGridFilter.4.5.2.resources.dll
1>                      NuGetPackageId=C1.Xaml.WPF.FlexGridFilter
1>                      NuGetPackageVersion=4.5.20213.749
1>                      PathInPackage=lib/netcoreapp3.0/sk/C1.WPF.FlexGridFilter.4.5.2.resources.dll
1>              C:\Users\hansnguyen\.nuget\packages\c1.xaml.wpf.flexgridfilter\4.5.20213.749\lib\netcoreapp3.0\sv\C1.WPF.FlexGridFilter.4.5.2.resources.dll
1>                      AssetType=resources
1>                      CopyLocal=true
1>                      Culture=sv
1>                      DestinationSubDirectory=sv\
1>                      DestinationSubPath=sv\C1.WPF.FlexGridFilter.4.5.2.resources.dll
1>                      NuGetPackageId=C1.Xaml.WPF.FlexGridFilter
1>                      NuGetPackageVersion=4.5.20213.749
1>                      PathInPackage=lib/netcoreapp3.0/sv/C1.WPF.FlexGridFilter.4.5.2.resources.dll
1>              C:\Users\hansnguyen\.nuget\packages\c1.xaml.wpf.flexgridfilter\4.5.20213.749\lib\netcoreapp3.0\tr\C1.WPF.FlexGridFilter.4.5.2.resources.dll
1>                      AssetType=resources
1>                      CopyLocal=true
1>                      Culture=tr
1>                      DestinationSubDirectory=tr\
1>                      DestinationSubPath=tr\C1.WPF.FlexGridFilter.4.5.2.resources.dll
1>                      NuGetPackageId=C1.Xaml.WPF.FlexGridFilter
1>                      NuGetPackageVersion=4.5.20213.749
1>                      PathInPackage=lib/netcoreapp3.0/tr/C1.WPF.FlexGridFilter.4.5.2.resources.dll
1>              C:\Users\hansnguyen\.nuget\packages\c1.xaml.wpf.flexgridfilter\4.5.20213.749\lib\netcoreapp3.0\zh-Hans\C1.WPF.FlexGridFilter.4.5.2.resources.dll
1>                      AssetType=resources
1>                      CopyLocal=true
1>                      Culture=zh-Hans
1>                      DestinationSubDirectory=zh-Hans\
1>                      DestinationSubPath=zh-Hans\C1.WPF.FlexGridFilter.4.5.2.resources.dll
1>                      NuGetPackageId=C1.Xaml.WPF.FlexGridFilter
1>                      NuGetPackageVersion=4.5.20213.749
1>                      PathInPackage=lib/netcoreapp3.0/zh-Hans/C1.WPF.FlexGridFilter.4.5.2.resources.dll
1>              C:\Users\hansnguyen\.nuget\packages\c1.xaml.wpf.flexgridfilter\4.5.20213.749\lib\netcoreapp3.0\zh-Hant\C1.WPF.FlexGridFilter.4.5.2.resources.dll
1>                      AssetType=resources
1>                      CopyLocal=true
1>                      Culture=zh-Hant
1>                      DestinationSubDirectory=zh-Hant\
1>                      DestinationSubPath=zh-Hant\C1.WPF.FlexGridFilter.4.5.2.resources.dll
1>                      NuGetPackageId=C1.Xaml.WPF.FlexGridFilter
1>                      NuGetPackageVersion=4.5.20213.749
1>                      PathInPackage=lib/netcoreapp3.0/zh-Hant/C1.WPF.FlexGridFilter.4.5.2.resources.dll
1>              C:\Users\hansnguyen\.nuget\packages\c1.xaml.wpf.flexgridfilter\4.5.20213.749\lib\netcoreapp3.0\zh\C1.WPF.FlexGridFilter.4.5.2.resources.dll
1>                      AssetType=resources
1>                      CopyLocal=true
1>                      Culture=zh
1>                      DestinationSubDirectory=zh\
1>                      DestinationSubPath=zh\C1.WPF.FlexGridFilter.4.5.2.resources.dll
1>                      NuGetPackageId=C1.Xaml.WPF.FlexGridFilter
1>                      NuGetPackageVersion=4.5.20213.749
1>                      PathInPackage=lib/netcoreapp3.0/zh/C1.WPF.FlexGridFilter.4.5.2.resources.dll
1>    Done building target "ResolveLockFileCopyLocalFiles" in project "GridWithMenuApp1_VS2022_nesf0oga_wpftmp.csproj".
1>    Target "ResolveRuntimePackAssets" skipped, due to false condition; ('@(RuntimePack)' != '') was evaluated as ('' != '').
1>    Target "RunProduceContentAssets" skipped, due to false condition; ('@(_ContentFilesToPreprocess)' != '') was evaluated as ('' != '').
1>    Target "ResolvePackageAssets" skipped. Previously built successfully.
1>    Target "IncludeTransitiveProjectReferences" in file "C:\Program Files\dotnet\sdk\6.0.100-preview.7.21379.14\Sdks\Microsoft.NET.Sdk\targets\Microsoft.PackageDependencyResolution.targets":
1>    Done building target "IncludeTransitiveProjectReferences" in project "GridWithMenuApp1_VS2022_nesf0oga_wpftmp.csproj".
1>    Target "ResolvePackageDependenciesForBuild" in file "C:\Program Files\dotnet\sdk\6.0.100-preview.7.21379.14\Sdks\Microsoft.NET.Sdk\targets\Microsoft.PackageDependencyResolution.targets":
1>    Done building target "ResolvePackageDependenciesForBuild" in project "GridWithMenuApp1_VS2022_nesf0oga_wpftmp.csproj".
1>    Target "AssignProjectConfiguration" in file "C:\Program Files\Microsoft Visual Studio\2022\Preview\MSBuild\Current\Bin\amd64\Microsoft.Common.CurrentVersion.targets":
1>      Set Property: OnlyReferenceAndBuildProjectsEnabledInSolutionConfiguration=true
1>      Set Property: ShouldUnsetParentConfigurationAndPlatform=true
1>      Task "AssignProjectConfiguration"
1>        Task Parameter:OutputType=WinExe
1>        Task Parameter:CurrentProjectPlatform=AnyCPU
1>        Task Parameter:CurrentProject=C:\Users\hansnguyen\source\repos\GridWithMenuApp1_VS2022\GridWithMenuApp1_VS2022_nesf0oga_wpftmp.csproj
1>        Task Parameter:ResolveConfigurationPlatformUsingMappings=False
1>        Task Parameter:SolutionConfigurationContents=<SolutionConfiguration>
1>        <ProjectConfiguration Project="{4693df72-4233-4932-899a-9f364d66c4d9}" AbsolutePath="C:\Users\hansnguyen\source\repos\GridWithMenuApp1_VS2022\GridWithMenuApp1_VS2022.csproj">Debug|AnyCPU</ProjectConfiguration>
1>        </SolutionConfiguration>
1>        Task Parameter:ShouldUnsetParentConfigurationAndPlatform=True
1>        Task Parameter:OnlyReferenceAndBuildProjectsEnabledInSolutionConfiguration=True
1>        Task Parameter:CurrentProjectConfiguration=Debug
1>      Done executing task "AssignProjectConfiguration".
1>    Done building target "AssignProjectConfiguration" in project "GridWithMenuApp1_VS2022_nesf0oga_wpftmp.csproj".
1>    Target "_SplitProjectReferencesByFileExistence" in file "C:\Program Files\Microsoft Visual Studio\2022\Preview\MSBuild\Current\Bin\amd64\Microsoft.Common.CurrentVersion.targets":
1>      Task "ResolveNonMSBuildProjectOutput" skipped, due to false condition; ('$(BuildingInsideVisualStudio)'=='true' and '@(ProjectReferenceWithConfiguration)'!='') was evaluated as ('true'=='true' and ''!='').
1>    Done building target "_SplitProjectReferencesByFileExistence" in project "GridWithMenuApp1_VS2022_nesf0oga_wpftmp.csproj".
1>    Target "_AddOutputPathToGlobalPropertiesToRemove" in file "C:\Program Files\Microsoft Visual Studio\2022\Preview\MSBuild\Current\Bin\amd64\Microsoft.Common.CurrentVersion.targets":
1>    Done building target "_AddOutputPathToGlobalPropertiesToRemove" in project "GridWithMenuApp1_VS2022_nesf0oga_wpftmp.csproj".
1>    Target "_GetProjectReferenceTargetFrameworkProperties" in file "C:\Program Files\Microsoft Visual Studio\2022\Preview\MSBuild\Current\Bin\amd64\Microsoft.Common.CurrentVersion.targets":
1>      Set Property: ReferringTargetFrameworkForProjectReferences=.NETCoreApp,Version=v3.0
1>      Task "MSBuild"
1>        Task Parameter:BuildInParallel=True
1>        Task Parameter:SkipNonexistentTargets=True
1>        Task Parameter:RemoveProperties=;TargetFramework;RuntimeIdentifier
1>        Task Parameter:Targets=GetTargetFrameworks
1>      Done executing task "MSBuild".
1>      Task "GetReferenceNearestTargetFrameworkTask" skipped, due to false condition; ('@(_ProjectReferenceTargetFrameworkPossibilities)' != '' and '$(ReferringTargetFrameworkForProjectReferences)' != ''
1>                                                              And '$(GetReferenceNearestTargetFrameworkTaskSupportsTargetPlatformParameter)' == 'true' and '%(_ProjectReferenceTargetFrameworkPossibilities.IsVcxOrNativeProj)' != 'true') was evaluated as ('' != '' and '.NETCoreApp,Version=v3.0' != ''
1>                                                              And 'true' == 'true' and '' != 'true').
1>      Task "GetReferenceNearestTargetFrameworkTask" skipped, due to false condition; ('@(_ProjectReferenceTargetFrameworkPossibilities)' != '' and '$(ReferringTargetFrameworkForProjectReferences)' != ''
1>                                                              And '$(GetReferenceNearestTargetFrameworkTaskSupportsTargetPlatformParameter)' != 'true' and '%(_ProjectReferenceTargetFrameworkPossibilities.IsVcxOrNativeProj)' != 'true') was evaluated as ('' != '' and '.NETCoreApp,Version=v3.0' != ''
1>                                                              And 'true' != 'true' and '' != 'true').
1>    Done building target "_GetProjectReferenceTargetFrameworkProperties" in project "GridWithMenuApp1_VS2022_nesf0oga_wpftmp.csproj".
1>    Target "ValidateExecutableReferences" in file "C:\Program Files\dotnet\sdk\6.0.100-preview.7.21379.14\Sdks\Microsoft.NET.Sdk\targets\Microsoft.NET.Sdk.targets":
1>      Using "ValidateExecutableReferences" task from assembly "C:\Program Files\dotnet\sdk\6.0.100-preview.7.21379.14\Sdks\Microsoft.NET.Sdk\targets\..\tools\net472\Microsoft.NET.Build.Tasks.dll".
1>      Task "ValidateExecutableReferences"
1>        Task Parameter:SelfContained=False
1>        Task Parameter:IsExecutable=True
1>      Done executing task "ValidateExecutableReferences".
1>    Done building target "ValidateExecutableReferences" in project "GridWithMenuApp1_VS2022_nesf0oga_wpftmp.csproj".
1>    Target "_GetProjectReferencePlatformProperties" skipped, due to false condition; ('$(EnableDynamicPlatformResolution)' == 'true'
1>                         and '$(BuildingInsideVisualStudio)' != 'true'
1>                         and '@(_MSBuildProjectReferenceExistent)' != '') was evaluated as ('' == 'true'
1>                         and 'true' != 'true'
1>                         and '' != '').
1>    Target "PrepareProjectReferences" in file "C:\Program Files\Microsoft Visual Studio\2022\Preview\MSBuild\Current\Bin\amd64\Microsoft.Common.CurrentVersion.targets":
1>    Done building target "PrepareProjectReferences" in project "GridWithMenuApp1_VS2022_nesf0oga_wpftmp.csproj".
1>    Target "ResolveProjectReferences" in file "C:\Program Files\Microsoft Visual Studio\2022\Preview\MSBuild\Current\Bin\amd64\Microsoft.Common.CurrentVersion.targets":
1>      Task "MSBuild" skipped, due to false condition; ('%(_MSBuildProjectReferenceExistent.BuildReference)' == 'true' and '@(ProjectReferenceWithConfiguration)' != '' and ('$(BuildingInsideVisualStudio)' == 'true' or '$(BuildProjectReferences)' != 'true') and '$(VisualStudioVersion)' != '10.0' and '@(_MSBuildProjectReferenceExistent)' != '') was evaluated as ('' == 'true' and '' != '' and ('true' == 'true' or 'true' != 'true') and '17.0' != '10.0' and '' != '').
1>      Task "MSBuild" skipped, due to false condition; ('%(_MSBuildProjectReferenceExistent.BuildReference)' == 'true' and '@(ProjectReferenceWithConfiguration)' != '' and '$(BuildingInsideVisualStudio)' != 'true' and '$(BuildProjectReferences)' == 'true' and '@(_MSBuildProjectReferenceExistent)' != '') was evaluated as ('' == 'true' and '' != '' and 'true' != 'true' and 'true' == 'true' and '' != '').
1>      Task "MSBuild" skipped, due to false condition; ('%(_MSBuildProjectReferenceExistent.BuildReference)' == 'true' and '@(ProjectReferenceWithConfiguration)' != '' and '$(BuildingProject)' == 'true' and '@(_MSBuildProjectReferenceExistent)' != '') was evaluated as ('' == 'true' and '' != '' and 'true' == 'true' and '' != '').
1>      Task "Warning" skipped, due to false condition; ('@(ProjectReferenceWithConfiguration)' != '' and '@(_MSBuildProjectReferenceNonexistent)' != '') was evaluated as ('' != '' and '' != '').
1>    Done building target "ResolveProjectReferences" in project "GridWithMenuApp1_VS2022_nesf0oga_wpftmp.csproj".
1>    Target "RemoveManagedWinRTComponentWinMDReferences" in file "C:\Program Files\dotnet\sdk\6.0.100-preview.7.21379.14\Sdks\Microsoft.NET.Sdk\targets\Microsoft.NET.Windows.targets":
1>    Done building target "RemoveManagedWinRTComponentWinMDReferences" in project "GridWithMenuApp1_VS2022_nesf0oga_wpftmp.csproj".
1>    Target "DesignTimeMarkupCompilation" in file "C:\Program Files\dotnet\sdk\6.0.100-preview.7.21379.14\Sdks\Microsoft.NET.Sdk.WindowsDesktop\targets\Microsoft.WinFX.targets":
1>      Task "CallTarget" skipped, due to false condition; ('$(BuildingProject)' != 'true' Or $(DesignTimeBuild) == 'true') was evaluated as ('true' != 'true' Or  == 'true').
1>    Done building target "DesignTimeMarkupCompilation" in project "GridWithMenuApp1_VS2022_nesf0oga_wpftmp.csproj".
1>    Target "GenerateCompiledExpressionsTempFile" in file "C:\Program Files\Microsoft Visual Studio\2022\Preview\MSBuild\Current\Bin\amd64\Microsoft.WorkflowBuildExtensions.targets":
1>    Done building target "GenerateCompiledExpressionsTempFile" in project "GridWithMenuApp1_VS2022_nesf0oga_wpftmp.csproj".
1>    Target "DesignTimeXamlMarkupCompilation" in file "C:\Windows\Microsoft.NET\Framework\v4.0.30319\Microsoft.Xaml.targets":
1>      Task "MakeDir" skipped, due to false condition; ('@(XamlAppDef)' != '') was evaluated as ('' != '').
1>      Task "CallTarget" skipped, due to false condition; ('$(BuildingProject)' != 'true' and '@(XamlAppDef)' != '') was evaluated as ('true' != 'true' and '' != '').
1>    Done building target "DesignTimeXamlMarkupCompilation" in project "GridWithMenuApp1_VS2022_nesf0oga_wpftmp.csproj".
1>    Target "CleanInProcessXamlGeneratedFiles" skipped, due to false condition; ('@(XamlAppDef)' != '' And '$(BuildingInsideVisualStudio)'!='true') was evaluated as ('' != '' And 'true'!='true').
1>    Target "_ComputeNonExistentFileProperty" skipped, due to false condition; (('$(BuildingInsideVisualStudio)' == 'true') and ('$(BuildingOutOfProcess)' != 'true') and (('$(BuildingProject)' == 'false') or ('$(UseHostCompilerIfAvailable)' == 'true'))) was evaluated as (('true' == 'true') and ('' != 'true') and (('true' == 'false') or ('false' == 'true'))).
1>    Target "ResolveCodeAnalysisRuleSet" skipped, due to false condition; ('$(CodeAnalysisRuleSet)' != '') was evaluated as ('' != '').
1>    Target "ShimReferencePathsWhenCommonTargetsDoesNotUnderstandReferenceAssemblies" in file "C:\Program Files\Microsoft Visual Studio\2022\Preview\MSBuild\Current\Bin\Roslyn\Microsoft.Managed.Core.targets":
1>      Added Item(s): 
1>          ReferencePathWithRefAssemblies=
1>              C:\Users\hansnguyen\.nuget\packages\microsoft.windowsdesktop.app.ref\3.0.0\ref\netcoreapp3.0\Accessibility.dll
1>              C:\Users\hansnguyen\.nuget\packages\c1.xaml.wpf\4.5.20213.749\lib\netcoreapp3.0\C1.WPF.4.5.2.dll
1>              C:\Users\hansnguyen\.nuget\packages\c1.xaml.wpf.datetimeeditors\4.5.20213.749\lib\netcoreapp3.0\C1.WPF.DateTimeEditors.4.5.2.dll
1>              C:\Users\hansnguyen\.nuget\packages\c1.xaml.wpf.flexgrid\4.5.20213.749\lib\netcoreapp3.0\C1.WPF.FlexGrid.4.5.2.dll
1>              C:\Users\hansnguyen\.nuget\packages\c1.xaml.wpf.flexgrid.grouppanel\4.5.20213.749\lib\netcoreapp3.0\C1.WPF.FlexGrid.GroupPanel.4.5.2.dll
1>              C:\Users\hansnguyen\.nuget\packages\c1.xaml.wpf.flexgridfilter\4.5.20213.749\lib\netcoreapp3.0\C1.WPF.FlexGridFilter.4.5.2.dll
1>              C:\Users\hansnguyen\.nuget\packages\c1.xaml.wpf.toolbar\4.5.20213.749\lib\netcoreapp3.0\C1.WPF.Toolbar.4.5.2.dll
1>              C:\Users\hansnguyen\.nuget\packages\microsoft.netcore.app.ref\3.0.0\ref\netcoreapp3.0\Microsoft.CSharp.dll
1>              C:\Users\hansnguyen\.nuget\packages\microsoft.netcore.app.ref\3.0.0\ref\netcoreapp3.0\Microsoft.VisualBasic.Core.dll
1>              C:\Users\hansnguyen\.nuget\packages\microsoft.netcore.app.ref\3.0.0\ref\netcoreapp3.0\Microsoft.VisualBasic.dll
1>              C:\Users\hansnguyen\.nuget\packages\microsoft.netcore.app.ref\3.0.0\ref\netcoreapp3.0\Microsoft.Win32.Primitives.dll
1>              C:\Users\hansnguyen\.nuget\packages\microsoft.windowsdesktop.app.ref\3.0.0\ref\netcoreapp3.0\Microsoft.Win32.Registry.AccessControl.dll
1>              C:\Users\hansnguyen\.nuget\packages\microsoft.windowsdesktop.app.ref\3.0.0\ref\netcoreapp3.0\Microsoft.Win32.Registry.dll
1>              C:\Users\hansnguyen\.nuget\packages\microsoft.windowsdesktop.app.ref\3.0.0\ref\netcoreapp3.0\Microsoft.Win32.SystemEvents.dll
1>              C:\Users\hansnguyen\.nuget\packages\microsoft.netcore.app.ref\3.0.0\ref\netcoreapp3.0\mscorlib.dll
1>              C:\Users\hansnguyen\.nuget\packages\microsoft.netcore.app.ref\3.0.0\ref\netcoreapp3.0\netstandard.dll
1>              C:\Users\hansnguyen\.nuget\packages\microsoft.windowsdesktop.app.ref\3.0.0\ref\netcoreapp3.0\PresentationCore.dll
1>              C:\Users\hansnguyen\.nuget\packages\microsoft.windowsdesktop.app.ref\3.0.0\ref\netcoreapp3.0\PresentationFramework.Aero.dll
1>              C:\Users\hansnguyen\.nuget\packages\microsoft.windowsdesktop.app.ref\3.0.0\ref\netcoreapp3.0\PresentationFramework.Aero2.dll
1>              C:\Users\hansnguyen\.nuget\packages\microsoft.windowsdesktop.app.ref\3.0.0\ref\netcoreapp3.0\PresentationFramework.AeroLite.dll
1>              C:\Users\hansnguyen\.nuget\packages\microsoft.windowsdesktop.app.ref\3.0.0\ref\netcoreapp3.0\PresentationFramework.Classic.dll
1>              C:\Users\hansnguyen\.nuget\packages\microsoft.windowsdesktop.app.ref\3.0.0\ref\netcoreapp3.0\PresentationFramework.dll
1>              C:\Users\hansnguyen\.nuget\packages\microsoft.windowsdesktop.app.ref\3.0.0\ref\netcoreapp3.0\PresentationFramework.Luna.dll
1>              C:\Users\hansnguyen\.nuget\packages\microsoft.windowsdesktop.app.ref\3.0.0\ref\netcoreapp3.0\PresentationFramework.Royale.dll
1>              C:\Users\hansnguyen\.nuget\packages\microsoft.windowsdesktop.app.ref\3.0.0\ref\netcoreapp3.0\PresentationUI.dll
1>              C:\Users\hansnguyen\.nuget\packages\microsoft.windowsdesktop.app.ref\3.0.0\ref\netcoreapp3.0\ReachFramework.dll
1>              C:\Users\hansnguyen\.nuget\packages\microsoft.netcore.app.ref\3.0.0\ref\netcoreapp3.0\System.AppContext.dll
1>              C:\Users\hansnguyen\.nuget\packages\microsoft.netcore.app.ref\3.0.0\ref\netcoreapp3.0\System.Buffers.dll
1>              C:\Users\hansnguyen\.nuget\packages\microsoft.windowsdesktop.app.ref\3.0.0\ref\netcoreapp3.0\System.CodeDom.dll
1>              C:\Users\hansnguyen\.nuget\packages\microsoft.netcore.app.ref\3.0.0\ref\netcoreapp3.0\System.Collections.Concurrent.dll
1>              C:\Users\hansnguyen\.nuget\packages\microsoft.netcore.app.ref\3.0.0\ref\netcoreapp3.0\System.Collections.dll
1>              C:\Users\hansnguyen\.nuget\packages\microsoft.netcore.app.ref\3.0.0\ref\netcoreapp3.0\System.Collections.Immutable.dll
1>              C:\Users\hansnguyen\.nuget\packages\microsoft.netcore.app.ref\3.0.0\ref\netcoreapp3.0\System.Collections.NonGeneric.dll
1>              C:\Users\hansnguyen\.nuget\packages\microsoft.netcore.app.ref\3.0.0\ref\netcoreapp3.0\System.Collections.Specialized.dll
1>              C:\Users\hansnguyen\.nuget\packages\microsoft.netcore.app.ref\3.0.0\ref\netcoreapp3.0\System.ComponentModel.Annotations.dll
1>              C:\Users\hansnguyen\.nuget\packages\microsoft.netcore.app.ref\3.0.0\ref\netcoreapp3.0\System.ComponentModel.DataAnnotations.dll
1>              C:\Users\hansnguyen\.nuget\packages\microsoft.netcore.app.ref\3.0.0\ref\netcoreapp3.0\System.ComponentModel.dll
1>              C:\Users\hansnguyen\.nuget\packages\microsoft.netcore.app.ref\3.0.0\ref\netcoreapp3.0\System.ComponentModel.EventBasedAsync.dll
1>              C:\Users\hansnguyen\.nuget\packages\microsoft.netcore.app.ref\3.0.0\ref\netcoreapp3.0\System.ComponentModel.Primitives.dll
1>              C:\Users\hansnguyen\.nuget\packages\microsoft.netcore.app.ref\3.0.0\ref\netcoreapp3.0\System.ComponentModel.TypeConverter.dll
1>              C:\Users\hansnguyen\.nuget\packages\microsoft.windowsdesktop.app.ref\3.0.0\ref\netcoreapp3.0\System.Configuration.ConfigurationManager.dll
1>              C:\Users\hansnguyen\.nuget\packages\microsoft.netcore.app.ref\3.0.0\ref\netcoreapp3.0\System.Configuration.dll
1>              C:\Users\hansnguyen\.nuget\packages\microsoft.netcore.app.ref\3.0.0\ref\netcoreapp3.0\System.Console.dll
1>              C:\Users\hansnguyen\.nuget\packages\microsoft.netcore.app.ref\3.0.0\ref\netcoreapp3.0\System.Core.dll
1>              C:\Users\hansnguyen\.nuget\packages\microsoft.netcore.app.ref\3.0.0\ref\netcoreapp3.0\System.Data.Common.dll
1>              C:\Users\hansnguyen\.nuget\packages\microsoft.netcore.app.ref\3.0.0\ref\netcoreapp3.0\System.Data.DataSetExtensions.dll
1>              C:\Users\hansnguyen\.nuget\packages\microsoft.netcore.app.ref\3.0.0\ref\netcoreapp3.0\System.Data.dll
1>              C:\Users\hansnguyen\.nuget\packages\microsoft.netcore.app.ref\3.0.0\ref\netcoreapp3.0\System.Diagnostics.Contracts.dll
1>              C:\Users\hansnguyen\.nuget\packages\microsoft.netcore.app.ref\3.0.0\ref\netcoreapp3.0\System.Diagnostics.Debug.dll
1>              C:\Users\hansnguyen\.nuget\packages\microsoft.netcore.app.ref\3.0.0\ref\netcoreapp3.0\System.Diagnostics.DiagnosticSource.dll
1>              C:\Users\hansnguyen\.nuget\packages\microsoft.windowsdesktop.app.ref\3.0.0\ref\netcoreapp3.0\System.Diagnostics.EventLog.dll
1>              C:\Users\hansnguyen\.nuget\packages\microsoft.netcore.app.ref\3.0.0\ref\netcoreapp3.0\System.Diagnostics.FileVersionInfo.dll
1>              C:\Users\hansnguyen\.nuget\packages\microsoft.windowsdesktop.app.ref\3.0.0\ref\netcoreapp3.0\System.Diagnostics.PerformanceCounter.dll
1>              C:\Users\hansnguyen\.nuget\packages\microsoft.netcore.app.ref\3.0.0\ref\netcoreapp3.0\System.Diagnostics.Process.dll
1>              C:\Users\hansnguyen\.nuget\packages\microsoft.netcore.app.ref\3.0.0\ref\netcoreapp3.0\System.Diagnostics.StackTrace.dll
1>              C:\Users\hansnguyen\.nuget\packages\microsoft.netcore.app.ref\3.0.0\ref\netcoreapp3.0\System.Diagnostics.TextWriterTraceListener.dll
1>              C:\Users\hansnguyen\.nuget\packages\microsoft.netcore.app.ref\3.0.0\ref\netcoreapp3.0\System.Diagnostics.Tools.dll
1>              C:\Users\hansnguyen\.nuget\packages\microsoft.netcore.app.ref\3.0.0\ref\netcoreapp3.0\System.Diagnostics.TraceSource.dll
1>              C:\Users\hansnguyen\.nuget\packages\microsoft.netcore.app.ref\3.0.0\ref\netcoreapp3.0\System.Diagnostics.Tracing.dll
1>              C:\Users\hansnguyen\.nuget\packages\microsoft.windowsdesktop.app.ref\3.0.0\ref\netcoreapp3.0\System.DirectoryServices.dll
1>              C:\Users\hansnguyen\.nuget\packages\microsoft.netcore.app.ref\3.0.0\ref\netcoreapp3.0\System.dll
1>              C:\Users\hansnguyen\.nuget\packages\microsoft.netcore.app.ref\3.0.0\ref\netcoreapp3.0\System.Drawing.dll
1>              C:\Users\hansnguyen\.nuget\packages\microsoft.netcore.app.ref\3.0.0\ref\netcoreapp3.0\System.Drawing.Primitives.dll
1>              C:\Users\hansnguyen\.nuget\packages\microsoft.netcore.app.ref\3.0.0\ref\netcoreapp3.0\System.Dynamic.Runtime.dll
1>              C:\Users\hansnguyen\.nuget\packages\microsoft.netcore.app.ref\3.0.0\ref\netcoreapp3.0\System.Globalization.Calendars.dll
1>              C:\Users\hansnguyen\.nuget\packages\microsoft.netcore.app.ref\3.0.0\ref\netcoreapp3.0\System.Globalization.dll
1>              C:\Users\hansnguyen\.nuget\packages\microsoft.netcore.app.ref\3.0.0\ref\netcoreapp3.0\System.Globalization.Extensions.dll
1>              C:\Users\hansnguyen\.nuget\packages\microsoft.netcore.app.ref\3.0.0\ref\netcoreapp3.0\System.IO.Compression.Brotli.dll
1>              C:\Users\hansnguyen\.nuget\packages\microsoft.netcore.app.ref\3.0.0\ref\netcoreapp3.0\System.IO.Compression.dll
1>              C:\Users\hansnguyen\.nuget\packages\microsoft.netcore.app.ref\3.0.0\ref\netcoreapp3.0\System.IO.Compression.FileSystem.dll
1>              C:\Users\hansnguyen\.nuget\packages\microsoft.netcore.app.ref\3.0.0\ref\netcoreapp3.0\System.IO.Compression.ZipFile.dll
1>              C:\Users\hansnguyen\.nuget\packages\microsoft.netcore.app.ref\3.0.0\ref\netcoreapp3.0\System.IO.dll
1>              C:\Users\hansnguyen\.nuget\packages\microsoft.windowsdesktop.app.ref\3.0.0\ref\netcoreapp3.0\System.IO.FileSystem.AccessControl.dll
1>              C:\Users\hansnguyen\.nuget\packages\microsoft.netcore.app.ref\3.0.0\ref\netcoreapp3.0\System.IO.FileSystem.dll
1>              C:\Users\hansnguyen\.nuget\packages\microsoft.netcore.app.ref\3.0.0\ref\netcoreapp3.0\System.IO.FileSystem.DriveInfo.dll
1>              C:\Users\hansnguyen\.nuget\packages\microsoft.netcore.app.ref\3.0.0\ref\netcoreapp3.0\System.IO.FileSystem.Primitives.dll
1>              C:\Users\hansnguyen\.nuget\packages\microsoft.netcore.app.ref\3.0.0\ref\netcoreapp3.0\System.IO.FileSystem.Watcher.dll
1>              C:\Users\hansnguyen\.nuget\packages\microsoft.netcore.app.ref\3.0.0\ref\netcoreapp3.0\System.IO.IsolatedStorage.dll
1>              C:\Users\hansnguyen\.nuget\packages\microsoft.netcore.app.ref\3.0.0\ref\netcoreapp3.0\System.IO.MemoryMappedFiles.dll
1>              C:\Users\hansnguyen\.nuget\packages\microsoft.windowsdesktop.app.ref\3.0.0\ref\netcoreapp3.0\System.IO.Packaging.dll
1>              C:\Users\hansnguyen\.nuget\packages\microsoft.windowsdesktop.app.ref\3.0.0\ref\netcoreapp3.0\System.IO.Pipes.AccessControl.dll
1>              C:\Users\hansnguyen\.nuget\packages\microsoft.netcore.app.ref\3.0.0\ref\netcoreapp3.0\System.IO.Pipes.dll
1>              C:\Users\hansnguyen\.nuget\packages\microsoft.netcore.app.ref\3.0.0\ref\netcoreapp3.0\System.IO.UnmanagedMemoryStream.dll
1>              C:\Users\hansnguyen\.nuget\packages\microsoft.netcore.app.ref\3.0.0\ref\netcoreapp3.0\System.Linq.dll
1>              C:\Users\hansnguyen\.nuget\packages\microsoft.netcore.app.ref\3.0.0\ref\netcoreapp3.0\System.Linq.Expressions.dll
1>              C:\Users\hansnguyen\.nuget\packages\microsoft.netcore.app.ref\3.0.0\ref\netcoreapp3.0\System.Linq.Parallel.dll
1>              C:\Users\hansnguyen\.nuget\packages\microsoft.netcore.app.ref\3.0.0\ref\netcoreapp3.0\System.Linq.Queryable.dll
1>              C:\Users\hansnguyen\.nuget\packages\microsoft.netcore.app.ref\3.0.0\ref\netcoreapp3.0\System.Memory.dll
1>              C:\Users\hansnguyen\.nuget\packages\microsoft.netcore.app.ref\3.0.0\ref\netcoreapp3.0\System.Net.dll
1>              C:\Users\hansnguyen\.nuget\packages\microsoft.netcore.app.ref\3.0.0\ref\netcoreapp3.0\System.Net.Http.dll
1>              C:\Users\hansnguyen\.nuget\packages\microsoft.netcore.app.ref\3.0.0\ref\netcoreapp3.0\System.Net.HttpListener.dll
1>              C:\Users\hansnguyen\.nuget\packages\microsoft.netcore.app.ref\3.0.0\ref\netcoreapp3.0\System.Net.Mail.dll
1>              C:\Users\hansnguyen\.nuget\packages\microsoft.netcore.app.ref\3.0.0\ref\netcoreapp3.0\System.Net.NameResolution.dll
1>              C:\Users\hansnguyen\.nuget\packages\microsoft.netcore.app.ref\3.0.0\ref\netcoreapp3.0\System.Net.NetworkInformation.dll
1>              C:\Users\hansnguyen\.nuget\packages\microsoft.netcore.app.ref\3.0.0\ref\netcoreapp3.0\System.Net.Ping.dll
1>              C:\Users\hansnguyen\.nuget\packages\microsoft.netcore.app.ref\3.0.0\ref\netcoreapp3.0\System.Net.Primitives.dll
1>              C:\Users\hansnguyen\.nuget\packages\microsoft.netcore.app.ref\3.0.0\ref\netcoreapp3.0\System.Net.Requests.dll
1>              C:\Users\hansnguyen\.nuget\packages\microsoft.netcore.app.ref\3.0.0\ref\netcoreapp3.0\System.Net.Security.dll
1>              C:\Users\hansnguyen\.nuget\packages\microsoft.netcore.app.ref\3.0.0\ref\netcoreapp3.0\System.Net.ServicePoint.dll
1>              C:\Users\hansnguyen\.nuget\packages\microsoft.netcore.app.ref\3.0.0\ref\netcoreapp3.0\System.Net.Sockets.dll
1>              C:\Users\hansnguyen\.nuget\packages\microsoft.netcore.app.ref\3.0.0\ref\netcoreapp3.0\System.Net.WebClient.dll
1>              C:\Users\hansnguyen\.nuget\packages\microsoft.netcore.app.ref\3.0.0\ref\netcoreapp3.0\System.Net.WebHeaderCollection.dll
1>              C:\Users\hansnguyen\.nuget\packages\microsoft.netcore.app.ref\3.0.0\ref\netcoreapp3.0\System.Net.WebProxy.dll
1>              C:\Users\hansnguyen\.nuget\packages\microsoft.netcore.app.ref\3.0.0\ref\netcoreapp3.0\System.Net.WebSockets.Client.dll
1>              C:\Users\hansnguyen\.nuget\packages\microsoft.netcore.app.ref\3.0.0\ref\netcoreapp3.0\System.Net.WebSockets.dll
1>              C:\Users\hansnguyen\.nuget\packages\microsoft.netcore.app.ref\3.0.0\ref\netcoreapp3.0\System.Numerics.dll
1>              C:\Users\hansnguyen\.nuget\packages\microsoft.netcore.app.ref\3.0.0\ref\netcoreapp3.0\System.Numerics.Vectors.dll
1>              C:\Users\hansnguyen\.nuget\packages\microsoft.netcore.app.ref\3.0.0\ref\netcoreapp3.0\System.ObjectModel.dll
1>              C:\Users\hansnguyen\.nuget\packages\microsoft.windowsdesktop.app.ref\3.0.0\ref\netcoreapp3.0\System.Printing.dll
1>              C:\Users\hansnguyen\.nuget\packages\microsoft.netcore.app.ref\3.0.0\ref\netcoreapp3.0\System.Reflection.DispatchProxy.dll
1>              C:\Users\hansnguyen\.nuget\packages\microsoft.netcore.app.ref\3.0.0\ref\netcoreapp3.0\System.Reflection.dll
1>              C:\Users\hansnguyen\.nuget\packages\microsoft.netcore.app.ref\3.0.0\ref\netcoreapp3.0\System.Reflection.Emit.dll
1>              C:\Users\hansnguyen\.nuget\packages\microsoft.netcore.app.ref\3.0.0\ref\netcoreapp3.0\System.Reflection.Emit.ILGeneration.dll
1>              C:\Users\hansnguyen\.nuget\packages\microsoft.netcore.app.ref\3.0.0\ref\netcoreapp3.0\System.Reflection.Emit.Lightweight.dll
1>              C:\Users\hansnguyen\.nuget\packages\microsoft.netcore.app.ref\3.0.0\ref\netcoreapp3.0\System.Reflection.Extensions.dll
1>              C:\Users\hansnguyen\.nuget\packages\microsoft.netcore.app.ref\3.0.0\ref\netcoreapp3.0\System.Reflection.Metadata.dll
1>              C:\Users\hansnguyen\.nuget\packages\microsoft.netcore.app.ref\3.0.0\ref\netcoreapp3.0\System.Reflection.Primitives.dll
1>              C:\Users\hansnguyen\.nuget\packages\microsoft.netcore.app.ref\3.0.0\ref\netcoreapp3.0\System.Reflection.TypeExtensions.dll
1>              C:\Users\hansnguyen\.nuget\packages\microsoft.windowsdesktop.app.ref\3.0.0\ref\netcoreapp3.0\System.Resources.Extensions.dll
1>              C:\Users\hansnguyen\.nuget\packages\microsoft.netcore.app.ref\3.0.0\ref\netcoreapp3.0\System.Resources.Reader.dll
1>              C:\Users\hansnguyen\.nuget\packages\microsoft.netcore.app.ref\3.0.0\ref\netcoreapp3.0\System.Resources.ResourceManager.dll
1>              C:\Users\hansnguyen\.nuget\packages\microsoft.netcore.app.ref\3.0.0\ref\netcoreapp3.0\System.Resources.Writer.dll
1>              C:\Users\hansnguyen\.nuget\packages\microsoft.netcore.app.ref\3.0.0\ref\netcoreapp3.0\System.Runtime.CompilerServices.Unsafe.dll
1>              C:\Users\hansnguyen\.nuget\packages\microsoft.netcore.app.ref\3.0.0\ref\netcoreapp3.0\System.Runtime.CompilerServices.VisualC.dll
1>              C:\Users\hansnguyen\.nuget\packages\microsoft.netcore.app.ref\3.0.0\ref\netcoreapp3.0\System.Runtime.dll
1>              C:\Users\hansnguyen\.nuget\packages\microsoft.netcore.app.ref\3.0.0\ref\netcoreapp3.0\System.Runtime.Extensions.dll
1>              C:\Users\hansnguyen\.nuget\packages\microsoft.netcore.app.ref\3.0.0\ref\netcoreapp3.0\System.Runtime.Handles.dll
1>              C:\Users\hansnguyen\.nuget\packages\microsoft.netcore.app.ref\3.0.0\ref\netcoreapp3.0\System.Runtime.InteropServices.dll
1>              C:\Users\hansnguyen\.nuget\packages\microsoft.netcore.app.ref\3.0.0\ref\netcoreapp3.0\System.Runtime.InteropServices.RuntimeInformation.dll
1>              C:\Users\hansnguyen\.nuget\packages\microsoft.netcore.app.ref\3.0.0\ref\netcoreapp3.0\System.Runtime.InteropServices.WindowsRuntime.dll
1>              C:\Users\hansnguyen\.nuget\packages\microsoft.netcore.app.ref\3.0.0\ref\netcoreapp3.0\System.Runtime.Intrinsics.dll
1>              C:\Users\hansnguyen\.nuget\packages\microsoft.netcore.app.ref\3.0.0\ref\netcoreapp3.0\System.Runtime.Loader.dll
1>              C:\Users\hansnguyen\.nuget\packages\microsoft.netcore.app.ref\3.0.0\ref\netcoreapp3.0\System.Runtime.Numerics.dll
1>              C:\Users\hansnguyen\.nuget\packages\microsoft.netcore.app.ref\3.0.0\ref\netcoreapp3.0\System.Runtime.Serialization.dll
1>              C:\Users\hansnguyen\.nuget\packages\microsoft.netcore.app.ref\3.0.0\ref\netcoreapp3.0\System.Runtime.Serialization.Formatters.dll
1>              C:\Users\hansnguyen\.nuget\packages\microsoft.netcore.app.ref\3.0.0\ref\netcoreapp3.0\System.Runtime.Serialization.Json.dll
1>              C:\Users\hansnguyen\.nuget\packages\microsoft.netcore.app.ref\3.0.0\ref\netcoreapp3.0\System.Runtime.Serialization.Primitives.dll
1>              C:\Users\hansnguyen\.nuget\packages\microsoft.netcore.app.ref\3.0.0\ref\netcoreapp3.0\System.Runtime.Serialization.Xml.dll
1>              C:\Users\hansnguyen\.nuget\packages\microsoft.windowsdesktop.app.ref\3.0.0\ref\netcoreapp3.0\System.Security.AccessControl.dll
1>              C:\Users\hansnguyen\.nuget\packages\microsoft.netcore.app.ref\3.0.0\ref\netcoreapp3.0\System.Security.Claims.dll
1>              C:\Users\hansnguyen\.nuget\packages\microsoft.netcore.app.ref\3.0.0\ref\netcoreapp3.0\System.Security.Cryptography.Algorithms.dll
1>              C:\Users\hansnguyen\.nuget\packages\microsoft.windowsdesktop.app.ref\3.0.0\ref\netcoreapp3.0\System.Security.Cryptography.Cng.dll
1>              C:\Users\hansnguyen\.nuget\packages\microsoft.netcore.app.ref\3.0.0\ref\netcoreapp3.0\System.Security.Cryptography.Csp.dll
1>              C:\Users\hansnguyen\.nuget\packages\microsoft.netcore.app.ref\3.0.0\ref\netcoreapp3.0\System.Security.Cryptography.Encoding.dll
1>              C:\Users\hansnguyen\.nuget\packages\microsoft.windowsdesktop.app.ref\3.0.0\ref\netcoreapp3.0\System.Security.Cryptography.Pkcs.dll
1>              C:\Users\hansnguyen\.nuget\packages\microsoft.netcore.app.ref\3.0.0\ref\netcoreapp3.0\System.Security.Cryptography.Primitives.dll
1>              C:\Users\hansnguyen\.nuget\packages\microsoft.windowsdesktop.app.ref\3.0.0\ref\netcoreapp3.0\System.Security.Cryptography.ProtectedData.dll
1>              C:\Users\hansnguyen\.nuget\packages\microsoft.netcore.app.ref\3.0.0\ref\netcoreapp3.0\System.Security.Cryptography.X509Certificates.dll
1>              C:\Users\hansnguyen\.nuget\packages\microsoft.windowsdesktop.app.ref\3.0.0\ref\netcoreapp3.0\System.Security.Cryptography.Xml.dll
1>              C:\Users\hansnguyen\.nuget\packages\microsoft.netcore.app.ref\3.0.0\ref\netcoreapp3.0\System.Security.dll
1>              C:\Users\hansnguyen\.nuget\packages\microsoft.windowsdesktop.app.ref\3.0.0\ref\netcoreapp3.0\System.Security.Permissions.dll
1>              C:\Users\hansnguyen\.nuget\packages\microsoft.netcore.app.ref\3.0.0\ref\netcoreapp3.0\System.Security.Principal.dll
1>              C:\Users\hansnguyen\.nuget\packages\microsoft.windowsdesktop.app.ref\3.0.0\ref\netcoreapp3.0\System.Security.Principal.Windows.dll
1>              C:\Users\hansnguyen\.nuget\packages\microsoft.netcore.app.ref\3.0.0\ref\netcoreapp3.0\System.Security.SecureString.dll
1>              C:\Users\hansnguyen\.nuget\packages\microsoft.netcore.app.ref\3.0.0\ref\netcoreapp3.0\System.ServiceModel.Web.dll
1>              C:\Users\hansnguyen\.nuget\packages\microsoft.netcore.app.ref\3.0.0\ref\netcoreapp3.0\System.ServiceProcess.dll
1>              C:\Users\hansnguyen\.nuget\packages\microsoft.netcore.app.ref\3.0.0\ref\netcoreapp3.0\System.Text.Encoding.CodePages.dll
1>              C:\Users\hansnguyen\.nuget\packages\microsoft.netcore.app.ref\3.0.0\ref\netcoreapp3.0\System.Text.Encoding.dll
1>              C:\Users\hansnguyen\.nuget\packages\microsoft.netcore.app.ref\3.0.0\ref\netcoreapp3.0\System.Text.Encoding.Extensions.dll
1>              C:\Users\hansnguyen\.nuget\packages\microsoft.netcore.app.ref\3.0.0\ref\netcoreapp3.0\System.Text.Encodings.Web.dll
1>              C:\Users\hansnguyen\.nuget\packages\microsoft.netcore.app.ref\3.0.0\ref\netcoreapp3.0\System.Text.Json.dll
1>              C:\Users\hansnguyen\.nuget\packages\microsoft.netcore.app.ref\3.0.0\ref\netcoreapp3.0\System.Text.RegularExpressions.dll
1>              C:\Users\hansnguyen\.nuget\packages\microsoft.windowsdesktop.app.ref\3.0.0\ref\netcoreapp3.0\System.Threading.AccessControl.dll
1>              C:\Users\hansnguyen\.nuget\packages\microsoft.netcore.app.ref\3.0.0\ref\netcoreapp3.0\System.Threading.Channels.dll
1>              C:\Users\hansnguyen\.nuget\packages\microsoft.netcore.app.ref\3.0.0\ref\netcoreapp3.0\System.Threading.dll
1>              C:\Users\hansnguyen\.nuget\packages\microsoft.netcore.app.ref\3.0.0\ref\netcoreapp3.0\System.Threading.Overlapped.dll
1>              C:\Users\hansnguyen\.nuget\packages\microsoft.netcore.app.ref\3.0.0\ref\netcoreapp3.0\System.Threading.Tasks.Dataflow.dll
1>              C:\Users\hansnguyen\.nuget\packages\microsoft.netcore.app.ref\3.0.0\ref\netcoreapp3.0\System.Threading.Tasks.dll
1>              C:\Users\hansnguyen\.nuget\packages\microsoft.netcore.app.ref\3.0.0\ref\netcoreapp3.0\System.Threading.Tasks.Extensions.dll
1>              C:\Users\hansnguyen\.nuget\packages\microsoft.netcore.app.ref\3.0.0\ref\netcoreapp3.0\System.Threading.Tasks.Parallel.dll
1>              C:\Users\hansnguyen\.nuget\packages\microsoft.netcore.app.ref\3.0.0\ref\netcoreapp3.0\System.Threading.Thread.dll
1>              C:\Users\hansnguyen\.nuget\packages\microsoft.netcore.app.ref\3.0.0\ref\netcoreapp3.0\System.Threading.ThreadPool.dll
1>              C:\Users\hansnguyen\.nuget\packages\microsoft.netcore.app.ref\3.0.0\ref\netcoreapp3.0\System.Threading.Timer.dll
1>              C:\Users\hansnguyen\.nuget\packages\microsoft.netcore.app.ref\3.0.0\ref\netcoreapp3.0\System.Transactions.dll
1>              C:\Users\hansnguyen\.nuget\packages\microsoft.netcore.app.ref\3.0.0\ref\netcoreapp3.0\System.Transactions.Local.dll
1>              C:\Users\hansnguyen\.nuget\packages\microsoft.netcore.app.ref\3.0.0\ref\netcoreapp3.0\System.ValueTuple.dll
1>              C:\Users\hansnguyen\.nuget\packages\microsoft.netcore.app.ref\3.0.0\ref\netcoreapp3.0\System.Web.dll
1>              C:\Users\hansnguyen\.nuget\packages\microsoft.netcore.app.ref\3.0.0\ref\netcoreapp3.0\System.Web.HttpUtility.dll
1>              C:\Users\hansnguyen\.nuget\packages\microsoft.windowsdesktop.app.ref\3.0.0\ref\netcoreapp3.0\System.Windows.Controls.Ribbon.dll
1>              C:\Users\hansnguyen\.nuget\packages\microsoft.netcore.app.ref\3.0.0\ref\netcoreapp3.0\System.Windows.dll
1>              C:\Users\hansnguyen\.nuget\packages\microsoft.windowsdesktop.app.ref\3.0.0\ref\netcoreapp3.0\System.Windows.Extensions.dll
1>              C:\Users\hansnguyen\.nuget\packages\microsoft.windowsdesktop.app.ref\3.0.0\ref\netcoreapp3.0\System.Windows.Input.Manipulations.dll
1>              C:\Users\hansnguyen\.nuget\packages\microsoft.windowsdesktop.app.ref\3.0.0\ref\netcoreapp3.0\System.Windows.Presentation.dll
1>              C:\Users\hansnguyen\.nuget\packages\microsoft.windowsdesktop.app.ref\3.0.0\ref\netcoreapp3.0\System.Xaml.dll
1>              C:\Users\hansnguyen\.nuget\packages\microsoft.netcore.app.ref\3.0.0\ref\netcoreapp3.0\System.Xml.dll
1>              C:\Users\hansnguyen\.nuget\packages\microsoft.netcore.app.ref\3.0.0\ref\netcoreapp3.0\System.Xml.Linq.dll
1>              C:\Users\hansnguyen\.nuget\packages\microsoft.netcore.app.ref\3.0.0\ref\netcoreapp3.0\System.Xml.ReaderWriter.dll
1>              C:\Users\hansnguyen\.nuget\packages\microsoft.netcore.app.ref\3.0.0\ref\netcoreapp3.0\System.Xml.Serialization.dll
1>              C:\Users\hansnguyen\.nuget\packages\microsoft.netcore.app.ref\3.0.0\ref\netcoreapp3.0\System.Xml.XDocument.dll
1>              C:\Users\hansnguyen\.nuget\packages\microsoft.netcore.app.ref\3.0.0\ref\netcoreapp3.0\System.Xml.XmlDocument.dll
1>              C:\Users\hansnguyen\.nuget\packages\microsoft.netcore.app.ref\3.0.0\ref\netcoreapp3.0\System.Xml.XmlSerializer.dll
1>              C:\Users\hansnguyen\.nuget\packages\microsoft.netcore.app.ref\3.0.0\ref\netcoreapp3.0\System.Xml.XPath.dll
1>              C:\Users\hansnguyen\.nuget\packages\microsoft.netcore.app.ref\3.0.0\ref\netcoreapp3.0\System.Xml.XPath.XDocument.dll
1>              C:\Users\hansnguyen\.nuget\packages\microsoft.windowsdesktop.app.ref\3.0.0\ref\netcoreapp3.0\UIAutomationClient.dll
1>              C:\Users\hansnguyen\.nuget\packages\microsoft.windowsdesktop.app.ref\3.0.0\ref\netcoreapp3.0\UIAutomationClientSideProviders.dll
1>              C:\Users\hansnguyen\.nuget\packages\microsoft.windowsdesktop.app.ref\3.0.0\ref\netcoreapp3.0\UIAutomationProvider.dll
1>              C:\Users\hansnguyen\.nuget\packages\microsoft.windowsdesktop.app.ref\3.0.0\ref\netcoreapp3.0\UIAutomationTypes.dll
1>              C:\Users\hansnguyen\.nuget\packages\microsoft.windowsdesktop.app.ref\3.0.0\ref\netcoreapp3.0\WindowsBase.dll
1>    Done building target "ShimReferencePathsWhenCommonTargetsDoesNotUnderstandReferenceAssemblies" in project "GridWithMenuApp1_VS2022_nesf0oga_wpftmp.csproj".
1>    Target "_BeforeVBCSCoreCompile" in file "C:\Program Files\Microsoft Visual Studio\2022\Preview\MSBuild\Current\Bin\Roslyn\Microsoft.Managed.Core.targets":
1>      Set Property: UseSharedCompilation=true
1>    Done building target "_BeforeVBCSCoreCompile" in project "GridWithMenuApp1_VS2022_nesf0oga_wpftmp.csproj".
1>    Target "AdjustDefaultPlatformTargetForNetFrameworkExeWithNoNativeCopyLocalItems" skipped, due to false condition; ('$(_UsingDefaultPlatformTarget)' == 'true' and
1>                         '$(_UsingDefaultRuntimeIdentifier)' == 'true') was evaluated as ('true' == 'true' and
1>                         '' == 'true').
1>    Target "GenerateTargetPlatformDefineConstants" skipped, due to false condition; ( '$(DisableImplicitFrameworkDefines)' != 'true' and '$(TargetPlatformIdentifier)' != '' and '$(TargetFrameworkIdentifier)' == '.NETCoreApp' and $([MSBuild]::VersionGreaterThanOrEquals($(TargetFrameworkVersion), 5.0)) ) was evaluated as ( '' != 'true' and 'Windows' != '' and '.NETCoreApp' == '.NETCoreApp' and False ).
1>    Target "GenerateNETCompatibleDefineConstants" in file "C:\Program Files\dotnet\sdk\6.0.100-preview.7.21379.14\Sdks\Microsoft.NET.Sdk\targets\Microsoft.NET.Sdk.BeforeCommon.targets":
1>      Added Item(s): 
1>          _SupportedFrameworkVersions=
1>              3.0
1>                      Alias=netcoreapp3.0
1>                      DisplayName=.NET Core 3.0
1>              3.1
1>                      Alias=netcoreapp3.1
1>                      DisplayName=.NET Core 3.1
1>              5.0
1>                      Alias=net5.0
1>                      DisplayName=.NET 5.0
1>              6.0
1>                      Alias=net6.0
1>                      DisplayName=.NET 6.0
1>      Added Item(s): 
1>          _CompatibleFrameworkVersions=
1>              3.0
1>                      Alias=netcoreapp3.0
1>                      DisplayName=.NET Core 3.0
1>      Added Item(s): 
1>          _FormattedCompatibleFrameworkVersions=
1>              3.0
1>                      Alias=netcoreapp3.0
1>                      DisplayName=.NET Core 3.0
1>      Added Item(s): 
1>          _ImplicitDefineConstant=
1>              NETCOREAPP3_0_OR_GREATER
1>                      Alias=netcoreapp3.0
1>                      DisplayName=.NET Core 3.0
1>    Done building target "GenerateNETCompatibleDefineConstants" in project "GridWithMenuApp1_VS2022_nesf0oga_wpftmp.csproj".
1>    Target "GeneratePlatformCompatibleDefineConstants" skipped, due to false condition; ( '$(DisableImplicitFrameworkDefines)' != 'true' and '$(TargetPlatformIdentifier)' != '' and '$(TargetFrameworkIdentifier)' == '.NETCoreApp' and $([MSBuild]::VersionGreaterThanOrEquals($(TargetFrameworkVersion), 5.0)) ) was evaluated as ( '' != 'true' and 'Windows' != '' and '.NETCoreApp' == '.NETCoreApp' and False ).
1>    Target "AddImplicitDefineConstants" in file "C:\Program Files\dotnet\sdk\6.0.100-preview.7.21379.14\Sdks\Microsoft.NET.Sdk\targets\Microsoft.NET.Sdk.BeforeCommon.targets":
1>      Set Property: DefineConstants=TRACE;DEBUG;NETCOREAPP;NETCOREAPP3_0;;NETCOREAPP3_0_OR_GREATER
1>    Done building target "AddImplicitDefineConstants" in project "GridWithMenuApp1_VS2022_nesf0oga_wpftmp.csproj".
1>    Target "ShimReferencePathsWhenCommonTargetsDoesNotUnderstandReferenceAssemblies" skipped. Previously built successfully.
1>    Target "_ComputeSkipAnalyzers" in file "C:\Program Files\Microsoft Visual Studio\2022\Preview\MSBuild\Current\Bin\Roslyn\Microsoft.Managed.Core.targets":
1>      Set Property: _SkipAnalyzers=
1>      Set Property: _ImplicitlySkipAnalyzers=
1>      Task "ShowMessageForImplicitlySkipAnalyzers" skipped, due to false condition; ('$(_ImplicitlySkipAnalyzers)' == 'true') was evaluated as ('' == 'true').
1>      Set Property: _LastBuildWithSkipAnalyzers=obj\Debug\netcoreapp3.0\GridWithMenuApp1_VS2022_nesf0oga_wpftmp.csproj.BuildWithSkipAnalyzers
1>    Done building target "_ComputeSkipAnalyzers" in project "GridWithMenuApp1_VS2022_nesf0oga_wpftmp.csproj".
1>    Target "_CheckForUnsupportedTargetFramework" skipped, due to false condition; ('$(_UnsupportedTargetFrameworkError)' == 'true') was evaluated as ('' == 'true').
1>    Target "_CollectTargetFrameworkForTelemetry" in file "C:\Program Files\dotnet\sdk\6.0.100-preview.7.21379.14\Sdks\Microsoft.NET.Sdk\targets\Microsoft.NET.TargetFrameworkInference.targets":
1>      Using "AllowEmptyTelemetry" task from assembly "C:\Program Files\dotnet\sdk\6.0.100-preview.7.21379.14\Sdks\Microsoft.NET.Sdk\targets\..\tools\net472\Microsoft.NET.Build.Tasks.dll".
1>      Task "AllowEmptyTelemetry"
1>        Task Parameter:EventName=targetframeworkeval
1>        Task Parameter:EventData=TargetFrameworkVersion=.NETCoreApp,Version=v3.0;RuntimeIdentifier=;SelfContained=false;UseApphost=true;OutputType=WinExe
1>      Done executing task "AllowEmptyTelemetry".
1>    Done building target "_CollectTargetFrameworkForTelemetry" in project "GridWithMenuApp1_VS2022_nesf0oga_wpftmp.csproj".
1>    Target "_CheckForUnsupportedTargetPlatformIdentifier" skipped, due to false condition; ('$(TargetPlatformIdentifier)' != '' and '$(TargetFrameworkIdentifier)' == '.NETCoreApp' and $([MSBuild]::VersionGreaterThanOrEquals($(TargetFrameworkVersion), 5.0))) was evaluated as ('Windows' != '' and '.NETCoreApp' == '.NETCoreApp' and False).
1>    Target "_CheckForMissingWorkload" skipped, due to false condition; ('@(MissingWorkloadPack)' != '') was evaluated as ('' != '').
1>    Target "GetFrameworkPaths" in file "C:\Program Files\dotnet\sdk\6.0.100-preview.7.21379.14\Sdks\Microsoft.NET.Sdk\targets\Microsoft.NET.DisableStandardFrameworkResolution.targets":
1>    Done building target "GetFrameworkPaths" in project "GridWithMenuApp1_VS2022_nesf0oga_wpftmp.csproj".
1>    Target "_CheckForUnsupportedTargetFramework" skipped, due to false condition; ('$(_UnsupportedTargetFrameworkError)' == 'true') was evaluated as ('' == 'true').
1>    Target "_CheckForUnsupportedTargetPlatformIdentifier" skipped, due to false condition; ('$(TargetPlatformIdentifier)' != '' and '$(TargetFrameworkIdentifier)' == '.NETCoreApp' and $([MSBuild]::VersionGreaterThanOrEquals($(TargetFrameworkVersion), 5.0))) was evaluated as ('Windows' != '' and '.NETCoreApp' == '.NETCoreApp' and False).
1>    Target "_CheckForMissingWorkload" skipped, due to false condition; ('@(MissingWorkloadPack)' != '') was evaluated as ('' != '').
1>    Target "GetReferenceAssemblyPaths" in file "C:\Program Files\dotnet\sdk\6.0.100-preview.7.21379.14\Sdks\Microsoft.NET.Sdk\targets\Microsoft.NET.DisableStandardFrameworkResolution.targets":
1>    Done building target "GetReferenceAssemblyPaths" in project "GridWithMenuApp1_VS2022_nesf0oga_wpftmp.csproj".
1>    Target "AssignLinkMetadata" skipped, due to false condition; ( '$(SynthesizeLinkMetadata)' == 'true' ) was evaluated as ( '' == 'true' ).
1>    Target "PrepareForBuild" in file "C:\Program Files\Microsoft Visual Studio\2022\Preview\MSBuild\Current\Bin\amd64\Microsoft.Common.CurrentVersion.targets":
1>      Task "FindAppConfigFile"
1>        Task Parameter:
1>            PrimaryList=
1>                Properties\licenses.licx
1>                        CopyToOutputDirectory=Never
1>                Properties\Settings.settings
1>                        CopyToOutputDirectory=Never
1>                        Generator=SettingsSingleFileGenerator
1>                        LastGenOutput=Settings.Designer.cs
1>        Task Parameter:TargetPath=GridWithMenuApp1_VS2022_nesf0oga_wpftmp.dll.config
1>      Done executing task "FindAppConfigFile".
1>      Task "MakeDir"
1>        Task Parameter:
1>            Directories=
1>                bin\Debug\netcoreapp3.0\
1>                obj\Debug\netcoreapp3.0\
1>      Done executing task "MakeDir".
1>    Done building target "PrepareForBuild" in project "GridWithMenuApp1_VS2022_nesf0oga_wpftmp.csproj".
1>    Target "GenerateMSBuildEditorConfigFileShouldRun" in file "C:\Program Files\Microsoft Visual Studio\2022\Preview\MSBuild\Current\Bin\Roslyn\Microsoft.Managed.Core.targets":
1>      Set Property: GeneratedMSBuildEditorConfigFile=obj\Debug\netcoreapp3.0\GridWithMenuApp1_VS2022_nesf0oga_wpftmp.GeneratedMSBuildEditorConfig.editorconfig
1>      Set Property: GenerateMSBuildEditorConfigFile=true
1>      Set Property: _GeneratedEditorConfigShouldRun=true
1>    Done building target "GenerateMSBuildEditorConfigFileShouldRun" in project "GridWithMenuApp1_VS2022_nesf0oga_wpftmp.csproj".
1>    Target "GenerateMSBuildEditorConfigFileCore" in file "C:\Program Files\Microsoft Visual Studio\2022\Preview\MSBuild\Current\Bin\Roslyn\Microsoft.Managed.Core.targets":
1>      Building target "GenerateMSBuildEditorConfigFileCore" completely.
1>      No input files were specified.
1>      Added Item(s): 
1>          _GeneratedEditorConfigProperty=
1>              RootNamespace
1>                      Value=GridWithMenuApp1_VS2022_nesf0oga_wpftmp
1>      Added Item(s): 
1>          _GeneratedEditorConfigProperty=
1>              ProjectDir
1>                      Value=C:\Users\hansnguyen\source\repos\GridWithMenuApp1_VS2022\
1>      Added Item(s): FileWrites=obj\Debug\netcoreapp3.0\GridWithMenuApp1_VS2022_nesf0oga_wpftmp.GeneratedMSBuildEditorConfig.editorconfig
1>      Added Item(s): EditorConfigFiles=obj\Debug\netcoreapp3.0\GridWithMenuApp1_VS2022_nesf0oga_wpftmp.GeneratedMSBuildEditorConfig.editorconfig
1>      Using "GenerateMSBuildEditorConfig" task from assembly "C:\Program Files\Microsoft Visual Studio\2022\Preview\MSBuild\Current\Bin\Roslyn\Microsoft.Build.Tasks.CodeAnalysis.dll".
1>      Task "GenerateMSBuildEditorConfig"
1>        Task Parameter:FileName=obj\Debug\netcoreapp3.0\GridWithMenuApp1_VS2022_nesf0oga_wpftmp.GeneratedMSBuildEditorConfig.editorconfig
1>        Task Parameter:
1>            PropertyItems=
1>                RootNamespace
1>                        Value=GridWithMenuApp1_VS2022_nesf0oga_wpftmp
1>                ProjectDir
1>                        Value=C:\Users\hansnguyen\source\repos\GridWithMenuApp1_VS2022\
1>      Done executing task "GenerateMSBuildEditorConfig".
1>    Done building target "GenerateMSBuildEditorConfigFileCore" in project "GridWithMenuApp1_VS2022_nesf0oga_wpftmp.csproj".
1>    Target "GenerateMSBuildEditorConfigFile" in file "C:\Program Files\Microsoft Visual Studio\2022\Preview\MSBuild\Current\Bin\Roslyn\Microsoft.Managed.Core.targets":
1>    Done building target "GenerateMSBuildEditorConfigFile" in project "GridWithMenuApp1_VS2022_nesf0oga_wpftmp.csproj".
1>    Target "_SetPathMapFromSourceRoots" skipped, due to false condition; ('$(DeterministicSourcePaths)' == 'true') was evaluated as ('' == 'true').
1>    Target "CreateCompilerGeneratedFilesOutputPath" skipped, due to false condition; ('$(EmitCompilerGeneratedFiles)' == 'true' and !('$(DesignTimeBuild)' == 'true' OR '$(BuildingProject)' != 'true')) was evaluated as ('false' == 'true' and !('' == 'true' OR 'true' != 'true')).
1>    Target "CheckForDuplicateItems" in file "C:\Program Files\dotnet\sdk\6.0.100-preview.7.21379.14\Sdks\Microsoft.NET.Sdk\targets\Microsoft.NET.Sdk.DefaultItems.Shared.targets":
1>      Set Property: DefaultItemsMoreInformationLink=https://aka.ms/sdkimplicititems
1>      Using "CheckForDuplicateItems" task from assembly "C:\Program Files\dotnet\sdk\6.0.100-preview.7.21379.14\Sdks\Microsoft.NET.Sdk\targets\..\tools\net472\Microsoft.NET.Build.Tasks.dll".
1>      Task "CheckForDuplicateItems"
1>        Task Parameter:DefaultItemsOfThisTypeEnabled=True
1>        Task Parameter:DefaultItemsEnabled=True
1>        Task Parameter:ItemName=Compile
1>        Task Parameter:
1>            Items=
1>                App.xaml.cs
1>                        CopyToOutputDirectory=Never
1>                Data\SampleData.cs
1>                        CopyToOutputDirectory=Never
1>                MainWindow.xaml.cs
1>                        CopyToOutputDirectory=Never
1>                Properties\AssemblyInfo.cs
1>                        CopyToOutputDirectory=Never
1>                Properties\Resources.Designer.cs
1>                        CopyToOutputDirectory=Never
1>                Properties\Settings.Designer.cs
1>                        AutoGen=True
1>                        CopyToOutputDirectory=Never
1>                        DependentUpon=Settings.settings
1>                        DesignTimeSharedInput=True
1>                C:\Users\hansnguyen\source\repos\GridWithMenuApp1_VS2022\obj\Debug\netcoreapp3.0\MainWindow.g.cs
1>                        CopyToOutputDirectory=Never
1>                C:\Users\hansnguyen\source\repos\GridWithMenuApp1_VS2022\obj\Debug\netcoreapp3.0\App.g.cs
1>                        CopyToOutputDirectory=Never
1>                C:\Users\hansnguyen\source\repos\GridWithMenuApp1_VS2022\obj\Debug\netcoreapp3.0\GeneratedInternalTypeHelper.g.cs
1>                        CopyToOutputDirectory=Never
1>        Task Parameter:PropertyNameToDisableDefaultItems=EnableDefaultCompileItems
1>        Task Parameter:MoreInformationLink=https://aka.ms/sdkimplicititems
1>      Done executing task "CheckForDuplicateItems".
1>      Task "CheckForDuplicateItems"
1>        Task Parameter:DefaultItemsOfThisTypeEnabled=True
1>        Task Parameter:DefaultItemsEnabled=True
1>        Task Parameter:ItemName=EmbeddedResource
1>        Task Parameter:
1>            Items=
1>                Properties\Resources.resx
1>                        CopyToOutputDirectory=Never
1>                Properties\Licenses.licx
1>                        CopyToOutputDirectory=Never
1>        Task Parameter:PropertyNameToDisableDefaultItems=EnableDefaultEmbeddedResourceItems
1>        Task Parameter:MoreInformationLink=https://aka.ms/sdkimplicititems
1>      Done executing task "CheckForDuplicateItems".
1>      Task "CheckForDuplicateItems"
1>        Task Parameter:DefaultItemsEnabled=True
1>        Task Parameter:ItemName=Content
1>        Task Parameter:PropertyNameToDisableDefaultItems=EnableDefaultContentItems
1>        Task Parameter:MoreInformationLink=https://aka.ms/sdkimplicititems
1>      Done executing task "CheckForDuplicateItems".
1>    Done building target "CheckForDuplicateItems" in project "GridWithMenuApp1_VS2022_nesf0oga_wpftmp.csproj".
1>    Target "GenerateAssemblyInfo" skipped, due to false condition; ('$(GenerateAssemblyInfo)' == 'true') was evaluated as ('False' == 'true').
1>    Target "GenerateImplicitNamespaceImports" skipped, due to false condition; ('$(DisableImplicitNamespaceImports)' != 'true') was evaluated as ('true' != 'true').
1>    Target "CheckForDuplicateItems" skipped. Previously built successfully.
1>    Target "CheckForDuplicatePageItems" in file "C:\Program Files\dotnet\sdk\6.0.100-preview.7.21379.14\Sdks\Microsoft.NET.Sdk.WindowsDesktop\targets\Microsoft.NET.Sdk.WindowsDesktop.targets":
1>      Task "CheckForDuplicateItems"
1>        Task Parameter:DefaultItemsOfThisTypeEnabled=True
1>        Task Parameter:DefaultItemsEnabled=True
1>        Task Parameter:ItemName=Page
1>        Task Parameter:
1>            Items=
1>                MainWindow.xaml
1>                        Generator=MSBuild:Compile
1>                        XamlRuntime=Wpf
1>        Task Parameter:PropertyNameToDisableDefaultItems=EnableDefaultPageItems
1>        Task Parameter:MoreInformationLink=https://aka.ms/sdkimplicititems
1>      Done executing task "CheckForDuplicateItems".
1>    Done building target "CheckForDuplicatePageItems" in project "GridWithMenuApp1_VS2022_nesf0oga_wpftmp.csproj".
1>    Target "CoreCompile" in file "C:\Program Files\Microsoft Visual Studio\2022\Preview\MSBuild\Current\Bin\Roslyn\Microsoft.CSharp.Core.targets":
1>      Building target "CoreCompile" completely.
1>      Output file "obj\Debug\netcoreapp3.0\GridWithMenuApp1_VS2022_nesf0oga_wpftmp.dll" does not exist.
1>      Set Property: NoWarn=1701;1702;1701;1702
1>      Set Property: NoWarn=1701;1702;1701;1702;2008
1>      Using "Csc" task from assembly "C:\Program Files\Microsoft Visual Studio\2022\Preview\MSBuild\Current\Bin\Roslyn\Microsoft.Build.Tasks.CodeAnalysis.dll".
1>      Task "Csc"
1>        Task Parameter:
1>            References=
1>                C:\Users\hansnguyen\.nuget\packages\microsoft.windowsdesktop.app.ref\3.0.0\ref\netcoreapp3.0\Accessibility.dll
1>                C:\Users\hansnguyen\.nuget\packages\c1.xaml.wpf\4.5.20213.749\lib\netcoreapp3.0\C1.WPF.4.5.2.dll
1>                C:\Users\hansnguyen\.nuget\packages\c1.xaml.wpf.datetimeeditors\4.5.20213.749\lib\netcoreapp3.0\C1.WPF.DateTimeEditors.4.5.2.dll
1>                C:\Users\hansnguyen\.nuget\packages\c1.xaml.wpf.flexgrid\4.5.20213.749\lib\netcoreapp3.0\C1.WPF.FlexGrid.4.5.2.dll
1>                C:\Users\hansnguyen\.nuget\packages\c1.xaml.wpf.flexgrid.grouppanel\4.5.20213.749\lib\netcoreapp3.0\C1.WPF.FlexGrid.GroupPanel.4.5.2.dll
1>                C:\Users\hansnguyen\.nuget\packages\c1.xaml.wpf.flexgridfilter\4.5.20213.749\lib\netcoreapp3.0\C1.WPF.FlexGridFilter.4.5.2.dll
1>                C:\Users\hansnguyen\.nuget\packages\c1.xaml.wpf.toolbar\4.5.20213.749\lib\netcoreapp3.0\C1.WPF.Toolbar.4.5.2.dll
1>                C:\Users\hansnguyen\.nuget\packages\microsoft.netcore.app.ref\3.0.0\ref\netcoreapp3.0\Microsoft.CSharp.dll
1>                C:\Users\hansnguyen\.nuget\packages\microsoft.netcore.app.ref\3.0.0\ref\netcoreapp3.0\Microsoft.VisualBasic.Core.dll
1>                C:\Users\hansnguyen\.nuget\packages\microsoft.netcore.app.ref\3.0.0\ref\netcoreapp3.0\Microsoft.VisualBasic.dll
1>                C:\Users\hansnguyen\.nuget\packages\microsoft.netcore.app.ref\3.0.0\ref\netcoreapp3.0\Microsoft.Win32.Primitives.dll
1>                C:\Users\hansnguyen\.nuget\packages\microsoft.windowsdesktop.app.ref\3.0.0\ref\netcoreapp3.0\Microsoft.Win32.Registry.AccessControl.dll
1>                C:\Users\hansnguyen\.nuget\packages\microsoft.windowsdesktop.app.ref\3.0.0\ref\netcoreapp3.0\Microsoft.Win32.Registry.dll
1>                C:\Users\hansnguyen\.nuget\packages\microsoft.windowsdesktop.app.ref\3.0.0\ref\netcoreapp3.0\Microsoft.Win32.SystemEvents.dll
1>                C:\Users\hansnguyen\.nuget\packages\microsoft.netcore.app.ref\3.0.0\ref\netcoreapp3.0\mscorlib.dll
1>                C:\Users\hansnguyen\.nuget\packages\microsoft.netcore.app.ref\3.0.0\ref\netcoreapp3.0\netstandard.dll
1>                C:\Users\hansnguyen\.nuget\packages\microsoft.windowsdesktop.app.ref\3.0.0\ref\netcoreapp3.0\PresentationCore.dll
1>                C:\Users\hansnguyen\.nuget\packages\microsoft.windowsdesktop.app.ref\3.0.0\ref\netcoreapp3.0\PresentationFramework.Aero.dll
1>                C:\Users\hansnguyen\.nuget\packages\microsoft.windowsdesktop.app.ref\3.0.0\ref\netcoreapp3.0\PresentationFramework.Aero2.dll
1>                C:\Users\hansnguyen\.nuget\packages\microsoft.windowsdesktop.app.ref\3.0.0\ref\netcoreapp3.0\PresentationFramework.AeroLite.dll
1>                C:\Users\hansnguyen\.nuget\packages\microsoft.windowsdesktop.app.ref\3.0.0\ref\netcoreapp3.0\PresentationFramework.Classic.dll
1>                C:\Users\hansnguyen\.nuget\packages\microsoft.windowsdesktop.app.ref\3.0.0\ref\netcoreapp3.0\PresentationFramework.dll
1>                C:\Users\hansnguyen\.nuget\packages\microsoft.windowsdesktop.app.ref\3.0.0\ref\netcoreapp3.0\PresentationFramework.Luna.dll
1>                C:\Users\hansnguyen\.nuget\packages\microsoft.windowsdesktop.app.ref\3.0.0\ref\netcoreapp3.0\PresentationFramework.Royale.dll
1>                C:\Users\hansnguyen\.nuget\packages\microsoft.windowsdesktop.app.ref\3.0.0\ref\netcoreapp3.0\PresentationUI.dll
1>                C:\Users\hansnguyen\.nuget\packages\microsoft.windowsdesktop.app.ref\3.0.0\ref\netcoreapp3.0\ReachFramework.dll
1>                C:\Users\hansnguyen\.nuget\packages\microsoft.netcore.app.ref\3.0.0\ref\netcoreapp3.0\System.AppContext.dll
1>                C:\Users\hansnguyen\.nuget\packages\microsoft.netcore.app.ref\3.0.0\ref\netcoreapp3.0\System.Buffers.dll
1>                C:\Users\hansnguyen\.nuget\packages\microsoft.windowsdesktop.app.ref\3.0.0\ref\netcoreapp3.0\System.CodeDom.dll
1>                C:\Users\hansnguyen\.nuget\packages\microsoft.netcore.app.ref\3.0.0\ref\netcoreapp3.0\System.Collections.Concurrent.dll
1>                C:\Users\hansnguyen\.nuget\packages\microsoft.netcore.app.ref\3.0.0\ref\netcoreapp3.0\System.Collections.dll
1>                C:\Users\hansnguyen\.nuget\packages\microsoft.netcore.app.ref\3.0.0\ref\netcoreapp3.0\System.Collections.Immutable.dll
1>                C:\Users\hansnguyen\.nuget\packages\microsoft.netcore.app.ref\3.0.0\ref\netcoreapp3.0\System.Collections.NonGeneric.dll
1>                C:\Users\hansnguyen\.nuget\packages\microsoft.netcore.app.ref\3.0.0\ref\netcoreapp3.0\System.Collections.Specialized.dll
1>                C:\Users\hansnguyen\.nuget\packages\microsoft.netcore.app.ref\3.0.0\ref\netcoreapp3.0\System.ComponentModel.Annotations.dll
1>                C:\Users\hansnguyen\.nuget\packages\microsoft.netcore.app.ref\3.0.0\ref\netcoreapp3.0\System.ComponentModel.DataAnnotations.dll
1>                C:\Users\hansnguyen\.nuget\packages\microsoft.netcore.app.ref\3.0.0\ref\netcoreapp3.0\System.ComponentModel.dll
1>                C:\Users\hansnguyen\.nuget\packages\microsoft.netcore.app.ref\3.0.0\ref\netcoreapp3.0\System.ComponentModel.EventBasedAsync.dll
1>                C:\Users\hansnguyen\.nuget\packages\microsoft.netcore.app.ref\3.0.0\ref\netcoreapp3.0\System.ComponentModel.Primitives.dll
1>                C:\Users\hansnguyen\.nuget\packages\microsoft.netcore.app.ref\3.0.0\ref\netcoreapp3.0\System.ComponentModel.TypeConverter.dll
1>                C:\Users\hansnguyen\.nuget\packages\microsoft.windowsdesktop.app.ref\3.0.0\ref\netcoreapp3.0\System.Configuration.ConfigurationManager.dll
1>                C:\Users\hansnguyen\.nuget\packages\microsoft.netcore.app.ref\3.0.0\ref\netcoreapp3.0\System.Configuration.dll
1>                C:\Users\hansnguyen\.nuget\packages\microsoft.netcore.app.ref\3.0.0\ref\netcoreapp3.0\System.Console.dll
1>                C:\Users\hansnguyen\.nuget\packages\microsoft.netcore.app.ref\3.0.0\ref\netcoreapp3.0\System.Core.dll
1>                C:\Users\hansnguyen\.nuget\packages\microsoft.netcore.app.ref\3.0.0\ref\netcoreapp3.0\System.Data.Common.dll
1>                C:\Users\hansnguyen\.nuget\packages\microsoft.netcore.app.ref\3.0.0\ref\netcoreapp3.0\System.Data.DataSetExtensions.dll
1>                C:\Users\hansnguyen\.nuget\packages\microsoft.netcore.app.ref\3.0.0\ref\netcoreapp3.0\System.Data.dll
1>                C:\Users\hansnguyen\.nuget\packages\microsoft.netcore.app.ref\3.0.0\ref\netcoreapp3.0\System.Diagnostics.Contracts.dll
1>                C:\Users\hansnguyen\.nuget\packages\microsoft.netcore.app.ref\3.0.0\ref\netcoreapp3.0\System.Diagnostics.Debug.dll
1>                C:\Users\hansnguyen\.nuget\packages\microsoft.netcore.app.ref\3.0.0\ref\netcoreapp3.0\System.Diagnostics.DiagnosticSource.dll
1>                C:\Users\hansnguyen\.nuget\packages\microsoft.windowsdesktop.app.ref\3.0.0\ref\netcoreapp3.0\System.Diagnostics.EventLog.dll
1>                C:\Users\hansnguyen\.nuget\packages\microsoft.netcore.app.ref\3.0.0\ref\netcoreapp3.0\System.Diagnostics.FileVersionInfo.dll
1>                C:\Users\hansnguyen\.nuget\packages\microsoft.windowsdesktop.app.ref\3.0.0\ref\netcoreapp3.0\System.Diagnostics.PerformanceCounter.dll
1>                C:\Users\hansnguyen\.nuget\packages\microsoft.netcore.app.ref\3.0.0\ref\netcoreapp3.0\System.Diagnostics.Process.dll
1>                C:\Users\hansnguyen\.nuget\packages\microsoft.netcore.app.ref\3.0.0\ref\netcoreapp3.0\System.Diagnostics.StackTrace.dll
1>                C:\Users\hansnguyen\.nuget\packages\microsoft.netcore.app.ref\3.0.0\ref\netcoreapp3.0\System.Diagnostics.TextWriterTraceListener.dll
1>                C:\Users\hansnguyen\.nuget\packages\microsoft.netcore.app.ref\3.0.0\ref\netcoreapp3.0\System.Diagnostics.Tools.dll
1>                C:\Users\hansnguyen\.nuget\packages\microsoft.netcore.app.ref\3.0.0\ref\netcoreapp3.0\System.Diagnostics.TraceSource.dll
1>                C:\Users\hansnguyen\.nuget\packages\microsoft.netcore.app.ref\3.0.0\ref\netcoreapp3.0\System.Diagnostics.Tracing.dll
1>                C:\Users\hansnguyen\.nuget\packages\microsoft.windowsdesktop.app.ref\3.0.0\ref\netcoreapp3.0\System.DirectoryServices.dll
1>                C:\Users\hansnguyen\.nuget\packages\microsoft.netcore.app.ref\3.0.0\ref\netcoreapp3.0\System.dll
1>                C:\Users\hansnguyen\.nuget\packages\microsoft.netcore.app.ref\3.0.0\ref\netcoreapp3.0\System.Drawing.dll
1>                C:\Users\hansnguyen\.nuget\packages\microsoft.netcore.app.ref\3.0.0\ref\netcoreapp3.0\System.Drawing.Primitives.dll
1>                C:\Users\hansnguyen\.nuget\packages\microsoft.netcore.app.ref\3.0.0\ref\netcoreapp3.0\System.Dynamic.Runtime.dll
1>                C:\Users\hansnguyen\.nuget\packages\microsoft.netcore.app.ref\3.0.0\ref\netcoreapp3.0\System.Globalization.Calendars.dll
1>                C:\Users\hansnguyen\.nuget\packages\microsoft.netcore.app.ref\3.0.0\ref\netcoreapp3.0\System.Globalization.dll
1>                C:\Users\hansnguyen\.nuget\packages\microsoft.netcore.app.ref\3.0.0\ref\netcoreapp3.0\System.Globalization.Extensions.dll
1>                C:\Users\hansnguyen\.nuget\packages\microsoft.netcore.app.ref\3.0.0\ref\netcoreapp3.0\System.IO.Compression.Brotli.dll
1>                C:\Users\hansnguyen\.nuget\packages\microsoft.netcore.app.ref\3.0.0\ref\netcoreapp3.0\System.IO.Compression.dll
1>                C:\Users\hansnguyen\.nuget\packages\microsoft.netcore.app.ref\3.0.0\ref\netcoreapp3.0\System.IO.Compression.FileSystem.dll
1>                C:\Users\hansnguyen\.nuget\packages\microsoft.netcore.app.ref\3.0.0\ref\netcoreapp3.0\System.IO.Compression.ZipFile.dll
1>                C:\Users\hansnguyen\.nuget\packages\microsoft.netcore.app.ref\3.0.0\ref\netcoreapp3.0\System.IO.dll
1>                C:\Users\hansnguyen\.nuget\packages\microsoft.windowsdesktop.app.ref\3.0.0\ref\netcoreapp3.0\System.IO.FileSystem.AccessControl.dll
1>                C:\Users\hansnguyen\.nuget\packages\microsoft.netcore.app.ref\3.0.0\ref\netcoreapp3.0\System.IO.FileSystem.dll
1>                C:\Users\hansnguyen\.nuget\packages\microsoft.netcore.app.ref\3.0.0\ref\netcoreapp3.0\System.IO.FileSystem.DriveInfo.dll
1>                C:\Users\hansnguyen\.nuget\packages\microsoft.netcore.app.ref\3.0.0\ref\netcoreapp3.0\System.IO.FileSystem.Primitives.dll
1>                C:\Users\hansnguyen\.nuget\packages\microsoft.netcore.app.ref\3.0.0\ref\netcoreapp3.0\System.IO.FileSystem.Watcher.dll
1>                C:\Users\hansnguyen\.nuget\packages\microsoft.netcore.app.ref\3.0.0\ref\netcoreapp3.0\System.IO.IsolatedStorage.dll
1>                C:\Users\hansnguyen\.nuget\packages\microsoft.netcore.app.ref\3.0.0\ref\netcoreapp3.0\System.IO.MemoryMappedFiles.dll
1>                C:\Users\hansnguyen\.nuget\packages\microsoft.windowsdesktop.app.ref\3.0.0\ref\netcoreapp3.0\System.IO.Packaging.dll
1>                C:\Users\hansnguyen\.nuget\packages\microsoft.windowsdesktop.app.ref\3.0.0\ref\netcoreapp3.0\System.IO.Pipes.AccessControl.dll
1>                C:\Users\hansnguyen\.nuget\packages\microsoft.netcore.app.ref\3.0.0\ref\netcoreapp3.0\System.IO.Pipes.dll
1>                C:\Users\hansnguyen\.nuget\packages\microsoft.netcore.app.ref\3.0.0\ref\netcoreapp3.0\System.IO.UnmanagedMemoryStream.dll
1>                C:\Users\hansnguyen\.nuget\packages\microsoft.netcore.app.ref\3.0.0\ref\netcoreapp3.0\System.Linq.dll
1>                C:\Users\hansnguyen\.nuget\packages\microsoft.netcore.app.ref\3.0.0\ref\netcoreapp3.0\System.Linq.Expressions.dll
1>                C:\Users\hansnguyen\.nuget\packages\microsoft.netcore.app.ref\3.0.0\ref\netcoreapp3.0\System.Linq.Parallel.dll
1>                C:\Users\hansnguyen\.nuget\packages\microsoft.netcore.app.ref\3.0.0\ref\netcoreapp3.0\System.Linq.Queryable.dll
1>                C:\Users\hansnguyen\.nuget\packages\microsoft.netcore.app.ref\3.0.0\ref\netcoreapp3.0\System.Memory.dll
1>                C:\Users\hansnguyen\.nuget\packages\microsoft.netcore.app.ref\3.0.0\ref\netcoreapp3.0\System.Net.dll
1>                C:\Users\hansnguyen\.nuget\packages\microsoft.netcore.app.ref\3.0.0\ref\netcoreapp3.0\System.Net.Http.dll
1>                C:\Users\hansnguyen\.nuget\packages\microsoft.netcore.app.ref\3.0.0\ref\netcoreapp3.0\System.Net.HttpListener.dll
1>                C:\Users\hansnguyen\.nuget\packages\microsoft.netcore.app.ref\3.0.0\ref\netcoreapp3.0\System.Net.Mail.dll
1>                C:\Users\hansnguyen\.nuget\packages\microsoft.netcore.app.ref\3.0.0\ref\netcoreapp3.0\System.Net.NameResolution.dll
1>                C:\Users\hansnguyen\.nuget\packages\microsoft.netcore.app.ref\3.0.0\ref\netcoreapp3.0\System.Net.NetworkInformation.dll
1>                C:\Users\hansnguyen\.nuget\packages\microsoft.netcore.app.ref\3.0.0\ref\netcoreapp3.0\System.Net.Ping.dll
1>                C:\Users\hansnguyen\.nuget\packages\microsoft.netcore.app.ref\3.0.0\ref\netcoreapp3.0\System.Net.Primitives.dll
1>                C:\Users\hansnguyen\.nuget\packages\microsoft.netcore.app.ref\3.0.0\ref\netcoreapp3.0\System.Net.Requests.dll
1>                C:\Users\hansnguyen\.nuget\packages\microsoft.netcore.app.ref\3.0.0\ref\netcoreapp3.0\System.Net.Security.dll
1>                C:\Users\hansnguyen\.nuget\packages\microsoft.netcore.app.ref\3.0.0\ref\netcoreapp3.0\System.Net.ServicePoint.dll
1>                C:\Users\hansnguyen\.nuget\packages\microsoft.netcore.app.ref\3.0.0\ref\netcoreapp3.0\System.Net.Sockets.dll
1>                C:\Users\hansnguyen\.nuget\packages\microsoft.netcore.app.ref\3.0.0\ref\netcoreapp3.0\System.Net.WebClient.dll
1>                C:\Users\hansnguyen\.nuget\packages\microsoft.netcore.app.ref\3.0.0\ref\netcoreapp3.0\System.Net.WebHeaderCollection.dll
1>                C:\Users\hansnguyen\.nuget\packages\microsoft.netcore.app.ref\3.0.0\ref\netcoreapp3.0\System.Net.WebProxy.dll
1>                C:\Users\hansnguyen\.nuget\packages\microsoft.netcore.app.ref\3.0.0\ref\netcoreapp3.0\System.Net.WebSockets.Client.dll
1>                C:\Users\hansnguyen\.nuget\packages\microsoft.netcore.app.ref\3.0.0\ref\netcoreapp3.0\System.Net.WebSockets.dll
1>                C:\Users\hansnguyen\.nuget\packages\microsoft.netcore.app.ref\3.0.0\ref\netcoreapp3.0\System.Numerics.dll
1>                C:\Users\hansnguyen\.nuget\packages\microsoft.netcore.app.ref\3.0.0\ref\netcoreapp3.0\System.Numerics.Vectors.dll
1>                C:\Users\hansnguyen\.nuget\packages\microsoft.netcore.app.ref\3.0.0\ref\netcoreapp3.0\System.ObjectModel.dll
1>                C:\Users\hansnguyen\.nuget\packages\microsoft.windowsdesktop.app.ref\3.0.0\ref\netcoreapp3.0\System.Printing.dll
1>                C:\Users\hansnguyen\.nuget\packages\microsoft.netcore.app.ref\3.0.0\ref\netcoreapp3.0\System.Reflection.DispatchProxy.dll
1>                C:\Users\hansnguyen\.nuget\packages\microsoft.netcore.app.ref\3.0.0\ref\netcoreapp3.0\System.Reflection.dll
1>                C:\Users\hansnguyen\.nuget\packages\microsoft.netcore.app.ref\3.0.0\ref\netcoreapp3.0\System.Reflection.Emit.dll
1>                C:\Users\hansnguyen\.nuget\packages\microsoft.netcore.app.ref\3.0.0\ref\netcoreapp3.0\System.Reflection.Emit.ILGeneration.dll
1>                C:\Users\hansnguyen\.nuget\packages\microsoft.netcore.app.ref\3.0.0\ref\netcoreapp3.0\System.Reflection.Emit.Lightweight.dll
1>                C:\Users\hansnguyen\.nuget\packages\microsoft.netcore.app.ref\3.0.0\ref\netcoreapp3.0\System.Reflection.Extensions.dll
1>                C:\Users\hansnguyen\.nuget\packages\microsoft.netcore.app.ref\3.0.0\ref\netcoreapp3.0\System.Reflection.Metadata.dll
1>                C:\Users\hansnguyen\.nuget\packages\microsoft.netcore.app.ref\3.0.0\ref\netcoreapp3.0\System.Reflection.Primitives.dll
1>                C:\Users\hansnguyen\.nuget\packages\microsoft.netcore.app.ref\3.0.0\ref\netcoreapp3.0\System.Reflection.TypeExtensions.dll
1>                C:\Users\hansnguyen\.nuget\packages\microsoft.windowsdesktop.app.ref\3.0.0\ref\netcoreapp3.0\System.Resources.Extensions.dll
1>                C:\Users\hansnguyen\.nuget\packages\microsoft.netcore.app.ref\3.0.0\ref\netcoreapp3.0\System.Resources.Reader.dll
1>                C:\Users\hansnguyen\.nuget\packages\microsoft.netcore.app.ref\3.0.0\ref\netcoreapp3.0\System.Resources.ResourceManager.dll
1>                C:\Users\hansnguyen\.nuget\packages\microsoft.netcore.app.ref\3.0.0\ref\netcoreapp3.0\System.Resources.Writer.dll
1>                C:\Users\hansnguyen\.nuget\packages\microsoft.netcore.app.ref\3.0.0\ref\netcoreapp3.0\System.Runtime.CompilerServices.Unsafe.dll
1>                C:\Users\hansnguyen\.nuget\packages\microsoft.netcore.app.ref\3.0.0\ref\netcoreapp3.0\System.Runtime.CompilerServices.VisualC.dll
1>                C:\Users\hansnguyen\.nuget\packages\microsoft.netcore.app.ref\3.0.0\ref\netcoreapp3.0\System.Runtime.dll
1>                C:\Users\hansnguyen\.nuget\packages\microsoft.netcore.app.ref\3.0.0\ref\netcoreapp3.0\System.Runtime.Extensions.dll
1>                C:\Users\hansnguyen\.nuget\packages\microsoft.netcore.app.ref\3.0.0\ref\netcoreapp3.0\System.Runtime.Handles.dll
1>                C:\Users\hansnguyen\.nuget\packages\microsoft.netcore.app.ref\3.0.0\ref\netcoreapp3.0\System.Runtime.InteropServices.dll
1>                C:\Users\hansnguyen\.nuget\packages\microsoft.netcore.app.ref\3.0.0\ref\netcoreapp3.0\System.Runtime.InteropServices.RuntimeInformation.dll
1>                C:\Users\hansnguyen\.nuget\packages\microsoft.netcore.app.ref\3.0.0\ref\netcoreapp3.0\System.Runtime.InteropServices.WindowsRuntime.dll
1>                C:\Users\hansnguyen\.nuget\packages\microsoft.netcore.app.ref\3.0.0\ref\netcoreapp3.0\System.Runtime.Intrinsics.dll
1>                C:\Users\hansnguyen\.nuget\packages\microsoft.netcore.app.ref\3.0.0\ref\netcoreapp3.0\System.Runtime.Loader.dll
1>                C:\Users\hansnguyen\.nuget\packages\microsoft.netcore.app.ref\3.0.0\ref\netcoreapp3.0\System.Runtime.Numerics.dll
1>                C:\Users\hansnguyen\.nuget\packages\microsoft.netcore.app.ref\3.0.0\ref\netcoreapp3.0\System.Runtime.Serialization.dll
1>                C:\Users\hansnguyen\.nuget\packages\microsoft.netcore.app.ref\3.0.0\ref\netcoreapp3.0\System.Runtime.Serialization.Formatters.dll
1>                C:\Users\hansnguyen\.nuget\packages\microsoft.netcore.app.ref\3.0.0\ref\netcoreapp3.0\System.Runtime.Serialization.Json.dll
1>                C:\Users\hansnguyen\.nuget\packages\microsoft.netcore.app.ref\3.0.0\ref\netcoreapp3.0\System.Runtime.Serialization.Primitives.dll
1>                C:\Users\hansnguyen\.nuget\packages\microsoft.netcore.app.ref\3.0.0\ref\netcoreapp3.0\System.Runtime.Serialization.Xml.dll
1>                C:\Users\hansnguyen\.nuget\packages\microsoft.windowsdesktop.app.ref\3.0.0\ref\netcoreapp3.0\System.Security.AccessControl.dll
1>                C:\Users\hansnguyen\.nuget\packages\microsoft.netcore.app.ref\3.0.0\ref\netcoreapp3.0\System.Security.Claims.dll
1>                C:\Users\hansnguyen\.nuget\packages\microsoft.netcore.app.ref\3.0.0\ref\netcoreapp3.0\System.Security.Cryptography.Algorithms.dll
1>                C:\Users\hansnguyen\.nuget\packages\microsoft.windowsdesktop.app.ref\3.0.0\ref\netcoreapp3.0\System.Security.Cryptography.Cng.dll
1>                C:\Users\hansnguyen\.nuget\packages\microsoft.netcore.app.ref\3.0.0\ref\netcoreapp3.0\System.Security.Cryptography.Csp.dll
1>                C:\Users\hansnguyen\.nuget\packages\microsoft.netcore.app.ref\3.0.0\ref\netcoreapp3.0\System.Security.Cryptography.Encoding.dll
1>                C:\Users\hansnguyen\.nuget\packages\microsoft.windowsdesktop.app.ref\3.0.0\ref\netcoreapp3.0\System.Security.Cryptography.Pkcs.dll
1>                C:\Users\hansnguyen\.nuget\packages\microsoft.netcore.app.ref\3.0.0\ref\netcoreapp3.0\System.Security.Cryptography.Primitives.dll
1>                C:\Users\hansnguyen\.nuget\packages\microsoft.windowsdesktop.app.ref\3.0.0\ref\netcoreapp3.0\System.Security.Cryptography.ProtectedData.dll
1>                C:\Users\hansnguyen\.nuget\packages\microsoft.netcore.app.ref\3.0.0\ref\netcoreapp3.0\System.Security.Cryptography.X509Certificates.dll
1>                C:\Users\hansnguyen\.nuget\packages\microsoft.windowsdesktop.app.ref\3.0.0\ref\netcoreapp3.0\System.Security.Cryptography.Xml.dll
1>                C:\Users\hansnguyen\.nuget\packages\microsoft.netcore.app.ref\3.0.0\ref\netcoreapp3.0\System.Security.dll
1>                C:\Users\hansnguyen\.nuget\packages\microsoft.windowsdesktop.app.ref\3.0.0\ref\netcoreapp3.0\System.Security.Permissions.dll
1>                C:\Users\hansnguyen\.nuget\packages\microsoft.netcore.app.ref\3.0.0\ref\netcoreapp3.0\System.Security.Principal.dll
1>                C:\Users\hansnguyen\.nuget\packages\microsoft.windowsdesktop.app.ref\3.0.0\ref\netcoreapp3.0\System.Security.Principal.Windows.dll
1>                C:\Users\hansnguyen\.nuget\packages\microsoft.netcore.app.ref\3.0.0\ref\netcoreapp3.0\System.Security.SecureString.dll
1>                C:\Users\hansnguyen\.nuget\packages\microsoft.netcore.app.ref\3.0.0\ref\netcoreapp3.0\System.ServiceModel.Web.dll
1>                C:\Users\hansnguyen\.nuget\packages\microsoft.netcore.app.ref\3.0.0\ref\netcoreapp3.0\System.ServiceProcess.dll
1>                C:\Users\hansnguyen\.nuget\packages\microsoft.netcore.app.ref\3.0.0\ref\netcoreapp3.0\System.Text.Encoding.CodePages.dll
1>                C:\Users\hansnguyen\.nuget\packages\microsoft.netcore.app.ref\3.0.0\ref\netcoreapp3.0\System.Text.Encoding.dll
1>                C:\Users\hansnguyen\.nuget\packages\microsoft.netcore.app.ref\3.0.0\ref\netcoreapp3.0\System.Text.Encoding.Extensions.dll
1>                C:\Users\hansnguyen\.nuget\packages\microsoft.netcore.app.ref\3.0.0\ref\netcoreapp3.0\System.Text.Encodings.Web.dll
1>                C:\Users\hansnguyen\.nuget\packages\microsoft.netcore.app.ref\3.0.0\ref\netcoreapp3.0\System.Text.Json.dll
1>                C:\Users\hansnguyen\.nuget\packages\microsoft.netcore.app.ref\3.0.0\ref\netcoreapp3.0\System.Text.RegularExpressions.dll
1>                C:\Users\hansnguyen\.nuget\packages\microsoft.windowsdesktop.app.ref\3.0.0\ref\netcoreapp3.0\System.Threading.AccessControl.dll
1>                C:\Users\hansnguyen\.nuget\packages\microsoft.netcore.app.ref\3.0.0\ref\netcoreapp3.0\System.Threading.Channels.dll
1>                C:\Users\hansnguyen\.nuget\packages\microsoft.netcore.app.ref\3.0.0\ref\netcoreapp3.0\System.Threading.dll
1>                C:\Users\hansnguyen\.nuget\packages\microsoft.netcore.app.ref\3.0.0\ref\netcoreapp3.0\System.Threading.Overlapped.dll
1>                C:\Users\hansnguyen\.nuget\packages\microsoft.netcore.app.ref\3.0.0\ref\netcoreapp3.0\System.Threading.Tasks.Dataflow.dll
1>                C:\Users\hansnguyen\.nuget\packages\microsoft.netcore.app.ref\3.0.0\ref\netcoreapp3.0\System.Threading.Tasks.dll
1>                C:\Users\hansnguyen\.nuget\packages\microsoft.netcore.app.ref\3.0.0\ref\netcoreapp3.0\System.Threading.Tasks.Extensions.dll
1>                C:\Users\hansnguyen\.nuget\packages\microsoft.netcore.app.ref\3.0.0\ref\netcoreapp3.0\System.Threading.Tasks.Parallel.dll
1>                C:\Users\hansnguyen\.nuget\packages\microsoft.netcore.app.ref\3.0.0\ref\netcoreapp3.0\System.Threading.Thread.dll
1>                C:\Users\hansnguyen\.nuget\packages\microsoft.netcore.app.ref\3.0.0\ref\netcoreapp3.0\System.Threading.ThreadPool.dll
1>                C:\Users\hansnguyen\.nuget\packages\microsoft.netcore.app.ref\3.0.0\ref\netcoreapp3.0\System.Threading.Timer.dll
1>                C:\Users\hansnguyen\.nuget\packages\microsoft.netcore.app.ref\3.0.0\ref\netcoreapp3.0\System.Transactions.dll
1>                C:\Users\hansnguyen\.nuget\packages\microsoft.netcore.app.ref\3.0.0\ref\netcoreapp3.0\System.Transactions.Local.dll
1>                C:\Users\hansnguyen\.nuget\packages\microsoft.netcore.app.ref\3.0.0\ref\netcoreapp3.0\System.ValueTuple.dll
1>                C:\Users\hansnguyen\.nuget\packages\microsoft.netcore.app.ref\3.0.0\ref\netcoreapp3.0\System.Web.dll
1>                C:\Users\hansnguyen\.nuget\packages\microsoft.netcore.app.ref\3.0.0\ref\netcoreapp3.0\System.Web.HttpUtility.dll
1>                C:\Users\hansnguyen\.nuget\packages\microsoft.windowsdesktop.app.ref\3.0.0\ref\netcoreapp3.0\System.Windows.Controls.Ribbon.dll
1>                C:\Users\hansnguyen\.nuget\packages\microsoft.netcore.app.ref\3.0.0\ref\netcoreapp3.0\System.Windows.dll
1>                C:\Users\hansnguyen\.nuget\packages\microsoft.windowsdesktop.app.ref\3.0.0\ref\netcoreapp3.0\System.Windows.Extensions.dll
1>                C:\Users\hansnguyen\.nuget\packages\microsoft.windowsdesktop.app.ref\3.0.0\ref\netcoreapp3.0\System.Windows.Input.Manipulations.dll
1>                C:\Users\hansnguyen\.nuget\packages\microsoft.windowsdesktop.app.ref\3.0.0\ref\netcoreapp3.0\System.Windows.Presentation.dll
1>                C:\Users\hansnguyen\.nuget\packages\microsoft.windowsdesktop.app.ref\3.0.0\ref\netcoreapp3.0\System.Xaml.dll
1>                C:\Users\hansnguyen\.nuget\packages\microsoft.netcore.app.ref\3.0.0\ref\netcoreapp3.0\System.Xml.dll
1>                C:\Users\hansnguyen\.nuget\packages\microsoft.netcore.app.ref\3.0.0\ref\netcoreapp3.0\System.Xml.Linq.dll
1>                C:\Users\hansnguyen\.nuget\packages\microsoft.netcore.app.ref\3.0.0\ref\netcoreapp3.0\System.Xml.ReaderWriter.dll
1>                C:\Users\hansnguyen\.nuget\packages\microsoft.netcore.app.ref\3.0.0\ref\netcoreapp3.0\System.Xml.Serialization.dll
1>                C:\Users\hansnguyen\.nuget\packages\microsoft.netcore.app.ref\3.0.0\ref\netcoreapp3.0\System.Xml.XDocument.dll
1>                C:\Users\hansnguyen\.nuget\packages\microsoft.netcore.app.ref\3.0.0\ref\netcoreapp3.0\System.Xml.XmlDocument.dll
1>                C:\Users\hansnguyen\.nuget\packages\microsoft.netcore.app.ref\3.0.0\ref\netcoreapp3.0\System.Xml.XmlSerializer.dll
1>                C:\Users\hansnguyen\.nuget\packages\microsoft.netcore.app.ref\3.0.0\ref\netcoreapp3.0\System.Xml.XPath.dll
1>                C:\Users\hansnguyen\.nuget\packages\microsoft.netcore.app.ref\3.0.0\ref\netcoreapp3.0\System.Xml.XPath.XDocument.dll
1>                C:\Users\hansnguyen\.nuget\packages\microsoft.windowsdesktop.app.ref\3.0.0\ref\netcoreapp3.0\UIAutomationClient.dll
1>                C:\Users\hansnguyen\.nuget\packages\microsoft.windowsdesktop.app.ref\3.0.0\ref\netcoreapp3.0\UIAutomationClientSideProviders.dll
1>                C:\Users\hansnguyen\.nuget\packages\microsoft.windowsdesktop.app.ref\3.0.0\ref\netcoreapp3.0\UIAutomationProvider.dll
1>                C:\Users\hansnguyen\.nuget\packages\microsoft.windowsdesktop.app.ref\3.0.0\ref\netcoreapp3.0\UIAutomationTypes.dll
1>                C:\Users\hansnguyen\.nuget\packages\microsoft.windowsdesktop.app.ref\3.0.0\ref\netcoreapp3.0\WindowsBase.dll
1>        Task Parameter:PreferredUILang=en-US
1>        Task Parameter:Prefer32Bit=False
1>        Task Parameter:NoStandardLib=True
1>        Task Parameter:Optimize=False
1>        Task Parameter:UseSharedCompilation=True
1>        Task Parameter:WarningLevel=4
1>        Task Parameter:OutputAssembly=obj\Debug\netcoreapp3.0\GridWithMenuApp1_VS2022_nesf0oga_wpftmp.dll
1>        Task Parameter:LangVersion=8.0
1>        Task Parameter:CheckForOverflowUnderflow=False
1>        Task Parameter:FileAlignment=512
1>        Task Parameter:AllowUnsafeBlocks=False
1>        Task Parameter:AnalyzerConfigFiles=obj\Debug\netcoreapp3.0\GridWithMenuApp1_VS2022_nesf0oga_wpftmp.GeneratedMSBuildEditorConfig.editorconfig
1>        Task Parameter:ErrorReport=prompt
1>        Task Parameter:GenerateFullPaths=True
1>        Task Parameter:DebugType=portable
1>        Task Parameter:UseHostCompilerIfAvailable=False
1>        Task Parameter:DefineConstants=TRACE;DEBUG;NETCOREAPP;NETCOREAPP3_0;;NETCOREAPP3_0_OR_GREATER
1>        Task Parameter:
1>            Sources=
1>                App.xaml.cs
1>                        CopyToOutputDirectory=Never
1>                Data\SampleData.cs
1>                        CopyToOutputDirectory=Never
1>                MainWindow.xaml.cs
1>                        CopyToOutputDirectory=Never
1>                Properties\AssemblyInfo.cs
1>                        CopyToOutputDirectory=Never
1>                Properties\Resources.Designer.cs
1>                        CopyToOutputDirectory=Never
1>                Properties\Settings.Designer.cs
1>                        AutoGen=True
1>                        CopyToOutputDirectory=Never
1>                        DependentUpon=Settings.settings
1>                        DesignTimeSharedInput=True
1>                C:\Users\hansnguyen\source\repos\GridWithMenuApp1_VS2022\obj\Debug\netcoreapp3.0\MainWindow.g.cs
1>                        CopyToOutputDirectory=Never
1>                C:\Users\hansnguyen\source\repos\GridWithMenuApp1_VS2022\obj\Debug\netcoreapp3.0\App.g.cs
1>                        CopyToOutputDirectory=Never
1>                C:\Users\hansnguyen\source\repos\GridWithMenuApp1_VS2022\obj\Debug\netcoreapp3.0\GeneratedInternalTypeHelper.g.cs
1>                        CopyToOutputDirectory=Never
1>        Task Parameter:Utf8Output=True
1>        Task Parameter:Deterministic=True
1>        Task Parameter:EmitDebugInformation=True
1>        Task Parameter:ErrorEndLocation=True
1>        Task Parameter:DisabledWarnings=1701;1702;1701;1702;2008
1>        Task Parameter:TargetType=WinExe
1>        Task Parameter:TreatWarningsAsErrors=False
1>        Task Parameter:NoConfig=True
1>        Task Parameter:HighEntropyVA=True
1>        Task Parameter:WarningsAsErrors=;NU1605
1>        C:\Program Files\Microsoft Visual Studio\2022\Preview\MSBuild\Current\Bin\Roslyn\csc.exe /noconfig /unsafe- /checked- /nowarn:1701,1702,1701,1702,2008 /fullpaths /nostdlib+ /errorreport:prompt /warn:4 /define:TRACE;DEBUG;NETCOREAPP;NETCOREAPP3_0;NETCOREAPP3_0_OR_GREATER /errorendlocation /preferreduilang:en-US /highentropyva+ /reference:C:\Users\hansnguyen\.nuget\packages\microsoft.windowsdesktop.app.ref\3.0.0\ref\netcoreapp3.0\Accessibility.dll /reference:C:\Users\hansnguyen\.nuget\packages\c1.xaml.wpf\4.5.20213.749\lib\netcoreapp3.0\C1.WPF.4.5.2.dll /reference:C:\Users\hansnguyen\.nuget\packages\c1.xaml.wpf.datetimeeditors\4.5.20213.749\lib\netcoreapp3.0\C1.WPF.DateTimeEditors.4.5.2.dll /reference:C:\Users\hansnguyen\.nuget\packages\c1.xaml.wpf.flexgrid\4.5.20213.749\lib\netcoreapp3.0\C1.WPF.FlexGrid.4.5.2.dll /reference:C:\Users\hansnguyen\.nuget\packages\c1.xaml.wpf.flexgrid.grouppanel\4.5.20213.749\lib\netcoreapp3.0\C1.WPF.FlexGrid.GroupPanel.4.5.2.dll /reference:C:\Users\hansnguyen\.nuget\packages\c1.xaml.wpf.flexgridfilter\4.5.20213.749\lib\netcoreapp3.0\C1.WPF.FlexGridFilter.4.5.2.dll /reference:C:\Users\hansnguyen\.nuget\packages\c1.xaml.wpf.toolbar\4.5.20213.749\lib\netcoreapp3.0\C1.WPF.Toolbar.4.5.2.dll /reference:C:\Users\hansnguyen\.nuget\packages\microsoft.netcore.app.ref\3.0.0\ref\netcoreapp3.0\Microsoft.CSharp.dll /reference:C:\Users\hansnguyen\.nuget\packages\microsoft.netcore.app.ref\3.0.0\ref\netcoreapp3.0\Microsoft.VisualBasic.Core.dll /reference:C:\Users\hansnguyen\.nuget\packages\microsoft.netcore.app.ref\3.0.0\ref\netcoreapp3.0\Microsoft.VisualBasic.dll /reference:C:\Users\hansnguyen\.nuget\packages\microsoft.netcore.app.ref\3.0.0\ref\netcoreapp3.0\Microsoft.Win32.Primitives.dll /reference:C:\Users\hansnguyen\.nuget\packages\microsoft.windowsdesktop.app.ref\3.0.0\ref\netcoreapp3.0\Microsoft.Win32.Registry.AccessControl.dll /reference:C:\Users\hansnguyen\.nuget\packages\microsoft.windowsdesktop.app.ref\3.0.0\ref\netcoreapp3.0\Microsoft.Win32.Registry.dll /reference:C:\Users\hansnguyen\.nuget\packages\microsoft.windowsdesktop.app.ref\3.0.0\ref\netcoreapp3.0\Microsoft.Win32.SystemEvents.dll /reference:C:\Users\hansnguyen\.nuget\packages\microsoft.netcore.app.ref\3.0.0\ref\netcoreapp3.0\mscorlib.dll /reference:C:\Users\hansnguyen\.nuget\packages\microsoft.netcore.app.ref\3.0.0\ref\netcoreapp3.0\netstandard.dll /reference:C:\Users\hansnguyen\.nuget\packages\microsoft.windowsdesktop.app.ref\3.0.0\ref\netcoreapp3.0\PresentationCore.dll /reference:C:\Users\hansnguyen\.nuget\packages\microsoft.windowsdesktop.app.ref\3.0.0\ref\netcoreapp3.0\PresentationFramework.Aero.dll /reference:C:\Users\hansnguyen\.nuget\packages\microsoft.windowsdesktop.app.ref\3.0.0\ref\netcoreapp3.0\PresentationFramework.Aero2.dll /reference:C:\Users\hansnguyen\.nuget\packages\microsoft.windowsdesktop.app.ref\3.0.0\ref\netcoreapp3.0\PresentationFramework.AeroLite.dll /reference:C:\Users\hansnguyen\.nuget\packages\microsoft.windowsdesktop.app.ref\3.0.0\ref\netcoreapp3.0\PresentationFramework.Classic.dll /reference:C:\Users\hansnguyen\.nuget\packages\microsoft.windowsdesktop.app.ref\3.0.0\ref\netcoreapp3.0\PresentationFramework.dll /reference:C:\Users\hansnguyen\.nuget\packages\microsoft.windowsdesktop.app.ref\3.0.0\ref\netcoreapp3.0\PresentationFramework.Luna.dll /reference:C:\Users\hansnguyen\.nuget\packages\microsoft.windowsdesktop.app.ref\3.0.0\ref\netcoreapp3.0\PresentationFramework.Royale.dll /reference:C:\Users\hansnguyen\.nuget\packages\microsoft.windowsdesktop.app.ref\3.0.0\ref\netcoreapp3.0\PresentationUI.dll /reference:C:\Users\hansnguyen\.nuget\packages\microsoft.windowsdesktop.app.ref\3.0.0\ref\netcoreapp3.0\ReachFramework.dll /reference:C:\Users\hansnguyen\.nuget\packages\microsoft.netcore.app.ref\3.0.0\ref\netcoreapp3.0\System.AppContext.dll /reference:C:\Users\hansnguyen\.nuget\packages\microsoft.netcore.app.ref\3.0.0\ref\netcoreapp3.0\System.Buffers.dll /reference:C:\Users\hansnguyen\.nuget\packages\microsoft.windowsdesktop.app.ref\3.0.0\ref\netcoreapp3.0\System.CodeDom.dll /reference:C:\Users\hansnguyen\.nuget\packages\microsoft.netcore.app.ref\3.0.0\ref\netcoreapp3.0\System.Collections.Concurrent.dll /reference:C:\Users\hansnguyen\.nuget\packages\microsoft.netcore.app.ref\3.0.0\ref\netcoreapp3.0\System.Collections.dll /reference:C:\Users\hansnguyen\.nuget\packages\microsoft.netcore.app.ref\3.0.0\ref\netcoreapp3.0\System.Collections.Immutable.dll /reference:C:\Users\hansnguyen\.nuget\packages\microsoft.netcore.app.ref\3.0.0\ref\netcoreapp3.0\System.Collections.NonGeneric.dll /reference:C:\Users\hansnguyen\.nuget\packages\microsoft.netcore.app.ref\3.0.0\ref\netcoreapp3.0\System.Collections.Specialized.dll /reference:C:\Users\hansnguyen\.nuget\packages\microsoft.netcore.app.ref\3.0.0\ref\netcoreapp3.0\System.ComponentModel.Annotations.dll /reference:C:\Users\hansnguyen\.nuget\packages\microsoft.netcore.app.ref\3.0.0\ref\netcoreapp3.0\System.ComponentModel.DataAnnotations.dll /reference:C:\Users\hansnguyen\.nuget\packages\microsoft.netcore.app.ref\3.0.0\ref\netcoreapp3.0\System.ComponentModel.dll /reference:C:\Users\hansnguyen\.nuget\packages\microsoft.netcore.app.ref\3.0.0\ref\netcoreapp3.0\System.ComponentModel.EventBasedAsync.dll /reference:C:\Users\hansnguyen\.nuget\packages\microsoft.netcore.app.ref\3.0.0\ref\netcoreapp3.0\System.ComponentModel.Primitives.dll /reference:C:\Users\hansnguyen\.nuget\packages\microsoft.netcore.app.ref\3.0.0\ref\netcoreapp3.0\System.ComponentModel.TypeConverter.dll /reference:C:\Users\hansnguyen\.nuget\packages\microsoft.windowsdesktop.app.ref\3.0.0\ref\netcoreapp3.0\System.Configuration.ConfigurationManager.dll /reference:C:\Users\hansnguyen\.nuget\packages\microsoft.netcore.app.ref\3.0.0\ref\netcoreapp3.0\System.Configuration.dll /reference:C:\Users\hansnguyen\.nuget\packages\microsoft.netcore.app.ref\3.0.0\ref\netcoreapp3.0\System.Console.dll /reference:C:\Users\hansnguyen\.nuget\packages\microsoft.netcore.app.ref\3.0.0\ref\netcoreapp3.0\System.Core.dll /reference:C:\Users\hansnguyen\.nuget\packages\microsoft.netcore.app.ref\3.0.0\ref\netcoreapp3.0\System.Data.Common.dll /reference:C:\Users\hansnguyen\.nuget\packages\microsoft.netcore.app.ref\3.0.0\ref\netcoreapp3.0\System.Data.DataSetExtensions.dll /reference:C:\Users\hansnguyen\.nuget\packages\microsoft.netcore.app.ref\3.0.0\ref\netcoreapp3.0\System.Data.dll /reference:C:\Users\hansnguyen\.nuget\packages\microsoft.netcore.app.ref\3.0.0\ref\netcoreapp3.0\System.Diagnostics.Contracts.dll /reference:C:\Users\hansnguyen\.nuget\packages\microsoft.netcore.app.ref\3.0.0\ref\netcoreapp3.0\System.Diagnostics.Debug.dll /reference:C:\Users\hansnguyen\.nuget\packages\microsoft.netcore.app.ref\3.0.0\ref\netcoreapp3.0\System.Diagnostics.DiagnosticSource.dll /reference:C:\Users\hansnguyen\.nuget\packages\microsoft.windowsdesktop.app.ref\3.0.0\ref\netcoreapp3.0\System.Diagnostics.EventLog.dll /reference:C:\Users\hansnguyen\.nuget\packages\microsoft.netcore.app.ref\3.0.0\ref\netcoreapp3.0\System.Diagnostics.FileVersionInfo.dll /reference:C:\Users\hansnguyen\.nuget\packages\microsoft.windowsdesktop.app.ref\3.0.0\ref\netcoreapp3.0\System.Diagnostics.PerformanceCounter.dll /reference:C:\Users\hansnguyen\.nuget\packages\microsoft.netcore.app.ref\3.0.0\ref\netcoreapp3.0\System.Diagnostics.Process.dll /reference:C:\Users\hansnguyen\.nuget\packages\microsoft.netcore.app.ref\3.0.0\ref\netcoreapp3.0\System.Diagnostics.StackTrace.dll /reference:C:\Users\hansnguyen\.nuget\packages\microsoft.netcore.app.ref\3.0.0\ref\netcoreapp3.0\System.Diagnostics.TextWriterTraceListener.dll /reference:C:\Users\hansnguyen\.nuget\packages\microsoft.netcore.app.ref\3.0.0\ref\netcoreapp3.0\System.Diagnostics.Tools.dll /reference:C:\Users\hansnguyen\.nuget\packages\microsoft.netcore.app.ref\3.0.0\ref\netcoreapp3.0\System.Diagnostics.TraceSource.dll /reference:C:\Users\hansnguyen\.nuget\packages\microsoft.netcore.app.ref\3.0.0\ref\netcoreapp3.0\System.Diagnostics.Tracing.dll /reference:C:\Users\hansnguyen\.nuget\packages\microsoft.windowsdesktop.app.ref\3.0.0\ref\netcoreapp3.0\System.DirectoryServices.dll /reference:C:\Users\hansnguyen\.nuget\packages\microsoft.netcore.app.ref\3.0.0\ref\netcoreapp3.0\System.dll /reference:C:\Users\hansnguyen\.nuget\packages\microsoft.netcore.app.ref\3.0.0\ref\netcoreapp3.0\System.Drawing.dll /reference:C:\Users\hansnguyen\.nuget\packages\microsoft.netcore.app.ref\3.0.0\ref\netcoreapp3.0\System.Drawing.Primitives.dll /reference:C:\Users\hansnguyen\.nuget\packages\microsoft.netcore.app.ref\3.0.0\ref\netcoreapp3.0\System.Dynamic.Runtime.dll /reference:C:\Users\hansnguyen\.nuget\packages\microsoft.netcore.app.ref\3.0.0\ref\netcoreapp3.0\System.Globalization.Calendars.dll /reference:C:\Users\hansnguyen\.nuget\packages\microsoft.netcore.app.ref\3.0.0\ref\netcoreapp3.0\System.Globalization.dll /reference:C:\Users\hansnguyen\.nuget\packages\microsoft.netcore.app.ref\3.0.0\ref\netcoreapp3.0\System.Globalization.Extensions.dll /reference:C:\Users\hansnguyen\.nuget\packages\microsoft.netcore.app.ref\3.0.0\ref\netcoreapp3.0\System.IO.Compression.Brotli.dll /reference:C:\Users\hansnguyen\.nuget\packages\microsoft.netcore.app.ref\3.0.0\ref\netcoreapp3.0\System.IO.Compression.dll /reference:C:\Users\hansnguyen\.nuget\packages\microsoft.netcore.app.ref\3.0.0\ref\netcoreapp3.0\System.IO.Compression.FileSystem.dll /reference:C:\Users\hansnguyen\.nuget\packages\microsoft.netcore.app.ref\3.0.0\ref\netcoreapp3.0\System.IO.Compression.ZipFile.dll /reference:C:\Users\hansnguyen\.nuget\packages\microsoft.netcore.app.ref\3.0.0\ref\netcoreapp3.0\System.IO.dll /reference:C:\Users\hansnguyen\.nuget\packages\microsoft.windowsdesktop.app.ref\3.0.0\ref\netcoreapp3.0\System.IO.FileSystem.AccessControl.dll /reference:C:\Users\hansnguyen\.nuget\packages\microsoft.netcore.app.ref\3.0.0\ref\netcoreapp3.0\System.IO.FileSystem.dll /reference:C:\Users\hansnguyen\.nuget\packages\microsoft.netcore.app.ref\3.0.0\ref\netcoreapp3.0\System.IO.FileSystem.DriveInfo.dll /reference:C:\Users\hansnguyen\.nuget\packages\microsoft.netcore.app.ref\3.0.0\ref\netcoreapp3.0\System.IO.FileSystem.Primitives.dll /reference:C:\Users\hansnguyen\.nuget\packages\microsoft.netcore.app.ref\3.0.0\ref\netcoreapp3.0\System.IO.FileSystem.Watcher.dll /reference:C:\Users\hansnguyen\.nuget\packages\microsoft.netcore.app.ref\3.0.0\ref\netcoreapp3.0\System.IO.IsolatedStorage.dll /reference:C:\Users\hansnguyen\.nuget\packages\microsoft.netcore.app.ref\3.0.0\ref\netcoreapp3.0\System.IO.MemoryMappedFiles.dll /reference:C:\Users\hansnguyen\.nuget\packages\microsoft.windowsdesktop.app.ref\3.0.0\ref\netcoreapp3.0\System.IO.Packaging.dll /reference:C:\Users\hansnguyen\.nuget\packages\microsoft.windowsdesktop.app.ref\3.0.0\ref\netcoreapp3.0\System.IO.Pipes.AccessControl.dll /reference:C:\Users\hansnguyen\.nuget\packages\microsoft.netcore.app.ref\3.0.0\ref\netcoreapp3.0\System.IO.Pipes.dll /reference:C:\Users\hansnguyen\.nuget\packages\microsoft.netcore.app.ref\3.0.0\ref\netcoreapp3.0\System.IO.UnmanagedMemoryStream.dll /reference:C:\Users\hansnguyen\.nuget\packages\microsoft.netcore.app.ref\3.0.0\ref\netcoreapp3.0\System.Linq.dll /reference:C:\Users\hansnguyen\.nuget\packages\microsoft.netcore.app.ref\3.0.0\ref\netcoreapp3.0\System.Linq.Expressions.dll /reference:C:\Users\hansnguyen\.nuget\packages\microsoft.netcore.app.ref\3.0.0\ref\netcoreapp3.0\System.Linq.Parallel.dll /reference:C:\Users\hansnguyen\.nuget\packages\microsoft.netcore.app.ref\3.0.0\ref\netcoreapp3.0\System.Linq.Queryable.dll /reference:C:\Users\hansnguyen\.nuget\packages\microsoft.netcore.app.ref\3.0.0\ref\netcoreapp3.0\System.Memory.dll /reference:C:\Users\hansnguyen\.nuget\packages\microsoft.netcore.app.ref\3.0.0\ref\netcoreapp3.0\System.Net.dll /reference:C:\Users\hansnguyen\.nuget\packages\microsoft.netcore.app.ref\3.0.0\ref\netcoreapp3.0\System.Net.Http.dll /reference:C:\Users\hansnguyen\.nuget\packages\microsoft.netcore.app.ref\3.0.0\ref\netcoreapp3.0\System.Net.HttpListener.dll /reference:C:\Users\hansnguyen\.nuget\packages\microsoft.netcore.app.ref\3.0.0\ref\netcoreapp3.0\System.Net.Mail.dll /reference:C:\Users\hansnguyen\.nuget\packages\microsoft.netcore.app.ref\3.0.0\ref\netcoreapp3.0\System.Net.NameResolution.dll /reference:C:\Users\hansnguyen\.nuget\packages\microsoft.netcore.app.ref\3.0.0\ref\netcoreapp3.0\System.Net.NetworkInformation.dll /reference:C:\Users\hansnguyen\.nuget\packages\microsoft.netcore.app.ref\3.0.0\ref\netcoreapp3.0\System.Net.Ping.dll /reference:C:\Users\hansnguyen\.nuget\packages\microsoft.netcore.app.ref\3.0.0\ref\netcoreapp3.0\System.Net.Primitives.dll /reference:C:\Users\hansnguyen\.nuget\packages\microsoft.netcore.app.ref\3.0.0\ref\netcoreapp3.0\System.Net.Requests.dll /reference:C:\Users\hansnguyen\.nuget\packages\microsoft.netcore.app.ref\3.0.0\ref\netcoreapp3.0\System.Net.Security.dll /reference:C:\Users\hansnguyen\.nuget\packages\microsoft.netcore.app.ref\3.0.0\ref\netcoreapp3.0\System.Net.ServicePoint.dll /reference:C:\Users\hansnguyen\.nuget\packages\microsoft.netcore.app.ref\3.0.0\ref\netcoreapp3.0\System.Net.Sockets.dll /reference:C:\Users\hansnguyen\.nuget\packages\microsoft.netcore.app.ref\3.0.0\ref\netcoreapp3.0\System.Net.WebClient.dll /reference:C:\Users\hansnguyen\.nuget\packages\microsoft.netcore.app.ref\3.0.0\ref\netcoreapp3.0\System.Net.WebHeaderCollection.dll /reference:C:\Users\hansnguyen\.nuget\packages\microsoft.netcore.app.ref\3.0.0\ref\netcoreapp3.0\System.Net.WebProxy.dll /reference:C:\Users\hansnguyen\.nuget\packages\microsoft.netcore.app.ref\3.0.0\ref\netcoreapp3.0\System.Net.WebSockets.Client.dll /reference:C:\Users\hansnguyen\.nuget\packages\microsoft.netcore.app.ref\3.0.0\ref\netcoreapp3.0\System.Net.WebSockets.dll /reference:C:\Users\hansnguyen\.nuget\packages\microsoft.netcore.app.ref\3.0.0\ref\netcoreapp3.0\System.Numerics.dll /reference:C:\Users\hansnguyen\.nuget\packages\microsoft.netcore.app.ref\3.0.0\ref\netcoreapp3.0\System.Numerics.Vectors.dll /reference:C:\Users\hansnguyen\.nuget\packages\microsoft.netcore.app.ref\3.0.0\ref\netcoreapp3.0\System.ObjectModel.dll /reference:C:\Users\hansnguyen\.nuget\packages\microsoft.windowsdesktop.app.ref\3.0.0\ref\netcoreapp3.0\System.Printing.dll /reference:C:\Users\hansnguyen\.nuget\packages\microsoft.netcore.app.ref\3.0.0\ref\netcoreapp3.0\System.Reflection.DispatchProxy.dll /reference:C:\Users\hansnguyen\.nuget\packages\microsoft.netcore.app.ref\3.0.0\ref\netcoreapp3.0\System.Reflection.dll /reference:C:\Users\hansnguyen\.nuget\packages\microsoft.netcore.app.ref\3.0.0\ref\netcoreapp3.0\System.Reflection.Emit.dll /reference:C:\Users\hansnguyen\.nuget\packages\microsoft.netcore.app.ref\3.0.0\ref\netcoreapp3.0\System.Reflection.Emit.ILGeneration.dll /reference:C:\Users\hansnguyen\.nuget\packages\microsoft.netcore.app.ref\3.0.0\ref\netcoreapp3.0\System.Reflection.Emit.Lightweight.dll /reference:C:\Users\hansnguyen\.nuget\packages\microsoft.netcore.app.ref\3.0.0\ref\netcoreapp3.0\System.Reflection.Extensions.dll /reference:C:\Users\hansnguyen\.nuget\packages\microsoft.netcore.app.ref\3.0.0\ref\netcoreapp3.0\System.Reflection.Metadata.dll /reference:C:\Users\hansnguyen\.nuget\packages\microsoft.netcore.app.ref\3.0.0\ref\netcoreapp3.0\System.Reflection.Primitives.dll /reference:C:\Users\hansnguyen\.nuget\packages\microsoft.netcore.app.ref\3.0.0\ref\netcoreapp3.0\System.Reflection.TypeExtensions.dll /reference:C:\Users\hansnguyen\.nuget\packages\microsoft.windowsdesktop.app.ref\3.0.0\ref\netcoreapp3.0\System.Resources.Extensions.dll /reference:C:\Users\hansnguyen\.nuget\packages\microsoft.netcore.app.ref\3.0.0\ref\netcoreapp3.0\System.Resources.Reader.dll /reference:C:\Users\hansnguyen\.nuget\packages\microsoft.netcore.app.ref\3.0.0\ref\netcoreapp3.0\System.Resources.ResourceManager.dll /reference:C:\Users\hansnguyen\.nuget\packages\microsoft.netcore.app.ref\3.0.0\ref\netcoreapp3.0\System.Resources.Writer.dll /reference:C:\Users\hansnguyen\.nuget\packages\microsoft.netcore.app.ref\3.0.0\ref\netcoreapp3.0\System.Runtime.CompilerServices.Unsafe.dll /reference:C:\Users\hansnguyen\.nuget\packages\microsoft.netcore.app.ref\3.0.0\ref\netcoreapp3.0\System.Runtime.CompilerServices.VisualC.dll /reference:C:\Users\hansnguyen\.nuget\packages\microsoft.netcore.app.ref\3.0.0\ref\netcoreapp3.0\System.Runtime.dll /reference:C:\Users\hansnguyen\.nuget\packages\microsoft.netcore.app.ref\3.0.0\ref\netcoreapp3.0\System.Runtime.Extensions.dll /reference:C:\Users\hansnguyen\.nuget\packages\microsoft.netcore.app.ref\3.0.0\ref\netcoreapp3.0\System.Runtime.Handles.dll /reference:C:\Users\hansnguyen\.nuget\packages\microsoft.netcore.app.ref\3.0.0\ref\netcoreapp3.0\System.Runtime.InteropServices.dll /reference:C:\Users\hansnguyen\.nuget\packages\microsoft.netcore.app.ref\3.0.0\ref\netcoreapp3.0\System.Runtime.InteropServices.RuntimeInformation.dll /reference:C:\Users\hansnguyen\.nuget\packages\microsoft.netcore.app.ref\3.0.0\ref\netcoreapp3.0\System.Runtime.InteropServices.WindowsRuntime.dll /reference:C:\Users\hansnguyen\.nuget\packages\microsoft.netcore.app.ref\3.0.0\ref\netcoreapp3.0\System.Runtime.Intrinsics.dll /reference:C:\Users\hansnguyen\.nuget\packages\microsoft.netcore.app.ref\3.0.0\ref\netcoreapp3.0\System.Runtime.Loader.dll /reference:C:\Users\hansnguyen\.nuget\packages\microsoft.netcore.app.ref\3.0.0\ref\netcoreapp3.0\System.Runtime.Numerics.dll /reference:C:\Users\hansnguyen\.nuget\packages\microsoft.netcore.app.ref\3.0.0\ref\netcoreapp3.0\System.Runtime.Serialization.dll /reference:C:\Users\hansnguyen\.nuget\packages\microsoft.netcore.app.ref\3.0.0\ref\netcoreapp3.0\System.Runtime.Serialization.Formatters.dll /reference:C:\Users\hansnguyen\.nuget\packages\microsoft.netcore.app.ref\3.0.0\ref\netcoreapp3.0\System.Runtime.Serialization.Json.dll /reference:C:\Users\hansnguyen\.nuget\packages\microsoft.netcore.app.ref\3.0.0\ref\netcoreapp3.0\System.Runtime.Serialization.Primitives.dll /reference:C:\Users\hansnguyen\.nuget\packages\microsoft.netcore.app.ref\3.0.0\ref\netcoreapp3.0\System.Runtime.Serialization.Xml.dll /reference:C:\Users\hansnguyen\.nuget\packages\microsoft.windowsdesktop.app.ref\3.0.0\ref\netcoreapp3.0\System.Security.AccessControl.dll /reference:C:\Users\hansnguyen\.nuget\packages\microsoft.netcore.app.ref\3.0.0\ref\netcoreapp3.0\System.Security.Claims.dll /reference:C:\Users\hansnguyen\.nuget\packages\microsoft.netcore.app.ref\3.0.0\ref\netcoreapp3.0\System.Security.Cryptography.Algorithms.dll /reference:C:\Users\hansnguyen\.nuget\packages\microsoft.windowsdesktop.app.ref\3.0.0\ref\netcoreapp3.0\System.Security.Cryptography.Cng.dll /reference:C:\Users\hansnguyen\.nuget\packages\microsoft.netcore.app.ref\3.0.0\ref\netcoreapp3.0\System.Security.Cryptography.Csp.dll /reference:C:\Users\hansnguyen\.nuget\packages\microsoft.netcore.app.ref\3.0.0\ref\netcoreapp3.0\System.Security.Cryptography.Encoding.dll /reference:C:\Users\hansnguyen\.nuget\packages\microsoft.windowsdesktop.app.ref\3.0.0\ref\netcoreapp3.0\System.Security.Cryptography.Pkcs.dll /reference:C:\Users\hansnguyen\.nuget\packages\microsoft.netcore.app.ref\3.0.0\ref\netcoreapp3.0\System.Security.Cryptography.Primitives.dll /reference:C:\Users\hansnguyen\.nuget\packages\microsoft.windowsdesktop.app.ref\3.0.0\ref\netcoreapp3.0\System.Security.Cryptography.ProtectedData.dll /reference:C:\Users\hansnguyen\.nuget\packages\microsoft.netcore.app.ref\3.0.0\ref\netcoreapp3.0\System.Security.Cryptography.X509Certificates.dll /reference:C:\Users\hansnguyen\.nuget\packages\microsoft.windowsdesktop.app.ref\3.0.0\ref\netcoreapp3.0\System.Security.Cryptography.Xml.dll /reference:C:\Users\hansnguyen\.nuget\packages\microsoft.netcore.app.ref\3.0.0\ref\netcoreapp3.0\System.Security.dll /reference:C:\Users\hansnguyen\.nuget\packages\microsoft.windowsdesktop.app.ref\3.0.0\ref\netcoreapp3.0\System.Security.Permissions.dll /reference:C:\Users\hansnguyen\.nuget\packages\microsoft.netcore.app.ref\3.0.0\ref\netcoreapp3.0\System.Security.Principal.dll /reference:C:\Users\hansnguyen\.nuget\packages\microsoft.windowsdesktop.app.ref\3.0.0\ref\netcoreapp3.0\System.Security.Principal.Windows.dll /reference:C:\Users\hansnguyen\.nuget\packages\microsoft.netcore.app.ref\3.0.0\ref\netcoreapp3.0\System.Security.SecureString.dll /reference:C:\Users\hansnguyen\.nuget\packages\microsoft.netcore.app.ref\3.0.0\ref\netcoreapp3.0\System.ServiceModel.Web.dll /reference:C:\Users\hansnguyen\.nuget\packages\microsoft.netcore.app.ref\3.0.0\ref\netcoreapp3.0\System.ServiceProcess.dll /reference:C:\Users\hansnguyen\.nuget\packages\microsoft.netcore.app.ref\3.0.0\ref\netcoreapp3.0\System.Text.Encoding.CodePages.dll /reference:C:\Users\hansnguyen\.nuget\packages\microsoft.netcore.app.ref\3.0.0\ref\netcoreapp3.0\System.Text.Encoding.dll /reference:C:\Users\hansnguyen\.nuget\packages\microsoft.netcore.app.ref\3.0.0\ref\netcoreapp3.0\System.Text.Encoding.Extensions.dll /reference:C:\Users\hansnguyen\.nuget\packages\microsoft.netcore.app.ref\3.0.0\ref\netcoreapp3.0\System.Text.Encodings.Web.dll /reference:C:\Users\hansnguyen\.nuget\packages\microsoft.netcore.app.ref\3.0.0\ref\netcoreapp3.0\System.Text.Json.dll /reference:C:\Users\hansnguyen\.nuget\packages\microsoft.netcore.app.ref\3.0.0\ref\netcoreapp3.0\System.Text.RegularExpressions.dll /reference:C:\Users\hansnguyen\.nuget\packages\microsoft.windowsdesktop.app.ref\3.0.0\ref\netcoreapp3.0\System.Threading.AccessControl.dll /reference:C:\Users\hansnguyen\.nuget\packages\microsoft.netcore.app.ref\3.0.0\ref\netcoreapp3.0\System.Threading.Channels.dll /reference:C:\Users\hansnguyen\.nuget\packages\microsoft.netcore.app.ref\3.0.0\ref\netcoreapp3.0\System.Threading.dll /reference:C:\Users\hansnguyen\.nuget\packages\microsoft.netcore.app.ref\3.0.0\ref\netcoreapp3.0\System.Threading.Overlapped.dll /reference:C:\Users\hansnguyen\.nuget\packages\microsoft.netcore.app.ref\3.0.0\ref\netcoreapp3.0\System.Threading.Tasks.Dataflow.dll /reference:C:\Users\hansnguyen\.nuget\packages\microsoft.netcore.app.ref\3.0.0\ref\netcoreapp3.0\System.Threading.Tasks.dll /reference:C:\Users\hansnguyen\.nuget\packages\microsoft.netcore.app.ref\3.0.0\ref\netcoreapp3.0\System.Threading.Tasks.Extensions.dll /reference:C:\Users\hansnguyen\.nuget\packages\microsoft.netcore.app.ref\3.0.0\ref\netcoreapp3.0\System.Threading.Tasks.Parallel.dll /reference:C:\Users\hansnguyen\.nuget\packages\microsoft.netcore.app.ref\3.0.0\ref\netcoreapp3.0\System.Threading.Thread.dll /reference:C:\Users\hansnguyen\.nuget\packages\microsoft.netcore.app.ref\3.0.0\ref\netcoreapp3.0\System.Threading.ThreadPool.dll /reference:C:\Users\hansnguyen\.nuget\packages\microsoft.netcore.app.ref\3.0.0\ref\netcoreapp3.0\System.Threading.Timer.dll /reference:C:\Users\hansnguyen\.nuget\packages\microsoft.netcore.app.ref\3.0.0\ref\netcoreapp3.0\System.Transactions.dll /reference:C:\Users\hansnguyen\.nuget\packages\microsoft.netcore.app.ref\3.0.0\ref\netcoreapp3.0\System.Transactions.Local.dll /reference:C:\Users\hansnguyen\.nuget\packages\microsoft.netcore.app.ref\3.0.0\ref\netcoreapp3.0\System.ValueTuple.dll /reference:C:\Users\hansnguyen\.nuget\packages\microsoft.netcore.app.ref\3.0.0\ref\netcoreapp3.0\System.Web.dll /reference:C:\Users\hansnguyen\.nuget\packages\microsoft.netcore.app.ref\3.0.0\ref\netcoreapp3.0\System.Web.HttpUtility.dll /reference:C:\Users\hansnguyen\.nuget\packages\microsoft.windowsdesktop.app.ref\3.0.0\ref\netcoreapp3.0\System.Windows.Controls.Ribbon.dll /reference:C:\Users\hansnguyen\.nuget\packages\microsoft.netcore.app.ref\3.0.0\ref\netcoreapp3.0\System.Windows.dll /reference:C:\Users\hansnguyen\.nuget\packages\microsoft.windowsdesktop.app.ref\3.0.0\ref\netcoreapp3.0\System.Windows.Extensions.dll /reference:C:\Users\hansnguyen\.nuget\packages\microsoft.windowsdesktop.app.ref\3.0.0\ref\netcoreapp3.0\System.Windows.Input.Manipulations.dll /reference:C:\Users\hansnguyen\.nuget\packages\microsoft.windowsdesktop.app.ref\3.0.0\ref\netcoreapp3.0\System.Windows.Presentation.dll /reference:C:\Users\hansnguyen\.nuget\packages\microsoft.windowsdesktop.app.ref\3.0.0\ref\netcoreapp3.0\System.Xaml.dll /reference:C:\Users\hansnguyen\.nuget\packages\microsoft.netcore.app.ref\3.0.0\ref\netcoreapp3.0\System.Xml.dll /reference:C:\Users\hansnguyen\.nuget\packages\microsoft.netcore.app.ref\3.0.0\ref\netcoreapp3.0\System.Xml.Linq.dll /reference:C:\Users\hansnguyen\.nuget\packages\microsoft.netcore.app.ref\3.0.0\ref\netcoreapp3.0\System.Xml.ReaderWriter.dll /reference:C:\Users\hansnguyen\.nuget\packages\microsoft.netcore.app.ref\3.0.0\ref\netcoreapp3.0\System.Xml.Serialization.dll /reference:C:\Users\hansnguyen\.nuget\packages\microsoft.netcore.app.ref\3.0.0\ref\netcoreapp3.0\System.Xml.XDocument.dll /reference:C:\Users\hansnguyen\.nuget\packages\microsoft.netcore.app.ref\3.0.0\ref\netcoreapp3.0\System.Xml.XmlDocument.dll /reference:C:\Users\hansnguyen\.nuget\packages\microsoft.netcore.app.ref\3.0.0\ref\netcoreapp3.0\System.Xml.XmlSerializer.dll /reference:C:\Users\hansnguyen\.nuget\packages\microsoft.netcore.app.ref\3.0.0\ref\netcoreapp3.0\System.Xml.XPath.dll /reference:C:\Users\hansnguyen\.nuget\packages\microsoft.netcore.app.ref\3.0.0\ref\netcoreapp3.0\System.Xml.XPath.XDocument.dll /reference:C:\Users\hansnguyen\.nuget\packages\microsoft.windowsdesktop.app.ref\3.0.0\ref\netcoreapp3.0\UIAutomationClient.dll /reference:C:\Users\hansnguyen\.nuget\packages\microsoft.windowsdesktop.app.ref\3.0.0\ref\netcoreapp3.0\UIAutomationClientSideProviders.dll /reference:C:\Users\hansnguyen\.nuget\packages\microsoft.windowsdesktop.app.ref\3.0.0\ref\netcoreapp3.0\UIAutomationProvider.dll /reference:C:\Users\hansnguyen\.nuget\packages\microsoft.windowsdesktop.app.ref\3.0.0\ref\netcoreapp3.0\UIAutomationTypes.dll /reference:C:\Users\hansnguyen\.nuget\packages\microsoft.windowsdesktop.app.ref\3.0.0\ref\netcoreapp3.0\WindowsBase.dll /debug+ /debug:portable /filealign:512 /optimize- /out:obj\Debug\netcoreapp3.0\GridWithMenuApp1_VS2022_nesf0oga_wpftmp.dll /target:winexe /warnaserror- /utf8output /deterministic+ /langversion:8.0 /analyzerconfig:obj\Debug\netcoreapp3.0\GridWithMenuApp1_VS2022_nesf0oga_wpftmp.GeneratedMSBuildEditorConfig.editorconfig App.xaml.cs Data\SampleData.cs MainWindow.xaml.cs Properties\AssemblyInfo.cs Properties\Resources.Designer.cs Properties\Settings.Designer.cs C:\Users\hansnguyen\source\repos\GridWithMenuApp1_VS2022\obj\Debug\netcoreapp3.0\MainWindow.g.cs C:\Users\hansnguyen\source\repos\GridWithMenuApp1_VS2022\obj\Debug\netcoreapp3.0\App.g.cs C:\Users\hansnguyen\source\repos\GridWithMenuApp1_VS2022\obj\Debug\netcoreapp3.0\GeneratedInternalTypeHelper.g.cs /warnaserror+:NU1605
1>        Microsoft (R) Visual C# Compiler version 4.0.0-3.21403.23 (d51d1a73)
1>        Copyright (C) Microsoft Corporation. All rights reserved.
1>        CompilerServer: server - server processed compilation - 1fc5cce2-f736-45c8-9900-f2b00ec878a7
1>      Done executing task "Csc".
1>      Task "CallTarget" skipped, due to false condition; ('$(TargetsTriggeredByCompilation)' != '') was evaluated as ('' != '').
1>    Done building target "CoreCompile" in project "GridWithMenuApp1_VS2022_nesf0oga_wpftmp.csproj".
1>    Target "_TouchLastBuildWithSkipAnalyzers" skipped, due to false condition; ('$(_SkipAnalyzers)' == 'true') was evaluated as ('' == 'true').
1>    Target "_CompileTemporaryAssembly" in file "C:\Program Files\dotnet\sdk\6.0.100-preview.7.21379.14\Sdks\Microsoft.NET.Sdk.WindowsDesktop\targets\Microsoft.WinFX.targets":
1>    Done building target "_CompileTemporaryAssembly" in project "GridWithMenuApp1_VS2022_nesf0oga_wpftmp.csproj".
1>
1>    Done building project "GridWithMenuApp1_VS2022_nesf0oga_wpftmp.csproj".
1>    Output Property: _AssemblyForLocalTypeReference=obj\Debug\netcoreapp3.0\GridWithMenuApp1_VS2022_nesf0oga_wpftmp.dll
1>  Done executing task "GenerateTemporaryTargetAssembly".
1>  Using "CreateItem" task from assembly "Microsoft.Build.Tasks.Core, Version=15.1.0.0, Culture=neutral, PublicKeyToken=b03f5f7f11d50a3a".
1>  Task "CreateItem"
1>    Task Parameter:Include=obj\Debug\netcoreapp3.0\GridWithMenuApp1_VS2022_nesf0oga_wpftmp.dll
1>    Output Item(s): AssemblyForLocalTypeReference=obj\Debug\netcoreapp3.0\GridWithMenuApp1_VS2022_nesf0oga_wpftmp.dll
1>  Done executing task "CreateItem".
1>  Task "Delete"
1>    Task Parameter:
1>        Files=
1>            obj\GridWithMenuApp1_VS2022_nesf0oga_wpftmp.csproj.nuget.g.props
1>            obj\GridWithMenuApp1_VS2022_nesf0oga_wpftmp.csproj.nuget.g.targets
1>            obj\GridWithMenuApp1_VS2022_nesf0oga_wpftmp.csproj.nuget.dgspec.json
1>    Deleting file "obj\GridWithMenuApp1_VS2022_nesf0oga_wpftmp.csproj.nuget.g.props".
1>    Deleting file "obj\GridWithMenuApp1_VS2022_nesf0oga_wpftmp.csproj.nuget.g.targets".
1>    Deleting file "obj\GridWithMenuApp1_VS2022_nesf0oga_wpftmp.csproj.nuget.dgspec.json".
1>  Done executing task "Delete".
1>Done building target "GenerateTemporaryTargetAssembly" in project "GridWithMenuApp1_VS2022.csproj".
1>Target "MarkupCompilePass2" in file "C:\Program Files\dotnet\sdk\6.0.100-preview.7.21379.14\Sdks\Microsoft.NET.Sdk.WindowsDesktop\targets\Microsoft.WinFX.targets":
1>  Task "Message" skipped, due to false condition; ('$(MSBuildTargetsVerbose)'=='true') was evaluated as (''=='true').
1>  Using "MarkupCompilePass2" task from assembly "C:\Program Files\dotnet\sdk\6.0.100-preview.7.21379.14\Sdks\Microsoft.NET.Sdk.WindowsDesktop\tools\net472\PresentationBuildTasks.dll".
1>  Task "MarkupCompilePass2"
1>    Task Parameter:OutputPath=obj\Debug\netcoreapp3.0\
1>    Task Parameter:OutputType=WinExe
1>    Task Parameter:AlwaysCompileMarkupFilesInSeparateDomain=True
1>    Task Parameter:
1>        References=
1>            C:\Users\hansnguyen\.nuget\packages\microsoft.windowsdesktop.app.ref\3.0.0\ref\netcoreapp3.0\Accessibility.dll
1>                    AssemblyVersion=4.0.0.0
1>                    CopyLocal=false
1>                    ExternallyResolved=true
1>                    FileVersion=4.800.19.46210
1>                    FrameworkReferenceName=Microsoft.WindowsDesktop.App.WPF
1>                    FrameworkReferenceVersion=3.0.0
1>                    FusionName=Accessibility, Version=4.0.0.0, Culture=neutral, PublicKeyToken=31bf3856ad364e35
1>                    ImageRuntime=v4.0.30319
1>                    NuGetPackageId=Microsoft.WindowsDesktop.App.Ref
1>                    NuGetPackageVersion=3.0.0
1>                    OriginalItemSpec=C:\Users\hansnguyen\.nuget\packages\microsoft.windowsdesktop.app.ref\3.0.0\ref\netcoreapp3.0\Accessibility.dll
1>                    Private=false
1>                    PublicKeyToken=31bf3856ad364e35
1>                    ReferenceSourceTarget=ResolveAssemblyReference
1>                    ResolvedFrom={RawFileName}
1>                    Version=
1>            C:\Users\hansnguyen\.nuget\packages\c1.xaml.wpf\4.5.20213.749\lib\netcoreapp3.0\C1.WPF.4.5.2.dll
1>                    CopyLocal=false
1>                    ExternallyResolved=true
1>                    FusionName=C1.WPF.4.5.2, Version=4.5.20213.749, Culture=neutral, PublicKeyToken=2aa4ec5576d6c3ce
1>                    HintPath=C:\Users\hansnguyen\.nuget\packages\c1.xaml.wpf\4.5.20213.749\lib\netcoreapp3.0\C1.WPF.4.5.2.dll
1>                    ImageRuntime=v4.0.30319
1>                    NuGetPackageId=C1.Xaml.WPF
1>                    NuGetPackageVersion=4.5.20213.749
1>                    NuGetSourceType=Package
1>                    OriginalItemSpec=C:\Users\hansnguyen\.nuget\packages\c1.xaml.wpf\4.5.20213.749\lib\netcoreapp3.0\C1.WPF.4.5.2.dll
1>                    PathInPackage=lib/netcoreapp3.0/C1.WPF.4.5.2.dll
1>                    Private=false
1>                    ReferenceSourceTarget=ResolveAssemblyReference
1>                    ResolvedFrom={HintPathFromItem}
1>                    Version=
1>            C:\Users\hansnguyen\.nuget\packages\c1.xaml.wpf.datetimeeditors\4.5.20213.749\lib\netcoreapp3.0\C1.WPF.DateTimeEditors.4.5.2.dll
1>                    CopyLocal=false
1>                    ExternallyResolved=true
1>                    FusionName=C1.WPF.DateTimeEditors.4.5.2, Version=4.5.20213.749, Culture=neutral, PublicKeyToken=2aa4ec5576d6c3ce
1>                    HintPath=C:\Users\hansnguyen\.nuget\packages\c1.xaml.wpf.datetimeeditors\4.5.20213.749\lib\netcoreapp3.0\C1.WPF.DateTimeEditors.4.5.2.dll
1>                    ImageRuntime=v4.0.30319
1>                    NuGetPackageId=C1.Xaml.WPF.DateTimeEditors
1>                    NuGetPackageVersion=4.5.20213.749
1>                    NuGetSourceType=Package
1>                    OriginalItemSpec=C:\Users\hansnguyen\.nuget\packages\c1.xaml.wpf.datetimeeditors\4.5.20213.749\lib\netcoreapp3.0\C1.WPF.DateTimeEditors.4.5.2.dll
1>                    PathInPackage=lib/netcoreapp3.0/C1.WPF.DateTimeEditors.4.5.2.dll
1>                    Private=false
1>                    ReferenceSourceTarget=ResolveAssemblyReference
1>                    ResolvedFrom={HintPathFromItem}
1>                    Version=
1>            C:\Users\hansnguyen\.nuget\packages\c1.xaml.wpf.flexgrid\4.5.20213.749\lib\netcoreapp3.0\C1.WPF.FlexGrid.4.5.2.dll
1>                    CopyLocal=false
1>                    ExternallyResolved=true
1>                    FusionName=C1.WPF.FlexGrid.4.5.2, Version=4.5.20213.749, Culture=neutral, PublicKeyToken=2aa4ec5576d6c3ce
1>                    HintPath=C:\Users\hansnguyen\.nuget\packages\c1.xaml.wpf.flexgrid\4.5.20213.749\lib\netcoreapp3.0\C1.WPF.FlexGrid.4.5.2.dll
1>                    ImageRuntime=v4.0.30319
1>                    NuGetPackageId=C1.Xaml.WPF.FlexGrid
1>                    NuGetPackageVersion=4.5.20213.749
1>                    NuGetSourceType=Package
1>                    OriginalItemSpec=C:\Users\hansnguyen\.nuget\packages\c1.xaml.wpf.flexgrid\4.5.20213.749\lib\netcoreapp3.0\C1.WPF.FlexGrid.4.5.2.dll
1>                    PathInPackage=lib/netcoreapp3.0/C1.WPF.FlexGrid.4.5.2.dll
1>                    Private=false
1>                    ReferenceSourceTarget=ResolveAssemblyReference
1>                    ResolvedFrom={HintPathFromItem}
1>                    Version=
1>            C:\Users\hansnguyen\.nuget\packages\c1.xaml.wpf.flexgrid.grouppanel\4.5.20213.749\lib\netcoreapp3.0\C1.WPF.FlexGrid.GroupPanel.4.5.2.dll
1>                    CopyLocal=false
1>                    ExternallyResolved=true
1>                    FusionName=C1.WPF.FlexGrid.GroupPanel.4.5.2, Version=4.5.20213.749, Culture=neutral, PublicKeyToken=2aa4ec5576d6c3ce
1>                    HintPath=C:\Users\hansnguyen\.nuget\packages\c1.xaml.wpf.flexgrid.grouppanel\4.5.20213.749\lib\netcoreapp3.0\C1.WPF.FlexGrid.GroupPanel.4.5.2.dll
1>                    ImageRuntime=v4.0.30319
1>                    NuGetPackageId=C1.Xaml.WPF.FlexGrid.GroupPanel
1>                    NuGetPackageVersion=4.5.20213.749
1>                    NuGetSourceType=Package
1>                    OriginalItemSpec=C:\Users\hansnguyen\.nuget\packages\c1.xaml.wpf.flexgrid.grouppanel\4.5.20213.749\lib\netcoreapp3.0\C1.WPF.FlexGrid.GroupPanel.4.5.2.dll
1>                    PathInPackage=lib/netcoreapp3.0/C1.WPF.FlexGrid.GroupPanel.4.5.2.dll
1>                    Private=false
1>                    ReferenceSourceTarget=ResolveAssemblyReference
1>                    ResolvedFrom={HintPathFromItem}
1>                    Version=
1>            C:\Users\hansnguyen\.nuget\packages\c1.xaml.wpf.flexgridfilter\4.5.20213.749\lib\netcoreapp3.0\C1.WPF.FlexGridFilter.4.5.2.dll
1>                    CopyLocal=false
1>                    ExternallyResolved=true
1>                    FusionName=C1.WPF.FlexGridFilter.4.5.2, Version=4.5.20213.749, Culture=neutral, PublicKeyToken=2aa4ec5576d6c3ce
1>                    HintPath=C:\Users\hansnguyen\.nuget\packages\c1.xaml.wpf.flexgridfilter\4.5.20213.749\lib\netcoreapp3.0\C1.WPF.FlexGridFilter.4.5.2.dll
1>                    ImageRuntime=v4.0.30319
1>                    NuGetPackageId=C1.Xaml.WPF.FlexGridFilter
1>                    NuGetPackageVersion=4.5.20213.749
1>                    NuGetSourceType=Package
1>                    OriginalItemSpec=C:\Users\hansnguyen\.nuget\packages\c1.xaml.wpf.flexgridfilter\4.5.20213.749\lib\netcoreapp3.0\C1.WPF.FlexGridFilter.4.5.2.dll
1>                    PathInPackage=lib/netcoreapp3.0/C1.WPF.FlexGridFilter.4.5.2.dll
1>                    Private=false
1>                    ReferenceSourceTarget=ResolveAssemblyReference
1>                    ResolvedFrom={HintPathFromItem}
1>                    Version=
1>            C:\Users\hansnguyen\.nuget\packages\c1.xaml.wpf.toolbar\4.5.20213.749\lib\netcoreapp3.0\C1.WPF.Toolbar.4.5.2.dll
1>                    CopyLocal=false
1>                    ExternallyResolved=true
1>                    FusionName=C1.WPF.Toolbar.4.5.2, Version=4.5.20213.749, Culture=neutral, PublicKeyToken=2aa4ec5576d6c3ce
1>                    HintPath=C:\Users\hansnguyen\.nuget\packages\c1.xaml.wpf.toolbar\4.5.20213.749\lib\netcoreapp3.0\C1.WPF.Toolbar.4.5.2.dll
1>                    ImageRuntime=v4.0.30319
1>                    NuGetPackageId=C1.Xaml.WPF.Toolbar
1>                    NuGetPackageVersion=4.5.20213.749
1>                    NuGetSourceType=Package
1>                    OriginalItemSpec=C:\Users\hansnguyen\.nuget\packages\c1.xaml.wpf.toolbar\4.5.20213.749\lib\netcoreapp3.0\C1.WPF.Toolbar.4.5.2.dll
1>                    PathInPackage=lib/netcoreapp3.0/C1.WPF.Toolbar.4.5.2.dll
1>                    Private=false
1>                    ReferenceSourceTarget=ResolveAssemblyReference
1>                    ResolvedFrom={HintPathFromItem}
1>                    Version=
1>            C:\Users\hansnguyen\.nuget\packages\microsoft.netcore.app.ref\3.0.0\ref\netcoreapp3.0\Microsoft.CSharp.dll
1>                    AssemblyVersion=4.0.0.0
1>                    CopyLocal=false
1>                    ExternallyResolved=true
1>                    FileVersion=4.700.19.46214
1>                    FrameworkReferenceName=Microsoft.NETCore.App
1>                    FrameworkReferenceVersion=3.0.0
1>                    FusionName=Microsoft.CSharp, Version=4.0.0.0, Culture=neutral, PublicKeyToken=b03f5f7f11d50a3a
1>                    ImageRuntime=v4.0.30319
1>                    NuGetPackageId=Microsoft.NETCore.App.Ref
1>                    NuGetPackageVersion=3.0.0
1>                    OriginalItemSpec=C:\Users\hansnguyen\.nuget\packages\microsoft.netcore.app.ref\3.0.0\ref\netcoreapp3.0\Microsoft.CSharp.dll
1>                    Private=false
1>                    PublicKeyToken=b03f5f7f11d50a3a
1>                    ReferenceSourceTarget=ResolveAssemblyReference
1>                    ResolvedFrom={RawFileName}
1>                    Version=
1>            C:\Users\hansnguyen\.nuget\packages\microsoft.netcore.app.ref\3.0.0\ref\netcoreapp3.0\Microsoft.VisualBasic.Core.dll
1>                    AssemblyVersion=10.0.4.0
1>                    CopyLocal=false
1>                    ExternallyResolved=true
1>                    FileVersion=4.700.19.46214
1>                    FrameworkReferenceName=Microsoft.NETCore.App
1>                    FrameworkReferenceVersion=3.0.0
1>                    FusionName=Microsoft.VisualBasic.Core, Version=10.0.4.0, Culture=neutral, PublicKeyToken=b03f5f7f11d50a3a
1>                    ImageRuntime=v4.0.30319
1>                    NuGetPackageId=Microsoft.NETCore.App.Ref
1>                    NuGetPackageVersion=3.0.0
1>                    OriginalItemSpec=C:\Users\hansnguyen\.nuget\packages\microsoft.netcore.app.ref\3.0.0\ref\netcoreapp3.0\Microsoft.VisualBasic.Core.dll
1>                    Private=false
1>                    PublicKeyToken=b03f5f7f11d50a3a
1>                    ReferenceSourceTarget=ResolveAssemblyReference
1>                    ResolvedFrom={RawFileName}
1>                    Version=
1>            C:\Users\hansnguyen\.nuget\packages\microsoft.netcore.app.ref\3.0.0\ref\netcoreapp3.0\Microsoft.VisualBasic.dll
1>                    AssemblyVersion=10.0.0.0
1>                    CopyLocal=false
1>                    ExternallyResolved=true
1>                    FileVersion=4.700.19.46214
1>                    FrameworkReferenceName=Microsoft.NETCore.App
1>                    FrameworkReferenceVersion=3.0.0
1>                    FusionName=Microsoft.VisualBasic, Version=10.0.0.0, Culture=neutral, PublicKeyToken=b03f5f7f11d50a3a
1>                    ImageRuntime=v4.0.30319
1>                    NuGetPackageId=Microsoft.NETCore.App.Ref
1>                    NuGetPackageVersion=3.0.0
1>                    OriginalItemSpec=C:\Users\hansnguyen\.nuget\packages\microsoft.netcore.app.ref\3.0.0\ref\netcoreapp3.0\Microsoft.VisualBasic.dll
1>                    Private=false
1>                    PublicKeyToken=b03f5f7f11d50a3a
1>                    ReferenceSourceTarget=ResolveAssemblyReference
1>                    ResolvedFrom={RawFileName}
1>                    Version=
1>            C:\Users\hansnguyen\.nuget\packages\microsoft.netcore.app.ref\3.0.0\ref\netcoreapp3.0\Microsoft.Win32.Primitives.dll
1>                    AssemblyVersion=4.1.1.0
1>                    CopyLocal=false
1>                    ExternallyResolved=true
1>                    FileVersion=4.700.19.46214
1>                    FrameworkReferenceName=Microsoft.NETCore.App
1>                    FrameworkReferenceVersion=3.0.0
1>                    FusionName=Microsoft.Win32.Primitives, Version=4.1.1.0, Culture=neutral, PublicKeyToken=b03f5f7f11d50a3a
1>                    ImageRuntime=v4.0.30319
1>                    NuGetPackageId=Microsoft.NETCore.App.Ref
1>                    NuGetPackageVersion=3.0.0
1>                    OriginalItemSpec=C:\Users\hansnguyen\.nuget\packages\microsoft.netcore.app.ref\3.0.0\ref\netcoreapp3.0\Microsoft.Win32.Primitives.dll
1>                    Private=false
1>                    PublicKeyToken=b03f5f7f11d50a3a
1>                    ReferenceSourceTarget=ResolveAssemblyReference
1>                    ResolvedFrom={RawFileName}
1>                    Version=
1>            C:\Users\hansnguyen\.nuget\packages\microsoft.windowsdesktop.app.ref\3.0.0\ref\netcoreapp3.0\Microsoft.Win32.Registry.AccessControl.dll
1>                    AssemblyVersion=4.0.4.0
1>                    CopyLocal=false
1>                    ExternallyResolved=true
1>                    FileVersion=4.700.19.46214
1>                    FrameworkReferenceName=Microsoft.WindowsDesktop.App.WPF
1>                    FrameworkReferenceVersion=3.0.0
1>                    FusionName=Microsoft.Win32.Registry.AccessControl, Version=4.0.4.0, Culture=neutral, PublicKeyToken=b03f5f7f11d50a3a
1>                    ImageRuntime=v4.0.30319
1>                    NuGetPackageId=Microsoft.WindowsDesktop.App.Ref
1>                    NuGetPackageVersion=3.0.0
1>                    OriginalItemSpec=C:\Users\hansnguyen\.nuget\packages\microsoft.windowsdesktop.app.ref\3.0.0\ref\netcoreapp3.0\Microsoft.Win32.Registry.AccessControl.dll
1>                    Private=false
1>                    PublicKeyToken=b03f5f7f11d50a3a
1>                    ReferenceSourceTarget=ResolveAssemblyReference
1>                    ResolvedFrom={RawFileName}
1>                    Version=
1>            C:\Users\hansnguyen\.nuget\packages\microsoft.windowsdesktop.app.ref\3.0.0\ref\netcoreapp3.0\Microsoft.Win32.Registry.dll
1>                    AssemblyVersion=4.1.2.0
1>                    CopyLocal=false
1>                    ExternallyResolved=true
1>                    FileVersion=4.700.19.46214
1>                    FrameworkReferenceName=Microsoft.WindowsDesktop.App.WPF
1>                    FrameworkReferenceVersion=3.0.0
1>                    FusionName=Microsoft.Win32.Registry, Version=4.1.2.0, Culture=neutral, PublicKeyToken=b03f5f7f11d50a3a
1>                    ImageRuntime=v4.0.30319
1>                    NuGetPackageId=Microsoft.WindowsDesktop.App.Ref
1>                    NuGetPackageVersion=3.0.0
1>                    OriginalItemSpec=C:\Users\hansnguyen\.nuget\packages\microsoft.windowsdesktop.app.ref\3.0.0\ref\netcoreapp3.0\Microsoft.Win32.Registry.dll
1>                    Private=false
1>                    PublicKeyToken=b03f5f7f11d50a3a
1>                    ReferenceSourceTarget=ResolveAssemblyReference
1>                    ResolvedFrom={RawFileName}
1>                    Version=
1>            C:\Users\hansnguyen\.nuget\packages\microsoft.windowsdesktop.app.ref\3.0.0\ref\netcoreapp3.0\Microsoft.Win32.SystemEvents.dll
1>                    AssemblyVersion=4.0.1.0
1>                    CopyLocal=false
1>                    ExternallyResolved=true
1>                    FileVersion=4.700.19.46214
1>                    FrameworkReferenceName=Microsoft.WindowsDesktop.App.WPF
1>                    FrameworkReferenceVersion=3.0.0
1>                    FusionName=Microsoft.Win32.SystemEvents, Version=4.0.1.0, Culture=neutral, PublicKeyToken=cc7b13ffcd2ddd51
1>                    ImageRuntime=v4.0.30319
1>                    NuGetPackageId=Microsoft.WindowsDesktop.App.Ref
1>                    NuGetPackageVersion=3.0.0
1>                    OriginalItemSpec=C:\Users\hansnguyen\.nuget\packages\microsoft.windowsdesktop.app.ref\3.0.0\ref\netcoreapp3.0\Microsoft.Win32.SystemEvents.dll
1>                    Private=false
1>                    PublicKeyToken=cc7b13ffcd2ddd51
1>                    ReferenceSourceTarget=ResolveAssemblyReference
1>                    ResolvedFrom={RawFileName}
1>                    Version=
1>            C:\Users\hansnguyen\.nuget\packages\microsoft.netcore.app.ref\3.0.0\ref\netcoreapp3.0\mscorlib.dll
1>                    AssemblyVersion=4.0.0.0
1>                    CopyLocal=false
1>                    ExternallyResolved=true
1>                    FileVersion=4.700.19.46214
1>                    FrameworkReferenceName=Microsoft.NETCore.App
1>                    FrameworkReferenceVersion=3.0.0
1>                    FusionName=mscorlib, Version=4.0.0.0, Culture=neutral, PublicKeyToken=b77a5c561934e089
1>                    ImageRuntime=v4.0.30319
1>                    NuGetPackageId=Microsoft.NETCore.App.Ref
1>                    NuGetPackageVersion=3.0.0
1>                    OriginalItemSpec=C:\Users\hansnguyen\.nuget\packages\microsoft.netcore.app.ref\3.0.0\ref\netcoreapp3.0\mscorlib.dll
1>                    Private=false
1>                    PublicKeyToken=b77a5c561934e089
1>                    ReferenceSourceTarget=ResolveAssemblyReference
1>                    ResolvedFrom={RawFileName}
1>                    Version=
1>            C:\Users\hansnguyen\.nuget\packages\microsoft.netcore.app.ref\3.0.0\ref\netcoreapp3.0\netstandard.dll
1>                    AssemblyVersion=2.1.0.0
1>                    CopyLocal=false
1>                    ExternallyResolved=true
1>                    FileVersion=4.700.19.46214
1>                    FrameworkReferenceName=Microsoft.NETCore.App
1>                    FrameworkReferenceVersion=3.0.0
1>                    FusionName=netstandard, Version=2.1.0.0, Culture=neutral, PublicKeyToken=cc7b13ffcd2ddd51
1>                    ImageRuntime=v4.0.30319
1>                    NuGetPackageId=Microsoft.NETCore.App.Ref
1>                    NuGetPackageVersion=3.0.0
1>                    OriginalItemSpec=C:\Users\hansnguyen\.nuget\packages\microsoft.netcore.app.ref\3.0.0\ref\netcoreapp3.0\netstandard.dll
1>                    Private=false
1>                    PublicKeyToken=cc7b13ffcd2ddd51
1>                    ReferenceSourceTarget=ResolveAssemblyReference
1>                    ResolvedFrom={RawFileName}
1>                    Version=
1>            C:\Users\hansnguyen\.nuget\packages\microsoft.windowsdesktop.app.ref\3.0.0\ref\netcoreapp3.0\PresentationCore.dll
1>                    AssemblyVersion=4.0.0.0
1>                    CopyLocal=false
1>                    ExternallyResolved=true
1>                    FileVersion=4.800.19.46214
1>                    FrameworkReferenceName=Microsoft.WindowsDesktop.App.WPF
1>                    FrameworkReferenceVersion=3.0.0
1>                    FusionName=PresentationCore, Version=4.0.0.0, Culture=neutral, PublicKeyToken=31bf3856ad364e35
1>                    ImageRuntime=v4.0.30319
1>                    NuGetPackageId=Microsoft.WindowsDesktop.App.Ref
1>                    NuGetPackageVersion=3.0.0
1>                    OriginalItemSpec=C:\Users\hansnguyen\.nuget\packages\microsoft.windowsdesktop.app.ref\3.0.0\ref\netcoreapp3.0\PresentationCore.dll
1>                    Private=false
1>                    PublicKeyToken=31bf3856ad364e35
1>                    ReferenceSourceTarget=ResolveAssemblyReference
1>                    ResolvedFrom={RawFileName}
1>                    Version=
1>            C:\Users\hansnguyen\.nuget\packages\microsoft.windowsdesktop.app.ref\3.0.0\ref\netcoreapp3.0\PresentationFramework.Aero.dll
1>                    AssemblyVersion=4.0.0.0
1>                    CopyLocal=false
1>                    ExternallyResolved=true
1>                    FileVersion=4.800.19.46214
1>                    FrameworkReferenceName=Microsoft.WindowsDesktop.App.WPF
1>                    FrameworkReferenceVersion=3.0.0
1>                    FusionName=PresentationFramework.Aero, Version=4.0.0.0, Culture=neutral, PublicKeyToken=31bf3856ad364e35
1>                    ImageRuntime=v4.0.30319
1>                    NuGetPackageId=Microsoft.WindowsDesktop.App.Ref
1>                    NuGetPackageVersion=3.0.0
1>                    OriginalItemSpec=C:\Users\hansnguyen\.nuget\packages\microsoft.windowsdesktop.app.ref\3.0.0\ref\netcoreapp3.0\PresentationFramework.Aero.dll
1>                    Private=false
1>                    PublicKeyToken=31bf3856ad364e35
1>                    ReferenceSourceTarget=ResolveAssemblyReference
1>                    ResolvedFrom={RawFileName}
1>                    Version=
1>            C:\Users\hansnguyen\.nuget\packages\microsoft.windowsdesktop.app.ref\3.0.0\ref\netcoreapp3.0\PresentationFramework.Aero2.dll
1>                    AssemblyVersion=4.0.0.0
1>                    CopyLocal=false
1>                    ExternallyResolved=true
1>                    FileVersion=4.800.19.46214
1>                    FrameworkReferenceName=Microsoft.WindowsDesktop.App.WPF
1>                    FrameworkReferenceVersion=3.0.0
1>                    FusionName=PresentationFramework.Aero2, Version=4.0.0.0, Culture=neutral, PublicKeyToken=31bf3856ad364e35
1>                    ImageRuntime=v4.0.30319
1>                    NuGetPackageId=Microsoft.WindowsDesktop.App.Ref
1>                    NuGetPackageVersion=3.0.0
1>                    OriginalItemSpec=C:\Users\hansnguyen\.nuget\packages\microsoft.windowsdesktop.app.ref\3.0.0\ref\netcoreapp3.0\PresentationFramework.Aero2.dll
1>                    Private=false
1>                    PublicKeyToken=31bf3856ad364e35
1>                    ReferenceSourceTarget=ResolveAssemblyReference
1>                    ResolvedFrom={RawFileName}
1>                    Version=
1>            C:\Users\hansnguyen\.nuget\packages\microsoft.windowsdesktop.app.ref\3.0.0\ref\netcoreapp3.0\PresentationFramework.AeroLite.dll
1>                    AssemblyVersion=4.0.0.0
1>                    CopyLocal=false
1>                    ExternallyResolved=true
1>                    FileVersion=4.800.19.46214
1>                    FrameworkReferenceName=Microsoft.WindowsDesktop.App.WPF
1>                    FrameworkReferenceVersion=3.0.0
1>                    FusionName=PresentationFramework.AeroLite, Version=4.0.0.0, Culture=neutral, PublicKeyToken=31bf3856ad364e35
1>                    ImageRuntime=v4.0.30319
1>                    NuGetPackageId=Microsoft.WindowsDesktop.App.Ref
1>                    NuGetPackageVersion=3.0.0
1>                    OriginalItemSpec=C:\Users\hansnguyen\.nuget\packages\microsoft.windowsdesktop.app.ref\3.0.0\ref\netcoreapp3.0\PresentationFramework.AeroLite.dll
1>                    Private=false
1>                    PublicKeyToken=31bf3856ad364e35
1>                    ReferenceSourceTarget=ResolveAssemblyReference
1>                    ResolvedFrom={RawFileName}
1>                    Version=
1>            C:\Users\hansnguyen\.nuget\packages\microsoft.windowsdesktop.app.ref\3.0.0\ref\netcoreapp3.0\PresentationFramework.Classic.dll
1>                    AssemblyVersion=4.0.0.0
1>                    CopyLocal=false
1>                    ExternallyResolved=true
1>                    FileVersion=4.800.19.46214
1>                    FrameworkReferenceName=Microsoft.WindowsDesktop.App.WPF
1>                    FrameworkReferenceVersion=3.0.0
1>                    FusionName=PresentationFramework.Classic, Version=4.0.0.0, Culture=neutral, PublicKeyToken=31bf3856ad364e35
1>                    ImageRuntime=v4.0.30319
1>                    NuGetPackageId=Microsoft.WindowsDesktop.App.Ref
1>                    NuGetPackageVersion=3.0.0
1>                    OriginalItemSpec=C:\Users\hansnguyen\.nuget\packages\microsoft.windowsdesktop.app.ref\3.0.0\ref\netcoreapp3.0\PresentationFramework.Classic.dll
1>                    Private=false
1>                    PublicKeyToken=31bf3856ad364e35
1>                    ReferenceSourceTarget=ResolveAssemblyReference
1>                    ResolvedFrom={RawFileName}
1>                    Version=
1>            C:\Users\hansnguyen\.nuget\packages\microsoft.windowsdesktop.app.ref\3.0.0\ref\netcoreapp3.0\PresentationFramework.dll
1>                    AssemblyVersion=4.0.0.0
1>                    CopyLocal=false
1>                    ExternallyResolved=true
1>                    FileVersion=4.800.19.46214
1>                    FrameworkReferenceName=Microsoft.WindowsDesktop.App.WPF
1>                    FrameworkReferenceVersion=3.0.0
1>                    FusionName=PresentationFramework, Version=4.0.0.0, Culture=neutral, PublicKeyToken=31bf3856ad364e35
1>                    ImageRuntime=v4.0.30319
1>                    NuGetPackageId=Microsoft.WindowsDesktop.App.Ref
1>                    NuGetPackageVersion=3.0.0
1>                    OriginalItemSpec=C:\Users\hansnguyen\.nuget\packages\microsoft.windowsdesktop.app.ref\3.0.0\ref\netcoreapp3.0\PresentationFramework.dll
1>                    Private=false
1>                    PublicKeyToken=31bf3856ad364e35
1>                    ReferenceSourceTarget=ResolveAssemblyReference
1>                    ResolvedFrom={RawFileName}
1>                    Version=
1>            C:\Users\hansnguyen\.nuget\packages\microsoft.windowsdesktop.app.ref\3.0.0\ref\netcoreapp3.0\PresentationFramework.Luna.dll
1>                    AssemblyVersion=4.0.0.0
1>                    CopyLocal=false
1>                    ExternallyResolved=true
1>                    FileVersion=4.800.19.46214
1>                    FrameworkReferenceName=Microsoft.WindowsDesktop.App.WPF
1>                    FrameworkReferenceVersion=3.0.0
1>                    FusionName=PresentationFramework.Luna, Version=4.0.0.0, Culture=neutral, PublicKeyToken=31bf3856ad364e35
1>                    ImageRuntime=v4.0.30319
1>                    NuGetPackageId=Microsoft.WindowsDesktop.App.Ref
1>                    NuGetPackageVersion=3.0.0
1>                    OriginalItemSpec=C:\Users\hansnguyen\.nuget\packages\microsoft.windowsdesktop.app.ref\3.0.0\ref\netcoreapp3.0\PresentationFramework.Luna.dll
1>                    Private=false
1>                    PublicKeyToken=31bf3856ad364e35
1>                    ReferenceSourceTarget=ResolveAssemblyReference
1>                    ResolvedFrom={RawFileName}
1>                    Version=
1>            C:\Users\hansnguyen\.nuget\packages\microsoft.windowsdesktop.app.ref\3.0.0\ref\netcoreapp3.0\PresentationFramework.Royale.dll
1>                    AssemblyVersion=4.0.0.0
1>                    CopyLocal=false
1>                    ExternallyResolved=true
1>                    FileVersion=4.800.19.46214
1>                    FrameworkReferenceName=Microsoft.WindowsDesktop.App.WPF
1>                    FrameworkReferenceVersion=3.0.0
1>                    FusionName=PresentationFramework.Royale, Version=4.0.0.0, Culture=neutral, PublicKeyToken=31bf3856ad364e35
1>                    ImageRuntime=v4.0.30319
1>                    NuGetPackageId=Microsoft.WindowsDesktop.App.Ref
1>                    NuGetPackageVersion=3.0.0
1>                    OriginalItemSpec=C:\Users\hansnguyen\.nuget\packages\microsoft.windowsdesktop.app.ref\3.0.0\ref\netcoreapp3.0\PresentationFramework.Royale.dll
1>                    Private=false
1>                    PublicKeyToken=31bf3856ad364e35
1>                    ReferenceSourceTarget=ResolveAssemblyReference
1>                    ResolvedFrom={RawFileName}
1>                    Version=
1>            C:\Users\hansnguyen\.nuget\packages\microsoft.windowsdesktop.app.ref\3.0.0\ref\netcoreapp3.0\PresentationUI.dll
1>                    AssemblyVersion=4.0.0.0
1>                    CopyLocal=false
1>                    ExternallyResolved=true
1>                    FileVersion=4.800.19.46214
1>                    FrameworkReferenceName=Microsoft.WindowsDesktop.App.WPF
1>                    FrameworkReferenceVersion=3.0.0
1>                    FusionName=PresentationUI, Version=4.0.0.0, Culture=neutral, PublicKeyToken=b77a5c561934e089
1>                    ImageRuntime=v4.0.30319
1>                    NuGetPackageId=Microsoft.WindowsDesktop.App.Ref
1>                    NuGetPackageVersion=3.0.0
1>                    OriginalItemSpec=C:\Users\hansnguyen\.nuget\packages\microsoft.windowsdesktop.app.ref\3.0.0\ref\netcoreapp3.0\PresentationUI.dll
1>                    Private=false
1>                    PublicKeyToken=b77a5c561934e089
1>                    ReferenceSourceTarget=ResolveAssemblyReference
1>                    ResolvedFrom={RawFileName}
1>                    Version=
1>            C:\Users\hansnguyen\.nuget\packages\microsoft.windowsdesktop.app.ref\3.0.0\ref\netcoreapp3.0\ReachFramework.dll
1>                    AssemblyVersion=4.0.0.0
1>                    CopyLocal=false
1>                    ExternallyResolved=true
1>                    FileVersion=4.800.19.46214
1>                    FrameworkReferenceName=Microsoft.WindowsDesktop.App.WPF
1>                    FrameworkReferenceVersion=3.0.0
1>                    FusionName=ReachFramework, Version=4.0.0.0, Culture=neutral, PublicKeyToken=31bf3856ad364e35
1>                    ImageRuntime=v4.0.30319
1>                    NuGetPackageId=Microsoft.WindowsDesktop.App.Ref
1>                    NuGetPackageVersion=3.0.0
1>                    OriginalItemSpec=C:\Users\hansnguyen\.nuget\packages\microsoft.windowsdesktop.app.ref\3.0.0\ref\netcoreapp3.0\ReachFramework.dll
1>                    Private=false
1>                    PublicKeyToken=31bf3856ad364e35
1>                    ReferenceSourceTarget=ResolveAssemblyReference
1>                    ResolvedFrom={RawFileName}
1>                    Version=
1>            C:\Users\hansnguyen\.nuget\packages\microsoft.netcore.app.ref\3.0.0\ref\netcoreapp3.0\System.AppContext.dll
1>                    AssemblyVersion=4.2.1.0
1>                    CopyLocal=false
1>                    ExternallyResolved=true
1>                    FileVersion=4.700.19.46214
1>                    FrameworkReferenceName=Microsoft.NETCore.App
1>                    FrameworkReferenceVersion=3.0.0
1>                    FusionName=System.AppContext, Version=4.2.1.0, Culture=neutral, PublicKeyToken=b03f5f7f11d50a3a
1>                    ImageRuntime=v4.0.30319
1>                    NuGetPackageId=Microsoft.NETCore.App.Ref
1>                    NuGetPackageVersion=3.0.0
1>                    OriginalItemSpec=C:\Users\hansnguyen\.nuget\packages\microsoft.netcore.app.ref\3.0.0\ref\netcoreapp3.0\System.AppContext.dll
1>                    Private=false
1>                    PublicKeyToken=b03f5f7f11d50a3a
1>                    ReferenceSourceTarget=ResolveAssemblyReference
1>                    ResolvedFrom={RawFileName}
1>                    Version=
1>            C:\Users\hansnguyen\.nuget\packages\microsoft.netcore.app.ref\3.0.0\ref\netcoreapp3.0\System.Buffers.dll
1>                    AssemblyVersion=4.0.2.0
1>                    CopyLocal=false
1>                    ExternallyResolved=true
1>                    FileVersion=4.700.19.46214
1>                    FrameworkReferenceName=Microsoft.NETCore.App
1>                    FrameworkReferenceVersion=3.0.0
1>                    FusionName=System.Buffers, Version=4.0.2.0, Culture=neutral, PublicKeyToken=cc7b13ffcd2ddd51
1>                    ImageRuntime=v4.0.30319
1>                    NuGetPackageId=Microsoft.NETCore.App.Ref
1>                    NuGetPackageVersion=3.0.0
1>                    OriginalItemSpec=C:\Users\hansnguyen\.nuget\packages\microsoft.netcore.app.ref\3.0.0\ref\netcoreapp3.0\System.Buffers.dll
1>                    Private=false
1>                    PublicKeyToken=cc7b13ffcd2ddd51
1>                    ReferenceSourceTarget=ResolveAssemblyReference
1>                    ResolvedFrom={RawFileName}
1>                    Version=
1>            C:\Users\hansnguyen\.nuget\packages\microsoft.windowsdesktop.app.ref\3.0.0\ref\netcoreapp3.0\System.CodeDom.dll
1>                    AssemblyVersion=4.0.2.0
1>                    CopyLocal=false
1>                    ExternallyResolved=true
1>                    FileVersion=4.700.19.46214
1>                    FrameworkReferenceName=Microsoft.WindowsDesktop.App.WPF
1>                    FrameworkReferenceVersion=3.0.0
1>                    FusionName=System.CodeDom, Version=4.0.2.0, Culture=neutral, PublicKeyToken=cc7b13ffcd2ddd51
1>                    ImageRuntime=v4.0.30319
1>                    NuGetPackageId=Microsoft.WindowsDesktop.App.Ref
1>                    NuGetPackageVersion=3.0.0
1>                    OriginalItemSpec=C:\Users\hansnguyen\.nuget\packages\microsoft.windowsdesktop.app.ref\3.0.0\ref\netcoreapp3.0\System.CodeDom.dll
1>                    Private=false
1>                    PublicKeyToken=cc7b13ffcd2ddd51
1>                    ReferenceSourceTarget=ResolveAssemblyReference
1>                    ResolvedFrom={RawFileName}
1>                    Version=
1>            C:\Users\hansnguyen\.nuget\packages\microsoft.netcore.app.ref\3.0.0\ref\netcoreapp3.0\System.Collections.Concurrent.dll
1>                    AssemblyVersion=4.0.14.0
1>                    CopyLocal=false
1>                    ExternallyResolved=true
1>                    FileVersion=4.700.19.46214
1>                    FrameworkReferenceName=Microsoft.NETCore.App
1>                    FrameworkReferenceVersion=3.0.0
1>                    FusionName=System.Collections.Concurrent, Version=4.0.14.0, Culture=neutral, PublicKeyToken=b03f5f7f11d50a3a
1>                    ImageRuntime=v4.0.30319
1>                    NuGetPackageId=Microsoft.NETCore.App.Ref
1>                    NuGetPackageVersion=3.0.0
1>                    OriginalItemSpec=C:\Users\hansnguyen\.nuget\packages\microsoft.netcore.app.ref\3.0.0\ref\netcoreapp3.0\System.Collections.Concurrent.dll
1>                    Private=false
1>                    PublicKeyToken=b03f5f7f11d50a3a
1>                    ReferenceSourceTarget=ResolveAssemblyReference
1>                    ResolvedFrom={RawFileName}
1>                    Version=
1>            C:\Users\hansnguyen\.nuget\packages\microsoft.netcore.app.ref\3.0.0\ref\netcoreapp3.0\System.Collections.dll
1>                    AssemblyVersion=4.1.1.0
1>                    CopyLocal=false
1>                    ExternallyResolved=true
1>                    FileVersion=4.700.19.46214
1>                    FrameworkReferenceName=Microsoft.NETCore.App
1>                    FrameworkReferenceVersion=3.0.0
1>                    FusionName=System.Collections, Version=4.1.1.0, Culture=neutral, PublicKeyToken=b03f5f7f11d50a3a
1>                    ImageRuntime=v4.0.30319
1>                    NuGetPackageId=Microsoft.NETCore.App.Ref
1>                    NuGetPackageVersion=3.0.0
1>                    OriginalItemSpec=C:\Users\hansnguyen\.nuget\packages\microsoft.netcore.app.ref\3.0.0\ref\netcoreapp3.0\System.Collections.dll
1>                    Private=false
1>                    PublicKeyToken=b03f5f7f11d50a3a
1>                    ReferenceSourceTarget=ResolveAssemblyReference
1>                    ResolvedFrom={RawFileName}
1>                    Version=
1>            C:\Users\hansnguyen\.nuget\packages\microsoft.netcore.app.ref\3.0.0\ref\netcoreapp3.0\System.Collections.Immutable.dll
1>                    AssemblyVersion=1.2.4.0
1>                    CopyLocal=false
1>                    ExternallyResolved=true
1>                    FileVersion=4.700.19.46214
1>                    FrameworkReferenceName=Microsoft.NETCore.App
1>                    FrameworkReferenceVersion=3.0.0
1>                    FusionName=System.Collections.Immutable, Version=1.2.4.0, Culture=neutral, PublicKeyToken=b03f5f7f11d50a3a
1>                    ImageRuntime=v4.0.30319
1>                    NuGetPackageId=Microsoft.NETCore.App.Ref
1>                    NuGetPackageVersion=3.0.0
1>                    OriginalItemSpec=C:\Users\hansnguyen\.nuget\packages\microsoft.netcore.app.ref\3.0.0\ref\netcoreapp3.0\System.Collections.Immutable.dll
1>                    Private=false
1>                    PublicKeyToken=b03f5f7f11d50a3a
1>                    ReferenceSourceTarget=ResolveAssemblyReference
1>                    ResolvedFrom={RawFileName}
1>                    Version=
1>            C:\Users\hansnguyen\.nuget\packages\microsoft.netcore.app.ref\3.0.0\ref\netcoreapp3.0\System.Collections.NonGeneric.dll
1>                    AssemblyVersion=4.1.1.0
1>                    CopyLocal=false
1>                    ExternallyResolved=true
1>                    FileVersion=4.700.19.46214
1>                    FrameworkReferenceName=Microsoft.NETCore.App
1>                    FrameworkReferenceVersion=3.0.0
1>                    FusionName=System.Collections.NonGeneric, Version=4.1.1.0, Culture=neutral, PublicKeyToken=b03f5f7f11d50a3a
1>                    ImageRuntime=v4.0.30319
1>                    NuGetPackageId=Microsoft.NETCore.App.Ref
1>                    NuGetPackageVersion=3.0.0
1>                    OriginalItemSpec=C:\Users\hansnguyen\.nuget\packages\microsoft.netcore.app.ref\3.0.0\ref\netcoreapp3.0\System.Collections.NonGeneric.dll
1>                    Private=false
1>                    PublicKeyToken=b03f5f7f11d50a3a
1>                    ReferenceSourceTarget=ResolveAssemblyReference
1>                    ResolvedFrom={RawFileName}
1>                    Version=
1>            C:\Users\hansnguyen\.nuget\packages\microsoft.netcore.app.ref\3.0.0\ref\netcoreapp3.0\System.Collections.Specialized.dll
1>                    AssemblyVersion=4.1.1.0
1>                    CopyLocal=false
1>                    ExternallyResolved=true
1>                    FileVersion=4.700.19.46214
1>                    FrameworkReferenceName=Microsoft.NETCore.App
1>                    FrameworkReferenceVersion=3.0.0
1>                    FusionName=System.Collections.Specialized, Version=4.1.1.0, Culture=neutral, PublicKeyToken=b03f5f7f11d50a3a
1>                    ImageRuntime=v4.0.30319
1>                    NuGetPackageId=Microsoft.NETCore.App.Ref
1>                    NuGetPackageVersion=3.0.0
1>                    OriginalItemSpec=C:\Users\hansnguyen\.nuget\packages\microsoft.netcore.app.ref\3.0.0\ref\netcoreapp3.0\System.Collections.Specialized.dll
1>                    Private=false
1>                    PublicKeyToken=b03f5f7f11d50a3a
1>                    ReferenceSourceTarget=ResolveAssemblyReference
1>                    ResolvedFrom={RawFileName}
1>                    Version=
1>            C:\Users\hansnguyen\.nuget\packages\microsoft.netcore.app.ref\3.0.0\ref\netcoreapp3.0\System.ComponentModel.Annotations.dll
1>                    AssemblyVersion=4.3.0.0
1>                    CopyLocal=false
1>                    ExternallyResolved=true
1>                    FileVersion=4.700.19.46214
1>                    FrameworkReferenceName=Microsoft.NETCore.App
1>                    FrameworkReferenceVersion=3.0.0
1>                    FusionName=System.ComponentModel.Annotations, Version=4.3.0.0, Culture=neutral, PublicKeyToken=b03f5f7f11d50a3a
1>                    ImageRuntime=v4.0.30319
1>                    NuGetPackageId=Microsoft.NETCore.App.Ref
1>                    NuGetPackageVersion=3.0.0
1>                    OriginalItemSpec=C:\Users\hansnguyen\.nuget\packages\microsoft.netcore.app.ref\3.0.0\ref\netcoreapp3.0\System.ComponentModel.Annotations.dll
1>                    Private=false
1>                    PublicKeyToken=b03f5f7f11d50a3a
1>                    ReferenceSourceTarget=ResolveAssemblyReference
1>                    ResolvedFrom={RawFileName}
1>                    Version=
1>            C:\Users\hansnguyen\.nuget\packages\microsoft.netcore.app.ref\3.0.0\ref\netcoreapp3.0\System.ComponentModel.DataAnnotations.dll
1>                    AssemblyVersion=4.0.0.0
1>                    CopyLocal=false
1>                    ExternallyResolved=true
1>                    FileVersion=4.700.19.46214
1>                    FrameworkReferenceName=Microsoft.NETCore.App
1>                    FrameworkReferenceVersion=3.0.0
1>                    FusionName=System.ComponentModel.DataAnnotations, Version=4.0.0.0, Culture=neutral, PublicKeyToken=31bf3856ad364e35
1>                    ImageRuntime=v4.0.30319
1>                    NuGetPackageId=Microsoft.NETCore.App.Ref
1>                    NuGetPackageVersion=3.0.0
1>                    OriginalItemSpec=C:\Users\hansnguyen\.nuget\packages\microsoft.netcore.app.ref\3.0.0\ref\netcoreapp3.0\System.ComponentModel.DataAnnotations.dll
1>                    Private=false
1>                    PublicKeyToken=31bf3856ad364e35
1>                    ReferenceSourceTarget=ResolveAssemblyReference
1>                    ResolvedFrom={RawFileName}
1>                    Version=
1>            C:\Users\hansnguyen\.nuget\packages\microsoft.netcore.app.ref\3.0.0\ref\netcoreapp3.0\System.ComponentModel.dll
1>                    AssemblyVersion=4.0.3.0
1>                    CopyLocal=false
1>                    ExternallyResolved=true
1>                    FileVersion=4.700.19.46214
1>                    FrameworkReferenceName=Microsoft.NETCore.App
1>                    FrameworkReferenceVersion=3.0.0
1>                    FusionName=System.ComponentModel, Version=4.0.3.0, Culture=neutral, PublicKeyToken=b03f5f7f11d50a3a
1>                    ImageRuntime=v4.0.30319
1>                    NuGetPackageId=Microsoft.NETCore.App.Ref
1>                    NuGetPackageVersion=3.0.0
1>                    OriginalItemSpec=C:\Users\hansnguyen\.nuget\packages\microsoft.netcore.app.ref\3.0.0\ref\netcoreapp3.0\System.ComponentModel.dll
1>                    Private=false
1>                    PublicKeyToken=b03f5f7f11d50a3a
1>                    ReferenceSourceTarget=ResolveAssemblyReference
1>                    ResolvedFrom={RawFileName}
1>                    Version=
1>            C:\Users\hansnguyen\.nuget\packages\microsoft.netcore.app.ref\3.0.0\ref\netcoreapp3.0\System.ComponentModel.EventBasedAsync.dll
1>                    AssemblyVersion=4.1.1.0
1>                    CopyLocal=false
1>                    ExternallyResolved=true
1>                    FileVersion=4.700.19.46214
1>                    FrameworkReferenceName=Microsoft.NETCore.App
1>                    FrameworkReferenceVersion=3.0.0
1>                    FusionName=System.ComponentModel.EventBasedAsync, Version=4.1.1.0, Culture=neutral, PublicKeyToken=b03f5f7f11d50a3a
1>                    ImageRuntime=v4.0.30319
1>                    NuGetPackageId=Microsoft.NETCore.App.Ref
1>                    NuGetPackageVersion=3.0.0
1>                    OriginalItemSpec=C:\Users\hansnguyen\.nuget\packages\microsoft.netcore.app.ref\3.0.0\ref\netcoreapp3.0\System.ComponentModel.EventBasedAsync.dll
1>                    Private=false
1>                    PublicKeyToken=b03f5f7f11d50a3a
1>                    ReferenceSourceTarget=ResolveAssemblyReference
1>                    ResolvedFrom={RawFileName}
1>                    Version=
1>            C:\Users\hansnguyen\.nuget\packages\microsoft.netcore.app.ref\3.0.0\ref\netcoreapp3.0\System.ComponentModel.Primitives.dll
1>                    AssemblyVersion=4.2.1.0
1>                    CopyLocal=false
1>                    ExternallyResolved=true
1>                    FileVersion=4.700.19.46214
1>                    FrameworkReferenceName=Microsoft.NETCore.App
1>                    FrameworkReferenceVersion=3.0.0
1>                    FusionName=System.ComponentModel.Primitives, Version=4.2.1.0, Culture=neutral, PublicKeyToken=b03f5f7f11d50a3a
1>                    ImageRuntime=v4.0.30319
1>                    NuGetPackageId=Microsoft.NETCore.App.Ref
1>                    NuGetPackageVersion=3.0.0
1>                    OriginalItemSpec=C:\Users\hansnguyen\.nuget\packages\microsoft.netcore.app.ref\3.0.0\ref\netcoreapp3.0\System.ComponentModel.Primitives.dll
1>                    Private=false
1>                    PublicKeyToken=b03f5f7f11d50a3a
1>                    ReferenceSourceTarget=ResolveAssemblyReference
1>                    ResolvedFrom={RawFileName}
1>                    Version=
1>            C:\Users\hansnguyen\.nuget\packages\microsoft.netcore.app.ref\3.0.0\ref\netcoreapp3.0\System.ComponentModel.TypeConverter.dll
1>                    AssemblyVersion=4.2.1.0
1>                    CopyLocal=false
1>                    ExternallyResolved=true
1>                    FileVersion=4.700.19.46214
1>                    FrameworkReferenceName=Microsoft.NETCore.App
1>                    FrameworkReferenceVersion=3.0.0
1>                    FusionName=System.ComponentModel.TypeConverter, Version=4.2.1.0, Culture=neutral, PublicKeyToken=b03f5f7f11d50a3a
1>                    ImageRuntime=v4.0.30319
1>                    NuGetPackageId=Microsoft.NETCore.App.Ref
1>                    NuGetPackageVersion=3.0.0
1>                    OriginalItemSpec=C:\Users\hansnguyen\.nuget\packages\microsoft.netcore.app.ref\3.0.0\ref\netcoreapp3.0\System.ComponentModel.TypeConverter.dll
1>                    Private=false
1>                    PublicKeyToken=b03f5f7f11d50a3a
1>                    ReferenceSourceTarget=ResolveAssemblyReference
1>                    ResolvedFrom={RawFileName}
1>                    Version=
1>            C:\Users\hansnguyen\.nuget\packages\microsoft.windowsdesktop.app.ref\3.0.0\ref\netcoreapp3.0\System.Configuration.ConfigurationManager.dll
1>                    AssemblyVersion=4.0.2.0
1>                    CopyLocal=false
1>                    ExternallyResolved=true
1>                    FileVersion=4.700.19.46214
1>                    FrameworkReferenceName=Microsoft.WindowsDesktop.App.WPF
1>                    FrameworkReferenceVersion=3.0.0
1>                    FusionName=System.Configuration.ConfigurationManager, Version=4.0.2.0, Culture=neutral, PublicKeyToken=cc7b13ffcd2ddd51
1>                    ImageRuntime=v4.0.30319
1>                    NuGetPackageId=Microsoft.WindowsDesktop.App.Ref
1>                    NuGetPackageVersion=3.0.0
1>                    OriginalItemSpec=C:\Users\hansnguyen\.nuget\packages\microsoft.windowsdesktop.app.ref\3.0.0\ref\netcoreapp3.0\System.Configuration.ConfigurationManager.dll
1>                    Private=false
1>                    PublicKeyToken=cc7b13ffcd2ddd51
1>                    ReferenceSourceTarget=ResolveAssemblyReference
1>                    ResolvedFrom={RawFileName}
1>                    Version=
1>            C:\Users\hansnguyen\.nuget\packages\microsoft.netcore.app.ref\3.0.0\ref\netcoreapp3.0\System.Configuration.dll
1>                    AssemblyVersion=4.0.0.0
1>                    CopyLocal=false
1>                    ExternallyResolved=true
1>                    FileVersion=4.700.19.46214
1>                    FrameworkReferenceName=Microsoft.NETCore.App
1>                    FrameworkReferenceVersion=3.0.0
1>                    FusionName=System.Configuration, Version=4.0.0.0, Culture=neutral, PublicKeyToken=b03f5f7f11d50a3a
1>                    ImageRuntime=v4.0.30319
1>                    NuGetPackageId=Microsoft.NETCore.App.Ref
1>                    NuGetPackageVersion=3.0.0
1>                    OriginalItemSpec=C:\Users\hansnguyen\.nuget\packages\microsoft.netcore.app.ref\3.0.0\ref\netcoreapp3.0\System.Configuration.dll
1>                    Private=false
1>                    PublicKeyToken=b03f5f7f11d50a3a
1>                    ReferenceSourceTarget=ResolveAssemblyReference
1>                    ResolvedFrom={RawFileName}
1>                    Version=
1>            C:\Users\hansnguyen\.nuget\packages\microsoft.netcore.app.ref\3.0.0\ref\netcoreapp3.0\System.Console.dll
1>                    AssemblyVersion=4.1.1.0
1>                    CopyLocal=false
1>                    ExternallyResolved=true
1>                    FileVersion=4.700.19.46214
1>                    FrameworkReferenceName=Microsoft.NETCore.App
1>                    FrameworkReferenceVersion=3.0.0
1>                    FusionName=System.Console, Version=4.1.1.0, Culture=neutral, PublicKeyToken=b03f5f7f11d50a3a
1>                    ImageRuntime=v4.0.30319
1>                    NuGetPackageId=Microsoft.NETCore.App.Ref
1>                    NuGetPackageVersion=3.0.0
1>                    OriginalItemSpec=C:\Users\hansnguyen\.nuget\packages\microsoft.netcore.app.ref\3.0.0\ref\netcoreapp3.0\System.Console.dll
1>                    Private=false
1>                    PublicKeyToken=b03f5f7f11d50a3a
1>                    ReferenceSourceTarget=ResolveAssemblyReference
1>                    ResolvedFrom={RawFileName}
1>                    Version=
1>            C:\Users\hansnguyen\.nuget\packages\microsoft.netcore.app.ref\3.0.0\ref\netcoreapp3.0\System.Core.dll
1>                    AssemblyVersion=4.0.0.0
1>                    CopyLocal=false
1>                    ExternallyResolved=true
1>                    FileVersion=4.700.19.46214
1>                    FrameworkReferenceName=Microsoft.NETCore.App
1>                    FrameworkReferenceVersion=3.0.0
1>                    FusionName=System.Core, Version=4.0.0.0, Culture=neutral, PublicKeyToken=b77a5c561934e089
1>                    ImageRuntime=v4.0.30319
1>                    NuGetPackageId=Microsoft.NETCore.App.Ref
1>                    NuGetPackageVersion=3.0.0
1>                    OriginalItemSpec=C:\Users\hansnguyen\.nuget\packages\microsoft.netcore.app.ref\3.0.0\ref\netcoreapp3.0\System.Core.dll
1>                    Private=false
1>                    PublicKeyToken=b77a5c561934e089
1>                    ReferenceSourceTarget=ResolveAssemblyReference
1>                    ResolvedFrom={RawFileName}
1>                    Version=
1>            C:\Users\hansnguyen\.nuget\packages\microsoft.netcore.app.ref\3.0.0\ref\netcoreapp3.0\System.Data.Common.dll
1>                    AssemblyVersion=4.2.1.0
1>                    CopyLocal=false
1>                    ExternallyResolved=true
1>                    FileVersion=4.700.19.46214
1>                    FrameworkReferenceName=Microsoft.NETCore.App
1>                    FrameworkReferenceVersion=3.0.0
1>                    FusionName=System.Data.Common, Version=4.2.1.0, Culture=neutral, PublicKeyToken=b03f5f7f11d50a3a
1>                    ImageRuntime=v4.0.30319
1>                    NuGetPackageId=Microsoft.NETCore.App.Ref
1>                    NuGetPackageVersion=3.0.0
1>                    OriginalItemSpec=C:\Users\hansnguyen\.nuget\packages\microsoft.netcore.app.ref\3.0.0\ref\netcoreapp3.0\System.Data.Common.dll
1>                    Private=false
1>                    PublicKeyToken=b03f5f7f11d50a3a
1>                    ReferenceSourceTarget=ResolveAssemblyReference
1>                    ResolvedFrom={RawFileName}
1>                    Version=
1>            C:\Users\hansnguyen\.nuget\packages\microsoft.netcore.app.ref\3.0.0\ref\netcoreapp3.0\System.Data.DataSetExtensions.dll
1>                    AssemblyVersion=4.0.0.0
1>                    CopyLocal=false
1>                    ExternallyResolved=true
1>                    FileVersion=4.700.19.46214
1>                    FrameworkReferenceName=Microsoft.NETCore.App
1>                    FrameworkReferenceVersion=3.0.0
1>                    FusionName=System.Data.DataSetExtensions, Version=4.0.0.0, Culture=neutral, PublicKeyToken=b77a5c561934e089
1>                    ImageRuntime=v4.0.30319
1>                    NuGetPackageId=Microsoft.NETCore.App.Ref
1>                    NuGetPackageVersion=3.0.0
1>                    OriginalItemSpec=C:\Users\hansnguyen\.nuget\packages\microsoft.netcore.app.ref\3.0.0\ref\netcoreapp3.0\System.Data.DataSetExtensions.dll
1>                    Private=false
1>                    PublicKeyToken=b77a5c561934e089
1>                    ReferenceSourceTarget=ResolveAssemblyReference
1>                    ResolvedFrom={RawFileName}
1>                    Version=
1>            C:\Users\hansnguyen\.nuget\packages\microsoft.netcore.app.ref\3.0.0\ref\netcoreapp3.0\System.Data.dll
1>                    AssemblyVersion=4.0.0.0
1>                    CopyLocal=false
1>                    ExternallyResolved=true
1>                    FileVersion=4.700.19.46214
1>                    FrameworkReferenceName=Microsoft.NETCore.App
1>                    FrameworkReferenceVersion=3.0.0
1>                    FusionName=System.Data, Version=4.0.0.0, Culture=neutral, PublicKeyToken=b77a5c561934e089
1>                    ImageRuntime=v4.0.30319
1>                    NuGetPackageId=Microsoft.NETCore.App.Ref
1>                    NuGetPackageVersion=3.0.0
1>                    OriginalItemSpec=C:\Users\hansnguyen\.nuget\packages\microsoft.netcore.app.ref\3.0.0\ref\netcoreapp3.0\System.Data.dll
1>                    Private=false
1>                    PublicKeyToken=b77a5c561934e089
1>                    ReferenceSourceTarget=ResolveAssemblyReference
1>                    ResolvedFrom={RawFileName}
1>                    Version=
1>            C:\Users\hansnguyen\.nuget\packages\microsoft.netcore.app.ref\3.0.0\ref\netcoreapp3.0\System.Diagnostics.Contracts.dll
1>                    AssemblyVersion=4.0.3.0
1>                    CopyLocal=false
1>                    ExternallyResolved=true
1>                    FileVersion=4.700.19.46214
1>                    FrameworkReferenceName=Microsoft.NETCore.App
1>                    FrameworkReferenceVersion=3.0.0
1>                    FusionName=System.Diagnostics.Contracts, Version=4.0.3.0, Culture=neutral, PublicKeyToken=b03f5f7f11d50a3a
1>                    ImageRuntime=v4.0.30319
1>                    NuGetPackageId=Microsoft.NETCore.App.Ref
1>                    NuGetPackageVersion=3.0.0
1>                    OriginalItemSpec=C:\Users\hansnguyen\.nuget\packages\microsoft.netcore.app.ref\3.0.0\ref\netcoreapp3.0\System.Diagnostics.Contracts.dll
1>                    Private=false
1>                    PublicKeyToken=b03f5f7f11d50a3a
1>                    ReferenceSourceTarget=ResolveAssemblyReference
1>                    ResolvedFrom={RawFileName}
1>                    Version=
1>            C:\Users\hansnguyen\.nuget\packages\microsoft.netcore.app.ref\3.0.0\ref\netcoreapp3.0\System.Diagnostics.Debug.dll
1>                    AssemblyVersion=4.1.1.0
1>                    CopyLocal=false
1>                    ExternallyResolved=true
1>                    FileVersion=4.700.19.46214
1>                    FrameworkReferenceName=Microsoft.NETCore.App
1>                    FrameworkReferenceVersion=3.0.0
1>                    FusionName=System.Diagnostics.Debug, Version=4.1.1.0, Culture=neutral, PublicKeyToken=b03f5f7f11d50a3a
1>                    ImageRuntime=v4.0.30319
1>                    NuGetPackageId=Microsoft.NETCore.App.Ref
1>                    NuGetPackageVersion=3.0.0
1>                    OriginalItemSpec=C:\Users\hansnguyen\.nuget\packages\microsoft.netcore.app.ref\3.0.0\ref\netcoreapp3.0\System.Diagnostics.Debug.dll
1>                    Private=false
1>                    PublicKeyToken=b03f5f7f11d50a3a
1>                    ReferenceSourceTarget=ResolveAssemblyReference
1>                    ResolvedFrom={RawFileName}
1>                    Version=
1>            C:\Users\hansnguyen\.nuget\packages\microsoft.netcore.app.ref\3.0.0\ref\netcoreapp3.0\System.Diagnostics.DiagnosticSource.dll
1>                    AssemblyVersion=4.0.4.0
1>                    CopyLocal=false
1>                    ExternallyResolved=true
1>                    FileVersion=4.700.19.46214
1>                    FrameworkReferenceName=Microsoft.NETCore.App
1>                    FrameworkReferenceVersion=3.0.0
1>                    FusionName=System.Diagnostics.DiagnosticSource, Version=4.0.4.0, Culture=neutral, PublicKeyToken=cc7b13ffcd2ddd51
1>                    ImageRuntime=v4.0.30319
1>                    NuGetPackageId=Microsoft.NETCore.App.Ref
1>                    NuGetPackageVersion=3.0.0
1>                    OriginalItemSpec=C:\Users\hansnguyen\.nuget\packages\microsoft.netcore.app.ref\3.0.0\ref\netcoreapp3.0\System.Diagnostics.DiagnosticSource.dll
1>                    Private=false
1>                    PublicKeyToken=cc7b13ffcd2ddd51
1>                    ReferenceSourceTarget=ResolveAssemblyReference
1>                    ResolvedFrom={RawFileName}
1>                    Version=
1>            C:\Users\hansnguyen\.nuget\packages\microsoft.windowsdesktop.app.ref\3.0.0\ref\netcoreapp3.0\System.Diagnostics.EventLog.dll
1>                    AssemblyVersion=4.0.1.0
1>                    CopyLocal=false
1>                    ExternallyResolved=true
1>                    FileVersion=4.700.19.46214
1>                    FrameworkReferenceName=Microsoft.WindowsDesktop.App.WPF
1>                    FrameworkReferenceVersion=3.0.0
1>                    FusionName=System.Diagnostics.EventLog, Version=4.0.1.0, Culture=neutral, PublicKeyToken=cc7b13ffcd2ddd51
1>                    ImageRuntime=v4.0.30319
1>                    NuGetPackageId=Microsoft.WindowsDesktop.App.Ref
1>                    NuGetPackageVersion=3.0.0
1>                    OriginalItemSpec=C:\Users\hansnguyen\.nuget\packages\microsoft.windowsdesktop.app.ref\3.0.0\ref\netcoreapp3.0\System.Diagnostics.EventLog.dll
1>                    Private=false
1>                    PublicKeyToken=cc7b13ffcd2ddd51
1>                    ReferenceSourceTarget=ResolveAssemblyReference
1>                    ResolvedFrom={RawFileName}
1>                    Version=
1>            C:\Users\hansnguyen\.nuget\packages\microsoft.netcore.app.ref\3.0.0\ref\netcoreapp3.0\System.Diagnostics.FileVersionInfo.dll
1>                    AssemblyVersion=4.0.3.0
1>                    CopyLocal=false
1>                    ExternallyResolved=true
1>                    FileVersion=4.700.19.46214
1>                    FrameworkReferenceName=Microsoft.NETCore.App
1>                    FrameworkReferenceVersion=3.0.0
1>                    FusionName=System.Diagnostics.FileVersionInfo, Version=4.0.3.0, Culture=neutral, PublicKeyToken=b03f5f7f11d50a3a
1>                    ImageRuntime=v4.0.30319
1>                    NuGetPackageId=Microsoft.NETCore.App.Ref
1>                    NuGetPackageVersion=3.0.0
1>                    OriginalItemSpec=C:\Users\hansnguyen\.nuget\packages\microsoft.netcore.app.ref\3.0.0\ref\netcoreapp3.0\System.Diagnostics.FileVersionInfo.dll
1>                    Private=false
1>                    PublicKeyToken=b03f5f7f11d50a3a
1>                    ReferenceSourceTarget=ResolveAssemblyReference
1>                    ResolvedFrom={RawFileName}
1>                    Version=
1>            C:\Users\hansnguyen\.nuget\packages\microsoft.windowsdesktop.app.ref\3.0.0\ref\netcoreapp3.0\System.Diagnostics.PerformanceCounter.dll
1>                    AssemblyVersion=4.0.1.0
1>                    CopyLocal=false
1>                    ExternallyResolved=true
1>                    FileVersion=4.700.19.37515
1>                    FrameworkReferenceName=Microsoft.WindowsDesktop.App.WPF
1>                    FrameworkReferenceVersion=3.0.0
1>                    FusionName=System.Diagnostics.PerformanceCounter, Version=4.0.1.0, Culture=neutral, PublicKeyToken=cc7b13ffcd2ddd51
1>                    ImageRuntime=v4.0.30319
1>                    NuGetPackageId=Microsoft.WindowsDesktop.App.Ref
1>                    NuGetPackageVersion=3.0.0
1>                    OriginalItemSpec=C:\Users\hansnguyen\.nuget\packages\microsoft.windowsdesktop.app.ref\3.0.0\ref\netcoreapp3.0\System.Diagnostics.PerformanceCounter.dll
1>                    Private=false
1>                    PublicKeyToken=cc7b13ffcd2ddd51
1>                    ReferenceSourceTarget=ResolveAssemblyReference
1>                    ResolvedFrom={RawFileName}
1>                    Version=
1>            C:\Users\hansnguyen\.nuget\packages\microsoft.netcore.app.ref\3.0.0\ref\netcoreapp3.0\System.Diagnostics.Process.dll
1>                    AssemblyVersion=4.2.1.0
1>                    CopyLocal=false
1>                    ExternallyResolved=true
1>                    FileVersion=4.700.19.46214
1>                    FrameworkReferenceName=Microsoft.NETCore.App
1>                    FrameworkReferenceVersion=3.0.0
1>                    FusionName=System.Diagnostics.Process, Version=4.2.1.0, Culture=neutral, PublicKeyToken=b03f5f7f11d50a3a
1>                    ImageRuntime=v4.0.30319
1>                    NuGetPackageId=Microsoft.NETCore.App.Ref
1>                    NuGetPackageVersion=3.0.0
1>                    OriginalItemSpec=C:\Users\hansnguyen\.nuget\packages\microsoft.netcore.app.ref\3.0.0\ref\netcoreapp3.0\System.Diagnostics.Process.dll
1>                    Private=false
1>                    PublicKeyToken=b03f5f7f11d50a3a
1>                    ReferenceSourceTarget=ResolveAssemblyReference
1>                    ResolvedFrom={RawFileName}
1>                    Version=
1>            C:\Users\hansnguyen\.nuget\packages\microsoft.netcore.app.ref\3.0.0\ref\netcoreapp3.0\System.Diagnostics.StackTrace.dll
1>                    AssemblyVersion=4.1.1.0
1>                    CopyLocal=false
1>                    ExternallyResolved=true
1>                    FileVersion=4.700.19.46214
1>                    FrameworkReferenceName=Microsoft.NETCore.App
1>                    FrameworkReferenceVersion=3.0.0
1>                    FusionName=System.Diagnostics.StackTrace, Version=4.1.1.0, Culture=neutral, PublicKeyToken=b03f5f7f11d50a3a
1>                    ImageRuntime=v4.0.30319
1>                    NuGetPackageId=Microsoft.NETCore.App.Ref
1>                    NuGetPackageVersion=3.0.0
1>                    OriginalItemSpec=C:\Users\hansnguyen\.nuget\packages\microsoft.netcore.app.ref\3.0.0\ref\netcoreapp3.0\System.Diagnostics.StackTrace.dll
1>                    Private=false
1>                    PublicKeyToken=b03f5f7f11d50a3a
1>                    ReferenceSourceTarget=ResolveAssemblyReference
1>                    ResolvedFrom={RawFileName}
1>                    Version=
1>            C:\Users\hansnguyen\.nuget\packages\microsoft.netcore.app.ref\3.0.0\ref\netcoreapp3.0\System.Diagnostics.TextWriterTraceListener.dll
1>                    AssemblyVersion=4.1.1.0
1>                    CopyLocal=false
1>                    ExternallyResolved=true
1>                    FileVersion=4.700.19.46214
1>                    FrameworkReferenceName=Microsoft.NETCore.App
1>                    FrameworkReferenceVersion=3.0.0
1>                    FusionName=System.Diagnostics.TextWriterTraceListener, Version=4.1.1.0, Culture=neutral, PublicKeyToken=b03f5f7f11d50a3a
1>                    ImageRuntime=v4.0.30319
1>                    NuGetPackageId=Microsoft.NETCore.App.Ref
1>                    NuGetPackageVersion=3.0.0
1>                    OriginalItemSpec=C:\Users\hansnguyen\.nuget\packages\microsoft.netcore.app.ref\3.0.0\ref\netcoreapp3.0\System.Diagnostics.TextWriterTraceListener.dll
1>                    Private=false
1>                    PublicKeyToken=b03f5f7f11d50a3a
1>                    ReferenceSourceTarget=ResolveAssemblyReference
1>                    ResolvedFrom={RawFileName}
1>                    Version=
1>            C:\Users\hansnguyen\.nuget\packages\microsoft.netcore.app.ref\3.0.0\ref\netcoreapp3.0\System.Diagnostics.Tools.dll
1>                    AssemblyVersion=4.1.1.0
1>                    CopyLocal=false
1>                    ExternallyResolved=true
1>                    FileVersion=4.700.19.46214
1>                    FrameworkReferenceName=Microsoft.NETCore.App
1>                    FrameworkReferenceVersion=3.0.0
1>                    FusionName=System.Diagnostics.Tools, Version=4.1.1.0, Culture=neutral, PublicKeyToken=b03f5f7f11d50a3a
1>                    ImageRuntime=v4.0.30319
1>                    NuGetPackageId=Microsoft.NETCore.App.Ref
1>                    NuGetPackageVersion=3.0.0
1>                    OriginalItemSpec=C:\Users\hansnguyen\.nuget\packages\microsoft.netcore.app.ref\3.0.0\ref\netcoreapp3.0\System.Diagnostics.Tools.dll
1>                    Private=false
1>                    PublicKeyToken=b03f5f7f11d50a3a
1>                    ReferenceSourceTarget=ResolveAssemblyReference
1>                    ResolvedFrom={RawFileName}
1>                    Version=
1>            C:\Users\hansnguyen\.nuget\packages\microsoft.netcore.app.ref\3.0.0\ref\netcoreapp3.0\System.Diagnostics.TraceSource.dll
1>                    AssemblyVersion=4.1.1.0
1>                    CopyLocal=false
1>                    ExternallyResolved=true
1>                    FileVersion=4.700.19.46214
1>                    FrameworkReferenceName=Microsoft.NETCore.App
1>                    FrameworkReferenceVersion=3.0.0
1>                    FusionName=System.Diagnostics.TraceSource, Version=4.1.1.0, Culture=neutral, PublicKeyToken=b03f5f7f11d50a3a
1>                    ImageRuntime=v4.0.30319
1>                    NuGetPackageId=Microsoft.NETCore.App.Ref
1>                    NuGetPackageVersion=3.0.0
1>                    OriginalItemSpec=C:\Users\hansnguyen\.nuget\packages\microsoft.netcore.app.ref\3.0.0\ref\netcoreapp3.0\System.Diagnostics.TraceSource.dll
1>                    Private=false
1>                    PublicKeyToken=b03f5f7f11d50a3a
1>                    ReferenceSourceTarget=ResolveAssemblyReference
1>                    ResolvedFrom={RawFileName}
1>                    Version=
1>            C:\Users\hansnguyen\.nuget\packages\microsoft.netcore.app.ref\3.0.0\ref\netcoreapp3.0\System.Diagnostics.Tracing.dll
1>                    AssemblyVersion=4.2.1.0
1>                    CopyLocal=false
1>                    ExternallyResolved=true
1>                    FileVersion=4.700.19.46214
1>                    FrameworkReferenceName=Microsoft.NETCore.App
1>                    FrameworkReferenceVersion=3.0.0
1>                    FusionName=System.Diagnostics.Tracing, Version=4.2.1.0, Culture=neutral, PublicKeyToken=b03f5f7f11d50a3a
1>                    ImageRuntime=v4.0.30319
1>                    NuGetPackageId=Microsoft.NETCore.App.Ref
1>                    NuGetPackageVersion=3.0.0
1>                    OriginalItemSpec=C:\Users\hansnguyen\.nuget\packages\microsoft.netcore.app.ref\3.0.0\ref\netcoreapp3.0\System.Diagnostics.Tracing.dll
1>                    Private=false
1>                    PublicKeyToken=b03f5f7f11d50a3a
1>                    ReferenceSourceTarget=ResolveAssemblyReference
1>                    ResolvedFrom={RawFileName}
1>                    Version=
1>            C:\Users\hansnguyen\.nuget\packages\microsoft.windowsdesktop.app.ref\3.0.0\ref\netcoreapp3.0\System.DirectoryServices.dll
1>                    AssemblyVersion=4.0.0.0
1>                    CopyLocal=false
1>                    ExternallyResolved=true
1>                    FileVersion=4.700.19.46214
1>                    FrameworkReferenceName=Microsoft.WindowsDesktop.App.WPF
1>                    FrameworkReferenceVersion=3.0.0
1>                    FusionName=System.DirectoryServices, Version=4.0.0.0, Culture=neutral, PublicKeyToken=b03f5f7f11d50a3a
1>                    ImageRuntime=v4.0.30319
1>                    NuGetPackageId=Microsoft.WindowsDesktop.App.Ref
1>                    NuGetPackageVersion=3.0.0
1>                    OriginalItemSpec=C:\Users\hansnguyen\.nuget\packages\microsoft.windowsdesktop.app.ref\3.0.0\ref\netcoreapp3.0\System.DirectoryServices.dll
1>                    Private=false
1>                    PublicKeyToken=b03f5f7f11d50a3a
1>                    ReferenceSourceTarget=ResolveAssemblyReference
1>                    ResolvedFrom={RawFileName}
1>                    Version=
1>            C:\Users\hansnguyen\.nuget\packages\microsoft.netcore.app.ref\3.0.0\ref\netcoreapp3.0\System.dll
1>                    AssemblyVersion=4.0.0.0
1>                    CopyLocal=false
1>                    ExternallyResolved=true
1>                    FileVersion=4.700.19.46214
1>                    FrameworkReferenceName=Microsoft.NETCore.App
1>                    FrameworkReferenceVersion=3.0.0
1>                    FusionName=System, Version=4.0.0.0, Culture=neutral, PublicKeyToken=b77a5c561934e089
1>                    ImageRuntime=v4.0.30319
1>                    NuGetPackageId=Microsoft.NETCore.App.Ref
1>                    NuGetPackageVersion=3.0.0
1>                    OriginalItemSpec=C:\Users\hansnguyen\.nuget\packages\microsoft.netcore.app.ref\3.0.0\ref\netcoreapp3.0\System.dll
1>                    Private=false
1>                    PublicKeyToken=b77a5c561934e089
1>                    ReferenceSourceTarget=ResolveAssemblyReference
1>                    ResolvedFrom={RawFileName}
1>                    Version=
1>            C:\Users\hansnguyen\.nuget\packages\microsoft.netcore.app.ref\3.0.0\ref\netcoreapp3.0\System.Drawing.dll
1>                    AssemblyVersion=4.0.0.0
1>                    CopyLocal=false
1>                    ExternallyResolved=true
1>                    FileVersion=4.700.19.46214
1>                    FrameworkReferenceName=Microsoft.NETCore.App
1>                    FrameworkReferenceVersion=3.0.0
1>                    FusionName=System.Drawing, Version=4.0.0.0, Culture=neutral, PublicKeyToken=b03f5f7f11d50a3a
1>                    ImageRuntime=v4.0.30319
1>                    NuGetPackageId=Microsoft.NETCore.App.Ref
1>                    NuGetPackageVersion=3.0.0
1>                    OriginalItemSpec=C:\Users\hansnguyen\.nuget\packages\microsoft.netcore.app.ref\3.0.0\ref\netcoreapp3.0\System.Drawing.dll
1>                    Private=false
1>                    PublicKeyToken=b03f5f7f11d50a3a
1>                    ReferenceSourceTarget=ResolveAssemblyReference
1>                    ResolvedFrom={RawFileName}
1>                    Version=
1>            C:\Users\hansnguyen\.nuget\packages\microsoft.netcore.app.ref\3.0.0\ref\netcoreapp3.0\System.Drawing.Primitives.dll
1>                    AssemblyVersion=4.2.0.0
1>                    CopyLocal=false
1>                    ExternallyResolved=true
1>                    FileVersion=4.700.19.46214
1>                    FrameworkReferenceName=Microsoft.NETCore.App
1>                    FrameworkReferenceVersion=3.0.0
1>                    FusionName=System.Drawing.Primitives, Version=4.2.0.0, Culture=neutral, PublicKeyToken=b03f5f7f11d50a3a
1>                    ImageRuntime=v4.0.30319
1>                    NuGetPackageId=Microsoft.NETCore.App.Ref
1>                    NuGetPackageVersion=3.0.0
1>                    OriginalItemSpec=C:\Users\hansnguyen\.nuget\packages\microsoft.netcore.app.ref\3.0.0\ref\netcoreapp3.0\System.Drawing.Primitives.dll
1>                    Private=false
1>                    PublicKeyToken=b03f5f7f11d50a3a
1>                    ReferenceSourceTarget=ResolveAssemblyReference
1>                    ResolvedFrom={RawFileName}
1>                    Version=
1>            C:\Users\hansnguyen\.nuget\packages\microsoft.netcore.app.ref\3.0.0\ref\netcoreapp3.0\System.Dynamic.Runtime.dll
1>                    AssemblyVersion=4.1.1.0
1>                    CopyLocal=false
1>                    ExternallyResolved=true
1>                    FileVersion=4.700.19.46214
1>                    FrameworkReferenceName=Microsoft.NETCore.App
1>                    FrameworkReferenceVersion=3.0.0
1>                    FusionName=System.Dynamic.Runtime, Version=4.1.1.0, Culture=neutral, PublicKeyToken=b03f5f7f11d50a3a
1>                    ImageRuntime=v4.0.30319
1>                    NuGetPackageId=Microsoft.NETCore.App.Ref
1>                    NuGetPackageVersion=3.0.0
1>                    OriginalItemSpec=C:\Users\hansnguyen\.nuget\packages\microsoft.netcore.app.ref\3.0.0\ref\netcoreapp3.0\System.Dynamic.Runtime.dll
1>                    Private=false
1>                    PublicKeyToken=b03f5f7f11d50a3a
1>                    ReferenceSourceTarget=ResolveAssemblyReference
1>                    ResolvedFrom={RawFileName}
1>                    Version=
1>            C:\Users\hansnguyen\.nuget\packages\microsoft.netcore.app.ref\3.0.0\ref\netcoreapp3.0\System.Globalization.Calendars.dll
1>                    AssemblyVersion=4.1.1.0
1>                    CopyLocal=false
1>                    ExternallyResolved=true
1>                    FileVersion=4.700.19.46214
1>                    FrameworkReferenceName=Microsoft.NETCore.App
1>                    FrameworkReferenceVersion=3.0.0
1>                    FusionName=System.Globalization.Calendars, Version=4.1.1.0, Culture=neutral, PublicKeyToken=b03f5f7f11d50a3a
1>                    ImageRuntime=v4.0.30319
1>                    NuGetPackageId=Microsoft.NETCore.App.Ref
1>                    NuGetPackageVersion=3.0.0
1>                    OriginalItemSpec=C:\Users\hansnguyen\.nuget\packages\microsoft.netcore.app.ref\3.0.0\ref\netcoreapp3.0\System.Globalization.Calendars.dll
1>                    Private=false
1>                    PublicKeyToken=b03f5f7f11d50a3a
1>                    ReferenceSourceTarget=ResolveAssemblyReference
1>                    ResolvedFrom={RawFileName}
1>                    Version=
1>            C:\Users\hansnguyen\.nuget\packages\microsoft.netcore.app.ref\3.0.0\ref\netcoreapp3.0\System.Globalization.dll
1>                    AssemblyVersion=4.1.1.0
1>                    CopyLocal=false
1>                    ExternallyResolved=true
1>                    FileVersion=4.700.19.46214
1>                    FrameworkReferenceName=Microsoft.NETCore.App
1>                    FrameworkReferenceVersion=3.0.0
1>                    FusionName=System.Globalization, Version=4.1.1.0, Culture=neutral, PublicKeyToken=b03f5f7f11d50a3a
1>                    ImageRuntime=v4.0.30319
1>                    NuGetPackageId=Microsoft.NETCore.App.Ref
1>                    NuGetPackageVersion=3.0.0
1>                    OriginalItemSpec=C:\Users\hansnguyen\.nuget\packages\microsoft.netcore.app.ref\3.0.0\ref\netcoreapp3.0\System.Globalization.dll
1>                    Private=false
1>                    PublicKeyToken=b03f5f7f11d50a3a
1>                    ReferenceSourceTarget=ResolveAssemblyReference
1>                    ResolvedFrom={RawFileName}
1>                    Version=
1>            C:\Users\hansnguyen\.nuget\packages\microsoft.netcore.app.ref\3.0.0\ref\netcoreapp3.0\System.Globalization.Extensions.dll
1>                    AssemblyVersion=4.1.1.0
1>                    CopyLocal=false
1>                    ExternallyResolved=true
1>                    FileVersion=4.700.19.46214
1>                    FrameworkReferenceName=Microsoft.NETCore.App
1>                    FrameworkReferenceVersion=3.0.0
1>                    FusionName=System.Globalization.Extensions, Version=4.1.1.0, Culture=neutral, PublicKeyToken=b03f5f7f11d50a3a
1>                    ImageRuntime=v4.0.30319
1>                    NuGetPackageId=Microsoft.NETCore.App.Ref
1>                    NuGetPackageVersion=3.0.0
1>                    OriginalItemSpec=C:\Users\hansnguyen\.nuget\packages\microsoft.netcore.app.ref\3.0.0\ref\netcoreapp3.0\System.Globalization.Extensions.dll
1>                    Private=false
1>                    PublicKeyToken=b03f5f7f11d50a3a
1>                    ReferenceSourceTarget=ResolveAssemblyReference
1>                    ResolvedFrom={RawFileName}
1>                    Version=
1>            C:\Users\hansnguyen\.nuget\packages\microsoft.netcore.app.ref\3.0.0\ref\netcoreapp3.0\System.IO.Compression.Brotli.dll
1>                    AssemblyVersion=4.2.1.0
1>                    CopyLocal=false
1>                    ExternallyResolved=true
1>                    FileVersion=4.700.19.46214
1>                    FrameworkReferenceName=Microsoft.NETCore.App
1>                    FrameworkReferenceVersion=3.0.0
1>                    FusionName=System.IO.Compression.Brotli, Version=4.2.1.0, Culture=neutral, PublicKeyToken=b77a5c561934e089
1>                    ImageRuntime=v4.0.30319
1>                    NuGetPackageId=Microsoft.NETCore.App.Ref
1>                    NuGetPackageVersion=3.0.0
1>                    OriginalItemSpec=C:\Users\hansnguyen\.nuget\packages\microsoft.netcore.app.ref\3.0.0\ref\netcoreapp3.0\System.IO.Compression.Brotli.dll
1>                    Private=false
1>                    PublicKeyToken=b77a5c561934e089
1>                    ReferenceSourceTarget=ResolveAssemblyReference
1>                    ResolvedFrom={RawFileName}
1>                    Version=
1>            C:\Users\hansnguyen\.nuget\packages\microsoft.netcore.app.ref\3.0.0\ref\netcoreapp3.0\System.IO.Compression.dll
1>                    AssemblyVersion=4.2.1.0
1>                    CopyLocal=false
1>                    ExternallyResolved=true
1>                    FileVersion=4.700.19.46214
1>                    FrameworkReferenceName=Microsoft.NETCore.App
1>                    FrameworkReferenceVersion=3.0.0
1>                    FusionName=System.IO.Compression, Version=4.2.1.0, Culture=neutral, PublicKeyToken=b77a5c561934e089
1>                    ImageRuntime=v4.0.30319
1>                    NuGetPackageId=Microsoft.NETCore.App.Ref
1>                    NuGetPackageVersion=3.0.0
1>                    OriginalItemSpec=C:\Users\hansnguyen\.nuget\packages\microsoft.netcore.app.ref\3.0.0\ref\netcoreapp3.0\System.IO.Compression.dll
1>                    Private=false
1>                    PublicKeyToken=b77a5c561934e089
1>                    ReferenceSourceTarget=ResolveAssemblyReference
1>                    ResolvedFrom={RawFileName}
1>                    Version=
1>            C:\Users\hansnguyen\.nuget\packages\microsoft.netcore.app.ref\3.0.0\ref\netcoreapp3.0\System.IO.Compression.FileSystem.dll
1>                    AssemblyVersion=4.0.0.0
1>                    CopyLocal=false
1>                    ExternallyResolved=true
1>                    FileVersion=4.700.19.46214
1>                    FrameworkReferenceName=Microsoft.NETCore.App
1>                    FrameworkReferenceVersion=3.0.0
1>                    FusionName=System.IO.Compression.FileSystem, Version=4.0.0.0, Culture=neutral, PublicKeyToken=b77a5c561934e089
1>                    ImageRuntime=v4.0.30319
1>                    NuGetPackageId=Microsoft.NETCore.App.Ref
1>                    NuGetPackageVersion=3.0.0
1>                    OriginalItemSpec=C:\Users\hansnguyen\.nuget\packages\microsoft.netcore.app.ref\3.0.0\ref\netcoreapp3.0\System.IO.Compression.FileSystem.dll
1>                    Private=false
1>                    PublicKeyToken=b77a5c561934e089
1>                    ReferenceSourceTarget=ResolveAssemblyReference
1>                    ResolvedFrom={RawFileName}
1>                    Version=
1>            C:\Users\hansnguyen\.nuget\packages\microsoft.netcore.app.ref\3.0.0\ref\netcoreapp3.0\System.IO.Compression.ZipFile.dll
1>                    AssemblyVersion=4.0.4.0
1>                    CopyLocal=false
1>                    ExternallyResolved=true
1>                    FileVersion=4.700.19.46214
1>                    FrameworkReferenceName=Microsoft.NETCore.App
1>                    FrameworkReferenceVersion=3.0.0
1>                    FusionName=System.IO.Compression.ZipFile, Version=4.0.4.0, Culture=neutral, PublicKeyToken=b77a5c561934e089
1>                    ImageRuntime=v4.0.30319
1>                    NuGetPackageId=Microsoft.NETCore.App.Ref
1>                    NuGetPackageVersion=3.0.0
1>                    OriginalItemSpec=C:\Users\hansnguyen\.nuget\packages\microsoft.netcore.app.ref\3.0.0\ref\netcoreapp3.0\System.IO.Compression.ZipFile.dll
1>                    Private=false
1>                    PublicKeyToken=b77a5c561934e089
1>                    ReferenceSourceTarget=ResolveAssemblyReference
1>                    ResolvedFrom={RawFileName}
1>                    Version=
1>            C:\Users\hansnguyen\.nuget\packages\microsoft.netcore.app.ref\3.0.0\ref\netcoreapp3.0\System.IO.dll
1>                    AssemblyVersion=4.2.1.0
1>                    CopyLocal=false
1>                    ExternallyResolved=true
1>                    FileVersion=4.700.19.46214
1>                    FrameworkReferenceName=Microsoft.NETCore.App
1>                    FrameworkReferenceVersion=3.0.0
1>                    FusionName=System.IO, Version=4.2.1.0, Culture=neutral, PublicKeyToken=b03f5f7f11d50a3a
1>                    ImageRuntime=v4.0.30319
1>                    NuGetPackageId=Microsoft.NETCore.App.Ref
1>                    NuGetPackageVersion=3.0.0
1>                    OriginalItemSpec=C:\Users\hansnguyen\.nuget\packages\microsoft.netcore.app.ref\3.0.0\ref\netcoreapp3.0\System.IO.dll
1>                    Private=false
1>                    PublicKeyToken=b03f5f7f11d50a3a
1>                    ReferenceSourceTarget=ResolveAssemblyReference
1>                    ResolvedFrom={RawFileName}
1>                    Version=
1>            C:\Users\hansnguyen\.nuget\packages\microsoft.windowsdesktop.app.ref\3.0.0\ref\netcoreapp3.0\System.IO.FileSystem.AccessControl.dll
1>                    AssemblyVersion=4.0.4.0
1>                    CopyLocal=false
1>                    ExternallyResolved=true
1>                    FileVersion=4.700.19.46214
1>                    FrameworkReferenceName=Microsoft.WindowsDesktop.App.WPF
1>                    FrameworkReferenceVersion=3.0.0
1>                    FusionName=System.IO.FileSystem.AccessControl, Version=4.0.4.0, Culture=neutral, PublicKeyToken=b03f5f7f11d50a3a
1>                    ImageRuntime=v4.0.30319
1>                    NuGetPackageId=Microsoft.WindowsDesktop.App.Ref
1>                    NuGetPackageVersion=3.0.0
1>                    OriginalItemSpec=C:\Users\hansnguyen\.nuget\packages\microsoft.windowsdesktop.app.ref\3.0.0\ref\netcoreapp3.0\System.IO.FileSystem.AccessControl.dll
1>                    Private=false
1>                    PublicKeyToken=b03f5f7f11d50a3a
1>                    ReferenceSourceTarget=ResolveAssemblyReference
1>                    ResolvedFrom={RawFileName}
1>                    Version=
1>            C:\Users\hansnguyen\.nuget\packages\microsoft.netcore.app.ref\3.0.0\ref\netcoreapp3.0\System.IO.FileSystem.dll
1>                    AssemblyVersion=4.1.1.0
1>                    CopyLocal=false
1>                    ExternallyResolved=true
1>                    FileVersion=4.700.19.46214
1>                    FrameworkReferenceName=Microsoft.NETCore.App
1>                    FrameworkReferenceVersion=3.0.0
1>                    FusionName=System.IO.FileSystem, Version=4.1.1.0, Culture=neutral, PublicKeyToken=b03f5f7f11d50a3a
1>                    ImageRuntime=v4.0.30319
1>                    NuGetPackageId=Microsoft.NETCore.App.Ref
1>                    NuGetPackageVersion=3.0.0
1>                    OriginalItemSpec=C:\Users\hansnguyen\.nuget\packages\microsoft.netcore.app.ref\3.0.0\ref\netcoreapp3.0\System.IO.FileSystem.dll
1>                    Private=false
1>                    PublicKeyToken=b03f5f7f11d50a3a
1>                    ReferenceSourceTarget=ResolveAssemblyReference
1>                    ResolvedFrom={RawFileName}
1>                    Version=
1>            C:\Users\hansnguyen\.nuget\packages\microsoft.netcore.app.ref\3.0.0\ref\netcoreapp3.0\System.IO.FileSystem.DriveInfo.dll
1>                    AssemblyVersion=4.1.1.0
1>                    CopyLocal=false
1>                    ExternallyResolved=true
1>                    FileVersion=4.700.19.46214
1>                    FrameworkReferenceName=Microsoft.NETCore.App
1>                    FrameworkReferenceVersion=3.0.0
1>                    FusionName=System.IO.FileSystem.DriveInfo, Version=4.1.1.0, Culture=neutral, PublicKeyToken=b03f5f7f11d50a3a
1>                    ImageRuntime=v4.0.30319
1>                    NuGetPackageId=Microsoft.NETCore.App.Ref
1>                    NuGetPackageVersion=3.0.0
1>                    OriginalItemSpec=C:\Users\hansnguyen\.nuget\packages\microsoft.netcore.app.ref\3.0.0\ref\netcoreapp3.0\System.IO.FileSystem.DriveInfo.dll
1>                    Private=false
1>                    PublicKeyToken=b03f5f7f11d50a3a
1>                    ReferenceSourceTarget=ResolveAssemblyReference
1>                    ResolvedFrom={RawFileName}
1>                    Version=
1>            C:\Users\hansnguyen\.nuget\packages\microsoft.netcore.app.ref\3.0.0\ref\netcoreapp3.0\System.IO.FileSystem.Primitives.dll
1>                    AssemblyVersion=4.1.1.0
1>                    CopyLocal=false
1>                    ExternallyResolved=true
1>                    FileVersion=4.700.19.46214
1>                    FrameworkReferenceName=Microsoft.NETCore.App
1>                    FrameworkReferenceVersion=3.0.0
1>                    FusionName=System.IO.FileSystem.Primitives, Version=4.1.1.0, Culture=neutral, PublicKeyToken=b03f5f7f11d50a3a
1>                    ImageRuntime=v4.0.30319
1>                    NuGetPackageId=Microsoft.NETCore.App.Ref
1>                    NuGetPackageVersion=3.0.0
1>                    OriginalItemSpec=C:\Users\hansnguyen\.nuget\packages\microsoft.netcore.app.ref\3.0.0\ref\netcoreapp3.0\System.IO.FileSystem.Primitives.dll
1>                    Private=false
1>                    PublicKeyToken=b03f5f7f11d50a3a
1>                    ReferenceSourceTarget=ResolveAssemblyReference
1>                    ResolvedFrom={RawFileName}
1>                    Version=
1>            C:\Users\hansnguyen\.nuget\packages\microsoft.netcore.app.ref\3.0.0\ref\netcoreapp3.0\System.IO.FileSystem.Watcher.dll
1>                    AssemblyVersion=4.1.1.0
1>                    CopyLocal=false
1>                    ExternallyResolved=true
1>                    FileVersion=4.700.19.46214
1>                    FrameworkReferenceName=Microsoft.NETCore.App
1>                    FrameworkReferenceVersion=3.0.0
1>                    FusionName=System.IO.FileSystem.Watcher, Version=4.1.1.0, Culture=neutral, PublicKeyToken=b03f5f7f11d50a3a
1>                    ImageRuntime=v4.0.30319
1>                    NuGetPackageId=Microsoft.NETCore.App.Ref
1>                    NuGetPackageVersion=3.0.0
1>                    OriginalItemSpec=C:\Users\hansnguyen\.nuget\packages\microsoft.netcore.app.ref\3.0.0\ref\netcoreapp3.0\System.IO.FileSystem.Watcher.dll
1>                    Private=false
1>                    PublicKeyToken=b03f5f7f11d50a3a
1>                    ReferenceSourceTarget=ResolveAssemblyReference
1>                    ResolvedFrom={RawFileName}
1>                    Version=
1>            C:\Users\hansnguyen\.nuget\packages\microsoft.netcore.app.ref\3.0.0\ref\netcoreapp3.0\System.IO.IsolatedStorage.dll
1>                    AssemblyVersion=4.1.1.0
1>                    CopyLocal=false
1>                    ExternallyResolved=true
1>                    FileVersion=4.700.19.46214
1>                    FrameworkReferenceName=Microsoft.NETCore.App
1>                    FrameworkReferenceVersion=3.0.0
1>                    FusionName=System.IO.IsolatedStorage, Version=4.1.1.0, Culture=neutral, PublicKeyToken=b03f5f7f11d50a3a
1>                    ImageRuntime=v4.0.30319
1>                    NuGetPackageId=Microsoft.NETCore.App.Ref
1>                    NuGetPackageVersion=3.0.0
1>                    OriginalItemSpec=C:\Users\hansnguyen\.nuget\packages\microsoft.netcore.app.ref\3.0.0\ref\netcoreapp3.0\System.IO.IsolatedStorage.dll
1>                    Private=false
1>                    PublicKeyToken=b03f5f7f11d50a3a
1>                    ReferenceSourceTarget=ResolveAssemblyReference
1>                    ResolvedFrom={RawFileName}
1>                    Version=
1>            C:\Users\hansnguyen\.nuget\packages\microsoft.netcore.app.ref\3.0.0\ref\netcoreapp3.0\System.IO.MemoryMappedFiles.dll
1>                    AssemblyVersion=4.1.1.0
1>                    CopyLocal=false
1>                    ExternallyResolved=true
1>                    FileVersion=4.700.19.46214
1>                    FrameworkReferenceName=Microsoft.NETCore.App
1>                    FrameworkReferenceVersion=3.0.0
1>                    FusionName=System.IO.MemoryMappedFiles, Version=4.1.1.0, Culture=neutral, PublicKeyToken=b03f5f7f11d50a3a
1>                    ImageRuntime=v4.0.30319
1>                    NuGetPackageId=Microsoft.NETCore.App.Ref
1>                    NuGetPackageVersion=3.0.0
1>                    OriginalItemSpec=C:\Users\hansnguyen\.nuget\packages\microsoft.netcore.app.ref\3.0.0\ref\netcoreapp3.0\System.IO.MemoryMappedFiles.dll
1>                    Private=false
1>                    PublicKeyToken=b03f5f7f11d50a3a
1>                    ReferenceSourceTarget=ResolveAssemblyReference
1>                    ResolvedFrom={RawFileName}
1>                    Version=
1>            C:\Users\hansnguyen\.nuget\packages\microsoft.windowsdesktop.app.ref\3.0.0\ref\netcoreapp3.0\System.IO.Packaging.dll
1>                    AssemblyVersion=4.0.4.0
1>                    CopyLocal=false
1>                    ExternallyResolved=true
1>                    FileVersion=4.700.19.46214
1>                    FrameworkReferenceName=Microsoft.WindowsDesktop.App.WPF
1>                    FrameworkReferenceVersion=3.0.0
1>                    FusionName=System.IO.Packaging, Version=4.0.4.0, Culture=neutral, PublicKeyToken=b03f5f7f11d50a3a
1>                    ImageRuntime=v4.0.30319
1>                    NuGetPackageId=Microsoft.WindowsDesktop.App.Ref
1>                    NuGetPackageVersion=3.0.0
1>                    OriginalItemSpec=C:\Users\hansnguyen\.nuget\packages\microsoft.windowsdesktop.app.ref\3.0.0\ref\netcoreapp3.0\System.IO.Packaging.dll
1>                    Private=false
1>                    PublicKeyToken=b03f5f7f11d50a3a
1>                    ReferenceSourceTarget=ResolveAssemblyReference
1>                    ResolvedFrom={RawFileName}
1>                    Version=
1>            C:\Users\hansnguyen\.nuget\packages\microsoft.windowsdesktop.app.ref\3.0.0\ref\netcoreapp3.0\System.IO.Pipes.AccessControl.dll
1>                    AssemblyVersion=4.0.3.0
1>                    CopyLocal=false
1>                    ExternallyResolved=true
1>                    FileVersion=4.6.26606.5
1>                    FrameworkReferenceName=Microsoft.WindowsDesktop.App.WPF
1>                    FrameworkReferenceVersion=3.0.0
1>                    FusionName=System.IO.Pipes.AccessControl, Version=4.0.3.0, Culture=neutral, PublicKeyToken=b03f5f7f11d50a3a
1>                    ImageRuntime=v4.0.30319
1>                    NuGetPackageId=Microsoft.WindowsDesktop.App.Ref
1>                    NuGetPackageVersion=3.0.0
1>                    OriginalItemSpec=C:\Users\hansnguyen\.nuget\packages\microsoft.windowsdesktop.app.ref\3.0.0\ref\netcoreapp3.0\System.IO.Pipes.AccessControl.dll
1>                    Private=false
1>                    PublicKeyToken=b03f5f7f11d50a3a
1>                    ReferenceSourceTarget=ResolveAssemblyReference
1>                    ResolvedFrom={RawFileName}
1>                    Version=
1>            C:\Users\hansnguyen\.nuget\packages\microsoft.netcore.app.ref\3.0.0\ref\netcoreapp3.0\System.IO.Pipes.dll
1>                    AssemblyVersion=4.1.1.0
1>                    CopyLocal=false
1>                    ExternallyResolved=true
1>                    FileVersion=4.700.19.46214
1>                    FrameworkReferenceName=Microsoft.NETCore.App
1>                    FrameworkReferenceVersion=3.0.0
1>                    FusionName=System.IO.Pipes, Version=4.1.1.0, Culture=neutral, PublicKeyToken=b03f5f7f11d50a3a
1>                    ImageRuntime=v4.0.30319
1>                    NuGetPackageId=Microsoft.NETCore.App.Ref
1>                    NuGetPackageVersion=3.0.0
1>                    OriginalItemSpec=C:\Users\hansnguyen\.nuget\packages\microsoft.netcore.app.ref\3.0.0\ref\netcoreapp3.0\System.IO.Pipes.dll
1>                    Private=false
1>                    PublicKeyToken=b03f5f7f11d50a3a
1>                    ReferenceSourceTarget=ResolveAssemblyReference
1>                    ResolvedFrom={RawFileName}
1>                    Version=
1>            C:\Users\hansnguyen\.nuget\packages\microsoft.netcore.app.ref\3.0.0\ref\netcoreapp3.0\System.IO.UnmanagedMemoryStream.dll
1>                    AssemblyVersion=4.1.1.0
1>                    CopyLocal=false
1>                    ExternallyResolved=true
1>                    FileVersion=4.700.19.46214
1>                    FrameworkReferenceName=Microsoft.NETCore.App
1>                    FrameworkReferenceVersion=3.0.0
1>                    FusionName=System.IO.UnmanagedMemoryStream, Version=4.1.1.0, Culture=neutral, PublicKeyToken=b03f5f7f11d50a3a
1>                    ImageRuntime=v4.0.30319
1>                    NuGetPackageId=Microsoft.NETCore.App.Ref
1>                    NuGetPackageVersion=3.0.0
1>                    OriginalItemSpec=C:\Users\hansnguyen\.nuget\packages\microsoft.netcore.app.ref\3.0.0\ref\netcoreapp3.0\System.IO.UnmanagedMemoryStream.dll
1>                    Private=false
1>                    PublicKeyToken=b03f5f7f11d50a3a
1>                    ReferenceSourceTarget=ResolveAssemblyReference
1>                    ResolvedFrom={RawFileName}
1>                    Version=
1>            C:\Users\hansnguyen\.nuget\packages\microsoft.netcore.app.ref\3.0.0\ref\netcoreapp3.0\System.Linq.dll
1>                    AssemblyVersion=4.2.1.0
1>                    CopyLocal=false
1>                    ExternallyResolved=true
1>                    FileVersion=4.700.19.46214
1>                    FrameworkReferenceName=Microsoft.NETCore.App
1>                    FrameworkReferenceVersion=3.0.0
1>                    FusionName=System.Linq, Version=4.2.1.0, Culture=neutral, PublicKeyToken=b03f5f7f11d50a3a
1>                    ImageRuntime=v4.0.30319
1>                    NuGetPackageId=Microsoft.NETCore.App.Ref
1>                    NuGetPackageVersion=3.0.0
1>                    OriginalItemSpec=C:\Users\hansnguyen\.nuget\packages\microsoft.netcore.app.ref\3.0.0\ref\netcoreapp3.0\System.Linq.dll
1>                    Private=false
1>                    PublicKeyToken=b03f5f7f11d50a3a
1>                    ReferenceSourceTarget=ResolveAssemblyReference
1>                    ResolvedFrom={RawFileName}
1>                    Version=
1>            C:\Users\hansnguyen\.nuget\packages\microsoft.netcore.app.ref\3.0.0\ref\netcoreapp3.0\System.Linq.Expressions.dll
1>                    AssemblyVersion=4.2.1.0
1>                    CopyLocal=false
1>                    ExternallyResolved=true
1>                    FileVersion=4.700.19.46214
1>                    FrameworkReferenceName=Microsoft.NETCore.App
1>                    FrameworkReferenceVersion=3.0.0
1>                    FusionName=System.Linq.Expressions, Version=4.2.1.0, Culture=neutral, PublicKeyToken=b03f5f7f11d50a3a
1>                    ImageRuntime=v4.0.30319
1>                    NuGetPackageId=Microsoft.NETCore.App.Ref
1>                    NuGetPackageVersion=3.0.0
1>                    OriginalItemSpec=C:\Users\hansnguyen\.nuget\packages\microsoft.netcore.app.ref\3.0.0\ref\netcoreapp3.0\System.Linq.Expressions.dll
1>                    Private=false
1>                    PublicKeyToken=b03f5f7f11d50a3a
1>                    ReferenceSourceTarget=ResolveAssemblyReference
1>                    ResolvedFrom={RawFileName}
1>                    Version=
1>            C:\Users\hansnguyen\.nuget\packages\microsoft.netcore.app.ref\3.0.0\ref\netcoreapp3.0\System.Linq.Parallel.dll
1>                    AssemblyVersion=4.0.3.0
1>                    CopyLocal=false
1>                    ExternallyResolved=true
1>                    FileVersion=4.700.19.46214
1>                    FrameworkReferenceName=Microsoft.NETCore.App
1>                    FrameworkReferenceVersion=3.0.0
1>                    FusionName=System.Linq.Parallel, Version=4.0.3.0, Culture=neutral, PublicKeyToken=b03f5f7f11d50a3a
1>                    ImageRuntime=v4.0.30319
1>                    NuGetPackageId=Microsoft.NETCore.App.Ref
1>                    NuGetPackageVersion=3.0.0
1>                    OriginalItemSpec=C:\Users\hansnguyen\.nuget\packages\microsoft.netcore.app.ref\3.0.0\ref\netcoreapp3.0\System.Linq.Parallel.dll
1>                    Private=false
1>                    PublicKeyToken=b03f5f7f11d50a3a
1>                    ReferenceSourceTarget=ResolveAssemblyReference
1>                    ResolvedFrom={RawFileName}
1>                    Version=
1>            C:\Users\hansnguyen\.nuget\packages\microsoft.netcore.app.ref\3.0.0\ref\netcoreapp3.0\System.Linq.Queryable.dll
1>                    AssemblyVersion=4.0.3.0
1>                    CopyLocal=false
1>                    ExternallyResolved=true
1>                    FileVersion=4.700.19.46214
1>                    FrameworkReferenceName=Microsoft.NETCore.App
1>                    FrameworkReferenceVersion=3.0.0
1>                    FusionName=System.Linq.Queryable, Version=4.0.3.0, Culture=neutral, PublicKeyToken=b03f5f7f11d50a3a
1>                    ImageRuntime=v4.0.30319
1>                    NuGetPackageId=Microsoft.NETCore.App.Ref
1>                    NuGetPackageVersion=3.0.0
1>                    OriginalItemSpec=C:\Users\hansnguyen\.nuget\packages\microsoft.netcore.app.ref\3.0.0\ref\netcoreapp3.0\System.Linq.Queryable.dll
1>                    Private=false
1>                    PublicKeyToken=b03f5f7f11d50a3a
1>                    ReferenceSourceTarget=ResolveAssemblyReference
1>                    ResolvedFrom={RawFileName}
1>                    Version=
1>            C:\Users\hansnguyen\.nuget\packages\microsoft.netcore.app.ref\3.0.0\ref\netcoreapp3.0\System.Memory.dll
1>                    AssemblyVersion=4.2.0.0
1>                    CopyLocal=false
1>                    ExternallyResolved=true
1>                    FileVersion=4.700.19.46214
1>                    FrameworkReferenceName=Microsoft.NETCore.App
1>                    FrameworkReferenceVersion=3.0.0
1>                    FusionName=System.Memory, Version=4.2.0.0, Culture=neutral, PublicKeyToken=cc7b13ffcd2ddd51
1>                    ImageRuntime=v4.0.30319
1>                    NuGetPackageId=Microsoft.NETCore.App.Ref
1>                    NuGetPackageVersion=3.0.0
1>                    OriginalItemSpec=C:\Users\hansnguyen\.nuget\packages\microsoft.netcore.app.ref\3.0.0\ref\netcoreapp3.0\System.Memory.dll
1>                    Private=false
1>                    PublicKeyToken=cc7b13ffcd2ddd51
1>                    ReferenceSourceTarget=ResolveAssemblyReference
1>                    ResolvedFrom={RawFileName}
1>                    Version=
1>            C:\Users\hansnguyen\.nuget\packages\microsoft.netcore.app.ref\3.0.0\ref\netcoreapp3.0\System.Net.dll
1>                    AssemblyVersion=4.0.0.0
1>                    CopyLocal=false
1>                    ExternallyResolved=true
1>                    FileVersion=4.700.19.46214
1>                    FrameworkReferenceName=Microsoft.NETCore.App
1>                    FrameworkReferenceVersion=3.0.0
1>                    FusionName=System.Net, Version=4.0.0.0, Culture=neutral, PublicKeyToken=b03f5f7f11d50a3a
1>                    ImageRuntime=v4.0.30319
1>                    NuGetPackageId=Microsoft.NETCore.App.Ref
1>                    NuGetPackageVersion=3.0.0
1>                    OriginalItemSpec=C:\Users\hansnguyen\.nuget\packages\microsoft.netcore.app.ref\3.0.0\ref\netcoreapp3.0\System.Net.dll
1>                    Private=false
1>                    PublicKeyToken=b03f5f7f11d50a3a
1>                    ReferenceSourceTarget=ResolveAssemblyReference
1>                    ResolvedFrom={RawFileName}
1>                    Version=
1>            C:\Users\hansnguyen\.nuget\packages\microsoft.netcore.app.ref\3.0.0\ref\netcoreapp3.0\System.Net.Http.dll
1>                    AssemblyVersion=4.2.1.0
1>                    CopyLocal=false
1>                    ExternallyResolved=true
1>                    FileVersion=4.700.19.46214
1>                    FrameworkReferenceName=Microsoft.NETCore.App
1>                    FrameworkReferenceVersion=3.0.0
1>                    FusionName=System.Net.Http, Version=4.2.1.0, Culture=neutral, PublicKeyToken=b03f5f7f11d50a3a
1>                    ImageRuntime=v4.0.30319
1>                    NuGetPackageId=Microsoft.NETCore.App.Ref
1>                    NuGetPackageVersion=3.0.0
1>                    OriginalItemSpec=C:\Users\hansnguyen\.nuget\packages\microsoft.netcore.app.ref\3.0.0\ref\netcoreapp3.0\System.Net.Http.dll
1>                    Private=false
1>                    PublicKeyToken=b03f5f7f11d50a3a
1>                    ReferenceSourceTarget=ResolveAssemblyReference
1>                    ResolvedFrom={RawFileName}
1>                    Version=
1>            C:\Users\hansnguyen\.nuget\packages\microsoft.netcore.app.ref\3.0.0\ref\netcoreapp3.0\System.Net.HttpListener.dll
1>                    AssemblyVersion=4.0.1.0
1>                    CopyLocal=false
1>                    ExternallyResolved=true
1>                    FileVersion=4.700.19.46214
1>                    FrameworkReferenceName=Microsoft.NETCore.App
1>                    FrameworkReferenceVersion=3.0.0
1>                    FusionName=System.Net.HttpListener, Version=4.0.1.0, Culture=neutral, PublicKeyToken=cc7b13ffcd2ddd51
1>                    ImageRuntime=v4.0.30319
1>                    NuGetPackageId=Microsoft.NETCore.App.Ref
1>                    NuGetPackageVersion=3.0.0
1>                    OriginalItemSpec=C:\Users\hansnguyen\.nuget\packages\microsoft.netcore.app.ref\3.0.0\ref\netcoreapp3.0\System.Net.HttpListener.dll
1>                    Private=false
1>                    PublicKeyToken=cc7b13ffcd2ddd51
1>                    ReferenceSourceTarget=ResolveAssemblyReference
1>                    ResolvedFrom={RawFileName}
1>                    Version=
1>            C:\Users\hansnguyen\.nuget\packages\microsoft.netcore.app.ref\3.0.0\ref\netcoreapp3.0\System.Net.Mail.dll
1>                    AssemblyVersion=4.0.1.0
1>                    CopyLocal=false
1>                    ExternallyResolved=true
1>                    FileVersion=4.700.19.46214
1>                    FrameworkReferenceName=Microsoft.NETCore.App
1>                    FrameworkReferenceVersion=3.0.0
1>                    FusionName=System.Net.Mail, Version=4.0.1.0, Culture=neutral, PublicKeyToken=cc7b13ffcd2ddd51
1>                    ImageRuntime=v4.0.30319
1>                    NuGetPackageId=Microsoft.NETCore.App.Ref
1>                    NuGetPackageVersion=3.0.0
1>                    OriginalItemSpec=C:\Users\hansnguyen\.nuget\packages\microsoft.netcore.app.ref\3.0.0\ref\netcoreapp3.0\System.Net.Mail.dll
1>                    Private=false
1>                    PublicKeyToken=cc7b13ffcd2ddd51
1>                    ReferenceSourceTarget=ResolveAssemblyReference
1>                    ResolvedFrom={RawFileName}
1>                    Version=
1>            C:\Users\hansnguyen\.nuget\packages\microsoft.netcore.app.ref\3.0.0\ref\netcoreapp3.0\System.Net.NameResolution.dll
1>                    AssemblyVersion=4.1.1.0
1>                    CopyLocal=false
1>                    ExternallyResolved=true
1>                    FileVersion=4.700.19.46214
1>                    FrameworkReferenceName=Microsoft.NETCore.App
1>                    FrameworkReferenceVersion=3.0.0
1>                    FusionName=System.Net.NameResolution, Version=4.1.1.0, Culture=neutral, PublicKeyToken=b03f5f7f11d50a3a
1>                    ImageRuntime=v4.0.30319
1>                    NuGetPackageId=Microsoft.NETCore.App.Ref
1>                    NuGetPackageVersion=3.0.0
1>                    OriginalItemSpec=C:\Users\hansnguyen\.nuget\packages\microsoft.netcore.app.ref\3.0.0\ref\netcoreapp3.0\System.Net.NameResolution.dll
1>                    Private=false
1>                    PublicKeyToken=b03f5f7f11d50a3a
1>                    ReferenceSourceTarget=ResolveAssemblyReference
1>                    ResolvedFrom={RawFileName}
1>                    Version=
1>            C:\Users\hansnguyen\.nuget\packages\microsoft.netcore.app.ref\3.0.0\ref\netcoreapp3.0\System.Net.NetworkInformation.dll
1>                    AssemblyVersion=4.2.1.0
1>                    CopyLocal=false
1>                    ExternallyResolved=true
1>                    FileVersion=4.700.19.46214
1>                    FrameworkReferenceName=Microsoft.NETCore.App
1>                    FrameworkReferenceVersion=3.0.0
1>                    FusionName=System.Net.NetworkInformation, Version=4.2.1.0, Culture=neutral, PublicKeyToken=b03f5f7f11d50a3a
1>                    ImageRuntime=v4.0.30319
1>                    NuGetPackageId=Microsoft.NETCore.App.Ref
1>                    NuGetPackageVersion=3.0.0
1>                    OriginalItemSpec=C:\Users\hansnguyen\.nuget\packages\microsoft.netcore.app.ref\3.0.0\ref\netcoreapp3.0\System.Net.NetworkInformation.dll
1>                    Private=false
1>                    PublicKeyToken=b03f5f7f11d50a3a
1>                    ReferenceSourceTarget=ResolveAssemblyReference
1>                    ResolvedFrom={RawFileName}
1>                    Version=
1>            C:\Users\hansnguyen\.nuget\packages\microsoft.netcore.app.ref\3.0.0\ref\netcoreapp3.0\System.Net.Ping.dll
1>                    AssemblyVersion=4.1.1.0
1>                    CopyLocal=false
1>                    ExternallyResolved=true
1>                    FileVersion=4.700.19.46214
1>                    FrameworkReferenceName=Microsoft.NETCore.App
1>                    FrameworkReferenceVersion=3.0.0
1>                    FusionName=System.Net.Ping, Version=4.1.1.0, Culture=neutral, PublicKeyToken=b03f5f7f11d50a3a
1>                    ImageRuntime=v4.0.30319
1>                    NuGetPackageId=Microsoft.NETCore.App.Ref
1>                    NuGetPackageVersion=3.0.0
1>                    OriginalItemSpec=C:\Users\hansnguyen\.nuget\packages\microsoft.netcore.app.ref\3.0.0\ref\netcoreapp3.0\System.Net.Ping.dll
1>                    Private=false
1>                    PublicKeyToken=b03f5f7f11d50a3a
1>                    ReferenceSourceTarget=ResolveAssemblyReference
1>                    ResolvedFrom={RawFileName}
1>                    Version=
1>            C:\Users\hansnguyen\.nuget\packages\microsoft.netcore.app.ref\3.0.0\ref\netcoreapp3.0\System.Net.Primitives.dll
1>                    AssemblyVersion=4.1.1.0
1>                    CopyLocal=false
1>                    ExternallyResolved=true
1>                    FileVersion=4.700.19.46214
1>                    FrameworkReferenceName=Microsoft.NETCore.App
1>                    FrameworkReferenceVersion=3.0.0
1>                    FusionName=System.Net.Primitives, Version=4.1.1.0, Culture=neutral, PublicKeyToken=b03f5f7f11d50a3a
1>                    ImageRuntime=v4.0.30319
1>                    NuGetPackageId=Microsoft.NETCore.App.Ref
1>                    NuGetPackageVersion=3.0.0
1>                    OriginalItemSpec=C:\Users\hansnguyen\.nuget\packages\microsoft.netcore.app.ref\3.0.0\ref\netcoreapp3.0\System.Net.Primitives.dll
1>                    Private=false
1>                    PublicKeyToken=b03f5f7f11d50a3a
1>                    ReferenceSourceTarget=ResolveAssemblyReference
1>                    ResolvedFrom={RawFileName}
1>                    Version=
1>            C:\Users\hansnguyen\.nuget\packages\microsoft.netcore.app.ref\3.0.0\ref\netcoreapp3.0\System.Net.Requests.dll
1>                    AssemblyVersion=4.1.1.0
1>                    CopyLocal=false
1>                    ExternallyResolved=true
1>                    FileVersion=4.700.19.46214
1>                    FrameworkReferenceName=Microsoft.NETCore.App
1>                    FrameworkReferenceVersion=3.0.0
1>                    FusionName=System.Net.Requests, Version=4.1.1.0, Culture=neutral, PublicKeyToken=b03f5f7f11d50a3a
1>                    ImageRuntime=v4.0.30319
1>                    NuGetPackageId=Microsoft.NETCore.App.Ref
1>                    NuGetPackageVersion=3.0.0
1>                    OriginalItemSpec=C:\Users\hansnguyen\.nuget\packages\microsoft.netcore.app.ref\3.0.0\ref\netcoreapp3.0\System.Net.Requests.dll
1>                    Private=false
1>                    PublicKeyToken=b03f5f7f11d50a3a
1>                    ReferenceSourceTarget=ResolveAssemblyReference
1>                    ResolvedFrom={RawFileName}
1>                    Version=
1>            C:\Users\hansnguyen\.nuget\packages\microsoft.netcore.app.ref\3.0.0\ref\netcoreapp3.0\System.Net.Security.dll
1>                    AssemblyVersion=4.1.1.0
1>                    CopyLocal=false
1>                    ExternallyResolved=true
1>                    FileVersion=4.700.19.46214
1>                    FrameworkReferenceName=Microsoft.NETCore.App
1>                    FrameworkReferenceVersion=3.0.0
1>                    FusionName=System.Net.Security, Version=4.1.1.0, Culture=neutral, PublicKeyToken=b03f5f7f11d50a3a
1>                    ImageRuntime=v4.0.30319
1>                    NuGetPackageId=Microsoft.NETCore.App.Ref
1>                    NuGetPackageVersion=3.0.0
1>                    OriginalItemSpec=C:\Users\hansnguyen\.nuget\packages\microsoft.netcore.app.ref\3.0.0\ref\netcoreapp3.0\System.Net.Security.dll
1>                    Private=false
1>                    PublicKeyToken=b03f5f7f11d50a3a
1>                    ReferenceSourceTarget=ResolveAssemblyReference
1>                    ResolvedFrom={RawFileName}
1>                    Version=
1>            C:\Users\hansnguyen\.nuget\packages\microsoft.netcore.app.ref\3.0.0\ref\netcoreapp3.0\System.Net.ServicePoint.dll
1>                    AssemblyVersion=4.0.1.0
1>                    CopyLocal=false
1>                    ExternallyResolved=true
1>                    FileVersion=4.700.19.46214
1>                    FrameworkReferenceName=Microsoft.NETCore.App
1>                    FrameworkReferenceVersion=3.0.0
1>                    FusionName=System.Net.ServicePoint, Version=4.0.1.0, Culture=neutral, PublicKeyToken=cc7b13ffcd2ddd51
1>                    ImageRuntime=v4.0.30319
1>                    NuGetPackageId=Microsoft.NETCore.App.Ref
1>                    NuGetPackageVersion=3.0.0
1>                    OriginalItemSpec=C:\Users\hansnguyen\.nuget\packages\microsoft.netcore.app.ref\3.0.0\ref\netcoreapp3.0\System.Net.ServicePoint.dll
1>                    Private=false
1>                    PublicKeyToken=cc7b13ffcd2ddd51
1>                    ReferenceSourceTarget=ResolveAssemblyReference
1>                    ResolvedFrom={RawFileName}
1>                    Version=
1>            C:\Users\hansnguyen\.nuget\packages\microsoft.netcore.app.ref\3.0.0\ref\netcoreapp3.0\System.Net.Sockets.dll
1>                    AssemblyVersion=4.2.1.0
1>                    CopyLocal=false
1>                    ExternallyResolved=true
1>                    FileVersion=4.700.19.46214
1>                    FrameworkReferenceName=Microsoft.NETCore.App
1>                    FrameworkReferenceVersion=3.0.0
1>                    FusionName=System.Net.Sockets, Version=4.2.1.0, Culture=neutral, PublicKeyToken=b03f5f7f11d50a3a
1>                    ImageRuntime=v4.0.30319
1>                    NuGetPackageId=Microsoft.NETCore.App.Ref
1>                    NuGetPackageVersion=3.0.0
1>                    OriginalItemSpec=C:\Users\hansnguyen\.nuget\packages\microsoft.netcore.app.ref\3.0.0\ref\netcoreapp3.0\System.Net.Sockets.dll
1>                    Private=false
1>                    PublicKeyToken=b03f5f7f11d50a3a
1>                    ReferenceSourceTarget=ResolveAssemblyReference
1>                    ResolvedFrom={RawFileName}
1>                    Version=
1>            C:\Users\hansnguyen\.nuget\packages\microsoft.netcore.app.ref\3.0.0\ref\netcoreapp3.0\System.Net.WebClient.dll
1>                    AssemblyVersion=4.0.1.0
1>                    CopyLocal=false
1>                    ExternallyResolved=true
1>                    FileVersion=4.700.19.46214
1>                    FrameworkReferenceName=Microsoft.NETCore.App
1>                    FrameworkReferenceVersion=3.0.0
1>                    FusionName=System.Net.WebClient, Version=4.0.1.0, Culture=neutral, PublicKeyToken=cc7b13ffcd2ddd51
1>                    ImageRuntime=v4.0.30319
1>                    NuGetPackageId=Microsoft.NETCore.App.Ref
1>                    NuGetPackageVersion=3.0.0
1>                    OriginalItemSpec=C:\Users\hansnguyen\.nuget\packages\microsoft.netcore.app.ref\3.0.0\ref\netcoreapp3.0\System.Net.WebClient.dll
1>                    Private=false
1>                    PublicKeyToken=cc7b13ffcd2ddd51
1>                    ReferenceSourceTarget=ResolveAssemblyReference
1>                    ResolvedFrom={RawFileName}
1>                    Version=
1>            C:\Users\hansnguyen\.nuget\packages\microsoft.netcore.app.ref\3.0.0\ref\netcoreapp3.0\System.Net.WebHeaderCollection.dll
1>                    AssemblyVersion=4.1.1.0
1>                    CopyLocal=false
1>                    ExternallyResolved=true
1>                    FileVersion=4.700.19.46214
1>                    FrameworkReferenceName=Microsoft.NETCore.App
1>                    FrameworkReferenceVersion=3.0.0
1>                    FusionName=System.Net.WebHeaderCollection, Version=4.1.1.0, Culture=neutral, PublicKeyToken=b03f5f7f11d50a3a
1>                    ImageRuntime=v4.0.30319
1>                    NuGetPackageId=Microsoft.NETCore.App.Ref
1>                    NuGetPackageVersion=3.0.0
1>                    OriginalItemSpec=C:\Users\hansnguyen\.nuget\packages\microsoft.netcore.app.ref\3.0.0\ref\netcoreapp3.0\System.Net.WebHeaderCollection.dll
1>                    Private=false
1>                    PublicKeyToken=b03f5f7f11d50a3a
1>                    ReferenceSourceTarget=ResolveAssemblyReference
1>                    ResolvedFrom={RawFileName}
1>                    Version=
1>            C:\Users\hansnguyen\.nuget\packages\microsoft.netcore.app.ref\3.0.0\ref\netcoreapp3.0\System.Net.WebProxy.dll
1>                    AssemblyVersion=4.0.1.0
1>                    CopyLocal=false
1>                    ExternallyResolved=true
1>                    FileVersion=4.700.19.46214
1>                    FrameworkReferenceName=Microsoft.NETCore.App
1>                    FrameworkReferenceVersion=3.0.0
1>                    FusionName=System.Net.WebProxy, Version=4.0.1.0, Culture=neutral, PublicKeyToken=cc7b13ffcd2ddd51
1>                    ImageRuntime=v4.0.30319
1>                    NuGetPackageId=Microsoft.NETCore.App.Ref
1>                    NuGetPackageVersion=3.0.0
1>                    OriginalItemSpec=C:\Users\hansnguyen\.nuget\packages\microsoft.netcore.app.ref\3.0.0\ref\netcoreapp3.0\System.Net.WebProxy.dll
1>                    Private=false
1>                    PublicKeyToken=cc7b13ffcd2ddd51
1>                    ReferenceSourceTarget=ResolveAssemblyReference
1>                    ResolvedFrom={RawFileName}
1>                    Version=
1>            C:\Users\hansnguyen\.nuget\packages\microsoft.netcore.app.ref\3.0.0\ref\netcoreapp3.0\System.Net.WebSockets.Client.dll
1>                    AssemblyVersion=4.1.1.0
1>                    CopyLocal=false
1>                    ExternallyResolved=true
1>                    FileVersion=4.700.19.46214
1>                    FrameworkReferenceName=Microsoft.NETCore.App
1>                    FrameworkReferenceVersion=3.0.0
1>                    FusionName=System.Net.WebSockets.Client, Version=4.1.1.0, Culture=neutral, PublicKeyToken=b03f5f7f11d50a3a
1>                    ImageRuntime=v4.0.30319
1>                    NuGetPackageId=Microsoft.NETCore.App.Ref
1>                    NuGetPackageVersion=3.0.0
1>                    OriginalItemSpec=C:\Users\hansnguyen\.nuget\packages\microsoft.netcore.app.ref\3.0.0\ref\netcoreapp3.0\System.Net.WebSockets.Client.dll
1>                    Private=false
1>                    PublicKeyToken=b03f5f7f11d50a3a
1>                    ReferenceSourceTarget=ResolveAssemblyReference
1>                    ResolvedFrom={RawFileName}
1>                    Version=
1>            C:\Users\hansnguyen\.nuget\packages\microsoft.netcore.app.ref\3.0.0\ref\netcoreapp3.0\System.Net.WebSockets.dll
1>                    AssemblyVersion=4.1.1.0
1>                    CopyLocal=false
1>                    ExternallyResolved=true
1>                    FileVersion=4.700.19.46214
1>                    FrameworkReferenceName=Microsoft.NETCore.App
1>                    FrameworkReferenceVersion=3.0.0
1>                    FusionName=System.Net.WebSockets, Version=4.1.1.0, Culture=neutral, PublicKeyToken=b03f5f7f11d50a3a
1>                    ImageRuntime=v4.0.30319
1>                    NuGetPackageId=Microsoft.NETCore.App.Ref
1>                    NuGetPackageVersion=3.0.0
1>                    OriginalItemSpec=C:\Users\hansnguyen\.nuget\packages\microsoft.netcore.app.ref\3.0.0\ref\netcoreapp3.0\System.Net.WebSockets.dll
1>                    Private=false
1>                    PublicKeyToken=b03f5f7f11d50a3a
1>                    ReferenceSourceTarget=ResolveAssemblyReference
1>                    ResolvedFrom={RawFileName}
1>                    Version=
1>            C:\Users\hansnguyen\.nuget\packages\microsoft.netcore.app.ref\3.0.0\ref\netcoreapp3.0\System.Numerics.dll
1>                    AssemblyVersion=4.0.0.0
1>                    CopyLocal=false
1>                    ExternallyResolved=true
1>                    FileVersion=4.700.19.46214
1>                    FrameworkReferenceName=Microsoft.NETCore.App
1>                    FrameworkReferenceVersion=3.0.0
1>                    FusionName=System.Numerics, Version=4.0.0.0, Culture=neutral, PublicKeyToken=b77a5c561934e089
1>                    ImageRuntime=v4.0.30319
1>                    NuGetPackageId=Microsoft.NETCore.App.Ref
1>                    NuGetPackageVersion=3.0.0
1>                    OriginalItemSpec=C:\Users\hansnguyen\.nuget\packages\microsoft.netcore.app.ref\3.0.0\ref\netcoreapp3.0\System.Numerics.dll
1>                    Private=false
1>                    PublicKeyToken=b77a5c561934e089
1>                    ReferenceSourceTarget=ResolveAssemblyReference
1>                    ResolvedFrom={RawFileName}
1>                    Version=
1>            C:\Users\hansnguyen\.nuget\packages\microsoft.netcore.app.ref\3.0.0\ref\netcoreapp3.0\System.Numerics.Vectors.dll
1>                    AssemblyVersion=4.1.5.0
1>                    CopyLocal=false
1>                    ExternallyResolved=true
1>                    FileVersion=4.700.19.46214
1>                    FrameworkReferenceName=Microsoft.NETCore.App
1>                    FrameworkReferenceVersion=3.0.0
1>                    FusionName=System.Numerics.Vectors, Version=4.1.5.0, Culture=neutral, PublicKeyToken=b03f5f7f11d50a3a
1>                    ImageRuntime=v4.0.30319
1>                    NuGetPackageId=Microsoft.NETCore.App.Ref
1>                    NuGetPackageVersion=3.0.0
1>                    OriginalItemSpec=C:\Users\hansnguyen\.nuget\packages\microsoft.netcore.app.ref\3.0.0\ref\netcoreapp3.0\System.Numerics.Vectors.dll
1>                    Private=false
1>                    PublicKeyToken=b03f5f7f11d50a3a
1>                    ReferenceSourceTarget=ResolveAssemblyReference
1>                    ResolvedFrom={RawFileName}
1>                    Version=
1>            C:\Users\hansnguyen\.nuget\packages\microsoft.netcore.app.ref\3.0.0\ref\netcoreapp3.0\System.ObjectModel.dll
1>                    AssemblyVersion=4.1.1.0
1>                    CopyLocal=false
1>                    ExternallyResolved=true
1>                    FileVersion=4.700.19.46214
1>                    FrameworkReferenceName=Microsoft.NETCore.App
1>                    FrameworkReferenceVersion=3.0.0
1>                    FusionName=System.ObjectModel, Version=4.1.1.0, Culture=neutral, PublicKeyToken=b03f5f7f11d50a3a
1>                    ImageRuntime=v4.0.30319
1>                    NuGetPackageId=Microsoft.NETCore.App.Ref
1>                    NuGetPackageVersion=3.0.0
1>                    OriginalItemSpec=C:\Users\hansnguyen\.nuget\packages\microsoft.netcore.app.ref\3.0.0\ref\netcoreapp3.0\System.ObjectModel.dll
1>                    Private=false
1>                    PublicKeyToken=b03f5f7f11d50a3a
1>                    ReferenceSourceTarget=ResolveAssemblyReference
1>                    ResolvedFrom={RawFileName}
1>                    Version=
1>            C:\Users\hansnguyen\.nuget\packages\microsoft.windowsdesktop.app.ref\3.0.0\ref\netcoreapp3.0\System.Printing.dll
1>                    AssemblyVersion=4.0.0.0
1>                    CopyLocal=false
1>                    ExternallyResolved=true
1>                    FileVersion=4.800.19.46214
1>                    FrameworkReferenceName=Microsoft.WindowsDesktop.App.WPF
1>                    FrameworkReferenceVersion=3.0.0
1>                    FusionName=System.Printing, Version=4.0.0.0, Culture=neutral, PublicKeyToken=31bf3856ad364e35
1>                    ImageRuntime=v4.0.30319
1>                    NuGetPackageId=Microsoft.WindowsDesktop.App.Ref
1>                    NuGetPackageVersion=3.0.0
1>                    OriginalItemSpec=C:\Users\hansnguyen\.nuget\packages\microsoft.windowsdesktop.app.ref\3.0.0\ref\netcoreapp3.0\System.Printing.dll
1>                    Private=false
1>                    PublicKeyToken=31bf3856ad364e35
1>                    ReferenceSourceTarget=ResolveAssemblyReference
1>                    ResolvedFrom={RawFileName}
1>                    Version=
1>            C:\Users\hansnguyen\.nuget\packages\microsoft.netcore.app.ref\3.0.0\ref\netcoreapp3.0\System.Reflection.DispatchProxy.dll
1>                    AssemblyVersion=4.0.5.0
1>                    CopyLocal=false
1>                    ExternallyResolved=true
1>                    FileVersion=4.700.19.46214
1>                    FrameworkReferenceName=Microsoft.NETCore.App
1>                    FrameworkReferenceVersion=3.0.0
1>                    FusionName=System.Reflection.DispatchProxy, Version=4.0.5.0, Culture=neutral, PublicKeyToken=b03f5f7f11d50a3a
1>                    ImageRuntime=v4.0.30319
1>                    NuGetPackageId=Microsoft.NETCore.App.Ref
1>                    NuGetPackageVersion=3.0.0
1>                    OriginalItemSpec=C:\Users\hansnguyen\.nuget\packages\microsoft.netcore.app.ref\3.0.0\ref\netcoreapp3.0\System.Reflection.DispatchProxy.dll
1>                    Private=false
1>                    PublicKeyToken=b03f5f7f11d50a3a
1>                    ReferenceSourceTarget=ResolveAssemblyReference
1>                    ResolvedFrom={RawFileName}
1>                    Version=
1>            C:\Users\hansnguyen\.nuget\packages\microsoft.netcore.app.ref\3.0.0\ref\netcoreapp3.0\System.Reflection.dll
1>                    AssemblyVersion=4.2.1.0
1>                    CopyLocal=false
1>                    ExternallyResolved=true
1>                    FileVersion=4.700.19.46214
1>                    FrameworkReferenceName=Microsoft.NETCore.App
1>                    FrameworkReferenceVersion=3.0.0
1>                    FusionName=System.Reflection, Version=4.2.1.0, Culture=neutral, PublicKeyToken=b03f5f7f11d50a3a
1>                    ImageRuntime=v4.0.30319
1>                    NuGetPackageId=Microsoft.NETCore.App.Ref
1>                    NuGetPackageVersion=3.0.0
1>                    OriginalItemSpec=C:\Users\hansnguyen\.nuget\packages\microsoft.netcore.app.ref\3.0.0\ref\netcoreapp3.0\System.Reflection.dll
1>                    Private=false
1>                    PublicKeyToken=b03f5f7f11d50a3a
1>                    ReferenceSourceTarget=ResolveAssemblyReference
1>                    ResolvedFrom={RawFileName}
1>                    Version=
1>            C:\Users\hansnguyen\.nuget\packages\microsoft.netcore.app.ref\3.0.0\ref\netcoreapp3.0\System.Reflection.Emit.dll
1>                    AssemblyVersion=4.1.1.0
1>                    CopyLocal=false
1>                    ExternallyResolved=true
1>                    FileVersion=4.700.19.46214
1>                    FrameworkReferenceName=Microsoft.NETCore.App
1>                    FrameworkReferenceVersion=3.0.0
1>                    FusionName=System.Reflection.Emit, Version=4.1.1.0, Culture=neutral, PublicKeyToken=b03f5f7f11d50a3a
1>                    ImageRuntime=v4.0.30319
1>                    NuGetPackageId=Microsoft.NETCore.App.Ref
1>                    NuGetPackageVersion=3.0.0
1>                    OriginalItemSpec=C:\Users\hansnguyen\.nuget\packages\microsoft.netcore.app.ref\3.0.0\ref\netcoreapp3.0\System.Reflection.Emit.dll
1>                    Private=false
1>                    PublicKeyToken=b03f5f7f11d50a3a
1>                    ReferenceSourceTarget=ResolveAssemblyReference
1>                    ResolvedFrom={RawFileName}
1>                    Version=
1>            C:\Users\hansnguyen\.nuget\packages\microsoft.netcore.app.ref\3.0.0\ref\netcoreapp3.0\System.Reflection.Emit.ILGeneration.dll
1>                    AssemblyVersion=4.1.0.0
1>                    CopyLocal=false
1>                    ExternallyResolved=true
1>                    FileVersion=4.700.19.46214
1>                    FrameworkReferenceName=Microsoft.NETCore.App
1>                    FrameworkReferenceVersion=3.0.0
1>                    FusionName=System.Reflection.Emit.ILGeneration, Version=4.1.0.0, Culture=neutral, PublicKeyToken=b03f5f7f11d50a3a
1>                    ImageRuntime=v4.0.30319
1>                    NuGetPackageId=Microsoft.NETCore.App.Ref
1>                    NuGetPackageVersion=3.0.0
1>                    OriginalItemSpec=C:\Users\hansnguyen\.nuget\packages\microsoft.netcore.app.ref\3.0.0\ref\netcoreapp3.0\System.Reflection.Emit.ILGeneration.dll
1>                    Private=false
1>                    PublicKeyToken=b03f5f7f11d50a3a
1>                    ReferenceSourceTarget=ResolveAssemblyReference
1>                    ResolvedFrom={RawFileName}
1>                    Version=
1>            C:\Users\hansnguyen\.nuget\packages\microsoft.netcore.app.ref\3.0.0\ref\netcoreapp3.0\System.Reflection.Emit.Lightweight.dll
1>                    AssemblyVersion=4.1.0.0
1>                    CopyLocal=false
1>                    ExternallyResolved=true
1>                    FileVersion=4.700.19.46214
1>                    FrameworkReferenceName=Microsoft.NETCore.App
1>                    FrameworkReferenceVersion=3.0.0
1>                    FusionName=System.Reflection.Emit.Lightweight, Version=4.1.0.0, Culture=neutral, PublicKeyToken=b03f5f7f11d50a3a
1>                    ImageRuntime=v4.0.30319
1>                    NuGetPackageId=Microsoft.NETCore.App.Ref
1>                    NuGetPackageVersion=3.0.0
1>                    OriginalItemSpec=C:\Users\hansnguyen\.nuget\packages\microsoft.netcore.app.ref\3.0.0\ref\netcoreapp3.0\System.Reflection.Emit.Lightweight.dll
1>                    Private=false
1>                    PublicKeyToken=b03f5f7f11d50a3a
1>                    ReferenceSourceTarget=ResolveAssemblyReference
1>                    ResolvedFrom={RawFileName}
1>                    Version=
1>            C:\Users\hansnguyen\.nuget\packages\microsoft.netcore.app.ref\3.0.0\ref\netcoreapp3.0\System.Reflection.Extensions.dll
1>                    AssemblyVersion=4.1.1.0
1>                    CopyLocal=false
1>                    ExternallyResolved=true
1>                    FileVersion=4.700.19.46214
1>                    FrameworkReferenceName=Microsoft.NETCore.App
1>                    FrameworkReferenceVersion=3.0.0
1>                    FusionName=System.Reflection.Extensions, Version=4.1.1.0, Culture=neutral, PublicKeyToken=b03f5f7f11d50a3a
1>                    ImageRuntime=v4.0.30319
1>                    NuGetPackageId=Microsoft.NETCore.App.Ref
1>                    NuGetPackageVersion=3.0.0
1>                    OriginalItemSpec=C:\Users\hansnguyen\.nuget\packages\microsoft.netcore.app.ref\3.0.0\ref\netcoreapp3.0\System.Reflection.Extensions.dll
1>                    Private=false
1>                    PublicKeyToken=b03f5f7f11d50a3a
1>                    ReferenceSourceTarget=ResolveAssemblyReference
1>                    ResolvedFrom={RawFileName}
1>                    Version=
1>            C:\Users\hansnguyen\.nuget\packages\microsoft.netcore.app.ref\3.0.0\ref\netcoreapp3.0\System.Reflection.Metadata.dll
1>                    AssemblyVersion=1.4.4.0
1>                    CopyLocal=false
1>                    ExternallyResolved=true
1>                    FileVersion=4.700.19.46214
1>                    FrameworkReferenceName=Microsoft.NETCore.App
1>                    FrameworkReferenceVersion=3.0.0
1>                    FusionName=System.Reflection.Metadata, Version=1.4.4.0, Culture=neutral, PublicKeyToken=b03f5f7f11d50a3a
1>                    ImageRuntime=v4.0.30319
1>                    NuGetPackageId=Microsoft.NETCore.App.Ref
1>                    NuGetPackageVersion=3.0.0
1>                    OriginalItemSpec=C:\Users\hansnguyen\.nuget\packages\microsoft.netcore.app.ref\3.0.0\ref\netcoreapp3.0\System.Reflection.Metadata.dll
1>                    Private=false
1>                    PublicKeyToken=b03f5f7f11d50a3a
1>                    ReferenceSourceTarget=ResolveAssemblyReference
1>                    ResolvedFrom={RawFileName}
1>                    Version=
1>            C:\Users\hansnguyen\.nuget\packages\microsoft.netcore.app.ref\3.0.0\ref\netcoreapp3.0\System.Reflection.Primitives.dll
1>                    AssemblyVersion=4.1.1.0
1>                    CopyLocal=false
1>                    ExternallyResolved=true
1>                    FileVersion=4.700.19.46214
1>                    FrameworkReferenceName=Microsoft.NETCore.App
1>                    FrameworkReferenceVersion=3.0.0
1>                    FusionName=System.Reflection.Primitives, Version=4.1.1.0, Culture=neutral, PublicKeyToken=b03f5f7f11d50a3a
1>                    ImageRuntime=v4.0.30319
1>                    NuGetPackageId=Microsoft.NETCore.App.Ref
1>                    NuGetPackageVersion=3.0.0
1>                    OriginalItemSpec=C:\Users\hansnguyen\.nuget\packages\microsoft.netcore.app.ref\3.0.0\ref\netcoreapp3.0\System.Reflection.Primitives.dll
1>                    Private=false
1>                    PublicKeyToken=b03f5f7f11d50a3a
1>                    ReferenceSourceTarget=ResolveAssemblyReference
1>                    ResolvedFrom={RawFileName}
1>                    Version=
1>            C:\Users\hansnguyen\.nuget\packages\microsoft.netcore.app.ref\3.0.0\ref\netcoreapp3.0\System.Reflection.TypeExtensions.dll
1>                    AssemblyVersion=4.1.2.0
1>                    CopyLocal=false
1>                    ExternallyResolved=true
1>                    FileVersion=4.700.19.46214
1>                    FrameworkReferenceName=Microsoft.NETCore.App
1>                    FrameworkReferenceVersion=3.0.0
1>                    FusionName=System.Reflection.TypeExtensions, Version=4.1.2.0, Culture=neutral, PublicKeyToken=b03f5f7f11d50a3a
1>                    ImageRuntime=v4.0.30319
1>                    NuGetPackageId=Microsoft.NETCore.App.Ref
1>                    NuGetPackageVersion=3.0.0
1>                    OriginalItemSpec=C:\Users\hansnguyen\.nuget\packages\microsoft.netcore.app.ref\3.0.0\ref\netcoreapp3.0\System.Reflection.TypeExtensions.dll
1>                    Private=false
1>                    PublicKeyToken=b03f5f7f11d50a3a
1>                    ReferenceSourceTarget=ResolveAssemblyReference
1>                    ResolvedFrom={RawFileName}
1>                    Version=
1>            C:\Users\hansnguyen\.nuget\packages\microsoft.windowsdesktop.app.ref\3.0.0\ref\netcoreapp3.0\System.Resources.Extensions.dll
1>                    AssemblyVersion=4.0.0.0
1>                    CopyLocal=false
1>                    ExternallyResolved=true
1>                    FileVersion=4.700.19.46214
1>                    FrameworkReferenceName=Microsoft.WindowsDesktop.App.WPF
1>                    FrameworkReferenceVersion=3.0.0
1>                    FusionName=System.Resources.Extensions, Version=4.0.0.0, Culture=neutral, PublicKeyToken=cc7b13ffcd2ddd51
1>                    ImageRuntime=v4.0.30319
1>                    NuGetPackageId=Microsoft.WindowsDesktop.App.Ref
1>                    NuGetPackageVersion=3.0.0
1>                    OriginalItemSpec=C:\Users\hansnguyen\.nuget\packages\microsoft.windowsdesktop.app.ref\3.0.0\ref\netcoreapp3.0\System.Resources.Extensions.dll
1>                    Private=false
1>                    PublicKeyToken=cc7b13ffcd2ddd51
1>                    ReferenceSourceTarget=ResolveAssemblyReference
1>                    ResolvedFrom={RawFileName}
1>                    Version=
1>            C:\Users\hansnguyen\.nuget\packages\microsoft.netcore.app.ref\3.0.0\ref\netcoreapp3.0\System.Resources.Reader.dll
1>                    AssemblyVersion=4.1.1.0
1>                    CopyLocal=false
1>                    ExternallyResolved=true
1>                    FileVersion=4.700.19.46214
1>                    FrameworkReferenceName=Microsoft.NETCore.App
1>                    FrameworkReferenceVersion=3.0.0
1>                    FusionName=System.Resources.Reader, Version=4.1.1.0, Culture=neutral, PublicKeyToken=b03f5f7f11d50a3a
1>                    ImageRuntime=v4.0.30319
1>                    NuGetPackageId=Microsoft.NETCore.App.Ref
1>                    NuGetPackageVersion=3.0.0
1>                    OriginalItemSpec=C:\Users\hansnguyen\.nuget\packages\microsoft.netcore.app.ref\3.0.0\ref\netcoreapp3.0\System.Resources.Reader.dll
1>                    Private=false
1>                    PublicKeyToken=b03f5f7f11d50a3a
1>                    ReferenceSourceTarget=ResolveAssemblyReference
1>                    ResolvedFrom={RawFileName}
1>                    Version=
1>            C:\Users\hansnguyen\.nuget\packages\microsoft.netcore.app.ref\3.0.0\ref\netcoreapp3.0\System.Resources.ResourceManager.dll
1>                    AssemblyVersion=4.1.1.0
1>                    CopyLocal=false
1>                    ExternallyResolved=true
1>                    FileVersion=4.700.19.46214
1>                    FrameworkReferenceName=Microsoft.NETCore.App
1>                    FrameworkReferenceVersion=3.0.0
1>                    FusionName=System.Resources.ResourceManager, Version=4.1.1.0, Culture=neutral, PublicKeyToken=b03f5f7f11d50a3a
1>                    ImageRuntime=v4.0.30319
1>                    NuGetPackageId=Microsoft.NETCore.App.Ref
1>                    NuGetPackageVersion=3.0.0
1>                    OriginalItemSpec=C:\Users\hansnguyen\.nuget\packages\microsoft.netcore.app.ref\3.0.0\ref\netcoreapp3.0\System.Resources.ResourceManager.dll
1>                    Private=false
1>                    PublicKeyToken=b03f5f7f11d50a3a
1>                    ReferenceSourceTarget=ResolveAssemblyReference
1>                    ResolvedFrom={RawFileName}
1>                    Version=
1>            C:\Users\hansnguyen\.nuget\packages\microsoft.netcore.app.ref\3.0.0\ref\netcoreapp3.0\System.Resources.Writer.dll
1>                    AssemblyVersion=4.1.1.0
1>                    CopyLocal=false
1>                    ExternallyResolved=true
1>                    FileVersion=4.700.19.46214
1>                    FrameworkReferenceName=Microsoft.NETCore.App
1>                    FrameworkReferenceVersion=3.0.0
1>                    FusionName=System.Resources.Writer, Version=4.1.1.0, Culture=neutral, PublicKeyToken=b03f5f7f11d50a3a
1>                    ImageRuntime=v4.0.30319
1>                    NuGetPackageId=Microsoft.NETCore.App.Ref
1>                    NuGetPackageVersion=3.0.0
1>                    OriginalItemSpec=C:\Users\hansnguyen\.nuget\packages\microsoft.netcore.app.ref\3.0.0\ref\netcoreapp3.0\System.Resources.Writer.dll
1>                    Private=false
1>                    PublicKeyToken=b03f5f7f11d50a3a
1>                    ReferenceSourceTarget=ResolveAssemblyReference
1>                    ResolvedFrom={RawFileName}
1>                    Version=
1>            C:\Users\hansnguyen\.nuget\packages\microsoft.netcore.app.ref\3.0.0\ref\netcoreapp3.0\System.Runtime.CompilerServices.Unsafe.dll
1>                    AssemblyVersion=4.0.5.0
1>                    CopyLocal=false
1>                    ExternallyResolved=true
1>                    FileVersion=4.700.19.46214
1>                    FrameworkReferenceName=Microsoft.NETCore.App
1>                    FrameworkReferenceVersion=3.0.0
1>                    FusionName=System.Runtime.CompilerServices.Unsafe, Version=4.0.5.0, Culture=neutral, PublicKeyToken=b03f5f7f11d50a3a
1>                    ImageRuntime=v4.0.30319
1>                    NuGetPackageId=Microsoft.NETCore.App.Ref
1>                    NuGetPackageVersion=3.0.0
1>                    OriginalItemSpec=C:\Users\hansnguyen\.nuget\packages\microsoft.netcore.app.ref\3.0.0\ref\netcoreapp3.0\System.Runtime.CompilerServices.Unsafe.dll
1>                    Private=false
1>                    PublicKeyToken=b03f5f7f11d50a3a
1>                    ReferenceSourceTarget=ResolveAssemblyReference
1>                    ResolvedFrom={RawFileName}
1>                    Version=
1>            C:\Users\hansnguyen\.nuget\packages\microsoft.netcore.app.ref\3.0.0\ref\netcoreapp3.0\System.Runtime.CompilerServices.VisualC.dll
1>                    AssemblyVersion=4.1.1.0
1>                    CopyLocal=false
1>                    ExternallyResolved=true
1>                    FileVersion=4.700.19.46214
1>                    FrameworkReferenceName=Microsoft.NETCore.App
1>                    FrameworkReferenceVersion=3.0.0
1>                    FusionName=System.Runtime.CompilerServices.VisualC, Version=4.1.1.0, Culture=neutral, PublicKeyToken=b03f5f7f11d50a3a
1>                    ImageRuntime=v4.0.30319
1>                    NuGetPackageId=Microsoft.NETCore.App.Ref
1>                    NuGetPackageVersion=3.0.0
1>                    OriginalItemSpec=C:\Users\hansnguyen\.nuget\packages\microsoft.netcore.app.ref\3.0.0\ref\netcoreapp3.0\System.Runtime.CompilerServices.VisualC.dll
1>                    Private=false
1>                    PublicKeyToken=b03f5f7f11d50a3a
1>                    ReferenceSourceTarget=ResolveAssemblyReference
1>                    ResolvedFrom={RawFileName}
1>                    Version=
1>            C:\Users\hansnguyen\.nuget\packages\microsoft.netcore.app.ref\3.0.0\ref\netcoreapp3.0\System.Runtime.dll
1>                    AssemblyVersion=4.2.1.0
1>                    CopyLocal=false
1>                    ExternallyResolved=true
1>                    FileVersion=4.700.19.46214
1>                    FrameworkReferenceName=Microsoft.NETCore.App
1>                    FrameworkReferenceVersion=3.0.0
1>                    FusionName=System.Runtime, Version=4.2.1.0, Culture=neutral, PublicKeyToken=b03f5f7f11d50a3a
1>                    ImageRuntime=v4.0.30319
1>                    NuGetPackageId=Microsoft.NETCore.App.Ref
1>                    NuGetPackageVersion=3.0.0
1>                    OriginalItemSpec=C:\Users\hansnguyen\.nuget\packages\microsoft.netcore.app.ref\3.0.0\ref\netcoreapp3.0\System.Runtime.dll
1>                    Private=false
1>                    PublicKeyToken=b03f5f7f11d50a3a
1>                    ReferenceSourceTarget=ResolveAssemblyReference
1>                    ResolvedFrom={RawFileName}
1>                    Version=
1>            C:\Users\hansnguyen\.nuget\packages\microsoft.netcore.app.ref\3.0.0\ref\netcoreapp3.0\System.Runtime.Extensions.dll
1>                    AssemblyVersion=4.2.1.0
1>                    CopyLocal=false
1>                    ExternallyResolved=true
1>                    FileVersion=4.700.19.46214
1>                    FrameworkReferenceName=Microsoft.NETCore.App
1>                    FrameworkReferenceVersion=3.0.0
1>                    FusionName=System.Runtime.Extensions, Version=4.2.1.0, Culture=neutral, PublicKeyToken=b03f5f7f11d50a3a
1>                    ImageRuntime=v4.0.30319
1>                    NuGetPackageId=Microsoft.NETCore.App.Ref
1>                    NuGetPackageVersion=3.0.0
1>                    OriginalItemSpec=C:\Users\hansnguyen\.nuget\packages\microsoft.netcore.app.ref\3.0.0\ref\netcoreapp3.0\System.Runtime.Extensions.dll
1>                    Private=false
1>                    PublicKeyToken=b03f5f7f11d50a3a
1>                    ReferenceSourceTarget=ResolveAssemblyReference
1>                    ResolvedFrom={RawFileName}
1>                    Version=
1>            C:\Users\hansnguyen\.nuget\packages\microsoft.netcore.app.ref\3.0.0\ref\netcoreapp3.0\System.Runtime.Handles.dll
1>                    AssemblyVersion=4.1.1.0
1>                    CopyLocal=false
1>                    ExternallyResolved=true
1>                    FileVersion=4.700.19.46214
1>                    FrameworkReferenceName=Microsoft.NETCore.App
1>                    FrameworkReferenceVersion=3.0.0
1>                    FusionName=System.Runtime.Handles, Version=4.1.1.0, Culture=neutral, PublicKeyToken=b03f5f7f11d50a3a
1>                    ImageRuntime=v4.0.30319
1>                    NuGetPackageId=Microsoft.NETCore.App.Ref
1>                    NuGetPackageVersion=3.0.0
1>                    OriginalItemSpec=C:\Users\hansnguyen\.nuget\packages\microsoft.netcore.app.ref\3.0.0\ref\netcoreapp3.0\System.Runtime.Handles.dll
1>                    Private=false
1>                    PublicKeyToken=b03f5f7f11d50a3a
1>                    ReferenceSourceTarget=ResolveAssemblyReference
1>                    ResolvedFrom={RawFileName}
1>                    Version=
1>            C:\Users\hansnguyen\.nuget\packages\microsoft.netcore.app.ref\3.0.0\ref\netcoreapp3.0\System.Runtime.InteropServices.dll
1>                    AssemblyVersion=4.2.1.0
1>                    CopyLocal=false
1>                    ExternallyResolved=true
1>                    FileVersion=4.700.19.46214
1>                    FrameworkReferenceName=Microsoft.NETCore.App
1>                    FrameworkReferenceVersion=3.0.0
1>                    FusionName=System.Runtime.InteropServices, Version=4.2.1.0, Culture=neutral, PublicKeyToken=b03f5f7f11d50a3a
1>                    ImageRuntime=v4.0.30319
1>                    NuGetPackageId=Microsoft.NETCore.App.Ref
1>                    NuGetPackageVersion=3.0.0
1>                    OriginalItemSpec=C:\Users\hansnguyen\.nuget\packages\microsoft.netcore.app.ref\3.0.0\ref\netcoreapp3.0\System.Runtime.InteropServices.dll
1>                    Private=false
1>                    PublicKeyToken=b03f5f7f11d50a3a
1>                    ReferenceSourceTarget=ResolveAssemblyReference
1>                    ResolvedFrom={RawFileName}
1>                    Version=
1>            C:\Users\hansnguyen\.nuget\packages\microsoft.netcore.app.ref\3.0.0\ref\netcoreapp3.0\System.Runtime.InteropServices.RuntimeInformation.dll
1>                    AssemblyVersion=4.0.3.0
1>                    CopyLocal=false
1>                    ExternallyResolved=true
1>                    FileVersion=4.700.19.46214
1>                    FrameworkReferenceName=Microsoft.NETCore.App
1>                    FrameworkReferenceVersion=3.0.0
1>                    FusionName=System.Runtime.InteropServices.RuntimeInformation, Version=4.0.3.0, Culture=neutral, PublicKeyToken=b03f5f7f11d50a3a
1>                    ImageRuntime=v4.0.30319
1>                    NuGetPackageId=Microsoft.NETCore.App.Ref
1>                    NuGetPackageVersion=3.0.0
1>                    OriginalItemSpec=C:\Users\hansnguyen\.nuget\packages\microsoft.netcore.app.ref\3.0.0\ref\netcoreapp3.0\System.Runtime.InteropServices.RuntimeInformation.dll
1>                    Private=false
1>                    PublicKeyToken=b03f5f7f11d50a3a
1>                    ReferenceSourceTarget=ResolveAssemblyReference
1>                    ResolvedFrom={RawFileName}
1>                    Version=
1>            C:\Users\hansnguyen\.nuget\packages\microsoft.netcore.app.ref\3.0.0\ref\netcoreapp3.0\System.Runtime.InteropServices.WindowsRuntime.dll
1>                    AssemblyVersion=4.0.3.0
1>                    CopyLocal=false
1>                    ExternallyResolved=true
1>                    FileVersion=4.700.19.46214
1>                    FrameworkReferenceName=Microsoft.NETCore.App
1>                    FrameworkReferenceVersion=3.0.0
1>                    FusionName=System.Runtime.InteropServices.WindowsRuntime, Version=4.0.3.0, Culture=neutral, PublicKeyToken=b03f5f7f11d50a3a
1>                    ImageRuntime=v4.0.30319
1>                    NuGetPackageId=Microsoft.NETCore.App.Ref
1>                    NuGetPackageVersion=3.0.0
1>                    OriginalItemSpec=C:\Users\hansnguyen\.nuget\packages\microsoft.netcore.app.ref\3.0.0\ref\netcoreapp3.0\System.Runtime.InteropServices.WindowsRuntime.dll
1>                    Private=false
1>                    PublicKeyToken=b03f5f7f11d50a3a
1>                    ReferenceSourceTarget=ResolveAssemblyReference
1>                    ResolvedFrom={RawFileName}
1>                    Version=
1>            C:\Users\hansnguyen\.nuget\packages\microsoft.netcore.app.ref\3.0.0\ref\netcoreapp3.0\System.Runtime.Intrinsics.dll
1>                    AssemblyVersion=4.0.0.0
1>                    CopyLocal=false
1>                    ExternallyResolved=true
1>                    FileVersion=4.700.19.46214
1>                    FrameworkReferenceName=Microsoft.NETCore.App
1>                    FrameworkReferenceVersion=3.0.0
1>                    FusionName=System.Runtime.Intrinsics, Version=4.0.0.0, Culture=neutral, PublicKeyToken=cc7b13ffcd2ddd51
1>                    ImageRuntime=v4.0.30319
1>                    NuGetPackageId=Microsoft.NETCore.App.Ref
1>                    NuGetPackageVersion=3.0.0
1>                    OriginalItemSpec=C:\Users\hansnguyen\.nuget\packages\microsoft.netcore.app.ref\3.0.0\ref\netcoreapp3.0\System.Runtime.Intrinsics.dll
1>                    Private=false
1>                    PublicKeyToken=cc7b13ffcd2ddd51
1>                    ReferenceSourceTarget=ResolveAssemblyReference
1>                    ResolvedFrom={RawFileName}
1>                    Version=
1>            C:\Users\hansnguyen\.nuget\packages\microsoft.netcore.app.ref\3.0.0\ref\netcoreapp3.0\System.Runtime.Loader.dll
1>                    AssemblyVersion=4.1.0.0
1>                    CopyLocal=false
1>                    ExternallyResolved=true
1>                    FileVersion=4.700.19.46214
1>                    FrameworkReferenceName=Microsoft.NETCore.App
1>                    FrameworkReferenceVersion=3.0.0
1>                    FusionName=System.Runtime.Loader, Version=4.1.0.0, Culture=neutral, PublicKeyToken=b03f5f7f11d50a3a
1>                    ImageRuntime=v4.0.30319
1>                    NuGetPackageId=Microsoft.NETCore.App.Ref
1>                    NuGetPackageVersion=3.0.0
1>                    OriginalItemSpec=C:\Users\hansnguyen\.nuget\packages\microsoft.netcore.app.ref\3.0.0\ref\netcoreapp3.0\System.Runtime.Loader.dll
1>                    Private=false
1>                    PublicKeyToken=b03f5f7f11d50a3a
1>                    ReferenceSourceTarget=ResolveAssemblyReference
1>                    ResolvedFrom={RawFileName}
1>                    Version=
1>            C:\Users\hansnguyen\.nuget\packages\microsoft.netcore.app.ref\3.0.0\ref\netcoreapp3.0\System.Runtime.Numerics.dll
1>                    AssemblyVersion=4.1.1.0
1>                    CopyLocal=false
1>                    ExternallyResolved=true
1>                    FileVersion=4.700.19.46214
1>                    FrameworkReferenceName=Microsoft.NETCore.App
1>                    FrameworkReferenceVersion=3.0.0
1>                    FusionName=System.Runtime.Numerics, Version=4.1.1.0, Culture=neutral, PublicKeyToken=b03f5f7f11d50a3a
1>                    ImageRuntime=v4.0.30319
1>                    NuGetPackageId=Microsoft.NETCore.App.Ref
1>                    NuGetPackageVersion=3.0.0
1>                    OriginalItemSpec=C:\Users\hansnguyen\.nuget\packages\microsoft.netcore.app.ref\3.0.0\ref\netcoreapp3.0\System.Runtime.Numerics.dll
1>                    Private=false
1>                    PublicKeyToken=b03f5f7f11d50a3a
1>                    ReferenceSourceTarget=ResolveAssemblyReference
1>                    ResolvedFrom={RawFileName}
1>                    Version=
1>            C:\Users\hansnguyen\.nuget\packages\microsoft.netcore.app.ref\3.0.0\ref\netcoreapp3.0\System.Runtime.Serialization.dll
1>                    AssemblyVersion=4.0.0.0
1>                    CopyLocal=false
1>                    ExternallyResolved=true
1>                    FileVersion=4.700.19.46214
1>                    FrameworkReferenceName=Microsoft.NETCore.App
1>                    FrameworkReferenceVersion=3.0.0
1>                    FusionName=System.Runtime.Serialization, Version=4.0.0.0, Culture=neutral, PublicKeyToken=b77a5c561934e089
1>                    ImageRuntime=v4.0.30319
1>                    NuGetPackageId=Microsoft.NETCore.App.Ref
1>                    NuGetPackageVersion=3.0.0
1>                    OriginalItemSpec=C:\Users\hansnguyen\.nuget\packages\microsoft.netcore.app.ref\3.0.0\ref\netcoreapp3.0\System.Runtime.Serialization.dll
1>                    Private=false
1>                    PublicKeyToken=b77a5c561934e089
1>                    ReferenceSourceTarget=ResolveAssemblyReference
1>                    ResolvedFrom={RawFileName}
1>                    Version=
1>            C:\Users\hansnguyen\.nuget\packages\microsoft.netcore.app.ref\3.0.0\ref\netcoreapp3.0\System.Runtime.Serialization.Formatters.dll
1>                    AssemblyVersion=4.0.3.0
1>                    CopyLocal=false
1>                    ExternallyResolved=true
1>                    FileVersion=4.700.19.46214
1>                    FrameworkReferenceName=Microsoft.NETCore.App
1>                    FrameworkReferenceVersion=3.0.0
1>                    FusionName=System.Runtime.Serialization.Formatters, Version=4.0.3.0, Culture=neutral, PublicKeyToken=b03f5f7f11d50a3a
1>                    ImageRuntime=v4.0.30319
1>                    NuGetPackageId=Microsoft.NETCore.App.Ref
1>                    NuGetPackageVersion=3.0.0
1>                    OriginalItemSpec=C:\Users\hansnguyen\.nuget\packages\microsoft.netcore.app.ref\3.0.0\ref\netcoreapp3.0\System.Runtime.Serialization.Formatters.dll
1>                    Private=false
1>                    PublicKeyToken=b03f5f7f11d50a3a
1>                    ReferenceSourceTarget=ResolveAssemblyReference
1>                    ResolvedFrom={RawFileName}
1>                    Version=
1>            C:\Users\hansnguyen\.nuget\packages\microsoft.netcore.app.ref\3.0.0\ref\netcoreapp3.0\System.Runtime.Serialization.Json.dll
1>                    AssemblyVersion=4.0.4.0
1>                    CopyLocal=false
1>                    ExternallyResolved=true
1>                    FileVersion=4.700.19.46214
1>                    FrameworkReferenceName=Microsoft.NETCore.App
1>                    FrameworkReferenceVersion=3.0.0
1>                    FusionName=System.Runtime.Serialization.Json, Version=4.0.4.0, Culture=neutral, PublicKeyToken=b03f5f7f11d50a3a
1>                    ImageRuntime=v4.0.30319
1>                    NuGetPackageId=Microsoft.NETCore.App.Ref
1>                    NuGetPackageVersion=3.0.0
1>                    OriginalItemSpec=C:\Users\hansnguyen\.nuget\packages\microsoft.netcore.app.ref\3.0.0\ref\netcoreapp3.0\System.Runtime.Serialization.Json.dll
1>                    Private=false
1>                    PublicKeyToken=b03f5f7f11d50a3a
1>                    ReferenceSourceTarget=ResolveAssemblyReference
1>                    ResolvedFrom={RawFileName}
1>                    Version=
1>            C:\Users\hansnguyen\.nuget\packages\microsoft.netcore.app.ref\3.0.0\ref\netcoreapp3.0\System.Runtime.Serialization.Primitives.dll
1>                    AssemblyVersion=4.2.1.0
1>                    CopyLocal=false
1>                    ExternallyResolved=true
1>                    FileVersion=4.700.19.46214
1>                    FrameworkReferenceName=Microsoft.NETCore.App
1>                    FrameworkReferenceVersion=3.0.0
1>                    FusionName=System.Runtime.Serialization.Primitives, Version=4.2.1.0, Culture=neutral, PublicKeyToken=b03f5f7f11d50a3a
1>                    ImageRuntime=v4.0.30319
1>                    NuGetPackageId=Microsoft.NETCore.App.Ref
1>                    NuGetPackageVersion=3.0.0
1>                    OriginalItemSpec=C:\Users\hansnguyen\.nuget\packages\microsoft.netcore.app.ref\3.0.0\ref\netcoreapp3.0\System.Runtime.Serialization.Primitives.dll
1>                    Private=false
1>                    PublicKeyToken=b03f5f7f11d50a3a
1>                    ReferenceSourceTarget=ResolveAssemblyReference
1>                    ResolvedFrom={RawFileName}
1>                    Version=
1>            C:\Users\hansnguyen\.nuget\packages\microsoft.netcore.app.ref\3.0.0\ref\netcoreapp3.0\System.Runtime.Serialization.Xml.dll
1>                    AssemblyVersion=4.1.4.0
1>                    CopyLocal=false
1>                    ExternallyResolved=true
1>                    FileVersion=4.700.19.46214
1>                    FrameworkReferenceName=Microsoft.NETCore.App
1>                    FrameworkReferenceVersion=3.0.0
1>                    FusionName=System.Runtime.Serialization.Xml, Version=4.1.4.0, Culture=neutral, PublicKeyToken=b03f5f7f11d50a3a
1>                    ImageRuntime=v4.0.30319
1>                    NuGetPackageId=Microsoft.NETCore.App.Ref
1>                    NuGetPackageVersion=3.0.0
1>                    OriginalItemSpec=C:\Users\hansnguyen\.nuget\packages\microsoft.netcore.app.ref\3.0.0\ref\netcoreapp3.0\System.Runtime.Serialization.Xml.dll
1>                    Private=false
1>                    PublicKeyToken=b03f5f7f11d50a3a
1>                    ReferenceSourceTarget=ResolveAssemblyReference
1>                    ResolvedFrom={RawFileName}
1>                    Version=
1>            C:\Users\hansnguyen\.nuget\packages\microsoft.windowsdesktop.app.ref\3.0.0\ref\netcoreapp3.0\System.Security.AccessControl.dll
1>                    AssemblyVersion=4.1.1.0
1>                    CopyLocal=false
1>                    ExternallyResolved=true
1>                    FileVersion=4.700.19.46214
1>                    FrameworkReferenceName=Microsoft.WindowsDesktop.App.WPF
1>                    FrameworkReferenceVersion=3.0.0
1>                    FusionName=System.Security.AccessControl, Version=4.1.1.0, Culture=neutral, PublicKeyToken=b03f5f7f11d50a3a
1>                    ImageRuntime=v4.0.30319
1>                    NuGetPackageId=Microsoft.WindowsDesktop.App.Ref
1>                    NuGetPackageVersion=3.0.0
1>                    OriginalItemSpec=C:\Users\hansnguyen\.nuget\packages\microsoft.windowsdesktop.app.ref\3.0.0\ref\netcoreapp3.0\System.Security.AccessControl.dll
1>                    Private=false
1>                    PublicKeyToken=b03f5f7f11d50a3a
1>                    ReferenceSourceTarget=ResolveAssemblyReference
1>                    ResolvedFrom={RawFileName}
1>                    Version=
1>            C:\Users\hansnguyen\.nuget\packages\microsoft.netcore.app.ref\3.0.0\ref\netcoreapp3.0\System.Security.Claims.dll
1>                    AssemblyVersion=4.1.1.0
1>                    CopyLocal=false
1>                    ExternallyResolved=true
1>                    FileVersion=4.700.19.46214
1>                    FrameworkReferenceName=Microsoft.NETCore.App
1>                    FrameworkReferenceVersion=3.0.0
1>                    FusionName=System.Security.Claims, Version=4.1.1.0, Culture=neutral, PublicKeyToken=b03f5f7f11d50a3a
1>                    ImageRuntime=v4.0.30319
1>                    NuGetPackageId=Microsoft.NETCore.App.Ref
1>                    NuGetPackageVersion=3.0.0
1>                    OriginalItemSpec=C:\Users\hansnguyen\.nuget\packages\microsoft.netcore.app.ref\3.0.0\ref\netcoreapp3.0\System.Security.Claims.dll
1>                    Private=false
1>                    PublicKeyToken=b03f5f7f11d50a3a
1>                    ReferenceSourceTarget=ResolveAssemblyReference
1>                    ResolvedFrom={RawFileName}
1>                    Version=
1>            C:\Users\hansnguyen\.nuget\packages\microsoft.netcore.app.ref\3.0.0\ref\netcoreapp3.0\System.Security.Cryptography.Algorithms.dll
1>                    AssemblyVersion=4.3.1.0
1>                    CopyLocal=false
1>                    ExternallyResolved=true
1>                    FileVersion=4.700.19.46214
1>                    FrameworkReferenceName=Microsoft.NETCore.App
1>                    FrameworkReferenceVersion=3.0.0
1>                    FusionName=System.Security.Cryptography.Algorithms, Version=4.3.1.0, Culture=neutral, PublicKeyToken=b03f5f7f11d50a3a
1>                    ImageRuntime=v4.0.30319
1>                    NuGetPackageId=Microsoft.NETCore.App.Ref
1>                    NuGetPackageVersion=3.0.0
1>                    OriginalItemSpec=C:\Users\hansnguyen\.nuget\packages\microsoft.netcore.app.ref\3.0.0\ref\netcoreapp3.0\System.Security.Cryptography.Algorithms.dll
1>                    Private=false
1>                    PublicKeyToken=b03f5f7f11d50a3a
1>                    ReferenceSourceTarget=ResolveAssemblyReference
1>                    ResolvedFrom={RawFileName}
1>                    Version=
1>            C:\Users\hansnguyen\.nuget\packages\microsoft.windowsdesktop.app.ref\3.0.0\ref\netcoreapp3.0\System.Security.Cryptography.Cng.dll
1>                    AssemblyVersion=4.3.2.0
1>                    CopyLocal=false
1>                    ExternallyResolved=true
1>                    FileVersion=4.700.19.46214
1>                    FrameworkReferenceName=Microsoft.WindowsDesktop.App.WPF
1>                    FrameworkReferenceVersion=3.0.0
1>                    FusionName=System.Security.Cryptography.Cng, Version=4.3.2.0, Culture=neutral, PublicKeyToken=b03f5f7f11d50a3a
1>                    ImageRuntime=v4.0.30319
1>                    NuGetPackageId=Microsoft.WindowsDesktop.App.Ref
1>                    NuGetPackageVersion=3.0.0
1>                    OriginalItemSpec=C:\Users\hansnguyen\.nuget\packages\microsoft.windowsdesktop.app.ref\3.0.0\ref\netcoreapp3.0\System.Security.Cryptography.Cng.dll
1>                    Private=false
1>                    PublicKeyToken=b03f5f7f11d50a3a
1>                    ReferenceSourceTarget=ResolveAssemblyReference
1>                    ResolvedFrom={RawFileName}
1>                    Version=
1>            C:\Users\hansnguyen\.nuget\packages\microsoft.netcore.app.ref\3.0.0\ref\netcoreapp3.0\System.Security.Cryptography.Csp.dll
1>                    AssemblyVersion=4.1.1.0
1>                    CopyLocal=false
1>                    ExternallyResolved=true
1>                    FileVersion=4.700.19.46214
1>                    FrameworkReferenceName=Microsoft.NETCore.App
1>                    FrameworkReferenceVersion=3.0.0
1>                    FusionName=System.Security.Cryptography.Csp, Version=4.1.1.0, Culture=neutral, PublicKeyToken=b03f5f7f11d50a3a
1>                    ImageRuntime=v4.0.30319
1>                    NuGetPackageId=Microsoft.NETCore.App.Ref
1>                    NuGetPackageVersion=3.0.0
1>                    OriginalItemSpec=C:\Users\hansnguyen\.nuget\packages\microsoft.netcore.app.ref\3.0.0\ref\netcoreapp3.0\System.Security.Cryptography.Csp.dll
1>                    Private=false
1>                    PublicKeyToken=b03f5f7f11d50a3a
1>                    ReferenceSourceTarget=ResolveAssemblyReference
1>                    ResolvedFrom={RawFileName}
1>                    Version=
1>            C:\Users\hansnguyen\.nuget\packages\microsoft.netcore.app.ref\3.0.0\ref\netcoreapp3.0\System.Security.Cryptography.Encoding.dll
1>                    AssemblyVersion=4.1.1.0
1>                    CopyLocal=false
1>                    ExternallyResolved=true
1>                    FileVersion=4.700.19.46214
1>                    FrameworkReferenceName=Microsoft.NETCore.App
1>                    FrameworkReferenceVersion=3.0.0
1>                    FusionName=System.Security.Cryptography.Encoding, Version=4.1.1.0, Culture=neutral, PublicKeyToken=b03f5f7f11d50a3a
1>                    ImageRuntime=v4.0.30319
1>                    NuGetPackageId=Microsoft.NETCore.App.Ref
1>                    NuGetPackageVersion=3.0.0
1>                    OriginalItemSpec=C:\Users\hansnguyen\.nuget\packages\microsoft.netcore.app.ref\3.0.0\ref\netcoreapp3.0\System.Security.Cryptography.Encoding.dll
1>                    Private=false
1>                    PublicKeyToken=b03f5f7f11d50a3a
1>                    ReferenceSourceTarget=ResolveAssemblyReference
1>                    ResolvedFrom={RawFileName}
1>                    Version=
1>            C:\Users\hansnguyen\.nuget\packages\microsoft.windowsdesktop.app.ref\3.0.0\ref\netcoreapp3.0\System.Security.Cryptography.Pkcs.dll
1>                    AssemblyVersion=4.1.0.0
1>                    CopyLocal=false
1>                    ExternallyResolved=true
1>                    FileVersion=4.700.19.46214
1>                    FrameworkReferenceName=Microsoft.WindowsDesktop.App.WPF
1>                    FrameworkReferenceVersion=3.0.0
1>                    FusionName=System.Security.Cryptography.Pkcs, Version=4.1.0.0, Culture=neutral, PublicKeyToken=b03f5f7f11d50a3a
1>                    ImageRuntime=v4.0.30319
1>                    NuGetPackageId=Microsoft.WindowsDesktop.App.Ref
1>                    NuGetPackageVersion=3.0.0
1>                    OriginalItemSpec=C:\Users\hansnguyen\.nuget\packages\microsoft.windowsdesktop.app.ref\3.0.0\ref\netcoreapp3.0\System.Security.Cryptography.Pkcs.dll
1>                    Private=false
1>                    PublicKeyToken=b03f5f7f11d50a3a
1>                    ReferenceSourceTarget=ResolveAssemblyReference
1>                    ResolvedFrom={RawFileName}
1>                    Version=
1>            C:\Users\hansnguyen\.nuget\packages\microsoft.netcore.app.ref\3.0.0\ref\netcoreapp3.0\System.Security.Cryptography.Primitives.dll
1>                    AssemblyVersion=4.1.1.0
1>                    CopyLocal=false
1>                    ExternallyResolved=true
1>                    FileVersion=4.700.19.46214
1>                    FrameworkReferenceName=Microsoft.NETCore.App
1>                    FrameworkReferenceVersion=3.0.0
1>                    FusionName=System.Security.Cryptography.Primitives, Version=4.1.1.0, Culture=neutral, PublicKeyToken=b03f5f7f11d50a3a
1>                    ImageRuntime=v4.0.30319
1>                    NuGetPackageId=Microsoft.NETCore.App.Ref
1>                    NuGetPackageVersion=3.0.0
1>                    OriginalItemSpec=C:\Users\hansnguyen\.nuget\packages\microsoft.netcore.app.ref\3.0.0\ref\netcoreapp3.0\System.Security.Cryptography.Primitives.dll
1>                    Private=false
1>                    PublicKeyToken=b03f5f7f11d50a3a
1>                    ReferenceSourceTarget=ResolveAssemblyReference
1>                    ResolvedFrom={RawFileName}
1>                    Version=
1>            C:\Users\hansnguyen\.nuget\packages\microsoft.windowsdesktop.app.ref\3.0.0\ref\netcoreapp3.0\System.Security.Cryptography.ProtectedData.dll
1>                    AssemblyVersion=4.0.4.0
1>                    CopyLocal=false
1>                    ExternallyResolved=true
1>                    FileVersion=4.700.19.46214
1>                    FrameworkReferenceName=Microsoft.WindowsDesktop.App.WPF
1>                    FrameworkReferenceVersion=3.0.0
1>                    FusionName=System.Security.Cryptography.ProtectedData, Version=4.0.4.0, Culture=neutral, PublicKeyToken=b03f5f7f11d50a3a
1>                    ImageRuntime=v4.0.30319
1>                    NuGetPackageId=Microsoft.WindowsDesktop.App.Ref
1>                    NuGetPackageVersion=3.0.0
1>                    OriginalItemSpec=C:\Users\hansnguyen\.nuget\packages\microsoft.windowsdesktop.app.ref\3.0.0\ref\netcoreapp3.0\System.Security.Cryptography.ProtectedData.dll
1>                    Private=false
1>                    PublicKeyToken=b03f5f7f11d50a3a
1>                    ReferenceSourceTarget=ResolveAssemblyReference
1>                    ResolvedFrom={RawFileName}
1>                    Version=
1>            C:\Users\hansnguyen\.nuget\packages\microsoft.netcore.app.ref\3.0.0\ref\netcoreapp3.0\System.Security.Cryptography.X509Certificates.dll
1>                    AssemblyVersion=4.2.1.0
1>                    CopyLocal=false
1>                    ExternallyResolved=true
1>                    FileVersion=4.700.19.46214
1>                    FrameworkReferenceName=Microsoft.NETCore.App
1>                    FrameworkReferenceVersion=3.0.0
1>                    FusionName=System.Security.Cryptography.X509Certificates, Version=4.2.1.0, Culture=neutral, PublicKeyToken=b03f5f7f11d50a3a
1>                    ImageRuntime=v4.0.30319
1>                    NuGetPackageId=Microsoft.NETCore.App.Ref
1>                    NuGetPackageVersion=3.0.0
1>                    OriginalItemSpec=C:\Users\hansnguyen\.nuget\packages\microsoft.netcore.app.ref\3.0.0\ref\netcoreapp3.0\System.Security.Cryptography.X509Certificates.dll
1>                    Private=false
1>                    PublicKeyToken=b03f5f7f11d50a3a
1>                    ReferenceSourceTarget=ResolveAssemblyReference
1>                    ResolvedFrom={RawFileName}
1>                    Version=
1>            C:\Users\hansnguyen\.nuget\packages\microsoft.windowsdesktop.app.ref\3.0.0\ref\netcoreapp3.0\System.Security.Cryptography.Xml.dll
1>                    AssemblyVersion=4.0.2.0
1>                    CopyLocal=false
1>                    ExternallyResolved=true
1>                    FileVersion=4.700.19.46214
1>                    FrameworkReferenceName=Microsoft.WindowsDesktop.App.WPF
1>                    FrameworkReferenceVersion=3.0.0
1>                    FusionName=System.Security.Cryptography.Xml, Version=4.0.2.0, Culture=neutral, PublicKeyToken=cc7b13ffcd2ddd51
1>                    ImageRuntime=v4.0.30319
1>                    NuGetPackageId=Microsoft.WindowsDesktop.App.Ref
1>                    NuGetPackageVersion=3.0.0
1>                    OriginalItemSpec=C:\Users\hansnguyen\.nuget\packages\microsoft.windowsdesktop.app.ref\3.0.0\ref\netcoreapp3.0\System.Security.Cryptography.Xml.dll
1>                    Private=false
1>                    PublicKeyToken=cc7b13ffcd2ddd51
1>                    ReferenceSourceTarget=ResolveAssemblyReference
1>                    ResolvedFrom={RawFileName}
1>                    Version=
1>            C:\Users\hansnguyen\.nuget\packages\microsoft.netcore.app.ref\3.0.0\ref\netcoreapp3.0\System.Security.dll
1>                    AssemblyVersion=4.0.0.0
1>                    CopyLocal=false
1>                    ExternallyResolved=true
1>                    FileVersion=4.700.19.46214
1>                    FrameworkReferenceName=Microsoft.NETCore.App
1>                    FrameworkReferenceVersion=3.0.0
1>                    FusionName=System.Security, Version=4.0.0.0, Culture=neutral, PublicKeyToken=b03f5f7f11d50a3a
1>                    ImageRuntime=v4.0.30319
1>                    NuGetPackageId=Microsoft.NETCore.App.Ref
1>                    NuGetPackageVersion=3.0.0
1>                    OriginalItemSpec=C:\Users\hansnguyen\.nuget\packages\microsoft.netcore.app.ref\3.0.0\ref\netcoreapp3.0\System.Security.dll
1>                    Private=false
1>                    PublicKeyToken=b03f5f7f11d50a3a
1>                    ReferenceSourceTarget=ResolveAssemblyReference
1>                    ResolvedFrom={RawFileName}
1>                    Version=
1>            C:\Users\hansnguyen\.nuget\packages\microsoft.windowsdesktop.app.ref\3.0.0\ref\netcoreapp3.0\System.Security.Permissions.dll
1>                    AssemblyVersion=4.0.2.0
1>                    CopyLocal=false
1>                    ExternallyResolved=true
1>                    FileVersion=4.700.19.46214
1>                    FrameworkReferenceName=Microsoft.WindowsDesktop.App.WPF
1>                    FrameworkReferenceVersion=3.0.0
1>                    FusionName=System.Security.Permissions, Version=4.0.2.0, Culture=neutral, PublicKeyToken=cc7b13ffcd2ddd51
1>                    ImageRuntime=v4.0.30319
1>                    NuGetPackageId=Microsoft.WindowsDesktop.App.Ref
1>                    NuGetPackageVersion=3.0.0
1>                    OriginalItemSpec=C:\Users\hansnguyen\.nuget\packages\microsoft.windowsdesktop.app.ref\3.0.0\ref\netcoreapp3.0\System.Security.Permissions.dll
1>                    Private=false
1>                    PublicKeyToken=cc7b13ffcd2ddd51
1>                    ReferenceSourceTarget=ResolveAssemblyReference
1>                    ResolvedFrom={RawFileName}
1>                    Version=
1>            C:\Users\hansnguyen\.nuget\packages\microsoft.netcore.app.ref\3.0.0\ref\netcoreapp3.0\System.Security.Principal.dll
1>                    AssemblyVersion=4.1.1.0
1>                    CopyLocal=false
1>                    ExternallyResolved=true
1>                    FileVersion=4.700.19.46214
1>                    FrameworkReferenceName=Microsoft.NETCore.App
1>                    FrameworkReferenceVersion=3.0.0
1>                    FusionName=System.Security.Principal, Version=4.1.1.0, Culture=neutral, PublicKeyToken=b03f5f7f11d50a3a
1>                    ImageRuntime=v4.0.30319
1>                    NuGetPackageId=Microsoft.NETCore.App.Ref
1>                    NuGetPackageVersion=3.0.0
1>                    OriginalItemSpec=C:\Users\hansnguyen\.nuget\packages\microsoft.netcore.app.ref\3.0.0\ref\netcoreapp3.0\System.Security.Principal.dll
1>                    Private=false
1>                    PublicKeyToken=b03f5f7f11d50a3a
1>                    ReferenceSourceTarget=ResolveAssemblyReference
1>                    ResolvedFrom={RawFileName}
1>                    Version=
1>            C:\Users\hansnguyen\.nuget\packages\microsoft.windowsdesktop.app.ref\3.0.0\ref\netcoreapp3.0\System.Security.Principal.Windows.dll
1>                    AssemblyVersion=4.1.1.0
1>                    CopyLocal=false
1>                    ExternallyResolved=true
1>                    FileVersion=4.700.19.46214
1>                    FrameworkReferenceName=Microsoft.WindowsDesktop.App.WPF
1>                    FrameworkReferenceVersion=3.0.0
1>                    FusionName=System.Security.Principal.Windows, Version=4.1.1.0, Culture=neutral, PublicKeyToken=b03f5f7f11d50a3a
1>                    ImageRuntime=v4.0.30319
1>                    NuGetPackageId=Microsoft.WindowsDesktop.App.Ref
1>                    NuGetPackageVersion=3.0.0
1>                    OriginalItemSpec=C:\Users\hansnguyen\.nuget\packages\microsoft.windowsdesktop.app.ref\3.0.0\ref\netcoreapp3.0\System.Security.Principal.Windows.dll
1>                    Private=false
1>                    PublicKeyToken=b03f5f7f11d50a3a
1>                    ReferenceSourceTarget=ResolveAssemblyReference
1>                    ResolvedFrom={RawFileName}
1>                    Version=
1>            C:\Users\hansnguyen\.nuget\packages\microsoft.netcore.app.ref\3.0.0\ref\netcoreapp3.0\System.Security.SecureString.dll
1>                    AssemblyVersion=4.1.1.0
1>                    CopyLocal=false
1>                    ExternallyResolved=true
1>                    FileVersion=4.700.19.46214
1>                    FrameworkReferenceName=Microsoft.NETCore.App
1>                    FrameworkReferenceVersion=3.0.0
1>                    FusionName=System.Security.SecureString, Version=4.1.1.0, Culture=neutral, PublicKeyToken=b03f5f7f11d50a3a
1>                    ImageRuntime=v4.0.30319
1>                    NuGetPackageId=Microsoft.NETCore.App.Ref
1>                    NuGetPackageVersion=3.0.0
1>                    OriginalItemSpec=C:\Users\hansnguyen\.nuget\packages\microsoft.netcore.app.ref\3.0.0\ref\netcoreapp3.0\System.Security.SecureString.dll
1>                    Private=false
1>                    PublicKeyToken=b03f5f7f11d50a3a
1>                    ReferenceSourceTarget=ResolveAssemblyReference
1>                    ResolvedFrom={RawFileName}
1>                    Version=
1>            C:\Users\hansnguyen\.nuget\packages\microsoft.netcore.app.ref\3.0.0\ref\netcoreapp3.0\System.ServiceModel.Web.dll
1>                    AssemblyVersion=4.0.0.0
1>                    CopyLocal=false
1>                    ExternallyResolved=true
1>                    FileVersion=4.700.19.46214
1>                    FrameworkReferenceName=Microsoft.NETCore.App
1>                    FrameworkReferenceVersion=3.0.0
1>                    FusionName=System.ServiceModel.Web, Version=4.0.0.0, Culture=neutral, PublicKeyToken=31bf3856ad364e35
1>                    ImageRuntime=v4.0.30319
1>                    NuGetPackageId=Microsoft.NETCore.App.Ref
1>                    NuGetPackageVersion=3.0.0
1>                    OriginalItemSpec=C:\Users\hansnguyen\.nuget\packages\microsoft.netcore.app.ref\3.0.0\ref\netcoreapp3.0\System.ServiceModel.Web.dll
1>                    Private=false
1>                    PublicKeyToken=31bf3856ad364e35
1>                    ReferenceSourceTarget=ResolveAssemblyReference
1>                    ResolvedFrom={RawFileName}
1>                    Version=
1>            C:\Users\hansnguyen\.nuget\packages\microsoft.netcore.app.ref\3.0.0\ref\netcoreapp3.0\System.ServiceProcess.dll
1>                    AssemblyVersion=4.0.0.0
1>                    CopyLocal=false
1>                    ExternallyResolved=true
1>                    FileVersion=4.700.19.46214
1>                    FrameworkReferenceName=Microsoft.NETCore.App
1>                    FrameworkReferenceVersion=3.0.0
1>                    FusionName=System.ServiceProcess, Version=4.0.0.0, Culture=neutral, PublicKeyToken=b03f5f7f11d50a3a
1>                    ImageRuntime=v4.0.30319
1>                    NuGetPackageId=Microsoft.NETCore.App.Ref
1>                    NuGetPackageVersion=3.0.0
1>                    OriginalItemSpec=C:\Users\hansnguyen\.nuget\packages\microsoft.netcore.app.ref\3.0.0\ref\netcoreapp3.0\System.ServiceProcess.dll
1>                    Private=false
1>                    PublicKeyToken=b03f5f7f11d50a3a
1>                    ReferenceSourceTarget=ResolveAssemblyReference
1>                    ResolvedFrom={RawFileName}
1>                    Version=
1>            C:\Users\hansnguyen\.nuget\packages\microsoft.netcore.app.ref\3.0.0\ref\netcoreapp3.0\System.Text.Encoding.CodePages.dll
1>                    AssemblyVersion=4.1.2.0
1>                    CopyLocal=false
1>                    ExternallyResolved=true
1>                    FileVersion=4.700.19.46214
1>                    FrameworkReferenceName=Microsoft.NETCore.App
1>                    FrameworkReferenceVersion=3.0.0
1>                    FusionName=System.Text.Encoding.CodePages, Version=4.1.2.0, Culture=neutral, PublicKeyToken=b03f5f7f11d50a3a
1>                    ImageRuntime=v4.0.30319
1>                    NuGetPackageId=Microsoft.NETCore.App.Ref
1>                    NuGetPackageVersion=3.0.0
1>                    OriginalItemSpec=C:\Users\hansnguyen\.nuget\packages\microsoft.netcore.app.ref\3.0.0\ref\netcoreapp3.0\System.Text.Encoding.CodePages.dll
1>                    Private=false
1>                    PublicKeyToken=b03f5f7f11d50a3a
1>                    ReferenceSourceTarget=ResolveAssemblyReference
1>                    ResolvedFrom={RawFileName}
1>                    Version=
1>            C:\Users\hansnguyen\.nuget\packages\microsoft.netcore.app.ref\3.0.0\ref\netcoreapp3.0\System.Text.Encoding.dll
1>                    AssemblyVersion=4.1.1.0
1>                    CopyLocal=false
1>                    ExternallyResolved=true
1>                    FileVersion=4.700.19.46214
1>                    FrameworkReferenceName=Microsoft.NETCore.App
1>                    FrameworkReferenceVersion=3.0.0
1>                    FusionName=System.Text.Encoding, Version=4.1.1.0, Culture=neutral, PublicKeyToken=b03f5f7f11d50a3a
1>                    ImageRuntime=v4.0.30319
1>                    NuGetPackageId=Microsoft.NETCore.App.Ref
1>                    NuGetPackageVersion=3.0.0
1>                    OriginalItemSpec=C:\Users\hansnguyen\.nuget\packages\microsoft.netcore.app.ref\3.0.0\ref\netcoreapp3.0\System.Text.Encoding.dll
1>                    Private=false
1>                    PublicKeyToken=b03f5f7f11d50a3a
1>                    ReferenceSourceTarget=ResolveAssemblyReference
1>                    ResolvedFrom={RawFileName}
1>                    Version=
1>            C:\Users\hansnguyen\.nuget\packages\microsoft.netcore.app.ref\3.0.0\ref\netcoreapp3.0\System.Text.Encoding.Extensions.dll
1>                    AssemblyVersion=4.1.1.0
1>                    CopyLocal=false
1>                    ExternallyResolved=true
1>                    FileVersion=4.700.19.46214
1>                    FrameworkReferenceName=Microsoft.NETCore.App
1>                    FrameworkReferenceVersion=3.0.0
1>                    FusionName=System.Text.Encoding.Extensions, Version=4.1.1.0, Culture=neutral, PublicKeyToken=b03f5f7f11d50a3a
1>                    ImageRuntime=v4.0.30319
1>                    NuGetPackageId=Microsoft.NETCore.App.Ref
1>                    NuGetPackageVersion=3.0.0
1>                    OriginalItemSpec=C:\Users\hansnguyen\.nuget\packages\microsoft.netcore.app.ref\3.0.0\ref\netcoreapp3.0\System.Text.Encoding.Extensions.dll
1>                    Private=false
1>                    PublicKeyToken=b03f5f7f11d50a3a
1>                    ReferenceSourceTarget=ResolveAssemblyReference
1>                    ResolvedFrom={RawFileName}
1>                    Version=
1>            C:\Users\hansnguyen\.nuget\packages\microsoft.netcore.app.ref\3.0.0\ref\netcoreapp3.0\System.Text.Encodings.Web.dll
1>                    AssemblyVersion=4.0.4.0
1>                    CopyLocal=false
1>                    ExternallyResolved=true
1>                    FileVersion=4.700.19.46214
1>                    FrameworkReferenceName=Microsoft.NETCore.App
1>                    FrameworkReferenceVersion=3.0.0
1>                    FusionName=System.Text.Encodings.Web, Version=4.0.4.0, Culture=neutral, PublicKeyToken=cc7b13ffcd2ddd51
1>                    ImageRuntime=v4.0.30319
1>                    NuGetPackageId=Microsoft.NETCore.App.Ref
1>                    NuGetPackageVersion=3.0.0
1>                    OriginalItemSpec=C:\Users\hansnguyen\.nuget\packages\microsoft.netcore.app.ref\3.0.0\ref\netcoreapp3.0\System.Text.Encodings.Web.dll
1>                    Private=false
1>                    PublicKeyToken=cc7b13ffcd2ddd51
1>                    ReferenceSourceTarget=ResolveAssemblyReference
1>                    ResolvedFrom={RawFileName}
1>                    Version=
1>            C:\Users\hansnguyen\.nuget\packages\microsoft.netcore.app.ref\3.0.0\ref\netcoreapp3.0\System.Text.Json.dll
1>                    AssemblyVersion=4.0.0.0
1>                    CopyLocal=false
1>                    ExternallyResolved=true
1>                    FileVersion=4.700.19.46214
1>                    FrameworkReferenceName=Microsoft.NETCore.App
1>                    FrameworkReferenceVersion=3.0.0
1>                    FusionName=System.Text.Json, Version=4.0.0.0, Culture=neutral, PublicKeyToken=cc7b13ffcd2ddd51
1>                    ImageRuntime=v4.0.30319
1>                    NuGetPackageId=Microsoft.NETCore.App.Ref
1>                    NuGetPackageVersion=3.0.0
1>                    OriginalItemSpec=C:\Users\hansnguyen\.nuget\packages\microsoft.netcore.app.ref\3.0.0\ref\netcoreapp3.0\System.Text.Json.dll
1>                    Private=false
1>                    PublicKeyToken=cc7b13ffcd2ddd51
1>                    ReferenceSourceTarget=ResolveAssemblyReference
1>                    ResolvedFrom={RawFileName}
1>                    Version=
1>            C:\Users\hansnguyen\.nuget\packages\microsoft.netcore.app.ref\3.0.0\ref\netcoreapp3.0\System.Text.RegularExpressions.dll
1>                    AssemblyVersion=4.2.1.0
1>                    CopyLocal=false
1>                    ExternallyResolved=true
1>                    FileVersion=4.700.19.46214
1>                    FrameworkReferenceName=Microsoft.NETCore.App
1>                    FrameworkReferenceVersion=3.0.0
1>                    FusionName=System.Text.RegularExpressions, Version=4.2.1.0, Culture=neutral, PublicKeyToken=b03f5f7f11d50a3a
1>                    ImageRuntime=v4.0.30319
1>                    NuGetPackageId=Microsoft.NETCore.App.Ref
1>                    NuGetPackageVersion=3.0.0
1>                    OriginalItemSpec=C:\Users\hansnguyen\.nuget\packages\microsoft.netcore.app.ref\3.0.0\ref\netcoreapp3.0\System.Text.RegularExpressions.dll
1>                    Private=false
1>                    PublicKeyToken=b03f5f7f11d50a3a
1>                    ReferenceSourceTarget=ResolveAssemblyReference
1>                    ResolvedFrom={RawFileName}
1>                    Version=
1>            C:\Users\hansnguyen\.nuget\packages\microsoft.windowsdesktop.app.ref\3.0.0\ref\netcoreapp3.0\System.Threading.AccessControl.dll
1>                    AssemblyVersion=4.0.4.0
1>                    CopyLocal=false
1>                    ExternallyResolved=true
1>                    FileVersion=4.700.19.46214
1>                    FrameworkReferenceName=Microsoft.WindowsDesktop.App.WPF
1>                    FrameworkReferenceVersion=3.0.0
1>                    FusionName=System.Threading.AccessControl, Version=4.0.4.0, Culture=neutral, PublicKeyToken=b03f5f7f11d50a3a
1>                    ImageRuntime=v4.0.30319
1>                    NuGetPackageId=Microsoft.WindowsDesktop.App.Ref
1>                    NuGetPackageVersion=3.0.0
1>                    OriginalItemSpec=C:\Users\hansnguyen\.nuget\packages\microsoft.windowsdesktop.app.ref\3.0.0\ref\netcoreapp3.0\System.Threading.AccessControl.dll
1>                    Private=false
1>                    PublicKeyToken=b03f5f7f11d50a3a
1>                    ReferenceSourceTarget=ResolveAssemblyReference
1>                    ResolvedFrom={RawFileName}
1>                    Version=
1>            C:\Users\hansnguyen\.nuget\packages\microsoft.netcore.app.ref\3.0.0\ref\netcoreapp3.0\System.Threading.Channels.dll
1>                    AssemblyVersion=4.0.1.0
1>                    CopyLocal=false
1>                    ExternallyResolved=true
1>                    FileVersion=4.700.19.46214
1>                    FrameworkReferenceName=Microsoft.NETCore.App
1>                    FrameworkReferenceVersion=3.0.0
1>                    FusionName=System.Threading.Channels, Version=4.0.1.0, Culture=neutral, PublicKeyToken=cc7b13ffcd2ddd51
1>                    ImageRuntime=v4.0.30319
1>                    NuGetPackageId=Microsoft.NETCore.App.Ref
1>                    NuGetPackageVersion=3.0.0
1>                    OriginalItemSpec=C:\Users\hansnguyen\.nuget\packages\microsoft.netcore.app.ref\3.0.0\ref\netcoreapp3.0\System.Threading.Channels.dll
1>                    Private=false
1>                    PublicKeyToken=cc7b13ffcd2ddd51
1>                    ReferenceSourceTarget=ResolveAssemblyReference
1>                    ResolvedFrom={RawFileName}
1>                    Version=
1>            C:\Users\hansnguyen\.nuget\packages\microsoft.netcore.app.ref\3.0.0\ref\netcoreapp3.0\System.Threading.dll
1>                    AssemblyVersion=4.1.1.0
1>                    CopyLocal=false
1>                    ExternallyResolved=true
1>                    FileVersion=4.700.19.46214
1>                    FrameworkReferenceName=Microsoft.NETCore.App
1>                    FrameworkReferenceVersion=3.0.0
1>                    FusionName=System.Threading, Version=4.1.1.0, Culture=neutral, PublicKeyToken=b03f5f7f11d50a3a
1>                    ImageRuntime=v4.0.30319
1>                    NuGetPackageId=Microsoft.NETCore.App.Ref
1>                    NuGetPackageVersion=3.0.0
1>                    OriginalItemSpec=C:\Users\hansnguyen\.nuget\packages\microsoft.netcore.app.ref\3.0.0\ref\netcoreapp3.0\System.Threading.dll
1>                    Private=false
1>                    PublicKeyToken=b03f5f7f11d50a3a
1>                    ReferenceSourceTarget=ResolveAssemblyReference
1>                    ResolvedFrom={RawFileName}
1>                    Version=
1>            C:\Users\hansnguyen\.nuget\packages\microsoft.netcore.app.ref\3.0.0\ref\netcoreapp3.0\System.Threading.Overlapped.dll
1>                    AssemblyVersion=4.1.1.0
1>                    CopyLocal=false
1>                    ExternallyResolved=true
1>                    FileVersion=4.700.19.46214
1>                    FrameworkReferenceName=Microsoft.NETCore.App
1>                    FrameworkReferenceVersion=3.0.0
1>                    FusionName=System.Threading.Overlapped, Version=4.1.1.0, Culture=neutral, PublicKeyToken=b03f5f7f11d50a3a
1>                    ImageRuntime=v4.0.30319
1>                    NuGetPackageId=Microsoft.NETCore.App.Ref
1>                    NuGetPackageVersion=3.0.0
1>                    OriginalItemSpec=C:\Users\hansnguyen\.nuget\packages\microsoft.netcore.app.ref\3.0.0\ref\netcoreapp3.0\System.Threading.Overlapped.dll
1>                    Private=false
1>                    PublicKeyToken=b03f5f7f11d50a3a
1>                    ReferenceSourceTarget=ResolveAssemblyReference
1>                    ResolvedFrom={RawFileName}
1>                    Version=
1>            C:\Users\hansnguyen\.nuget\packages\microsoft.netcore.app.ref\3.0.0\ref\netcoreapp3.0\System.Threading.Tasks.Dataflow.dll
1>                    AssemblyVersion=4.6.4.0
1>                    CopyLocal=false
1>                    ExternallyResolved=true
1>                    FileVersion=4.700.19.46214
1>                    FrameworkReferenceName=Microsoft.NETCore.App
1>                    FrameworkReferenceVersion=3.0.0
1>                    FusionName=System.Threading.Tasks.Dataflow, Version=4.6.4.0, Culture=neutral, PublicKeyToken=b03f5f7f11d50a3a
1>                    ImageRuntime=v4.0.30319
1>                    NuGetPackageId=Microsoft.NETCore.App.Ref
1>                    NuGetPackageVersion=3.0.0
1>                    OriginalItemSpec=C:\Users\hansnguyen\.nuget\packages\microsoft.netcore.app.ref\3.0.0\ref\netcoreapp3.0\System.Threading.Tasks.Dataflow.dll
1>                    Private=false
1>                    PublicKeyToken=b03f5f7f11d50a3a
1>                    ReferenceSourceTarget=ResolveAssemblyReference
1>                    ResolvedFrom={RawFileName}
1>                    Version=
1>            C:\Users\hansnguyen\.nuget\packages\microsoft.netcore.app.ref\3.0.0\ref\netcoreapp3.0\System.Threading.Tasks.dll
1>                    AssemblyVersion=4.1.1.0
1>                    CopyLocal=false
1>                    ExternallyResolved=true
1>                    FileVersion=4.700.19.46214
1>                    FrameworkReferenceName=Microsoft.NETCore.App
1>                    FrameworkReferenceVersion=3.0.0
1>                    FusionName=System.Threading.Tasks, Version=4.1.1.0, Culture=neutral, PublicKeyToken=b03f5f7f11d50a3a
1>                    ImageRuntime=v4.0.30319
1>                    NuGetPackageId=Microsoft.NETCore.App.Ref
1>                    NuGetPackageVersion=3.0.0
1>                    OriginalItemSpec=C:\Users\hansnguyen\.nuget\packages\microsoft.netcore.app.ref\3.0.0\ref\netcoreapp3.0\System.Threading.Tasks.dll
1>                    Private=false
1>                    PublicKeyToken=b03f5f7f11d50a3a
1>                    ReferenceSourceTarget=ResolveAssemblyReference
1>                    ResolvedFrom={RawFileName}
1>                    Version=
1>            C:\Users\hansnguyen\.nuget\packages\microsoft.netcore.app.ref\3.0.0\ref\netcoreapp3.0\System.Threading.Tasks.Extensions.dll
1>                    AssemblyVersion=4.3.0.0
1>                    CopyLocal=false
1>                    ExternallyResolved=true
1>                    FileVersion=4.700.19.46214
1>                    FrameworkReferenceName=Microsoft.NETCore.App
1>                    FrameworkReferenceVersion=3.0.0
1>                    FusionName=System.Threading.Tasks.Extensions, Version=4.3.0.0, Culture=neutral, PublicKeyToken=cc7b13ffcd2ddd51
1>                    ImageRuntime=v4.0.30319
1>                    NuGetPackageId=Microsoft.NETCore.App.Ref
1>                    NuGetPackageVersion=3.0.0
1>                    OriginalItemSpec=C:\Users\hansnguyen\.nuget\packages\microsoft.netcore.app.ref\3.0.0\ref\netcoreapp3.0\System.Threading.Tasks.Extensions.dll
1>                    Private=false
1>                    PublicKeyToken=cc7b13ffcd2ddd51
1>                    ReferenceSourceTarget=ResolveAssemblyReference
1>                    ResolvedFrom={RawFileName}
1>                    Version=
1>            C:\Users\hansnguyen\.nuget\packages\microsoft.netcore.app.ref\3.0.0\ref\netcoreapp3.0\System.Threading.Tasks.Parallel.dll
1>                    AssemblyVersion=4.0.3.0
1>                    CopyLocal=false
1>                    ExternallyResolved=true
1>                    FileVersion=4.700.19.46214
1>                    FrameworkReferenceName=Microsoft.NETCore.App
1>                    FrameworkReferenceVersion=3.0.0
1>                    FusionName=System.Threading.Tasks.Parallel, Version=4.0.3.0, Culture=neutral, PublicKeyToken=b03f5f7f11d50a3a
1>                    ImageRuntime=v4.0.30319
1>                    NuGetPackageId=Microsoft.NETCore.App.Ref
1>                    NuGetPackageVersion=3.0.0
1>                    OriginalItemSpec=C:\Users\hansnguyen\.nuget\packages\microsoft.netcore.app.ref\3.0.0\ref\netcoreapp3.0\System.Threading.Tasks.Parallel.dll
1>                    Private=false
1>                    PublicKeyToken=b03f5f7f11d50a3a
1>                    ReferenceSourceTarget=ResolveAssemblyReference
1>                    ResolvedFrom={RawFileName}
1>                    Version=
1>            C:\Users\hansnguyen\.nuget\packages\microsoft.netcore.app.ref\3.0.0\ref\netcoreapp3.0\System.Threading.Thread.dll
1>                    AssemblyVersion=4.1.1.0
1>                    CopyLocal=false
1>                    ExternallyResolved=true
1>                    FileVersion=4.700.19.46214
1>                    FrameworkReferenceName=Microsoft.NETCore.App
1>                    FrameworkReferenceVersion=3.0.0
1>                    FusionName=System.Threading.Thread, Version=4.1.1.0, Culture=neutral, PublicKeyToken=b03f5f7f11d50a3a
1>                    ImageRuntime=v4.0.30319
1>                    NuGetPackageId=Microsoft.NETCore.App.Ref
1>                    NuGetPackageVersion=3.0.0
1>                    OriginalItemSpec=C:\Users\hansnguyen\.nuget\packages\microsoft.netcore.app.ref\3.0.0\ref\netcoreapp3.0\System.Threading.Thread.dll
1>                    Private=false
1>                    PublicKeyToken=b03f5f7f11d50a3a
1>                    ReferenceSourceTarget=ResolveAssemblyReference
1>                    ResolvedFrom={RawFileName}
1>                    Version=
1>            C:\Users\hansnguyen\.nuget\packages\microsoft.netcore.app.ref\3.0.0\ref\netcoreapp3.0\System.Threading.ThreadPool.dll
1>                    AssemblyVersion=4.1.1.0
1>                    CopyLocal=false
1>                    ExternallyResolved=true
1>                    FileVersion=4.700.19.46214
1>                    FrameworkReferenceName=Microsoft.NETCore.App
1>                    FrameworkReferenceVersion=3.0.0
1>                    FusionName=System.Threading.ThreadPool, Version=4.1.1.0, Culture=neutral, PublicKeyToken=b03f5f7f11d50a3a
1>                    ImageRuntime=v4.0.30319
1>                    NuGetPackageId=Microsoft.NETCore.App.Ref
1>                    NuGetPackageVersion=3.0.0
1>                    OriginalItemSpec=C:\Users\hansnguyen\.nuget\packages\microsoft.netcore.app.ref\3.0.0\ref\netcoreapp3.0\System.Threading.ThreadPool.dll
1>                    Private=false
1>                    PublicKeyToken=b03f5f7f11d50a3a
1>                    ReferenceSourceTarget=ResolveAssemblyReference
1>                    ResolvedFrom={RawFileName}
1>                    Version=
1>            C:\Users\hansnguyen\.nuget\packages\microsoft.netcore.app.ref\3.0.0\ref\netcoreapp3.0\System.Threading.Timer.dll
1>                    AssemblyVersion=4.1.1.0
1>                    CopyLocal=false
1>                    ExternallyResolved=true
1>                    FileVersion=4.700.19.46214
1>                    FrameworkReferenceName=Microsoft.NETCore.App
1>                    FrameworkReferenceVersion=3.0.0
1>                    FusionName=System.Threading.Timer, Version=4.1.1.0, Culture=neutral, PublicKeyToken=b03f5f7f11d50a3a
1>                    ImageRuntime=v4.0.30319
1>                    NuGetPackageId=Microsoft.NETCore.App.Ref
1>                    NuGetPackageVersion=3.0.0
1>                    OriginalItemSpec=C:\Users\hansnguyen\.nuget\packages\microsoft.netcore.app.ref\3.0.0\ref\netcoreapp3.0\System.Threading.Timer.dll
1>                    Private=false
1>                    PublicKeyToken=b03f5f7f11d50a3a
1>                    ReferenceSourceTarget=ResolveAssemblyReference
1>                    ResolvedFrom={RawFileName}
1>                    Version=
1>            C:\Users\hansnguyen\.nuget\packages\microsoft.netcore.app.ref\3.0.0\ref\netcoreapp3.0\System.Transactions.dll
1>                    AssemblyVersion=4.0.0.0
1>                    CopyLocal=false
1>                    ExternallyResolved=true
1>                    FileVersion=4.700.19.46214
1>                    FrameworkReferenceName=Microsoft.NETCore.App
1>                    FrameworkReferenceVersion=3.0.0
1>                    FusionName=System.Transactions, Version=4.0.0.0, Culture=neutral, PublicKeyToken=b77a5c561934e089
1>                    ImageRuntime=v4.0.30319
1>                    NuGetPackageId=Microsoft.NETCore.App.Ref
1>                    NuGetPackageVersion=3.0.0
1>                    OriginalItemSpec=C:\Users\hansnguyen\.nuget\packages\microsoft.netcore.app.ref\3.0.0\ref\netcoreapp3.0\System.Transactions.dll
1>                    Private=false
1>                    PublicKeyToken=b77a5c561934e089
1>                    ReferenceSourceTarget=ResolveAssemblyReference
1>                    ResolvedFrom={RawFileName}
1>                    Version=
1>            C:\Users\hansnguyen\.nuget\packages\microsoft.netcore.app.ref\3.0.0\ref\netcoreapp3.0\System.Transactions.Local.dll
1>                    AssemblyVersion=4.0.1.0
1>                    CopyLocal=false
1>                    ExternallyResolved=true
1>                    FileVersion=4.700.19.46214
1>                    FrameworkReferenceName=Microsoft.NETCore.App
1>                    FrameworkReferenceVersion=3.0.0
1>                    FusionName=System.Transactions.Local, Version=4.0.1.0, Culture=neutral, PublicKeyToken=cc7b13ffcd2ddd51
1>                    ImageRuntime=v4.0.30319
1>                    NuGetPackageId=Microsoft.NETCore.App.Ref
1>                    NuGetPackageVersion=3.0.0
1>                    OriginalItemSpec=C:\Users\hansnguyen\.nuget\packages\microsoft.netcore.app.ref\3.0.0\ref\netcoreapp3.0\System.Transactions.Local.dll
1>                    Private=false
1>                    PublicKeyToken=cc7b13ffcd2ddd51
1>                    ReferenceSourceTarget=ResolveAssemblyReference
1>                    ResolvedFrom={RawFileName}
1>                    Version=
1>            C:\Users\hansnguyen\.nuget\packages\microsoft.netcore.app.ref\3.0.0\ref\netcoreapp3.0\System.ValueTuple.dll
1>                    AssemblyVersion=4.0.3.0
1>                    CopyLocal=false
1>                    ExternallyResolved=true
1>                    FileVersion=4.700.19.46214
1>                    FrameworkReferenceName=Microsoft.NETCore.App
1>                    FrameworkReferenceVersion=3.0.0
1>                    FusionName=System.ValueTuple, Version=4.0.3.0, Culture=neutral, PublicKeyToken=cc7b13ffcd2ddd51
1>                    ImageRuntime=v4.0.30319
1>                    NuGetPackageId=Microsoft.NETCore.App.Ref
1>                    NuGetPackageVersion=3.0.0
1>                    OriginalItemSpec=C:\Users\hansnguyen\.nuget\packages\microsoft.netcore.app.ref\3.0.0\ref\netcoreapp3.0\System.ValueTuple.dll
1>                    Private=false
1>                    PublicKeyToken=cc7b13ffcd2ddd51
1>                    ReferenceSourceTarget=ResolveAssemblyReference
1>                    ResolvedFrom={RawFileName}
1>                    Version=
1>            C:\Users\hansnguyen\.nuget\packages\microsoft.netcore.app.ref\3.0.0\ref\netcoreapp3.0\System.Web.dll
1>                    AssemblyVersion=4.0.0.0
1>                    CopyLocal=false
1>                    ExternallyResolved=true
1>                    FileVersion=4.700.19.46214
1>                    FrameworkReferenceName=Microsoft.NETCore.App
1>                    FrameworkReferenceVersion=3.0.0
1>                    FusionName=System.Web, Version=4.0.0.0, Culture=neutral, PublicKeyToken=b03f5f7f11d50a3a
1>                    ImageRuntime=v4.0.30319
1>                    NuGetPackageId=Microsoft.NETCore.App.Ref
1>                    NuGetPackageVersion=3.0.0
1>                    OriginalItemSpec=C:\Users\hansnguyen\.nuget\packages\microsoft.netcore.app.ref\3.0.0\ref\netcoreapp3.0\System.Web.dll
1>                    Private=false
1>                    PublicKeyToken=b03f5f7f11d50a3a
1>                    ReferenceSourceTarget=ResolveAssemblyReference
1>                    ResolvedFrom={RawFileName}
1>                    Version=
1>            C:\Users\hansnguyen\.nuget\packages\microsoft.netcore.app.ref\3.0.0\ref\netcoreapp3.0\System.Web.HttpUtility.dll
1>                    AssemblyVersion=4.0.1.0
1>                    CopyLocal=false
1>                    ExternallyResolved=true
1>                    FileVersion=4.700.19.46214
1>                    FrameworkReferenceName=Microsoft.NETCore.App
1>                    FrameworkReferenceVersion=3.0.0
1>                    FusionName=System.Web.HttpUtility, Version=4.0.1.0, Culture=neutral, PublicKeyToken=cc7b13ffcd2ddd51
1>                    ImageRuntime=v4.0.30319
1>                    NuGetPackageId=Microsoft.NETCore.App.Ref
1>                    NuGetPackageVersion=3.0.0
1>                    OriginalItemSpec=C:\Users\hansnguyen\.nuget\packages\microsoft.netcore.app.ref\3.0.0\ref\netcoreapp3.0\System.Web.HttpUtility.dll
1>                    Private=false
1>                    PublicKeyToken=cc7b13ffcd2ddd51
1>                    ReferenceSourceTarget=ResolveAssemblyReference
1>                    ResolvedFrom={RawFileName}
1>                    Version=
1>            C:\Users\hansnguyen\.nuget\packages\microsoft.windowsdesktop.app.ref\3.0.0\ref\netcoreapp3.0\System.Windows.Controls.Ribbon.dll
1>                    AssemblyVersion=4.0.0.0
1>                    CopyLocal=false
1>                    ExternallyResolved=true
1>                    FileVersion=4.800.19.46214
1>                    FrameworkReferenceName=Microsoft.WindowsDesktop.App.WPF
1>                    FrameworkReferenceVersion=3.0.0
1>                    FusionName=System.Windows.Controls.Ribbon, Version=4.0.0.0, Culture=neutral, PublicKeyToken=b77a5c561934e089
1>                    ImageRuntime=v4.0.30319
1>                    NuGetPackageId=Microsoft.WindowsDesktop.App.Ref
1>                    NuGetPackageVersion=3.0.0
1>                    OriginalItemSpec=C:\Users\hansnguyen\.nuget\packages\microsoft.windowsdesktop.app.ref\3.0.0\ref\netcoreapp3.0\System.Windows.Controls.Ribbon.dll
1>                    Private=false
1>                    PublicKeyToken=b77a5c561934e089
1>                    ReferenceSourceTarget=ResolveAssemblyReference
1>                    ResolvedFrom={RawFileName}
1>                    Version=
1>            C:\Users\hansnguyen\.nuget\packages\microsoft.netcore.app.ref\3.0.0\ref\netcoreapp3.0\System.Windows.dll
1>                    AssemblyVersion=4.0.0.0
1>                    CopyLocal=false
1>                    ExternallyResolved=true
1>                    FileVersion=4.700.19.46214
1>                    FrameworkReferenceName=Microsoft.NETCore.App
1>                    FrameworkReferenceVersion=3.0.0
1>                    FusionName=System.Windows, Version=4.0.0.0, Culture=neutral, PublicKeyToken=b03f5f7f11d50a3a
1>                    ImageRuntime=v4.0.30319
1>                    NuGetPackageId=Microsoft.NETCore.App.Ref
1>                    NuGetPackageVersion=3.0.0
1>                    OriginalItemSpec=C:\Users\hansnguyen\.nuget\packages\microsoft.netcore.app.ref\3.0.0\ref\netcoreapp3.0\System.Windows.dll
1>                    Private=false
1>                    PublicKeyToken=b03f5f7f11d50a3a
1>                    ReferenceSourceTarget=ResolveAssemblyReference
1>                    ResolvedFrom={RawFileName}
1>                    Version=
1>            C:\Users\hansnguyen\.nuget\packages\microsoft.windowsdesktop.app.ref\3.0.0\ref\netcoreapp3.0\System.Windows.Extensions.dll
1>                    AssemblyVersion=4.0.0.0
1>                    CopyLocal=false
1>                    ExternallyResolved=true
1>                    FileVersion=4.700.19.46214
1>                    FrameworkReferenceName=Microsoft.WindowsDesktop.App.WPF
1>                    FrameworkReferenceVersion=3.0.0
1>                    FusionName=System.Windows.Extensions, Version=4.0.0.0, Culture=neutral, PublicKeyToken=cc7b13ffcd2ddd51
1>                    ImageRuntime=v4.0.30319
1>                    NuGetPackageId=Microsoft.WindowsDesktop.App.Ref
1>                    NuGetPackageVersion=3.0.0
1>                    OriginalItemSpec=C:\Users\hansnguyen\.nuget\packages\microsoft.windowsdesktop.app.ref\3.0.0\ref\netcoreapp3.0\System.Windows.Extensions.dll
1>                    Private=false
1>                    PublicKeyToken=cc7b13ffcd2ddd51
1>                    ReferenceSourceTarget=ResolveAssemblyReference
1>                    ResolvedFrom={RawFileName}
1>                    Version=
1>            C:\Users\hansnguyen\.nuget\packages\microsoft.windowsdesktop.app.ref\3.0.0\ref\netcoreapp3.0\System.Windows.Input.Manipulations.dll
1>                    AssemblyVersion=4.0.0.0
1>                    CopyLocal=false
1>                    ExternallyResolved=true
1>                    FileVersion=4.800.19.46214
1>                    FrameworkReferenceName=Microsoft.WindowsDesktop.App.WPF
1>                    FrameworkReferenceVersion=3.0.0
1>                    FusionName=System.Windows.Input.Manipulations, Version=4.0.0.0, Culture=neutral, PublicKeyToken=b77a5c561934e089
1>                    ImageRuntime=v4.0.30319
1>                    NuGetPackageId=Microsoft.WindowsDesktop.App.Ref
1>                    NuGetPackageVersion=3.0.0
1>                    OriginalItemSpec=C:\Users\hansnguyen\.nuget\packages\microsoft.windowsdesktop.app.ref\3.0.0\ref\netcoreapp3.0\System.Windows.Input.Manipulations.dll
1>                    Private=false
1>                    PublicKeyToken=b77a5c561934e089
1>                    ReferenceSourceTarget=ResolveAssemblyReference
1>                    ResolvedFrom={RawFileName}
1>                    Version=
1>            C:\Users\hansnguyen\.nuget\packages\microsoft.windowsdesktop.app.ref\3.0.0\ref\netcoreapp3.0\System.Windows.Presentation.dll
1>                    AssemblyVersion=4.0.0.0
1>                    CopyLocal=false
1>                    ExternallyResolved=true
1>                    FileVersion=4.800.19.46214
1>                    FrameworkReferenceName=Microsoft.WindowsDesktop.App.WPF
1>                    FrameworkReferenceVersion=3.0.0
1>                    FusionName=System.Windows.Presentation, Version=4.0.0.0, Culture=neutral, PublicKeyToken=b77a5c561934e089
1>                    ImageRuntime=v4.0.30319
1>                    NuGetPackageId=Microsoft.WindowsDesktop.App.Ref
1>                    NuGetPackageVersion=3.0.0
1>                    OriginalItemSpec=C:\Users\hansnguyen\.nuget\packages\microsoft.windowsdesktop.app.ref\3.0.0\ref\netcoreapp3.0\System.Windows.Presentation.dll
1>                    Private=false
1>                    PublicKeyToken=b77a5c561934e089
1>                    ReferenceSourceTarget=ResolveAssemblyReference
1>                    ResolvedFrom={RawFileName}
1>                    Version=
1>            C:\Users\hansnguyen\.nuget\packages\microsoft.windowsdesktop.app.ref\3.0.0\ref\netcoreapp3.0\System.Xaml.dll
1>                    AssemblyVersion=4.0.0.0
1>                    CopyLocal=false
1>                    ExternallyResolved=true
1>                    FileVersion=4.800.19.46214
1>                    FrameworkReferenceName=Microsoft.WindowsDesktop.App.WPF
1>                    FrameworkReferenceVersion=3.0.0
1>                    FusionName=System.Xaml, Version=4.0.0.0, Culture=neutral, PublicKeyToken=b77a5c561934e089
1>                    ImageRuntime=v4.0.30319
1>                    NuGetPackageId=Microsoft.WindowsDesktop.App.Ref
1>                    NuGetPackageVersion=3.0.0
1>                    OriginalItemSpec=C:\Users\hansnguyen\.nuget\packages\microsoft.windowsdesktop.app.ref\3.0.0\ref\netcoreapp3.0\System.Xaml.dll
1>                    Private=false
1>                    PublicKeyToken=b77a5c561934e089
1>                    ReferenceSourceTarget=ResolveAssemblyReference
1>                    ResolvedFrom={RawFileName}
1>                    Version=
1>            C:\Users\hansnguyen\.nuget\packages\microsoft.netcore.app.ref\3.0.0\ref\netcoreapp3.0\System.Xml.dll
1>                    AssemblyVersion=4.0.0.0
1>                    CopyLocal=false
1>                    ExternallyResolved=true
1>                    FileVersion=4.700.19.46214
1>                    FrameworkReferenceName=Microsoft.NETCore.App
1>                    FrameworkReferenceVersion=3.0.0
1>                    FusionName=System.Xml, Version=4.0.0.0, Culture=neutral, PublicKeyToken=b77a5c561934e089
1>                    ImageRuntime=v4.0.30319
1>                    NuGetPackageId=Microsoft.NETCore.App.Ref
1>                    NuGetPackageVersion=3.0.0
1>                    OriginalItemSpec=C:\Users\hansnguyen\.nuget\packages\microsoft.netcore.app.ref\3.0.0\ref\netcoreapp3.0\System.Xml.dll
1>                    Private=false
1>                    PublicKeyToken=b77a5c561934e089
1>                    ReferenceSourceTarget=ResolveAssemblyReference
1>                    ResolvedFrom={RawFileName}
1>                    Version=
1>            C:\Users\hansnguyen\.nuget\packages\microsoft.netcore.app.ref\3.0.0\ref\netcoreapp3.0\System.Xml.Linq.dll
1>                    AssemblyVersion=4.0.0.0
1>                    CopyLocal=false
1>                    ExternallyResolved=true
1>                    FileVersion=4.700.19.46214
1>                    FrameworkReferenceName=Microsoft.NETCore.App
1>                    FrameworkReferenceVersion=3.0.0
1>                    FusionName=System.Xml.Linq, Version=4.0.0.0, Culture=neutral, PublicKeyToken=b77a5c561934e089
1>                    ImageRuntime=v4.0.30319
1>                    NuGetPackageId=Microsoft.NETCore.App.Ref
1>                    NuGetPackageVersion=3.0.0
1>                    OriginalItemSpec=C:\Users\hansnguyen\.nuget\packages\microsoft.netcore.app.ref\3.0.0\ref\netcoreapp3.0\System.Xml.Linq.dll
1>                    Private=false
1>                    PublicKeyToken=b77a5c561934e089
1>                    ReferenceSourceTarget=ResolveAssemblyReference
1>                    ResolvedFrom={RawFileName}
1>                    Version=
1>            C:\Users\hansnguyen\.nuget\packages\microsoft.netcore.app.ref\3.0.0\ref\netcoreapp3.0\System.Xml.ReaderWriter.dll
1>                    AssemblyVersion=4.2.1.0
1>                    CopyLocal=false
1>                    ExternallyResolved=true
1>                    FileVersion=4.700.19.46214
1>                    FrameworkReferenceName=Microsoft.NETCore.App
1>                    FrameworkReferenceVersion=3.0.0
1>                    FusionName=System.Xml.ReaderWriter, Version=4.2.1.0, Culture=neutral, PublicKeyToken=b03f5f7f11d50a3a
1>                    ImageRuntime=v4.0.30319
1>                    NuGetPackageId=Microsoft.NETCore.App.Ref
1>                    NuGetPackageVersion=3.0.0
1>                    OriginalItemSpec=C:\Users\hansnguyen\.nuget\packages\microsoft.netcore.app.ref\3.0.0\ref\netcoreapp3.0\System.Xml.ReaderWriter.dll
1>                    Private=false
1>                    PublicKeyToken=b03f5f7f11d50a3a
1>                    ReferenceSourceTarget=ResolveAssemblyReference
1>                    ResolvedFrom={RawFileName}
1>                    Version=
1>            C:\Users\hansnguyen\.nuget\packages\microsoft.netcore.app.ref\3.0.0\ref\netcoreapp3.0\System.Xml.Serialization.dll
1>                    AssemblyVersion=4.0.0.0
1>                    CopyLocal=false
1>                    ExternallyResolved=true
1>                    FileVersion=4.700.19.46214
1>                    FrameworkReferenceName=Microsoft.NETCore.App
1>                    FrameworkReferenceVersion=3.0.0
1>                    FusionName=System.Xml.Serialization, Version=4.0.0.0, Culture=neutral, PublicKeyToken=b77a5c561934e089
1>                    ImageRuntime=v4.0.30319
1>                    NuGetPackageId=Microsoft.NETCore.App.Ref
1>                    NuGetPackageVersion=3.0.0
1>                    OriginalItemSpec=C:\Users\hansnguyen\.nuget\packages\microsoft.netcore.app.ref\3.0.0\ref\netcoreapp3.0\System.Xml.Serialization.dll
1>                    Private=false
1>                    PublicKeyToken=b77a5c561934e089
1>                    ReferenceSourceTarget=ResolveAssemblyReference
1>                    ResolvedFrom={RawFileName}
1>                    Version=
1>            C:\Users\hansnguyen\.nuget\packages\microsoft.netcore.app.ref\3.0.0\ref\netcoreapp3.0\System.Xml.XDocument.dll
1>                    AssemblyVersion=4.1.1.0
1>                    CopyLocal=false
1>                    ExternallyResolved=true
1>                    FileVersion=4.700.19.46214
1>                    FrameworkReferenceName=Microsoft.NETCore.App
1>                    FrameworkReferenceVersion=3.0.0
1>                    FusionName=System.Xml.XDocument, Version=4.1.1.0, Culture=neutral, PublicKeyToken=b03f5f7f11d50a3a
1>                    ImageRuntime=v4.0.30319
1>                    NuGetPackageId=Microsoft.NETCore.App.Ref
1>                    NuGetPackageVersion=3.0.0
1>                    OriginalItemSpec=C:\Users\hansnguyen\.nuget\packages\microsoft.netcore.app.ref\3.0.0\ref\netcoreapp3.0\System.Xml.XDocument.dll
1>                    Private=false
1>                    PublicKeyToken=b03f5f7f11d50a3a
1>                    ReferenceSourceTarget=ResolveAssemblyReference
1>                    ResolvedFrom={RawFileName}
1>                    Version=
1>            C:\Users\hansnguyen\.nuget\packages\microsoft.netcore.app.ref\3.0.0\ref\netcoreapp3.0\System.Xml.XmlDocument.dll
1>                    AssemblyVersion=4.1.1.0
1>                    CopyLocal=false
1>                    ExternallyResolved=true
1>                    FileVersion=4.700.19.46214
1>                    FrameworkReferenceName=Microsoft.NETCore.App
1>                    FrameworkReferenceVersion=3.0.0
1>                    FusionName=System.Xml.XmlDocument, Version=4.1.1.0, Culture=neutral, PublicKeyToken=b03f5f7f11d50a3a
1>                    ImageRuntime=v4.0.30319
1>                    NuGetPackageId=Microsoft.NETCore.App.Ref
1>                    NuGetPackageVersion=3.0.0
1>                    OriginalItemSpec=C:\Users\hansnguyen\.nuget\packages\microsoft.netcore.app.ref\3.0.0\ref\netcoreapp3.0\System.Xml.XmlDocument.dll
1>                    Private=false
1>                    PublicKeyToken=b03f5f7f11d50a3a
1>                    ReferenceSourceTarget=ResolveAssemblyReference
1>                    ResolvedFrom={RawFileName}
1>                    Version=
1>            C:\Users\hansnguyen\.nuget\packages\microsoft.netcore.app.ref\3.0.0\ref\netcoreapp3.0\System.Xml.XmlSerializer.dll
1>                    AssemblyVersion=4.1.1.0
1>                    CopyLocal=false
1>                    ExternallyResolved=true
1>                    FileVersion=4.700.19.46214
1>                    FrameworkReferenceName=Microsoft.NETCore.App
1>                    FrameworkReferenceVersion=3.0.0
1>                    FusionName=System.Xml.XmlSerializer, Version=4.1.1.0, Culture=neutral, PublicKeyToken=b03f5f7f11d50a3a
1>                    ImageRuntime=v4.0.30319
1>                    NuGetPackageId=Microsoft.NETCore.App.Ref
1>                    NuGetPackageVersion=3.0.0
1>                    OriginalItemSpec=C:\Users\hansnguyen\.nuget\packages\microsoft.netcore.app.ref\3.0.0\ref\netcoreapp3.0\System.Xml.XmlSerializer.dll
1>                    Private=false
1>                    PublicKeyToken=b03f5f7f11d50a3a
1>                    ReferenceSourceTarget=ResolveAssemblyReference
1>                    ResolvedFrom={RawFileName}
1>                    Version=
1>            C:\Users\hansnguyen\.nuget\packages\microsoft.netcore.app.ref\3.0.0\ref\netcoreapp3.0\System.Xml.XPath.dll
1>                    AssemblyVersion=4.1.1.0
1>                    CopyLocal=false
1>                    ExternallyResolved=true
1>                    FileVersion=4.700.19.46214
1>                    FrameworkReferenceName=Microsoft.NETCore.App
1>                    FrameworkReferenceVersion=3.0.0
1>                    FusionName=System.Xml.XPath, Version=4.1.1.0, Culture=neutral, PublicKeyToken=b03f5f7f11d50a3a
1>                    ImageRuntime=v4.0.30319
1>                    NuGetPackageId=Microsoft.NETCore.App.Ref
1>                    NuGetPackageVersion=3.0.0
1>                    OriginalItemSpec=C:\Users\hansnguyen\.nuget\packages\microsoft.netcore.app.ref\3.0.0\ref\netcoreapp3.0\System.Xml.XPath.dll
1>                    Private=false
1>                    PublicKeyToken=b03f5f7f11d50a3a
1>                    ReferenceSourceTarget=ResolveAssemblyReference
1>                    ResolvedFrom={RawFileName}
1>                    Version=
1>            C:\Users\hansnguyen\.nuget\packages\microsoft.netcore.app.ref\3.0.0\ref\netcoreapp3.0\System.Xml.XPath.XDocument.dll
1>                    AssemblyVersion=4.1.1.0
1>                    CopyLocal=false
1>                    ExternallyResolved=true
1>                    FileVersion=4.700.19.46214
1>                    FrameworkReferenceName=Microsoft.NETCore.App
1>                    FrameworkReferenceVersion=3.0.0
1>                    FusionName=System.Xml.XPath.XDocument, Version=4.1.1.0, Culture=neutral, PublicKeyToken=b03f5f7f11d50a3a
1>                    ImageRuntime=v4.0.30319
1>                    NuGetPackageId=Microsoft.NETCore.App.Ref
1>                    NuGetPackageVersion=3.0.0
1>                    OriginalItemSpec=C:\Users\hansnguyen\.nuget\packages\microsoft.netcore.app.ref\3.0.0\ref\netcoreapp3.0\System.Xml.XPath.XDocument.dll
1>                    Private=false
1>                    PublicKeyToken=b03f5f7f11d50a3a
1>                    ReferenceSourceTarget=ResolveAssemblyReference
1>                    ResolvedFrom={RawFileName}
1>                    Version=
1>            C:\Users\hansnguyen\.nuget\packages\microsoft.windowsdesktop.app.ref\3.0.0\ref\netcoreapp3.0\UIAutomationClient.dll
1>                    AssemblyVersion=4.0.0.0
1>                    CopyLocal=false
1>                    ExternallyResolved=true
1>                    FileVersion=4.800.19.46214
1>                    FrameworkReferenceName=Microsoft.WindowsDesktop.App.WPF
1>                    FrameworkReferenceVersion=3.0.0
1>                    FusionName=UIAutomationClient, Version=4.0.0.0, Culture=neutral, PublicKeyToken=31bf3856ad364e35
1>                    ImageRuntime=v4.0.30319
1>                    NuGetPackageId=Microsoft.WindowsDesktop.App.Ref
1>                    NuGetPackageVersion=3.0.0
1>                    OriginalItemSpec=C:\Users\hansnguyen\.nuget\packages\microsoft.windowsdesktop.app.ref\3.0.0\ref\netcoreapp3.0\UIAutomationClient.dll
1>                    Private=false
1>                    PublicKeyToken=31bf3856ad364e35
1>                    ReferenceSourceTarget=ResolveAssemblyReference
1>                    ResolvedFrom={RawFileName}
1>                    Version=
1>            C:\Users\hansnguyen\.nuget\packages\microsoft.windowsdesktop.app.ref\3.0.0\ref\netcoreapp3.0\UIAutomationClientSideProviders.dll
1>                    AssemblyVersion=4.0.0.0
1>                    CopyLocal=false
1>                    ExternallyResolved=true
1>                    FileVersion=4.800.19.46214
1>                    FrameworkReferenceName=Microsoft.WindowsDesktop.App.WPF
1>                    FrameworkReferenceVersion=3.0.0
1>                    FusionName=UIAutomationClientSideProviders, Version=4.0.0.0, Culture=neutral, PublicKeyToken=b77a5c561934e089
1>                    ImageRuntime=v4.0.30319
1>                    NuGetPackageId=Microsoft.WindowsDesktop.App.Ref
1>                    NuGetPackageVersion=3.0.0
1>                    OriginalItemSpec=C:\Users\hansnguyen\.nuget\packages\microsoft.windowsdesktop.app.ref\3.0.0\ref\netcoreapp3.0\UIAutomationClientSideProviders.dll
1>                    Private=false
1>                    PublicKeyToken=b77a5c561934e089
1>                    ReferenceSourceTarget=ResolveAssemblyReference
1>                    ResolvedFrom={RawFileName}
1>                    Version=
1>            C:\Users\hansnguyen\.nuget\packages\microsoft.windowsdesktop.app.ref\3.0.0\ref\netcoreapp3.0\UIAutomationProvider.dll
1>                    AssemblyVersion=4.0.0.0
1>                    CopyLocal=false
1>                    ExternallyResolved=true
1>                    FileVersion=4.800.19.46214
1>                    FrameworkReferenceName=Microsoft.WindowsDesktop.App.WPF
1>                    FrameworkReferenceVersion=3.0.0
1>                    FusionName=UIAutomationProvider, Version=4.0.0.0, Culture=neutral, PublicKeyToken=31bf3856ad364e35
1>                    ImageRuntime=v4.0.30319
1>                    NuGetPackageId=Microsoft.WindowsDesktop.App.Ref
1>                    NuGetPackageVersion=3.0.0
1>                    OriginalItemSpec=C:\Users\hansnguyen\.nuget\packages\microsoft.windowsdesktop.app.ref\3.0.0\ref\netcoreapp3.0\UIAutomationProvider.dll
1>                    Private=false
1>                    PublicKeyToken=31bf3856ad364e35
1>                    ReferenceSourceTarget=ResolveAssemblyReference
1>                    ResolvedFrom={RawFileName}
1>                    Version=
1>            C:\Users\hansnguyen\.nuget\packages\microsoft.windowsdesktop.app.ref\3.0.0\ref\netcoreapp3.0\UIAutomationTypes.dll
1>                    AssemblyVersion=4.0.0.0
1>                    CopyLocal=false
1>                    ExternallyResolved=true
1>                    FileVersion=4.800.19.46214
1>                    FrameworkReferenceName=Microsoft.WindowsDesktop.App.WPF
1>                    FrameworkReferenceVersion=3.0.0
1>                    FusionName=UIAutomationTypes, Version=4.0.0.0, Culture=neutral, PublicKeyToken=31bf3856ad364e35
1>                    ImageRuntime=v4.0.30319
1>                    NuGetPackageId=Microsoft.WindowsDesktop.App.Ref
1>                    NuGetPackageVersion=3.0.0
1>                    OriginalItemSpec=C:\Users\hansnguyen\.nuget\packages\microsoft.windowsdesktop.app.ref\3.0.0\ref\netcoreapp3.0\UIAutomationTypes.dll
1>                    Private=false
1>                    PublicKeyToken=31bf3856ad364e35
1>                    ReferenceSourceTarget=ResolveAssemblyReference
1>                    ResolvedFrom={RawFileName}
1>                    Version=
1>            C:\Users\hansnguyen\.nuget\packages\microsoft.windowsdesktop.app.ref\3.0.0\ref\netcoreapp3.0\WindowsBase.dll
1>                    AssemblyVersion=4.0.0.0
1>                    CopyLocal=false
1>                    ExternallyResolved=true
1>                    FileVersion=4.800.19.46214
1>                    FrameworkReferenceName=Microsoft.WindowsDesktop.App.WPF
1>                    FrameworkReferenceVersion=3.0.0
1>                    FusionName=WindowsBase, Version=4.0.0.0, Culture=neutral, PublicKeyToken=31bf3856ad364e35
1>                    ImageRuntime=v4.0.30319
1>                    NuGetPackageId=Microsoft.WindowsDesktop.App.Ref
1>                    NuGetPackageVersion=3.0.0
1>                    OriginalItemSpec=C:\Users\hansnguyen\.nuget\packages\microsoft.windowsdesktop.app.ref\3.0.0\ref\netcoreapp3.0\WindowsBase.dll
1>                    Private=false
1>                    PublicKeyToken=31bf3856ad364e35
1>                    ReferenceSourceTarget=ResolveAssemblyReference
1>                    ResolvedFrom={RawFileName}
1>                    Version=
1>            obj\Debug\netcoreapp3.0\GridWithMenuApp1_VS2022_nesf0oga_wpftmp.dll
1>    Task Parameter:Language=C#
1>    Task Parameter:XamlDebuggingInformation=True
1>    Task Parameter:RootNamespace=GridWithMenuApp1_VS2022
1>    Task Parameter:AssemblyName=GridWithMenuApp1_VS2022
1>    Task Parameter:SupportCustomOutputPaths=True
1>    Task Parameter:LocalizationDirectivesToLocFile=None
1>    Task Parameter:KnownReferencePaths=C:\Program Files\Microsoft Visual Studio\2022\Preview\MSBuild\Current\Bin\amd64
1>
1>    Microsoft (R) Build Task 'MarkupCompilePass2' Version '6.0.21.37805'.
1>    Copyright (C) Microsoft Corporation 2005. All rights reserved.
1>
1>    Current project directory is 'C:\Users\hansnguyen\source\repos\GridWithMenuApp1_VS2022\'.
1>    Preparing for the markup compilation...
1>    OutputType is 'winexe'.
1>    Input: Local reference markup Page file: 'C:\Users\hansnguyen\source\repos\GridWithMenuApp1_VS2022\MainWindow.xaml'.
1>    Started the markup compilation.
1>    Input file 'C:\Users\hansnguyen\source\repos\GridWithMenuApp1_VS2022\MainWindow.xaml' is resolved to new relative path 'MainWindow.xaml' at directory 'C:\Users\hansnguyen\source\repos\GridWithMenuApp1_VS2022\'.
1>    C:\Users\hansnguyen\source\repos\GridWithMenuApp1_VS2022\MainWindow.xaml(12,14): error MC3074: The tag 'SampleData' does not exist in XML namespace 'clr-namespace:GridWithMenuApp1_VS2022'. Line 12 Position 14.
1>    InternalTypeHelper class is not required for this project, make file 'C:\Users\hansnguyen\source\repos\GridWithMenuApp1_VS2022\obj\Debug\netcoreapp3.0\GeneratedInternalTypeHelper.g.cs' empty.
1>    Markup compilation is done.
1>  Done executing task "MarkupCompilePass2" -- FAILED.
1>Done building target "MarkupCompilePass2" in project "GridWithMenuApp1_VS2022.csproj" -- FAILED.
1>Target "_CheckForCompileOutputs" in file "C:\Program Files\Microsoft Visual Studio\2022\Preview\MSBuild\Current\Bin\amd64\Microsoft.Common.CurrentVersion.targets":
1>  Set Property: _DocumentationFileProduced=false
1>  Set Property: _DebugSymbolsProduced=false
1>Done building target "_CheckForCompileOutputs" in project "GridWithMenuApp1_VS2022.csproj".
1>Target "_SGenCheckForOutputs" skipped, due to false condition; ('$(_SGenGenerateSerializationAssembliesConfig)' == 'On' or ('@(WebReferenceUrl)'!='' and '$(_SGenGenerateSerializationAssembliesConfig)' == 'Auto')) was evaluated as ('Off' == 'On' or (''!='' and 'Off' == 'Auto')).
1>Target "_CleanGetCurrentAndPriorFileWrites" in file "C:\Program Files\Microsoft Visual Studio\2022\Preview\MSBuild\Current\Bin\amd64\Microsoft.Common.CurrentVersion.targets":
1>  Task "ReadLinesFromFile"
1>    Task Parameter:File=obj\Debug\netcoreapp3.0\GridWithMenuApp1_VS2022.csproj.FileListAbsolute.txt
1>  Done executing task "ReadLinesFromFile".
1>  Using "ConvertToAbsolutePath" task from assembly "Microsoft.Build.Tasks.Core, Version=15.1.0.0, Culture=neutral, PublicKeyToken=b03f5f7f11d50a3a".
1>  Task "ConvertToAbsolutePath"
1>    Task Parameter:
1>        Paths=
1>            C:\Users\hansnguyen\.nuget\packages\microsoft.windowsdesktop.app.ref\3.0.0\ref\netcoreapp3.0\Accessibility.dll
1>                    AssemblyVersion=4.0.0.0
1>                    CopyLocal=false
1>                    ExternallyResolved=true
1>                    FileVersion=4.800.19.46210
1>                    FrameworkReferenceName=Microsoft.WindowsDesktop.App.WPF
1>                    FrameworkReferenceVersion=3.0.0
1>                    FusionName=Accessibility, Version=4.0.0.0, Culture=neutral, PublicKeyToken=31bf3856ad364e35
1>                    ImageRuntime=v4.0.30319
1>                    NuGetPackageId=Microsoft.WindowsDesktop.App.Ref
1>                    NuGetPackageVersion=3.0.0
1>                    OriginalItemSpec=C:\Users\hansnguyen\.nuget\packages\microsoft.windowsdesktop.app.ref\3.0.0\ref\netcoreapp3.0\Accessibility.dll
1>                    Private=false
1>                    PublicKeyToken=31bf3856ad364e35
1>                    ReferenceSourceTarget=ResolveAssemblyReference
1>                    ResolvedFrom={RawFileName}
1>                    Version=
1>            C:\Users\hansnguyen\.nuget\packages\c1.xaml.wpf\4.5.20213.749\lib\netcoreapp3.0\C1.WPF.4.5.2.dll
1>                    CopyLocal=false
1>                    ExternallyResolved=true
1>                    FusionName=C1.WPF.4.5.2, Version=4.5.20213.749, Culture=neutral, PublicKeyToken=2aa4ec5576d6c3ce
1>                    HintPath=C:\Users\hansnguyen\.nuget\packages\c1.xaml.wpf\4.5.20213.749\lib\netcoreapp3.0\C1.WPF.4.5.2.dll
1>                    ImageRuntime=v4.0.30319
1>                    NuGetPackageId=C1.Xaml.WPF
1>                    NuGetPackageVersion=4.5.20213.749
1>                    NuGetSourceType=Package
1>                    OriginalItemSpec=C:\Users\hansnguyen\.nuget\packages\c1.xaml.wpf\4.5.20213.749\lib\netcoreapp3.0\C1.WPF.4.5.2.dll
1>                    PathInPackage=lib/netcoreapp3.0/C1.WPF.4.5.2.dll
1>                    Private=false
1>                    ReferenceSourceTarget=ResolveAssemblyReference
1>                    ResolvedFrom={HintPathFromItem}
1>                    Version=
1>            C:\Users\hansnguyen\.nuget\packages\c1.xaml.wpf.datetimeeditors\4.5.20213.749\lib\netcoreapp3.0\C1.WPF.DateTimeEditors.4.5.2.dll
1>                    CopyLocal=false
1>                    ExternallyResolved=true
1>                    FusionName=C1.WPF.DateTimeEditors.4.5.2, Version=4.5.20213.749, Culture=neutral, PublicKeyToken=2aa4ec5576d6c3ce
1>                    HintPath=C:\Users\hansnguyen\.nuget\packages\c1.xaml.wpf.datetimeeditors\4.5.20213.749\lib\netcoreapp3.0\C1.WPF.DateTimeEditors.4.5.2.dll
1>                    ImageRuntime=v4.0.30319
1>                    NuGetPackageId=C1.Xaml.WPF.DateTimeEditors
1>                    NuGetPackageVersion=4.5.20213.749
1>                    NuGetSourceType=Package
1>                    OriginalItemSpec=C:\Users\hansnguyen\.nuget\packages\c1.xaml.wpf.datetimeeditors\4.5.20213.749\lib\netcoreapp3.0\C1.WPF.DateTimeEditors.4.5.2.dll
1>                    PathInPackage=lib/netcoreapp3.0/C1.WPF.DateTimeEditors.4.5.2.dll
1>                    Private=false
1>                    ReferenceSourceTarget=ResolveAssemblyReference
1>                    ResolvedFrom={HintPathFromItem}
1>                    Version=
1>            C:\Users\hansnguyen\.nuget\packages\c1.xaml.wpf.flexgrid\4.5.20213.749\lib\netcoreapp3.0\C1.WPF.FlexGrid.4.5.2.dll
1>                    CopyLocal=false
1>                    ExternallyResolved=true
1>                    FusionName=C1.WPF.FlexGrid.4.5.2, Version=4.5.20213.749, Culture=neutral, PublicKeyToken=2aa4ec5576d6c3ce
1>                    HintPath=C:\Users\hansnguyen\.nuget\packages\c1.xaml.wpf.flexgrid\4.5.20213.749\lib\netcoreapp3.0\C1.WPF.FlexGrid.4.5.2.dll
1>                    ImageRuntime=v4.0.30319
1>                    NuGetPackageId=C1.Xaml.WPF.FlexGrid
1>                    NuGetPackageVersion=4.5.20213.749
1>                    NuGetSourceType=Package
1>                    OriginalItemSpec=C:\Users\hansnguyen\.nuget\packages\c1.xaml.wpf.flexgrid\4.5.20213.749\lib\netcoreapp3.0\C1.WPF.FlexGrid.4.5.2.dll
1>                    PathInPackage=lib/netcoreapp3.0/C1.WPF.FlexGrid.4.5.2.dll
1>                    Private=false
1>                    ReferenceSourceTarget=ResolveAssemblyReference
1>                    ResolvedFrom={HintPathFromItem}
1>                    Version=
1>            C:\Users\hansnguyen\.nuget\packages\c1.xaml.wpf.flexgrid.grouppanel\4.5.20213.749\lib\netcoreapp3.0\C1.WPF.FlexGrid.GroupPanel.4.5.2.dll
1>                    CopyLocal=false
1>                    ExternallyResolved=true
1>                    FusionName=C1.WPF.FlexGrid.GroupPanel.4.5.2, Version=4.5.20213.749, Culture=neutral, PublicKeyToken=2aa4ec5576d6c3ce
1>                    HintPath=C:\Users\hansnguyen\.nuget\packages\c1.xaml.wpf.flexgrid.grouppanel\4.5.20213.749\lib\netcoreapp3.0\C1.WPF.FlexGrid.GroupPanel.4.5.2.dll
1>                    ImageRuntime=v4.0.30319
1>                    NuGetPackageId=C1.Xaml.WPF.FlexGrid.GroupPanel
1>                    NuGetPackageVersion=4.5.20213.749
1>                    NuGetSourceType=Package
1>                    OriginalItemSpec=C:\Users\hansnguyen\.nuget\packages\c1.xaml.wpf.flexgrid.grouppanel\4.5.20213.749\lib\netcoreapp3.0\C1.WPF.FlexGrid.GroupPanel.4.5.2.dll
1>                    PathInPackage=lib/netcoreapp3.0/C1.WPF.FlexGrid.GroupPanel.4.5.2.dll
1>                    Private=false
1>                    ReferenceSourceTarget=ResolveAssemblyReference
1>                    ResolvedFrom={HintPathFromItem}
1>                    Version=
1>            C:\Users\hansnguyen\.nuget\packages\c1.xaml.wpf.flexgridfilter\4.5.20213.749\lib\netcoreapp3.0\C1.WPF.FlexGridFilter.4.5.2.dll
1>                    CopyLocal=false
1>                    ExternallyResolved=true
1>                    FusionName=C1.WPF.FlexGridFilter.4.5.2, Version=4.5.20213.749, Culture=neutral, PublicKeyToken=2aa4ec5576d6c3ce
1>                    HintPath=C:\Users\hansnguyen\.nuget\packages\c1.xaml.wpf.flexgridfilter\4.5.20213.749\lib\netcoreapp3.0\C1.WPF.FlexGridFilter.4.5.2.dll
1>                    ImageRuntime=v4.0.30319
1>                    NuGetPackageId=C1.Xaml.WPF.FlexGridFilter
1>                    NuGetPackageVersion=4.5.20213.749
1>                    NuGetSourceType=Package
1>                    OriginalItemSpec=C:\Users\hansnguyen\.nuget\packages\c1.xaml.wpf.flexgridfilter\4.5.20213.749\lib\netcoreapp3.0\C1.WPF.FlexGridFilter.4.5.2.dll
1>                    PathInPackage=lib/netcoreapp3.0/C1.WPF.FlexGridFilter.4.5.2.dll
1>                    Private=false
1>                    ReferenceSourceTarget=ResolveAssemblyReference
1>                    ResolvedFrom={HintPathFromItem}
1>                    Version=
1>            C:\Users\hansnguyen\.nuget\packages\c1.xaml.wpf.toolbar\4.5.20213.749\lib\netcoreapp3.0\C1.WPF.Toolbar.4.5.2.dll
1>                    CopyLocal=false
1>                    ExternallyResolved=true
1>                    FusionName=C1.WPF.Toolbar.4.5.2, Version=4.5.20213.749, Culture=neutral, PublicKeyToken=2aa4ec5576d6c3ce
1>                    HintPath=C:\Users\hansnguyen\.nuget\packages\c1.xaml.wpf.toolbar\4.5.20213.749\lib\netcoreapp3.0\C1.WPF.Toolbar.4.5.2.dll
1>                    ImageRuntime=v4.0.30319
1>                    NuGetPackageId=C1.Xaml.WPF.Toolbar
1>                    NuGetPackageVersion=4.5.20213.749
1>                    NuGetSourceType=Package
1>                    OriginalItemSpec=C:\Users\hansnguyen\.nuget\packages\c1.xaml.wpf.toolbar\4.5.20213.749\lib\netcoreapp3.0\C1.WPF.Toolbar.4.5.2.dll
1>                    PathInPackage=lib/netcoreapp3.0/C1.WPF.Toolbar.4.5.2.dll
1>                    Private=false
1>                    ReferenceSourceTarget=ResolveAssemblyReference
1>                    ResolvedFrom={HintPathFromItem}
1>                    Version=
1>            C:\Users\hansnguyen\.nuget\packages\microsoft.netcore.app.ref\3.0.0\ref\netcoreapp3.0\Microsoft.CSharp.dll
1>                    AssemblyVersion=4.0.0.0
1>                    CopyLocal=false
1>                    ExternallyResolved=true
1>                    FileVersion=4.700.19.46214
1>                    FrameworkReferenceName=Microsoft.NETCore.App
1>                    FrameworkReferenceVersion=3.0.0
1>                    FusionName=Microsoft.CSharp, Version=4.0.0.0, Culture=neutral, PublicKeyToken=b03f5f7f11d50a3a
1>                    ImageRuntime=v4.0.30319
1>                    NuGetPackageId=Microsoft.NETCore.App.Ref
1>                    NuGetPackageVersion=3.0.0
1>                    OriginalItemSpec=C:\Users\hansnguyen\.nuget\packages\microsoft.netcore.app.ref\3.0.0\ref\netcoreapp3.0\Microsoft.CSharp.dll
1>                    Private=false
1>                    PublicKeyToken=b03f5f7f11d50a3a
1>                    ReferenceSourceTarget=ResolveAssemblyReference
1>                    ResolvedFrom={RawFileName}
1>                    Version=
1>            C:\Users\hansnguyen\.nuget\packages\microsoft.netcore.app.ref\3.0.0\ref\netcoreapp3.0\Microsoft.VisualBasic.Core.dll
1>                    AssemblyVersion=10.0.4.0
1>                    CopyLocal=false
1>                    ExternallyResolved=true
1>                    FileVersion=4.700.19.46214
1>                    FrameworkReferenceName=Microsoft.NETCore.App
1>                    FrameworkReferenceVersion=3.0.0
1>                    FusionName=Microsoft.VisualBasic.Core, Version=10.0.4.0, Culture=neutral, PublicKeyToken=b03f5f7f11d50a3a
1>                    ImageRuntime=v4.0.30319
1>                    NuGetPackageId=Microsoft.NETCore.App.Ref
1>                    NuGetPackageVersion=3.0.0
1>                    OriginalItemSpec=C:\Users\hansnguyen\.nuget\packages\microsoft.netcore.app.ref\3.0.0\ref\netcoreapp3.0\Microsoft.VisualBasic.Core.dll
1>                    Private=false
1>                    PublicKeyToken=b03f5f7f11d50a3a
1>                    ReferenceSourceTarget=ResolveAssemblyReference
1>                    ResolvedFrom={RawFileName}
1>                    Version=
1>            C:\Users\hansnguyen\.nuget\packages\microsoft.netcore.app.ref\3.0.0\ref\netcoreapp3.0\Microsoft.VisualBasic.dll
1>                    AssemblyVersion=10.0.0.0
1>                    CopyLocal=false
1>                    ExternallyResolved=true
1>                    FileVersion=4.700.19.46214
1>                    FrameworkReferenceName=Microsoft.NETCore.App
1>                    FrameworkReferenceVersion=3.0.0
1>                    FusionName=Microsoft.VisualBasic, Version=10.0.0.0, Culture=neutral, PublicKeyToken=b03f5f7f11d50a3a
1>                    ImageRuntime=v4.0.30319
1>                    NuGetPackageId=Microsoft.NETCore.App.Ref
1>                    NuGetPackageVersion=3.0.0
1>                    OriginalItemSpec=C:\Users\hansnguyen\.nuget\packages\microsoft.netcore.app.ref\3.0.0\ref\netcoreapp3.0\Microsoft.VisualBasic.dll
1>                    Private=false
1>                    PublicKeyToken=b03f5f7f11d50a3a
1>                    ReferenceSourceTarget=ResolveAssemblyReference
1>                    ResolvedFrom={RawFileName}
1>                    Version=
1>            C:\Users\hansnguyen\.nuget\packages\microsoft.netcore.app.ref\3.0.0\ref\netcoreapp3.0\Microsoft.Win32.Primitives.dll
1>                    AssemblyVersion=4.1.1.0
1>                    CopyLocal=false
1>                    ExternallyResolved=true
1>                    FileVersion=4.700.19.46214
1>                    FrameworkReferenceName=Microsoft.NETCore.App
1>                    FrameworkReferenceVersion=3.0.0
1>                    FusionName=Microsoft.Win32.Primitives, Version=4.1.1.0, Culture=neutral, PublicKeyToken=b03f5f7f11d50a3a
1>                    ImageRuntime=v4.0.30319
1>                    NuGetPackageId=Microsoft.NETCore.App.Ref
1>                    NuGetPackageVersion=3.0.0
1>                    OriginalItemSpec=C:\Users\hansnguyen\.nuget\packages\microsoft.netcore.app.ref\3.0.0\ref\netcoreapp3.0\Microsoft.Win32.Primitives.dll
1>                    Private=false
1>                    PublicKeyToken=b03f5f7f11d50a3a
1>                    ReferenceSourceTarget=ResolveAssemblyReference
1>                    ResolvedFrom={RawFileName}
1>                    Version=
1>            C:\Users\hansnguyen\.nuget\packages\microsoft.windowsdesktop.app.ref\3.0.0\ref\netcoreapp3.0\Microsoft.Win32.Registry.AccessControl.dll
1>                    AssemblyVersion=4.0.4.0
1>                    CopyLocal=false
1>                    ExternallyResolved=true
1>                    FileVersion=4.700.19.46214
1>                    FrameworkReferenceName=Microsoft.WindowsDesktop.App.WPF
1>                    FrameworkReferenceVersion=3.0.0
1>                    FusionName=Microsoft.Win32.Registry.AccessControl, Version=4.0.4.0, Culture=neutral, PublicKeyToken=b03f5f7f11d50a3a
1>                    ImageRuntime=v4.0.30319
1>                    NuGetPackageId=Microsoft.WindowsDesktop.App.Ref
1>                    NuGetPackageVersion=3.0.0
1>                    OriginalItemSpec=C:\Users\hansnguyen\.nuget\packages\microsoft.windowsdesktop.app.ref\3.0.0\ref\netcoreapp3.0\Microsoft.Win32.Registry.AccessControl.dll
1>                    Private=false
1>                    PublicKeyToken=b03f5f7f11d50a3a
1>                    ReferenceSourceTarget=ResolveAssemblyReference
1>                    ResolvedFrom={RawFileName}
1>                    Version=
1>            C:\Users\hansnguyen\.nuget\packages\microsoft.windowsdesktop.app.ref\3.0.0\ref\netcoreapp3.0\Microsoft.Win32.Registry.dll
1>                    AssemblyVersion=4.1.2.0
1>                    CopyLocal=false
1>                    ExternallyResolved=true
1>                    FileVersion=4.700.19.46214
1>                    FrameworkReferenceName=Microsoft.WindowsDesktop.App.WPF
1>                    FrameworkReferenceVersion=3.0.0
1>                    FusionName=Microsoft.Win32.Registry, Version=4.1.2.0, Culture=neutral, PublicKeyToken=b03f5f7f11d50a3a
1>                    ImageRuntime=v4.0.30319
1>                    NuGetPackageId=Microsoft.WindowsDesktop.App.Ref
1>                    NuGetPackageVersion=3.0.0
1>                    OriginalItemSpec=C:\Users\hansnguyen\.nuget\packages\microsoft.windowsdesktop.app.ref\3.0.0\ref\netcoreapp3.0\Microsoft.Win32.Registry.dll
1>                    Private=false
1>                    PublicKeyToken=b03f5f7f11d50a3a
1>                    ReferenceSourceTarget=ResolveAssemblyReference
1>                    ResolvedFrom={RawFileName}
1>                    Version=
1>            C:\Users\hansnguyen\.nuget\packages\microsoft.windowsdesktop.app.ref\3.0.0\ref\netcoreapp3.0\Microsoft.Win32.SystemEvents.dll
1>                    AssemblyVersion=4.0.1.0
1>                    CopyLocal=false
1>                    ExternallyResolved=true
1>                    FileVersion=4.700.19.46214
1>                    FrameworkReferenceName=Microsoft.WindowsDesktop.App.WPF
1>                    FrameworkReferenceVersion=3.0.0
1>                    FusionName=Microsoft.Win32.SystemEvents, Version=4.0.1.0, Culture=neutral, PublicKeyToken=cc7b13ffcd2ddd51
1>                    ImageRuntime=v4.0.30319
1>                    NuGetPackageId=Microsoft.WindowsDesktop.App.Ref
1>                    NuGetPackageVersion=3.0.0
1>                    OriginalItemSpec=C:\Users\hansnguyen\.nuget\packages\microsoft.windowsdesktop.app.ref\3.0.0\ref\netcoreapp3.0\Microsoft.Win32.SystemEvents.dll
1>                    Private=false
1>                    PublicKeyToken=cc7b13ffcd2ddd51
1>                    ReferenceSourceTarget=ResolveAssemblyReference
1>                    ResolvedFrom={RawFileName}
1>                    Version=
1>            C:\Users\hansnguyen\.nuget\packages\microsoft.netcore.app.ref\3.0.0\ref\netcoreapp3.0\mscorlib.dll
1>                    AssemblyVersion=4.0.0.0
1>                    CopyLocal=false
1>                    ExternallyResolved=true
1>                    FileVersion=4.700.19.46214
1>                    FrameworkReferenceName=Microsoft.NETCore.App
1>                    FrameworkReferenceVersion=3.0.0
1>                    FusionName=mscorlib, Version=4.0.0.0, Culture=neutral, PublicKeyToken=b77a5c561934e089
1>                    ImageRuntime=v4.0.30319
1>                    NuGetPackageId=Microsoft.NETCore.App.Ref
1>                    NuGetPackageVersion=3.0.0
1>                    OriginalItemSpec=C:\Users\hansnguyen\.nuget\packages\microsoft.netcore.app.ref\3.0.0\ref\netcoreapp3.0\mscorlib.dll
1>                    Private=false
1>                    PublicKeyToken=b77a5c561934e089
1>                    ReferenceSourceTarget=ResolveAssemblyReference
1>                    ResolvedFrom={RawFileName}
1>                    Version=
1>            C:\Users\hansnguyen\.nuget\packages\microsoft.netcore.app.ref\3.0.0\ref\netcoreapp3.0\netstandard.dll
1>                    AssemblyVersion=2.1.0.0
1>                    CopyLocal=false
1>                    ExternallyResolved=true
1>                    FileVersion=4.700.19.46214
1>                    FrameworkReferenceName=Microsoft.NETCore.App
1>                    FrameworkReferenceVersion=3.0.0
1>                    FusionName=netstandard, Version=2.1.0.0, Culture=neutral, PublicKeyToken=cc7b13ffcd2ddd51
1>                    ImageRuntime=v4.0.30319
1>                    NuGetPackageId=Microsoft.NETCore.App.Ref
1>                    NuGetPackageVersion=3.0.0
1>                    OriginalItemSpec=C:\Users\hansnguyen\.nuget\packages\microsoft.netcore.app.ref\3.0.0\ref\netcoreapp3.0\netstandard.dll
1>                    Private=false
1>                    PublicKeyToken=cc7b13ffcd2ddd51
1>                    ReferenceSourceTarget=ResolveAssemblyReference
1>                    ResolvedFrom={RawFileName}
1>                    Version=
1>            C:\Users\hansnguyen\.nuget\packages\microsoft.windowsdesktop.app.ref\3.0.0\ref\netcoreapp3.0\PresentationCore.dll
1>                    AssemblyVersion=4.0.0.0
1>                    CopyLocal=false
1>                    ExternallyResolved=true
1>                    FileVersion=4.800.19.46214
1>                    FrameworkReferenceName=Microsoft.WindowsDesktop.App.WPF
1>                    FrameworkReferenceVersion=3.0.0
1>                    FusionName=PresentationCore, Version=4.0.0.0, Culture=neutral, PublicKeyToken=31bf3856ad364e35
1>                    ImageRuntime=v4.0.30319
1>                    NuGetPackageId=Microsoft.WindowsDesktop.App.Ref
1>                    NuGetPackageVersion=3.0.0
1>                    OriginalItemSpec=C:\Users\hansnguyen\.nuget\packages\microsoft.windowsdesktop.app.ref\3.0.0\ref\netcoreapp3.0\PresentationCore.dll
1>                    Private=false
1>                    PublicKeyToken=31bf3856ad364e35
1>                    ReferenceSourceTarget=ResolveAssemblyReference
1>                    ResolvedFrom={RawFileName}
1>                    Version=
1>            C:\Users\hansnguyen\.nuget\packages\microsoft.windowsdesktop.app.ref\3.0.0\ref\netcoreapp3.0\PresentationFramework.Aero.dll
1>                    AssemblyVersion=4.0.0.0
1>                    CopyLocal=false
1>                    ExternallyResolved=true
1>                    FileVersion=4.800.19.46214
1>                    FrameworkReferenceName=Microsoft.WindowsDesktop.App.WPF
1>                    FrameworkReferenceVersion=3.0.0
1>                    FusionName=PresentationFramework.Aero, Version=4.0.0.0, Culture=neutral, PublicKeyToken=31bf3856ad364e35
1>                    ImageRuntime=v4.0.30319
1>                    NuGetPackageId=Microsoft.WindowsDesktop.App.Ref
1>                    NuGetPackageVersion=3.0.0
1>                    OriginalItemSpec=C:\Users\hansnguyen\.nuget\packages\microsoft.windowsdesktop.app.ref\3.0.0\ref\netcoreapp3.0\PresentationFramework.Aero.dll
1>                    Private=false
1>                    PublicKeyToken=31bf3856ad364e35
1>                    ReferenceSourceTarget=ResolveAssemblyReference
1>                    ResolvedFrom={RawFileName}
1>                    Version=
1>            C:\Users\hansnguyen\.nuget\packages\microsoft.windowsdesktop.app.ref\3.0.0\ref\netcoreapp3.0\PresentationFramework.Aero2.dll
1>                    AssemblyVersion=4.0.0.0
1>                    CopyLocal=false
1>                    ExternallyResolved=true
1>                    FileVersion=4.800.19.46214
1>                    FrameworkReferenceName=Microsoft.WindowsDesktop.App.WPF
1>                    FrameworkReferenceVersion=3.0.0
1>                    FusionName=PresentationFramework.Aero2, Version=4.0.0.0, Culture=neutral, PublicKeyToken=31bf3856ad364e35
1>                    ImageRuntime=v4.0.30319
1>                    NuGetPackageId=Microsoft.WindowsDesktop.App.Ref
1>                    NuGetPackageVersion=3.0.0
1>                    OriginalItemSpec=C:\Users\hansnguyen\.nuget\packages\microsoft.windowsdesktop.app.ref\3.0.0\ref\netcoreapp3.0\PresentationFramework.Aero2.dll
1>                    Private=false
1>                    PublicKeyToken=31bf3856ad364e35
1>                    ReferenceSourceTarget=ResolveAssemblyReference
1>                    ResolvedFrom={RawFileName}
1>                    Version=
1>            C:\Users\hansnguyen\.nuget\packages\microsoft.windowsdesktop.app.ref\3.0.0\ref\netcoreapp3.0\PresentationFramework.AeroLite.dll
1>                    AssemblyVersion=4.0.0.0
1>                    CopyLocal=false
1>                    ExternallyResolved=true
1>                    FileVersion=4.800.19.46214
1>                    FrameworkReferenceName=Microsoft.WindowsDesktop.App.WPF
1>                    FrameworkReferenceVersion=3.0.0
1>                    FusionName=PresentationFramework.AeroLite, Version=4.0.0.0, Culture=neutral, PublicKeyToken=31bf3856ad364e35
1>                    ImageRuntime=v4.0.30319
1>                    NuGetPackageId=Microsoft.WindowsDesktop.App.Ref
1>                    NuGetPackageVersion=3.0.0
1>                    OriginalItemSpec=C:\Users\hansnguyen\.nuget\packages\microsoft.windowsdesktop.app.ref\3.0.0\ref\netcoreapp3.0\PresentationFramework.AeroLite.dll
1>                    Private=false
1>                    PublicKeyToken=31bf3856ad364e35
1>                    ReferenceSourceTarget=ResolveAssemblyReference
1>                    ResolvedFrom={RawFileName}
1>                    Version=
1>            C:\Users\hansnguyen\.nuget\packages\microsoft.windowsdesktop.app.ref\3.0.0\ref\netcoreapp3.0\PresentationFramework.Classic.dll
1>                    AssemblyVersion=4.0.0.0
1>                    CopyLocal=false
1>                    ExternallyResolved=true
1>                    FileVersion=4.800.19.46214
1>                    FrameworkReferenceName=Microsoft.WindowsDesktop.App.WPF
1>                    FrameworkReferenceVersion=3.0.0
1>                    FusionName=PresentationFramework.Classic, Version=4.0.0.0, Culture=neutral, PublicKeyToken=31bf3856ad364e35
1>                    ImageRuntime=v4.0.30319
1>                    NuGetPackageId=Microsoft.WindowsDesktop.App.Ref
1>                    NuGetPackageVersion=3.0.0
1>                    OriginalItemSpec=C:\Users\hansnguyen\.nuget\packages\microsoft.windowsdesktop.app.ref\3.0.0\ref\netcoreapp3.0\PresentationFramework.Classic.dll
1>                    Private=false
1>                    PublicKeyToken=31bf3856ad364e35
1>                    ReferenceSourceTarget=ResolveAssemblyReference
1>                    ResolvedFrom={RawFileName}
1>                    Version=
1>            C:\Users\hansnguyen\.nuget\packages\microsoft.windowsdesktop.app.ref\3.0.0\ref\netcoreapp3.0\PresentationFramework.dll
1>                    AssemblyVersion=4.0.0.0
1>                    CopyLocal=false
1>                    ExternallyResolved=true
1>                    FileVersion=4.800.19.46214
1>                    FrameworkReferenceName=Microsoft.WindowsDesktop.App.WPF
1>                    FrameworkReferenceVersion=3.0.0
1>                    FusionName=PresentationFramework, Version=4.0.0.0, Culture=neutral, PublicKeyToken=31bf3856ad364e35
1>                    ImageRuntime=v4.0.30319
1>                    NuGetPackageId=Microsoft.WindowsDesktop.App.Ref
1>                    NuGetPackageVersion=3.0.0
1>                    OriginalItemSpec=C:\Users\hansnguyen\.nuget\packages\microsoft.windowsdesktop.app.ref\3.0.0\ref\netcoreapp3.0\PresentationFramework.dll
1>                    Private=false
1>                    PublicKeyToken=31bf3856ad364e35
1>                    ReferenceSourceTarget=ResolveAssemblyReference
1>                    ResolvedFrom={RawFileName}
1>                    Version=
1>            C:\Users\hansnguyen\.nuget\packages\microsoft.windowsdesktop.app.ref\3.0.0\ref\netcoreapp3.0\PresentationFramework.Luna.dll
1>                    AssemblyVersion=4.0.0.0
1>                    CopyLocal=false
1>                    ExternallyResolved=true
1>                    FileVersion=4.800.19.46214
1>                    FrameworkReferenceName=Microsoft.WindowsDesktop.App.WPF
1>                    FrameworkReferenceVersion=3.0.0
1>                    FusionName=PresentationFramework.Luna, Version=4.0.0.0, Culture=neutral, PublicKeyToken=31bf3856ad364e35
1>                    ImageRuntime=v4.0.30319
1>                    NuGetPackageId=Microsoft.WindowsDesktop.App.Ref
1>                    NuGetPackageVersion=3.0.0
1>                    OriginalItemSpec=C:\Users\hansnguyen\.nuget\packages\microsoft.windowsdesktop.app.ref\3.0.0\ref\netcoreapp3.0\PresentationFramework.Luna.dll
1>                    Private=false
1>                    PublicKeyToken=31bf3856ad364e35
1>                    ReferenceSourceTarget=ResolveAssemblyReference
1>                    ResolvedFrom={RawFileName}
1>                    Version=
1>            C:\Users\hansnguyen\.nuget\packages\microsoft.windowsdesktop.app.ref\3.0.0\ref\netcoreapp3.0\PresentationFramework.Royale.dll
1>                    AssemblyVersion=4.0.0.0
1>                    CopyLocal=false
1>                    ExternallyResolved=true
1>                    FileVersion=4.800.19.46214
1>                    FrameworkReferenceName=Microsoft.WindowsDesktop.App.WPF
1>                    FrameworkReferenceVersion=3.0.0
1>                    FusionName=PresentationFramework.Royale, Version=4.0.0.0, Culture=neutral, PublicKeyToken=31bf3856ad364e35
1>                    ImageRuntime=v4.0.30319
1>                    NuGetPackageId=Microsoft.WindowsDesktop.App.Ref
1>                    NuGetPackageVersion=3.0.0
1>                    OriginalItemSpec=C:\Users\hansnguyen\.nuget\packages\microsoft.windowsdesktop.app.ref\3.0.0\ref\netcoreapp3.0\PresentationFramework.Royale.dll
1>                    Private=false
1>                    PublicKeyToken=31bf3856ad364e35
1>                    ReferenceSourceTarget=ResolveAssemblyReference
1>                    ResolvedFrom={RawFileName}
1>                    Version=
1>            C:\Users\hansnguyen\.nuget\packages\microsoft.windowsdesktop.app.ref\3.0.0\ref\netcoreapp3.0\PresentationUI.dll
1>                    AssemblyVersion=4.0.0.0
1>                    CopyLocal=false
1>                    ExternallyResolved=true
1>                    FileVersion=4.800.19.46214
1>                    FrameworkReferenceName=Microsoft.WindowsDesktop.App.WPF
1>                    FrameworkReferenceVersion=3.0.0
1>                    FusionName=PresentationUI, Version=4.0.0.0, Culture=neutral, PublicKeyToken=b77a5c561934e089
1>                    ImageRuntime=v4.0.30319
1>                    NuGetPackageId=Microsoft.WindowsDesktop.App.Ref
1>                    NuGetPackageVersion=3.0.0
1>                    OriginalItemSpec=C:\Users\hansnguyen\.nuget\packages\microsoft.windowsdesktop.app.ref\3.0.0\ref\netcoreapp3.0\PresentationUI.dll
1>                    Private=false
1>                    PublicKeyToken=b77a5c561934e089
1>                    ReferenceSourceTarget=ResolveAssemblyReference
1>                    ResolvedFrom={RawFileName}
1>                    Version=
1>            C:\Users\hansnguyen\.nuget\packages\microsoft.windowsdesktop.app.ref\3.0.0\ref\netcoreapp3.0\ReachFramework.dll
1>                    AssemblyVersion=4.0.0.0
1>                    CopyLocal=false
1>                    ExternallyResolved=true
1>                    FileVersion=4.800.19.46214
1>                    FrameworkReferenceName=Microsoft.WindowsDesktop.App.WPF
1>                    FrameworkReferenceVersion=3.0.0
1>                    FusionName=ReachFramework, Version=4.0.0.0, Culture=neutral, PublicKeyToken=31bf3856ad364e35
1>                    ImageRuntime=v4.0.30319
1>                    NuGetPackageId=Microsoft.WindowsDesktop.App.Ref
1>                    NuGetPackageVersion=3.0.0
1>                    OriginalItemSpec=C:\Users\hansnguyen\.nuget\packages\microsoft.windowsdesktop.app.ref\3.0.0\ref\netcoreapp3.0\ReachFramework.dll
1>                    Private=false
1>                    PublicKeyToken=31bf3856ad364e35
1>                    ReferenceSourceTarget=ResolveAssemblyReference
1>                    ResolvedFrom={RawFileName}
1>                    Version=
1>            C:\Users\hansnguyen\.nuget\packages\microsoft.netcore.app.ref\3.0.0\ref\netcoreapp3.0\System.AppContext.dll
1>                    AssemblyVersion=4.2.1.0
1>                    CopyLocal=false
1>                    ExternallyResolved=true
1>                    FileVersion=4.700.19.46214
1>                    FrameworkReferenceName=Microsoft.NETCore.App
1>                    FrameworkReferenceVersion=3.0.0
1>                    FusionName=System.AppContext, Version=4.2.1.0, Culture=neutral, PublicKeyToken=b03f5f7f11d50a3a
1>                    ImageRuntime=v4.0.30319
1>                    NuGetPackageId=Microsoft.NETCore.App.Ref
1>                    NuGetPackageVersion=3.0.0
1>                    OriginalItemSpec=C:\Users\hansnguyen\.nuget\packages\microsoft.netcore.app.ref\3.0.0\ref\netcoreapp3.0\System.AppContext.dll
1>                    Private=false
1>                    PublicKeyToken=b03f5f7f11d50a3a
1>                    ReferenceSourceTarget=ResolveAssemblyReference
1>                    ResolvedFrom={RawFileName}
1>                    Version=
1>            C:\Users\hansnguyen\.nuget\packages\microsoft.netcore.app.ref\3.0.0\ref\netcoreapp3.0\System.Buffers.dll
1>                    AssemblyVersion=4.0.2.0
1>                    CopyLocal=false
1>                    ExternallyResolved=true
1>                    FileVersion=4.700.19.46214
1>                    FrameworkReferenceName=Microsoft.NETCore.App
1>                    FrameworkReferenceVersion=3.0.0
1>                    FusionName=System.Buffers, Version=4.0.2.0, Culture=neutral, PublicKeyToken=cc7b13ffcd2ddd51
1>                    ImageRuntime=v4.0.30319
1>                    NuGetPackageId=Microsoft.NETCore.App.Ref
1>                    NuGetPackageVersion=3.0.0
1>                    OriginalItemSpec=C:\Users\hansnguyen\.nuget\packages\microsoft.netcore.app.ref\3.0.0\ref\netcoreapp3.0\System.Buffers.dll
1>                    Private=false
1>                    PublicKeyToken=cc7b13ffcd2ddd51
1>                    ReferenceSourceTarget=ResolveAssemblyReference
1>                    ResolvedFrom={RawFileName}
1>                    Version=
1>            C:\Users\hansnguyen\.nuget\packages\microsoft.windowsdesktop.app.ref\3.0.0\ref\netcoreapp3.0\System.CodeDom.dll
1>                    AssemblyVersion=4.0.2.0
1>                    CopyLocal=false
1>                    ExternallyResolved=true
1>                    FileVersion=4.700.19.46214
1>                    FrameworkReferenceName=Microsoft.WindowsDesktop.App.WPF
1>                    FrameworkReferenceVersion=3.0.0
1>                    FusionName=System.CodeDom, Version=4.0.2.0, Culture=neutral, PublicKeyToken=cc7b13ffcd2ddd51
1>                    ImageRuntime=v4.0.30319
1>                    NuGetPackageId=Microsoft.WindowsDesktop.App.Ref
1>                    NuGetPackageVersion=3.0.0
1>                    OriginalItemSpec=C:\Users\hansnguyen\.nuget\packages\microsoft.windowsdesktop.app.ref\3.0.0\ref\netcoreapp3.0\System.CodeDom.dll
1>                    Private=false
1>                    PublicKeyToken=cc7b13ffcd2ddd51
1>                    ReferenceSourceTarget=ResolveAssemblyReference
1>                    ResolvedFrom={RawFileName}
1>                    Version=
1>            C:\Users\hansnguyen\.nuget\packages\microsoft.netcore.app.ref\3.0.0\ref\netcoreapp3.0\System.Collections.Concurrent.dll
1>                    AssemblyVersion=4.0.14.0
1>                    CopyLocal=false
1>                    ExternallyResolved=true
1>                    FileVersion=4.700.19.46214
1>                    FrameworkReferenceName=Microsoft.NETCore.App
1>                    FrameworkReferenceVersion=3.0.0
1>                    FusionName=System.Collections.Concurrent, Version=4.0.14.0, Culture=neutral, PublicKeyToken=b03f5f7f11d50a3a
1>                    ImageRuntime=v4.0.30319
1>                    NuGetPackageId=Microsoft.NETCore.App.Ref
1>                    NuGetPackageVersion=3.0.0
1>                    OriginalItemSpec=C:\Users\hansnguyen\.nuget\packages\microsoft.netcore.app.ref\3.0.0\ref\netcoreapp3.0\System.Collections.Concurrent.dll
1>                    Private=false
1>                    PublicKeyToken=b03f5f7f11d50a3a
1>                    ReferenceSourceTarget=ResolveAssemblyReference
1>                    ResolvedFrom={RawFileName}
1>                    Version=
1>            C:\Users\hansnguyen\.nuget\packages\microsoft.netcore.app.ref\3.0.0\ref\netcoreapp3.0\System.Collections.dll
1>                    AssemblyVersion=4.1.1.0
1>                    CopyLocal=false
1>                    ExternallyResolved=true
1>                    FileVersion=4.700.19.46214
1>                    FrameworkReferenceName=Microsoft.NETCore.App
1>                    FrameworkReferenceVersion=3.0.0
1>                    FusionName=System.Collections, Version=4.1.1.0, Culture=neutral, PublicKeyToken=b03f5f7f11d50a3a
1>                    ImageRuntime=v4.0.30319
1>                    NuGetPackageId=Microsoft.NETCore.App.Ref
1>                    NuGetPackageVersion=3.0.0
1>                    OriginalItemSpec=C:\Users\hansnguyen\.nuget\packages\microsoft.netcore.app.ref\3.0.0\ref\netcoreapp3.0\System.Collections.dll
1>                    Private=false
1>                    PublicKeyToken=b03f5f7f11d50a3a
1>                    ReferenceSourceTarget=ResolveAssemblyReference
1>                    ResolvedFrom={RawFileName}
1>                    Version=
1>            C:\Users\hansnguyen\.nuget\packages\microsoft.netcore.app.ref\3.0.0\ref\netcoreapp3.0\System.Collections.Immutable.dll
1>                    AssemblyVersion=1.2.4.0
1>                    CopyLocal=false
1>                    ExternallyResolved=true
1>                    FileVersion=4.700.19.46214
1>                    FrameworkReferenceName=Microsoft.NETCore.App
1>                    FrameworkReferenceVersion=3.0.0
1>                    FusionName=System.Collections.Immutable, Version=1.2.4.0, Culture=neutral, PublicKeyToken=b03f5f7f11d50a3a
1>                    ImageRuntime=v4.0.30319
1>                    NuGetPackageId=Microsoft.NETCore.App.Ref
1>                    NuGetPackageVersion=3.0.0
1>                    OriginalItemSpec=C:\Users\hansnguyen\.nuget\packages\microsoft.netcore.app.ref\3.0.0\ref\netcoreapp3.0\System.Collections.Immutable.dll
1>                    Private=false
1>                    PublicKeyToken=b03f5f7f11d50a3a
1>                    ReferenceSourceTarget=ResolveAssemblyReference
1>                    ResolvedFrom={RawFileName}
1>                    Version=
1>            C:\Users\hansnguyen\.nuget\packages\microsoft.netcore.app.ref\3.0.0\ref\netcoreapp3.0\System.Collections.NonGeneric.dll
1>                    AssemblyVersion=4.1.1.0
1>                    CopyLocal=false
1>                    ExternallyResolved=true
1>                    FileVersion=4.700.19.46214
1>                    FrameworkReferenceName=Microsoft.NETCore.App
1>                    FrameworkReferenceVersion=3.0.0
1>                    FusionName=System.Collections.NonGeneric, Version=4.1.1.0, Culture=neutral, PublicKeyToken=b03f5f7f11d50a3a
1>                    ImageRuntime=v4.0.30319
1>                    NuGetPackageId=Microsoft.NETCore.App.Ref
1>                    NuGetPackageVersion=3.0.0
1>                    OriginalItemSpec=C:\Users\hansnguyen\.nuget\packages\microsoft.netcore.app.ref\3.0.0\ref\netcoreapp3.0\System.Collections.NonGeneric.dll
1>                    Private=false
1>                    PublicKeyToken=b03f5f7f11d50a3a
1>                    ReferenceSourceTarget=ResolveAssemblyReference
1>                    ResolvedFrom={RawFileName}
1>                    Version=
1>            C:\Users\hansnguyen\.nuget\packages\microsoft.netcore.app.ref\3.0.0\ref\netcoreapp3.0\System.Collections.Specialized.dll
1>                    AssemblyVersion=4.1.1.0
1>                    CopyLocal=false
1>                    ExternallyResolved=true
1>                    FileVersion=4.700.19.46214
1>                    FrameworkReferenceName=Microsoft.NETCore.App
1>                    FrameworkReferenceVersion=3.0.0
1>                    FusionName=System.Collections.Specialized, Version=4.1.1.0, Culture=neutral, PublicKeyToken=b03f5f7f11d50a3a
1>                    ImageRuntime=v4.0.30319
1>                    NuGetPackageId=Microsoft.NETCore.App.Ref
1>                    NuGetPackageVersion=3.0.0
1>                    OriginalItemSpec=C:\Users\hansnguyen\.nuget\packages\microsoft.netcore.app.ref\3.0.0\ref\netcoreapp3.0\System.Collections.Specialized.dll
1>                    Private=false
1>                    PublicKeyToken=b03f5f7f11d50a3a
1>                    ReferenceSourceTarget=ResolveAssemblyReference
1>                    ResolvedFrom={RawFileName}
1>                    Version=
1>            C:\Users\hansnguyen\.nuget\packages\microsoft.netcore.app.ref\3.0.0\ref\netcoreapp3.0\System.ComponentModel.Annotations.dll
1>                    AssemblyVersion=4.3.0.0
1>                    CopyLocal=false
1>                    ExternallyResolved=true
1>                    FileVersion=4.700.19.46214
1>                    FrameworkReferenceName=Microsoft.NETCore.App
1>                    FrameworkReferenceVersion=3.0.0
1>                    FusionName=System.ComponentModel.Annotations, Version=4.3.0.0, Culture=neutral, PublicKeyToken=b03f5f7f11d50a3a
1>                    ImageRuntime=v4.0.30319
1>                    NuGetPackageId=Microsoft.NETCore.App.Ref
1>                    NuGetPackageVersion=3.0.0
1>                    OriginalItemSpec=C:\Users\hansnguyen\.nuget\packages\microsoft.netcore.app.ref\3.0.0\ref\netcoreapp3.0\System.ComponentModel.Annotations.dll
1>                    Private=false
1>                    PublicKeyToken=b03f5f7f11d50a3a
1>                    ReferenceSourceTarget=ResolveAssemblyReference
1>                    ResolvedFrom={RawFileName}
1>                    Version=
1>            C:\Users\hansnguyen\.nuget\packages\microsoft.netcore.app.ref\3.0.0\ref\netcoreapp3.0\System.ComponentModel.DataAnnotations.dll
1>                    AssemblyVersion=4.0.0.0
1>                    CopyLocal=false
1>                    ExternallyResolved=true
1>                    FileVersion=4.700.19.46214
1>                    FrameworkReferenceName=Microsoft.NETCore.App
1>                    FrameworkReferenceVersion=3.0.0
1>                    FusionName=System.ComponentModel.DataAnnotations, Version=4.0.0.0, Culture=neutral, PublicKeyToken=31bf3856ad364e35
1>                    ImageRuntime=v4.0.30319
1>                    NuGetPackageId=Microsoft.NETCore.App.Ref
1>                    NuGetPackageVersion=3.0.0
1>                    OriginalItemSpec=C:\Users\hansnguyen\.nuget\packages\microsoft.netcore.app.ref\3.0.0\ref\netcoreapp3.0\System.ComponentModel.DataAnnotations.dll
1>                    Private=false
1>                    PublicKeyToken=31bf3856ad364e35
1>                    ReferenceSourceTarget=ResolveAssemblyReference
1>                    ResolvedFrom={RawFileName}
1>                    Version=
1>            C:\Users\hansnguyen\.nuget\packages\microsoft.netcore.app.ref\3.0.0\ref\netcoreapp3.0\System.ComponentModel.dll
1>                    AssemblyVersion=4.0.3.0
1>                    CopyLocal=false
1>                    ExternallyResolved=true
1>                    FileVersion=4.700.19.46214
1>                    FrameworkReferenceName=Microsoft.NETCore.App
1>                    FrameworkReferenceVersion=3.0.0
1>                    FusionName=System.ComponentModel, Version=4.0.3.0, Culture=neutral, PublicKeyToken=b03f5f7f11d50a3a
1>                    ImageRuntime=v4.0.30319
1>                    NuGetPackageId=Microsoft.NETCore.App.Ref
1>                    NuGetPackageVersion=3.0.0
1>                    OriginalItemSpec=C:\Users\hansnguyen\.nuget\packages\microsoft.netcore.app.ref\3.0.0\ref\netcoreapp3.0\System.ComponentModel.dll
1>                    Private=false
1>                    PublicKeyToken=b03f5f7f11d50a3a
1>                    ReferenceSourceTarget=ResolveAssemblyReference
1>                    ResolvedFrom={RawFileName}
1>                    Version=
1>            C:\Users\hansnguyen\.nuget\packages\microsoft.netcore.app.ref\3.0.0\ref\netcoreapp3.0\System.ComponentModel.EventBasedAsync.dll
1>                    AssemblyVersion=4.1.1.0
1>                    CopyLocal=false
1>                    ExternallyResolved=true
1>                    FileVersion=4.700.19.46214
1>                    FrameworkReferenceName=Microsoft.NETCore.App
1>                    FrameworkReferenceVersion=3.0.0
1>                    FusionName=System.ComponentModel.EventBasedAsync, Version=4.1.1.0, Culture=neutral, PublicKeyToken=b03f5f7f11d50a3a
1>                    ImageRuntime=v4.0.30319
1>                    NuGetPackageId=Microsoft.NETCore.App.Ref
1>                    NuGetPackageVersion=3.0.0
1>                    OriginalItemSpec=C:\Users\hansnguyen\.nuget\packages\microsoft.netcore.app.ref\3.0.0\ref\netcoreapp3.0\System.ComponentModel.EventBasedAsync.dll
1>                    Private=false
1>                    PublicKeyToken=b03f5f7f11d50a3a
1>                    ReferenceSourceTarget=ResolveAssemblyReference
1>                    ResolvedFrom={RawFileName}
1>                    Version=
1>            C:\Users\hansnguyen\.nuget\packages\microsoft.netcore.app.ref\3.0.0\ref\netcoreapp3.0\System.ComponentModel.Primitives.dll
1>                    AssemblyVersion=4.2.1.0
1>                    CopyLocal=false
1>                    ExternallyResolved=true
1>                    FileVersion=4.700.19.46214
1>                    FrameworkReferenceName=Microsoft.NETCore.App
1>                    FrameworkReferenceVersion=3.0.0
1>                    FusionName=System.ComponentModel.Primitives, Version=4.2.1.0, Culture=neutral, PublicKeyToken=b03f5f7f11d50a3a
1>                    ImageRuntime=v4.0.30319
1>                    NuGetPackageId=Microsoft.NETCore.App.Ref
1>                    NuGetPackageVersion=3.0.0
1>                    OriginalItemSpec=C:\Users\hansnguyen\.nuget\packages\microsoft.netcore.app.ref\3.0.0\ref\netcoreapp3.0\System.ComponentModel.Primitives.dll
1>                    Private=false
1>                    PublicKeyToken=b03f5f7f11d50a3a
1>                    ReferenceSourceTarget=ResolveAssemblyReference
1>                    ResolvedFrom={RawFileName}
1>                    Version=
1>            C:\Users\hansnguyen\.nuget\packages\microsoft.netcore.app.ref\3.0.0\ref\netcoreapp3.0\System.ComponentModel.TypeConverter.dll
1>                    AssemblyVersion=4.2.1.0
1>                    CopyLocal=false
1>                    ExternallyResolved=true
1>                    FileVersion=4.700.19.46214
1>                    FrameworkReferenceName=Microsoft.NETCore.App
1>                    FrameworkReferenceVersion=3.0.0
1>                    FusionName=System.ComponentModel.TypeConverter, Version=4.2.1.0, Culture=neutral, PublicKeyToken=b03f5f7f11d50a3a
1>                    ImageRuntime=v4.0.30319
1>                    NuGetPackageId=Microsoft.NETCore.App.Ref
1>                    NuGetPackageVersion=3.0.0
1>                    OriginalItemSpec=C:\Users\hansnguyen\.nuget\packages\microsoft.netcore.app.ref\3.0.0\ref\netcoreapp3.0\System.ComponentModel.TypeConverter.dll
1>                    Private=false
1>                    PublicKeyToken=b03f5f7f11d50a3a
1>                    ReferenceSourceTarget=ResolveAssemblyReference
1>                    ResolvedFrom={RawFileName}
1>                    Version=
1>            C:\Users\hansnguyen\.nuget\packages\microsoft.windowsdesktop.app.ref\3.0.0\ref\netcoreapp3.0\System.Configuration.ConfigurationManager.dll
1>                    AssemblyVersion=4.0.2.0
1>                    CopyLocal=false
1>                    ExternallyResolved=true
1>                    FileVersion=4.700.19.46214
1>                    FrameworkReferenceName=Microsoft.WindowsDesktop.App.WPF
1>                    FrameworkReferenceVersion=3.0.0
1>                    FusionName=System.Configuration.ConfigurationManager, Version=4.0.2.0, Culture=neutral, PublicKeyToken=cc7b13ffcd2ddd51
1>                    ImageRuntime=v4.0.30319
1>                    NuGetPackageId=Microsoft.WindowsDesktop.App.Ref
1>                    NuGetPackageVersion=3.0.0
1>                    OriginalItemSpec=C:\Users\hansnguyen\.nuget\packages\microsoft.windowsdesktop.app.ref\3.0.0\ref\netcoreapp3.0\System.Configuration.ConfigurationManager.dll
1>                    Private=false
1>                    PublicKeyToken=cc7b13ffcd2ddd51
1>                    ReferenceSourceTarget=ResolveAssemblyReference
1>                    ResolvedFrom={RawFileName}
1>                    Version=
1>            C:\Users\hansnguyen\.nuget\packages\microsoft.netcore.app.ref\3.0.0\ref\netcoreapp3.0\System.Configuration.dll
1>                    AssemblyVersion=4.0.0.0
1>                    CopyLocal=false
1>                    ExternallyResolved=true
1>                    FileVersion=4.700.19.46214
1>                    FrameworkReferenceName=Microsoft.NETCore.App
1>                    FrameworkReferenceVersion=3.0.0
1>                    FusionName=System.Configuration, Version=4.0.0.0, Culture=neutral, PublicKeyToken=b03f5f7f11d50a3a
1>                    ImageRuntime=v4.0.30319
1>                    NuGetPackageId=Microsoft.NETCore.App.Ref
1>                    NuGetPackageVersion=3.0.0
1>                    OriginalItemSpec=C:\Users\hansnguyen\.nuget\packages\microsoft.netcore.app.ref\3.0.0\ref\netcoreapp3.0\System.Configuration.dll
1>                    Private=false
1>                    PublicKeyToken=b03f5f7f11d50a3a
1>                    ReferenceSourceTarget=ResolveAssemblyReference
1>                    ResolvedFrom={RawFileName}
1>                    Version=
1>            C:\Users\hansnguyen\.nuget\packages\microsoft.netcore.app.ref\3.0.0\ref\netcoreapp3.0\System.Console.dll
1>                    AssemblyVersion=4.1.1.0
1>                    CopyLocal=false
1>                    ExternallyResolved=true
1>                    FileVersion=4.700.19.46214
1>                    FrameworkReferenceName=Microsoft.NETCore.App
1>                    FrameworkReferenceVersion=3.0.0
1>                    FusionName=System.Console, Version=4.1.1.0, Culture=neutral, PublicKeyToken=b03f5f7f11d50a3a
1>                    ImageRuntime=v4.0.30319
1>                    NuGetPackageId=Microsoft.NETCore.App.Ref
1>                    NuGetPackageVersion=3.0.0
1>                    OriginalItemSpec=C:\Users\hansnguyen\.nuget\packages\microsoft.netcore.app.ref\3.0.0\ref\netcoreapp3.0\System.Console.dll
1>                    Private=false
1>                    PublicKeyToken=b03f5f7f11d50a3a
1>                    ReferenceSourceTarget=ResolveAssemblyReference
1>                    ResolvedFrom={RawFileName}
1>                    Version=
1>            C:\Users\hansnguyen\.nuget\packages\microsoft.netcore.app.ref\3.0.0\ref\netcoreapp3.0\System.Core.dll
1>                    AssemblyVersion=4.0.0.0
1>                    CopyLocal=false
1>                    ExternallyResolved=true
1>                    FileVersion=4.700.19.46214
1>                    FrameworkReferenceName=Microsoft.NETCore.App
1>                    FrameworkReferenceVersion=3.0.0
1>                    FusionName=System.Core, Version=4.0.0.0, Culture=neutral, PublicKeyToken=b77a5c561934e089
1>                    ImageRuntime=v4.0.30319
1>                    NuGetPackageId=Microsoft.NETCore.App.Ref
1>                    NuGetPackageVersion=3.0.0
1>                    OriginalItemSpec=C:\Users\hansnguyen\.nuget\packages\microsoft.netcore.app.ref\3.0.0\ref\netcoreapp3.0\System.Core.dll
1>                    Private=false
1>                    PublicKeyToken=b77a5c561934e089
1>                    ReferenceSourceTarget=ResolveAssemblyReference
1>                    ResolvedFrom={RawFileName}
1>                    Version=
1>            C:\Users\hansnguyen\.nuget\packages\microsoft.netcore.app.ref\3.0.0\ref\netcoreapp3.0\System.Data.Common.dll
1>                    AssemblyVersion=4.2.1.0
1>                    CopyLocal=false
1>                    ExternallyResolved=true
1>                    FileVersion=4.700.19.46214
1>                    FrameworkReferenceName=Microsoft.NETCore.App
1>                    FrameworkReferenceVersion=3.0.0
1>                    FusionName=System.Data.Common, Version=4.2.1.0, Culture=neutral, PublicKeyToken=b03f5f7f11d50a3a
1>                    ImageRuntime=v4.0.30319
1>                    NuGetPackageId=Microsoft.NETCore.App.Ref
1>                    NuGetPackageVersion=3.0.0
1>                    OriginalItemSpec=C:\Users\hansnguyen\.nuget\packages\microsoft.netcore.app.ref\3.0.0\ref\netcoreapp3.0\System.Data.Common.dll
1>                    Private=false
1>                    PublicKeyToken=b03f5f7f11d50a3a
1>                    ReferenceSourceTarget=ResolveAssemblyReference
1>                    ResolvedFrom={RawFileName}
1>                    Version=
1>            C:\Users\hansnguyen\.nuget\packages\microsoft.netcore.app.ref\3.0.0\ref\netcoreapp3.0\System.Data.DataSetExtensions.dll
1>                    AssemblyVersion=4.0.0.0
1>                    CopyLocal=false
1>                    ExternallyResolved=true
1>                    FileVersion=4.700.19.46214
1>                    FrameworkReferenceName=Microsoft.NETCore.App
1>                    FrameworkReferenceVersion=3.0.0
1>                    FusionName=System.Data.DataSetExtensions, Version=4.0.0.0, Culture=neutral, PublicKeyToken=b77a5c561934e089
1>                    ImageRuntime=v4.0.30319
1>                    NuGetPackageId=Microsoft.NETCore.App.Ref
1>                    NuGetPackageVersion=3.0.0
1>                    OriginalItemSpec=C:\Users\hansnguyen\.nuget\packages\microsoft.netcore.app.ref\3.0.0\ref\netcoreapp3.0\System.Data.DataSetExtensions.dll
1>                    Private=false
1>                    PublicKeyToken=b77a5c561934e089
1>                    ReferenceSourceTarget=ResolveAssemblyReference
1>                    ResolvedFrom={RawFileName}
1>                    Version=
1>            C:\Users\hansnguyen\.nuget\packages\microsoft.netcore.app.ref\3.0.0\ref\netcoreapp3.0\System.Data.dll
1>                    AssemblyVersion=4.0.0.0
1>                    CopyLocal=false
1>                    ExternallyResolved=true
1>                    FileVersion=4.700.19.46214
1>                    FrameworkReferenceName=Microsoft.NETCore.App
1>                    FrameworkReferenceVersion=3.0.0
1>                    FusionName=System.Data, Version=4.0.0.0, Culture=neutral, PublicKeyToken=b77a5c561934e089
1>                    ImageRuntime=v4.0.30319
1>                    NuGetPackageId=Microsoft.NETCore.App.Ref
1>                    NuGetPackageVersion=3.0.0
1>                    OriginalItemSpec=C:\Users\hansnguyen\.nuget\packages\microsoft.netcore.app.ref\3.0.0\ref\netcoreapp3.0\System.Data.dll
1>                    Private=false
1>                    PublicKeyToken=b77a5c561934e089
1>                    ReferenceSourceTarget=ResolveAssemblyReference
1>                    ResolvedFrom={RawFileName}
1>                    Version=
1>            C:\Users\hansnguyen\.nuget\packages\microsoft.netcore.app.ref\3.0.0\ref\netcoreapp3.0\System.Diagnostics.Contracts.dll
1>                    AssemblyVersion=4.0.3.0
1>                    CopyLocal=false
1>                    ExternallyResolved=true
1>                    FileVersion=4.700.19.46214
1>                    FrameworkReferenceName=Microsoft.NETCore.App
1>                    FrameworkReferenceVersion=3.0.0
1>                    FusionName=System.Diagnostics.Contracts, Version=4.0.3.0, Culture=neutral, PublicKeyToken=b03f5f7f11d50a3a
1>                    ImageRuntime=v4.0.30319
1>                    NuGetPackageId=Microsoft.NETCore.App.Ref
1>                    NuGetPackageVersion=3.0.0
1>                    OriginalItemSpec=C:\Users\hansnguyen\.nuget\packages\microsoft.netcore.app.ref\3.0.0\ref\netcoreapp3.0\System.Diagnostics.Contracts.dll
1>                    Private=false
1>                    PublicKeyToken=b03f5f7f11d50a3a
1>                    ReferenceSourceTarget=ResolveAssemblyReference
1>                    ResolvedFrom={RawFileName}
1>                    Version=
1>            C:\Users\hansnguyen\.nuget\packages\microsoft.netcore.app.ref\3.0.0\ref\netcoreapp3.0\System.Diagnostics.Debug.dll
1>                    AssemblyVersion=4.1.1.0
1>                    CopyLocal=false
1>                    ExternallyResolved=true
1>                    FileVersion=4.700.19.46214
1>                    FrameworkReferenceName=Microsoft.NETCore.App
1>                    FrameworkReferenceVersion=3.0.0
1>                    FusionName=System.Diagnostics.Debug, Version=4.1.1.0, Culture=neutral, PublicKeyToken=b03f5f7f11d50a3a
1>                    ImageRuntime=v4.0.30319
1>                    NuGetPackageId=Microsoft.NETCore.App.Ref
1>                    NuGetPackageVersion=3.0.0
1>                    OriginalItemSpec=C:\Users\hansnguyen\.nuget\packages\microsoft.netcore.app.ref\3.0.0\ref\netcoreapp3.0\System.Diagnostics.Debug.dll
1>                    Private=false
1>                    PublicKeyToken=b03f5f7f11d50a3a
1>                    ReferenceSourceTarget=ResolveAssemblyReference
1>                    ResolvedFrom={RawFileName}
1>                    Version=
1>            C:\Users\hansnguyen\.nuget\packages\microsoft.netcore.app.ref\3.0.0\ref\netcoreapp3.0\System.Diagnostics.DiagnosticSource.dll
1>                    AssemblyVersion=4.0.4.0
1>                    CopyLocal=false
1>                    ExternallyResolved=true
1>                    FileVersion=4.700.19.46214
1>                    FrameworkReferenceName=Microsoft.NETCore.App
1>                    FrameworkReferenceVersion=3.0.0
1>                    FusionName=System.Diagnostics.DiagnosticSource, Version=4.0.4.0, Culture=neutral, PublicKeyToken=cc7b13ffcd2ddd51
1>                    ImageRuntime=v4.0.30319
1>                    NuGetPackageId=Microsoft.NETCore.App.Ref
1>                    NuGetPackageVersion=3.0.0
1>                    OriginalItemSpec=C:\Users\hansnguyen\.nuget\packages\microsoft.netcore.app.ref\3.0.0\ref\netcoreapp3.0\System.Diagnostics.DiagnosticSource.dll
1>                    Private=false
1>                    PublicKeyToken=cc7b13ffcd2ddd51
1>                    ReferenceSourceTarget=ResolveAssemblyReference
1>                    ResolvedFrom={RawFileName}
1>                    Version=
1>            C:\Users\hansnguyen\.nuget\packages\microsoft.windowsdesktop.app.ref\3.0.0\ref\netcoreapp3.0\System.Diagnostics.EventLog.dll
1>                    AssemblyVersion=4.0.1.0
1>                    CopyLocal=false
1>                    ExternallyResolved=true
1>                    FileVersion=4.700.19.46214
1>                    FrameworkReferenceName=Microsoft.WindowsDesktop.App.WPF
1>                    FrameworkReferenceVersion=3.0.0
1>                    FusionName=System.Diagnostics.EventLog, Version=4.0.1.0, Culture=neutral, PublicKeyToken=cc7b13ffcd2ddd51
1>                    ImageRuntime=v4.0.30319
1>                    NuGetPackageId=Microsoft.WindowsDesktop.App.Ref
1>                    NuGetPackageVersion=3.0.0
1>                    OriginalItemSpec=C:\Users\hansnguyen\.nuget\packages\microsoft.windowsdesktop.app.ref\3.0.0\ref\netcoreapp3.0\System.Diagnostics.EventLog.dll
1>                    Private=false
1>                    PublicKeyToken=cc7b13ffcd2ddd51
1>                    ReferenceSourceTarget=ResolveAssemblyReference
1>                    ResolvedFrom={RawFileName}
1>                    Version=
1>            C:\Users\hansnguyen\.nuget\packages\microsoft.netcore.app.ref\3.0.0\ref\netcoreapp3.0\System.Diagnostics.FileVersionInfo.dll
1>                    AssemblyVersion=4.0.3.0
1>                    CopyLocal=false
1>                    ExternallyResolved=true
1>                    FileVersion=4.700.19.46214
1>                    FrameworkReferenceName=Microsoft.NETCore.App
1>                    FrameworkReferenceVersion=3.0.0
1>                    FusionName=System.Diagnostics.FileVersionInfo, Version=4.0.3.0, Culture=neutral, PublicKeyToken=b03f5f7f11d50a3a
1>                    ImageRuntime=v4.0.30319
1>                    NuGetPackageId=Microsoft.NETCore.App.Ref
1>                    NuGetPackageVersion=3.0.0
1>                    OriginalItemSpec=C:\Users\hansnguyen\.nuget\packages\microsoft.netcore.app.ref\3.0.0\ref\netcoreapp3.0\System.Diagnostics.FileVersionInfo.dll
1>                    Private=false
1>                    PublicKeyToken=b03f5f7f11d50a3a
1>                    ReferenceSourceTarget=ResolveAssemblyReference
1>                    ResolvedFrom={RawFileName}
1>                    Version=
1>            C:\Users\hansnguyen\.nuget\packages\microsoft.windowsdesktop.app.ref\3.0.0\ref\netcoreapp3.0\System.Diagnostics.PerformanceCounter.dll
1>                    AssemblyVersion=4.0.1.0
1>                    CopyLocal=false
1>                    ExternallyResolved=true
1>                    FileVersion=4.700.19.37515
1>                    FrameworkReferenceName=Microsoft.WindowsDesktop.App.WPF
1>                    FrameworkReferenceVersion=3.0.0
1>                    FusionName=System.Diagnostics.PerformanceCounter, Version=4.0.1.0, Culture=neutral, PublicKeyToken=cc7b13ffcd2ddd51
1>                    ImageRuntime=v4.0.30319
1>                    NuGetPackageId=Microsoft.WindowsDesktop.App.Ref
1>                    NuGetPackageVersion=3.0.0
1>                    OriginalItemSpec=C:\Users\hansnguyen\.nuget\packages\microsoft.windowsdesktop.app.ref\3.0.0\ref\netcoreapp3.0\System.Diagnostics.PerformanceCounter.dll
1>                    Private=false
1>                    PublicKeyToken=cc7b13ffcd2ddd51
1>                    ReferenceSourceTarget=ResolveAssemblyReference
1>                    ResolvedFrom={RawFileName}
1>                    Version=
1>            C:\Users\hansnguyen\.nuget\packages\microsoft.netcore.app.ref\3.0.0\ref\netcoreapp3.0\System.Diagnostics.Process.dll
1>                    AssemblyVersion=4.2.1.0
1>                    CopyLocal=false
1>                    ExternallyResolved=true
1>                    FileVersion=4.700.19.46214
1>                    FrameworkReferenceName=Microsoft.NETCore.App
1>                    FrameworkReferenceVersion=3.0.0
1>                    FusionName=System.Diagnostics.Process, Version=4.2.1.0, Culture=neutral, PublicKeyToken=b03f5f7f11d50a3a
1>                    ImageRuntime=v4.0.30319
1>                    NuGetPackageId=Microsoft.NETCore.App.Ref
1>                    NuGetPackageVersion=3.0.0
1>                    OriginalItemSpec=C:\Users\hansnguyen\.nuget\packages\microsoft.netcore.app.ref\3.0.0\ref\netcoreapp3.0\System.Diagnostics.Process.dll
1>                    Private=false
1>                    PublicKeyToken=b03f5f7f11d50a3a
1>                    ReferenceSourceTarget=ResolveAssemblyReference
1>                    ResolvedFrom={RawFileName}
1>                    Version=
1>            C:\Users\hansnguyen\.nuget\packages\microsoft.netcore.app.ref\3.0.0\ref\netcoreapp3.0\System.Diagnostics.StackTrace.dll
1>                    AssemblyVersion=4.1.1.0
1>                    CopyLocal=false
1>                    ExternallyResolved=true
1>                    FileVersion=4.700.19.46214
1>                    FrameworkReferenceName=Microsoft.NETCore.App
1>                    FrameworkReferenceVersion=3.0.0
1>                    FusionName=System.Diagnostics.StackTrace, Version=4.1.1.0, Culture=neutral, PublicKeyToken=b03f5f7f11d50a3a
1>                    ImageRuntime=v4.0.30319
1>                    NuGetPackageId=Microsoft.NETCore.App.Ref
1>                    NuGetPackageVersion=3.0.0
1>                    OriginalItemSpec=C:\Users\hansnguyen\.nuget\packages\microsoft.netcore.app.ref\3.0.0\ref\netcoreapp3.0\System.Diagnostics.StackTrace.dll
1>                    Private=false
1>                    PublicKeyToken=b03f5f7f11d50a3a
1>                    ReferenceSourceTarget=ResolveAssemblyReference
1>                    ResolvedFrom={RawFileName}
1>                    Version=
1>            C:\Users\hansnguyen\.nuget\packages\microsoft.netcore.app.ref\3.0.0\ref\netcoreapp3.0\System.Diagnostics.TextWriterTraceListener.dll
1>                    AssemblyVersion=4.1.1.0
1>                    CopyLocal=false
1>                    ExternallyResolved=true
1>                    FileVersion=4.700.19.46214
1>                    FrameworkReferenceName=Microsoft.NETCore.App
1>                    FrameworkReferenceVersion=3.0.0
1>                    FusionName=System.Diagnostics.TextWriterTraceListener, Version=4.1.1.0, Culture=neutral, PublicKeyToken=b03f5f7f11d50a3a
1>                    ImageRuntime=v4.0.30319
1>                    NuGetPackageId=Microsoft.NETCore.App.Ref
1>                    NuGetPackageVersion=3.0.0
1>                    OriginalItemSpec=C:\Users\hansnguyen\.nuget\packages\microsoft.netcore.app.ref\3.0.0\ref\netcoreapp3.0\System.Diagnostics.TextWriterTraceListener.dll
1>                    Private=false
1>                    PublicKeyToken=b03f5f7f11d50a3a
1>                    ReferenceSourceTarget=ResolveAssemblyReference
1>                    ResolvedFrom={RawFileName}
1>                    Version=
1>            C:\Users\hansnguyen\.nuget\packages\microsoft.netcore.app.ref\3.0.0\ref\netcoreapp3.0\System.Diagnostics.Tools.dll
1>                    AssemblyVersion=4.1.1.0
1>                    CopyLocal=false
1>                    ExternallyResolved=true
1>                    FileVersion=4.700.19.46214
1>                    FrameworkReferenceName=Microsoft.NETCore.App
1>                    FrameworkReferenceVersion=3.0.0
1>                    FusionName=System.Diagnostics.Tools, Version=4.1.1.0, Culture=neutral, PublicKeyToken=b03f5f7f11d50a3a
1>                    ImageRuntime=v4.0.30319
1>                    NuGetPackageId=Microsoft.NETCore.App.Ref
1>                    NuGetPackageVersion=3.0.0
1>                    OriginalItemSpec=C:\Users\hansnguyen\.nuget\packages\microsoft.netcore.app.ref\3.0.0\ref\netcoreapp3.0\System.Diagnostics.Tools.dll
1>                    Private=false
1>                    PublicKeyToken=b03f5f7f11d50a3a
1>                    ReferenceSourceTarget=ResolveAssemblyReference
1>                    ResolvedFrom={RawFileName}
1>                    Version=
1>            C:\Users\hansnguyen\.nuget\packages\microsoft.netcore.app.ref\3.0.0\ref\netcoreapp3.0\System.Diagnostics.TraceSource.dll
1>                    AssemblyVersion=4.1.1.0
1>                    CopyLocal=false
1>                    ExternallyResolved=true
1>                    FileVersion=4.700.19.46214
1>                    FrameworkReferenceName=Microsoft.NETCore.App
1>                    FrameworkReferenceVersion=3.0.0
1>                    FusionName=System.Diagnostics.TraceSource, Version=4.1.1.0, Culture=neutral, PublicKeyToken=b03f5f7f11d50a3a
1>                    ImageRuntime=v4.0.30319
1>                    NuGetPackageId=Microsoft.NETCore.App.Ref
1>                    NuGetPackageVersion=3.0.0
1>                    OriginalItemSpec=C:\Users\hansnguyen\.nuget\packages\microsoft.netcore.app.ref\3.0.0\ref\netcoreapp3.0\System.Diagnostics.TraceSource.dll
1>                    Private=false
1>                    PublicKeyToken=b03f5f7f11d50a3a
1>                    ReferenceSourceTarget=ResolveAssemblyReference
1>                    ResolvedFrom={RawFileName}
1>                    Version=
1>            C:\Users\hansnguyen\.nuget\packages\microsoft.netcore.app.ref\3.0.0\ref\netcoreapp3.0\System.Diagnostics.Tracing.dll
1>                    AssemblyVersion=4.2.1.0
1>                    CopyLocal=false
1>                    ExternallyResolved=true
1>                    FileVersion=4.700.19.46214
1>                    FrameworkReferenceName=Microsoft.NETCore.App
1>                    FrameworkReferenceVersion=3.0.0
1>                    FusionName=System.Diagnostics.Tracing, Version=4.2.1.0, Culture=neutral, PublicKeyToken=b03f5f7f11d50a3a
1>                    ImageRuntime=v4.0.30319
1>                    NuGetPackageId=Microsoft.NETCore.App.Ref
1>                    NuGetPackageVersion=3.0.0
1>                    OriginalItemSpec=C:\Users\hansnguyen\.nuget\packages\microsoft.netcore.app.ref\3.0.0\ref\netcoreapp3.0\System.Diagnostics.Tracing.dll
1>                    Private=false
1>                    PublicKeyToken=b03f5f7f11d50a3a
1>                    ReferenceSourceTarget=ResolveAssemblyReference
1>                    ResolvedFrom={RawFileName}
1>                    Version=
1>            C:\Users\hansnguyen\.nuget\packages\microsoft.windowsdesktop.app.ref\3.0.0\ref\netcoreapp3.0\System.DirectoryServices.dll
1>                    AssemblyVersion=4.0.0.0
1>                    CopyLocal=false
1>                    ExternallyResolved=true
1>                    FileVersion=4.700.19.46214
1>                    FrameworkReferenceName=Microsoft.WindowsDesktop.App.WPF
1>                    FrameworkReferenceVersion=3.0.0
1>                    FusionName=System.DirectoryServices, Version=4.0.0.0, Culture=neutral, PublicKeyToken=b03f5f7f11d50a3a
1>                    ImageRuntime=v4.0.30319
1>                    NuGetPackageId=Microsoft.WindowsDesktop.App.Ref
1>                    NuGetPackageVersion=3.0.0
1>                    OriginalItemSpec=C:\Users\hansnguyen\.nuget\packages\microsoft.windowsdesktop.app.ref\3.0.0\ref\netcoreapp3.0\System.DirectoryServices.dll
1>                    Private=false
1>                    PublicKeyToken=b03f5f7f11d50a3a
1>                    ReferenceSourceTarget=ResolveAssemblyReference
1>                    ResolvedFrom={RawFileName}
1>                    Version=
1>            C:\Users\hansnguyen\.nuget\packages\microsoft.netcore.app.ref\3.0.0\ref\netcoreapp3.0\System.dll
1>                    AssemblyVersion=4.0.0.0
1>                    CopyLocal=false
1>                    ExternallyResolved=true
1>                    FileVersion=4.700.19.46214
1>                    FrameworkReferenceName=Microsoft.NETCore.App
1>                    FrameworkReferenceVersion=3.0.0
1>                    FusionName=System, Version=4.0.0.0, Culture=neutral, PublicKeyToken=b77a5c561934e089
1>                    ImageRuntime=v4.0.30319
1>                    NuGetPackageId=Microsoft.NETCore.App.Ref
1>                    NuGetPackageVersion=3.0.0
1>                    OriginalItemSpec=C:\Users\hansnguyen\.nuget\packages\microsoft.netcore.app.ref\3.0.0\ref\netcoreapp3.0\System.dll
1>                    Private=false
1>                    PublicKeyToken=b77a5c561934e089
1>                    ReferenceSourceTarget=ResolveAssemblyReference
1>                    ResolvedFrom={RawFileName}
1>                    Version=
1>            C:\Users\hansnguyen\.nuget\packages\microsoft.netcore.app.ref\3.0.0\ref\netcoreapp3.0\System.Drawing.dll
1>                    AssemblyVersion=4.0.0.0
1>                    CopyLocal=false
1>                    ExternallyResolved=true
1>                    FileVersion=4.700.19.46214
1>                    FrameworkReferenceName=Microsoft.NETCore.App
1>                    FrameworkReferenceVersion=3.0.0
1>                    FusionName=System.Drawing, Version=4.0.0.0, Culture=neutral, PublicKeyToken=b03f5f7f11d50a3a
1>                    ImageRuntime=v4.0.30319
1>                    NuGetPackageId=Microsoft.NETCore.App.Ref
1>                    NuGetPackageVersion=3.0.0
1>                    OriginalItemSpec=C:\Users\hansnguyen\.nuget\packages\microsoft.netcore.app.ref\3.0.0\ref\netcoreapp3.0\System.Drawing.dll
1>                    Private=false
1>                    PublicKeyToken=b03f5f7f11d50a3a
1>                    ReferenceSourceTarget=ResolveAssemblyReference
1>                    ResolvedFrom={RawFileName}
1>                    Version=
1>            C:\Users\hansnguyen\.nuget\packages\microsoft.netcore.app.ref\3.0.0\ref\netcoreapp3.0\System.Drawing.Primitives.dll
1>                    AssemblyVersion=4.2.0.0
1>                    CopyLocal=false
1>                    ExternallyResolved=true
1>                    FileVersion=4.700.19.46214
1>                    FrameworkReferenceName=Microsoft.NETCore.App
1>                    FrameworkReferenceVersion=3.0.0
1>                    FusionName=System.Drawing.Primitives, Version=4.2.0.0, Culture=neutral, PublicKeyToken=b03f5f7f11d50a3a
1>                    ImageRuntime=v4.0.30319
1>                    NuGetPackageId=Microsoft.NETCore.App.Ref
1>                    NuGetPackageVersion=3.0.0
1>                    OriginalItemSpec=C:\Users\hansnguyen\.nuget\packages\microsoft.netcore.app.ref\3.0.0\ref\netcoreapp3.0\System.Drawing.Primitives.dll
1>                    Private=false
1>                    PublicKeyToken=b03f5f7f11d50a3a
1>                    ReferenceSourceTarget=ResolveAssemblyReference
1>                    ResolvedFrom={RawFileName}
1>                    Version=
1>            C:\Users\hansnguyen\.nuget\packages\microsoft.netcore.app.ref\3.0.0\ref\netcoreapp3.0\System.Dynamic.Runtime.dll
1>                    AssemblyVersion=4.1.1.0
1>                    CopyLocal=false
1>                    ExternallyResolved=true
1>                    FileVersion=4.700.19.46214
1>                    FrameworkReferenceName=Microsoft.NETCore.App
1>                    FrameworkReferenceVersion=3.0.0
1>                    FusionName=System.Dynamic.Runtime, Version=4.1.1.0, Culture=neutral, PublicKeyToken=b03f5f7f11d50a3a
1>                    ImageRuntime=v4.0.30319
1>                    NuGetPackageId=Microsoft.NETCore.App.Ref
1>                    NuGetPackageVersion=3.0.0
1>                    OriginalItemSpec=C:\Users\hansnguyen\.nuget\packages\microsoft.netcore.app.ref\3.0.0\ref\netcoreapp3.0\System.Dynamic.Runtime.dll
1>                    Private=false
1>                    PublicKeyToken=b03f5f7f11d50a3a
1>                    ReferenceSourceTarget=ResolveAssemblyReference
1>                    ResolvedFrom={RawFileName}
1>                    Version=
1>            C:\Users\hansnguyen\.nuget\packages\microsoft.netcore.app.ref\3.0.0\ref\netcoreapp3.0\System.Globalization.Calendars.dll
1>                    AssemblyVersion=4.1.1.0
1>                    CopyLocal=false
1>                    ExternallyResolved=true
1>                    FileVersion=4.700.19.46214
1>                    FrameworkReferenceName=Microsoft.NETCore.App
1>                    FrameworkReferenceVersion=3.0.0
1>                    FusionName=System.Globalization.Calendars, Version=4.1.1.0, Culture=neutral, PublicKeyToken=b03f5f7f11d50a3a
1>                    ImageRuntime=v4.0.30319
1>                    NuGetPackageId=Microsoft.NETCore.App.Ref
1>                    NuGetPackageVersion=3.0.0
1>                    OriginalItemSpec=C:\Users\hansnguyen\.nuget\packages\microsoft.netcore.app.ref\3.0.0\ref\netcoreapp3.0\System.Globalization.Calendars.dll
1>                    Private=false
1>                    PublicKeyToken=b03f5f7f11d50a3a
1>                    ReferenceSourceTarget=ResolveAssemblyReference
1>                    ResolvedFrom={RawFileName}
1>                    Version=
1>            C:\Users\hansnguyen\.nuget\packages\microsoft.netcore.app.ref\3.0.0\ref\netcoreapp3.0\System.Globalization.dll
1>                    AssemblyVersion=4.1.1.0
1>                    CopyLocal=false
1>                    ExternallyResolved=true
1>                    FileVersion=4.700.19.46214
1>                    FrameworkReferenceName=Microsoft.NETCore.App
1>                    FrameworkReferenceVersion=3.0.0
1>                    FusionName=System.Globalization, Version=4.1.1.0, Culture=neutral, PublicKeyToken=b03f5f7f11d50a3a
1>                    ImageRuntime=v4.0.30319
1>                    NuGetPackageId=Microsoft.NETCore.App.Ref
1>                    NuGetPackageVersion=3.0.0
1>                    OriginalItemSpec=C:\Users\hansnguyen\.nuget\packages\microsoft.netcore.app.ref\3.0.0\ref\netcoreapp3.0\System.Globalization.dll
1>                    Private=false
1>                    PublicKeyToken=b03f5f7f11d50a3a
1>                    ReferenceSourceTarget=ResolveAssemblyReference
1>                    ResolvedFrom={RawFileName}
1>                    Version=
1>            C:\Users\hansnguyen\.nuget\packages\microsoft.netcore.app.ref\3.0.0\ref\netcoreapp3.0\System.Globalization.Extensions.dll
1>                    AssemblyVersion=4.1.1.0
1>                    CopyLocal=false
1>                    ExternallyResolved=true
1>                    FileVersion=4.700.19.46214
1>                    FrameworkReferenceName=Microsoft.NETCore.App
1>                    FrameworkReferenceVersion=3.0.0
1>                    FusionName=System.Globalization.Extensions, Version=4.1.1.0, Culture=neutral, PublicKeyToken=b03f5f7f11d50a3a
1>                    ImageRuntime=v4.0.30319
1>                    NuGetPackageId=Microsoft.NETCore.App.Ref
1>                    NuGetPackageVersion=3.0.0
1>                    OriginalItemSpec=C:\Users\hansnguyen\.nuget\packages\microsoft.netcore.app.ref\3.0.0\ref\netcoreapp3.0\System.Globalization.Extensions.dll
1>                    Private=false
1>                    PublicKeyToken=b03f5f7f11d50a3a
1>                    ReferenceSourceTarget=ResolveAssemblyReference
1>                    ResolvedFrom={RawFileName}
1>                    Version=
1>            C:\Users\hansnguyen\.nuget\packages\microsoft.netcore.app.ref\3.0.0\ref\netcoreapp3.0\System.IO.Compression.Brotli.dll
1>                    AssemblyVersion=4.2.1.0
1>                    CopyLocal=false
1>                    ExternallyResolved=true
1>                    FileVersion=4.700.19.46214
1>                    FrameworkReferenceName=Microsoft.NETCore.App
1>                    FrameworkReferenceVersion=3.0.0
1>                    FusionName=System.IO.Compression.Brotli, Version=4.2.1.0, Culture=neutral, PublicKeyToken=b77a5c561934e089
1>                    ImageRuntime=v4.0.30319
1>                    NuGetPackageId=Microsoft.NETCore.App.Ref
1>                    NuGetPackageVersion=3.0.0
1>                    OriginalItemSpec=C:\Users\hansnguyen\.nuget\packages\microsoft.netcore.app.ref\3.0.0\ref\netcoreapp3.0\System.IO.Compression.Brotli.dll
1>                    Private=false
1>                    PublicKeyToken=b77a5c561934e089
1>                    ReferenceSourceTarget=ResolveAssemblyReference
1>                    ResolvedFrom={RawFileName}
1>                    Version=
1>            C:\Users\hansnguyen\.nuget\packages\microsoft.netcore.app.ref\3.0.0\ref\netcoreapp3.0\System.IO.Compression.dll
1>                    AssemblyVersion=4.2.1.0
1>                    CopyLocal=false
1>                    ExternallyResolved=true
1>                    FileVersion=4.700.19.46214
1>                    FrameworkReferenceName=Microsoft.NETCore.App
1>                    FrameworkReferenceVersion=3.0.0
1>                    FusionName=System.IO.Compression, Version=4.2.1.0, Culture=neutral, PublicKeyToken=b77a5c561934e089
1>                    ImageRuntime=v4.0.30319
1>                    NuGetPackageId=Microsoft.NETCore.App.Ref
1>                    NuGetPackageVersion=3.0.0
1>                    OriginalItemSpec=C:\Users\hansnguyen\.nuget\packages\microsoft.netcore.app.ref\3.0.0\ref\netcoreapp3.0\System.IO.Compression.dll
1>                    Private=false
1>                    PublicKeyToken=b77a5c561934e089
1>                    ReferenceSourceTarget=ResolveAssemblyReference
1>                    ResolvedFrom={RawFileName}
1>                    Version=
1>            C:\Users\hansnguyen\.nuget\packages\microsoft.netcore.app.ref\3.0.0\ref\netcoreapp3.0\System.IO.Compression.FileSystem.dll
1>                    AssemblyVersion=4.0.0.0
1>                    CopyLocal=false
1>                    ExternallyResolved=true
1>                    FileVersion=4.700.19.46214
1>                    FrameworkReferenceName=Microsoft.NETCore.App
1>                    FrameworkReferenceVersion=3.0.0
1>                    FusionName=System.IO.Compression.FileSystem, Version=4.0.0.0, Culture=neutral, PublicKeyToken=b77a5c561934e089
1>                    ImageRuntime=v4.0.30319
1>                    NuGetPackageId=Microsoft.NETCore.App.Ref
1>                    NuGetPackageVersion=3.0.0
1>                    OriginalItemSpec=C:\Users\hansnguyen\.nuget\packages\microsoft.netcore.app.ref\3.0.0\ref\netcoreapp3.0\System.IO.Compression.FileSystem.dll
1>                    Private=false
1>                    PublicKeyToken=b77a5c561934e089
1>                    ReferenceSourceTarget=ResolveAssemblyReference
1>                    ResolvedFrom={RawFileName}
1>                    Version=
1>            C:\Users\hansnguyen\.nuget\packages\microsoft.netcore.app.ref\3.0.0\ref\netcoreapp3.0\System.IO.Compression.ZipFile.dll
1>                    AssemblyVersion=4.0.4.0
1>                    CopyLocal=false
1>                    ExternallyResolved=true
1>                    FileVersion=4.700.19.46214
1>                    FrameworkReferenceName=Microsoft.NETCore.App
1>                    FrameworkReferenceVersion=3.0.0
1>                    FusionName=System.IO.Compression.ZipFile, Version=4.0.4.0, Culture=neutral, PublicKeyToken=b77a5c561934e089
1>                    ImageRuntime=v4.0.30319
1>                    NuGetPackageId=Microsoft.NETCore.App.Ref
1>                    NuGetPackageVersion=3.0.0
1>                    OriginalItemSpec=C:\Users\hansnguyen\.nuget\packages\microsoft.netcore.app.ref\3.0.0\ref\netcoreapp3.0\System.IO.Compression.ZipFile.dll
1>                    Private=false
1>                    PublicKeyToken=b77a5c561934e089
1>                    ReferenceSourceTarget=ResolveAssemblyReference
1>                    ResolvedFrom={RawFileName}
1>                    Version=
1>            C:\Users\hansnguyen\.nuget\packages\microsoft.netcore.app.ref\3.0.0\ref\netcoreapp3.0\System.IO.dll
1>                    AssemblyVersion=4.2.1.0
1>                    CopyLocal=false
1>                    ExternallyResolved=true
1>                    FileVersion=4.700.19.46214
1>                    FrameworkReferenceName=Microsoft.NETCore.App
1>                    FrameworkReferenceVersion=3.0.0
1>                    FusionName=System.IO, Version=4.2.1.0, Culture=neutral, PublicKeyToken=b03f5f7f11d50a3a
1>                    ImageRuntime=v4.0.30319
1>                    NuGetPackageId=Microsoft.NETCore.App.Ref
1>                    NuGetPackageVersion=3.0.0
1>                    OriginalItemSpec=C:\Users\hansnguyen\.nuget\packages\microsoft.netcore.app.ref\3.0.0\ref\netcoreapp3.0\System.IO.dll
1>                    Private=false
1>                    PublicKeyToken=b03f5f7f11d50a3a
1>                    ReferenceSourceTarget=ResolveAssemblyReference
1>                    ResolvedFrom={RawFileName}
1>                    Version=
1>            C:\Users\hansnguyen\.nuget\packages\microsoft.windowsdesktop.app.ref\3.0.0\ref\netcoreapp3.0\System.IO.FileSystem.AccessControl.dll
1>                    AssemblyVersion=4.0.4.0
1>                    CopyLocal=false
1>                    ExternallyResolved=true
1>                    FileVersion=4.700.19.46214
1>                    FrameworkReferenceName=Microsoft.WindowsDesktop.App.WPF
1>                    FrameworkReferenceVersion=3.0.0
1>                    FusionName=System.IO.FileSystem.AccessControl, Version=4.0.4.0, Culture=neutral, PublicKeyToken=b03f5f7f11d50a3a
1>                    ImageRuntime=v4.0.30319
1>                    NuGetPackageId=Microsoft.WindowsDesktop.App.Ref
1>                    NuGetPackageVersion=3.0.0
1>                    OriginalItemSpec=C:\Users\hansnguyen\.nuget\packages\microsoft.windowsdesktop.app.ref\3.0.0\ref\netcoreapp3.0\System.IO.FileSystem.AccessControl.dll
1>                    Private=false
1>                    PublicKeyToken=b03f5f7f11d50a3a
1>                    ReferenceSourceTarget=ResolveAssemblyReference
1>                    ResolvedFrom={RawFileName}
1>                    Version=
1>            C:\Users\hansnguyen\.nuget\packages\microsoft.netcore.app.ref\3.0.0\ref\netcoreapp3.0\System.IO.FileSystem.dll
1>                    AssemblyVersion=4.1.1.0
1>                    CopyLocal=false
1>                    ExternallyResolved=true
1>                    FileVersion=4.700.19.46214
1>                    FrameworkReferenceName=Microsoft.NETCore.App
1>                    FrameworkReferenceVersion=3.0.0
1>                    FusionName=System.IO.FileSystem, Version=4.1.1.0, Culture=neutral, PublicKeyToken=b03f5f7f11d50a3a
1>                    ImageRuntime=v4.0.30319
1>                    NuGetPackageId=Microsoft.NETCore.App.Ref
1>                    NuGetPackageVersion=3.0.0
1>                    OriginalItemSpec=C:\Users\hansnguyen\.nuget\packages\microsoft.netcore.app.ref\3.0.0\ref\netcoreapp3.0\System.IO.FileSystem.dll
1>                    Private=false
1>                    PublicKeyToken=b03f5f7f11d50a3a
1>                    ReferenceSourceTarget=ResolveAssemblyReference
1>                    ResolvedFrom={RawFileName}
1>                    Version=
1>            C:\Users\hansnguyen\.nuget\packages\microsoft.netcore.app.ref\3.0.0\ref\netcoreapp3.0\System.IO.FileSystem.DriveInfo.dll
1>                    AssemblyVersion=4.1.1.0
1>                    CopyLocal=false
1>                    ExternallyResolved=true
1>                    FileVersion=4.700.19.46214
1>                    FrameworkReferenceName=Microsoft.NETCore.App
1>                    FrameworkReferenceVersion=3.0.0
1>                    FusionName=System.IO.FileSystem.DriveInfo, Version=4.1.1.0, Culture=neutral, PublicKeyToken=b03f5f7f11d50a3a
1>                    ImageRuntime=v4.0.30319
1>                    NuGetPackageId=Microsoft.NETCore.App.Ref
1>                    NuGetPackageVersion=3.0.0
1>                    OriginalItemSpec=C:\Users\hansnguyen\.nuget\packages\microsoft.netcore.app.ref\3.0.0\ref\netcoreapp3.0\System.IO.FileSystem.DriveInfo.dll
1>                    Private=false
1>                    PublicKeyToken=b03f5f7f11d50a3a
1>                    ReferenceSourceTarget=ResolveAssemblyReference
1>                    ResolvedFrom={RawFileName}
1>                    Version=
1>            C:\Users\hansnguyen\.nuget\packages\microsoft.netcore.app.ref\3.0.0\ref\netcoreapp3.0\System.IO.FileSystem.Primitives.dll
1>                    AssemblyVersion=4.1.1.0
1>                    CopyLocal=false
1>                    ExternallyResolved=true
1>                    FileVersion=4.700.19.46214
1>                    FrameworkReferenceName=Microsoft.NETCore.App
1>                    FrameworkReferenceVersion=3.0.0
1>                    FusionName=System.IO.FileSystem.Primitives, Version=4.1.1.0, Culture=neutral, PublicKeyToken=b03f5f7f11d50a3a
1>                    ImageRuntime=v4.0.30319
1>                    NuGetPackageId=Microsoft.NETCore.App.Ref
1>                    NuGetPackageVersion=3.0.0
1>                    OriginalItemSpec=C:\Users\hansnguyen\.nuget\packages\microsoft.netcore.app.ref\3.0.0\ref\netcoreapp3.0\System.IO.FileSystem.Primitives.dll
1>                    Private=false
1>                    PublicKeyToken=b03f5f7f11d50a3a
1>                    ReferenceSourceTarget=ResolveAssemblyReference
1>                    ResolvedFrom={RawFileName}
1>                    Version=
1>            C:\Users\hansnguyen\.nuget\packages\microsoft.netcore.app.ref\3.0.0\ref\netcoreapp3.0\System.IO.FileSystem.Watcher.dll
1>                    AssemblyVersion=4.1.1.0
1>                    CopyLocal=false
1>                    ExternallyResolved=true
1>                    FileVersion=4.700.19.46214
1>                    FrameworkReferenceName=Microsoft.NETCore.App
1>                    FrameworkReferenceVersion=3.0.0
1>                    FusionName=System.IO.FileSystem.Watcher, Version=4.1.1.0, Culture=neutral, PublicKeyToken=b03f5f7f11d50a3a
1>                    ImageRuntime=v4.0.30319
1>                    NuGetPackageId=Microsoft.NETCore.App.Ref
1>                    NuGetPackageVersion=3.0.0
1>                    OriginalItemSpec=C:\Users\hansnguyen\.nuget\packages\microsoft.netcore.app.ref\3.0.0\ref\netcoreapp3.0\System.IO.FileSystem.Watcher.dll
1>                    Private=false
1>                    PublicKeyToken=b03f5f7f11d50a3a
1>                    ReferenceSourceTarget=ResolveAssemblyReference
1>                    ResolvedFrom={RawFileName}
1>                    Version=
1>            C:\Users\hansnguyen\.nuget\packages\microsoft.netcore.app.ref\3.0.0\ref\netcoreapp3.0\System.IO.IsolatedStorage.dll
1>                    AssemblyVersion=4.1.1.0
1>                    CopyLocal=false
1>                    ExternallyResolved=true
1>                    FileVersion=4.700.19.46214
1>                    FrameworkReferenceName=Microsoft.NETCore.App
1>                    FrameworkReferenceVersion=3.0.0
1>                    FusionName=System.IO.IsolatedStorage, Version=4.1.1.0, Culture=neutral, PublicKeyToken=b03f5f7f11d50a3a
1>                    ImageRuntime=v4.0.30319
1>                    NuGetPackageId=Microsoft.NETCore.App.Ref
1>                    NuGetPackageVersion=3.0.0
1>                    OriginalItemSpec=C:\Users\hansnguyen\.nuget\packages\microsoft.netcore.app.ref\3.0.0\ref\netcoreapp3.0\System.IO.IsolatedStorage.dll
1>                    Private=false
1>                    PublicKeyToken=b03f5f7f11d50a3a
1>                    ReferenceSourceTarget=ResolveAssemblyReference
1>                    ResolvedFrom={RawFileName}
1>                    Version=
1>            C:\Users\hansnguyen\.nuget\packages\microsoft.netcore.app.ref\3.0.0\ref\netcoreapp3.0\System.IO.MemoryMappedFiles.dll
1>                    AssemblyVersion=4.1.1.0
1>                    CopyLocal=false
1>                    ExternallyResolved=true
1>                    FileVersion=4.700.19.46214
1>                    FrameworkReferenceName=Microsoft.NETCore.App
1>                    FrameworkReferenceVersion=3.0.0
1>                    FusionName=System.IO.MemoryMappedFiles, Version=4.1.1.0, Culture=neutral, PublicKeyToken=b03f5f7f11d50a3a
1>                    ImageRuntime=v4.0.30319
1>                    NuGetPackageId=Microsoft.NETCore.App.Ref
1>                    NuGetPackageVersion=3.0.0
1>                    OriginalItemSpec=C:\Users\hansnguyen\.nuget\packages\microsoft.netcore.app.ref\3.0.0\ref\netcoreapp3.0\System.IO.MemoryMappedFiles.dll
1>                    Private=false
1>                    PublicKeyToken=b03f5f7f11d50a3a
1>                    ReferenceSourceTarget=ResolveAssemblyReference
1>                    ResolvedFrom={RawFileName}
1>                    Version=
1>            C:\Users\hansnguyen\.nuget\packages\microsoft.windowsdesktop.app.ref\3.0.0\ref\netcoreapp3.0\System.IO.Packaging.dll
1>                    AssemblyVersion=4.0.4.0
1>                    CopyLocal=false
1>                    ExternallyResolved=true
1>                    FileVersion=4.700.19.46214
1>                    FrameworkReferenceName=Microsoft.WindowsDesktop.App.WPF
1>                    FrameworkReferenceVersion=3.0.0
1>                    FusionName=System.IO.Packaging, Version=4.0.4.0, Culture=neutral, PublicKeyToken=b03f5f7f11d50a3a
1>                    ImageRuntime=v4.0.30319
1>                    NuGetPackageId=Microsoft.WindowsDesktop.App.Ref
1>                    NuGetPackageVersion=3.0.0
1>                    OriginalItemSpec=C:\Users\hansnguyen\.nuget\packages\microsoft.windowsdesktop.app.ref\3.0.0\ref\netcoreapp3.0\System.IO.Packaging.dll
1>                    Private=false
1>                    PublicKeyToken=b03f5f7f11d50a3a
1>                    ReferenceSourceTarget=ResolveAssemblyReference
1>                    ResolvedFrom={RawFileName}
1>                    Version=
1>            C:\Users\hansnguyen\.nuget\packages\microsoft.windowsdesktop.app.ref\3.0.0\ref\netcoreapp3.0\System.IO.Pipes.AccessControl.dll
1>                    AssemblyVersion=4.0.3.0
1>                    CopyLocal=false
1>                    ExternallyResolved=true
1>                    FileVersion=4.6.26606.5
1>                    FrameworkReferenceName=Microsoft.WindowsDesktop.App.WPF
1>                    FrameworkReferenceVersion=3.0.0
1>                    FusionName=System.IO.Pipes.AccessControl, Version=4.0.3.0, Culture=neutral, PublicKeyToken=b03f5f7f11d50a3a
1>                    ImageRuntime=v4.0.30319
1>                    NuGetPackageId=Microsoft.WindowsDesktop.App.Ref
1>                    NuGetPackageVersion=3.0.0
1>                    OriginalItemSpec=C:\Users\hansnguyen\.nuget\packages\microsoft.windowsdesktop.app.ref\3.0.0\ref\netcoreapp3.0\System.IO.Pipes.AccessControl.dll
1>                    Private=false
1>                    PublicKeyToken=b03f5f7f11d50a3a
1>                    ReferenceSourceTarget=ResolveAssemblyReference
1>                    ResolvedFrom={RawFileName}
1>                    Version=
1>            C:\Users\hansnguyen\.nuget\packages\microsoft.netcore.app.ref\3.0.0\ref\netcoreapp3.0\System.IO.Pipes.dll
1>                    AssemblyVersion=4.1.1.0
1>                    CopyLocal=false
1>                    ExternallyResolved=true
1>                    FileVersion=4.700.19.46214
1>                    FrameworkReferenceName=Microsoft.NETCore.App
1>                    FrameworkReferenceVersion=3.0.0
1>                    FusionName=System.IO.Pipes, Version=4.1.1.0, Culture=neutral, PublicKeyToken=b03f5f7f11d50a3a
1>                    ImageRuntime=v4.0.30319
1>                    NuGetPackageId=Microsoft.NETCore.App.Ref
1>                    NuGetPackageVersion=3.0.0
1>                    OriginalItemSpec=C:\Users\hansnguyen\.nuget\packages\microsoft.netcore.app.ref\3.0.0\ref\netcoreapp3.0\System.IO.Pipes.dll
1>                    Private=false
1>                    PublicKeyToken=b03f5f7f11d50a3a
1>                    ReferenceSourceTarget=ResolveAssemblyReference
1>                    ResolvedFrom={RawFileName}
1>                    Version=
1>            C:\Users\hansnguyen\.nuget\packages\microsoft.netcore.app.ref\3.0.0\ref\netcoreapp3.0\System.IO.UnmanagedMemoryStream.dll
1>                    AssemblyVersion=4.1.1.0
1>                    CopyLocal=false
1>                    ExternallyResolved=true
1>                    FileVersion=4.700.19.46214
1>                    FrameworkReferenceName=Microsoft.NETCore.App
1>                    FrameworkReferenceVersion=3.0.0
1>                    FusionName=System.IO.UnmanagedMemoryStream, Version=4.1.1.0, Culture=neutral, PublicKeyToken=b03f5f7f11d50a3a
1>                    ImageRuntime=v4.0.30319
1>                    NuGetPackageId=Microsoft.NETCore.App.Ref
1>                    NuGetPackageVersion=3.0.0
1>                    OriginalItemSpec=C:\Users\hansnguyen\.nuget\packages\microsoft.netcore.app.ref\3.0.0\ref\netcoreapp3.0\System.IO.UnmanagedMemoryStream.dll
1>                    Private=false
1>                    PublicKeyToken=b03f5f7f11d50a3a
1>                    ReferenceSourceTarget=ResolveAssemblyReference
1>                    ResolvedFrom={RawFileName}
1>                    Version=
1>            C:\Users\hansnguyen\.nuget\packages\microsoft.netcore.app.ref\3.0.0\ref\netcoreapp3.0\System.Linq.dll
1>                    AssemblyVersion=4.2.1.0
1>                    CopyLocal=false
1>                    ExternallyResolved=true
1>                    FileVersion=4.700.19.46214
1>                    FrameworkReferenceName=Microsoft.NETCore.App
1>                    FrameworkReferenceVersion=3.0.0
1>                    FusionName=System.Linq, Version=4.2.1.0, Culture=neutral, PublicKeyToken=b03f5f7f11d50a3a
1>                    ImageRuntime=v4.0.30319
1>                    NuGetPackageId=Microsoft.NETCore.App.Ref
1>                    NuGetPackageVersion=3.0.0
1>                    OriginalItemSpec=C:\Users\hansnguyen\.nuget\packages\microsoft.netcore.app.ref\3.0.0\ref\netcoreapp3.0\System.Linq.dll
1>                    Private=false
1>                    PublicKeyToken=b03f5f7f11d50a3a
1>                    ReferenceSourceTarget=ResolveAssemblyReference
1>                    ResolvedFrom={RawFileName}
1>                    Version=
1>            C:\Users\hansnguyen\.nuget\packages\microsoft.netcore.app.ref\3.0.0\ref\netcoreapp3.0\System.Linq.Expressions.dll
1>                    AssemblyVersion=4.2.1.0
1>                    CopyLocal=false
1>                    ExternallyResolved=true
1>                    FileVersion=4.700.19.46214
1>                    FrameworkReferenceName=Microsoft.NETCore.App
1>                    FrameworkReferenceVersion=3.0.0
1>                    FusionName=System.Linq.Expressions, Version=4.2.1.0, Culture=neutral, PublicKeyToken=b03f5f7f11d50a3a
1>                    ImageRuntime=v4.0.30319
1>                    NuGetPackageId=Microsoft.NETCore.App.Ref
1>                    NuGetPackageVersion=3.0.0
1>                    OriginalItemSpec=C:\Users\hansnguyen\.nuget\packages\microsoft.netcore.app.ref\3.0.0\ref\netcoreapp3.0\System.Linq.Expressions.dll
1>                    Private=false
1>                    PublicKeyToken=b03f5f7f11d50a3a
1>                    ReferenceSourceTarget=ResolveAssemblyReference
1>                    ResolvedFrom={RawFileName}
1>                    Version=
1>            C:\Users\hansnguyen\.nuget\packages\microsoft.netcore.app.ref\3.0.0\ref\netcoreapp3.0\System.Linq.Parallel.dll
1>                    AssemblyVersion=4.0.3.0
1>                    CopyLocal=false
1>                    ExternallyResolved=true
1>                    FileVersion=4.700.19.46214
1>                    FrameworkReferenceName=Microsoft.NETCore.App
1>                    FrameworkReferenceVersion=3.0.0
1>                    FusionName=System.Linq.Parallel, Version=4.0.3.0, Culture=neutral, PublicKeyToken=b03f5f7f11d50a3a
1>                    ImageRuntime=v4.0.30319
1>                    NuGetPackageId=Microsoft.NETCore.App.Ref
1>                    NuGetPackageVersion=3.0.0
1>                    OriginalItemSpec=C:\Users\hansnguyen\.nuget\packages\microsoft.netcore.app.ref\3.0.0\ref\netcoreapp3.0\System.Linq.Parallel.dll
1>                    Private=false
1>                    PublicKeyToken=b03f5f7f11d50a3a
1>                    ReferenceSourceTarget=ResolveAssemblyReference
1>                    ResolvedFrom={RawFileName}
1>                    Version=
1>            C:\Users\hansnguyen\.nuget\packages\microsoft.netcore.app.ref\3.0.0\ref\netcoreapp3.0\System.Linq.Queryable.dll
1>                    AssemblyVersion=4.0.3.0
1>                    CopyLocal=false
1>                    ExternallyResolved=true
1>                    FileVersion=4.700.19.46214
1>                    FrameworkReferenceName=Microsoft.NETCore.App
1>                    FrameworkReferenceVersion=3.0.0
1>                    FusionName=System.Linq.Queryable, Version=4.0.3.0, Culture=neutral, PublicKeyToken=b03f5f7f11d50a3a
1>                    ImageRuntime=v4.0.30319
1>                    NuGetPackageId=Microsoft.NETCore.App.Ref
1>                    NuGetPackageVersion=3.0.0
1>                    OriginalItemSpec=C:\Users\hansnguyen\.nuget\packages\microsoft.netcore.app.ref\3.0.0\ref\netcoreapp3.0\System.Linq.Queryable.dll
1>                    Private=false
1>                    PublicKeyToken=b03f5f7f11d50a3a
1>                    ReferenceSourceTarget=ResolveAssemblyReference
1>                    ResolvedFrom={RawFileName}
1>                    Version=
1>            C:\Users\hansnguyen\.nuget\packages\microsoft.netcore.app.ref\3.0.0\ref\netcoreapp3.0\System.Memory.dll
1>                    AssemblyVersion=4.2.0.0
1>                    CopyLocal=false
1>                    ExternallyResolved=true
1>                    FileVersion=4.700.19.46214
1>                    FrameworkReferenceName=Microsoft.NETCore.App
1>                    FrameworkReferenceVersion=3.0.0
1>                    FusionName=System.Memory, Version=4.2.0.0, Culture=neutral, PublicKeyToken=cc7b13ffcd2ddd51
1>                    ImageRuntime=v4.0.30319
1>                    NuGetPackageId=Microsoft.NETCore.App.Ref
1>                    NuGetPackageVersion=3.0.0
1>                    OriginalItemSpec=C:\Users\hansnguyen\.nuget\packages\microsoft.netcore.app.ref\3.0.0\ref\netcoreapp3.0\System.Memory.dll
1>                    Private=false
1>                    PublicKeyToken=cc7b13ffcd2ddd51
1>                    ReferenceSourceTarget=ResolveAssemblyReference
1>                    ResolvedFrom={RawFileName}
1>                    Version=
1>            C:\Users\hansnguyen\.nuget\packages\microsoft.netcore.app.ref\3.0.0\ref\netcoreapp3.0\System.Net.dll
1>                    AssemblyVersion=4.0.0.0
1>                    CopyLocal=false
1>                    ExternallyResolved=true
1>                    FileVersion=4.700.19.46214
1>                    FrameworkReferenceName=Microsoft.NETCore.App
1>                    FrameworkReferenceVersion=3.0.0
1>                    FusionName=System.Net, Version=4.0.0.0, Culture=neutral, PublicKeyToken=b03f5f7f11d50a3a
1>                    ImageRuntime=v4.0.30319
1>                    NuGetPackageId=Microsoft.NETCore.App.Ref
1>                    NuGetPackageVersion=3.0.0
1>                    OriginalItemSpec=C:\Users\hansnguyen\.nuget\packages\microsoft.netcore.app.ref\3.0.0\ref\netcoreapp3.0\System.Net.dll
1>                    Private=false
1>                    PublicKeyToken=b03f5f7f11d50a3a
1>                    ReferenceSourceTarget=ResolveAssemblyReference
1>                    ResolvedFrom={RawFileName}
1>                    Version=
1>            C:\Users\hansnguyen\.nuget\packages\microsoft.netcore.app.ref\3.0.0\ref\netcoreapp3.0\System.Net.Http.dll
1>                    AssemblyVersion=4.2.1.0
1>                    CopyLocal=false
1>                    ExternallyResolved=true
1>                    FileVersion=4.700.19.46214
1>                    FrameworkReferenceName=Microsoft.NETCore.App
1>                    FrameworkReferenceVersion=3.0.0
1>                    FusionName=System.Net.Http, Version=4.2.1.0, Culture=neutral, PublicKeyToken=b03f5f7f11d50a3a
1>                    ImageRuntime=v4.0.30319
1>                    NuGetPackageId=Microsoft.NETCore.App.Ref
1>                    NuGetPackageVersion=3.0.0
1>                    OriginalItemSpec=C:\Users\hansnguyen\.nuget\packages\microsoft.netcore.app.ref\3.0.0\ref\netcoreapp3.0\System.Net.Http.dll
1>                    Private=false
1>                    PublicKeyToken=b03f5f7f11d50a3a
1>                    ReferenceSourceTarget=ResolveAssemblyReference
1>                    ResolvedFrom={RawFileName}
1>                    Version=
1>            C:\Users\hansnguyen\.nuget\packages\microsoft.netcore.app.ref\3.0.0\ref\netcoreapp3.0\System.Net.HttpListener.dll
1>                    AssemblyVersion=4.0.1.0
1>                    CopyLocal=false
1>                    ExternallyResolved=true
1>                    FileVersion=4.700.19.46214
1>                    FrameworkReferenceName=Microsoft.NETCore.App
1>                    FrameworkReferenceVersion=3.0.0
1>                    FusionName=System.Net.HttpListener, Version=4.0.1.0, Culture=neutral, PublicKeyToken=cc7b13ffcd2ddd51
1>                    ImageRuntime=v4.0.30319
1>                    NuGetPackageId=Microsoft.NETCore.App.Ref
1>                    NuGetPackageVersion=3.0.0
1>                    OriginalItemSpec=C:\Users\hansnguyen\.nuget\packages\microsoft.netcore.app.ref\3.0.0\ref\netcoreapp3.0\System.Net.HttpListener.dll
1>                    Private=false
1>                    PublicKeyToken=cc7b13ffcd2ddd51
1>                    ReferenceSourceTarget=ResolveAssemblyReference
1>                    ResolvedFrom={RawFileName}
1>                    Version=
1>            C:\Users\hansnguyen\.nuget\packages\microsoft.netcore.app.ref\3.0.0\ref\netcoreapp3.0\System.Net.Mail.dll
1>                    AssemblyVersion=4.0.1.0
1>                    CopyLocal=false
1>                    ExternallyResolved=true
1>                    FileVersion=4.700.19.46214
1>                    FrameworkReferenceName=Microsoft.NETCore.App
1>                    FrameworkReferenceVersion=3.0.0
1>                    FusionName=System.Net.Mail, Version=4.0.1.0, Culture=neutral, PublicKeyToken=cc7b13ffcd2ddd51
1>                    ImageRuntime=v4.0.30319
1>                    NuGetPackageId=Microsoft.NETCore.App.Ref
1>                    NuGetPackageVersion=3.0.0
1>                    OriginalItemSpec=C:\Users\hansnguyen\.nuget\packages\microsoft.netcore.app.ref\3.0.0\ref\netcoreapp3.0\System.Net.Mail.dll
1>                    Private=false
1>                    PublicKeyToken=cc7b13ffcd2ddd51
1>                    ReferenceSourceTarget=ResolveAssemblyReference
1>                    ResolvedFrom={RawFileName}
1>                    Version=
1>            C:\Users\hansnguyen\.nuget\packages\microsoft.netcore.app.ref\3.0.0\ref\netcoreapp3.0\System.Net.NameResolution.dll
1>                    AssemblyVersion=4.1.1.0
1>                    CopyLocal=false
1>                    ExternallyResolved=true
1>                    FileVersion=4.700.19.46214
1>                    FrameworkReferenceName=Microsoft.NETCore.App
1>                    FrameworkReferenceVersion=3.0.0
1>                    FusionName=System.Net.NameResolution, Version=4.1.1.0, Culture=neutral, PublicKeyToken=b03f5f7f11d50a3a
1>                    ImageRuntime=v4.0.30319
1>                    NuGetPackageId=Microsoft.NETCore.App.Ref
1>                    NuGetPackageVersion=3.0.0
1>                    OriginalItemSpec=C:\Users\hansnguyen\.nuget\packages\microsoft.netcore.app.ref\3.0.0\ref\netcoreapp3.0\System.Net.NameResolution.dll
1>                    Private=false
1>                    PublicKeyToken=b03f5f7f11d50a3a
1>                    ReferenceSourceTarget=ResolveAssemblyReference
1>                    ResolvedFrom={RawFileName}
1>                    Version=
1>            C:\Users\hansnguyen\.nuget\packages\microsoft.netcore.app.ref\3.0.0\ref\netcoreapp3.0\System.Net.NetworkInformation.dll
1>                    AssemblyVersion=4.2.1.0
1>                    CopyLocal=false
1>                    ExternallyResolved=true
1>                    FileVersion=4.700.19.46214
1>                    FrameworkReferenceName=Microsoft.NETCore.App
1>                    FrameworkReferenceVersion=3.0.0
1>                    FusionName=System.Net.NetworkInformation, Version=4.2.1.0, Culture=neutral, PublicKeyToken=b03f5f7f11d50a3a
1>                    ImageRuntime=v4.0.30319
1>                    NuGetPackageId=Microsoft.NETCore.App.Ref
1>                    NuGetPackageVersion=3.0.0
1>                    OriginalItemSpec=C:\Users\hansnguyen\.nuget\packages\microsoft.netcore.app.ref\3.0.0\ref\netcoreapp3.0\System.Net.NetworkInformation.dll
1>                    Private=false
1>                    PublicKeyToken=b03f5f7f11d50a3a
1>                    ReferenceSourceTarget=ResolveAssemblyReference
1>                    ResolvedFrom={RawFileName}
1>                    Version=
1>            C:\Users\hansnguyen\.nuget\packages\microsoft.netcore.app.ref\3.0.0\ref\netcoreapp3.0\System.Net.Ping.dll
1>                    AssemblyVersion=4.1.1.0
1>                    CopyLocal=false
1>                    ExternallyResolved=true
1>                    FileVersion=4.700.19.46214
1>                    FrameworkReferenceName=Microsoft.NETCore.App
1>                    FrameworkReferenceVersion=3.0.0
1>                    FusionName=System.Net.Ping, Version=4.1.1.0, Culture=neutral, PublicKeyToken=b03f5f7f11d50a3a
1>                    ImageRuntime=v4.0.30319
1>                    NuGetPackageId=Microsoft.NETCore.App.Ref
1>                    NuGetPackageVersion=3.0.0
1>                    OriginalItemSpec=C:\Users\hansnguyen\.nuget\packages\microsoft.netcore.app.ref\3.0.0\ref\netcoreapp3.0\System.Net.Ping.dll
1>                    Private=false
1>                    PublicKeyToken=b03f5f7f11d50a3a
1>                    ReferenceSourceTarget=ResolveAssemblyReference
1>                    ResolvedFrom={RawFileName}
1>                    Version=
1>            C:\Users\hansnguyen\.nuget\packages\microsoft.netcore.app.ref\3.0.0\ref\netcoreapp3.0\System.Net.Primitives.dll
1>                    AssemblyVersion=4.1.1.0
1>                    CopyLocal=false
1>                    ExternallyResolved=true
1>                    FileVersion=4.700.19.46214
1>                    FrameworkReferenceName=Microsoft.NETCore.App
1>                    FrameworkReferenceVersion=3.0.0
1>                    FusionName=System.Net.Primitives, Version=4.1.1.0, Culture=neutral, PublicKeyToken=b03f5f7f11d50a3a
1>                    ImageRuntime=v4.0.30319
1>                    NuGetPackageId=Microsoft.NETCore.App.Ref
1>                    NuGetPackageVersion=3.0.0
1>                    OriginalItemSpec=C:\Users\hansnguyen\.nuget\packages\microsoft.netcore.app.ref\3.0.0\ref\netcoreapp3.0\System.Net.Primitives.dll
1>                    Private=false
1>                    PublicKeyToken=b03f5f7f11d50a3a
1>                    ReferenceSourceTarget=ResolveAssemblyReference
1>                    ResolvedFrom={RawFileName}
1>                    Version=
1>            C:\Users\hansnguyen\.nuget\packages\microsoft.netcore.app.ref\3.0.0\ref\netcoreapp3.0\System.Net.Requests.dll
1>                    AssemblyVersion=4.1.1.0
1>                    CopyLocal=false
1>                    ExternallyResolved=true
1>                    FileVersion=4.700.19.46214
1>                    FrameworkReferenceName=Microsoft.NETCore.App
1>                    FrameworkReferenceVersion=3.0.0
1>                    FusionName=System.Net.Requests, Version=4.1.1.0, Culture=neutral, PublicKeyToken=b03f5f7f11d50a3a
1>                    ImageRuntime=v4.0.30319
1>                    NuGetPackageId=Microsoft.NETCore.App.Ref
1>                    NuGetPackageVersion=3.0.0
1>                    OriginalItemSpec=C:\Users\hansnguyen\.nuget\packages\microsoft.netcore.app.ref\3.0.0\ref\netcoreapp3.0\System.Net.Requests.dll
1>                    Private=false
1>                    PublicKeyToken=b03f5f7f11d50a3a
1>                    ReferenceSourceTarget=ResolveAssemblyReference
1>                    ResolvedFrom={RawFileName}
1>                    Version=
1>            C:\Users\hansnguyen\.nuget\packages\microsoft.netcore.app.ref\3.0.0\ref\netcoreapp3.0\System.Net.Security.dll
1>                    AssemblyVersion=4.1.1.0
1>                    CopyLocal=false
1>                    ExternallyResolved=true
1>                    FileVersion=4.700.19.46214
1>                    FrameworkReferenceName=Microsoft.NETCore.App
1>                    FrameworkReferenceVersion=3.0.0
1>                    FusionName=System.Net.Security, Version=4.1.1.0, Culture=neutral, PublicKeyToken=b03f5f7f11d50a3a
1>                    ImageRuntime=v4.0.30319
1>                    NuGetPackageId=Microsoft.NETCore.App.Ref
1>                    NuGetPackageVersion=3.0.0
1>                    OriginalItemSpec=C:\Users\hansnguyen\.nuget\packages\microsoft.netcore.app.ref\3.0.0\ref\netcoreapp3.0\System.Net.Security.dll
1>                    Private=false
1>                    PublicKeyToken=b03f5f7f11d50a3a
1>                    ReferenceSourceTarget=ResolveAssemblyReference
1>                    ResolvedFrom={RawFileName}
1>                    Version=
1>            C:\Users\hansnguyen\.nuget\packages\microsoft.netcore.app.ref\3.0.0\ref\netcoreapp3.0\System.Net.ServicePoint.dll
1>                    AssemblyVersion=4.0.1.0
1>                    CopyLocal=false
1>                    ExternallyResolved=true
1>                    FileVersion=4.700.19.46214
1>                    FrameworkReferenceName=Microsoft.NETCore.App
1>                    FrameworkReferenceVersion=3.0.0
1>                    FusionName=System.Net.ServicePoint, Version=4.0.1.0, Culture=neutral, PublicKeyToken=cc7b13ffcd2ddd51
1>                    ImageRuntime=v4.0.30319
1>                    NuGetPackageId=Microsoft.NETCore.App.Ref
1>                    NuGetPackageVersion=3.0.0
1>                    OriginalItemSpec=C:\Users\hansnguyen\.nuget\packages\microsoft.netcore.app.ref\3.0.0\ref\netcoreapp3.0\System.Net.ServicePoint.dll
1>                    Private=false
1>                    PublicKeyToken=cc7b13ffcd2ddd51
1>                    ReferenceSourceTarget=ResolveAssemblyReference
1>                    ResolvedFrom={RawFileName}
1>                    Version=
1>            C:\Users\hansnguyen\.nuget\packages\microsoft.netcore.app.ref\3.0.0\ref\netcoreapp3.0\System.Net.Sockets.dll
1>                    AssemblyVersion=4.2.1.0
1>                    CopyLocal=false
1>                    ExternallyResolved=true
1>                    FileVersion=4.700.19.46214
1>                    FrameworkReferenceName=Microsoft.NETCore.App
1>                    FrameworkReferenceVersion=3.0.0
1>                    FusionName=System.Net.Sockets, Version=4.2.1.0, Culture=neutral, PublicKeyToken=b03f5f7f11d50a3a
1>                    ImageRuntime=v4.0.30319
1>                    NuGetPackageId=Microsoft.NETCore.App.Ref
1>                    NuGetPackageVersion=3.0.0
1>                    OriginalItemSpec=C:\Users\hansnguyen\.nuget\packages\microsoft.netcore.app.ref\3.0.0\ref\netcoreapp3.0\System.Net.Sockets.dll
1>                    Private=false
1>                    PublicKeyToken=b03f5f7f11d50a3a
1>                    ReferenceSourceTarget=ResolveAssemblyReference
1>                    ResolvedFrom={RawFileName}
1>                    Version=
1>            C:\Users\hansnguyen\.nuget\packages\microsoft.netcore.app.ref\3.0.0\ref\netcoreapp3.0\System.Net.WebClient.dll
1>                    AssemblyVersion=4.0.1.0
1>                    CopyLocal=false
1>                    ExternallyResolved=true
1>                    FileVersion=4.700.19.46214
1>                    FrameworkReferenceName=Microsoft.NETCore.App
1>                    FrameworkReferenceVersion=3.0.0
1>                    FusionName=System.Net.WebClient, Version=4.0.1.0, Culture=neutral, PublicKeyToken=cc7b13ffcd2ddd51
1>                    ImageRuntime=v4.0.30319
1>                    NuGetPackageId=Microsoft.NETCore.App.Ref
1>                    NuGetPackageVersion=3.0.0
1>                    OriginalItemSpec=C:\Users\hansnguyen\.nuget\packages\microsoft.netcore.app.ref\3.0.0\ref\netcoreapp3.0\System.Net.WebClient.dll
1>                    Private=false
1>                    PublicKeyToken=cc7b13ffcd2ddd51
1>                    ReferenceSourceTarget=ResolveAssemblyReference
1>                    ResolvedFrom={RawFileName}
1>                    Version=
1>            C:\Users\hansnguyen\.nuget\packages\microsoft.netcore.app.ref\3.0.0\ref\netcoreapp3.0\System.Net.WebHeaderCollection.dll
1>                    AssemblyVersion=4.1.1.0
1>                    CopyLocal=false
1>                    ExternallyResolved=true
1>                    FileVersion=4.700.19.46214
1>                    FrameworkReferenceName=Microsoft.NETCore.App
1>                    FrameworkReferenceVersion=3.0.0
1>                    FusionName=System.Net.WebHeaderCollection, Version=4.1.1.0, Culture=neutral, PublicKeyToken=b03f5f7f11d50a3a
1>                    ImageRuntime=v4.0.30319
1>                    NuGetPackageId=Microsoft.NETCore.App.Ref
1>                    NuGetPackageVersion=3.0.0
1>                    OriginalItemSpec=C:\Users\hansnguyen\.nuget\packages\microsoft.netcore.app.ref\3.0.0\ref\netcoreapp3.0\System.Net.WebHeaderCollection.dll
1>                    Private=false
1>                    PublicKeyToken=b03f5f7f11d50a3a
1>                    ReferenceSourceTarget=ResolveAssemblyReference
1>                    ResolvedFrom={RawFileName}
1>                    Version=
1>            C:\Users\hansnguyen\.nuget\packages\microsoft.netcore.app.ref\3.0.0\ref\netcoreapp3.0\System.Net.WebProxy.dll
1>                    AssemblyVersion=4.0.1.0
1>                    CopyLocal=false
1>                    ExternallyResolved=true
1>                    FileVersion=4.700.19.46214
1>                    FrameworkReferenceName=Microsoft.NETCore.App
1>                    FrameworkReferenceVersion=3.0.0
1>                    FusionName=System.Net.WebProxy, Version=4.0.1.0, Culture=neutral, PublicKeyToken=cc7b13ffcd2ddd51
1>                    ImageRuntime=v4.0.30319
1>                    NuGetPackageId=Microsoft.NETCore.App.Ref
1>                    NuGetPackageVersion=3.0.0
1>                    OriginalItemSpec=C:\Users\hansnguyen\.nuget\packages\microsoft.netcore.app.ref\3.0.0\ref\netcoreapp3.0\System.Net.WebProxy.dll
1>                    Private=false
1>                    PublicKeyToken=cc7b13ffcd2ddd51
1>                    ReferenceSourceTarget=ResolveAssemblyReference
1>                    ResolvedFrom={RawFileName}
1>                    Version=
1>            C:\Users\hansnguyen\.nuget\packages\microsoft.netcore.app.ref\3.0.0\ref\netcoreapp3.0\System.Net.WebSockets.Client.dll
1>                    AssemblyVersion=4.1.1.0
1>                    CopyLocal=false
1>                    ExternallyResolved=true
1>                    FileVersion=4.700.19.46214
1>                    FrameworkReferenceName=Microsoft.NETCore.App
1>                    FrameworkReferenceVersion=3.0.0
1>                    FusionName=System.Net.WebSockets.Client, Version=4.1.1.0, Culture=neutral, PublicKeyToken=b03f5f7f11d50a3a
1>                    ImageRuntime=v4.0.30319
1>                    NuGetPackageId=Microsoft.NETCore.App.Ref
1>                    NuGetPackageVersion=3.0.0
1>                    OriginalItemSpec=C:\Users\hansnguyen\.nuget\packages\microsoft.netcore.app.ref\3.0.0\ref\netcoreapp3.0\System.Net.WebSockets.Client.dll
1>                    Private=false
1>                    PublicKeyToken=b03f5f7f11d50a3a
1>                    ReferenceSourceTarget=ResolveAssemblyReference
1>                    ResolvedFrom={RawFileName}
1>                    Version=
1>            C:\Users\hansnguyen\.nuget\packages\microsoft.netcore.app.ref\3.0.0\ref\netcoreapp3.0\System.Net.WebSockets.dll
1>                    AssemblyVersion=4.1.1.0
1>                    CopyLocal=false
1>                    ExternallyResolved=true
1>                    FileVersion=4.700.19.46214
1>                    FrameworkReferenceName=Microsoft.NETCore.App
1>                    FrameworkReferenceVersion=3.0.0
1>                    FusionName=System.Net.WebSockets, Version=4.1.1.0, Culture=neutral, PublicKeyToken=b03f5f7f11d50a3a
1>                    ImageRuntime=v4.0.30319
1>                    NuGetPackageId=Microsoft.NETCore.App.Ref
1>                    NuGetPackageVersion=3.0.0
1>                    OriginalItemSpec=C:\Users\hansnguyen\.nuget\packages\microsoft.netcore.app.ref\3.0.0\ref\netcoreapp3.0\System.Net.WebSockets.dll
1>                    Private=false
1>                    PublicKeyToken=b03f5f7f11d50a3a
1>                    ReferenceSourceTarget=ResolveAssemblyReference
1>                    ResolvedFrom={RawFileName}
1>                    Version=
1>            C:\Users\hansnguyen\.nuget\packages\microsoft.netcore.app.ref\3.0.0\ref\netcoreapp3.0\System.Numerics.dll
1>                    AssemblyVersion=4.0.0.0
1>                    CopyLocal=false
1>                    ExternallyResolved=true
1>                    FileVersion=4.700.19.46214
1>                    FrameworkReferenceName=Microsoft.NETCore.App
1>                    FrameworkReferenceVersion=3.0.0
1>                    FusionName=System.Numerics, Version=4.0.0.0, Culture=neutral, PublicKeyToken=b77a5c561934e089
1>                    ImageRuntime=v4.0.30319
1>                    NuGetPackageId=Microsoft.NETCore.App.Ref
1>                    NuGetPackageVersion=3.0.0
1>                    OriginalItemSpec=C:\Users\hansnguyen\.nuget\packages\microsoft.netcore.app.ref\3.0.0\ref\netcoreapp3.0\System.Numerics.dll
1>                    Private=false
1>                    PublicKeyToken=b77a5c561934e089
1>                    ReferenceSourceTarget=ResolveAssemblyReference
1>                    ResolvedFrom={RawFileName}
1>                    Version=
1>            C:\Users\hansnguyen\.nuget\packages\microsoft.netcore.app.ref\3.0.0\ref\netcoreapp3.0\System.Numerics.Vectors.dll
1>                    AssemblyVersion=4.1.5.0
1>                    CopyLocal=false
1>                    ExternallyResolved=true
1>                    FileVersion=4.700.19.46214
1>                    FrameworkReferenceName=Microsoft.NETCore.App
1>                    FrameworkReferenceVersion=3.0.0
1>                    FusionName=System.Numerics.Vectors, Version=4.1.5.0, Culture=neutral, PublicKeyToken=b03f5f7f11d50a3a
1>                    ImageRuntime=v4.0.30319
1>                    NuGetPackageId=Microsoft.NETCore.App.Ref
1>                    NuGetPackageVersion=3.0.0
1>                    OriginalItemSpec=C:\Users\hansnguyen\.nuget\packages\microsoft.netcore.app.ref\3.0.0\ref\netcoreapp3.0\System.Numerics.Vectors.dll
1>                    Private=false
1>                    PublicKeyToken=b03f5f7f11d50a3a
1>                    ReferenceSourceTarget=ResolveAssemblyReference
1>                    ResolvedFrom={RawFileName}
1>                    Version=
1>            C:\Users\hansnguyen\.nuget\packages\microsoft.netcore.app.ref\3.0.0\ref\netcoreapp3.0\System.ObjectModel.dll
1>                    AssemblyVersion=4.1.1.0
1>                    CopyLocal=false
1>                    ExternallyResolved=true
1>                    FileVersion=4.700.19.46214
1>                    FrameworkReferenceName=Microsoft.NETCore.App
1>                    FrameworkReferenceVersion=3.0.0
1>                    FusionName=System.ObjectModel, Version=4.1.1.0, Culture=neutral, PublicKeyToken=b03f5f7f11d50a3a
1>                    ImageRuntime=v4.0.30319
1>                    NuGetPackageId=Microsoft.NETCore.App.Ref
1>                    NuGetPackageVersion=3.0.0
1>                    OriginalItemSpec=C:\Users\hansnguyen\.nuget\packages\microsoft.netcore.app.ref\3.0.0\ref\netcoreapp3.0\System.ObjectModel.dll
1>                    Private=false
1>                    PublicKeyToken=b03f5f7f11d50a3a
1>                    ReferenceSourceTarget=ResolveAssemblyReference
1>                    ResolvedFrom={RawFileName}
1>                    Version=
1>            C:\Users\hansnguyen\.nuget\packages\microsoft.windowsdesktop.app.ref\3.0.0\ref\netcoreapp3.0\System.Printing.dll
1>                    AssemblyVersion=4.0.0.0
1>                    CopyLocal=false
1>                    ExternallyResolved=true
1>                    FileVersion=4.800.19.46214
1>                    FrameworkReferenceName=Microsoft.WindowsDesktop.App.WPF
1>                    FrameworkReferenceVersion=3.0.0
1>                    FusionName=System.Printing, Version=4.0.0.0, Culture=neutral, PublicKeyToken=31bf3856ad364e35
1>                    ImageRuntime=v4.0.30319
1>                    NuGetPackageId=Microsoft.WindowsDesktop.App.Ref
1>                    NuGetPackageVersion=3.0.0
1>                    OriginalItemSpec=C:\Users\hansnguyen\.nuget\packages\microsoft.windowsdesktop.app.ref\3.0.0\ref\netcoreapp3.0\System.Printing.dll
1>                    Private=false
1>                    PublicKeyToken=31bf3856ad364e35
1>                    ReferenceSourceTarget=ResolveAssemblyReference
1>                    ResolvedFrom={RawFileName}
1>                    Version=
1>            C:\Users\hansnguyen\.nuget\packages\microsoft.netcore.app.ref\3.0.0\ref\netcoreapp3.0\System.Reflection.DispatchProxy.dll
1>                    AssemblyVersion=4.0.5.0
1>                    CopyLocal=false
1>                    ExternallyResolved=true
1>                    FileVersion=4.700.19.46214
1>                    FrameworkReferenceName=Microsoft.NETCore.App
1>                    FrameworkReferenceVersion=3.0.0
1>                    FusionName=System.Reflection.DispatchProxy, Version=4.0.5.0, Culture=neutral, PublicKeyToken=b03f5f7f11d50a3a
1>                    ImageRuntime=v4.0.30319
1>                    NuGetPackageId=Microsoft.NETCore.App.Ref
1>                    NuGetPackageVersion=3.0.0
1>                    OriginalItemSpec=C:\Users\hansnguyen\.nuget\packages\microsoft.netcore.app.ref\3.0.0\ref\netcoreapp3.0\System.Reflection.DispatchProxy.dll
1>                    Private=false
1>                    PublicKeyToken=b03f5f7f11d50a3a
1>                    ReferenceSourceTarget=ResolveAssemblyReference
1>                    ResolvedFrom={RawFileName}
1>                    Version=
1>            C:\Users\hansnguyen\.nuget\packages\microsoft.netcore.app.ref\3.0.0\ref\netcoreapp3.0\System.Reflection.dll
1>                    AssemblyVersion=4.2.1.0
1>                    CopyLocal=false
1>                    ExternallyResolved=true
1>                    FileVersion=4.700.19.46214
1>                    FrameworkReferenceName=Microsoft.NETCore.App
1>                    FrameworkReferenceVersion=3.0.0
1>                    FusionName=System.Reflection, Version=4.2.1.0, Culture=neutral, PublicKeyToken=b03f5f7f11d50a3a
1>                    ImageRuntime=v4.0.30319
1>                    NuGetPackageId=Microsoft.NETCore.App.Ref
1>                    NuGetPackageVersion=3.0.0
1>                    OriginalItemSpec=C:\Users\hansnguyen\.nuget\packages\microsoft.netcore.app.ref\3.0.0\ref\netcoreapp3.0\System.Reflection.dll
1>                    Private=false
1>                    PublicKeyToken=b03f5f7f11d50a3a
1>                    ReferenceSourceTarget=ResolveAssemblyReference
1>                    ResolvedFrom={RawFileName}
1>                    Version=
1>            C:\Users\hansnguyen\.nuget\packages\microsoft.netcore.app.ref\3.0.0\ref\netcoreapp3.0\System.Reflection.Emit.dll
1>                    AssemblyVersion=4.1.1.0
1>                    CopyLocal=false
1>                    ExternallyResolved=true
1>                    FileVersion=4.700.19.46214
1>                    FrameworkReferenceName=Microsoft.NETCore.App
1>                    FrameworkReferenceVersion=3.0.0
1>                    FusionName=System.Reflection.Emit, Version=4.1.1.0, Culture=neutral, PublicKeyToken=b03f5f7f11d50a3a
1>                    ImageRuntime=v4.0.30319
1>                    NuGetPackageId=Microsoft.NETCore.App.Ref
1>                    NuGetPackageVersion=3.0.0
1>                    OriginalItemSpec=C:\Users\hansnguyen\.nuget\packages\microsoft.netcore.app.ref\3.0.0\ref\netcoreapp3.0\System.Reflection.Emit.dll
1>                    Private=false
1>                    PublicKeyToken=b03f5f7f11d50a3a
1>                    ReferenceSourceTarget=ResolveAssemblyReference
1>                    ResolvedFrom={RawFileName}
1>                    Version=
1>            C:\Users\hansnguyen\.nuget\packages\microsoft.netcore.app.ref\3.0.0\ref\netcoreapp3.0\System.Reflection.Emit.ILGeneration.dll
1>                    AssemblyVersion=4.1.0.0
1>                    CopyLocal=false
1>                    ExternallyResolved=true
1>                    FileVersion=4.700.19.46214
1>                    FrameworkReferenceName=Microsoft.NETCore.App
1>                    FrameworkReferenceVersion=3.0.0
1>                    FusionName=System.Reflection.Emit.ILGeneration, Version=4.1.0.0, Culture=neutral, PublicKeyToken=b03f5f7f11d50a3a
1>                    ImageRuntime=v4.0.30319
1>                    NuGetPackageId=Microsoft.NETCore.App.Ref
1>                    NuGetPackageVersion=3.0.0
1>                    OriginalItemSpec=C:\Users\hansnguyen\.nuget\packages\microsoft.netcore.app.ref\3.0.0\ref\netcoreapp3.0\System.Reflection.Emit.ILGeneration.dll
1>                    Private=false
1>                    PublicKeyToken=b03f5f7f11d50a3a
1>                    ReferenceSourceTarget=ResolveAssemblyReference
1>                    ResolvedFrom={RawFileName}
1>                    Version=
1>            C:\Users\hansnguyen\.nuget\packages\microsoft.netcore.app.ref\3.0.0\ref\netcoreapp3.0\System.Reflection.Emit.Lightweight.dll
1>                    AssemblyVersion=4.1.0.0
1>                    CopyLocal=false
1>                    ExternallyResolved=true
1>                    FileVersion=4.700.19.46214
1>                    FrameworkReferenceName=Microsoft.NETCore.App
1>                    FrameworkReferenceVersion=3.0.0
1>                    FusionName=System.Reflection.Emit.Lightweight, Version=4.1.0.0, Culture=neutral, PublicKeyToken=b03f5f7f11d50a3a
1>                    ImageRuntime=v4.0.30319
1>                    NuGetPackageId=Microsoft.NETCore.App.Ref
1>                    NuGetPackageVersion=3.0.0
1>                    OriginalItemSpec=C:\Users\hansnguyen\.nuget\packages\microsoft.netcore.app.ref\3.0.0\ref\netcoreapp3.0\System.Reflection.Emit.Lightweight.dll
1>                    Private=false
1>                    PublicKeyToken=b03f5f7f11d50a3a
1>                    ReferenceSourceTarget=ResolveAssemblyReference
1>                    ResolvedFrom={RawFileName}
1>                    Version=
1>            C:\Users\hansnguyen\.nuget\packages\microsoft.netcore.app.ref\3.0.0\ref\netcoreapp3.0\System.Reflection.Extensions.dll
1>                    AssemblyVersion=4.1.1.0
1>                    CopyLocal=false
1>                    ExternallyResolved=true
1>                    FileVersion=4.700.19.46214
1>                    FrameworkReferenceName=Microsoft.NETCore.App
1>                    FrameworkReferenceVersion=3.0.0
1>                    FusionName=System.Reflection.Extensions, Version=4.1.1.0, Culture=neutral, PublicKeyToken=b03f5f7f11d50a3a
1>                    ImageRuntime=v4.0.30319
1>                    NuGetPackageId=Microsoft.NETCore.App.Ref
1>                    NuGetPackageVersion=3.0.0
1>                    OriginalItemSpec=C:\Users\hansnguyen\.nuget\packages\microsoft.netcore.app.ref\3.0.0\ref\netcoreapp3.0\System.Reflection.Extensions.dll
1>                    Private=false
1>                    PublicKeyToken=b03f5f7f11d50a3a
1>                    ReferenceSourceTarget=ResolveAssemblyReference
1>                    ResolvedFrom={RawFileName}
1>                    Version=
1>            C:\Users\hansnguyen\.nuget\packages\microsoft.netcore.app.ref\3.0.0\ref\netcoreapp3.0\System.Reflection.Metadata.dll
1>                    AssemblyVersion=1.4.4.0
1>                    CopyLocal=false
1>                    ExternallyResolved=true
1>                    FileVersion=4.700.19.46214
1>                    FrameworkReferenceName=Microsoft.NETCore.App
1>                    FrameworkReferenceVersion=3.0.0
1>                    FusionName=System.Reflection.Metadata, Version=1.4.4.0, Culture=neutral, PublicKeyToken=b03f5f7f11d50a3a
1>                    ImageRuntime=v4.0.30319
1>                    NuGetPackageId=Microsoft.NETCore.App.Ref
1>                    NuGetPackageVersion=3.0.0
1>                    OriginalItemSpec=C:\Users\hansnguyen\.nuget\packages\microsoft.netcore.app.ref\3.0.0\ref\netcoreapp3.0\System.Reflection.Metadata.dll
1>                    Private=false
1>                    PublicKeyToken=b03f5f7f11d50a3a
1>                    ReferenceSourceTarget=ResolveAssemblyReference
1>                    ResolvedFrom={RawFileName}
1>                    Version=
1>            C:\Users\hansnguyen\.nuget\packages\microsoft.netcore.app.ref\3.0.0\ref\netcoreapp3.0\System.Reflection.Primitives.dll
1>                    AssemblyVersion=4.1.1.0
1>                    CopyLocal=false
1>                    ExternallyResolved=true
1>                    FileVersion=4.700.19.46214
1>                    FrameworkReferenceName=Microsoft.NETCore.App
1>                    FrameworkReferenceVersion=3.0.0
1>                    FusionName=System.Reflection.Primitives, Version=4.1.1.0, Culture=neutral, PublicKeyToken=b03f5f7f11d50a3a
1>                    ImageRuntime=v4.0.30319
1>                    NuGetPackageId=Microsoft.NETCore.App.Ref
1>                    NuGetPackageVersion=3.0.0
1>                    OriginalItemSpec=C:\Users\hansnguyen\.nuget\packages\microsoft.netcore.app.ref\3.0.0\ref\netcoreapp3.0\System.Reflection.Primitives.dll
1>                    Private=false
1>                    PublicKeyToken=b03f5f7f11d50a3a
1>                    ReferenceSourceTarget=ResolveAssemblyReference
1>                    ResolvedFrom={RawFileName}
1>                    Version=
1>            C:\Users\hansnguyen\.nuget\packages\microsoft.netcore.app.ref\3.0.0\ref\netcoreapp3.0\System.Reflection.TypeExtensions.dll
1>                    AssemblyVersion=4.1.2.0
1>                    CopyLocal=false
1>                    ExternallyResolved=true
1>                    FileVersion=4.700.19.46214
1>                    FrameworkReferenceName=Microsoft.NETCore.App
1>                    FrameworkReferenceVersion=3.0.0
1>                    FusionName=System.Reflection.TypeExtensions, Version=4.1.2.0, Culture=neutral, PublicKeyToken=b03f5f7f11d50a3a
1>                    ImageRuntime=v4.0.30319
1>                    NuGetPackageId=Microsoft.NETCore.App.Ref
1>                    NuGetPackageVersion=3.0.0
1>                    OriginalItemSpec=C:\Users\hansnguyen\.nuget\packages\microsoft.netcore.app.ref\3.0.0\ref\netcoreapp3.0\System.Reflection.TypeExtensions.dll
1>                    Private=false
1>                    PublicKeyToken=b03f5f7f11d50a3a
1>                    ReferenceSourceTarget=ResolveAssemblyReference
1>                    ResolvedFrom={RawFileName}
1>                    Version=
1>            C:\Users\hansnguyen\.nuget\packages\microsoft.windowsdesktop.app.ref\3.0.0\ref\netcoreapp3.0\System.Resources.Extensions.dll
1>                    AssemblyVersion=4.0.0.0
1>                    CopyLocal=false
1>                    ExternallyResolved=true
1>                    FileVersion=4.700.19.46214
1>                    FrameworkReferenceName=Microsoft.WindowsDesktop.App.WPF
1>                    FrameworkReferenceVersion=3.0.0
1>                    FusionName=System.Resources.Extensions, Version=4.0.0.0, Culture=neutral, PublicKeyToken=cc7b13ffcd2ddd51
1>                    ImageRuntime=v4.0.30319
1>                    NuGetPackageId=Microsoft.WindowsDesktop.App.Ref
1>                    NuGetPackageVersion=3.0.0
1>                    OriginalItemSpec=C:\Users\hansnguyen\.nuget\packages\microsoft.windowsdesktop.app.ref\3.0.0\ref\netcoreapp3.0\System.Resources.Extensions.dll
1>                    Private=false
1>                    PublicKeyToken=cc7b13ffcd2ddd51
1>                    ReferenceSourceTarget=ResolveAssemblyReference
1>                    ResolvedFrom={RawFileName}
1>                    Version=
1>            C:\Users\hansnguyen\.nuget\packages\microsoft.netcore.app.ref\3.0.0\ref\netcoreapp3.0\System.Resources.Reader.dll
1>                    AssemblyVersion=4.1.1.0
1>                    CopyLocal=false
1>                    ExternallyResolved=true
1>                    FileVersion=4.700.19.46214
1>                    FrameworkReferenceName=Microsoft.NETCore.App
1>                    FrameworkReferenceVersion=3.0.0
1>                    FusionName=System.Resources.Reader, Version=4.1.1.0, Culture=neutral, PublicKeyToken=b03f5f7f11d50a3a
1>                    ImageRuntime=v4.0.30319
1>                    NuGetPackageId=Microsoft.NETCore.App.Ref
1>                    NuGetPackageVersion=3.0.0
1>                    OriginalItemSpec=C:\Users\hansnguyen\.nuget\packages\microsoft.netcore.app.ref\3.0.0\ref\netcoreapp3.0\System.Resources.Reader.dll
1>                    Private=false
1>                    PublicKeyToken=b03f5f7f11d50a3a
1>                    ReferenceSourceTarget=ResolveAssemblyReference
1>                    ResolvedFrom={RawFileName}
1>                    Version=
1>            C:\Users\hansnguyen\.nuget\packages\microsoft.netcore.app.ref\3.0.0\ref\netcoreapp3.0\System.Resources.ResourceManager.dll
1>                    AssemblyVersion=4.1.1.0
1>                    CopyLocal=false
1>                    ExternallyResolved=true
1>                    FileVersion=4.700.19.46214
1>                    FrameworkReferenceName=Microsoft.NETCore.App
1>                    FrameworkReferenceVersion=3.0.0
1>                    FusionName=System.Resources.ResourceManager, Version=4.1.1.0, Culture=neutral, PublicKeyToken=b03f5f7f11d50a3a
1>                    ImageRuntime=v4.0.30319
1>                    NuGetPackageId=Microsoft.NETCore.App.Ref
1>                    NuGetPackageVersion=3.0.0
1>                    OriginalItemSpec=C:\Users\hansnguyen\.nuget\packages\microsoft.netcore.app.ref\3.0.0\ref\netcoreapp3.0\System.Resources.ResourceManager.dll
1>                    Private=false
1>                    PublicKeyToken=b03f5f7f11d50a3a
1>                    ReferenceSourceTarget=ResolveAssemblyReference
1>                    ResolvedFrom={RawFileName}
1>                    Version=
1>            C:\Users\hansnguyen\.nuget\packages\microsoft.netcore.app.ref\3.0.0\ref\netcoreapp3.0\System.Resources.Writer.dll
1>                    AssemblyVersion=4.1.1.0
1>                    CopyLocal=false
1>                    ExternallyResolved=true
1>                    FileVersion=4.700.19.46214
1>                    FrameworkReferenceName=Microsoft.NETCore.App
1>                    FrameworkReferenceVersion=3.0.0
1>                    FusionName=System.Resources.Writer, Version=4.1.1.0, Culture=neutral, PublicKeyToken=b03f5f7f11d50a3a
1>                    ImageRuntime=v4.0.30319
1>                    NuGetPackageId=Microsoft.NETCore.App.Ref
1>                    NuGetPackageVersion=3.0.0
1>                    OriginalItemSpec=C:\Users\hansnguyen\.nuget\packages\microsoft.netcore.app.ref\3.0.0\ref\netcoreapp3.0\System.Resources.Writer.dll
1>                    Private=false
1>                    PublicKeyToken=b03f5f7f11d50a3a
1>                    ReferenceSourceTarget=ResolveAssemblyReference
1>                    ResolvedFrom={RawFileName}
1>                    Version=
1>            C:\Users\hansnguyen\.nuget\packages\microsoft.netcore.app.ref\3.0.0\ref\netcoreapp3.0\System.Runtime.CompilerServices.Unsafe.dll
1>                    AssemblyVersion=4.0.5.0
1>                    CopyLocal=false
1>                    ExternallyResolved=true
1>                    FileVersion=4.700.19.46214
1>                    FrameworkReferenceName=Microsoft.NETCore.App
1>                    FrameworkReferenceVersion=3.0.0
1>                    FusionName=System.Runtime.CompilerServices.Unsafe, Version=4.0.5.0, Culture=neutral, PublicKeyToken=b03f5f7f11d50a3a
1>                    ImageRuntime=v4.0.30319
1>                    NuGetPackageId=Microsoft.NETCore.App.Ref
1>                    NuGetPackageVersion=3.0.0
1>                    OriginalItemSpec=C:\Users\hansnguyen\.nuget\packages\microsoft.netcore.app.ref\3.0.0\ref\netcoreapp3.0\System.Runtime.CompilerServices.Unsafe.dll
1>                    Private=false
1>                    PublicKeyToken=b03f5f7f11d50a3a
1>                    ReferenceSourceTarget=ResolveAssemblyReference
1>                    ResolvedFrom={RawFileName}
1>                    Version=
1>            C:\Users\hansnguyen\.nuget\packages\microsoft.netcore.app.ref\3.0.0\ref\netcoreapp3.0\System.Runtime.CompilerServices.VisualC.dll
1>                    AssemblyVersion=4.1.1.0
1>                    CopyLocal=false
1>                    ExternallyResolved=true
1>                    FileVersion=4.700.19.46214
1>                    FrameworkReferenceName=Microsoft.NETCore.App
1>                    FrameworkReferenceVersion=3.0.0
1>                    FusionName=System.Runtime.CompilerServices.VisualC, Version=4.1.1.0, Culture=neutral, PublicKeyToken=b03f5f7f11d50a3a
1>                    ImageRuntime=v4.0.30319
1>                    NuGetPackageId=Microsoft.NETCore.App.Ref
1>                    NuGetPackageVersion=3.0.0
1>                    OriginalItemSpec=C:\Users\hansnguyen\.nuget\packages\microsoft.netcore.app.ref\3.0.0\ref\netcoreapp3.0\System.Runtime.CompilerServices.VisualC.dll
1>                    Private=false
1>                    PublicKeyToken=b03f5f7f11d50a3a
1>                    ReferenceSourceTarget=ResolveAssemblyReference
1>                    ResolvedFrom={RawFileName}
1>                    Version=
1>            C:\Users\hansnguyen\.nuget\packages\microsoft.netcore.app.ref\3.0.0\ref\netcoreapp3.0\System.Runtime.dll
1>                    AssemblyVersion=4.2.1.0
1>                    CopyLocal=false
1>                    ExternallyResolved=true
1>                    FileVersion=4.700.19.46214
1>                    FrameworkReferenceName=Microsoft.NETCore.App
1>                    FrameworkReferenceVersion=3.0.0
1>                    FusionName=System.Runtime, Version=4.2.1.0, Culture=neutral, PublicKeyToken=b03f5f7f11d50a3a
1>                    ImageRuntime=v4.0.30319
1>                    NuGetPackageId=Microsoft.NETCore.App.Ref
1>                    NuGetPackageVersion=3.0.0
1>                    OriginalItemSpec=C:\Users\hansnguyen\.nuget\packages\microsoft.netcore.app.ref\3.0.0\ref\netcoreapp3.0\System.Runtime.dll
1>                    Private=false
1>                    PublicKeyToken=b03f5f7f11d50a3a
1>                    ReferenceSourceTarget=ResolveAssemblyReference
1>                    ResolvedFrom={RawFileName}
1>                    Version=
1>            C:\Users\hansnguyen\.nuget\packages\microsoft.netcore.app.ref\3.0.0\ref\netcoreapp3.0\System.Runtime.Extensions.dll
1>                    AssemblyVersion=4.2.1.0
1>                    CopyLocal=false
1>                    ExternallyResolved=true
1>                    FileVersion=4.700.19.46214
1>                    FrameworkReferenceName=Microsoft.NETCore.App
1>                    FrameworkReferenceVersion=3.0.0
1>                    FusionName=System.Runtime.Extensions, Version=4.2.1.0, Culture=neutral, PublicKeyToken=b03f5f7f11d50a3a
1>                    ImageRuntime=v4.0.30319
1>                    NuGetPackageId=Microsoft.NETCore.App.Ref
1>                    NuGetPackageVersion=3.0.0
1>                    OriginalItemSpec=C:\Users\hansnguyen\.nuget\packages\microsoft.netcore.app.ref\3.0.0\ref\netcoreapp3.0\System.Runtime.Extensions.dll
1>                    Private=false
1>                    PublicKeyToken=b03f5f7f11d50a3a
1>                    ReferenceSourceTarget=ResolveAssemblyReference
1>                    ResolvedFrom={RawFileName}
1>                    Version=
1>            C:\Users\hansnguyen\.nuget\packages\microsoft.netcore.app.ref\3.0.0\ref\netcoreapp3.0\System.Runtime.Handles.dll
1>                    AssemblyVersion=4.1.1.0
1>                    CopyLocal=false
1>                    ExternallyResolved=true
1>                    FileVersion=4.700.19.46214
1>                    FrameworkReferenceName=Microsoft.NETCore.App
1>                    FrameworkReferenceVersion=3.0.0
1>                    FusionName=System.Runtime.Handles, Version=4.1.1.0, Culture=neutral, PublicKeyToken=b03f5f7f11d50a3a
1>                    ImageRuntime=v4.0.30319
1>                    NuGetPackageId=Microsoft.NETCore.App.Ref
1>                    NuGetPackageVersion=3.0.0
1>                    OriginalItemSpec=C:\Users\hansnguyen\.nuget\packages\microsoft.netcore.app.ref\3.0.0\ref\netcoreapp3.0\System.Runtime.Handles.dll
1>                    Private=false
1>                    PublicKeyToken=b03f5f7f11d50a3a
1>                    ReferenceSourceTarget=ResolveAssemblyReference
1>                    ResolvedFrom={RawFileName}
1>                    Version=
1>            C:\Users\hansnguyen\.nuget\packages\microsoft.netcore.app.ref\3.0.0\ref\netcoreapp3.0\System.Runtime.InteropServices.dll
1>                    AssemblyVersion=4.2.1.0
1>                    CopyLocal=false
1>                    ExternallyResolved=true
1>                    FileVersion=4.700.19.46214
1>                    FrameworkReferenceName=Microsoft.NETCore.App
1>                    FrameworkReferenceVersion=3.0.0
1>                    FusionName=System.Runtime.InteropServices, Version=4.2.1.0, Culture=neutral, PublicKeyToken=b03f5f7f11d50a3a
1>                    ImageRuntime=v4.0.30319
1>                    NuGetPackageId=Microsoft.NETCore.App.Ref
1>                    NuGetPackageVersion=3.0.0
1>                    OriginalItemSpec=C:\Users\hansnguyen\.nuget\packages\microsoft.netcore.app.ref\3.0.0\ref\netcoreapp3.0\System.Runtime.InteropServices.dll
1>                    Private=false
1>                    PublicKeyToken=b03f5f7f11d50a3a
1>                    ReferenceSourceTarget=ResolveAssemblyReference
1>                    ResolvedFrom={RawFileName}
1>                    Version=
1>            C:\Users\hansnguyen\.nuget\packages\microsoft.netcore.app.ref\3.0.0\ref\netcoreapp3.0\System.Runtime.InteropServices.RuntimeInformation.dll
1>                    AssemblyVersion=4.0.3.0
1>                    CopyLocal=false
1>                    ExternallyResolved=true
1>                    FileVersion=4.700.19.46214
1>                    FrameworkReferenceName=Microsoft.NETCore.App
1>                    FrameworkReferenceVersion=3.0.0
1>                    FusionName=System.Runtime.InteropServices.RuntimeInformation, Version=4.0.3.0, Culture=neutral, PublicKeyToken=b03f5f7f11d50a3a
1>                    ImageRuntime=v4.0.30319
1>                    NuGetPackageId=Microsoft.NETCore.App.Ref
1>                    NuGetPackageVersion=3.0.0
1>                    OriginalItemSpec=C:\Users\hansnguyen\.nuget\packages\microsoft.netcore.app.ref\3.0.0\ref\netcoreapp3.0\System.Runtime.InteropServices.RuntimeInformation.dll
1>                    Private=false
1>                    PublicKeyToken=b03f5f7f11d50a3a
1>                    ReferenceSourceTarget=ResolveAssemblyReference
1>                    ResolvedFrom={RawFileName}
1>                    Version=
1>            C:\Users\hansnguyen\.nuget\packages\microsoft.netcore.app.ref\3.0.0\ref\netcoreapp3.0\System.Runtime.InteropServices.WindowsRuntime.dll
1>                    AssemblyVersion=4.0.3.0
1>                    CopyLocal=false
1>                    ExternallyResolved=true
1>                    FileVersion=4.700.19.46214
1>                    FrameworkReferenceName=Microsoft.NETCore.App
1>                    FrameworkReferenceVersion=3.0.0
1>                    FusionName=System.Runtime.InteropServices.WindowsRuntime, Version=4.0.3.0, Culture=neutral, PublicKeyToken=b03f5f7f11d50a3a
1>                    ImageRuntime=v4.0.30319
1>                    NuGetPackageId=Microsoft.NETCore.App.Ref
1>                    NuGetPackageVersion=3.0.0
1>                    OriginalItemSpec=C:\Users\hansnguyen\.nuget\packages\microsoft.netcore.app.ref\3.0.0\ref\netcoreapp3.0\System.Runtime.InteropServices.WindowsRuntime.dll
1>                    Private=false
1>                    PublicKeyToken=b03f5f7f11d50a3a
1>                    ReferenceSourceTarget=ResolveAssemblyReference
1>                    ResolvedFrom={RawFileName}
1>                    Version=
1>            C:\Users\hansnguyen\.nuget\packages\microsoft.netcore.app.ref\3.0.0\ref\netcoreapp3.0\System.Runtime.Intrinsics.dll
1>                    AssemblyVersion=4.0.0.0
1>                    CopyLocal=false
1>                    ExternallyResolved=true
1>                    FileVersion=4.700.19.46214
1>                    FrameworkReferenceName=Microsoft.NETCore.App
1>                    FrameworkReferenceVersion=3.0.0
1>                    FusionName=System.Runtime.Intrinsics, Version=4.0.0.0, Culture=neutral, PublicKeyToken=cc7b13ffcd2ddd51
1>                    ImageRuntime=v4.0.30319
1>                    NuGetPackageId=Microsoft.NETCore.App.Ref
1>                    NuGetPackageVersion=3.0.0
1>                    OriginalItemSpec=C:\Users\hansnguyen\.nuget\packages\microsoft.netcore.app.ref\3.0.0\ref\netcoreapp3.0\System.Runtime.Intrinsics.dll
1>                    Private=false
1>                    PublicKeyToken=cc7b13ffcd2ddd51
1>                    ReferenceSourceTarget=ResolveAssemblyReference
1>                    ResolvedFrom={RawFileName}
1>                    Version=
1>            C:\Users\hansnguyen\.nuget\packages\microsoft.netcore.app.ref\3.0.0\ref\netcoreapp3.0\System.Runtime.Loader.dll
1>                    AssemblyVersion=4.1.0.0
1>                    CopyLocal=false
1>                    ExternallyResolved=true
1>                    FileVersion=4.700.19.46214
1>                    FrameworkReferenceName=Microsoft.NETCore.App
1>                    FrameworkReferenceVersion=3.0.0
1>                    FusionName=System.Runtime.Loader, Version=4.1.0.0, Culture=neutral, PublicKeyToken=b03f5f7f11d50a3a
1>                    ImageRuntime=v4.0.30319
1>                    NuGetPackageId=Microsoft.NETCore.App.Ref
1>                    NuGetPackageVersion=3.0.0
1>                    OriginalItemSpec=C:\Users\hansnguyen\.nuget\packages\microsoft.netcore.app.ref\3.0.0\ref\netcoreapp3.0\System.Runtime.Loader.dll
1>                    Private=false
1>                    PublicKeyToken=b03f5f7f11d50a3a
1>                    ReferenceSourceTarget=ResolveAssemblyReference
1>                    ResolvedFrom={RawFileName}
1>                    Version=
1>            C:\Users\hansnguyen\.nuget\packages\microsoft.netcore.app.ref\3.0.0\ref\netcoreapp3.0\System.Runtime.Numerics.dll
1>                    AssemblyVersion=4.1.1.0
1>                    CopyLocal=false
1>                    ExternallyResolved=true
1>                    FileVersion=4.700.19.46214
1>                    FrameworkReferenceName=Microsoft.NETCore.App
1>                    FrameworkReferenceVersion=3.0.0
1>                    FusionName=System.Runtime.Numerics, Version=4.1.1.0, Culture=neutral, PublicKeyToken=b03f5f7f11d50a3a
1>                    ImageRuntime=v4.0.30319
1>                    NuGetPackageId=Microsoft.NETCore.App.Ref
1>                    NuGetPackageVersion=3.0.0
1>                    OriginalItemSpec=C:\Users\hansnguyen\.nuget\packages\microsoft.netcore.app.ref\3.0.0\ref\netcoreapp3.0\System.Runtime.Numerics.dll
1>                    Private=false
1>                    PublicKeyToken=b03f5f7f11d50a3a
1>                    ReferenceSourceTarget=ResolveAssemblyReference
1>                    ResolvedFrom={RawFileName}
1>                    Version=
1>            C:\Users\hansnguyen\.nuget\packages\microsoft.netcore.app.ref\3.0.0\ref\netcoreapp3.0\System.Runtime.Serialization.dll
1>                    AssemblyVersion=4.0.0.0
1>                    CopyLocal=false
1>                    ExternallyResolved=true
1>                    FileVersion=4.700.19.46214
1>                    FrameworkReferenceName=Microsoft.NETCore.App
1>                    FrameworkReferenceVersion=3.0.0
1>                    FusionName=System.Runtime.Serialization, Version=4.0.0.0, Culture=neutral, PublicKeyToken=b77a5c561934e089
1>                    ImageRuntime=v4.0.30319
1>                    NuGetPackageId=Microsoft.NETCore.App.Ref
1>                    NuGetPackageVersion=3.0.0
1>                    OriginalItemSpec=C:\Users\hansnguyen\.nuget\packages\microsoft.netcore.app.ref\3.0.0\ref\netcoreapp3.0\System.Runtime.Serialization.dll
1>                    Private=false
1>                    PublicKeyToken=b77a5c561934e089
1>                    ReferenceSourceTarget=ResolveAssemblyReference
1>                    ResolvedFrom={RawFileName}
1>                    Version=
1>            C:\Users\hansnguyen\.nuget\packages\microsoft.netcore.app.ref\3.0.0\ref\netcoreapp3.0\System.Runtime.Serialization.Formatters.dll
1>                    AssemblyVersion=4.0.3.0
1>                    CopyLocal=false
1>                    ExternallyResolved=true
1>                    FileVersion=4.700.19.46214
1>                    FrameworkReferenceName=Microsoft.NETCore.App
1>                    FrameworkReferenceVersion=3.0.0
1>                    FusionName=System.Runtime.Serialization.Formatters, Version=4.0.3.0, Culture=neutral, PublicKeyToken=b03f5f7f11d50a3a
1>                    ImageRuntime=v4.0.30319
1>                    NuGetPackageId=Microsoft.NETCore.App.Ref
1>                    NuGetPackageVersion=3.0.0
1>                    OriginalItemSpec=C:\Users\hansnguyen\.nuget\packages\microsoft.netcore.app.ref\3.0.0\ref\netcoreapp3.0\System.Runtime.Serialization.Formatters.dll
1>                    Private=false
1>                    PublicKeyToken=b03f5f7f11d50a3a
1>                    ReferenceSourceTarget=ResolveAssemblyReference
1>                    ResolvedFrom={RawFileName}
1>                    Version=
1>            C:\Users\hansnguyen\.nuget\packages\microsoft.netcore.app.ref\3.0.0\ref\netcoreapp3.0\System.Runtime.Serialization.Json.dll
1>                    AssemblyVersion=4.0.4.0
1>                    CopyLocal=false
1>                    ExternallyResolved=true
1>                    FileVersion=4.700.19.46214
1>                    FrameworkReferenceName=Microsoft.NETCore.App
1>                    FrameworkReferenceVersion=3.0.0
1>                    FusionName=System.Runtime.Serialization.Json, Version=4.0.4.0, Culture=neutral, PublicKeyToken=b03f5f7f11d50a3a
1>                    ImageRuntime=v4.0.30319
1>                    NuGetPackageId=Microsoft.NETCore.App.Ref
1>                    NuGetPackageVersion=3.0.0
1>                    OriginalItemSpec=C:\Users\hansnguyen\.nuget\packages\microsoft.netcore.app.ref\3.0.0\ref\netcoreapp3.0\System.Runtime.Serialization.Json.dll
1>                    Private=false
1>                    PublicKeyToken=b03f5f7f11d50a3a
1>                    ReferenceSourceTarget=ResolveAssemblyReference
1>                    ResolvedFrom={RawFileName}
1>                    Version=
1>            C:\Users\hansnguyen\.nuget\packages\microsoft.netcore.app.ref\3.0.0\ref\netcoreapp3.0\System.Runtime.Serialization.Primitives.dll
1>                    AssemblyVersion=4.2.1.0
1>                    CopyLocal=false
1>                    ExternallyResolved=true
1>                    FileVersion=4.700.19.46214
1>                    FrameworkReferenceName=Microsoft.NETCore.App
1>                    FrameworkReferenceVersion=3.0.0
1>                    FusionName=System.Runtime.Serialization.Primitives, Version=4.2.1.0, Culture=neutral, PublicKeyToken=b03f5f7f11d50a3a
1>                    ImageRuntime=v4.0.30319
1>                    NuGetPackageId=Microsoft.NETCore.App.Ref
1>                    NuGetPackageVersion=3.0.0
1>                    OriginalItemSpec=C:\Users\hansnguyen\.nuget\packages\microsoft.netcore.app.ref\3.0.0\ref\netcoreapp3.0\System.Runtime.Serialization.Primitives.dll
1>                    Private=false
1>                    PublicKeyToken=b03f5f7f11d50a3a
1>                    ReferenceSourceTarget=ResolveAssemblyReference
1>                    ResolvedFrom={RawFileName}
1>                    Version=
1>            C:\Users\hansnguyen\.nuget\packages\microsoft.netcore.app.ref\3.0.0\ref\netcoreapp3.0\System.Runtime.Serialization.Xml.dll
1>                    AssemblyVersion=4.1.4.0
1>                    CopyLocal=false
1>                    ExternallyResolved=true
1>                    FileVersion=4.700.19.46214
1>                    FrameworkReferenceName=Microsoft.NETCore.App
1>                    FrameworkReferenceVersion=3.0.0
1>                    FusionName=System.Runtime.Serialization.Xml, Version=4.1.4.0, Culture=neutral, PublicKeyToken=b03f5f7f11d50a3a
1>                    ImageRuntime=v4.0.30319
1>                    NuGetPackageId=Microsoft.NETCore.App.Ref
1>                    NuGetPackageVersion=3.0.0
1>                    OriginalItemSpec=C:\Users\hansnguyen\.nuget\packages\microsoft.netcore.app.ref\3.0.0\ref\netcoreapp3.0\System.Runtime.Serialization.Xml.dll
1>                    Private=false
1>                    PublicKeyToken=b03f5f7f11d50a3a
1>                    ReferenceSourceTarget=ResolveAssemblyReference
1>                    ResolvedFrom={RawFileName}
1>                    Version=
1>            C:\Users\hansnguyen\.nuget\packages\microsoft.windowsdesktop.app.ref\3.0.0\ref\netcoreapp3.0\System.Security.AccessControl.dll
1>                    AssemblyVersion=4.1.1.0
1>                    CopyLocal=false
1>                    ExternallyResolved=true
1>                    FileVersion=4.700.19.46214
1>                    FrameworkReferenceName=Microsoft.WindowsDesktop.App.WPF
1>                    FrameworkReferenceVersion=3.0.0
1>                    FusionName=System.Security.AccessControl, Version=4.1.1.0, Culture=neutral, PublicKeyToken=b03f5f7f11d50a3a
1>                    ImageRuntime=v4.0.30319
1>                    NuGetPackageId=Microsoft.WindowsDesktop.App.Ref
1>                    NuGetPackageVersion=3.0.0
1>                    OriginalItemSpec=C:\Users\hansnguyen\.nuget\packages\microsoft.windowsdesktop.app.ref\3.0.0\ref\netcoreapp3.0\System.Security.AccessControl.dll
1>                    Private=false
1>                    PublicKeyToken=b03f5f7f11d50a3a
1>                    ReferenceSourceTarget=ResolveAssemblyReference
1>                    ResolvedFrom={RawFileName}
1>                    Version=
1>            C:\Users\hansnguyen\.nuget\packages\microsoft.netcore.app.ref\3.0.0\ref\netcoreapp3.0\System.Security.Claims.dll
1>                    AssemblyVersion=4.1.1.0
1>                    CopyLocal=false
1>                    ExternallyResolved=true
1>                    FileVersion=4.700.19.46214
1>                    FrameworkReferenceName=Microsoft.NETCore.App
1>                    FrameworkReferenceVersion=3.0.0
1>                    FusionName=System.Security.Claims, Version=4.1.1.0, Culture=neutral, PublicKeyToken=b03f5f7f11d50a3a
1>                    ImageRuntime=v4.0.30319
1>                    NuGetPackageId=Microsoft.NETCore.App.Ref
1>                    NuGetPackageVersion=3.0.0
1>                    OriginalItemSpec=C:\Users\hansnguyen\.nuget\packages\microsoft.netcore.app.ref\3.0.0\ref\netcoreapp3.0\System.Security.Claims.dll
1>                    Private=false
1>                    PublicKeyToken=b03f5f7f11d50a3a
1>                    ReferenceSourceTarget=ResolveAssemblyReference
1>                    ResolvedFrom={RawFileName}
1>                    Version=
1>            C:\Users\hansnguyen\.nuget\packages\microsoft.netcore.app.ref\3.0.0\ref\netcoreapp3.0\System.Security.Cryptography.Algorithms.dll
1>                    AssemblyVersion=4.3.1.0
1>                    CopyLocal=false
1>                    ExternallyResolved=true
1>                    FileVersion=4.700.19.46214
1>                    FrameworkReferenceName=Microsoft.NETCore.App
1>                    FrameworkReferenceVersion=3.0.0
1>                    FusionName=System.Security.Cryptography.Algorithms, Version=4.3.1.0, Culture=neutral, PublicKeyToken=b03f5f7f11d50a3a
1>                    ImageRuntime=v4.0.30319
1>                    NuGetPackageId=Microsoft.NETCore.App.Ref
1>                    NuGetPackageVersion=3.0.0
1>                    OriginalItemSpec=C:\Users\hansnguyen\.nuget\packages\microsoft.netcore.app.ref\3.0.0\ref\netcoreapp3.0\System.Security.Cryptography.Algorithms.dll
1>                    Private=false
1>                    PublicKeyToken=b03f5f7f11d50a3a
1>                    ReferenceSourceTarget=ResolveAssemblyReference
1>                    ResolvedFrom={RawFileName}
1>                    Version=
1>            C:\Users\hansnguyen\.nuget\packages\microsoft.windowsdesktop.app.ref\3.0.0\ref\netcoreapp3.0\System.Security.Cryptography.Cng.dll
1>                    AssemblyVersion=4.3.2.0
1>                    CopyLocal=false
1>                    ExternallyResolved=true
1>                    FileVersion=4.700.19.46214
1>                    FrameworkReferenceName=Microsoft.WindowsDesktop.App.WPF
1>                    FrameworkReferenceVersion=3.0.0
1>                    FusionName=System.Security.Cryptography.Cng, Version=4.3.2.0, Culture=neutral, PublicKeyToken=b03f5f7f11d50a3a
1>                    ImageRuntime=v4.0.30319
1>                    NuGetPackageId=Microsoft.WindowsDesktop.App.Ref
1>                    NuGetPackageVersion=3.0.0
1>                    OriginalItemSpec=C:\Users\hansnguyen\.nuget\packages\microsoft.windowsdesktop.app.ref\3.0.0\ref\netcoreapp3.0\System.Security.Cryptography.Cng.dll
1>                    Private=false
1>                    PublicKeyToken=b03f5f7f11d50a3a
1>                    ReferenceSourceTarget=ResolveAssemblyReference
1>                    ResolvedFrom={RawFileName}
1>                    Version=
1>            C:\Users\hansnguyen\.nuget\packages\microsoft.netcore.app.ref\3.0.0\ref\netcoreapp3.0\System.Security.Cryptography.Csp.dll
1>                    AssemblyVersion=4.1.1.0
1>                    CopyLocal=false
1>                    ExternallyResolved=true
1>                    FileVersion=4.700.19.46214
1>                    FrameworkReferenceName=Microsoft.NETCore.App
1>                    FrameworkReferenceVersion=3.0.0
1>                    FusionName=System.Security.Cryptography.Csp, Version=4.1.1.0, Culture=neutral, PublicKeyToken=b03f5f7f11d50a3a
1>                    ImageRuntime=v4.0.30319
1>                    NuGetPackageId=Microsoft.NETCore.App.Ref
1>                    NuGetPackageVersion=3.0.0
1>                    OriginalItemSpec=C:\Users\hansnguyen\.nuget\packages\microsoft.netcore.app.ref\3.0.0\ref\netcoreapp3.0\System.Security.Cryptography.Csp.dll
1>                    Private=false
1>                    PublicKeyToken=b03f5f7f11d50a3a
1>                    ReferenceSourceTarget=ResolveAssemblyReference
1>                    ResolvedFrom={RawFileName}
1>                    Version=
1>            C:\Users\hansnguyen\.nuget\packages\microsoft.netcore.app.ref\3.0.0\ref\netcoreapp3.0\System.Security.Cryptography.Encoding.dll
1>                    AssemblyVersion=4.1.1.0
1>                    CopyLocal=false
1>                    ExternallyResolved=true
1>                    FileVersion=4.700.19.46214
1>                    FrameworkReferenceName=Microsoft.NETCore.App
1>                    FrameworkReferenceVersion=3.0.0
1>                    FusionName=System.Security.Cryptography.Encoding, Version=4.1.1.0, Culture=neutral, PublicKeyToken=b03f5f7f11d50a3a
1>                    ImageRuntime=v4.0.30319
1>                    NuGetPackageId=Microsoft.NETCore.App.Ref
1>                    NuGetPackageVersion=3.0.0
1>                    OriginalItemSpec=C:\Users\hansnguyen\.nuget\packages\microsoft.netcore.app.ref\3.0.0\ref\netcoreapp3.0\System.Security.Cryptography.Encoding.dll
1>                    Private=false
1>                    PublicKeyToken=b03f5f7f11d50a3a
1>                    ReferenceSourceTarget=ResolveAssemblyReference
1>                    ResolvedFrom={RawFileName}
1>                    Version=
1>            C:\Users\hansnguyen\.nuget\packages\microsoft.windowsdesktop.app.ref\3.0.0\ref\netcoreapp3.0\System.Security.Cryptography.Pkcs.dll
1>                    AssemblyVersion=4.1.0.0
1>                    CopyLocal=false
1>                    ExternallyResolved=true
1>                    FileVersion=4.700.19.46214
1>                    FrameworkReferenceName=Microsoft.WindowsDesktop.App.WPF
1>                    FrameworkReferenceVersion=3.0.0
1>                    FusionName=System.Security.Cryptography.Pkcs, Version=4.1.0.0, Culture=neutral, PublicKeyToken=b03f5f7f11d50a3a
1>                    ImageRuntime=v4.0.30319
1>                    NuGetPackageId=Microsoft.WindowsDesktop.App.Ref
1>                    NuGetPackageVersion=3.0.0
1>                    OriginalItemSpec=C:\Users\hansnguyen\.nuget\packages\microsoft.windowsdesktop.app.ref\3.0.0\ref\netcoreapp3.0\System.Security.Cryptography.Pkcs.dll
1>                    Private=false
1>                    PublicKeyToken=b03f5f7f11d50a3a
1>                    ReferenceSourceTarget=ResolveAssemblyReference
1>                    ResolvedFrom={RawFileName}
1>                    Version=
1>            C:\Users\hansnguyen\.nuget\packages\microsoft.netcore.app.ref\3.0.0\ref\netcoreapp3.0\System.Security.Cryptography.Primitives.dll
1>                    AssemblyVersion=4.1.1.0
1>                    CopyLocal=false
1>                    ExternallyResolved=true
1>                    FileVersion=4.700.19.46214
1>                    FrameworkReferenceName=Microsoft.NETCore.App
1>                    FrameworkReferenceVersion=3.0.0
1>                    FusionName=System.Security.Cryptography.Primitives, Version=4.1.1.0, Culture=neutral, PublicKeyToken=b03f5f7f11d50a3a
1>                    ImageRuntime=v4.0.30319
1>                    NuGetPackageId=Microsoft.NETCore.App.Ref
1>                    NuGetPackageVersion=3.0.0
1>                    OriginalItemSpec=C:\Users\hansnguyen\.nuget\packages\microsoft.netcore.app.ref\3.0.0\ref\netcoreapp3.0\System.Security.Cryptography.Primitives.dll
1>                    Private=false
1>                    PublicKeyToken=b03f5f7f11d50a3a
1>                    ReferenceSourceTarget=ResolveAssemblyReference
1>                    ResolvedFrom={RawFileName}
1>                    Version=
1>            C:\Users\hansnguyen\.nuget\packages\microsoft.windowsdesktop.app.ref\3.0.0\ref\netcoreapp3.0\System.Security.Cryptography.ProtectedData.dll
1>                    AssemblyVersion=4.0.4.0
1>                    CopyLocal=false
1>                    ExternallyResolved=true
1>                    FileVersion=4.700.19.46214
1>                    FrameworkReferenceName=Microsoft.WindowsDesktop.App.WPF
1>                    FrameworkReferenceVersion=3.0.0
1>                    FusionName=System.Security.Cryptography.ProtectedData, Version=4.0.4.0, Culture=neutral, PublicKeyToken=b03f5f7f11d50a3a
1>                    ImageRuntime=v4.0.30319
1>                    NuGetPackageId=Microsoft.WindowsDesktop.App.Ref
1>                    NuGetPackageVersion=3.0.0
1>                    OriginalItemSpec=C:\Users\hansnguyen\.nuget\packages\microsoft.windowsdesktop.app.ref\3.0.0\ref\netcoreapp3.0\System.Security.Cryptography.ProtectedData.dll
1>                    Private=false
1>                    PublicKeyToken=b03f5f7f11d50a3a
1>                    ReferenceSourceTarget=ResolveAssemblyReference
1>                    ResolvedFrom={RawFileName}
1>                    Version=
1>            C:\Users\hansnguyen\.nuget\packages\microsoft.netcore.app.ref\3.0.0\ref\netcoreapp3.0\System.Security.Cryptography.X509Certificates.dll
1>                    AssemblyVersion=4.2.1.0
1>                    CopyLocal=false
1>                    ExternallyResolved=true
1>                    FileVersion=4.700.19.46214
1>                    FrameworkReferenceName=Microsoft.NETCore.App
1>                    FrameworkReferenceVersion=3.0.0
1>                    FusionName=System.Security.Cryptography.X509Certificates, Version=4.2.1.0, Culture=neutral, PublicKeyToken=b03f5f7f11d50a3a
1>                    ImageRuntime=v4.0.30319
1>                    NuGetPackageId=Microsoft.NETCore.App.Ref
1>                    NuGetPackageVersion=3.0.0
1>                    OriginalItemSpec=C:\Users\hansnguyen\.nuget\packages\microsoft.netcore.app.ref\3.0.0\ref\netcoreapp3.0\System.Security.Cryptography.X509Certificates.dll
1>                    Private=false
1>                    PublicKeyToken=b03f5f7f11d50a3a
1>                    ReferenceSourceTarget=ResolveAssemblyReference
1>                    ResolvedFrom={RawFileName}
1>                    Version=
1>            C:\Users\hansnguyen\.nuget\packages\microsoft.windowsdesktop.app.ref\3.0.0\ref\netcoreapp3.0\System.Security.Cryptography.Xml.dll
1>                    AssemblyVersion=4.0.2.0
1>                    CopyLocal=false
1>                    ExternallyResolved=true
1>                    FileVersion=4.700.19.46214
1>                    FrameworkReferenceName=Microsoft.WindowsDesktop.App.WPF
1>                    FrameworkReferenceVersion=3.0.0
1>                    FusionName=System.Security.Cryptography.Xml, Version=4.0.2.0, Culture=neutral, PublicKeyToken=cc7b13ffcd2ddd51
1>                    ImageRuntime=v4.0.30319
1>                    NuGetPackageId=Microsoft.WindowsDesktop.App.Ref
1>                    NuGetPackageVersion=3.0.0
1>                    OriginalItemSpec=C:\Users\hansnguyen\.nuget\packages\microsoft.windowsdesktop.app.ref\3.0.0\ref\netcoreapp3.0\System.Security.Cryptography.Xml.dll
1>                    Private=false
1>                    PublicKeyToken=cc7b13ffcd2ddd51
1>                    ReferenceSourceTarget=ResolveAssemblyReference
1>                    ResolvedFrom={RawFileName}
1>                    Version=
1>            C:\Users\hansnguyen\.nuget\packages\microsoft.netcore.app.ref\3.0.0\ref\netcoreapp3.0\System.Security.dll
1>                    AssemblyVersion=4.0.0.0
1>                    CopyLocal=false
1>                    ExternallyResolved=true
1>                    FileVersion=4.700.19.46214
1>                    FrameworkReferenceName=Microsoft.NETCore.App
1>                    FrameworkReferenceVersion=3.0.0
1>                    FusionName=System.Security, Version=4.0.0.0, Culture=neutral, PublicKeyToken=b03f5f7f11d50a3a
1>                    ImageRuntime=v4.0.30319
1>                    NuGetPackageId=Microsoft.NETCore.App.Ref
1>                    NuGetPackageVersion=3.0.0
1>                    OriginalItemSpec=C:\Users\hansnguyen\.nuget\packages\microsoft.netcore.app.ref\3.0.0\ref\netcoreapp3.0\System.Security.dll
1>                    Private=false
1>                    PublicKeyToken=b03f5f7f11d50a3a
1>                    ReferenceSourceTarget=ResolveAssemblyReference
1>                    ResolvedFrom={RawFileName}
1>                    Version=
1>            C:\Users\hansnguyen\.nuget\packages\microsoft.windowsdesktop.app.ref\3.0.0\ref\netcoreapp3.0\System.Security.Permissions.dll
1>                    AssemblyVersion=4.0.2.0
1>                    CopyLocal=false
1>                    ExternallyResolved=true
1>                    FileVersion=4.700.19.46214
1>                    FrameworkReferenceName=Microsoft.WindowsDesktop.App.WPF
1>                    FrameworkReferenceVersion=3.0.0
1>                    FusionName=System.Security.Permissions, Version=4.0.2.0, Culture=neutral, PublicKeyToken=cc7b13ffcd2ddd51
1>                    ImageRuntime=v4.0.30319
1>                    NuGetPackageId=Microsoft.WindowsDesktop.App.Ref
1>                    NuGetPackageVersion=3.0.0
1>                    OriginalItemSpec=C:\Users\hansnguyen\.nuget\packages\microsoft.windowsdesktop.app.ref\3.0.0\ref\netcoreapp3.0\System.Security.Permissions.dll
1>                    Private=false
1>                    PublicKeyToken=cc7b13ffcd2ddd51
1>                    ReferenceSourceTarget=ResolveAssemblyReference
1>                    ResolvedFrom={RawFileName}
1>                    Version=
1>            C:\Users\hansnguyen\.nuget\packages\microsoft.netcore.app.ref\3.0.0\ref\netcoreapp3.0\System.Security.Principal.dll
1>                    AssemblyVersion=4.1.1.0
1>                    CopyLocal=false
1>                    ExternallyResolved=true
1>                    FileVersion=4.700.19.46214
1>                    FrameworkReferenceName=Microsoft.NETCore.App
1>                    FrameworkReferenceVersion=3.0.0
1>                    FusionName=System.Security.Principal, Version=4.1.1.0, Culture=neutral, PublicKeyToken=b03f5f7f11d50a3a
1>                    ImageRuntime=v4.0.30319
1>                    NuGetPackageId=Microsoft.NETCore.App.Ref
1>                    NuGetPackageVersion=3.0.0
1>                    OriginalItemSpec=C:\Users\hansnguyen\.nuget\packages\microsoft.netcore.app.ref\3.0.0\ref\netcoreapp3.0\System.Security.Principal.dll
1>                    Private=false
1>                    PublicKeyToken=b03f5f7f11d50a3a
1>                    ReferenceSourceTarget=ResolveAssemblyReference
1>                    ResolvedFrom={RawFileName}
1>                    Version=
1>            C:\Users\hansnguyen\.nuget\packages\microsoft.windowsdesktop.app.ref\3.0.0\ref\netcoreapp3.0\System.Security.Principal.Windows.dll
1>                    AssemblyVersion=4.1.1.0
1>                    CopyLocal=false
1>                    ExternallyResolved=true
1>                    FileVersion=4.700.19.46214
1>                    FrameworkReferenceName=Microsoft.WindowsDesktop.App.WPF
1>                    FrameworkReferenceVersion=3.0.0
1>                    FusionName=System.Security.Principal.Windows, Version=4.1.1.0, Culture=neutral, PublicKeyToken=b03f5f7f11d50a3a
1>                    ImageRuntime=v4.0.30319
1>                    NuGetPackageId=Microsoft.WindowsDesktop.App.Ref
1>                    NuGetPackageVersion=3.0.0
1>                    OriginalItemSpec=C:\Users\hansnguyen\.nuget\packages\microsoft.windowsdesktop.app.ref\3.0.0\ref\netcoreapp3.0\System.Security.Principal.Windows.dll
1>                    Private=false
1>                    PublicKeyToken=b03f5f7f11d50a3a
1>                    ReferenceSourceTarget=ResolveAssemblyReference
1>                    ResolvedFrom={RawFileName}
1>                    Version=
1>            C:\Users\hansnguyen\.nuget\packages\microsoft.netcore.app.ref\3.0.0\ref\netcoreapp3.0\System.Security.SecureString.dll
1>                    AssemblyVersion=4.1.1.0
1>                    CopyLocal=false
1>                    ExternallyResolved=true
1>                    FileVersion=4.700.19.46214
1>                    FrameworkReferenceName=Microsoft.NETCore.App
1>                    FrameworkReferenceVersion=3.0.0
1>                    FusionName=System.Security.SecureString, Version=4.1.1.0, Culture=neutral, PublicKeyToken=b03f5f7f11d50a3a
1>                    ImageRuntime=v4.0.30319
1>                    NuGetPackageId=Microsoft.NETCore.App.Ref
1>                    NuGetPackageVersion=3.0.0
1>                    OriginalItemSpec=C:\Users\hansnguyen\.nuget\packages\microsoft.netcore.app.ref\3.0.0\ref\netcoreapp3.0\System.Security.SecureString.dll
1>                    Private=false
1>                    PublicKeyToken=b03f5f7f11d50a3a
1>                    ReferenceSourceTarget=ResolveAssemblyReference
1>                    ResolvedFrom={RawFileName}
1>                    Version=
1>            C:\Users\hansnguyen\.nuget\packages\microsoft.netcore.app.ref\3.0.0\ref\netcoreapp3.0\System.ServiceModel.Web.dll
1>                    AssemblyVersion=4.0.0.0
1>                    CopyLocal=false
1>                    ExternallyResolved=true
1>                    FileVersion=4.700.19.46214
1>                    FrameworkReferenceName=Microsoft.NETCore.App
1>                    FrameworkReferenceVersion=3.0.0
1>                    FusionName=System.ServiceModel.Web, Version=4.0.0.0, Culture=neutral, PublicKeyToken=31bf3856ad364e35
1>                    ImageRuntime=v4.0.30319
1>                    NuGetPackageId=Microsoft.NETCore.App.Ref
1>                    NuGetPackageVersion=3.0.0
1>                    OriginalItemSpec=C:\Users\hansnguyen\.nuget\packages\microsoft.netcore.app.ref\3.0.0\ref\netcoreapp3.0\System.ServiceModel.Web.dll
1>                    Private=false
1>                    PublicKeyToken=31bf3856ad364e35
1>                    ReferenceSourceTarget=ResolveAssemblyReference
1>                    ResolvedFrom={RawFileName}
1>                    Version=
1>            C:\Users\hansnguyen\.nuget\packages\microsoft.netcore.app.ref\3.0.0\ref\netcoreapp3.0\System.ServiceProcess.dll
1>                    AssemblyVersion=4.0.0.0
1>                    CopyLocal=false
1>                    ExternallyResolved=true
1>                    FileVersion=4.700.19.46214
1>                    FrameworkReferenceName=Microsoft.NETCore.App
1>                    FrameworkReferenceVersion=3.0.0
1>                    FusionName=System.ServiceProcess, Version=4.0.0.0, Culture=neutral, PublicKeyToken=b03f5f7f11d50a3a
1>                    ImageRuntime=v4.0.30319
1>                    NuGetPackageId=Microsoft.NETCore.App.Ref
1>                    NuGetPackageVersion=3.0.0
1>                    OriginalItemSpec=C:\Users\hansnguyen\.nuget\packages\microsoft.netcore.app.ref\3.0.0\ref\netcoreapp3.0\System.ServiceProcess.dll
1>                    Private=false
1>                    PublicKeyToken=b03f5f7f11d50a3a
1>                    ReferenceSourceTarget=ResolveAssemblyReference
1>                    ResolvedFrom={RawFileName}
1>                    Version=
1>            C:\Users\hansnguyen\.nuget\packages\microsoft.netcore.app.ref\3.0.0\ref\netcoreapp3.0\System.Text.Encoding.CodePages.dll
1>                    AssemblyVersion=4.1.2.0
1>                    CopyLocal=false
1>                    ExternallyResolved=true
1>                    FileVersion=4.700.19.46214
1>                    FrameworkReferenceName=Microsoft.NETCore.App
1>                    FrameworkReferenceVersion=3.0.0
1>                    FusionName=System.Text.Encoding.CodePages, Version=4.1.2.0, Culture=neutral, PublicKeyToken=b03f5f7f11d50a3a
1>                    ImageRuntime=v4.0.30319
1>                    NuGetPackageId=Microsoft.NETCore.App.Ref
1>                    NuGetPackageVersion=3.0.0
1>                    OriginalItemSpec=C:\Users\hansnguyen\.nuget\packages\microsoft.netcore.app.ref\3.0.0\ref\netcoreapp3.0\System.Text.Encoding.CodePages.dll
1>                    Private=false
1>                    PublicKeyToken=b03f5f7f11d50a3a
1>                    ReferenceSourceTarget=ResolveAssemblyReference
1>                    ResolvedFrom={RawFileName}
1>                    Version=
1>            C:\Users\hansnguyen\.nuget\packages\microsoft.netcore.app.ref\3.0.0\ref\netcoreapp3.0\System.Text.Encoding.dll
1>                    AssemblyVersion=4.1.1.0
1>                    CopyLocal=false
1>                    ExternallyResolved=true
1>                    FileVersion=4.700.19.46214
1>                    FrameworkReferenceName=Microsoft.NETCore.App
1>                    FrameworkReferenceVersion=3.0.0
1>                    FusionName=System.Text.Encoding, Version=4.1.1.0, Culture=neutral, PublicKeyToken=b03f5f7f11d50a3a
1>                    ImageRuntime=v4.0.30319
1>                    NuGetPackageId=Microsoft.NETCore.App.Ref
1>                    NuGetPackageVersion=3.0.0
1>                    OriginalItemSpec=C:\Users\hansnguyen\.nuget\packages\microsoft.netcore.app.ref\3.0.0\ref\netcoreapp3.0\System.Text.Encoding.dll
1>                    Private=false
1>                    PublicKeyToken=b03f5f7f11d50a3a
1>                    ReferenceSourceTarget=ResolveAssemblyReference
1>                    ResolvedFrom={RawFileName}
1>                    Version=
1>            C:\Users\hansnguyen\.nuget\packages\microsoft.netcore.app.ref\3.0.0\ref\netcoreapp3.0\System.Text.Encoding.Extensions.dll
1>                    AssemblyVersion=4.1.1.0
1>                    CopyLocal=false
1>                    ExternallyResolved=true
1>                    FileVersion=4.700.19.46214
1>                    FrameworkReferenceName=Microsoft.NETCore.App
1>                    FrameworkReferenceVersion=3.0.0
1>                    FusionName=System.Text.Encoding.Extensions, Version=4.1.1.0, Culture=neutral, PublicKeyToken=b03f5f7f11d50a3a
1>                    ImageRuntime=v4.0.30319
1>                    NuGetPackageId=Microsoft.NETCore.App.Ref
1>                    NuGetPackageVersion=3.0.0
1>                    OriginalItemSpec=C:\Users\hansnguyen\.nuget\packages\microsoft.netcore.app.ref\3.0.0\ref\netcoreapp3.0\System.Text.Encoding.Extensions.dll
1>                    Private=false
1>                    PublicKeyToken=b03f5f7f11d50a3a
1>                    ReferenceSourceTarget=ResolveAssemblyReference
1>                    ResolvedFrom={RawFileName}
1>                    Version=
1>            C:\Users\hansnguyen\.nuget\packages\microsoft.netcore.app.ref\3.0.0\ref\netcoreapp3.0\System.Text.Encodings.Web.dll
1>                    AssemblyVersion=4.0.4.0
1>                    CopyLocal=false
1>                    ExternallyResolved=true
1>                    FileVersion=4.700.19.46214
1>                    FrameworkReferenceName=Microsoft.NETCore.App
1>                    FrameworkReferenceVersion=3.0.0
1>                    FusionName=System.Text.Encodings.Web, Version=4.0.4.0, Culture=neutral, PublicKeyToken=cc7b13ffcd2ddd51
1>                    ImageRuntime=v4.0.30319
1>                    NuGetPackageId=Microsoft.NETCore.App.Ref
1>                    NuGetPackageVersion=3.0.0
1>                    OriginalItemSpec=C:\Users\hansnguyen\.nuget\packages\microsoft.netcore.app.ref\3.0.0\ref\netcoreapp3.0\System.Text.Encodings.Web.dll
1>                    Private=false
1>                    PublicKeyToken=cc7b13ffcd2ddd51
1>                    ReferenceSourceTarget=ResolveAssemblyReference
1>                    ResolvedFrom={RawFileName}
1>                    Version=
1>            C:\Users\hansnguyen\.nuget\packages\microsoft.netcore.app.ref\3.0.0\ref\netcoreapp3.0\System.Text.Json.dll
1>                    AssemblyVersion=4.0.0.0
1>                    CopyLocal=false
1>                    ExternallyResolved=true
1>                    FileVersion=4.700.19.46214
1>                    FrameworkReferenceName=Microsoft.NETCore.App
1>                    FrameworkReferenceVersion=3.0.0
1>                    FusionName=System.Text.Json, Version=4.0.0.0, Culture=neutral, PublicKeyToken=cc7b13ffcd2ddd51
1>                    ImageRuntime=v4.0.30319
1>                    NuGetPackageId=Microsoft.NETCore.App.Ref
1>                    NuGetPackageVersion=3.0.0
1>                    OriginalItemSpec=C:\Users\hansnguyen\.nuget\packages\microsoft.netcore.app.ref\3.0.0\ref\netcoreapp3.0\System.Text.Json.dll
1>                    Private=false
1>                    PublicKeyToken=cc7b13ffcd2ddd51
1>                    ReferenceSourceTarget=ResolveAssemblyReference
1>                    ResolvedFrom={RawFileName}
1>                    Version=
1>            C:\Users\hansnguyen\.nuget\packages\microsoft.netcore.app.ref\3.0.0\ref\netcoreapp3.0\System.Text.RegularExpressions.dll
1>                    AssemblyVersion=4.2.1.0
1>                    CopyLocal=false
1>                    ExternallyResolved=true
1>                    FileVersion=4.700.19.46214
1>                    FrameworkReferenceName=Microsoft.NETCore.App
1>                    FrameworkReferenceVersion=3.0.0
1>                    FusionName=System.Text.RegularExpressions, Version=4.2.1.0, Culture=neutral, PublicKeyToken=b03f5f7f11d50a3a
1>                    ImageRuntime=v4.0.30319
1>                    NuGetPackageId=Microsoft.NETCore.App.Ref
1>                    NuGetPackageVersion=3.0.0
1>                    OriginalItemSpec=C:\Users\hansnguyen\.nuget\packages\microsoft.netcore.app.ref\3.0.0\ref\netcoreapp3.0\System.Text.RegularExpressions.dll
1>                    Private=false
1>                    PublicKeyToken=b03f5f7f11d50a3a
1>                    ReferenceSourceTarget=ResolveAssemblyReference
1>                    ResolvedFrom={RawFileName}
1>                    Version=
1>            C:\Users\hansnguyen\.nuget\packages\microsoft.windowsdesktop.app.ref\3.0.0\ref\netcoreapp3.0\System.Threading.AccessControl.dll
1>                    AssemblyVersion=4.0.4.0
1>                    CopyLocal=false
1>                    ExternallyResolved=true
1>                    FileVersion=4.700.19.46214
1>                    FrameworkReferenceName=Microsoft.WindowsDesktop.App.WPF
1>                    FrameworkReferenceVersion=3.0.0
1>                    FusionName=System.Threading.AccessControl, Version=4.0.4.0, Culture=neutral, PublicKeyToken=b03f5f7f11d50a3a
1>                    ImageRuntime=v4.0.30319
1>                    NuGetPackageId=Microsoft.WindowsDesktop.App.Ref
1>                    NuGetPackageVersion=3.0.0
1>                    OriginalItemSpec=C:\Users\hansnguyen\.nuget\packages\microsoft.windowsdesktop.app.ref\3.0.0\ref\netcoreapp3.0\System.Threading.AccessControl.dll
1>                    Private=false
1>                    PublicKeyToken=b03f5f7f11d50a3a
1>                    ReferenceSourceTarget=ResolveAssemblyReference
1>                    ResolvedFrom={RawFileName}
1>                    Version=
1>            C:\Users\hansnguyen\.nuget\packages\microsoft.netcore.app.ref\3.0.0\ref\netcoreapp3.0\System.Threading.Channels.dll
1>                    AssemblyVersion=4.0.1.0
1>                    CopyLocal=false
1>                    ExternallyResolved=true
1>                    FileVersion=4.700.19.46214
1>                    FrameworkReferenceName=Microsoft.NETCore.App
1>                    FrameworkReferenceVersion=3.0.0
1>                    FusionName=System.Threading.Channels, Version=4.0.1.0, Culture=neutral, PublicKeyToken=cc7b13ffcd2ddd51
1>                    ImageRuntime=v4.0.30319
1>                    NuGetPackageId=Microsoft.NETCore.App.Ref
1>                    NuGetPackageVersion=3.0.0
1>                    OriginalItemSpec=C:\Users\hansnguyen\.nuget\packages\microsoft.netcore.app.ref\3.0.0\ref\netcoreapp3.0\System.Threading.Channels.dll
1>                    Private=false
1>                    PublicKeyToken=cc7b13ffcd2ddd51
1>                    ReferenceSourceTarget=ResolveAssemblyReference
1>                    ResolvedFrom={RawFileName}
1>                    Version=
1>            C:\Users\hansnguyen\.nuget\packages\microsoft.netcore.app.ref\3.0.0\ref\netcoreapp3.0\System.Threading.dll
1>                    AssemblyVersion=4.1.1.0
1>                    CopyLocal=false
1>                    ExternallyResolved=true
1>                    FileVersion=4.700.19.46214
1>                    FrameworkReferenceName=Microsoft.NETCore.App
1>                    FrameworkReferenceVersion=3.0.0
1>                    FusionName=System.Threading, Version=4.1.1.0, Culture=neutral, PublicKeyToken=b03f5f7f11d50a3a
1>                    ImageRuntime=v4.0.30319
1>                    NuGetPackageId=Microsoft.NETCore.App.Ref
1>                    NuGetPackageVersion=3.0.0
1>                    OriginalItemSpec=C:\Users\hansnguyen\.nuget\packages\microsoft.netcore.app.ref\3.0.0\ref\netcoreapp3.0\System.Threading.dll
1>                    Private=false
1>                    PublicKeyToken=b03f5f7f11d50a3a
1>                    ReferenceSourceTarget=ResolveAssemblyReference
1>                    ResolvedFrom={RawFileName}
1>                    Version=
1>            C:\Users\hansnguyen\.nuget\packages\microsoft.netcore.app.ref\3.0.0\ref\netcoreapp3.0\System.Threading.Overlapped.dll
1>                    AssemblyVersion=4.1.1.0
1>                    CopyLocal=false
1>                    ExternallyResolved=true
1>                    FileVersion=4.700.19.46214
1>                    FrameworkReferenceName=Microsoft.NETCore.App
1>                    FrameworkReferenceVersion=3.0.0
1>                    FusionName=System.Threading.Overlapped, Version=4.1.1.0, Culture=neutral, PublicKeyToken=b03f5f7f11d50a3a
1>                    ImageRuntime=v4.0.30319
1>                    NuGetPackageId=Microsoft.NETCore.App.Ref
1>                    NuGetPackageVersion=3.0.0
1>                    OriginalItemSpec=C:\Users\hansnguyen\.nuget\packages\microsoft.netcore.app.ref\3.0.0\ref\netcoreapp3.0\System.Threading.Overlapped.dll
1>                    Private=false
1>                    PublicKeyToken=b03f5f7f11d50a3a
1>                    ReferenceSourceTarget=ResolveAssemblyReference
1>                    ResolvedFrom={RawFileName}
1>                    Version=
1>            C:\Users\hansnguyen\.nuget\packages\microsoft.netcore.app.ref\3.0.0\ref\netcoreapp3.0\System.Threading.Tasks.Dataflow.dll
1>                    AssemblyVersion=4.6.4.0
1>                    CopyLocal=false
1>                    ExternallyResolved=true
1>                    FileVersion=4.700.19.46214
1>                    FrameworkReferenceName=Microsoft.NETCore.App
1>                    FrameworkReferenceVersion=3.0.0
1>                    FusionName=System.Threading.Tasks.Dataflow, Version=4.6.4.0, Culture=neutral, PublicKeyToken=b03f5f7f11d50a3a
1>                    ImageRuntime=v4.0.30319
1>                    NuGetPackageId=Microsoft.NETCore.App.Ref
1>                    NuGetPackageVersion=3.0.0
1>                    OriginalItemSpec=C:\Users\hansnguyen\.nuget\packages\microsoft.netcore.app.ref\3.0.0\ref\netcoreapp3.0\System.Threading.Tasks.Dataflow.dll
1>                    Private=false
1>                    PublicKeyToken=b03f5f7f11d50a3a
1>                    ReferenceSourceTarget=ResolveAssemblyReference
1>                    ResolvedFrom={RawFileName}
1>                    Version=
1>            C:\Users\hansnguyen\.nuget\packages\microsoft.netcore.app.ref\3.0.0\ref\netcoreapp3.0\System.Threading.Tasks.dll
1>                    AssemblyVersion=4.1.1.0
1>                    CopyLocal=false
1>                    ExternallyResolved=true
1>                    FileVersion=4.700.19.46214
1>                    FrameworkReferenceName=Microsoft.NETCore.App
1>                    FrameworkReferenceVersion=3.0.0
1>                    FusionName=System.Threading.Tasks, Version=4.1.1.0, Culture=neutral, PublicKeyToken=b03f5f7f11d50a3a
1>                    ImageRuntime=v4.0.30319
1>                    NuGetPackageId=Microsoft.NETCore.App.Ref
1>                    NuGetPackageVersion=3.0.0
1>                    OriginalItemSpec=C:\Users\hansnguyen\.nuget\packages\microsoft.netcore.app.ref\3.0.0\ref\netcoreapp3.0\System.Threading.Tasks.dll
1>                    Private=false
1>                    PublicKeyToken=b03f5f7f11d50a3a
1>                    ReferenceSourceTarget=ResolveAssemblyReference
1>                    ResolvedFrom={RawFileName}
1>                    Version=
1>            C:\Users\hansnguyen\.nuget\packages\microsoft.netcore.app.ref\3.0.0\ref\netcoreapp3.0\System.Threading.Tasks.Extensions.dll
1>                    AssemblyVersion=4.3.0.0
1>                    CopyLocal=false
1>                    ExternallyResolved=true
1>                    FileVersion=4.700.19.46214
1>                    FrameworkReferenceName=Microsoft.NETCore.App
1>                    FrameworkReferenceVersion=3.0.0
1>                    FusionName=System.Threading.Tasks.Extensions, Version=4.3.0.0, Culture=neutral, PublicKeyToken=cc7b13ffcd2ddd51
1>                    ImageRuntime=v4.0.30319
1>                    NuGetPackageId=Microsoft.NETCore.App.Ref
1>                    NuGetPackageVersion=3.0.0
1>                    OriginalItemSpec=C:\Users\hansnguyen\.nuget\packages\microsoft.netcore.app.ref\3.0.0\ref\netcoreapp3.0\System.Threading.Tasks.Extensions.dll
1>                    Private=false
1>                    PublicKeyToken=cc7b13ffcd2ddd51
1>                    ReferenceSourceTarget=ResolveAssemblyReference
1>                    ResolvedFrom={RawFileName}
1>                    Version=
1>            C:\Users\hansnguyen\.nuget\packages\microsoft.netcore.app.ref\3.0.0\ref\netcoreapp3.0\System.Threading.Tasks.Parallel.dll
1>                    AssemblyVersion=4.0.3.0
1>                    CopyLocal=false
1>                    ExternallyResolved=true
1>                    FileVersion=4.700.19.46214
1>                    FrameworkReferenceName=Microsoft.NETCore.App
1>                    FrameworkReferenceVersion=3.0.0
1>                    FusionName=System.Threading.Tasks.Parallel, Version=4.0.3.0, Culture=neutral, PublicKeyToken=b03f5f7f11d50a3a
1>                    ImageRuntime=v4.0.30319
1>                    NuGetPackageId=Microsoft.NETCore.App.Ref
1>                    NuGetPackageVersion=3.0.0
1>                    OriginalItemSpec=C:\Users\hansnguyen\.nuget\packages\microsoft.netcore.app.ref\3.0.0\ref\netcoreapp3.0\System.Threading.Tasks.Parallel.dll
1>                    Private=false
1>                    PublicKeyToken=b03f5f7f11d50a3a
1>                    ReferenceSourceTarget=ResolveAssemblyReference
1>                    ResolvedFrom={RawFileName}
1>                    Version=
1>            C:\Users\hansnguyen\.nuget\packages\microsoft.netcore.app.ref\3.0.0\ref\netcoreapp3.0\System.Threading.Thread.dll
1>                    AssemblyVersion=4.1.1.0
1>                    CopyLocal=false
1>                    ExternallyResolved=true
1>                    FileVersion=4.700.19.46214
1>                    FrameworkReferenceName=Microsoft.NETCore.App
1>                    FrameworkReferenceVersion=3.0.0
1>                    FusionName=System.Threading.Thread, Version=4.1.1.0, Culture=neutral, PublicKeyToken=b03f5f7f11d50a3a
1>                    ImageRuntime=v4.0.30319
1>                    NuGetPackageId=Microsoft.NETCore.App.Ref
1>                    NuGetPackageVersion=3.0.0
1>                    OriginalItemSpec=C:\Users\hansnguyen\.nuget\packages\microsoft.netcore.app.ref\3.0.0\ref\netcoreapp3.0\System.Threading.Thread.dll
1>                    Private=false
1>                    PublicKeyToken=b03f5f7f11d50a3a
1>                    ReferenceSourceTarget=ResolveAssemblyReference
1>                    ResolvedFrom={RawFileName}
1>                    Version=
1>            C:\Users\hansnguyen\.nuget\packages\microsoft.netcore.app.ref\3.0.0\ref\netcoreapp3.0\System.Threading.ThreadPool.dll
1>                    AssemblyVersion=4.1.1.0
1>                    CopyLocal=false
1>                    ExternallyResolved=true
1>                    FileVersion=4.700.19.46214
1>                    FrameworkReferenceName=Microsoft.NETCore.App
1>                    FrameworkReferenceVersion=3.0.0
1>                    FusionName=System.Threading.ThreadPool, Version=4.1.1.0, Culture=neutral, PublicKeyToken=b03f5f7f11d50a3a
1>                    ImageRuntime=v4.0.30319
1>                    NuGetPackageId=Microsoft.NETCore.App.Ref
1>                    NuGetPackageVersion=3.0.0
1>                    OriginalItemSpec=C:\Users\hansnguyen\.nuget\packages\microsoft.netcore.app.ref\3.0.0\ref\netcoreapp3.0\System.Threading.ThreadPool.dll
1>                    Private=false
1>                    PublicKeyToken=b03f5f7f11d50a3a
1>                    ReferenceSourceTarget=ResolveAssemblyReference
1>                    ResolvedFrom={RawFileName}
1>                    Version=
1>            C:\Users\hansnguyen\.nuget\packages\microsoft.netcore.app.ref\3.0.0\ref\netcoreapp3.0\System.Threading.Timer.dll
1>                    AssemblyVersion=4.1.1.0
1>                    CopyLocal=false
1>                    ExternallyResolved=true
1>                    FileVersion=4.700.19.46214
1>                    FrameworkReferenceName=Microsoft.NETCore.App
1>                    FrameworkReferenceVersion=3.0.0
1>                    FusionName=System.Threading.Timer, Version=4.1.1.0, Culture=neutral, PublicKeyToken=b03f5f7f11d50a3a
1>                    ImageRuntime=v4.0.30319
1>                    NuGetPackageId=Microsoft.NETCore.App.Ref
1>                    NuGetPackageVersion=3.0.0
1>                    OriginalItemSpec=C:\Users\hansnguyen\.nuget\packages\microsoft.netcore.app.ref\3.0.0\ref\netcoreapp3.0\System.Threading.Timer.dll
1>                    Private=false
1>                    PublicKeyToken=b03f5f7f11d50a3a
1>                    ReferenceSourceTarget=ResolveAssemblyReference
1>                    ResolvedFrom={RawFileName}
1>                    Version=
1>            C:\Users\hansnguyen\.nuget\packages\microsoft.netcore.app.ref\3.0.0\ref\netcoreapp3.0\System.Transactions.dll
1>                    AssemblyVersion=4.0.0.0
1>                    CopyLocal=false
1>                    ExternallyResolved=true
1>                    FileVersion=4.700.19.46214
1>                    FrameworkReferenceName=Microsoft.NETCore.App
1>                    FrameworkReferenceVersion=3.0.0
1>                    FusionName=System.Transactions, Version=4.0.0.0, Culture=neutral, PublicKeyToken=b77a5c561934e089
1>                    ImageRuntime=v4.0.30319
1>                    NuGetPackageId=Microsoft.NETCore.App.Ref
1>                    NuGetPackageVersion=3.0.0
1>                    OriginalItemSpec=C:\Users\hansnguyen\.nuget\packages\microsoft.netcore.app.ref\3.0.0\ref\netcoreapp3.0\System.Transactions.dll
1>                    Private=false
1>                    PublicKeyToken=b77a5c561934e089
1>                    ReferenceSourceTarget=ResolveAssemblyReference
1>                    ResolvedFrom={RawFileName}
1>                    Version=
1>            C:\Users\hansnguyen\.nuget\packages\microsoft.netcore.app.ref\3.0.0\ref\netcoreapp3.0\System.Transactions.Local.dll
1>                    AssemblyVersion=4.0.1.0
1>                    CopyLocal=false
1>                    ExternallyResolved=true
1>                    FileVersion=4.700.19.46214
1>                    FrameworkReferenceName=Microsoft.NETCore.App
1>                    FrameworkReferenceVersion=3.0.0
1>                    FusionName=System.Transactions.Local, Version=4.0.1.0, Culture=neutral, PublicKeyToken=cc7b13ffcd2ddd51
1>                    ImageRuntime=v4.0.30319
1>                    NuGetPackageId=Microsoft.NETCore.App.Ref
1>                    NuGetPackageVersion=3.0.0
1>                    OriginalItemSpec=C:\Users\hansnguyen\.nuget\packages\microsoft.netcore.app.ref\3.0.0\ref\netcoreapp3.0\System.Transactions.Local.dll
1>                    Private=false
1>                    PublicKeyToken=cc7b13ffcd2ddd51
1>                    ReferenceSourceTarget=ResolveAssemblyReference
1>                    ResolvedFrom={RawFileName}
1>                    Version=
1>            C:\Users\hansnguyen\.nuget\packages\microsoft.netcore.app.ref\3.0.0\ref\netcoreapp3.0\System.ValueTuple.dll
1>                    AssemblyVersion=4.0.3.0
1>                    CopyLocal=false
1>                    ExternallyResolved=true
1>                    FileVersion=4.700.19.46214
1>                    FrameworkReferenceName=Microsoft.NETCore.App
1>                    FrameworkReferenceVersion=3.0.0
1>                    FusionName=System.ValueTuple, Version=4.0.3.0, Culture=neutral, PublicKeyToken=cc7b13ffcd2ddd51
1>                    ImageRuntime=v4.0.30319
1>                    NuGetPackageId=Microsoft.NETCore.App.Ref
1>                    NuGetPackageVersion=3.0.0
1>                    OriginalItemSpec=C:\Users\hansnguyen\.nuget\packages\microsoft.netcore.app.ref\3.0.0\ref\netcoreapp3.0\System.ValueTuple.dll
1>                    Private=false
1>                    PublicKeyToken=cc7b13ffcd2ddd51
1>                    ReferenceSourceTarget=ResolveAssemblyReference
1>                    ResolvedFrom={RawFileName}
1>                    Version=
1>            C:\Users\hansnguyen\.nuget\packages\microsoft.netcore.app.ref\3.0.0\ref\netcoreapp3.0\System.Web.dll
1>                    AssemblyVersion=4.0.0.0
1>                    CopyLocal=false
1>                    ExternallyResolved=true
1>                    FileVersion=4.700.19.46214
1>                    FrameworkReferenceName=Microsoft.NETCore.App
1>                    FrameworkReferenceVersion=3.0.0
1>                    FusionName=System.Web, Version=4.0.0.0, Culture=neutral, PublicKeyToken=b03f5f7f11d50a3a
1>                    ImageRuntime=v4.0.30319
1>                    NuGetPackageId=Microsoft.NETCore.App.Ref
1>                    NuGetPackageVersion=3.0.0
1>                    OriginalItemSpec=C:\Users\hansnguyen\.nuget\packages\microsoft.netcore.app.ref\3.0.0\ref\netcoreapp3.0\System.Web.dll
1>                    Private=false
1>                    PublicKeyToken=b03f5f7f11d50a3a
1>                    ReferenceSourceTarget=ResolveAssemblyReference
1>                    ResolvedFrom={RawFileName}
1>                    Version=
1>            C:\Users\hansnguyen\.nuget\packages\microsoft.netcore.app.ref\3.0.0\ref\netcoreapp3.0\System.Web.HttpUtility.dll
1>                    AssemblyVersion=4.0.1.0
1>                    CopyLocal=false
1>                    ExternallyResolved=true
1>                    FileVersion=4.700.19.46214
1>                    FrameworkReferenceName=Microsoft.NETCore.App
1>                    FrameworkReferenceVersion=3.0.0
1>                    FusionName=System.Web.HttpUtility, Version=4.0.1.0, Culture=neutral, PublicKeyToken=cc7b13ffcd2ddd51
1>                    ImageRuntime=v4.0.30319
1>                    NuGetPackageId=Microsoft.NETCore.App.Ref
1>                    NuGetPackageVersion=3.0.0
1>                    OriginalItemSpec=C:\Users\hansnguyen\.nuget\packages\microsoft.netcore.app.ref\3.0.0\ref\netcoreapp3.0\System.Web.HttpUtility.dll
1>                    Private=false
1>                    PublicKeyToken=cc7b13ffcd2ddd51
1>                    ReferenceSourceTarget=ResolveAssemblyReference
1>                    ResolvedFrom={RawFileName}
1>                    Version=
1>            C:\Users\hansnguyen\.nuget\packages\microsoft.windowsdesktop.app.ref\3.0.0\ref\netcoreapp3.0\System.Windows.Controls.Ribbon.dll
1>                    AssemblyVersion=4.0.0.0
1>                    CopyLocal=false
1>                    ExternallyResolved=true
1>                    FileVersion=4.800.19.46214
1>                    FrameworkReferenceName=Microsoft.WindowsDesktop.App.WPF
1>                    FrameworkReferenceVersion=3.0.0
1>                    FusionName=System.Windows.Controls.Ribbon, Version=4.0.0.0, Culture=neutral, PublicKeyToken=b77a5c561934e089
1>                    ImageRuntime=v4.0.30319
1>                    NuGetPackageId=Microsoft.WindowsDesktop.App.Ref
1>                    NuGetPackageVersion=3.0.0
1>                    OriginalItemSpec=C:\Users\hansnguyen\.nuget\packages\microsoft.windowsdesktop.app.ref\3.0.0\ref\netcoreapp3.0\System.Windows.Controls.Ribbon.dll
1>                    Private=false
1>                    PublicKeyToken=b77a5c561934e089
1>                    ReferenceSourceTarget=ResolveAssemblyReference
1>                    ResolvedFrom={RawFileName}
1>                    Version=
1>            C:\Users\hansnguyen\.nuget\packages\microsoft.netcore.app.ref\3.0.0\ref\netcoreapp3.0\System.Windows.dll
1>                    AssemblyVersion=4.0.0.0
1>                    CopyLocal=false
1>                    ExternallyResolved=true
1>                    FileVersion=4.700.19.46214
1>                    FrameworkReferenceName=Microsoft.NETCore.App
1>                    FrameworkReferenceVersion=3.0.0
1>                    FusionName=System.Windows, Version=4.0.0.0, Culture=neutral, PublicKeyToken=b03f5f7f11d50a3a
1>                    ImageRuntime=v4.0.30319
1>                    NuGetPackageId=Microsoft.NETCore.App.Ref
1>                    NuGetPackageVersion=3.0.0
1>                    OriginalItemSpec=C:\Users\hansnguyen\.nuget\packages\microsoft.netcore.app.ref\3.0.0\ref\netcoreapp3.0\System.Windows.dll
1>                    Private=false
1>                    PublicKeyToken=b03f5f7f11d50a3a
1>                    ReferenceSourceTarget=ResolveAssemblyReference
1>                    ResolvedFrom={RawFileName}
1>                    Version=
1>            C:\Users\hansnguyen\.nuget\packages\microsoft.windowsdesktop.app.ref\3.0.0\ref\netcoreapp3.0\System.Windows.Extensions.dll
1>                    AssemblyVersion=4.0.0.0
1>                    CopyLocal=false
1>                    ExternallyResolved=true
1>                    FileVersion=4.700.19.46214
1>                    FrameworkReferenceName=Microsoft.WindowsDesktop.App.WPF
1>                    FrameworkReferenceVersion=3.0.0
1>                    FusionName=System.Windows.Extensions, Version=4.0.0.0, Culture=neutral, PublicKeyToken=cc7b13ffcd2ddd51
1>                    ImageRuntime=v4.0.30319
1>                    NuGetPackageId=Microsoft.WindowsDesktop.App.Ref
1>                    NuGetPackageVersion=3.0.0
1>                    OriginalItemSpec=C:\Users\hansnguyen\.nuget\packages\microsoft.windowsdesktop.app.ref\3.0.0\ref\netcoreapp3.0\System.Windows.Extensions.dll
1>                    Private=false
1>                    PublicKeyToken=cc7b13ffcd2ddd51
1>                    ReferenceSourceTarget=ResolveAssemblyReference
1>                    ResolvedFrom={RawFileName}
1>                    Version=
1>            C:\Users\hansnguyen\.nuget\packages\microsoft.windowsdesktop.app.ref\3.0.0\ref\netcoreapp3.0\System.Windows.Input.Manipulations.dll
1>                    AssemblyVersion=4.0.0.0
1>                    CopyLocal=false
1>                    ExternallyResolved=true
1>                    FileVersion=4.800.19.46214
1>                    FrameworkReferenceName=Microsoft.WindowsDesktop.App.WPF
1>                    FrameworkReferenceVersion=3.0.0
1>                    FusionName=System.Windows.Input.Manipulations, Version=4.0.0.0, Culture=neutral, PublicKeyToken=b77a5c561934e089
1>                    ImageRuntime=v4.0.30319
1>                    NuGetPackageId=Microsoft.WindowsDesktop.App.Ref
1>                    NuGetPackageVersion=3.0.0
1>                    OriginalItemSpec=C:\Users\hansnguyen\.nuget\packages\microsoft.windowsdesktop.app.ref\3.0.0\ref\netcoreapp3.0\System.Windows.Input.Manipulations.dll
1>                    Private=false
1>                    PublicKeyToken=b77a5c561934e089
1>                    ReferenceSourceTarget=ResolveAssemblyReference
1>                    ResolvedFrom={RawFileName}
1>                    Version=
1>            C:\Users\hansnguyen\.nuget\packages\microsoft.windowsdesktop.app.ref\3.0.0\ref\netcoreapp3.0\System.Windows.Presentation.dll
1>                    AssemblyVersion=4.0.0.0
1>                    CopyLocal=false
1>                    ExternallyResolved=true
1>                    FileVersion=4.800.19.46214
1>                    FrameworkReferenceName=Microsoft.WindowsDesktop.App.WPF
1>                    FrameworkReferenceVersion=3.0.0
1>                    FusionName=System.Windows.Presentation, Version=4.0.0.0, Culture=neutral, PublicKeyToken=b77a5c561934e089
1>                    ImageRuntime=v4.0.30319
1>                    NuGetPackageId=Microsoft.WindowsDesktop.App.Ref
1>                    NuGetPackageVersion=3.0.0
1>                    OriginalItemSpec=C:\Users\hansnguyen\.nuget\packages\microsoft.windowsdesktop.app.ref\3.0.0\ref\netcoreapp3.0\System.Windows.Presentation.dll
1>                    Private=false
1>                    PublicKeyToken=b77a5c561934e089
1>                    ReferenceSourceTarget=ResolveAssemblyReference
1>                    ResolvedFrom={RawFileName}
1>                    Version=
1>            C:\Users\hansnguyen\.nuget\packages\microsoft.windowsdesktop.app.ref\3.0.0\ref\netcoreapp3.0\System.Xaml.dll
1>                    AssemblyVersion=4.0.0.0
1>                    CopyLocal=false
1>                    ExternallyResolved=true
1>                    FileVersion=4.800.19.46214
1>                    FrameworkReferenceName=Microsoft.WindowsDesktop.App.WPF
1>                    FrameworkReferenceVersion=3.0.0
1>                    FusionName=System.Xaml, Version=4.0.0.0, Culture=neutral, PublicKeyToken=b77a5c561934e089
1>                    ImageRuntime=v4.0.30319
1>                    NuGetPackageId=Microsoft.WindowsDesktop.App.Ref
1>                    NuGetPackageVersion=3.0.0
1>                    OriginalItemSpec=C:\Users\hansnguyen\.nuget\packages\microsoft.windowsdesktop.app.ref\3.0.0\ref\netcoreapp3.0\System.Xaml.dll
1>                    Private=false
1>                    PublicKeyToken=b77a5c561934e089
1>                    ReferenceSourceTarget=ResolveAssemblyReference
1>                    ResolvedFrom={RawFileName}
1>                    Version=
1>            C:\Users\hansnguyen\.nuget\packages\microsoft.netcore.app.ref\3.0.0\ref\netcoreapp3.0\System.Xml.dll
1>                    AssemblyVersion=4.0.0.0
1>                    CopyLocal=false
1>                    ExternallyResolved=true
1>                    FileVersion=4.700.19.46214
1>                    FrameworkReferenceName=Microsoft.NETCore.App
1>                    FrameworkReferenceVersion=3.0.0
1>                    FusionName=System.Xml, Version=4.0.0.0, Culture=neutral, PublicKeyToken=b77a5c561934e089
1>                    ImageRuntime=v4.0.30319
1>                    NuGetPackageId=Microsoft.NETCore.App.Ref
1>                    NuGetPackageVersion=3.0.0
1>                    OriginalItemSpec=C:\Users\hansnguyen\.nuget\packages\microsoft.netcore.app.ref\3.0.0\ref\netcoreapp3.0\System.Xml.dll
1>                    Private=false
1>                    PublicKeyToken=b77a5c561934e089
1>                    ReferenceSourceTarget=ResolveAssemblyReference
1>                    ResolvedFrom={RawFileName}
1>                    Version=
1>            C:\Users\hansnguyen\.nuget\packages\microsoft.netcore.app.ref\3.0.0\ref\netcoreapp3.0\System.Xml.Linq.dll
1>                    AssemblyVersion=4.0.0.0
1>                    CopyLocal=false
1>                    ExternallyResolved=true
1>                    FileVersion=4.700.19.46214
1>                    FrameworkReferenceName=Microsoft.NETCore.App
1>                    FrameworkReferenceVersion=3.0.0
1>                    FusionName=System.Xml.Linq, Version=4.0.0.0, Culture=neutral, PublicKeyToken=b77a5c561934e089
1>                    ImageRuntime=v4.0.30319
1>                    NuGetPackageId=Microsoft.NETCore.App.Ref
1>                    NuGetPackageVersion=3.0.0
1>                    OriginalItemSpec=C:\Users\hansnguyen\.nuget\packages\microsoft.netcore.app.ref\3.0.0\ref\netcoreapp3.0\System.Xml.Linq.dll
1>                    Private=false
1>                    PublicKeyToken=b77a5c561934e089
1>                    ReferenceSourceTarget=ResolveAssemblyReference
1>                    ResolvedFrom={RawFileName}
1>                    Version=
1>            C:\Users\hansnguyen\.nuget\packages\microsoft.netcore.app.ref\3.0.0\ref\netcoreapp3.0\System.Xml.ReaderWriter.dll
1>                    AssemblyVersion=4.2.1.0
1>                    CopyLocal=false
1>                    ExternallyResolved=true
1>                    FileVersion=4.700.19.46214
1>                    FrameworkReferenceName=Microsoft.NETCore.App
1>                    FrameworkReferenceVersion=3.0.0
1>                    FusionName=System.Xml.ReaderWriter, Version=4.2.1.0, Culture=neutral, PublicKeyToken=b03f5f7f11d50a3a
1>                    ImageRuntime=v4.0.30319
1>                    NuGetPackageId=Microsoft.NETCore.App.Ref
1>                    NuGetPackageVersion=3.0.0
1>                    OriginalItemSpec=C:\Users\hansnguyen\.nuget\packages\microsoft.netcore.app.ref\3.0.0\ref\netcoreapp3.0\System.Xml.ReaderWriter.dll
1>                    Private=false
1>                    PublicKeyToken=b03f5f7f11d50a3a
1>                    ReferenceSourceTarget=ResolveAssemblyReference
1>                    ResolvedFrom={RawFileName}
1>                    Version=
1>            C:\Users\hansnguyen\.nuget\packages\microsoft.netcore.app.ref\3.0.0\ref\netcoreapp3.0\System.Xml.Serialization.dll
1>                    AssemblyVersion=4.0.0.0
1>                    CopyLocal=false
1>                    ExternallyResolved=true
1>                    FileVersion=4.700.19.46214
1>                    FrameworkReferenceName=Microsoft.NETCore.App
1>                    FrameworkReferenceVersion=3.0.0
1>                    FusionName=System.Xml.Serialization, Version=4.0.0.0, Culture=neutral, PublicKeyToken=b77a5c561934e089
1>                    ImageRuntime=v4.0.30319
1>                    NuGetPackageId=Microsoft.NETCore.App.Ref
1>                    NuGetPackageVersion=3.0.0
1>                    OriginalItemSpec=C:\Users\hansnguyen\.nuget\packages\microsoft.netcore.app.ref\3.0.0\ref\netcoreapp3.0\System.Xml.Serialization.dll
1>                    Private=false
1>                    PublicKeyToken=b77a5c561934e089
1>                    ReferenceSourceTarget=ResolveAssemblyReference
1>                    ResolvedFrom={RawFileName}
1>                    Version=
1>            C:\Users\hansnguyen\.nuget\packages\microsoft.netcore.app.ref\3.0.0\ref\netcoreapp3.0\System.Xml.XDocument.dll
1>                    AssemblyVersion=4.1.1.0
1>                    CopyLocal=false
1>                    ExternallyResolved=true
1>                    FileVersion=4.700.19.46214
1>                    FrameworkReferenceName=Microsoft.NETCore.App
1>                    FrameworkReferenceVersion=3.0.0
1>                    FusionName=System.Xml.XDocument, Version=4.1.1.0, Culture=neutral, PublicKeyToken=b03f5f7f11d50a3a
1>                    ImageRuntime=v4.0.30319
1>                    NuGetPackageId=Microsoft.NETCore.App.Ref
1>                    NuGetPackageVersion=3.0.0
1>                    OriginalItemSpec=C:\Users\hansnguyen\.nuget\packages\microsoft.netcore.app.ref\3.0.0\ref\netcoreapp3.0\System.Xml.XDocument.dll
1>                    Private=false
1>                    PublicKeyToken=b03f5f7f11d50a3a
1>                    ReferenceSourceTarget=ResolveAssemblyReference
1>                    ResolvedFrom={RawFileName}
1>                    Version=
1>            C:\Users\hansnguyen\.nuget\packages\microsoft.netcore.app.ref\3.0.0\ref\netcoreapp3.0\System.Xml.XmlDocument.dll
1>                    AssemblyVersion=4.1.1.0
1>                    CopyLocal=false
1>                    ExternallyResolved=true
1>                    FileVersion=4.700.19.46214
1>                    FrameworkReferenceName=Microsoft.NETCore.App
1>                    FrameworkReferenceVersion=3.0.0
1>                    FusionName=System.Xml.XmlDocument, Version=4.1.1.0, Culture=neutral, PublicKeyToken=b03f5f7f11d50a3a
1>                    ImageRuntime=v4.0.30319
1>                    NuGetPackageId=Microsoft.NETCore.App.Ref
1>                    NuGetPackageVersion=3.0.0
1>                    OriginalItemSpec=C:\Users\hansnguyen\.nuget\packages\microsoft.netcore.app.ref\3.0.0\ref\netcoreapp3.0\System.Xml.XmlDocument.dll
1>                    Private=false
1>                    PublicKeyToken=b03f5f7f11d50a3a
1>                    ReferenceSourceTarget=ResolveAssemblyReference
1>                    ResolvedFrom={RawFileName}
1>                    Version=
1>            C:\Users\hansnguyen\.nuget\packages\microsoft.netcore.app.ref\3.0.0\ref\netcoreapp3.0\System.Xml.XmlSerializer.dll
1>                    AssemblyVersion=4.1.1.0
1>                    CopyLocal=false
1>                    ExternallyResolved=true
1>                    FileVersion=4.700.19.46214
1>                    FrameworkReferenceName=Microsoft.NETCore.App
1>                    FrameworkReferenceVersion=3.0.0
1>                    FusionName=System.Xml.XmlSerializer, Version=4.1.1.0, Culture=neutral, PublicKeyToken=b03f5f7f11d50a3a
1>                    ImageRuntime=v4.0.30319
1>                    NuGetPackageId=Microsoft.NETCore.App.Ref
1>                    NuGetPackageVersion=3.0.0
1>                    OriginalItemSpec=C:\Users\hansnguyen\.nuget\packages\microsoft.netcore.app.ref\3.0.0\ref\netcoreapp3.0\System.Xml.XmlSerializer.dll
1>                    Private=false
1>                    PublicKeyToken=b03f5f7f11d50a3a
1>                    ReferenceSourceTarget=ResolveAssemblyReference
1>                    ResolvedFrom={RawFileName}
1>                    Version=
1>            C:\Users\hansnguyen\.nuget\packages\microsoft.netcore.app.ref\3.0.0\ref\netcoreapp3.0\System.Xml.XPath.dll
1>                    AssemblyVersion=4.1.1.0
1>                    CopyLocal=false
1>                    ExternallyResolved=true
1>                    FileVersion=4.700.19.46214
1>                    FrameworkReferenceName=Microsoft.NETCore.App
1>                    FrameworkReferenceVersion=3.0.0
1>                    FusionName=System.Xml.XPath, Version=4.1.1.0, Culture=neutral, PublicKeyToken=b03f5f7f11d50a3a
1>                    ImageRuntime=v4.0.30319
1>                    NuGetPackageId=Microsoft.NETCore.App.Ref
1>                    NuGetPackageVersion=3.0.0
1>                    OriginalItemSpec=C:\Users\hansnguyen\.nuget\packages\microsoft.netcore.app.ref\3.0.0\ref\netcoreapp3.0\System.Xml.XPath.dll
1>                    Private=false
1>                    PublicKeyToken=b03f5f7f11d50a3a
1>                    ReferenceSourceTarget=ResolveAssemblyReference
1>                    ResolvedFrom={RawFileName}
1>                    Version=
1>            C:\Users\hansnguyen\.nuget\packages\microsoft.netcore.app.ref\3.0.0\ref\netcoreapp3.0\System.Xml.XPath.XDocument.dll
1>                    AssemblyVersion=4.1.1.0
1>                    CopyLocal=false
1>                    ExternallyResolved=true
1>                    FileVersion=4.700.19.46214
1>                    FrameworkReferenceName=Microsoft.NETCore.App
1>                    FrameworkReferenceVersion=3.0.0
1>                    FusionName=System.Xml.XPath.XDocument, Version=4.1.1.0, Culture=neutral, PublicKeyToken=b03f5f7f11d50a3a
1>                    ImageRuntime=v4.0.30319
1>                    NuGetPackageId=Microsoft.NETCore.App.Ref
1>                    NuGetPackageVersion=3.0.0
1>                    OriginalItemSpec=C:\Users\hansnguyen\.nuget\packages\microsoft.netcore.app.ref\3.0.0\ref\netcoreapp3.0\System.Xml.XPath.XDocument.dll
1>                    Private=false
1>                    PublicKeyToken=b03f5f7f11d50a3a
1>                    ReferenceSourceTarget=ResolveAssemblyReference
1>                    ResolvedFrom={RawFileName}
1>                    Version=
1>            C:\Users\hansnguyen\.nuget\packages\microsoft.windowsdesktop.app.ref\3.0.0\ref\netcoreapp3.0\UIAutomationClient.dll
1>                    AssemblyVersion=4.0.0.0
1>                    CopyLocal=false
1>                    ExternallyResolved=true
1>                    FileVersion=4.800.19.46214
1>                    FrameworkReferenceName=Microsoft.WindowsDesktop.App.WPF
1>                    FrameworkReferenceVersion=3.0.0
1>                    FusionName=UIAutomationClient, Version=4.0.0.0, Culture=neutral, PublicKeyToken=31bf3856ad364e35
1>                    ImageRuntime=v4.0.30319
1>                    NuGetPackageId=Microsoft.WindowsDesktop.App.Ref
1>                    NuGetPackageVersion=3.0.0
1>                    OriginalItemSpec=C:\Users\hansnguyen\.nuget\packages\microsoft.windowsdesktop.app.ref\3.0.0\ref\netcoreapp3.0\UIAutomationClient.dll
1>                    Private=false
1>                    PublicKeyToken=31bf3856ad364e35
1>                    ReferenceSourceTarget=ResolveAssemblyReference
1>                    ResolvedFrom={RawFileName}
1>                    Version=
1>            C:\Users\hansnguyen\.nuget\packages\microsoft.windowsdesktop.app.ref\3.0.0\ref\netcoreapp3.0\UIAutomationClientSideProviders.dll
1>                    AssemblyVersion=4.0.0.0
1>                    CopyLocal=false
1>                    ExternallyResolved=true
1>                    FileVersion=4.800.19.46214
1>                    FrameworkReferenceName=Microsoft.WindowsDesktop.App.WPF
1>                    FrameworkReferenceVersion=3.0.0
1>                    FusionName=UIAutomationClientSideProviders, Version=4.0.0.0, Culture=neutral, PublicKeyToken=b77a5c561934e089
1>                    ImageRuntime=v4.0.30319
1>                    NuGetPackageId=Microsoft.WindowsDesktop.App.Ref
1>                    NuGetPackageVersion=3.0.0
1>                    OriginalItemSpec=C:\Users\hansnguyen\.nuget\packages\microsoft.windowsdesktop.app.ref\3.0.0\ref\netcoreapp3.0\UIAutomationClientSideProviders.dll
1>                    Private=false
1>                    PublicKeyToken=b77a5c561934e089
1>                    ReferenceSourceTarget=ResolveAssemblyReference
1>                    ResolvedFrom={RawFileName}
1>                    Version=
1>            C:\Users\hansnguyen\.nuget\packages\microsoft.windowsdesktop.app.ref\3.0.0\ref\netcoreapp3.0\UIAutomationProvider.dll
1>                    AssemblyVersion=4.0.0.0
1>                    CopyLocal=false
1>                    ExternallyResolved=true
1>                    FileVersion=4.800.19.46214
1>                    FrameworkReferenceName=Microsoft.WindowsDesktop.App.WPF
1>                    FrameworkReferenceVersion=3.0.0
1>                    FusionName=UIAutomationProvider, Version=4.0.0.0, Culture=neutral, PublicKeyToken=31bf3856ad364e35
1>                    ImageRuntime=v4.0.30319
1>                    NuGetPackageId=Microsoft.WindowsDesktop.App.Ref
1>                    NuGetPackageVersion=3.0.0
1>                    OriginalItemSpec=C:\Users\hansnguyen\.nuget\packages\microsoft.windowsdesktop.app.ref\3.0.0\ref\netcoreapp3.0\UIAutomationProvider.dll
1>                    Private=false
1>                    PublicKeyToken=31bf3856ad364e35
1>                    ReferenceSourceTarget=ResolveAssemblyReference
1>                    ResolvedFrom={RawFileName}
1>                    Version=
1>            C:\Users\hansnguyen\.nuget\packages\microsoft.windowsdesktop.app.ref\3.0.0\ref\netcoreapp3.0\UIAutomationTypes.dll
1>                    AssemblyVersion=4.0.0.0
1>                    CopyLocal=false
1>                    ExternallyResolved=true
1>                    FileVersion=4.800.19.46214
1>                    FrameworkReferenceName=Microsoft.WindowsDesktop.App.WPF
1>                    FrameworkReferenceVersion=3.0.0
1>                    FusionName=UIAutomationTypes, Version=4.0.0.0, Culture=neutral, PublicKeyToken=31bf3856ad364e35
1>                    ImageRuntime=v4.0.30319
1>                    NuGetPackageId=Microsoft.WindowsDesktop.App.Ref
1>                    NuGetPackageVersion=3.0.0
1>                    OriginalItemSpec=C:\Users\hansnguyen\.nuget\packages\microsoft.windowsdesktop.app.ref\3.0.0\ref\netcoreapp3.0\UIAutomationTypes.dll
1>                    Private=false
1>                    PublicKeyToken=31bf3856ad364e35
1>                    ReferenceSourceTarget=ResolveAssemblyReference
1>                    ResolvedFrom={RawFileName}
1>                    Version=
1>            C:\Users\hansnguyen\.nuget\packages\microsoft.windowsdesktop.app.ref\3.0.0\ref\netcoreapp3.0\WindowsBase.dll
1>                    AssemblyVersion=4.0.0.0
1>                    CopyLocal=false
1>                    ExternallyResolved=true
1>                    FileVersion=4.800.19.46214
1>                    FrameworkReferenceName=Microsoft.WindowsDesktop.App.WPF
1>                    FrameworkReferenceVersion=3.0.0
1>                    FusionName=WindowsBase, Version=4.0.0.0, Culture=neutral, PublicKeyToken=31bf3856ad364e35
1>                    ImageRuntime=v4.0.30319
1>                    NuGetPackageId=Microsoft.WindowsDesktop.App.Ref
1>                    NuGetPackageVersion=3.0.0
1>                    OriginalItemSpec=C:\Users\hansnguyen\.nuget\packages\microsoft.windowsdesktop.app.ref\3.0.0\ref\netcoreapp3.0\WindowsBase.dll
1>                    Private=false
1>                    PublicKeyToken=31bf3856ad364e35
1>                    ReferenceSourceTarget=ResolveAssemblyReference
1>                    ResolvedFrom={RawFileName}
1>                    Version=
1>    Output Item(s): 
1>        _ResolveAssemblyReferenceResolvedFilesAbsolute=
1>            C:\Users\hansnguyen\.nuget\packages\microsoft.windowsdesktop.app.ref\3.0.0\ref\netcoreapp3.0\Accessibility.dll
1>            C:\Users\hansnguyen\.nuget\packages\c1.xaml.wpf\4.5.20213.749\lib\netcoreapp3.0\C1.WPF.4.5.2.dll
1>            C:\Users\hansnguyen\.nuget\packages\c1.xaml.wpf.datetimeeditors\4.5.20213.749\lib\netcoreapp3.0\C1.WPF.DateTimeEditors.4.5.2.dll
1>            C:\Users\hansnguyen\.nuget\packages\c1.xaml.wpf.flexgrid\4.5.20213.749\lib\netcoreapp3.0\C1.WPF.FlexGrid.4.5.2.dll
1>            C:\Users\hansnguyen\.nuget\packages\c1.xaml.wpf.flexgrid.grouppanel\4.5.20213.749\lib\netcoreapp3.0\C1.WPF.FlexGrid.GroupPanel.4.5.2.dll
1>            C:\Users\hansnguyen\.nuget\packages\c1.xaml.wpf.flexgridfilter\4.5.20213.749\lib\netcoreapp3.0\C1.WPF.FlexGridFilter.4.5.2.dll
1>            C:\Users\hansnguyen\.nuget\packages\c1.xaml.wpf.toolbar\4.5.20213.749\lib\netcoreapp3.0\C1.WPF.Toolbar.4.5.2.dll
1>            C:\Users\hansnguyen\.nuget\packages\microsoft.netcore.app.ref\3.0.0\ref\netcoreapp3.0\Microsoft.CSharp.dll
1>            C:\Users\hansnguyen\.nuget\packages\microsoft.netcore.app.ref\3.0.0\ref\netcoreapp3.0\Microsoft.VisualBasic.Core.dll
1>            C:\Users\hansnguyen\.nuget\packages\microsoft.netcore.app.ref\3.0.0\ref\netcoreapp3.0\Microsoft.VisualBasic.dll
1>            C:\Users\hansnguyen\.nuget\packages\microsoft.netcore.app.ref\3.0.0\ref\netcoreapp3.0\Microsoft.Win32.Primitives.dll
1>            C:\Users\hansnguyen\.nuget\packages\microsoft.windowsdesktop.app.ref\3.0.0\ref\netcoreapp3.0\Microsoft.Win32.Registry.AccessControl.dll
1>            C:\Users\hansnguyen\.nuget\packages\microsoft.windowsdesktop.app.ref\3.0.0\ref\netcoreapp3.0\Microsoft.Win32.Registry.dll
1>            C:\Users\hansnguyen\.nuget\packages\microsoft.windowsdesktop.app.ref\3.0.0\ref\netcoreapp3.0\Microsoft.Win32.SystemEvents.dll
1>            C:\Users\hansnguyen\.nuget\packages\microsoft.netcore.app.ref\3.0.0\ref\netcoreapp3.0\mscorlib.dll
1>            C:\Users\hansnguyen\.nuget\packages\microsoft.netcore.app.ref\3.0.0\ref\netcoreapp3.0\netstandard.dll
1>            C:\Users\hansnguyen\.nuget\packages\microsoft.windowsdesktop.app.ref\3.0.0\ref\netcoreapp3.0\PresentationCore.dll
1>            C:\Users\hansnguyen\.nuget\packages\microsoft.windowsdesktop.app.ref\3.0.0\ref\netcoreapp3.0\PresentationFramework.Aero.dll
1>            C:\Users\hansnguyen\.nuget\packages\microsoft.windowsdesktop.app.ref\3.0.0\ref\netcoreapp3.0\PresentationFramework.Aero2.dll
1>            C:\Users\hansnguyen\.nuget\packages\microsoft.windowsdesktop.app.ref\3.0.0\ref\netcoreapp3.0\PresentationFramework.AeroLite.dll
1>            C:\Users\hansnguyen\.nuget\packages\microsoft.windowsdesktop.app.ref\3.0.0\ref\netcoreapp3.0\PresentationFramework.Classic.dll
1>            C:\Users\hansnguyen\.nuget\packages\microsoft.windowsdesktop.app.ref\3.0.0\ref\netcoreapp3.0\PresentationFramework.dll
1>            C:\Users\hansnguyen\.nuget\packages\microsoft.windowsdesktop.app.ref\3.0.0\ref\netcoreapp3.0\PresentationFramework.Luna.dll
1>            C:\Users\hansnguyen\.nuget\packages\microsoft.windowsdesktop.app.ref\3.0.0\ref\netcoreapp3.0\PresentationFramework.Royale.dll
1>            C:\Users\hansnguyen\.nuget\packages\microsoft.windowsdesktop.app.ref\3.0.0\ref\netcoreapp3.0\PresentationUI.dll
1>            C:\Users\hansnguyen\.nuget\packages\microsoft.windowsdesktop.app.ref\3.0.0\ref\netcoreapp3.0\ReachFramework.dll
1>            C:\Users\hansnguyen\.nuget\packages\microsoft.netcore.app.ref\3.0.0\ref\netcoreapp3.0\System.AppContext.dll
1>            C:\Users\hansnguyen\.nuget\packages\microsoft.netcore.app.ref\3.0.0\ref\netcoreapp3.0\System.Buffers.dll
1>            C:\Users\hansnguyen\.nuget\packages\microsoft.windowsdesktop.app.ref\3.0.0\ref\netcoreapp3.0\System.CodeDom.dll
1>            C:\Users\hansnguyen\.nuget\packages\microsoft.netcore.app.ref\3.0.0\ref\netcoreapp3.0\System.Collections.Concurrent.dll
1>            C:\Users\hansnguyen\.nuget\packages\microsoft.netcore.app.ref\3.0.0\ref\netcoreapp3.0\System.Collections.dll
1>            C:\Users\hansnguyen\.nuget\packages\microsoft.netcore.app.ref\3.0.0\ref\netcoreapp3.0\System.Collections.Immutable.dll
1>            C:\Users\hansnguyen\.nuget\packages\microsoft.netcore.app.ref\3.0.0\ref\netcoreapp3.0\System.Collections.NonGeneric.dll
1>            C:\Users\hansnguyen\.nuget\packages\microsoft.netcore.app.ref\3.0.0\ref\netcoreapp3.0\System.Collections.Specialized.dll
1>            C:\Users\hansnguyen\.nuget\packages\microsoft.netcore.app.ref\3.0.0\ref\netcoreapp3.0\System.ComponentModel.Annotations.dll
1>            C:\Users\hansnguyen\.nuget\packages\microsoft.netcore.app.ref\3.0.0\ref\netcoreapp3.0\System.ComponentModel.DataAnnotations.dll
1>            C:\Users\hansnguyen\.nuget\packages\microsoft.netcore.app.ref\3.0.0\ref\netcoreapp3.0\System.ComponentModel.dll
1>            C:\Users\hansnguyen\.nuget\packages\microsoft.netcore.app.ref\3.0.0\ref\netcoreapp3.0\System.ComponentModel.EventBasedAsync.dll
1>            C:\Users\hansnguyen\.nuget\packages\microsoft.netcore.app.ref\3.0.0\ref\netcoreapp3.0\System.ComponentModel.Primitives.dll
1>            C:\Users\hansnguyen\.nuget\packages\microsoft.netcore.app.ref\3.0.0\ref\netcoreapp3.0\System.ComponentModel.TypeConverter.dll
1>            C:\Users\hansnguyen\.nuget\packages\microsoft.windowsdesktop.app.ref\3.0.0\ref\netcoreapp3.0\System.Configuration.ConfigurationManager.dll
1>            C:\Users\hansnguyen\.nuget\packages\microsoft.netcore.app.ref\3.0.0\ref\netcoreapp3.0\System.Configuration.dll
1>            C:\Users\hansnguyen\.nuget\packages\microsoft.netcore.app.ref\3.0.0\ref\netcoreapp3.0\System.Console.dll
1>            C:\Users\hansnguyen\.nuget\packages\microsoft.netcore.app.ref\3.0.0\ref\netcoreapp3.0\System.Core.dll
1>            C:\Users\hansnguyen\.nuget\packages\microsoft.netcore.app.ref\3.0.0\ref\netcoreapp3.0\System.Data.Common.dll
1>            C:\Users\hansnguyen\.nuget\packages\microsoft.netcore.app.ref\3.0.0\ref\netcoreapp3.0\System.Data.DataSetExtensions.dll
1>            C:\Users\hansnguyen\.nuget\packages\microsoft.netcore.app.ref\3.0.0\ref\netcoreapp3.0\System.Data.dll
1>            C:\Users\hansnguyen\.nuget\packages\microsoft.netcore.app.ref\3.0.0\ref\netcoreapp3.0\System.Diagnostics.Contracts.dll
1>            C:\Users\hansnguyen\.nuget\packages\microsoft.netcore.app.ref\3.0.0\ref\netcoreapp3.0\System.Diagnostics.Debug.dll
1>            C:\Users\hansnguyen\.nuget\packages\microsoft.netcore.app.ref\3.0.0\ref\netcoreapp3.0\System.Diagnostics.DiagnosticSource.dll
1>            C:\Users\hansnguyen\.nuget\packages\microsoft.windowsdesktop.app.ref\3.0.0\ref\netcoreapp3.0\System.Diagnostics.EventLog.dll
1>            C:\Users\hansnguyen\.nuget\packages\microsoft.netcore.app.ref\3.0.0\ref\netcoreapp3.0\System.Diagnostics.FileVersionInfo.dll
1>            C:\Users\hansnguyen\.nuget\packages\microsoft.windowsdesktop.app.ref\3.0.0\ref\netcoreapp3.0\System.Diagnostics.PerformanceCounter.dll
1>            C:\Users\hansnguyen\.nuget\packages\microsoft.netcore.app.ref\3.0.0\ref\netcoreapp3.0\System.Diagnostics.Process.dll
1>            C:\Users\hansnguyen\.nuget\packages\microsoft.netcore.app.ref\3.0.0\ref\netcoreapp3.0\System.Diagnostics.StackTrace.dll
1>            C:\Users\hansnguyen\.nuget\packages\microsoft.netcore.app.ref\3.0.0\ref\netcoreapp3.0\System.Diagnostics.TextWriterTraceListener.dll
1>            C:\Users\hansnguyen\.nuget\packages\microsoft.netcore.app.ref\3.0.0\ref\netcoreapp3.0\System.Diagnostics.Tools.dll
1>            C:\Users\hansnguyen\.nuget\packages\microsoft.netcore.app.ref\3.0.0\ref\netcoreapp3.0\System.Diagnostics.TraceSource.dll
1>            C:\Users\hansnguyen\.nuget\packages\microsoft.netcore.app.ref\3.0.0\ref\netcoreapp3.0\System.Diagnostics.Tracing.dll
1>            C:\Users\hansnguyen\.nuget\packages\microsoft.windowsdesktop.app.ref\3.0.0\ref\netcoreapp3.0\System.DirectoryServices.dll
1>            C:\Users\hansnguyen\.nuget\packages\microsoft.netcore.app.ref\3.0.0\ref\netcoreapp3.0\System.dll
1>            C:\Users\hansnguyen\.nuget\packages\microsoft.netcore.app.ref\3.0.0\ref\netcoreapp3.0\System.Drawing.dll
1>            C:\Users\hansnguyen\.nuget\packages\microsoft.netcore.app.ref\3.0.0\ref\netcoreapp3.0\System.Drawing.Primitives.dll
1>            C:\Users\hansnguyen\.nuget\packages\microsoft.netcore.app.ref\3.0.0\ref\netcoreapp3.0\System.Dynamic.Runtime.dll
1>            C:\Users\hansnguyen\.nuget\packages\microsoft.netcore.app.ref\3.0.0\ref\netcoreapp3.0\System.Globalization.Calendars.dll
1>            C:\Users\hansnguyen\.nuget\packages\microsoft.netcore.app.ref\3.0.0\ref\netcoreapp3.0\System.Globalization.dll
1>            C:\Users\hansnguyen\.nuget\packages\microsoft.netcore.app.ref\3.0.0\ref\netcoreapp3.0\System.Globalization.Extensions.dll
1>            C:\Users\hansnguyen\.nuget\packages\microsoft.netcore.app.ref\3.0.0\ref\netcoreapp3.0\System.IO.Compression.Brotli.dll
1>            C:\Users\hansnguyen\.nuget\packages\microsoft.netcore.app.ref\3.0.0\ref\netcoreapp3.0\System.IO.Compression.dll
1>            C:\Users\hansnguyen\.nuget\packages\microsoft.netcore.app.ref\3.0.0\ref\netcoreapp3.0\System.IO.Compression.FileSystem.dll
1>            C:\Users\hansnguyen\.nuget\packages\microsoft.netcore.app.ref\3.0.0\ref\netcoreapp3.0\System.IO.Compression.ZipFile.dll
1>            C:\Users\hansnguyen\.nuget\packages\microsoft.netcore.app.ref\3.0.0\ref\netcoreapp3.0\System.IO.dll
1>            C:\Users\hansnguyen\.nuget\packages\microsoft.windowsdesktop.app.ref\3.0.0\ref\netcoreapp3.0\System.IO.FileSystem.AccessControl.dll
1>            C:\Users\hansnguyen\.nuget\packages\microsoft.netcore.app.ref\3.0.0\ref\netcoreapp3.0\System.IO.FileSystem.dll
1>            C:\Users\hansnguyen\.nuget\packages\microsoft.netcore.app.ref\3.0.0\ref\netcoreapp3.0\System.IO.FileSystem.DriveInfo.dll
1>            C:\Users\hansnguyen\.nuget\packages\microsoft.netcore.app.ref\3.0.0\ref\netcoreapp3.0\System.IO.FileSystem.Primitives.dll
1>            C:\Users\hansnguyen\.nuget\packages\microsoft.netcore.app.ref\3.0.0\ref\netcoreapp3.0\System.IO.FileSystem.Watcher.dll
1>            C:\Users\hansnguyen\.nuget\packages\microsoft.netcore.app.ref\3.0.0\ref\netcoreapp3.0\System.IO.IsolatedStorage.dll
1>            C:\Users\hansnguyen\.nuget\packages\microsoft.netcore.app.ref\3.0.0\ref\netcoreapp3.0\System.IO.MemoryMappedFiles.dll
1>            C:\Users\hansnguyen\.nuget\packages\microsoft.windowsdesktop.app.ref\3.0.0\ref\netcoreapp3.0\System.IO.Packaging.dll
1>            C:\Users\hansnguyen\.nuget\packages\microsoft.windowsdesktop.app.ref\3.0.0\ref\netcoreapp3.0\System.IO.Pipes.AccessControl.dll
1>            C:\Users\hansnguyen\.nuget\packages\microsoft.netcore.app.ref\3.0.0\ref\netcoreapp3.0\System.IO.Pipes.dll
1>            C:\Users\hansnguyen\.nuget\packages\microsoft.netcore.app.ref\3.0.0\ref\netcoreapp3.0\System.IO.UnmanagedMemoryStream.dll
1>            C:\Users\hansnguyen\.nuget\packages\microsoft.netcore.app.ref\3.0.0\ref\netcoreapp3.0\System.Linq.dll
1>            C:\Users\hansnguyen\.nuget\packages\microsoft.netcore.app.ref\3.0.0\ref\netcoreapp3.0\System.Linq.Expressions.dll
1>            C:\Users\hansnguyen\.nuget\packages\microsoft.netcore.app.ref\3.0.0\ref\netcoreapp3.0\System.Linq.Parallel.dll
1>            C:\Users\hansnguyen\.nuget\packages\microsoft.netcore.app.ref\3.0.0\ref\netcoreapp3.0\System.Linq.Queryable.dll
1>            C:\Users\hansnguyen\.nuget\packages\microsoft.netcore.app.ref\3.0.0\ref\netcoreapp3.0\System.Memory.dll
1>            C:\Users\hansnguyen\.nuget\packages\microsoft.netcore.app.ref\3.0.0\ref\netcoreapp3.0\System.Net.dll
1>            C:\Users\hansnguyen\.nuget\packages\microsoft.netcore.app.ref\3.0.0\ref\netcoreapp3.0\System.Net.Http.dll
1>            C:\Users\hansnguyen\.nuget\packages\microsoft.netcore.app.ref\3.0.0\ref\netcoreapp3.0\System.Net.HttpListener.dll
1>            C:\Users\hansnguyen\.nuget\packages\microsoft.netcore.app.ref\3.0.0\ref\netcoreapp3.0\System.Net.Mail.dll
1>            C:\Users\hansnguyen\.nuget\packages\microsoft.netcore.app.ref\3.0.0\ref\netcoreapp3.0\System.Net.NameResolution.dll
1>            C:\Users\hansnguyen\.nuget\packages\microsoft.netcore.app.ref\3.0.0\ref\netcoreapp3.0\System.Net.NetworkInformation.dll
1>            C:\Users\hansnguyen\.nuget\packages\microsoft.netcore.app.ref\3.0.0\ref\netcoreapp3.0\System.Net.Ping.dll
1>            C:\Users\hansnguyen\.nuget\packages\microsoft.netcore.app.ref\3.0.0\ref\netcoreapp3.0\System.Net.Primitives.dll
1>            C:\Users\hansnguyen\.nuget\packages\microsoft.netcore.app.ref\3.0.0\ref\netcoreapp3.0\System.Net.Requests.dll
1>            C:\Users\hansnguyen\.nuget\packages\microsoft.netcore.app.ref\3.0.0\ref\netcoreapp3.0\System.Net.Security.dll
1>            C:\Users\hansnguyen\.nuget\packages\microsoft.netcore.app.ref\3.0.0\ref\netcoreapp3.0\System.Net.ServicePoint.dll
1>            C:\Users\hansnguyen\.nuget\packages\microsoft.netcore.app.ref\3.0.0\ref\netcoreapp3.0\System.Net.Sockets.dll
1>            C:\Users\hansnguyen\.nuget\packages\microsoft.netcore.app.ref\3.0.0\ref\netcoreapp3.0\System.Net.WebClient.dll
1>            C:\Users\hansnguyen\.nuget\packages\microsoft.netcore.app.ref\3.0.0\ref\netcoreapp3.0\System.Net.WebHeaderCollection.dll
1>            C:\Users\hansnguyen\.nuget\packages\microsoft.netcore.app.ref\3.0.0\ref\netcoreapp3.0\System.Net.WebProxy.dll
1>            C:\Users\hansnguyen\.nuget\packages\microsoft.netcore.app.ref\3.0.0\ref\netcoreapp3.0\System.Net.WebSockets.Client.dll
1>            C:\Users\hansnguyen\.nuget\packages\microsoft.netcore.app.ref\3.0.0\ref\netcoreapp3.0\System.Net.WebSockets.dll
1>            C:\Users\hansnguyen\.nuget\packages\microsoft.netcore.app.ref\3.0.0\ref\netcoreapp3.0\System.Numerics.dll
1>            C:\Users\hansnguyen\.nuget\packages\microsoft.netcore.app.ref\3.0.0\ref\netcoreapp3.0\System.Numerics.Vectors.dll
1>            C:\Users\hansnguyen\.nuget\packages\microsoft.netcore.app.ref\3.0.0\ref\netcoreapp3.0\System.ObjectModel.dll
1>            C:\Users\hansnguyen\.nuget\packages\microsoft.windowsdesktop.app.ref\3.0.0\ref\netcoreapp3.0\System.Printing.dll
1>            C:\Users\hansnguyen\.nuget\packages\microsoft.netcore.app.ref\3.0.0\ref\netcoreapp3.0\System.Reflection.DispatchProxy.dll
1>            C:\Users\hansnguyen\.nuget\packages\microsoft.netcore.app.ref\3.0.0\ref\netcoreapp3.0\System.Reflection.dll
1>            C:\Users\hansnguyen\.nuget\packages\microsoft.netcore.app.ref\3.0.0\ref\netcoreapp3.0\System.Reflection.Emit.dll
1>            C:\Users\hansnguyen\.nuget\packages\microsoft.netcore.app.ref\3.0.0\ref\netcoreapp3.0\System.Reflection.Emit.ILGeneration.dll
1>            C:\Users\hansnguyen\.nuget\packages\microsoft.netcore.app.ref\3.0.0\ref\netcoreapp3.0\System.Reflection.Emit.Lightweight.dll
1>            C:\Users\hansnguyen\.nuget\packages\microsoft.netcore.app.ref\3.0.0\ref\netcoreapp3.0\System.Reflection.Extensions.dll
1>            C:\Users\hansnguyen\.nuget\packages\microsoft.netcore.app.ref\3.0.0\ref\netcoreapp3.0\System.Reflection.Metadata.dll
1>            C:\Users\hansnguyen\.nuget\packages\microsoft.netcore.app.ref\3.0.0\ref\netcoreapp3.0\System.Reflection.Primitives.dll
1>            C:\Users\hansnguyen\.nuget\packages\microsoft.netcore.app.ref\3.0.0\ref\netcoreapp3.0\System.Reflection.TypeExtensions.dll
1>            C:\Users\hansnguyen\.nuget\packages\microsoft.windowsdesktop.app.ref\3.0.0\ref\netcoreapp3.0\System.Resources.Extensions.dll
1>            C:\Users\hansnguyen\.nuget\packages\microsoft.netcore.app.ref\3.0.0\ref\netcoreapp3.0\System.Resources.Reader.dll
1>            C:\Users\hansnguyen\.nuget\packages\microsoft.netcore.app.ref\3.0.0\ref\netcoreapp3.0\System.Resources.ResourceManager.dll
1>            C:\Users\hansnguyen\.nuget\packages\microsoft.netcore.app.ref\3.0.0\ref\netcoreapp3.0\System.Resources.Writer.dll
1>            C:\Users\hansnguyen\.nuget\packages\microsoft.netcore.app.ref\3.0.0\ref\netcoreapp3.0\System.Runtime.CompilerServices.Unsafe.dll
1>            C:\Users\hansnguyen\.nuget\packages\microsoft.netcore.app.ref\3.0.0\ref\netcoreapp3.0\System.Runtime.CompilerServices.VisualC.dll
1>            C:\Users\hansnguyen\.nuget\packages\microsoft.netcore.app.ref\3.0.0\ref\netcoreapp3.0\System.Runtime.dll
1>            C:\Users\hansnguyen\.nuget\packages\microsoft.netcore.app.ref\3.0.0\ref\netcoreapp3.0\System.Runtime.Extensions.dll
1>            C:\Users\hansnguyen\.nuget\packages\microsoft.netcore.app.ref\3.0.0\ref\netcoreapp3.0\System.Runtime.Handles.dll
1>            C:\Users\hansnguyen\.nuget\packages\microsoft.netcore.app.ref\3.0.0\ref\netcoreapp3.0\System.Runtime.InteropServices.dll
1>            C:\Users\hansnguyen\.nuget\packages\microsoft.netcore.app.ref\3.0.0\ref\netcoreapp3.0\System.Runtime.InteropServices.RuntimeInformation.dll
1>            C:\Users\hansnguyen\.nuget\packages\microsoft.netcore.app.ref\3.0.0\ref\netcoreapp3.0\System.Runtime.InteropServices.WindowsRuntime.dll
1>            C:\Users\hansnguyen\.nuget\packages\microsoft.netcore.app.ref\3.0.0\ref\netcoreapp3.0\System.Runtime.Intrinsics.dll
1>            C:\Users\hansnguyen\.nuget\packages\microsoft.netcore.app.ref\3.0.0\ref\netcoreapp3.0\System.Runtime.Loader.dll
1>            C:\Users\hansnguyen\.nuget\packages\microsoft.netcore.app.ref\3.0.0\ref\netcoreapp3.0\System.Runtime.Numerics.dll
1>            C:\Users\hansnguyen\.nuget\packages\microsoft.netcore.app.ref\3.0.0\ref\netcoreapp3.0\System.Runtime.Serialization.dll
1>            C:\Users\hansnguyen\.nuget\packages\microsoft.netcore.app.ref\3.0.0\ref\netcoreapp3.0\System.Runtime.Serialization.Formatters.dll
1>            C:\Users\hansnguyen\.nuget\packages\microsoft.netcore.app.ref\3.0.0\ref\netcoreapp3.0\System.Runtime.Serialization.Json.dll
1>            C:\Users\hansnguyen\.nuget\packages\microsoft.netcore.app.ref\3.0.0\ref\netcoreapp3.0\System.Runtime.Serialization.Primitives.dll
1>            C:\Users\hansnguyen\.nuget\packages\microsoft.netcore.app.ref\3.0.0\ref\netcoreapp3.0\System.Runtime.Serialization.Xml.dll
1>            C:\Users\hansnguyen\.nuget\packages\microsoft.windowsdesktop.app.ref\3.0.0\ref\netcoreapp3.0\System.Security.AccessControl.dll
1>            C:\Users\hansnguyen\.nuget\packages\microsoft.netcore.app.ref\3.0.0\ref\netcoreapp3.0\System.Security.Claims.dll
1>            C:\Users\hansnguyen\.nuget\packages\microsoft.netcore.app.ref\3.0.0\ref\netcoreapp3.0\System.Security.Cryptography.Algorithms.dll
1>            C:\Users\hansnguyen\.nuget\packages\microsoft.windowsdesktop.app.ref\3.0.0\ref\netcoreapp3.0\System.Security.Cryptography.Cng.dll
1>            C:\Users\hansnguyen\.nuget\packages\microsoft.netcore.app.ref\3.0.0\ref\netcoreapp3.0\System.Security.Cryptography.Csp.dll
1>            C:\Users\hansnguyen\.nuget\packages\microsoft.netcore.app.ref\3.0.0\ref\netcoreapp3.0\System.Security.Cryptography.Encoding.dll
1>            C:\Users\hansnguyen\.nuget\packages\microsoft.windowsdesktop.app.ref\3.0.0\ref\netcoreapp3.0\System.Security.Cryptography.Pkcs.dll
1>            C:\Users\hansnguyen\.nuget\packages\microsoft.netcore.app.ref\3.0.0\ref\netcoreapp3.0\System.Security.Cryptography.Primitives.dll
1>            C:\Users\hansnguyen\.nuget\packages\microsoft.windowsdesktop.app.ref\3.0.0\ref\netcoreapp3.0\System.Security.Cryptography.ProtectedData.dll
1>            C:\Users\hansnguyen\.nuget\packages\microsoft.netcore.app.ref\3.0.0\ref\netcoreapp3.0\System.Security.Cryptography.X509Certificates.dll
1>            C:\Users\hansnguyen\.nuget\packages\microsoft.windowsdesktop.app.ref\3.0.0\ref\netcoreapp3.0\System.Security.Cryptography.Xml.dll
1>            C:\Users\hansnguyen\.nuget\packages\microsoft.netcore.app.ref\3.0.0\ref\netcoreapp3.0\System.Security.dll
1>            C:\Users\hansnguyen\.nuget\packages\microsoft.windowsdesktop.app.ref\3.0.0\ref\netcoreapp3.0\System.Security.Permissions.dll
1>            C:\Users\hansnguyen\.nuget\packages\microsoft.netcore.app.ref\3.0.0\ref\netcoreapp3.0\System.Security.Principal.dll
1>            C:\Users\hansnguyen\.nuget\packages\microsoft.windowsdesktop.app.ref\3.0.0\ref\netcoreapp3.0\System.Security.Principal.Windows.dll
1>            C:\Users\hansnguyen\.nuget\packages\microsoft.netcore.app.ref\3.0.0\ref\netcoreapp3.0\System.Security.SecureString.dll
1>            C:\Users\hansnguyen\.nuget\packages\microsoft.netcore.app.ref\3.0.0\ref\netcoreapp3.0\System.ServiceModel.Web.dll
1>            C:\Users\hansnguyen\.nuget\packages\microsoft.netcore.app.ref\3.0.0\ref\netcoreapp3.0\System.ServiceProcess.dll
1>            C:\Users\hansnguyen\.nuget\packages\microsoft.netcore.app.ref\3.0.0\ref\netcoreapp3.0\System.Text.Encoding.CodePages.dll
1>            C:\Users\hansnguyen\.nuget\packages\microsoft.netcore.app.ref\3.0.0\ref\netcoreapp3.0\System.Text.Encoding.dll
1>            C:\Users\hansnguyen\.nuget\packages\microsoft.netcore.app.ref\3.0.0\ref\netcoreapp3.0\System.Text.Encoding.Extensions.dll
1>            C:\Users\hansnguyen\.nuget\packages\microsoft.netcore.app.ref\3.0.0\ref\netcoreapp3.0\System.Text.Encodings.Web.dll
1>            C:\Users\hansnguyen\.nuget\packages\microsoft.netcore.app.ref\3.0.0\ref\netcoreapp3.0\System.Text.Json.dll
1>            C:\Users\hansnguyen\.nuget\packages\microsoft.netcore.app.ref\3.0.0\ref\netcoreapp3.0\System.Text.RegularExpressions.dll
1>            C:\Users\hansnguyen\.nuget\packages\microsoft.windowsdesktop.app.ref\3.0.0\ref\netcoreapp3.0\System.Threading.AccessControl.dll
1>            C:\Users\hansnguyen\.nuget\packages\microsoft.netcore.app.ref\3.0.0\ref\netcoreapp3.0\System.Threading.Channels.dll
1>            C:\Users\hansnguyen\.nuget\packages\microsoft.netcore.app.ref\3.0.0\ref\netcoreapp3.0\System.Threading.dll
1>            C:\Users\hansnguyen\.nuget\packages\microsoft.netcore.app.ref\3.0.0\ref\netcoreapp3.0\System.Threading.Overlapped.dll
1>            C:\Users\hansnguyen\.nuget\packages\microsoft.netcore.app.ref\3.0.0\ref\netcoreapp3.0\System.Threading.Tasks.Dataflow.dll
1>            C:\Users\hansnguyen\.nuget\packages\microsoft.netcore.app.ref\3.0.0\ref\netcoreapp3.0\System.Threading.Tasks.dll
1>            C:\Users\hansnguyen\.nuget\packages\microsoft.netcore.app.ref\3.0.0\ref\netcoreapp3.0\System.Threading.Tasks.Extensions.dll
1>            C:\Users\hansnguyen\.nuget\packages\microsoft.netcore.app.ref\3.0.0\ref\netcoreapp3.0\System.Threading.Tasks.Parallel.dll
1>            C:\Users\hansnguyen\.nuget\packages\microsoft.netcore.app.ref\3.0.0\ref\netcoreapp3.0\System.Threading.Thread.dll
1>            C:\Users\hansnguyen\.nuget\packages\microsoft.netcore.app.ref\3.0.0\ref\netcoreapp3.0\System.Threading.ThreadPool.dll
1>            C:\Users\hansnguyen\.nuget\packages\microsoft.netcore.app.ref\3.0.0\ref\netcoreapp3.0\System.Threading.Timer.dll
1>            C:\Users\hansnguyen\.nuget\packages\microsoft.netcore.app.ref\3.0.0\ref\netcoreapp3.0\System.Transactions.dll
1>            C:\Users\hansnguyen\.nuget\packages\microsoft.netcore.app.ref\3.0.0\ref\netcoreapp3.0\System.Transactions.Local.dll
1>            C:\Users\hansnguyen\.nuget\packages\microsoft.netcore.app.ref\3.0.0\ref\netcoreapp3.0\System.ValueTuple.dll
1>            C:\Users\hansnguyen\.nuget\packages\microsoft.netcore.app.ref\3.0.0\ref\netcoreapp3.0\System.Web.dll
1>            C:\Users\hansnguyen\.nuget\packages\microsoft.netcore.app.ref\3.0.0\ref\netcoreapp3.0\System.Web.HttpUtility.dll
1>            C:\Users\hansnguyen\.nuget\packages\microsoft.windowsdesktop.app.ref\3.0.0\ref\netcoreapp3.0\System.Windows.Controls.Ribbon.dll
1>            C:\Users\hansnguyen\.nuget\packages\microsoft.netcore.app.ref\3.0.0\ref\netcoreapp3.0\System.Windows.dll
1>            C:\Users\hansnguyen\.nuget\packages\microsoft.windowsdesktop.app.ref\3.0.0\ref\netcoreapp3.0\System.Windows.Extensions.dll
1>            C:\Users\hansnguyen\.nuget\packages\microsoft.windowsdesktop.app.ref\3.0.0\ref\netcoreapp3.0\System.Windows.Input.Manipulations.dll
1>            C:\Users\hansnguyen\.nuget\packages\microsoft.windowsdesktop.app.ref\3.0.0\ref\netcoreapp3.0\System.Windows.Presentation.dll
1>            C:\Users\hansnguyen\.nuget\packages\microsoft.windowsdesktop.app.ref\3.0.0\ref\netcoreapp3.0\System.Xaml.dll
1>            C:\Users\hansnguyen\.nuget\packages\microsoft.netcore.app.ref\3.0.0\ref\netcoreapp3.0\System.Xml.dll
1>            C:\Users\hansnguyen\.nuget\packages\microsoft.netcore.app.ref\3.0.0\ref\netcoreapp3.0\System.Xml.Linq.dll
1>            C:\Users\hansnguyen\.nuget\packages\microsoft.netcore.app.ref\3.0.0\ref\netcoreapp3.0\System.Xml.ReaderWriter.dll
1>            C:\Users\hansnguyen\.nuget\packages\microsoft.netcore.app.ref\3.0.0\ref\netcoreapp3.0\System.Xml.Serialization.dll
1>            C:\Users\hansnguyen\.nuget\packages\microsoft.netcore.app.ref\3.0.0\ref\netcoreapp3.0\System.Xml.XDocument.dll
1>            C:\Users\hansnguyen\.nuget\packages\microsoft.netcore.app.ref\3.0.0\ref\netcoreapp3.0\System.Xml.XmlDocument.dll
1>            C:\Users\hansnguyen\.nuget\packages\microsoft.netcore.app.ref\3.0.0\ref\netcoreapp3.0\System.Xml.XmlSerializer.dll
1>            C:\Users\hansnguyen\.nuget\packages\microsoft.netcore.app.ref\3.0.0\ref\netcoreapp3.0\System.Xml.XPath.dll
1>            C:\Users\hansnguyen\.nuget\packages\microsoft.netcore.app.ref\3.0.0\ref\netcoreapp3.0\System.Xml.XPath.XDocument.dll
1>            C:\Users\hansnguyen\.nuget\packages\microsoft.windowsdesktop.app.ref\3.0.0\ref\netcoreapp3.0\UIAutomationClient.dll
1>            C:\Users\hansnguyen\.nuget\packages\microsoft.windowsdesktop.app.ref\3.0.0\ref\netcoreapp3.0\UIAutomationClientSideProviders.dll
1>            C:\Users\hansnguyen\.nuget\packages\microsoft.windowsdesktop.app.ref\3.0.0\ref\netcoreapp3.0\UIAutomationProvider.dll
1>            C:\Users\hansnguyen\.nuget\packages\microsoft.windowsdesktop.app.ref\3.0.0\ref\netcoreapp3.0\UIAutomationTypes.dll
1>            C:\Users\hansnguyen\.nuget\packages\microsoft.windowsdesktop.app.ref\3.0.0\ref\netcoreapp3.0\WindowsBase.dll
1>  Done executing task "ConvertToAbsolutePath".
1>  Task "FindUnderPath"
1>    Task Parameter:UpdateToAbsolutePaths=True
1>    Task Parameter:Path=C:\Users\hansnguyen\source\repos\GridWithMenuApp1_VS2022
1>    Comparison path is "C:\Users\hansnguyen\source\repos\GridWithMenuApp1_VS2022".
1>  Done executing task "FindUnderPath".
1>  Task "FindUnderPath"
1>    Task Parameter:UpdateToAbsolutePaths=True
1>    Task Parameter:
1>        Files=
1>            C:\Users\hansnguyen\source\repos\GridWithMenuApp1_VS2022\obj\Debug\netcoreapp3.0\MainWindow.g.cs
1>            C:\Users\hansnguyen\source\repos\GridWithMenuApp1_VS2022\obj\Debug\netcoreapp3.0\App.g.cs
1>            C:\Users\hansnguyen\source\repos\GridWithMenuApp1_VS2022\obj\Debug\netcoreapp3.0\GeneratedInternalTypeHelper.g.cs
1>            C:\Users\hansnguyen\source\repos\GridWithMenuApp1_VS2022\obj\Debug\netcoreapp3.0\GridWithMenuApp1_VS2022_MarkupCompile.cache
1>            C:\Users\hansnguyen\source\repos\GridWithMenuApp1_VS2022\obj\Debug\netcoreapp3.0\GridWithMenuApp1_VS2022_MarkupCompile.lref
1>    Task Parameter:Path=bin\Debug\netcoreapp3.0\
1>    Comparison path is "bin\Debug\netcoreapp3.0\".
1>  Done executing task "FindUnderPath".
1>  Task "FindUnderPath"
1>    Task Parameter:UpdateToAbsolutePaths=True
1>    Task Parameter:
1>        Files=
1>            C:\Users\hansnguyen\source\repos\GridWithMenuApp1_VS2022\obj\Debug\netcoreapp3.0\MainWindow.g.cs
1>            C:\Users\hansnguyen\source\repos\GridWithMenuApp1_VS2022\obj\Debug\netcoreapp3.0\App.g.cs
1>            C:\Users\hansnguyen\source\repos\GridWithMenuApp1_VS2022\obj\Debug\netcoreapp3.0\GeneratedInternalTypeHelper.g.cs
1>            C:\Users\hansnguyen\source\repos\GridWithMenuApp1_VS2022\obj\Debug\netcoreapp3.0\GridWithMenuApp1_VS2022_MarkupCompile.cache
1>            C:\Users\hansnguyen\source\repos\GridWithMenuApp1_VS2022\obj\Debug\netcoreapp3.0\GridWithMenuApp1_VS2022_MarkupCompile.lref
1>    Task Parameter:Path=obj\Debug\netcoreapp3.0\
1>    Comparison path is "obj\Debug\netcoreapp3.0\".
1>    Output Item(s): 
1>        _CleanCurrentFileWritesInIntermediate=
1>            C:\Users\hansnguyen\source\repos\GridWithMenuApp1_VS2022\obj\Debug\netcoreapp3.0\MainWindow.g.cs
1>            C:\Users\hansnguyen\source\repos\GridWithMenuApp1_VS2022\obj\Debug\netcoreapp3.0\App.g.cs
1>            C:\Users\hansnguyen\source\repos\GridWithMenuApp1_VS2022\obj\Debug\netcoreapp3.0\GeneratedInternalTypeHelper.g.cs
1>            C:\Users\hansnguyen\source\repos\GridWithMenuApp1_VS2022\obj\Debug\netcoreapp3.0\GridWithMenuApp1_VS2022_MarkupCompile.cache
1>            C:\Users\hansnguyen\source\repos\GridWithMenuApp1_VS2022\obj\Debug\netcoreapp3.0\GridWithMenuApp1_VS2022_MarkupCompile.lref
1>  Done executing task "FindUnderPath".
1>  Added Item(s): 
1>      _CleanCurrentFileWritesWithNoReferences=
1>          C:\Users\hansnguyen\source\repos\GridWithMenuApp1_VS2022\obj\Debug\netcoreapp3.0\MainWindow.g.cs
1>          C:\Users\hansnguyen\source\repos\GridWithMenuApp1_VS2022\obj\Debug\netcoreapp3.0\App.g.cs
1>          C:\Users\hansnguyen\source\repos\GridWithMenuApp1_VS2022\obj\Debug\netcoreapp3.0\GeneratedInternalTypeHelper.g.cs
1>          C:\Users\hansnguyen\source\repos\GridWithMenuApp1_VS2022\obj\Debug\netcoreapp3.0\GridWithMenuApp1_VS2022_MarkupCompile.cache
1>          C:\Users\hansnguyen\source\repos\GridWithMenuApp1_VS2022\obj\Debug\netcoreapp3.0\GridWithMenuApp1_VS2022_MarkupCompile.lref
1>  Task "RemoveDuplicates"
1>    Output Item(s): 
1>        _CleanCurrentFileWrites=
1>            C:\Users\hansnguyen\source\repos\GridWithMenuApp1_VS2022\obj\Debug\netcoreapp3.0\MainWindow.g.cs
1>            C:\Users\hansnguyen\source\repos\GridWithMenuApp1_VS2022\obj\Debug\netcoreapp3.0\App.g.cs
1>            C:\Users\hansnguyen\source\repos\GridWithMenuApp1_VS2022\obj\Debug\netcoreapp3.0\GeneratedInternalTypeHelper.g.cs
1>            C:\Users\hansnguyen\source\repos\GridWithMenuApp1_VS2022\obj\Debug\netcoreapp3.0\GridWithMenuApp1_VS2022_MarkupCompile.cache
1>            C:\Users\hansnguyen\source\repos\GridWithMenuApp1_VS2022\obj\Debug\netcoreapp3.0\GridWithMenuApp1_VS2022_MarkupCompile.lref
1>  Done executing task "RemoveDuplicates".
1>Done building target "_CleanGetCurrentAndPriorFileWrites" in project "GridWithMenuApp1_VS2022.csproj".
1>Target "_CleanRecordFileWrites" in file "C:\Program Files\Microsoft Visual Studio\2022\Preview\MSBuild\Current\Bin\amd64\Microsoft.Common.CurrentVersion.targets":
1>  Task "RemoveDuplicates"
1>    Output Item(s): 
1>        _CleanUniqueFileWrites=
1>            C:\Users\hansnguyen\source\repos\GridWithMenuApp1_VS2022\obj\Debug\netcoreapp3.0\GridWithMenuApp1_VS2022.csproj.AssemblyReference.cache
1>            C:\Users\hansnguyen\source\repos\GridWithMenuApp1_VS2022\obj\Debug\netcoreapp3.0\MainWindow.g.cs
1>            C:\Users\hansnguyen\source\repos\GridWithMenuApp1_VS2022\obj\Debug\netcoreapp3.0\App.g.cs
1>            C:\Users\hansnguyen\source\repos\GridWithMenuApp1_VS2022\obj\Debug\netcoreapp3.0\GeneratedInternalTypeHelper.g.cs
1>            C:\Users\hansnguyen\source\repos\GridWithMenuApp1_VS2022\obj\Debug\netcoreapp3.0\GridWithMenuApp1_VS2022_MarkupCompile.cache
1>            C:\Users\hansnguyen\source\repos\GridWithMenuApp1_VS2022\obj\Debug\netcoreapp3.0\GridWithMenuApp1_VS2022_MarkupCompile.lref
1>  Done executing task "RemoveDuplicates".
1>  Task "MakeDir"
1>    Task Parameter:Directories=obj\Debug\netcoreapp3.0\
1>  Done executing task "MakeDir".
1>  Task "WriteLinesToFile"
1>    Task Parameter:
1>        Lines=
1>            C:\Users\hansnguyen\source\repos\GridWithMenuApp1_VS2022\obj\Debug\netcoreapp3.0\GridWithMenuApp1_VS2022.csproj.AssemblyReference.cache
1>            C:\Users\hansnguyen\source\repos\GridWithMenuApp1_VS2022\obj\Debug\netcoreapp3.0\MainWindow.g.cs
1>            C:\Users\hansnguyen\source\repos\GridWithMenuApp1_VS2022\obj\Debug\netcoreapp3.0\App.g.cs
1>            C:\Users\hansnguyen\source\repos\GridWithMenuApp1_VS2022\obj\Debug\netcoreapp3.0\GeneratedInternalTypeHelper.g.cs
1>            C:\Users\hansnguyen\source\repos\GridWithMenuApp1_VS2022\obj\Debug\netcoreapp3.0\GridWithMenuApp1_VS2022_MarkupCompile.cache
1>            C:\Users\hansnguyen\source\repos\GridWithMenuApp1_VS2022\obj\Debug\netcoreapp3.0\GridWithMenuApp1_VS2022_MarkupCompile.lref
1>    Task Parameter:Overwrite=True
1>    Task Parameter:File=obj\Debug\netcoreapp3.0\GridWithMenuApp1_VS2022.csproj.FileListAbsolute.txt
1>  Done executing task "WriteLinesToFile".
1>Done building target "_CleanRecordFileWrites" in project "GridWithMenuApp1_VS2022.csproj".
1>
1>Done building project "GridWithMenuApp1_VS2022.csproj" -- FAILED.
1>
1>Project Performance Summary:
1>     1328 ms  C:\Users\hansnguyen\source\repos\GridWithMenuApp1_VS2022\GridWithMenuApp1_VS2022_nesf0oga_wpftmp.csproj   1 calls
1>     2094 ms  C:\Users\hansnguyen\source\repos\GridWithMenuApp1_VS2022\GridWithMenuApp1_VS2022.csproj   1 calls
1>
1>Target Performance Summary:
1>        0 ms  _CollectTargetFrameworkForTelemetry        2 calls
1>        0 ms  ExpandSDKReferences                        1 calls
1>        0 ms  ResolveSDKReferences                       1 calls
1>        0 ms  RemoveManagedWinRTComponentWinMDReferences   2 calls
1>        0 ms  ResolveProjectReferences                   2 calls
1>        0 ms  BeforeResolveReferences                    1 calls
1>        0 ms  PrepareForBuild                            2 calls
1>        0 ms  GetReferenceAssemblyPaths                  2 calls
1>        0 ms  GetFrameworkPaths                          2 calls
1>        0 ms  BuildOnlySettings                          2 calls
1>        0 ms  BeforeBuild                                1 calls
1>        0 ms  Clean                                      1 calls
1>        0 ms  AfterClean                                 1 calls
1>        0 ms  CleanPublishFolder                         1 calls
1>        0 ms  CleanReferencedProjects                    1 calls
1>        0 ms  ValidateExecutableReferences               2 calls
1>        0 ms  ResolveTargetingPackAssets                 1 calls
1>        0 ms  _AddOutputPathToGlobalPropertiesToRemove   2 calls
1>        0 ms  BeforeGenerateFakesAssemblies              1 calls
1>        0 ms  AfterResolveReferences                     1 calls
1>        0 ms  _CheckForCompileOutputs                    1 calls
1>        0 ms  _CompileTemporaryAssembly                  1 calls
1>        0 ms  GenerateMSBuildEditorConfigFile            1 calls
1>        0 ms  GenerateMSBuildEditorConfigFileCore        1 calls
1>        0 ms  GenerateMSBuildEditorConfigFileShouldRun   1 calls
1>        0 ms  _ComputeSkipAnalyzers                      1 calls
1>        0 ms  AddImplicitDefineConstants                 1 calls
1>        0 ms  GenerateNETCompatibleDefineConstants       1 calls
1>        0 ms  _BeforeVBCSCoreCompile                     1 calls
1>        0 ms  ShimReferencePathsWhenCommonTargetsDoesNotUnderstandReferenceAssemblies   1 calls
1>        0 ms  DesignTimeXamlMarkupCompilation            1 calls
1>        0 ms  GenerateCompiledExpressionsTempFile        1 calls
1>        0 ms  DesignTimeMarkupCompilation                1 calls
1>        0 ms  AfterMarkupCompilePass1                    1 calls
1>        0 ms  ResolveReferences                          1 calls
1>        0 ms  GenerateFakes                              1 calls
1>        0 ms  _SplitProjectReferencesByFileExistence     2 calls
1>        0 ms  PrepareProjectReferences                   2 calls
1>        0 ms  ResolvePackageDependenciesForBuild         2 calls
1>        0 ms  EnableIntermediateOutputPathMismatchWarning   1 calls
1>        0 ms  _GetRestoreProjectStyle                    1 calls
1>        0 ms  CollectPackageReferences                   1 calls
1>        0 ms  _CheckForObsoleteDotNetCliToolReferences   1 calls
1>        0 ms  AddWindowsSdkKnownFrameworkReferences      2 calls
1>        0 ms  ApplyImplicitVersions                      2 calls
1>        0 ms  AssignProjectConfiguration                 2 calls
1>        0 ms  CheckForImplicitPackageReferenceOverrides   2 calls
1>        0 ms  _CheckForNETCoreSdkIsPreview               1 calls
1>        0 ms  _CheckForLanguageAndFeatureCombinationSupport   2 calls
1>        0 ms  _CheckForUnsupportedHostingUsage           1 calls
1>        0 ms  _CheckForUnsupportedAppHostUsage           1 calls
1>        0 ms  _CheckForUnsupportedCppNETCoreVersion      1 calls
1>        0 ms  _CheckForUnsupportedNETCoreVersion         1 calls
1>        0 ms  _GetProjectJsonPath                        1 calls
1>        0 ms  CheckForDuplicatePageItems                 2 calls
1>        0 ms  _CleanRecordFileWrites                     1 calls
1>        0 ms  _DefaultMicrosoftNETPlatformLibrary        2 calls
1>        0 ms  ResolvePackageAssets                       2 calls
1>        0 ms  _ComputePackageReferencePublish            2 calls
1>        0 ms  _WindowsDesktopFrameworkRequiresUseWpfOrUseWindowsForms   1 calls
1>        0 ms  IncludeTransitiveProjectReferences         2 calls
1>        0 ms  ResolveLockFileAnalyzers                   2 calls
1>        0 ms  BeforeClean                                1 calls
1>        0 ms  _SdkBeforeClean                            1 calls
1>        0 ms  _SdkBeforeRebuild                          1 calls
1>        0 ms  ValidateCommandLineProperties              1 calls
1>        0 ms  _CheckForInvalidConfigurationAndPlatform   1 calls
1>        0 ms  BeforeRebuild                              1 calls
1>        0 ms  ResolveLockFileCopyLocalFiles              2 calls
1>        8 ms  _CheckForEolTargetFrameworks               1 calls
1>       16 ms  ProcessFrameworkReferences                 2 calls
1>       16 ms  _CleanGetCurrentAndPriorFileWrites         1 calls
1>       16 ms  _GetProjectReferenceTargetFrameworkProperties   2 calls
1>       16 ms  _HandlePackageFileConflicts                1 calls
1>       16 ms  CoreClean                                  1 calls
1>       16 ms  ResolveLockFileReferences                  2 calls
1>       16 ms  ResolveFrameworkReferences                 1 calls
1>       16 ms  CheckForDuplicateItems                     2 calls
1>       16 ms  UpdateAspNetToFrameworkReference           2 calls
1>      109 ms  ResolveAssemblyReferences                  1 calls
1>      125 ms  MarkupCompilePass2                         1 calls
1>      281 ms  MarkupCompilePass1                         1 calls
1>     1266 ms  CoreCompile                                1 calls
1>     1469 ms  GenerateTemporaryTargetAssembly            1 calls
1>
1>Task Performance Summary:
1>        0 ms  AllowEmptyTelemetry                        2 calls
1>        0 ms  FindAppConfigFile                          2 calls
1>        0 ms  ValidateExecutableReferences               2 calls
1>        0 ms  MSBuild                                    2 calls
1>        0 ms  AssignProjectConfiguration                 2 calls
1>        0 ms  ResolveTargetingPackAssets                 1 calls
1>        0 ms  ResolvePackageAssets                       2 calls
1>        0 ms  ResolvePackageFileConflicts                1 calls
1>        0 ms  MakeDir                                    4 calls
1>        0 ms  RemoveDuplicates                           3 calls
1>        0 ms  FindUnderPath                              5 calls
1>        0 ms  ReadLinesFromFile                          2 calls
1>        0 ms  GetPackageDirectory                        8 calls
1>        0 ms  Delete                                     3 calls
1>        0 ms  GenerateMSBuildEditorConfig                1 calls
1>        0 ms  GetRestoreProjectStyleTask                 1 calls
1>        0 ms  ResolveAppHosts                            2 calls
1>        0 ms  CheckForDuplicateFrameworkReferences       2 calls
1>        0 ms  CreateWindowsSdkKnownFrameworkReferences   2 calls
1>        0 ms  ApplyImplicitVersions                      2 calls
1>        0 ms  CheckForImplicitPackageReferenceOverrides   2 calls
1>        0 ms  CreateItem                                 1 calls
1>        0 ms  ShowPreviewMessage                         1 calls
1>        0 ms  Message                                    2 calls
1>        0 ms  ResolveFrameworkReferences                 1 calls
1>        8 ms  NETSdkWarning                              1 calls
1>       16 ms  ProcessFrameworkReferences                 2 calls
1>       16 ms  ConvertToAbsolutePath                      1 calls
1>       16 ms  Copy                                       1 calls
1>       16 ms  WriteLinesToFile                           2 calls
1>       16 ms  JoinItems                                  2 calls
1>       16 ms  CheckForDuplicateItems                     8 calls
1>       16 ms  CheckIfPackageReferenceShouldBeFrameworkReference   4 calls
1>      109 ms  ResolveAssemblyReference                   1 calls
1>      125 ms  MarkupCompilePass2                         1 calls
1>      281 ms  MarkupCompilePass1                         1 calls
1>     1266 ms  Csc                                        1 calls
1>     1453 ms  GenerateTemporaryTargetAssembly            1 calls
1>
1>Build FAILED.
1>
1>C:\Program Files\dotnet\sdk\6.0.100-preview.7.21379.14\Sdks\Microsoft.NET.Sdk\targets\Microsoft.NET.EolTargetFrameworks.targets(28,5): warning NETSDK1138: The target framework 'netcoreapp3.0' is out of support and will not receive security updates in the future. Please refer to https://aka.ms/dotnet-core-support for more information about the support policy.
1>C:\Users\hansnguyen\source\repos\GridWithMenuApp1_VS2022\MainWindow.xaml(12,14): error MC3074: The tag 'SampleData' does not exist in XML namespace 'clr-namespace:GridWithMenuApp1_VS2022'. Line 12 Position 14.
1>    1 Warning(s)
1>    1 Error(s)
1>
1>Time Elapsed 00:00:02.10
========== Rebuild All: 0 succeeded, 1 failed, 0 skipped ==========
